nohup: ignoring input

╔══════════════════════════════════════════════════════════╗
║  P-EDCA Ratio Sweep (Parallel, Multi-Run Averaging)    ║
║  nSta = [5, 10, 15, 20, 25, 30, 35, 40, 45, 50, 55, 60, 65, 70, 75, 80, 85, 90, 95, 100]
║  ratios = [0.0, 0.2, 0.4, 0.6, 0.8, 1.0]
║  dataRate = 1Mbps    simTime = 10.0s
║  runs = 10    workers = 20
║  binary = scratch/pedca_verification_nsta.cc
╚══════════════════════════════════════════════════════════╝

  Launching 20 nSta × 6 ratios × 10 runs = 1200 simulations
  (20 concurrent simulations)

  [30/1200] ✔ nSta= 5 ratio=40% run=7 8.5s
  [60/1200] ✔ nSta= 5 ratio=100% run=9 15.4s
  [90/1200] ✔ nSta=10 ratio=20% run=4 56.8s
  [120/1200] ✔ nSta=10 ratio=100% run=0 59.1s
  [150/1200] ✔ nSta=15 ratio=60% run=2 52.7s
  [180/1200] ✔ nSta=20 ratio=0% run=6 74.2s
  [210/1200] ✔ nSta=20 ratio=60% run=5 74.0s
  [240/1200] ✔ nSta=25 ratio=20% run=0 96.3s
  [270/1200] ✔ nSta=25 ratio=40% run=3 181.9s
  [300/1200] ✔ nSta=25 ratio=100% run=5 192.8s
  [330/1200] ✔ nSta=30 ratio=60% run=6 139.9s
  [360/1200] ✔ nSta=30 ratio=80% run=1 316.3s
  [390/1200] ✔ nSta=35 ratio=60% run=5 204.1s
  [420/1200] ✔ nSta=40 ratio=0% run=6 174.1s
  [450/1200] ✔ nSta=40 ratio=40% run=8 237.9s
  [480/1200] ✔ nSta=45 ratio=0% run=2 229.0s
  [510/1200] ✔ nSta=45 ratio=60% run=3 242.0s
  [540/1200] ✔ nSta=45 ratio=80% run=9 383.2s
  [570/1200] ✔ nSta=50 ratio=40% run=4 332.6s
  [600/1200] ✔ nSta=55 ratio=0% run=0 241.7s
  [630/1200] ✔ nSta=55 ratio=60% run=0 286.3s
  [660/1200] ✔ nSta=60 ratio=0% run=2 315.0s
  [690/1200] ✔ nSta=60 ratio=60% run=3 278.4s
  [720/1200] ✔ nSta=65 ratio=0% run=2 307.9s
  [750/1200] ✔ nSta=65 ratio=60% run=2 337.3s
  [780/1200] ✔ nSta=65 ratio=80% run=5 681.3s
  [810/1200] ✔ nSta=70 ratio=60% run=0 360.1s
  [840/1200] ✔ nSta=70 ratio=100% run=0 569.5s
  [870/1200] ✔ nSta=75 ratio=20% run=7 649.7s
  [900/1200] ✔ nSta=75 ratio=80% run=3 800.6s
  [930/1200] ✔ nSta=80 ratio=60% run=0 416.4s
  [960/1200] ✔ nSta=85 ratio=0% run=2 396.8s
  [990/1200] ✔ nSta=85 ratio=60% run=3 335.8s
  [1006/1200] ✗ nSta=85 ratio=100% run=0 361.1s
  [1020/1200] ✔ nSta=85 ratio=100% run=7 466.5s
  [1050/1200] ✔ nSta=90 ratio=60% run=7 363.7s
  [1080/1200] ✔ nSta=95 ratio=0% run=6 401.8s
  [1110/1200] ✔ nSta=95 ratio=20% run=5 981.9s
  [1129/1200] ✗ nSta=100 ratio=0% run=1 220.3s
  [1140/1200] ✔ nSta=100 ratio=0% run=0 485.0s
  [1170/1200] ✔ nSta=100 ratio=40% run=9 589.8s
  [1200/1200] ✔ nSta=100 ratio=100% run=3 421.9s

────────────────────────────────────────────────────────────
  Aggregating results...
────────────────────────────────────────────────────────────
  ✔ nSta= 5  ratio=0%  10/10 runs OK  elapsed=90.0s
  ✔ nSta= 5  ratio=20%  10/10 runs OK  elapsed=103.4s
  ✔ nSta= 5  ratio=40%  10/10 runs OK  elapsed=72.4s
  ✔ nSta= 5  ratio=60%  10/10 runs OK  elapsed=95.5s
  ✔ nSta= 5  ratio=80%  10/10 runs OK  elapsed=92.9s
  ✔ nSta= 5  ratio=100%  10/10 runs OK  elapsed=88.9s
  ✔ nSta=10  ratio=0%  10/10 runs OK  elapsed=385.3s
  ✔ nSta=10  ratio=20%  10/10 runs OK  elapsed=315.7s
  ✔ nSta=10  ratio=40%  10/10 runs OK  elapsed=266.7s
  ✔ nSta=10  ratio=60%  10/10 runs OK  elapsed=281.4s
  ✔ nSta=10  ratio=80%  10/10 runs OK  elapsed=425.8s
  ✔ nSta=10  ratio=100%  10/10 runs OK  elapsed=317.3s
  ✔ nSta=15  ratio=0%  10/10 runs OK  elapsed=740.5s
  ✔ nSta=15  ratio=20%  10/10 runs OK  elapsed=861.0s
  ✔ nSta=15  ratio=40%  10/10 runs OK  elapsed=643.1s
  ✔ nSta=15  ratio=60%  10/10 runs OK  elapsed=779.2s
  ✔ nSta=15  ratio=80%  10/10 runs OK  elapsed=680.0s
  ✔ nSta=15  ratio=100%  10/10 runs OK  elapsed=825.5s
  ✔ nSta=20  ratio=0%  10/10 runs OK  elapsed=1314.0s
  ✔ nSta=20  ratio=20%  10/10 runs OK  elapsed=1086.0s
  ✔ nSta=20  ratio=40%  10/10 runs OK  elapsed=1040.0s
  ✔ nSta=20  ratio=60%  10/10 runs OK  elapsed=1225.4s
  ✔ nSta=20  ratio=80%  10/10 runs OK  elapsed=1157.1s
  ✔ nSta=20  ratio=100%  10/10 runs OK  elapsed=1238.7s
  ✔ nSta=25  ratio=0%  10/10 runs OK  elapsed=1556.0s
  ✔ nSta=25  ratio=20%  10/10 runs OK  elapsed=1216.8s
  ✔ nSta=25  ratio=40%  10/10 runs OK  elapsed=1766.0s
  ✔ nSta=25  ratio=60%  10/10 runs OK  elapsed=1196.1s
  ✔ nSta=25  ratio=80%  10/10 runs OK  elapsed=1578.6s
  ✔ nSta=25  ratio=100%  10/10 runs OK  elapsed=1519.5s
  ✔ nSta=30  ratio=0%  10/10 runs OK  elapsed=1722.6s
  ✔ nSta=30  ratio=20%  10/10 runs OK  elapsed=1980.6s
  ✔ nSta=30  ratio=40%  10/10 runs OK  elapsed=1654.7s
  ✔ nSta=30  ratio=60%  10/10 runs OK  elapsed=1509.0s
  ✔ nSta=30  ratio=80%  10/10 runs OK  elapsed=1939.9s
  ✔ nSta=30  ratio=100%  10/10 runs OK  elapsed=1898.0s
  ✔ nSta=35  ratio=0%  10/10 runs OK  elapsed=1759.1s
  ✔ nSta=35  ratio=20%  10/10 runs OK  elapsed=2271.7s
  ✔ nSta=35  ratio=40%  10/10 runs OK  elapsed=2159.7s
  ✔ nSta=35  ratio=60%  10/10 runs OK  elapsed=1787.2s
  ✔ nSta=35  ratio=80%  10/10 runs OK  elapsed=2084.0s
  ✔ nSta=35  ratio=100%  10/10 runs OK  elapsed=2071.0s
  ✔ nSta=40  ratio=0%  10/10 runs OK  elapsed=2418.5s
  ✔ nSta=40  ratio=20%  10/10 runs OK  elapsed=2247.6s
  ✔ nSta=40  ratio=40%  10/10 runs OK  elapsed=2199.4s
  ✔ nSta=40  ratio=60%  10/10 runs OK  elapsed=2619.7s
  ✔ nSta=40  ratio=80%  10/10 runs OK  elapsed=2288.3s
  ✔ nSta=40  ratio=100%  10/10 runs OK  elapsed=2132.8s
  ✔ nSta=45  ratio=0%  10/10 runs OK  elapsed=2784.6s
  ✔ nSta=45  ratio=20%  10/10 runs OK  elapsed=2320.2s
  ✔ nSta=45  ratio=40%  10/10 runs OK  elapsed=2783.3s
  ✔ nSta=45  ratio=60%  10/10 runs OK  elapsed=2600.6s
  ✔ nSta=45  ratio=80%  10/10 runs OK  elapsed=2707.5s
  ✔ nSta=45  ratio=100%  10/10 runs OK  elapsed=2565.2s
  ✔ nSta=50  ratio=0%  10/10 runs OK  elapsed=3011.5s
  ✔ nSta=50  ratio=20%  10/10 runs OK  elapsed=3138.1s
  ✔ nSta=50  ratio=40%  10/10 runs OK  elapsed=2663.0s
  ✔ nSta=50  ratio=60%  10/10 runs OK  elapsed=2833.9s
  ✔ nSta=50  ratio=80%  10/10 runs OK  elapsed=3108.7s
  ✔ nSta=50  ratio=100%  10/10 runs OK  elapsed=2688.8s
  ✔ nSta=55  ratio=0%  10/10 runs OK  elapsed=3375.0s
  ✔ nSta=55  ratio=20%  10/10 runs OK  elapsed=3249.7s
  ✔ nSta=55  ratio=40%  10/10 runs OK  elapsed=2925.7s
  ✔ nSta=55  ratio=60%  10/10 runs OK  elapsed=2935.8s
  ✔ nSta=55  ratio=80%  10/10 runs OK  elapsed=3544.3s
  ✔ nSta=55  ratio=100%  10/10 runs OK  elapsed=2915.2s
  ✔ nSta=60  ratio=0%  10/10 runs OK  elapsed=3576.9s
  ✔ nSta=60  ratio=20%  10/10 runs OK  elapsed=3772.3s
  ✔ nSta=60  ratio=40%  10/10 runs OK  elapsed=3424.7s
  ✔ nSta=60  ratio=60%  10/10 runs OK  elapsed=3313.2s
  ✔ nSta=60  ratio=80%  10/10 runs OK  elapsed=3234.3s
  ✔ nSta=60  ratio=100%  10/10 runs OK  elapsed=3661.3s
  ✔ nSta=65  ratio=0%  10/10 runs OK  elapsed=3557.8s
  ✔ nSta=65  ratio=20%  10/10 runs OK  elapsed=3716.4s
  ✔ nSta=65  ratio=40%  10/10 runs OK  elapsed=3917.2s
  ✔ nSta=65  ratio=60%  10/10 runs OK  elapsed=3547.3s
  ✔ nSta=65  ratio=80%  10/10 runs OK  elapsed=4128.8s
  ✔ nSta=65  ratio=100%  10/10 runs OK  elapsed=3371.3s
  ✔ nSta=70  ratio=0%  10/10 runs OK  elapsed=4465.0s
  ✔ nSta=70  ratio=20%  10/10 runs OK  elapsed=3779.4s
  ✔ nSta=70  ratio=40%  10/10 runs OK  elapsed=3874.7s
  ✔ nSta=70  ratio=60%  10/10 runs OK  elapsed=4467.3s
  ✔ nSta=70  ratio=80%  10/10 runs OK  elapsed=4016.8s
  ✔ nSta=70  ratio=100%  10/10 runs OK  elapsed=3778.7s
  ✔ nSta=75  ratio=0%  10/10 runs OK  elapsed=4542.4s
  ✔ nSta=75  ratio=20%  10/10 runs OK  elapsed=3967.0s
  ✔ nSta=75  ratio=40%  10/10 runs OK  elapsed=4867.0s
  ✔ nSta=75  ratio=60%  10/10 runs OK  elapsed=4203.2s
/home/wmnlab/Desktop/ns-3.45/scratch/delay_pdf/pdf_plot.py:728: UserWarning: Glyph 65534 (\ufffe) missing from current font.
  fig.savefig(str(out_path), dpi=dpi)
  ✔ nSta=75  ratio=80%  10/10 runs OK  elapsed=4241.5s
  ✔ nSta=75  ratio=100%  10/10 runs OK  elapsed=4392.9s
  ✔ nSta=80  ratio=0%  10/10 runs OK  elapsed=4672.2s
  ✔ nSta=80  ratio=20%  10/10 runs OK  elapsed=4337.2s
  ✔ nSta=80  ratio=40%  10/10 runs OK  elapsed=4467.6s
  ✔ nSta=80  ratio=60%  10/10 runs OK  elapsed=5270.2s
  ✔ nSta=80  ratio=80%  10/10 runs OK  elapsed=4411.7s
  ✔ nSta=80  ratio=100%  10/10 runs OK  elapsed=4385.0s
  ✔ nSta=85  ratio=0%  10/10 runs OK  elapsed=5434.5s
  ✔ nSta=85  ratio=20%  10/10 runs OK  elapsed=4589.6s
  ✔ nSta=85  ratio=40%  10/10 runs OK  elapsed=4924.2s
  ✔ nSta=85  ratio=60%  10/10 runs OK  elapsed=4605.1s
  ✔ nSta=85  ratio=80%  10/10 runs OK  elapsed=5082.7s
  ✔ nSta=85  ratio=100%  9/10 runs OK  elapsed=4657.6s
  ✔ nSta=90  ratio=0%  10/10 runs OK  elapsed=5496.0s
  ✔ nSta=90  ratio=20%  10/10 runs OK  elapsed=5081.7s
  ✔ nSta=90  ratio=40%  10/10 runs OK  elapsed=5317.3s
  ✔ nSta=90  ratio=60%  10/10 runs OK  elapsed=5548.0s
  ✔ nSta=90  ratio=80%  10/10 runs OK  elapsed=5353.0s
  ✔ nSta=90  ratio=100%  10/10 runs OK  elapsed=5293.7s
  ✔ nSta=95  ratio=0%  10/10 runs OK  elapsed=5433.7s
  ✔ nSta=95  ratio=20%  10/10 runs OK  elapsed=5819.1s
  ✔ nSta=95  ratio=40%  10/10 runs OK  elapsed=5176.7s
  ✔ nSta=95  ratio=60%  10/10 runs OK  elapsed=6051.1s
  ✔ nSta=95  ratio=80%  10/10 runs OK  elapsed=5465.8s
  ✔ nSta=95  ratio=100%  10/10 runs OK  elapsed=5864.4s
  ✔ nSta=100  ratio=0%  9/10 runs OK  elapsed=5757.7s
  ✔ nSta=100  ratio=20%  10/10 runs OK  elapsed=5431.3s
  ✔ nSta=100  ratio=40%  10/10 runs OK  elapsed=5575.0s
  ✔ nSta=100  ratio=60%  10/10 runs OK  elapsed=6266.0s
  ✔ nSta=100  ratio=80%  10/10 runs OK  elapsed=5351.2s
  ✔ nSta=100  ratio=100%  10/10 runs OK  elapsed=3875.8s

────────────────────────────────────────────────────────────
  Generating statistics comparison...
────────────────────────────────────────────────────────────
    ✔ ratio_sweep_statistics_1Mbps.txt  (126,952 bytes)

────────────────────────────────────────────────────────────
  Generating PDF/CDF/Idle plots (parallel)...
────────────────────────────────────────────────────────────
  Plotting 20 charts in parallel (24 workers)...
    ✔ vo_delay_probability_nSta15_1Mbps.pdf
    ✔ vo_delay_probability_nSta5_1Mbps.pdf
    ✔ vo_delay_probability_nSta10_1Mbps.pdf
    ✔ vo_delay_probability_nSta90_1Mbps.pdf
    ✔ vo_delay_probability_nSta100_1Mbps.pdf
    ✔ vo_delay_probability_nSta20_1Mbps.pdf
    ✔ vo_delay_probability_nSta65_1Mbps.pdf
    ✔ vo_delay_probability_nSta85_1Mbps.pdf
    ✔ vo_delay_probability_nSta75_1Mbps.pdf
    ✔ vo_delay_probability_nSta95_1Mbps.pdf
    ✔ vo_delay_probability_nSta80_1Mbps.pdf
    ✔ vo_delay_probability_nSta25_1Mbps.pdf
    ✔ vo_delay_probability_nSta70_1Mbps.pdf
    ✔ vo_delay_probability_nSta30_1Mbps.pdf
    ✔ vo_delay_probability_nSta60_1Mbps.pdf
    ✔ vo_delay_probability_nSta55_1Mbps.pdf
    ✔ vo_delay_probability_nSta45_1Mbps.pdf
    ✔ vo_delay_probability_nSta40_1Mbps.pdf
    ✔ vo_delay_probability_nSta50_1Mbps.pdf
    ✔ vo_delay_probability_nSta35_1Mbps.pdf

────────────────────────────────────────────────────────────
  Generating Packet Loss vs nSta plot...
────────────────────────────────────────────────────────────
    ✔ vo_packet_loss_vs_nSta_1Mbps.pdf

────────────────────────────────────────────────────────────
  Generating P-EDCA Tx Ratio vs nSta plot...
────────────────────────────────────────────────────────────
    ✔ vo_pedca_tx_ratio_vs_nSta_1Mbps.pdf

════════════════════════════════════════════════════════════
  Sweep complete!  Total time: 18169.8s
  Output directory: /home/wmnlab/Desktop/ns-3.45/scratch/delay_pdf/delay_result_ratio_sweep_1Mbps_rts_on_D13

  Averaged CSV files:
    r000_vo_delay_pdf_nSta100_1Mbps.csv  (841,550 bytes)
    r000_vo_delay_pdf_nSta10_1Mbps.csv  (25,857 bytes)
    r000_vo_delay_pdf_nSta15_1Mbps.csv  (64,609 bytes)
    r000_vo_delay_pdf_nSta20_1Mbps.csv  (304,182 bytes)
    r000_vo_delay_pdf_nSta25_1Mbps.csv  (523,815 bytes)
    r000_vo_delay_pdf_nSta30_1Mbps.csv  (574,333 bytes)
    r000_vo_delay_pdf_nSta35_1Mbps.csv  (706,315 bytes)
    r000_vo_delay_pdf_nSta40_1Mbps.csv  (956,727 bytes)
    r000_vo_delay_pdf_nSta45_1Mbps.csv  (939,421 bytes)
    r000_vo_delay_pdf_nSta50_1Mbps.csv  (784,912 bytes)
    r000_vo_delay_pdf_nSta55_1Mbps.csv  (739,666 bytes)
    r000_vo_delay_pdf_nSta5_1Mbps.csv  (4,488 bytes)
    r000_vo_delay_pdf_nSta60_1Mbps.csv  (661,850 bytes)
    r000_vo_delay_pdf_nSta65_1Mbps.csv  (684,747 bytes)
    r000_vo_delay_pdf_nSta70_1Mbps.csv  (625,632 bytes)
    r000_vo_delay_pdf_nSta75_1Mbps.csv  (649,832 bytes)
    r000_vo_delay_pdf_nSta80_1Mbps.csv  (713,722 bytes)
    r000_vo_delay_pdf_nSta85_1Mbps.csv  (742,814 bytes)
    r000_vo_delay_pdf_nSta90_1Mbps.csv  (596,121 bytes)
    r000_vo_delay_pdf_nSta95_1Mbps.csv  (927,393 bytes)
    r020_vo_delay_pdf_nSta100_1Mbps.csv  (755,065 bytes)
    r020_vo_delay_pdf_nSta10_1Mbps.csv  (25,728 bytes)
    r020_vo_delay_pdf_nSta15_1Mbps.csv  (65,425 bytes)
    r020_vo_delay_pdf_nSta20_1Mbps.csv  (297,829 bytes)
    r020_vo_delay_pdf_nSta25_1Mbps.csv  (523,812 bytes)
    r020_vo_delay_pdf_nSta30_1Mbps.csv  (712,601 bytes)
    r020_vo_delay_pdf_nSta35_1Mbps.csv  (1,158,303 bytes)
    r020_vo_delay_pdf_nSta40_1Mbps.csv  (684,535 bytes)
    r020_vo_delay_pdf_nSta45_1Mbps.csv  (1,116,931 bytes)
    r020_vo_delay_pdf_nSta50_1Mbps.csv  (718,679 bytes)
    r020_vo_delay_pdf_nSta55_1Mbps.csv  (726,361 bytes)
    r020_vo_delay_pdf_nSta5_1Mbps.csv  (4,443 bytes)
    r020_vo_delay_pdf_nSta60_1Mbps.csv  (684,784 bytes)
    r020_vo_delay_pdf_nSta65_1Mbps.csv  (714,351 bytes)
    r020_vo_delay_pdf_nSta70_1Mbps.csv  (727,547 bytes)
    r020_vo_delay_pdf_nSta75_1Mbps.csv  (710,775 bytes)
    r020_vo_delay_pdf_nSta80_1Mbps.csv  (631,572 bytes)
    r020_vo_delay_pdf_nSta85_1Mbps.csv  (738,381 bytes)
    r020_vo_delay_pdf_nSta90_1Mbps.csv  (796,225 bytes)
    r020_vo_delay_pdf_nSta95_1Mbps.csv  (678,318 bytes)
    r040_vo_delay_pdf_nSta100_1Mbps.csv  (754,671 bytes)
    r040_vo_delay_pdf_nSta10_1Mbps.csv  (28,227 bytes)
    r040_vo_delay_pdf_nSta15_1Mbps.csv  (67,712 bytes)
    r040_vo_delay_pdf_nSta20_1Mbps.csv  (326,423 bytes)
    r040_vo_delay_pdf_nSta25_1Mbps.csv  (525,554 bytes)
    r040_vo_delay_pdf_nSta30_1Mbps.csv  (621,874 bytes)
    r040_vo_delay_pdf_nSta35_1Mbps.csv  (969,910 bytes)
    r040_vo_delay_pdf_nSta40_1Mbps.csv  (863,073 bytes)
    r040_vo_delay_pdf_nSta45_1Mbps.csv  (864,503 bytes)
    r040_vo_delay_pdf_nSta50_1Mbps.csv  (713,198 bytes)
    r040_vo_delay_pdf_nSta55_1Mbps.csv  (676,330 bytes)
    r040_vo_delay_pdf_nSta5_1Mbps.csv  (4,460 bytes)
    r040_vo_delay_pdf_nSta60_1Mbps.csv  (823,020 bytes)
    r040_vo_delay_pdf_nSta65_1Mbps.csv  (769,723 bytes)
    r040_vo_delay_pdf_nSta70_1Mbps.csv  (818,793 bytes)
    r040_vo_delay_pdf_nSta75_1Mbps.csv  (720,652 bytes)
    r040_vo_delay_pdf_nSta80_1Mbps.csv  (925,179 bytes)
    r040_vo_delay_pdf_nSta85_1Mbps.csv  (757,331 bytes)
    r040_vo_delay_pdf_nSta90_1Mbps.csv  (806,663 bytes)
    r040_vo_delay_pdf_nSta95_1Mbps.csv  (855,370 bytes)
    r060_vo_delay_pdf_nSta100_1Mbps.csv  (950,103 bytes)
    r060_vo_delay_pdf_nSta10_1Mbps.csv  (30,647 bytes)
    r060_vo_delay_pdf_nSta15_1Mbps.csv  (69,888 bytes)
    r060_vo_delay_pdf_nSta20_1Mbps.csv  (321,099 bytes)
    r060_vo_delay_pdf_nSta25_1Mbps.csv  (510,105 bytes)
    r060_vo_delay_pdf_nSta30_1Mbps.csv  (683,934 bytes)
    r060_vo_delay_pdf_nSta35_1Mbps.csv  (847,292 bytes)
    r060_vo_delay_pdf_nSta40_1Mbps.csv  (912,588 bytes)
    r060_vo_delay_pdf_nSta45_1Mbps.csv  (768,905 bytes)
    r060_vo_delay_pdf_nSta50_1Mbps.csv  (1,033,088 bytes)
    r060_vo_delay_pdf_nSta55_1Mbps.csv  (773,798 bytes)
    r060_vo_delay_pdf_nSta5_1Mbps.csv  (4,460 bytes)
    r060_vo_delay_pdf_nSta60_1Mbps.csv  (834,712 bytes)
    r060_vo_delay_pdf_nSta65_1Mbps.csv  (759,958 bytes)
    r060_vo_delay_pdf_nSta70_1Mbps.csv  (692,551 bytes)
    r060_vo_delay_pdf_nSta75_1Mbps.csv  (709,067 bytes)
    r060_vo_delay_pdf_nSta80_1Mbps.csv  (823,063 bytes)
    r060_vo_delay_pdf_nSta85_1Mbps.csv  (728,753 bytes)
    r060_vo_delay_pdf_nSta90_1Mbps.csv  (976,752 bytes)
    r060_vo_delay_pdf_nSta95_1Mbps.csv  (723,347 bytes)
    r080_vo_delay_pdf_nSta100_1Mbps.csv  (764,816 bytes)
    r080_vo_delay_pdf_nSta10_1Mbps.csv  (31,002 bytes)
    r080_vo_delay_pdf_nSta15_1Mbps.csv  (71,746 bytes)
    r080_vo_delay_pdf_nSta20_1Mbps.csv  (354,749 bytes)
    r080_vo_delay_pdf_nSta25_1Mbps.csv  (569,964 bytes)
    r080_vo_delay_pdf_nSta30_1Mbps.csv  (760,016 bytes)
    r080_vo_delay_pdf_nSta35_1Mbps.csv  (789,710 bytes)
    r080_vo_delay_pdf_nSta40_1Mbps.csv  (1,062,519 bytes)
    r080_vo_delay_pdf_nSta45_1Mbps.csv  (857,876 bytes)
    r080_vo_delay_pdf_nSta50_1Mbps.csv  (850,242 bytes)
    r080_vo_delay_pdf_nSta55_1Mbps.csv  (731,176 bytes)
    r080_vo_delay_pdf_nSta5_1Mbps.csv  (4,504 bytes)
    r080_vo_delay_pdf_nSta60_1Mbps.csv  (913,381 bytes)
    r080_vo_delay_pdf_nSta65_1Mbps.csv  (679,045 bytes)
    r080_vo_delay_pdf_nSta70_1Mbps.csv  (717,930 bytes)
    r080_vo_delay_pdf_nSta75_1Mbps.csv  (853,708 bytes)
    r080_vo_delay_pdf_nSta80_1Mbps.csv  (783,075 bytes)
    r080_vo_delay_pdf_nSta85_1Mbps.csv  (876,610 bytes)
    r080_vo_delay_pdf_nSta90_1Mbps.csv  (868,865 bytes)
    r080_vo_delay_pdf_nSta95_1Mbps.csv  (970,985 bytes)
    r100_vo_delay_pdf_nSta100_1Mbps.csv  (840,729 bytes)
    r100_vo_delay_pdf_nSta10_1Mbps.csv  (31,309 bytes)
    r100_vo_delay_pdf_nSta15_1Mbps.csv  (71,946 bytes)
    r100_vo_delay_pdf_nSta20_1Mbps.csv  (355,336 bytes)
    r100_vo_delay_pdf_nSta25_1Mbps.csv  (564,889 bytes)
    r100_vo_delay_pdf_nSta30_1Mbps.csv  (726,578 bytes)
    r100_vo_delay_pdf_nSta35_1Mbps.csv  (1,226,833 bytes)
    r100_vo_delay_pdf_nSta40_1Mbps.csv  (1,161,190 bytes)
    r100_vo_delay_pdf_nSta45_1Mbps.csv  (874,406 bytes)
    r100_vo_delay_pdf_nSta50_1Mbps.csv  (918,866 bytes)
    r100_vo_delay_pdf_nSta55_1Mbps.csv  (840,941 bytes)
    r100_vo_delay_pdf_nSta5_1Mbps.csv  (4,539 bytes)
    r100_vo_delay_pdf_nSta60_1Mbps.csv  (841,253 bytes)
    r100_vo_delay_pdf_nSta65_1Mbps.csv  (768,512 bytes)
    r100_vo_delay_pdf_nSta70_1Mbps.csv  (707,205 bytes)
    r100_vo_delay_pdf_nSta75_1Mbps.csv  (945,053 bytes)
    r100_vo_delay_pdf_nSta80_1Mbps.csv  (974,175 bytes)
    r100_vo_delay_pdf_nSta85_1Mbps.csv  (683,816 bytes)
    r100_vo_delay_pdf_nSta90_1Mbps.csv  (937,083 bytes)
    r100_vo_delay_pdf_nSta95_1Mbps.csv  (1,063,981 bytes)

  Plot files:
    vo_delay_probability_nSta100_1Mbps.pdf  (1,142,669 bytes)
    vo_delay_probability_nSta10_1Mbps.pdf  (59,686 bytes)
    vo_delay_probability_nSta15_1Mbps.pdf  (93,704 bytes)
    vo_delay_probability_nSta20_1Mbps.pdf  (555,864 bytes)
    vo_delay_probability_nSta25_1Mbps.pdf  (831,296 bytes)
    vo_delay_probability_nSta30_1Mbps.pdf  (1,027,455 bytes)
    vo_delay_probability_nSta35_1Mbps.pdf  (1,389,846 bytes)
    vo_delay_probability_nSta40_1Mbps.pdf  (1,389,521 bytes)
    vo_delay_probability_nSta45_1Mbps.pdf  (1,322,417 bytes)
    vo_delay_probability_nSta50_1Mbps.pdf  (1,214,383 bytes)
    vo_delay_probability_nSta55_1Mbps.pdf  (1,085,882 bytes)
    vo_delay_probability_nSta5_1Mbps.pdf  (42,404 bytes)
    vo_delay_probability_nSta60_1Mbps.pdf  (1,183,530 bytes)
    vo_delay_probability_nSta65_1Mbps.pdf  (1,076,977 bytes)
    vo_delay_probability_nSta70_1Mbps.pdf  (1,024,271 bytes)
    vo_delay_probability_nSta75_1Mbps.pdf  (1,112,070 bytes)
    vo_delay_probability_nSta80_1Mbps.pdf  (1,143,128 bytes)
    vo_delay_probability_nSta85_1Mbps.pdf  (1,057,440 bytes)
    vo_delay_probability_nSta90_1Mbps.pdf  (1,143,617 bytes)
    vo_delay_probability_nSta95_1Mbps.pdf  (1,231,764 bytes)
    vo_packet_loss_vs_nSta_1Mbps.pdf  (30,345 bytes)
    vo_pedca_tx_ratio_vs_nSta_1Mbps.pdf  (31,067 bytes)

  Log files:
    sim_log_nSta100_1Mbps.txt  (10,558 bytes)
    sim_log_nSta10_1Mbps.txt  (9,447 bytes)
    sim_log_nSta15_1Mbps.txt  (9,903 bytes)
    sim_log_nSta20_1Mbps.txt  (10,299 bytes)
    sim_log_nSta25_1Mbps.txt  (10,320 bytes)
    sim_log_nSta30_1Mbps.txt  (10,323 bytes)
    sim_log_nSta35_1Mbps.txt  (10,485 bytes)
    sim_log_nSta40_1Mbps.txt  (10,481 bytes)
    sim_log_nSta45_1Mbps.txt  (10,486 bytes)
    sim_log_nSta50_1Mbps.txt  (10,389 bytes)
    sim_log_nSta55_1Mbps.txt  (10,396 bytes)
    sim_log_nSta5_1Mbps.txt  (7,725 bytes)
    sim_log_nSta60_1Mbps.txt  (10,431 bytes)
    sim_log_nSta65_1Mbps.txt  (10,398 bytes)
    sim_log_nSta70_1Mbps.txt  (10,428 bytes)
    sim_log_nSta75_1Mbps.txt  (10,489 bytes)
    sim_log_nSta80_1Mbps.txt  (10,458 bytes)
    sim_log_nSta85_1Mbps.txt  (10,461 bytes)
    sim_log_nSta90_1Mbps.txt  (10,488 bytes)
    sim_log_nSta95_1Mbps.txt  (10,491 bytes)

  Statistics comparison:
    ratio_sweep_statistics_1Mbps.txt  (126,952 bytes)
════════════════════════════════════════════════════════════

