nohup: ignoring input

╔══════════════════════════════════════════════════════════╗
║  P-EDCA Count Sweep (Fixed nSta=20)                ║
║  P-EDCA counts = [0, 1, 2, 3, 4, 5, 6, 7, 8, 9, 10, 11, 12, 13, 14, 15, 16, 17, 18, 19, 20]
║  dataRate = 1Mbps    simTime = 10.0s
║  runs = 10    workers = 20
║  binary = scratch/pedca_verification_nsta.cc
╚══════════════════════════════════════════════════════════╝

  Launching 21 configs × 10 runs = 210 simulations
  (20 concurrent simulations)

  [5/210] ✔ nPedca= 0 run=1 85.0s
  [10/210] ✔ nPedca= 0 run=9 102.7s
  [15/210] ✔ nPedca= 1 run=6 129.9s
  [20/210] ✔ nPedca= 2 run=8 97.3s
  [25/210] ✔ nPedca= 1 run=1 202.5s
  [30/210] ✔ nPedca= 3 run=1 94.3s
  [35/210] ✔ nPedca= 2 run=0 188.4s
  [40/210] ✔ nPedca= 3 run=6 134.4s
  [45/210] ✔ nPedca= 4 run=8 99.9s
  [50/210] ✔ nPedca= 4 run=1 126.2s
  [55/210] ✔ nPedca= 4 run=6 183.8s
  [60/210] ✔ nPedca= 6 run=1 109.8s
  [65/210] ✔ nPedca= 6 run=6 107.5s
  [70/210] ✔ nPedca= 6 run=0 164.2s
  [75/210] ✔ nPedca= 7 run=8 99.1s
  [80/210] ✔ nPedca= 7 run=5 125.1s
  [85/210] ✔ nPedca= 8 run=8 92.5s
  [90/210] ✔ nPedca= 9 run=5 92.5s
  [95/210] ✔ nPedca= 9 run=7 93.7s
  [100/210] ✔ nPedca= 9 run=8 133.2s
  [105/210] ✔ nPedca=10 run=4 147.4s
  [110/210] ✔ nPedca=10 run=9 108.4s
  [115/210] ✔ nPedca=11 run=8 91.2s
  [120/210] ✔ nPedca=10 run=5 206.4s
  [125/210] ✔ nPedca=13 run=2 93.9s
  [130/210] ✔ nPedca=13 run=4 95.3s
  [135/210] ✔ nPedca=13 run=6 104.6s
  [140/210] ✔ nPedca=14 run=4 98.5s
  [145/210] ✔ nPedca=14 run=6 106.3s
  [150/210] ✔ nPedca=15 run=5 96.7s
  [155/210] ✔ nPedca=14 run=0 184.1s
  [160/210] ✔ nPedca=16 run=0 115.2s
  [165/210] ✔ nPedca=16 run=6 114.7s
  [170/210] ✔ nPedca=17 run=1 109.1s
  [175/210] ✔ nPedca=17 run=0 146.8s
  [180/210] ✔ nPedca=18 run=3 96.8s
  [185/210] ✔ nPedca=18 run=4 117.7s
  [190/210] ✔ nPedca=19 run=3 101.0s
  [195/210] ✔ nPedca=18 run=1 198.0s
  [200/210] ✔ nPedca=19 run=1 146.0s
  [205/210] ✔ nPedca=20 run=5 82.3s
  [210/210] ✔ nPedca=20 run=9 64.3s

────────────────────────────────────────────────────────────
  Aggregating results...
────────────────────────────────────────────────────────────
  ✔ nPedca= 0  10/10 runs OK  elapsed=950.9s
  ✔ nPedca= 1  10/10 runs OK  elapsed=1446.9s
  ✔ nPedca= 2  10/10 runs OK  elapsed=1192.7s
  ✔ nPedca= 3  10/10 runs OK  elapsed=1141.0s
  ✔ nPedca= 4  10/10 runs OK  elapsed=1236.4s
  ✔ nPedca= 5  10/10 runs OK  elapsed=1135.3s
  ✔ nPedca= 6  10/10 runs OK  elapsed=1232.6s
  ✔ nPedca= 7  10/10 runs OK  elapsed=1249.7s
  ✔ nPedca= 8  10/10 runs OK  elapsed=1245.1s
  ✔ nPedca= 9  10/10 runs OK  elapsed=1099.1s
  ✔ nPedca=10  10/10 runs OK  elapsed=1326.9s
  ✔ nPedca=11  10/10 runs OK  elapsed=1211.9s
  ✔ nPedca=12  10/10 runs OK  elapsed=1316.6s
  ✔ nPedca=13  10/10 runs OK  elapsed=1056.3s
  ✔ nPedca=14  10/10 runs OK  elapsed=1190.0s
  ✔ nPedca=15  10/10 runs OK  elapsed=1342.3s
  ✔ nPedca=16  10/10 runs OK  elapsed=1207.6s
  ✔ nPedca=17  10/10 runs OK  elapsed=1208.4s
  ✔ nPedca=18  10/10 runs OK  elapsed=1203.4s
  ✔ nPedca=19  10/10 runs OK  elapsed=1149.9s
  ✔ nPedca=20  10/10 runs OK  elapsed=872.3s

────────────────────────────────────────────────────────────
  Generating statistics comparison...
────────────────────────────────────────────────────────────
    ✔ pedca_count_sweep_statistics_1Mbps.txt  (32,144 bytes)

────────────────────────────────────────────────────────────
  Generating plots...
────────────────────────────────────────────────────────────
    ✔ combined_metrics_vs_pedca_count_1Mbps.pdf
    ✔ vo_packet_loss_vs_pedca_count_1Mbps.pdf
    ✔ channel_idle_vs_pedca_count_1Mbps.pdf
    ✔ pedca_tx_ratio_vs_pedca_count_1Mbps.pdf
    ✔ pedca_success_rate_vs_pedca_count_1Mbps.pdf
    ✔ vo_throughput_vs_pedca_count_1Mbps.pdf
    ✔ vo_mac_delay_vs_pedca_count_1Mbps.pdf
    ✔ pedca_success_share_vs_pedca_count_1Mbps.pdf
    ✔ vo_delay_pdf_cdf_overlay_1Mbps.pdf

════════════════════════════════════════════════════════════
  Sweep complete!  Total time: 1280.5s
  Output directory: /home/wmnlab/Desktop/ns-3.45/scratch/delay_pdf/fix_nsta20

  CSV files:
    p00_vo_delay_pdf_nSta20_1Mbps.csv  (304,182 bytes)
    p01_vo_delay_pdf_nSta20_1Mbps.csv  (327,299 bytes)
    p02_vo_delay_pdf_nSta20_1Mbps.csv  (327,240 bytes)
    p03_vo_delay_pdf_nSta20_1Mbps.csv  (350,066 bytes)
    p04_vo_delay_pdf_nSta20_1Mbps.csv  (366,212 bytes)
    p05_vo_delay_pdf_nSta20_1Mbps.csv  (378,280 bytes)
    p06_vo_delay_pdf_nSta20_1Mbps.csv  (385,031 bytes)
    p07_vo_delay_pdf_nSta20_1Mbps.csv  (379,892 bytes)
    p08_vo_delay_pdf_nSta20_1Mbps.csv  (393,856 bytes)
    p09_vo_delay_pdf_nSta20_1Mbps.csv  (423,262 bytes)
    p10_vo_delay_pdf_nSta20_1Mbps.csv  (414,450 bytes)
    p11_vo_delay_pdf_nSta20_1Mbps.csv  (457,272 bytes)
    p12_vo_delay_pdf_nSta20_1Mbps.csv  (439,535 bytes)
    p13_vo_delay_pdf_nSta20_1Mbps.csv  (482,693 bytes)
    p14_vo_delay_pdf_nSta20_1Mbps.csv  (491,926 bytes)
    p15_vo_delay_pdf_nSta20_1Mbps.csv  (508,364 bytes)
    p16_vo_delay_pdf_nSta20_1Mbps.csv  (501,162 bytes)
    p17_vo_delay_pdf_nSta20_1Mbps.csv  (523,027 bytes)
    p18_vo_delay_pdf_nSta20_1Mbps.csv  (564,947 bytes)
    p19_vo_delay_pdf_nSta20_1Mbps.csv  (550,559 bytes)
    p20_vo_delay_pdf_nSta20_1Mbps.csv  (576,001 bytes)

  Plot files:
    channel_idle_vs_pedca_count_1Mbps.pdf  (28,458 bytes)
    combined_metrics_vs_pedca_count_1Mbps.pdf  (45,418 bytes)
    pedca_success_rate_vs_pedca_count_1Mbps.pdf  (29,254 bytes)
    pedca_success_share_vs_pedca_count_1Mbps.pdf  (26,796 bytes)
    pedca_tx_ratio_vs_pedca_count_1Mbps.pdf  (28,727 bytes)
    vo_delay_pdf_cdf_overlay_1Mbps.pdf  (614,673 bytes)
    vo_mac_delay_vs_pedca_count_1Mbps.pdf  (28,162 bytes)
    vo_packet_loss_vs_pedca_count_1Mbps.pdf  (28,420 bytes)
    vo_throughput_vs_pedca_count_1Mbps.pdf  (27,397 bytes)

  Statistics:
    pedca_count_sweep_statistics_1Mbps.txt  (32,144 bytes)
════════════════════════════════════════════════════════════

