nohup: ignoring input

╔══════════════════════════════════════════════════════════╗
║  P-EDCA Count Sweep (Fixed nSta=20)                ║
║  P-EDCA counts = [0, 1, 2, 3, 4, 5, 6, 7, 8, 9, 10, 11, 12, 13, 14, 15, 16, 17, 18, 19, 20]
║  dataRate = 1Mbps    simTime = 10.0s
║  runs = 10    workers = 20
║  binary = scratch/pedca_verification_nsta.cc
╚══════════════════════════════════════════════════════════╝

  Launching 21 configs × 10 runs = 210 simulations
  (20 concurrent simulations)

  [5/210] ✔ nPedca= 1 run=8 88.5s
  [10/210] ✔ nPedca= 0 run=3 109.9s
  [15/210] ✔ nPedca= 1 run=7 127.2s
  [20/210] ✔ nPedca= 2 run=8 90.9s
  [25/210] ✔ nPedca= 2 run=7 106.4s
  [30/210] ✔ nPedca= 3 run=1 105.8s
  [35/210] ✔ nPedca= 3 run=7 92.7s
  [40/210] ✔ nPedca= 4 run=4 92.2s
  [45/210] ✔ nPedca= 3 run=5 188.1s
  [50/210] ✔ nPedca= 5 run=3 95.5s
  [55/210] ✔ nPedca= 5 run=9 101.2s
  [60/210] ✔ nPedca= 5 run=1 178.6s
  [65/210] ✔ nPedca= 5 run=6 162.7s
  [70/210] ✔ nPedca= 5 run=5 194.6s
  [75/210] ✔ nPedca= 7 run=8 99.9s
  [80/210] ✔ nPedca= 8 run=6 105.9s
  [85/210] ✔ nPedca= 7 run=2 188.8s
  [90/210] ✔ nPedca= 7 run=7 175.1s
  [95/210] ✔ nPedca= 9 run=6 110.9s
  [100/210] ✔ nPedca= 9 run=9 123.2s
  [105/210] ✔ nPedca=10 run=9 97.6s
  [110/210] ✔ nPedca= 9 run=7 173.7s
  [115/210] ✔ nPedca=11 run=6 114.0s
  [120/210] ✔ nPedca=12 run=7 96.2s
  [125/210] ✔ nPedca=11 run=4 174.6s
  [130/210] ✔ nPedca=13 run=2 96.9s
  [135/210] ✔ nPedca=12 run=2 184.7s
  [140/210] ✔ nPedca=14 run=4 105.7s
  [145/210] ✔ nPedca=14 run=9 101.8s
  [150/210] ✔ nPedca=15 run=1 118.9s
  [155/210] ✔ nPedca=15 run=6 103.1s
  [160/210] ✔ nPedca=16 run=4 90.2s
  [165/210] ✔ nPedca=16 run=7 101.7s
  [170/210] ✔ nPedca=17 run=2 111.9s
  [175/210] ✔ nPedca=17 run=9 94.9s
  [180/210] ✔ nPedca=17 run=8 125.1s
  [185/210] ✔ nPedca=18 run=8 102.1s
  [190/210] ✔ nPedca=18 run=9 116.0s
  [195/210] ✔ nPedca=20 run=1 94.2s
  [200/210] ✔ nPedca=19 run=9 109.1s
  [205/210] ✔ nPedca=20 run=5 78.2s
  [210/210] ✔ nPedca=20 run=9 72.8s

────────────────────────────────────────────────────────────
  Aggregating results...
────────────────────────────────────────────────────────────
  ✔ nPedca= 0  10/10 runs OK  elapsed=1165.2s
  ✔ nPedca= 1  10/10 runs OK  elapsed=1211.1s
  ✔ nPedca= 2  10/10 runs OK  elapsed=1229.7s
  ✔ nPedca= 3  10/10 runs OK  elapsed=1240.9s
  ✔ nPedca= 4  10/10 runs OK  elapsed=1165.1s
  ✔ nPedca= 5  10/10 runs OK  elapsed=1322.0s
  ✔ nPedca= 6  10/10 runs OK  elapsed=1169.6s
  ✔ nPedca= 7  10/10 runs OK  elapsed=1213.5s
  ✔ nPedca= 8  10/10 runs OK  elapsed=1304.5s
  ✔ nPedca= 9  10/10 runs OK  elapsed=1154.5s
  ✔ nPedca=10  10/10 runs OK  elapsed=1171.6s
  ✔ nPedca=11  10/10 runs OK  elapsed=1357.1s
  ✔ nPedca=12  10/10 runs OK  elapsed=1198.0s
  ✔ nPedca=13  10/10 runs OK  elapsed=1219.2s
  ✔ nPedca=14  10/10 runs OK  elapsed=1278.8s
  ✔ nPedca=15  10/10 runs OK  elapsed=1217.1s
  ✔ nPedca=16  10/10 runs OK  elapsed=1192.4s
  ✔ nPedca=17  10/10 runs OK  elapsed=1192.6s
  ✔ nPedca=18  10/10 runs OK  elapsed=1291.6s
  ✔ nPedca=19  10/10 runs OK  elapsed=1184.0s
  ✔ nPedca=20  10/10 runs OK  elapsed=838.0s

────────────────────────────────────────────────────────────
  Generating statistics comparison...
────────────────────────────────────────────────────────────
    ✔ pedca_count_sweep_statistics_1Mbps.txt  (33,097 bytes)

────────────────────────────────────────────────────────────
  Generating plots...
────────────────────────────────────────────────────────────
    ✔ combined_metrics_vs_pedca_count_1Mbps.pdf
    ✔ vo_packet_loss_vs_pedca_count_1Mbps.pdf
    ✔ channel_idle_vs_pedca_count_1Mbps.pdf
    ✔ pedca_tx_ratio_vs_pedca_count_1Mbps.pdf
    ✔ pedca_success_rate_vs_pedca_count_1Mbps.pdf
    ✔ vo_throughput_vs_pedca_count_1Mbps.pdf
    ✔ vo_mac_delay_vs_pedca_count_1Mbps.pdf
    ✔ pedca_success_share_vs_pedca_count_1Mbps.pdf
    ✔ vo_delay_pdf_cdf_overlay_1Mbps.pdf

════════════════════════════════════════════════════════════
  Sweep complete!  Total time: 1301.3s
  Output directory: /home/wmnlab/Desktop/ns-3.45/scratch/delay_pdf/fix_nsta20_mod

  CSV files:
    p00_vo_delay_pdf_nSta20_1Mbps.csv  (304,182 bytes)
    p01_vo_delay_pdf_nSta20_1Mbps.csv  (300,767 bytes)
    p02_vo_delay_pdf_nSta20_1Mbps.csv  (313,576 bytes)
    p03_vo_delay_pdf_nSta20_1Mbps.csv  (301,121 bytes)
    p04_vo_delay_pdf_nSta20_1Mbps.csv  (315,427 bytes)
    p05_vo_delay_pdf_nSta20_1Mbps.csv  (316,775 bytes)
    p06_vo_delay_pdf_nSta20_1Mbps.csv  (321,040 bytes)
    p07_vo_delay_pdf_nSta20_1Mbps.csv  (315,866 bytes)
    p08_vo_delay_pdf_nSta20_1Mbps.csv  (310,265 bytes)
    p09_vo_delay_pdf_nSta20_1Mbps.csv  (315,083 bytes)
    p10_vo_delay_pdf_nSta20_1Mbps.csv  (319,187 bytes)
    p11_vo_delay_pdf_nSta20_1Mbps.csv  (329,283 bytes)
    p12_vo_delay_pdf_nSta20_1Mbps.csv  (328,097 bytes)
    p13_vo_delay_pdf_nSta20_1Mbps.csv  (336,427 bytes)
    p14_vo_delay_pdf_nSta20_1Mbps.csv  (325,732 bytes)
    p15_vo_delay_pdf_nSta20_1Mbps.csv  (337,299 bytes)
    p16_vo_delay_pdf_nSta20_1Mbps.csv  (334,847 bytes)
    p17_vo_delay_pdf_nSta20_1Mbps.csv  (352,837 bytes)
    p18_vo_delay_pdf_nSta20_1Mbps.csv  (348,035 bytes)
    p19_vo_delay_pdf_nSta20_1Mbps.csv  (346,535 bytes)
    p20_vo_delay_pdf_nSta20_1Mbps.csv  (355,610 bytes)

  Plot files:
    channel_idle_vs_pedca_count_1Mbps.pdf  (28,447 bytes)
    combined_metrics_vs_pedca_count_1Mbps.pdf  (45,473 bytes)
    pedca_success_rate_vs_pedca_count_1Mbps.pdf  (29,264 bytes)
    pedca_success_share_vs_pedca_count_1Mbps.pdf  (26,738 bytes)
    pedca_tx_ratio_vs_pedca_count_1Mbps.pdf  (28,843 bytes)
    vo_delay_pdf_cdf_overlay_1Mbps.pdf  (470,856 bytes)
    vo_mac_delay_vs_pedca_count_1Mbps.pdf  (28,210 bytes)
    vo_packet_loss_vs_pedca_count_1Mbps.pdf  (28,403 bytes)
    vo_throughput_vs_pedca_count_1Mbps.pdf  (27,395 bytes)

  Statistics:
    pedca_count_sweep_statistics_1Mbps.txt  (33,097 bytes)
════════════════════════════════════════════════════════════

