[INFO] std::clog redirected to: scratch/delay_pdf/11be/adaptive_compare/adaptive_k5_s3.log

--- Per-STA P-EDCA Detail ---
  STA0: DS-CTS=411 S2Entry=411 S2Tx=249 PedcaOK=249 EdcaOK=255 FailCTS=0 FailColl=0 FailExp=0 Defer=0
  STA1: DS-CTS=73 S2Entry=73 S2Tx=55 PedcaOK=55 EdcaOK=567 FailCTS=0 FailColl=0 FailExp=0 Defer=0
  STA2: DS-CTS=380 S2Entry=380 S2Tx=220 PedcaOK=220 EdcaOK=191 FailCTS=0 FailColl=0 FailExp=0 Defer=5
  STA3: DS-CTS=33 S2Entry=33 S2Tx=28 PedcaOK=28 EdcaOK=845 FailCTS=0 FailColl=0 FailExp=0 Defer=0
  STA4: DS-CTS=401 S2Entry=401 S2Tx=242 PedcaOK=242 EdcaOK=262 FailCTS=0 FailColl=0 FailExp=0 Defer=0

=== General Statistics ===
P-EDCA Ratio: 0.1667
P-EDCA STAs: 5/30
P-EDCA Share (Avg Per-STA P-EDCA Tx/Total Tx): 32.5997 %
Avg P-EDCA Attempt Success Rate: 67.8038 %
Global P-EDCA Tx Success: 794
Global EDCA Tx Success: 2120
Global P-EDCA Attempt (DS-CTS Sent): 1298

--- P-EDCA Detailed Trace ---
Stage 2 Entered: 1298
Stage 2 TX Started: 794
P-EDCA Fail RTS No CTS: 0
P-EDCA Fail RTS Collision: 0
P-EDCA Fail Timing Expired: 0
P-EDCA Fail Deferral: 5
Total VO TX (P-EDCA+EDCA): 2914
Global P-EDCA Share: 27.2478 %
Global EDCA Share: 72.7522 %
Channel Idle Time (AP): 24.0101 % (1.68071e+06 us / 7e+06 us)
Total Successes:       14651
Total Failures:        1867
Total Retransmissions: 1

--- Per-AC Success Statistics ---
AC_BE:
  Successes:         29
  Throughput:        0.0331429 Mbps
  Packet Loss:       12.1212 %
  Avg Retx/MPDU:     0
  Avg Queue Delay:   -902981 us (Enqueue->TxStart)
  Avg Access Delay:  978482 us (TxStart->Ack)
  Avg MAC Delay:     75501.6 us (Total: Enqueue->Ack)

AC_VO:
  Successes:         14622
  Throughput:        16.7109 Mbps
  Packet Loss:       11.3012 %
  Avg Retx/MPDU:     6.83901e-05
  Avg Queue Delay:   2364.38 us (Enqueue->TxStart)
  Avg Access Delay:  327.702 us (TxStart->Ack)
  Avg MAC Delay:     2692.08 us (Total: Enqueue->Ack)

--- Per-AC Failure Statistics ---
AC_BE Failures: 4
AC_VO Failures: 1863

--- Failure Reasons by AC ---
  AC_BE EXPIRED_LIFETIME: 4
  AC_VO RETRY_LIMIT: 1863


=== Extended P-EDCA vs Legacy Statistics ===

--- [Stat 1] Delay by STA Type ---
P-EDCA STAs (5 STAs):
  Successes:         3016
  Failures:          91
  Throughput:        3.44686 Mbps
  Packet Loss:       2.92887 %
  Avg Queue Delay:   1590.61 us
  Avg Access Delay:  278.911 us
  Avg MAC Delay:     1869.52 us
  Median MAC Delay:  1333 us
  P95 MAC Delay:     4817 us
  P99 MAC Delay:     7767 us
Legacy EDCA STAs (25 STAs):
  Successes:         11606
  Failures:          1775
  Throughput:        13.264 Mbps
  Packet Loss:       13.2651 %
  Avg Queue Delay:   2565.45 us
  Avg Access Delay:  340.382 us
  Avg MAC Delay:     2905.84 us
  Median MAC Delay:  1806 us
  P95 MAC Delay:     10165 us
  P99 MAC Delay:     13956 us

--- [Stat 2] Per-STA P-EDCA Attempt Count (DS-CTS Sent) ---
  STA0: 411 P-EDCA attempts
  STA1: 73 P-EDCA attempts
  STA2: 380 P-EDCA attempts
  STA3: 33 P-EDCA attempts
  STA4: 401 P-EDCA attempts
  Total: 1298 P-EDCA attempts across 5 P-EDCA STAs
  Avg per P-EDCA STA: 259.6

--- [Stat 3] P-EDCA One-Shot Success Probability ---
  P-EDCA Success / DS-CTS Sent:      794 / 1298 = 61.171 %
  P-EDCA Success / Stage2 TX Started: 794 / 794 = 100 %  (given RTS was actually sent)

--- [Stat 4] EDCA One-Shot Success Ratio (0 retransmissions) ---
  Legacy STAs: 11605 / 11606 = 99.9914 %
  P-EDCA STAs: 3016 / 3016 = 100 %  (MAC-level, includes both P-EDCA and EDCA paths)

--- [Stat 5] P-EDCA Kickback-to-EDCA Probability ---
  Total P-EDCA Failures: 5 / 1298 DS-CTS = 0.385208 %
    RTS No CTS:       0 (0 %)
    RTS Collision:    0 (0 %)
    Timing Expired:   0 (0 %)
    Deferral:         5 (0.385208 %)

--- [Stat 6] P-EDCA RTS Collision Probability ---
  RTS Collision / Stage2 TX Started: 0 / 794 = 0 %
  RTS Collision / DS-CTS Sent:       0 / 1298 = 0 %

--- [Stat 7] P-EDCA Attempts per Successful P-EDCA TX ---
  DS-CTS Sent / P-EDCA Success: 1298 / 794 = 1.63476 attempts/success
  Stage2 TX / P-EDCA Success:   794 / 794 = 1 RTS/success

--- VO Delay PDF (MAC Delay) ---
bin_start_us,bin_end_us,bin_mid_us,pdf_per_us,probability,count
215,220,217.5,0.000123102,0.000615511,9
220,225,222.5,6.83901e-05,0.00034195,5
225,230,227.5,0.000109424,0.000547121,8
230,235,232.5,1.3678e-05,6.83901e-05,1
235,240,237.5,0.000109424,0.000547121,8
240,245,242.5,0.000123102,0.000615511,9
245,250,247.5,0.00013678,0.000683901,10
250,255,252.5,6.83901e-05,0.00034195,5
255,260,257.5,0.000123102,0.000615511,9
260,265,262.5,9.57461e-05,0.000478731,7
265,270,267.5,9.57461e-05,0.000478731,7
270,275,272.5,0.000109424,0.000547121,8
275,280,277.5,0.000150458,0.000752291,11
280,285,282.5,0.000123102,0.000615511,9
285,290,287.5,0.00013678,0.000683901,10
290,295,292.5,0.000109424,0.000547121,8
295,300,297.5,0.000218848,0.00109424,16
300,305,302.5,9.57461e-05,0.000478731,7
305,310,307.5,9.57461e-05,0.000478731,7
310,315,312.5,9.57461e-05,0.000478731,7
315,320,317.5,0.000191492,0.000957461,14
320,325,322.5,0.000177814,0.000889071,13
325,330,327.5,0.000123102,0.000615511,9
330,335,332.5,0.000109424,0.000547121,8
335,340,337.5,9.57461e-05,0.000478731,7
340,345,342.5,0.000711257,0.00355629,52
345,350,347.5,0.00172343,0.00861715,126
350,355,352.5,0.000848037,0.00424019,62
355,360,357.5,0.000724935,0.00362468,53
360,365,362.5,0.000560799,0.00280399,41
365,370,367.5,0.000656545,0.00328272,48
370,375,372.5,0.000670223,0.00335111,49
375,380,377.5,0.000410341,0.0020517,30
380,385,382.5,0.000232526,0.00116263,17
385,390,387.5,0.000287238,0.00143619,21
390,395,392.5,0.000314594,0.00157297,23
395,400,397.5,0.000328272,0.00164136,24
400,405,402.5,0.000451375,0.00225687,33
405,410,407.5,0.000259882,0.00129941,19
410,415,412.5,0.000328272,0.00164136,24
415,420,417.5,0.000300916,0.00150458,22
420,425,422.5,0.000382985,0.00191492,28
425,430,427.5,0.000355629,0.00177814,26
430,435,432.5,0.000355629,0.00177814,26
435,440,437.5,0.000300916,0.00150458,22
440,445,442.5,0.000259882,0.00129941,19
445,450,447.5,0.00020517,0.00102585,15
450,455,452.5,0.0160717,0.0803584,1175
455,460,457.5,0.000218848,0.00109424,16
460,465,462.5,0.00020517,0.00102585,15
465,470,467.5,0.000177814,0.000889071,13
470,475,472.5,0.000191492,0.000957461,14
475,480,477.5,0.000382985,0.00191492,28
480,485,482.5,0.000465053,0.00232526,34
485,490,487.5,0.000300916,0.00150458,22
490,495,492.5,0.000328272,0.00164136,24
495,500,497.5,0.00034195,0.00170975,25
500,505,502.5,0.000259882,0.00129941,19
505,510,507.5,0.000396663,0.00198331,29
510,515,512.5,0.00034195,0.00170975,25
515,520,517.5,0.000300916,0.00150458,22
520,525,522.5,0.000424019,0.00212009,31
525,530,527.5,0.000246204,0.00123102,18
530,535,532.5,0.00027356,0.0013678,20
535,540,537.5,0.000232526,0.00116263,17
540,545,542.5,0.00027356,0.0013678,20
545,550,547.5,0.000232526,0.00116263,17
550,555,552.5,0.000506087,0.00253043,37
555,560,557.5,0.000314594,0.00157297,23
560,565,562.5,0.000492409,0.00246204,36
565,570,567.5,0.000369307,0.00184653,27
570,575,572.5,0.000246204,0.00123102,18
575,580,577.5,0.000259882,0.00129941,19
580,585,582.5,0.000369307,0.00184653,27
585,590,587.5,0.000218848,0.00109424,16
590,595,592.5,0.000369307,0.00184653,27
595,600,597.5,0.000300916,0.00150458,22
600,605,602.5,0.000328272,0.00164136,24
605,610,607.5,0.000355629,0.00177814,26
610,615,612.5,0.00020517,0.00102585,15
615,620,617.5,0.00034195,0.00170975,25
620,625,622.5,0.000506087,0.00253043,37
625,630,627.5,0.00034195,0.00170975,25
630,635,632.5,0.000382985,0.00191492,28
635,640,637.5,0.000314594,0.00157297,23
640,645,642.5,0.00034195,0.00170975,25
645,650,647.5,0.000410341,0.0020517,30
650,655,652.5,0.000314594,0.00157297,23
655,660,657.5,0.000177814,0.000889071,13
660,665,662.5,0.000314594,0.00157297,23
665,670,667.5,0.000287238,0.00143619,21
670,675,672.5,0.00471892,0.0235946,345
675,680,677.5,0.000218848,0.00109424,16
680,685,682.5,0.00034195,0.00170975,25
685,690,687.5,0.00020517,0.00102585,15
690,695,692.5,0.000314594,0.00157297,23
695,700,697.5,0.000246204,0.00123102,18
700,705,702.5,0.00034195,0.00170975,25
705,710,707.5,0.00027356,0.0013678,20
710,715,712.5,0.000355629,0.00177814,26
715,720,717.5,0.000259882,0.00129941,19
720,725,722.5,0.000300916,0.00150458,22
725,730,727.5,0.00034195,0.00170975,25
730,735,732.5,0.00027356,0.0013678,20
735,740,737.5,0.000259882,0.00129941,19
740,745,742.5,0.00034195,0.00170975,25
745,750,747.5,0.000246204,0.00123102,18
750,755,752.5,0.000328272,0.00164136,24
755,760,757.5,0.000369307,0.00184653,27
760,765,762.5,0.000259882,0.00129941,19
765,770,767.5,0.00034195,0.00170975,25
770,775,772.5,0.000232526,0.00116263,17
775,780,777.5,0.000328272,0.00164136,24
780,785,782.5,0.000506087,0.00253043,37
785,790,787.5,0.000287238,0.00143619,21
790,795,792.5,0.000259882,0.00129941,19
795,800,797.5,0.000232526,0.00116263,17
800,805,802.5,0.000218848,0.00109424,16
805,810,807.5,0.000232526,0.00116263,17
810,815,812.5,0.000123102,0.000615511,9
815,820,817.5,0.00027356,0.0013678,20
820,825,822.5,0.000246204,0.00123102,18
825,830,827.5,0.000150458,0.000752291,11
830,835,832.5,0.000246204,0.00123102,18
835,840,837.5,0.000287238,0.00143619,21
840,845,842.5,0.000355629,0.00177814,26
845,850,847.5,0.000246204,0.00123102,18
850,855,852.5,0.000465053,0.00232526,34
855,860,857.5,0.000287238,0.00143619,21
860,865,862.5,0.00027356,0.0013678,20
865,870,867.5,0.000369307,0.00184653,27
870,875,872.5,0.000314594,0.00157297,23
875,880,877.5,0.000328272,0.00164136,24
880,885,882.5,0.000218848,0.00109424,16
885,890,887.5,0.000232526,0.00116263,17
890,895,892.5,0.000560799,0.00280399,41
895,900,897.5,0.000300916,0.00150458,22
900,905,902.5,0.000164136,0.000820681,12
905,910,907.5,0.00020517,0.00102585,15
910,915,912.5,0.000246204,0.00123102,18
915,920,917.5,0.000232526,0.00116263,17
920,925,922.5,0.000123102,0.000615511,9
925,930,927.5,0.00020517,0.00102585,15
930,935,932.5,0.000246204,0.00123102,18
935,940,937.5,0.000287238,0.00143619,21
940,945,942.5,0.000123102,0.000615511,9
945,950,947.5,0.000232526,0.00116263,17
950,955,952.5,0.000191492,0.000957461,14
955,960,957.5,0.000410341,0.0020517,30
960,965,962.5,0.000164136,0.000820681,12
965,970,967.5,0.000232526,0.00116263,17
970,975,972.5,0.000314594,0.00157297,23
975,980,977.5,0.000246204,0.00123102,18
980,985,982.5,0.000465053,0.00232526,34
985,990,987.5,0.00020517,0.00102585,15
990,995,992.5,0.000300916,0.00150458,22
995,1000,997.5,0.000164136,0.000820681,12
1000,1005,1002.5,0.000218848,0.00109424,16
1005,1010,1007.5,0.000232526,0.00116263,17
1010,1015,1012.5,0.000164136,0.000820681,12
1015,1020,1017.5,0.000177814,0.000889071,13
1020,1025,1022.5,0.000328272,0.00164136,24
1025,1030,1027.5,0.00034195,0.00170975,25
1030,1035,1032.5,0.000164136,0.000820681,12
1035,1040,1037.5,0.00027356,0.0013678,20
1040,1045,1042.5,0.000369307,0.00184653,27
1045,1050,1047.5,0.000259882,0.00129941,19
1050,1055,1052.5,0.000287238,0.00143619,21
1055,1060,1057.5,0.000300916,0.00150458,22
1060,1065,1062.5,0.000314594,0.00157297,23
1065,1070,1067.5,0.000328272,0.00164136,24
1070,1075,1072.5,0.000246204,0.00123102,18
1075,1080,1077.5,0.000328272,0.00164136,24
1080,1085,1082.5,0.000246204,0.00123102,18
1085,1090,1087.5,0.000164136,0.000820681,12
1090,1095,1092.5,0.000287238,0.00143619,21
1095,1100,1097.5,0.000287238,0.00143619,21
1100,1105,1102.5,0.000314594,0.00157297,23
1105,1110,1107.5,0.000218848,0.00109424,16
1110,1115,1112.5,0.000300916,0.00150458,22
1115,1120,1117.5,0.000328272,0.00164136,24
1120,1125,1122.5,0.000164136,0.000820681,12
1125,1130,1127.5,0.000369307,0.00184653,27
1130,1135,1132.5,0.000232526,0.00116263,17
1135,1140,1137.5,0.000437697,0.00218848,32
1140,1145,1142.5,0.000218848,0.00109424,16
1145,1150,1147.5,0.000259882,0.00129941,19
1150,1155,1152.5,0.000259882,0.00129941,19
1155,1160,1157.5,0.00020517,0.00102585,15
1160,1165,1162.5,0.000396663,0.00198331,29
1165,1170,1167.5,0.000300916,0.00150458,22
1170,1175,1172.5,0.000300916,0.00150458,22
1175,1180,1177.5,0.000314594,0.00157297,23
1180,1185,1182.5,0.000369307,0.00184653,27
1185,1190,1187.5,0.000300916,0.00150458,22
1190,1195,1192.5,0.00027356,0.0013678,20
1195,1200,1197.5,0.000177814,0.000889071,13
1200,1205,1202.5,0.00027356,0.0013678,20
1205,1210,1207.5,0.00020517,0.00102585,15
1210,1215,1212.5,0.000355629,0.00177814,26
1215,1220,1217.5,0.000177814,0.000889071,13
1220,1225,1222.5,0.000355629,0.00177814,26
1225,1230,1227.5,0.000314594,0.00157297,23
1230,1235,1232.5,0.000287238,0.00143619,21
1235,1240,1237.5,0.000150458,0.000752291,11
1240,1245,1242.5,0.000246204,0.00123102,18
1245,1250,1247.5,0.000259882,0.00129941,19
1250,1255,1252.5,0.000164136,0.000820681,12
1255,1260,1257.5,0.000218848,0.00109424,16
1260,1265,1262.5,0.000191492,0.000957461,14
1265,1270,1267.5,0.000191492,0.000957461,14
1270,1275,1272.5,0.00020517,0.00102585,15
1275,1280,1277.5,0.00034195,0.00170975,25
1280,1285,1282.5,0.00027356,0.0013678,20
1285,1290,1287.5,0.000287238,0.00143619,21
1290,1295,1292.5,0.000218848,0.00109424,16
1295,1300,1297.5,0.000259882,0.00129941,19
1300,1305,1302.5,0.000164136,0.000820681,12
1305,1310,1307.5,0.000246204,0.00123102,18
1310,1315,1312.5,0.000287238,0.00143619,21
1315,1320,1317.5,0.000287238,0.00143619,21
1320,1325,1322.5,0.000246204,0.00123102,18
1325,1330,1327.5,0.000232526,0.00116263,17
1330,1335,1332.5,0.000218848,0.00109424,16
1335,1340,1337.5,0.000150458,0.000752291,11
1340,1345,1342.5,0.000355629,0.00177814,26
1345,1350,1347.5,0.000232526,0.00116263,17
1350,1355,1352.5,0.000191492,0.000957461,14
1355,1360,1357.5,0.000191492,0.000957461,14
1360,1365,1362.5,0.000382985,0.00191492,28
1365,1370,1367.5,0.000150458,0.000752291,11
1370,1375,1372.5,0.000232526,0.00116263,17
1375,1380,1377.5,0.000300916,0.00150458,22
1380,1385,1382.5,0.000191492,0.000957461,14
1385,1390,1387.5,0.000177814,0.000889071,13
1390,1395,1392.5,0.00020517,0.00102585,15
1395,1400,1397.5,0.000259882,0.00129941,19
1400,1405,1402.5,0.000218848,0.00109424,16
1405,1410,1407.5,0.000177814,0.000889071,13
1410,1415,1412.5,0.000259882,0.00129941,19
1415,1420,1417.5,0.000287238,0.00143619,21
1420,1425,1422.5,0.000287238,0.00143619,21
1425,1430,1427.5,0.000465053,0.00232526,34
1430,1435,1432.5,0.000328272,0.00164136,24
1435,1440,1437.5,0.000191492,0.000957461,14
1440,1445,1442.5,0.00027356,0.0013678,20
1445,1450,1447.5,0.000232526,0.00116263,17
1450,1455,1452.5,0.00027356,0.0013678,20
1455,1460,1457.5,0.00020517,0.00102585,15
1460,1465,1462.5,0.00020517,0.00102585,15
1465,1470,1467.5,0.00027356,0.0013678,20
1470,1475,1472.5,0.00013678,0.000683901,10
1475,1480,1477.5,0.000259882,0.00129941,19
1480,1485,1482.5,0.000164136,0.000820681,12
1485,1490,1487.5,0.000232526,0.00116263,17
1490,1495,1492.5,0.000164136,0.000820681,12
1495,1500,1497.5,0.000328272,0.00164136,24
1500,1505,1502.5,0.000232526,0.00116263,17
1505,1510,1507.5,0.000191492,0.000957461,14
1510,1515,1512.5,0.000314594,0.00157297,23
1515,1520,1517.5,0.00013678,0.000683901,10
1520,1525,1522.5,0.000218848,0.00109424,16
1525,1530,1527.5,0.00034195,0.00170975,25
1530,1535,1532.5,0.000232526,0.00116263,17
1535,1540,1537.5,0.000259882,0.00129941,19
1540,1545,1542.5,0.000150458,0.000752291,11
1545,1550,1547.5,0.000150458,0.000752291,11
1550,1555,1552.5,0.000164136,0.000820681,12
1555,1560,1557.5,0.000218848,0.00109424,16
1560,1565,1562.5,0.000232526,0.00116263,17
1565,1570,1567.5,0.000177814,0.000889071,13
1570,1575,1572.5,0.000259882,0.00129941,19
1575,1580,1577.5,0.00020517,0.00102585,15
1580,1585,1582.5,0.000109424,0.000547121,8
1585,1590,1587.5,0.000218848,0.00109424,16
1590,1595,1592.5,0.00013678,0.000683901,10
1595,1600,1597.5,0.000328272,0.00164136,24
1600,1605,1602.5,0.00020517,0.00102585,15
1605,1610,1607.5,0.000314594,0.00157297,23
1610,1615,1612.5,0.000287238,0.00143619,21
1615,1620,1617.5,0.000150458,0.000752291,11
1620,1625,1622.5,0.000314594,0.00157297,23
1625,1630,1627.5,0.000191492,0.000957461,14
1630,1635,1632.5,0.00027356,0.0013678,20
1635,1640,1637.5,0.00020517,0.00102585,15
1640,1645,1642.5,0.000424019,0.00212009,31
1645,1650,1647.5,0.000355629,0.00177814,26
1650,1655,1652.5,0.000191492,0.000957461,14
1655,1660,1657.5,0.000246204,0.00123102,18
1660,1665,1662.5,0.000164136,0.000820681,12
1665,1670,1667.5,0.00020517,0.00102585,15
1670,1675,1672.5,0.000218848,0.00109424,16
1675,1680,1677.5,0.00027356,0.0013678,20
1680,1685,1682.5,6.83901e-05,0.00034195,5
1685,1690,1687.5,0.000109424,0.000547121,8
1690,1695,1692.5,0.000232526,0.00116263,17
1695,1700,1697.5,0.000191492,0.000957461,14
1700,1705,1702.5,0.00027356,0.0013678,20
1705,1710,1707.5,0.000191492,0.000957461,14
1710,1715,1712.5,0.000259882,0.00129941,19
1715,1720,1717.5,0.00027356,0.0013678,20
1720,1725,1722.5,0.00020517,0.00102585,15
1725,1730,1727.5,0.000232526,0.00116263,17
1730,1735,1732.5,0.000232526,0.00116263,17
1735,1740,1737.5,0.000259882,0.00129941,19
1740,1745,1742.5,0.000164136,0.000820681,12
1745,1750,1747.5,0.000123102,0.000615511,9
1750,1755,1752.5,0.00020517,0.00102585,15
1755,1760,1757.5,0.000218848,0.00109424,16
1760,1765,1762.5,0.00027356,0.0013678,20
1765,1770,1767.5,0.00020517,0.00102585,15
1770,1775,1772.5,0.00013678,0.000683901,10
1775,1780,1777.5,0.000109424,0.000547121,8
1780,1785,1782.5,0.000164136,0.000820681,12
1785,1790,1787.5,0.000123102,0.000615511,9
1790,1795,1792.5,0.00020517,0.00102585,15
1795,1800,1797.5,0.00027356,0.0013678,20
1800,1805,1802.5,0.000191492,0.000957461,14
1805,1810,1807.5,0.000218848,0.00109424,16
1810,1815,1812.5,8.20681e-05,0.000410341,6
1815,1820,1817.5,0.000300916,0.00150458,22
1820,1825,1822.5,0.000246204,0.00123102,18
1825,1830,1827.5,0.00020517,0.00102585,15
1830,1835,1832.5,8.20681e-05,0.000410341,6
1835,1840,1837.5,0.00013678,0.000683901,10
1840,1845,1842.5,0.000123102,0.000615511,9
1845,1850,1847.5,0.00013678,0.000683901,10
1850,1855,1852.5,0.000177814,0.000889071,13
1855,1860,1857.5,0.00013678,0.000683901,10
1860,1865,1862.5,0.000246204,0.00123102,18
1865,1870,1867.5,0.000232526,0.00116263,17
1870,1875,1872.5,0.000328272,0.00164136,24
1875,1880,1877.5,0.000164136,0.000820681,12
1880,1885,1882.5,0.00013678,0.000683901,10
1885,1890,1887.5,0.00013678,0.000683901,10
1890,1895,1892.5,0.00020517,0.00102585,15
1895,1900,1897.5,0.000109424,0.000547121,8
1900,1905,1902.5,0.000218848,0.00109424,16
1905,1910,1907.5,0.00013678,0.000683901,10
1910,1915,1912.5,0.000164136,0.000820681,12
1915,1920,1917.5,0.000191492,0.000957461,14
1920,1925,1922.5,0.000150458,0.000752291,11
1925,1930,1927.5,0.00013678,0.000683901,10
1930,1935,1932.5,0.00020517,0.00102585,15
1935,1940,1937.5,0.000191492,0.000957461,14
1940,1945,1942.5,0.000164136,0.000820681,12
1945,1950,1947.5,0.000123102,0.000615511,9
1950,1955,1952.5,0.00020517,0.00102585,15
1955,1960,1957.5,0.000300916,0.00150458,22
1960,1965,1962.5,0.000150458,0.000752291,11
1965,1970,1967.5,0.000259882,0.00129941,19
1970,1975,1972.5,0.000259882,0.00129941,19
1975,1980,1977.5,0.00020517,0.00102585,15
1980,1985,1982.5,0.000123102,0.000615511,9
1985,1990,1987.5,0.000246204,0.00123102,18
1990,1995,1992.5,0.000191492,0.000957461,14
1995,2000,1997.5,9.57461e-05,0.000478731,7
2000,2005,2002.5,0.00013678,0.000683901,10
2005,2010,2007.5,0.000123102,0.000615511,9
2010,2015,2012.5,9.57461e-05,0.000478731,7
2015,2020,2017.5,0.000164136,0.000820681,12
2020,2025,2022.5,0.000232526,0.00116263,17
2025,2030,2027.5,9.57461e-05,0.000478731,7
2030,2035,2032.5,0.000218848,0.00109424,16
2035,2040,2037.5,0.000177814,0.000889071,13
2040,2045,2042.5,0.000164136,0.000820681,12
2045,2050,2047.5,0.000164136,0.000820681,12
2050,2055,2052.5,0.000191492,0.000957461,14
2055,2060,2057.5,0.00020517,0.00102585,15
2060,2065,2062.5,0.000164136,0.000820681,12
2065,2070,2067.5,0.00013678,0.000683901,10
2070,2075,2072.5,0.000191492,0.000957461,14
2075,2080,2077.5,0.000218848,0.00109424,16
2080,2085,2082.5,0.000246204,0.00123102,18
2085,2090,2087.5,8.20681e-05,0.000410341,6
2090,2095,2092.5,0.000191492,0.000957461,14
2095,2100,2097.5,0.000177814,0.000889071,13
2100,2105,2102.5,0.000232526,0.00116263,17
2105,2110,2107.5,0.000150458,0.000752291,11
2110,2115,2112.5,0.000123102,0.000615511,9
2115,2120,2117.5,0.000109424,0.000547121,8
2120,2125,2122.5,0.000164136,0.000820681,12
2125,2130,2127.5,0.00020517,0.00102585,15
2130,2135,2132.5,0.000123102,0.000615511,9
2135,2140,2137.5,0.000191492,0.000957461,14
2140,2145,2142.5,0.000150458,0.000752291,11
2145,2150,2147.5,8.20681e-05,0.000410341,6
2150,2155,2152.5,0.000123102,0.000615511,9
2155,2160,2157.5,0.000191492,0.000957461,14
2160,2165,2162.5,0.000191492,0.000957461,14
2165,2170,2167.5,0.000232526,0.00116263,17
2170,2175,2172.5,0.000109424,0.000547121,8
2175,2180,2177.5,0.000218848,0.00109424,16
2180,2185,2182.5,8.20681e-05,0.000410341,6
2185,2190,2187.5,0.000164136,0.000820681,12
2190,2195,2192.5,0.000123102,0.000615511,9
2195,2200,2197.5,0.000259882,0.00129941,19
2200,2205,2202.5,0.000191492,0.000957461,14
2205,2210,2207.5,0.000164136,0.000820681,12
2210,2215,2212.5,0.000109424,0.000547121,8
2215,2220,2217.5,0.000123102,0.000615511,9
2220,2225,2222.5,0.00013678,0.000683901,10
2225,2230,2227.5,0.00013678,0.000683901,10
2230,2235,2232.5,0.00013678,0.000683901,10
2235,2240,2237.5,0.00013678,0.000683901,10
2240,2245,2242.5,0.000123102,0.000615511,9
2245,2250,2247.5,0.000150458,0.000752291,11
2250,2255,2252.5,0.00013678,0.000683901,10
2255,2260,2257.5,0.000164136,0.000820681,12
2260,2265,2262.5,0.000191492,0.000957461,14
2265,2270,2267.5,0.00027356,0.0013678,20
2270,2275,2272.5,0.000191492,0.000957461,14
2275,2280,2277.5,9.57461e-05,0.000478731,7
2280,2285,2282.5,0.000177814,0.000889071,13
2285,2290,2287.5,0.000164136,0.000820681,12
2290,2295,2292.5,0.000164136,0.000820681,12
2295,2300,2297.5,0.000177814,0.000889071,13
2300,2305,2302.5,0.00020517,0.00102585,15
2305,2310,2307.5,0.000177814,0.000889071,13
2310,2315,2312.5,8.20681e-05,0.000410341,6
2315,2320,2317.5,9.57461e-05,0.000478731,7
2320,2325,2322.5,9.57461e-05,0.000478731,7
2325,2330,2327.5,0.000123102,0.000615511,9
2330,2335,2332.5,0.000109424,0.000547121,8
2335,2340,2337.5,0.000164136,0.000820681,12
2340,2345,2342.5,0.000150458,0.000752291,11
2345,2350,2347.5,0.000109424,0.000547121,8
2350,2355,2352.5,0.00020517,0.00102585,15
2355,2360,2357.5,0.000109424,0.000547121,8
2360,2365,2362.5,0.000150458,0.000752291,11
2365,2370,2367.5,0.000150458,0.000752291,11
2370,2375,2372.5,0.000150458,0.000752291,11
2375,2380,2377.5,9.57461e-05,0.000478731,7
2380,2385,2382.5,0.000109424,0.000547121,8
2385,2390,2387.5,5.47121e-05,0.00027356,4
2390,2395,2392.5,6.83901e-05,0.00034195,5
2395,2400,2397.5,0.000150458,0.000752291,11
2400,2405,2402.5,0.000177814,0.000889071,13
2405,2410,2407.5,0.000150458,0.000752291,11
2410,2415,2412.5,0.00020517,0.00102585,15
2415,2420,2417.5,0.000150458,0.000752291,11
2420,2425,2422.5,0.000123102,0.000615511,9
2425,2430,2427.5,0.00013678,0.000683901,10
2430,2435,2432.5,0.000164136,0.000820681,12
2435,2440,2437.5,5.47121e-05,0.00027356,4
2440,2445,2442.5,0.000123102,0.000615511,9
2445,2450,2447.5,0.000123102,0.000615511,9
2450,2455,2452.5,0.000164136,0.000820681,12
2455,2460,2457.5,5.47121e-05,0.00027356,4
2460,2465,2462.5,8.20681e-05,0.000410341,6
2465,2470,2467.5,0.000150458,0.000752291,11
2470,2475,2472.5,0.00013678,0.000683901,10
2475,2480,2477.5,4.10341e-05,0.00020517,3
2480,2485,2482.5,0.000109424,0.000547121,8
2485,2490,2487.5,8.20681e-05,0.000410341,6
2490,2495,2492.5,0.000164136,0.000820681,12
2495,2500,2497.5,0.000123102,0.000615511,9
2500,2505,2502.5,0.000123102,0.000615511,9
2505,2510,2507.5,9.57461e-05,0.000478731,7
2510,2515,2512.5,0.000191492,0.000957461,14
2515,2520,2517.5,0.00013678,0.000683901,10
2520,2525,2522.5,0.000109424,0.000547121,8
2525,2530,2527.5,0.000109424,0.000547121,8
2530,2535,2532.5,0.00013678,0.000683901,10
2535,2540,2537.5,0.000191492,0.000957461,14
2540,2545,2542.5,0.00013678,0.000683901,10
2545,2550,2547.5,8.20681e-05,0.000410341,6
2550,2555,2552.5,0.000123102,0.000615511,9
2555,2560,2557.5,0.000109424,0.000547121,8
2560,2565,2562.5,6.83901e-05,0.00034195,5
2565,2570,2567.5,0.00013678,0.000683901,10
2570,2575,2572.5,0.000150458,0.000752291,11
2575,2580,2577.5,8.20681e-05,0.000410341,6
2580,2585,2582.5,0.00013678,0.000683901,10
2585,2590,2587.5,8.20681e-05,0.000410341,6
2590,2595,2592.5,0.000123102,0.000615511,9
2595,2600,2597.5,6.83901e-05,0.00034195,5
2600,2605,2602.5,0.00013678,0.000683901,10
2605,2610,2607.5,9.57461e-05,0.000478731,7
2610,2615,2612.5,0.000177814,0.000889071,13
2615,2620,2617.5,0.000177814,0.000889071,13
2620,2625,2622.5,8.20681e-05,0.000410341,6
2625,2630,2627.5,6.83901e-05,0.00034195,5
2630,2635,2632.5,0.000164136,0.000820681,12
2635,2640,2637.5,0.000109424,0.000547121,8
2640,2645,2642.5,5.47121e-05,0.00027356,4
2645,2650,2647.5,0.000191492,0.000957461,14
2650,2655,2652.5,0.000150458,0.000752291,11
2655,2660,2657.5,6.83901e-05,0.00034195,5
2660,2665,2662.5,0.000191492,0.000957461,14
2665,2670,2667.5,5.47121e-05,0.00027356,4
2670,2675,2672.5,9.57461e-05,0.000478731,7
2675,2680,2677.5,0.00020517,0.00102585,15
2680,2685,2682.5,9.57461e-05,0.000478731,7
2685,2690,2687.5,0.000123102,0.000615511,9
2690,2695,2692.5,0.00013678,0.000683901,10
2695,2700,2697.5,8.20681e-05,0.000410341,6
2700,2705,2702.5,9.57461e-05,0.000478731,7
2705,2710,2707.5,0.000109424,0.000547121,8
2710,2715,2712.5,0.000191492,0.000957461,14
2715,2720,2717.5,0.000109424,0.000547121,8
2720,2725,2722.5,0.000123102,0.000615511,9
2725,2730,2727.5,0.000150458,0.000752291,11
2730,2735,2732.5,0.000177814,0.000889071,13
2735,2740,2737.5,0.00013678,0.000683901,10
2740,2745,2742.5,0.000164136,0.000820681,12
2745,2750,2747.5,0.000191492,0.000957461,14
2750,2755,2752.5,0.000177814,0.000889071,13
2755,2760,2757.5,0.000109424,0.000547121,8
2760,2765,2762.5,8.20681e-05,0.000410341,6
2765,2770,2767.5,0.000164136,0.000820681,12
2770,2775,2772.5,0.00013678,0.000683901,10
2775,2780,2777.5,8.20681e-05,0.000410341,6
2780,2785,2782.5,0.000177814,0.000889071,13
2785,2790,2787.5,0.000177814,0.000889071,13
2790,2795,2792.5,0.00020517,0.00102585,15
2795,2800,2797.5,9.57461e-05,0.000478731,7
2800,2805,2802.5,9.57461e-05,0.000478731,7
2805,2810,2807.5,0.000150458,0.000752291,11
2810,2815,2812.5,0.000232526,0.00116263,17
2815,2820,2817.5,0.000109424,0.000547121,8
2820,2825,2822.5,0.000123102,0.000615511,9
2825,2830,2827.5,0.000164136,0.000820681,12
2830,2835,2832.5,0.000164136,0.000820681,12
2835,2840,2837.5,0.000177814,0.000889071,13
2840,2845,2842.5,0.000150458,0.000752291,11
2845,2850,2847.5,8.20681e-05,0.000410341,6
2850,2855,2852.5,0.000123102,0.000615511,9
2855,2860,2857.5,0.000123102,0.000615511,9
2860,2865,2862.5,0.00013678,0.000683901,10
2865,2870,2867.5,0.000109424,0.000547121,8
2870,2875,2872.5,0.000164136,0.000820681,12
2875,2880,2877.5,0.000177814,0.000889071,13
2880,2885,2882.5,0.000232526,0.00116263,17
2885,2890,2887.5,5.47121e-05,0.00027356,4
2890,2895,2892.5,0.000109424,0.000547121,8
2895,2900,2897.5,0.000123102,0.000615511,9
2900,2905,2902.5,9.57461e-05,0.000478731,7
2905,2910,2907.5,8.20681e-05,0.000410341,6
2910,2915,2912.5,6.83901e-05,0.00034195,5
2915,2920,2917.5,0.000123102,0.000615511,9
2920,2925,2922.5,0.000164136,0.000820681,12
2925,2930,2927.5,8.20681e-05,0.000410341,6
2930,2935,2932.5,0.00013678,0.000683901,10
2935,2940,2937.5,8.20681e-05,0.000410341,6
2940,2945,2942.5,0.000109424,0.000547121,8
2945,2950,2947.5,0.000109424,0.000547121,8
2950,2955,2952.5,9.57461e-05,0.000478731,7
2955,2960,2957.5,6.83901e-05,0.00034195,5
2960,2965,2962.5,9.57461e-05,0.000478731,7
2965,2970,2967.5,5.47121e-05,0.00027356,4
2970,2975,2972.5,5.47121e-05,0.00027356,4
2975,2980,2977.5,0.00013678,0.000683901,10
2980,2985,2982.5,6.83901e-05,0.00034195,5
2985,2990,2987.5,6.83901e-05,0.00034195,5
2990,2995,2992.5,2.7356e-05,0.00013678,2
2995,3000,2997.5,0.00020517,0.00102585,15
3000,3005,3002.5,0.000164136,0.000820681,12
3005,3010,3007.5,9.57461e-05,0.000478731,7
3010,3015,3012.5,0.000123102,0.000615511,9
3015,3020,3017.5,0.000164136,0.000820681,12
3020,3025,3022.5,0.000109424,0.000547121,8
3025,3030,3027.5,6.83901e-05,0.00034195,5
3030,3035,3032.5,0.00013678,0.000683901,10
3035,3040,3037.5,0.000123102,0.000615511,9
3040,3045,3042.5,8.20681e-05,0.000410341,6
3045,3050,3047.5,9.57461e-05,0.000478731,7
3050,3055,3052.5,5.47121e-05,0.00027356,4
3055,3060,3057.5,0.000109424,0.000547121,8
3060,3065,3062.5,0.000177814,0.000889071,13
3065,3070,3067.5,0.000109424,0.000547121,8
3070,3075,3072.5,0.000123102,0.000615511,9
3075,3080,3077.5,8.20681e-05,0.000410341,6
3080,3085,3082.5,0.000177814,0.000889071,13
3085,3090,3087.5,9.57461e-05,0.000478731,7
3090,3095,3092.5,0.000164136,0.000820681,12
3095,3100,3097.5,0.000109424,0.000547121,8
3100,3105,3102.5,8.20681e-05,0.000410341,6
3105,3110,3107.5,9.57461e-05,0.000478731,7
3110,3115,3112.5,0.000150458,0.000752291,11
3115,3120,3117.5,9.57461e-05,0.000478731,7
3120,3125,3122.5,0.000109424,0.000547121,8
3125,3130,3127.5,0.000109424,0.000547121,8
3130,3135,3132.5,0.000150458,0.000752291,11
3135,3140,3137.5,9.57461e-05,0.000478731,7
3140,3145,3142.5,0.000123102,0.000615511,9
3145,3150,3147.5,0.000109424,0.000547121,8
3150,3155,3152.5,0.000123102,0.000615511,9
3155,3160,3157.5,0.000109424,0.000547121,8
3160,3165,3162.5,5.47121e-05,0.00027356,4
3165,3170,3167.5,0.000109424,0.000547121,8
3170,3175,3172.5,0.000191492,0.000957461,14
3175,3180,3177.5,8.20681e-05,0.000410341,6
3180,3185,3182.5,0.000109424,0.000547121,8
3185,3190,3187.5,0.000232526,0.00116263,17
3190,3195,3192.5,0.000150458,0.000752291,11
3195,3200,3197.5,8.20681e-05,0.000410341,6
3200,3205,3202.5,0.000109424,0.000547121,8
3205,3210,3207.5,0.000177814,0.000889071,13
3210,3215,3212.5,9.57461e-05,0.000478731,7
3215,3220,3217.5,0.000123102,0.000615511,9
3220,3225,3222.5,0.00013678,0.000683901,10
3225,3230,3227.5,9.57461e-05,0.000478731,7
3230,3235,3232.5,8.20681e-05,0.000410341,6
3235,3240,3237.5,9.57461e-05,0.000478731,7
3240,3245,3242.5,0.00013678,0.000683901,10
3245,3250,3247.5,0.000164136,0.000820681,12
3250,3255,3252.5,0.000191492,0.000957461,14
3255,3260,3257.5,0.000150458,0.000752291,11
3260,3265,3262.5,0.00013678,0.000683901,10
3265,3270,3267.5,0.000123102,0.000615511,9
3270,3275,3272.5,8.20681e-05,0.000410341,6
3275,3280,3277.5,6.83901e-05,0.00034195,5
3280,3285,3282.5,0.000150458,0.000752291,11
3285,3290,3287.5,0.000123102,0.000615511,9
3290,3295,3292.5,0.000109424,0.000547121,8
3295,3300,3297.5,0.000109424,0.000547121,8
3300,3305,3302.5,5.47121e-05,0.00027356,4
3305,3310,3307.5,0.000164136,0.000820681,12
3310,3315,3312.5,6.83901e-05,0.00034195,5
3315,3320,3317.5,9.57461e-05,0.000478731,7
3320,3325,3322.5,6.83901e-05,0.00034195,5
3325,3330,3327.5,9.57461e-05,0.000478731,7
3330,3335,3332.5,4.10341e-05,0.00020517,3
3335,3340,3337.5,0.000150458,0.000752291,11
3340,3345,3342.5,8.20681e-05,0.000410341,6
3345,3350,3347.5,0.000150458,0.000752291,11
3350,3355,3352.5,6.83901e-05,0.00034195,5
3355,3360,3357.5,0.000123102,0.000615511,9
3360,3365,3362.5,0.000109424,0.000547121,8
3365,3370,3367.5,9.57461e-05,0.000478731,7
3370,3375,3372.5,0.000109424,0.000547121,8
3375,3380,3377.5,0.000150458,0.000752291,11
3380,3385,3382.5,0.000150458,0.000752291,11
3385,3390,3387.5,5.47121e-05,0.00027356,4
3390,3395,3392.5,0.000164136,0.000820681,12
3395,3400,3397.5,0.000109424,0.000547121,8
3400,3405,3402.5,8.20681e-05,0.000410341,6
3405,3410,3407.5,0.000191492,0.000957461,14
3410,3415,3412.5,0.00020517,0.00102585,15
3415,3420,3417.5,6.83901e-05,0.00034195,5
3420,3425,3422.5,5.47121e-05,0.00027356,4
3425,3430,3427.5,0.000191492,0.000957461,14
3430,3435,3432.5,8.20681e-05,0.000410341,6
3435,3440,3437.5,0.00013678,0.000683901,10
3440,3445,3442.5,5.47121e-05,0.00027356,4
3445,3450,3447.5,5.47121e-05,0.00027356,4
3450,3455,3452.5,0.000123102,0.000615511,9
3455,3460,3457.5,0.000109424,0.000547121,8
3460,3465,3462.5,0.000123102,0.000615511,9
3465,3470,3467.5,5.47121e-05,0.00027356,4
3470,3475,3472.5,9.57461e-05,0.000478731,7
3475,3480,3477.5,0.00013678,0.000683901,10
3480,3485,3482.5,0.000164136,0.000820681,12
3485,3490,3487.5,9.57461e-05,0.000478731,7
3490,3495,3492.5,5.47121e-05,0.00027356,4
3495,3500,3497.5,9.57461e-05,0.000478731,7
3500,3505,3502.5,0.000150458,0.000752291,11
3505,3510,3507.5,5.47121e-05,0.00027356,4
3510,3515,3512.5,0.000123102,0.000615511,9
3515,3520,3517.5,0.00013678,0.000683901,10
3520,3525,3522.5,0.000164136,0.000820681,12
3525,3530,3527.5,0.00013678,0.000683901,10
3530,3535,3532.5,6.83901e-05,0.00034195,5
3535,3540,3537.5,0.000123102,0.000615511,9
3540,3545,3542.5,0.000177814,0.000889071,13
3545,3550,3547.5,6.83901e-05,0.00034195,5
3550,3555,3552.5,6.83901e-05,0.00034195,5
3555,3560,3557.5,0.000123102,0.000615511,9
3560,3565,3562.5,0.000164136,0.000820681,12
3565,3570,3567.5,0.000123102,0.000615511,9
3570,3575,3572.5,6.83901e-05,0.00034195,5
3575,3580,3577.5,0.000109424,0.000547121,8
3580,3585,3582.5,8.20681e-05,0.000410341,6
3585,3590,3587.5,5.47121e-05,0.00027356,4
3590,3595,3592.5,0.000123102,0.000615511,9
3595,3600,3597.5,9.57461e-05,0.000478731,7
3600,3605,3602.5,0.000123102,0.000615511,9
3605,3610,3607.5,9.57461e-05,0.000478731,7
3610,3615,3612.5,0.00013678,0.000683901,10
3615,3620,3617.5,0.000150458,0.000752291,11
3620,3625,3622.5,0.000150458,0.000752291,11
3625,3630,3627.5,6.83901e-05,0.00034195,5
3630,3635,3632.5,4.10341e-05,0.00020517,3
3635,3640,3637.5,0.00020517,0.00102585,15
3640,3645,3642.5,0.000164136,0.000820681,12
3645,3650,3647.5,0.000123102,0.000615511,9
3650,3655,3652.5,9.57461e-05,0.000478731,7
3655,3660,3657.5,0.000123102,0.000615511,9
3660,3665,3662.5,0.000109424,0.000547121,8
3665,3670,3667.5,2.7356e-05,0.00013678,2
3670,3675,3672.5,5.47121e-05,0.00027356,4
3675,3680,3677.5,0.00013678,0.000683901,10
3680,3685,3682.5,0.000150458,0.000752291,11
3685,3690,3687.5,5.47121e-05,0.00027356,4
3690,3695,3692.5,0.000164136,0.000820681,12
3695,3700,3697.5,0.000123102,0.000615511,9
3700,3705,3702.5,0.000164136,0.000820681,12
3705,3710,3707.5,9.57461e-05,0.000478731,7
3710,3715,3712.5,8.20681e-05,0.000410341,6
3715,3720,3717.5,8.20681e-05,0.000410341,6
3720,3725,3722.5,0.00020517,0.00102585,15
3725,3730,3727.5,8.20681e-05,0.000410341,6
3730,3735,3732.5,0.000123102,0.000615511,9
3735,3740,3737.5,6.83901e-05,0.00034195,5
3740,3745,3742.5,9.57461e-05,0.000478731,7
3745,3750,3747.5,8.20681e-05,0.000410341,6
3750,3755,3752.5,6.83901e-05,0.00034195,5
3755,3760,3757.5,0.000109424,0.000547121,8
3760,3765,3762.5,0.000109424,0.000547121,8
3765,3770,3767.5,0.000123102,0.000615511,9
3770,3775,3772.5,9.57461e-05,0.000478731,7
3775,3780,3777.5,0.000123102,0.000615511,9
3780,3785,3782.5,0.000109424,0.000547121,8
3785,3790,3787.5,0.000123102,0.000615511,9
3790,3795,3792.5,5.47121e-05,0.00027356,4
3795,3800,3797.5,9.57461e-05,0.000478731,7
3800,3805,3802.5,9.57461e-05,0.000478731,7
3805,3810,3807.5,6.83901e-05,0.00034195,5
3810,3815,3812.5,0.000177814,0.000889071,13
3815,3820,3817.5,0.000123102,0.000615511,9
3820,3825,3822.5,0.000109424,0.000547121,8
3825,3830,3827.5,5.47121e-05,0.00027356,4
3830,3835,3832.5,9.57461e-05,0.000478731,7
3835,3840,3837.5,5.47121e-05,0.00027356,4
3840,3845,3842.5,5.47121e-05,0.00027356,4
3845,3850,3847.5,0.000123102,0.000615511,9
3850,3855,3852.5,0.000150458,0.000752291,11
3855,3860,3857.5,0.000191492,0.000957461,14
3860,3865,3862.5,8.20681e-05,0.000410341,6
3865,3870,3867.5,6.83901e-05,0.00034195,5
3870,3875,3872.5,9.57461e-05,0.000478731,7
3875,3880,3877.5,0.000177814,0.000889071,13
3880,3885,3882.5,0.000150458,0.000752291,11
3885,3890,3887.5,0.000123102,0.000615511,9
3890,3895,3892.5,0.000218848,0.00109424,16
3895,3900,3897.5,0.000109424,0.000547121,8
3900,3905,3902.5,8.20681e-05,0.000410341,6
3905,3910,3907.5,0.000109424,0.000547121,8
3910,3915,3912.5,5.47121e-05,0.00027356,4
3915,3920,3917.5,0.000109424,0.000547121,8
3920,3925,3922.5,9.57461e-05,0.000478731,7
3925,3930,3927.5,0.000123102,0.000615511,9
3930,3935,3932.5,5.47121e-05,0.00027356,4
3935,3940,3937.5,0.000109424,0.000547121,8
3940,3945,3942.5,0.000123102,0.000615511,9
3945,3950,3947.5,5.47121e-05,0.00027356,4
3950,3955,3952.5,9.57461e-05,0.000478731,7
3955,3960,3957.5,0.000109424,0.000547121,8
3960,3965,3962.5,1.3678e-05,6.83901e-05,1
3965,3970,3967.5,0.000123102,0.000615511,9
3970,3975,3972.5,2.7356e-05,0.00013678,2
3975,3980,3977.5,4.10341e-05,0.00020517,3
3980,3985,3982.5,9.57461e-05,0.000478731,7
3985,3990,3987.5,8.20681e-05,0.000410341,6
3990,3995,3992.5,5.47121e-05,0.00027356,4
3995,4000,3997.5,5.47121e-05,0.00027356,4
4005,4010,4007.5,0.00013678,0.000683901,10
4010,4015,4012.5,0.000123102,0.000615511,9
4015,4020,4017.5,0.00013678,0.000683901,10
4020,4025,4022.5,0.000123102,0.000615511,9
4025,4030,4027.5,0.00013678,0.000683901,10
4030,4035,4032.5,0.000109424,0.000547121,8
4035,4040,4037.5,0.00013678,0.000683901,10
4040,4045,4042.5,4.10341e-05,0.00020517,3
4045,4050,4047.5,0.000177814,0.000889071,13
4050,4055,4052.5,0.000109424,0.000547121,8
4055,4060,4057.5,0.00013678,0.000683901,10
4060,4065,4062.5,0.000123102,0.000615511,9
4065,4070,4067.5,0.000177814,0.000889071,13
4070,4075,4072.5,8.20681e-05,0.000410341,6
4075,4080,4077.5,6.83901e-05,0.00034195,5
4080,4085,4082.5,6.83901e-05,0.00034195,5
4085,4090,4087.5,0.000150458,0.000752291,11
4090,4095,4092.5,0.000109424,0.000547121,8
4095,4100,4097.5,0.000109424,0.000547121,8
4100,4105,4102.5,0.00013678,0.000683901,10
4105,4110,4107.5,4.10341e-05,0.00020517,3
4110,4115,4112.5,4.10341e-05,0.00020517,3
4115,4120,4117.5,0.000109424,0.000547121,8
4120,4125,4122.5,0.000164136,0.000820681,12
4125,4130,4127.5,9.57461e-05,0.000478731,7
4130,4135,4132.5,8.20681e-05,0.000410341,6
4135,4140,4137.5,9.57461e-05,0.000478731,7
4140,4145,4142.5,0.000109424,0.000547121,8
4145,4150,4147.5,4.10341e-05,0.00020517,3
4150,4155,4152.5,9.57461e-05,0.000478731,7
4155,4160,4157.5,9.57461e-05,0.000478731,7
4160,4165,4162.5,5.47121e-05,0.00027356,4
4165,4170,4167.5,0.000123102,0.000615511,9
4170,4175,4172.5,0.00013678,0.000683901,10
4175,4180,4177.5,5.47121e-05,0.00027356,4
4180,4185,4182.5,0.000109424,0.000547121,8
4185,4190,4187.5,6.83901e-05,0.00034195,5
4190,4195,4192.5,0.000123102,0.000615511,9
4195,4200,4197.5,5.47121e-05,0.00027356,4
4200,4205,4202.5,4.10341e-05,0.00020517,3
4205,4210,4207.5,0.000109424,0.000547121,8
4210,4215,4212.5,6.83901e-05,0.00034195,5
4215,4220,4217.5,5.47121e-05,0.00027356,4
4220,4225,4222.5,0.000177814,0.000889071,13
4225,4230,4227.5,9.57461e-05,0.000478731,7
4230,4235,4232.5,6.83901e-05,0.00034195,5
4235,4240,4237.5,9.57461e-05,0.000478731,7
4240,4245,4242.5,0.000109424,0.000547121,8
4245,4250,4247.5,9.57461e-05,0.000478731,7
4250,4255,4252.5,6.83901e-05,0.00034195,5
4255,4260,4257.5,6.83901e-05,0.00034195,5
4260,4265,4262.5,0.000109424,0.000547121,8
4265,4270,4267.5,6.83901e-05,0.00034195,5
4270,4275,4272.5,0.000123102,0.000615511,9
4275,4280,4277.5,9.57461e-05,0.000478731,7
4280,4285,4282.5,5.47121e-05,0.00027356,4
4285,4290,4287.5,5.47121e-05,0.00027356,4
4290,4295,4292.5,9.57461e-05,0.000478731,7
4295,4300,4297.5,9.57461e-05,0.000478731,7
4300,4305,4302.5,6.83901e-05,0.00034195,5
4305,4310,4307.5,1.3678e-05,6.83901e-05,1
4310,4315,4312.5,4.10341e-05,0.00020517,3
4315,4320,4317.5,8.20681e-05,0.000410341,6
4320,4325,4322.5,0.000150458,0.000752291,11
4325,4330,4327.5,6.83901e-05,0.00034195,5
4330,4335,4332.5,0.000109424,0.000547121,8
4335,4340,4337.5,6.83901e-05,0.00034195,5
4340,4345,4342.5,4.10341e-05,0.00020517,3
4350,4355,4352.5,1.3678e-05,6.83901e-05,1
4355,4360,4357.5,4.10341e-05,0.00020517,3
4360,4365,4362.5,8.20681e-05,0.000410341,6
4365,4370,4367.5,4.10341e-05,0.00020517,3
4370,4375,4372.5,2.7356e-05,0.00013678,2
4375,4380,4377.5,1.3678e-05,6.83901e-05,1
4380,4385,4382.5,4.10341e-05,0.00020517,3
4385,4390,4387.5,5.47121e-05,0.00027356,4
4390,4395,4392.5,4.10341e-05,0.00020517,3
4395,4400,4397.5,5.47121e-05,0.00027356,4
4400,4405,4402.5,6.83901e-05,0.00034195,5
4405,4410,4407.5,6.83901e-05,0.00034195,5
4410,4415,4412.5,6.83901e-05,0.00034195,5
4415,4420,4417.5,2.7356e-05,0.00013678,2
4420,4425,4422.5,4.10341e-05,0.00020517,3
4430,4435,4432.5,2.7356e-05,0.00013678,2
4435,4440,4437.5,8.20681e-05,0.000410341,6
4440,4445,4442.5,5.47121e-05,0.00027356,4
4445,4450,4447.5,2.7356e-05,0.00013678,2
4450,4455,4452.5,5.47121e-05,0.00027356,4
4455,4460,4457.5,4.10341e-05,0.00020517,3
4460,4465,4462.5,5.47121e-05,0.00027356,4
4465,4470,4467.5,4.10341e-05,0.00020517,3
4470,4475,4472.5,4.10341e-05,0.00020517,3
4475,4480,4477.5,5.47121e-05,0.00027356,4
4480,4485,4482.5,5.47121e-05,0.00027356,4
4485,4490,4487.5,6.83901e-05,0.00034195,5
4490,4495,4492.5,2.7356e-05,0.00013678,2
4495,4500,4497.5,5.47121e-05,0.00027356,4
4500,4505,4502.5,4.10341e-05,0.00020517,3
4505,4510,4507.5,1.3678e-05,6.83901e-05,1
4510,4515,4512.5,4.10341e-05,0.00020517,3
4515,4520,4517.5,4.10341e-05,0.00020517,3
4520,4525,4522.5,6.83901e-05,0.00034195,5
4525,4530,4527.5,8.20681e-05,0.000410341,6
4530,4535,4532.5,2.7356e-05,0.00013678,2
4535,4540,4537.5,4.10341e-05,0.00020517,3
4540,4545,4542.5,5.47121e-05,0.00027356,4
4545,4550,4547.5,2.7356e-05,0.00013678,2
4550,4555,4552.5,4.10341e-05,0.00020517,3
4555,4560,4557.5,8.20681e-05,0.000410341,6
4560,4565,4562.5,4.10341e-05,0.00020517,3
4565,4570,4567.5,2.7356e-05,0.00013678,2
4570,4575,4572.5,2.7356e-05,0.00013678,2
4575,4580,4577.5,2.7356e-05,0.00013678,2
4580,4585,4582.5,4.10341e-05,0.00020517,3
4585,4590,4587.5,1.3678e-05,6.83901e-05,1
4590,4595,4592.5,8.20681e-05,0.000410341,6
4595,4600,4597.5,1.3678e-05,6.83901e-05,1
4600,4605,4602.5,5.47121e-05,0.00027356,4
4605,4610,4607.5,2.7356e-05,0.00013678,2
4610,4615,4612.5,1.3678e-05,6.83901e-05,1
4615,4620,4617.5,6.83901e-05,0.00034195,5
4620,4625,4622.5,1.3678e-05,6.83901e-05,1
4625,4630,4627.5,2.7356e-05,0.00013678,2
4630,4635,4632.5,1.3678e-05,6.83901e-05,1
4635,4640,4637.5,6.83901e-05,0.00034195,5
4640,4645,4642.5,5.47121e-05,0.00027356,4
4645,4650,4647.5,5.47121e-05,0.00027356,4
4650,4655,4652.5,2.7356e-05,0.00013678,2
4655,4660,4657.5,6.83901e-05,0.00034195,5
4660,4665,4662.5,4.10341e-05,0.00020517,3
4665,4670,4667.5,4.10341e-05,0.00020517,3
4670,4675,4672.5,1.3678e-05,6.83901e-05,1
4675,4680,4677.5,6.83901e-05,0.00034195,5
4680,4685,4682.5,2.7356e-05,0.00013678,2
4685,4690,4687.5,2.7356e-05,0.00013678,2
4690,4695,4692.5,4.10341e-05,0.00020517,3
4695,4700,4697.5,2.7356e-05,0.00013678,2
4700,4705,4702.5,4.10341e-05,0.00020517,3
4705,4710,4707.5,5.47121e-05,0.00027356,4
4710,4715,4712.5,2.7356e-05,0.00013678,2
4715,4720,4717.5,1.3678e-05,6.83901e-05,1
4720,4725,4722.5,5.47121e-05,0.00027356,4
4725,4730,4727.5,6.83901e-05,0.00034195,5
4730,4735,4732.5,2.7356e-05,0.00013678,2
4735,4740,4737.5,2.7356e-05,0.00013678,2
4740,4745,4742.5,4.10341e-05,0.00020517,3
4745,4750,4747.5,8.20681e-05,0.000410341,6
4750,4755,4752.5,4.10341e-05,0.00020517,3
4755,4760,4757.5,2.7356e-05,0.00013678,2
4760,4765,4762.5,1.3678e-05,6.83901e-05,1
4765,4770,4767.5,1.3678e-05,6.83901e-05,1
4770,4775,4772.5,4.10341e-05,0.00020517,3
4775,4780,4777.5,2.7356e-05,0.00013678,2
4780,4785,4782.5,1.3678e-05,6.83901e-05,1
4790,4795,4792.5,2.7356e-05,0.00013678,2
4795,4800,4797.5,4.10341e-05,0.00020517,3
4800,4805,4802.5,5.47121e-05,0.00027356,4
4805,4810,4807.5,2.7356e-05,0.00013678,2
4810,4815,4812.5,4.10341e-05,0.00020517,3
4815,4820,4817.5,2.7356e-05,0.00013678,2
4820,4825,4822.5,6.83901e-05,0.00034195,5
4825,4830,4827.5,2.7356e-05,0.00013678,2
4830,4835,4832.5,4.10341e-05,0.00020517,3
4840,4845,4842.5,2.7356e-05,0.00013678,2
4845,4850,4847.5,4.10341e-05,0.00020517,3
4850,4855,4852.5,5.47121e-05,0.00027356,4
4855,4860,4857.5,6.83901e-05,0.00034195,5
4860,4865,4862.5,5.47121e-05,0.00027356,4
4870,4875,4872.5,2.7356e-05,0.00013678,2
4875,4880,4877.5,5.47121e-05,0.00027356,4
4880,4885,4882.5,2.7356e-05,0.00013678,2
4885,4890,4887.5,2.7356e-05,0.00013678,2
4890,4895,4892.5,1.3678e-05,6.83901e-05,1
4900,4905,4902.5,5.47121e-05,0.00027356,4
4905,4910,4907.5,6.83901e-05,0.00034195,5
4910,4915,4912.5,4.10341e-05,0.00020517,3
4920,4925,4922.5,5.47121e-05,0.00027356,4
4925,4930,4927.5,2.7356e-05,0.00013678,2
4930,4935,4932.5,2.7356e-05,0.00013678,2
4935,4940,4937.5,1.3678e-05,6.83901e-05,1
4940,4945,4942.5,1.3678e-05,6.83901e-05,1
4945,4950,4947.5,1.3678e-05,6.83901e-05,1
4955,4960,4957.5,2.7356e-05,0.00013678,2
4960,4965,4962.5,4.10341e-05,0.00020517,3
4965,4970,4967.5,2.7356e-05,0.00013678,2
4970,4975,4972.5,6.83901e-05,0.00034195,5
4975,4980,4977.5,9.57461e-05,0.000478731,7
4980,4985,4982.5,2.7356e-05,0.00013678,2
4985,4990,4987.5,4.10341e-05,0.00020517,3
4990,4995,4992.5,2.7356e-05,0.00013678,2
4995,5000,4997.5,1.3678e-05,6.83901e-05,1
5000,5005,5002.5,4.10341e-05,0.00020517,3
5005,5010,5007.5,1.3678e-05,6.83901e-05,1
5010,5015,5012.5,1.3678e-05,6.83901e-05,1
5015,5020,5017.5,4.10341e-05,0.00020517,3
5020,5025,5022.5,4.10341e-05,0.00020517,3
5030,5035,5032.5,1.3678e-05,6.83901e-05,1
5035,5040,5037.5,1.3678e-05,6.83901e-05,1
5040,5045,5042.5,2.7356e-05,0.00013678,2
5045,5050,5047.5,5.47121e-05,0.00027356,4
5050,5055,5052.5,1.3678e-05,6.83901e-05,1
5055,5060,5057.5,2.7356e-05,0.00013678,2
5060,5065,5062.5,1.3678e-05,6.83901e-05,1
5065,5070,5067.5,2.7356e-05,0.00013678,2
5075,5080,5077.5,5.47121e-05,0.00027356,4
5080,5085,5082.5,5.47121e-05,0.00027356,4
5085,5090,5087.5,2.7356e-05,0.00013678,2
5090,5095,5092.5,2.7356e-05,0.00013678,2
5095,5100,5097.5,4.10341e-05,0.00020517,3
5100,5105,5102.5,4.10341e-05,0.00020517,3
5105,5110,5107.5,2.7356e-05,0.00013678,2
5110,5115,5112.5,6.83901e-05,0.00034195,5
5115,5120,5117.5,2.7356e-05,0.00013678,2
5120,5125,5122.5,1.3678e-05,6.83901e-05,1
5130,5135,5132.5,1.3678e-05,6.83901e-05,1
5135,5140,5137.5,5.47121e-05,0.00027356,4
5145,5150,5147.5,4.10341e-05,0.00020517,3
5150,5155,5152.5,2.7356e-05,0.00013678,2
5155,5160,5157.5,1.3678e-05,6.83901e-05,1
5165,5170,5167.5,1.3678e-05,6.83901e-05,1
5170,5175,5172.5,2.7356e-05,0.00013678,2
5175,5180,5177.5,6.83901e-05,0.00034195,5
5180,5185,5182.5,1.3678e-05,6.83901e-05,1
5185,5190,5187.5,1.3678e-05,6.83901e-05,1
5190,5195,5192.5,1.3678e-05,6.83901e-05,1
5195,5200,5197.5,4.10341e-05,0.00020517,3
5200,5205,5202.5,1.3678e-05,6.83901e-05,1
5210,5215,5212.5,1.3678e-05,6.83901e-05,1
5215,5220,5217.5,5.47121e-05,0.00027356,4
5220,5225,5222.5,4.10341e-05,0.00020517,3
5225,5230,5227.5,4.10341e-05,0.00020517,3
5235,5240,5237.5,4.10341e-05,0.00020517,3
5240,5245,5242.5,4.10341e-05,0.00020517,3
5245,5250,5247.5,1.3678e-05,6.83901e-05,1
5250,5255,5252.5,1.3678e-05,6.83901e-05,1
5255,5260,5257.5,5.47121e-05,0.00027356,4
5260,5265,5262.5,2.7356e-05,0.00013678,2
5265,5270,5267.5,4.10341e-05,0.00020517,3
5270,5275,5272.5,1.3678e-05,6.83901e-05,1
5275,5280,5277.5,1.3678e-05,6.83901e-05,1
5280,5285,5282.5,1.3678e-05,6.83901e-05,1
5285,5290,5287.5,5.47121e-05,0.00027356,4
5290,5295,5292.5,2.7356e-05,0.00013678,2
5295,5300,5297.5,5.47121e-05,0.00027356,4
5300,5305,5302.5,1.3678e-05,6.83901e-05,1
5305,5310,5307.5,4.10341e-05,0.00020517,3
5310,5315,5312.5,2.7356e-05,0.00013678,2
5315,5320,5317.5,2.7356e-05,0.00013678,2
5320,5325,5322.5,4.10341e-05,0.00020517,3
5325,5330,5327.5,4.10341e-05,0.00020517,3
5330,5335,5332.5,6.83901e-05,0.00034195,5
5335,5340,5337.5,2.7356e-05,0.00013678,2
5340,5345,5342.5,4.10341e-05,0.00020517,3
5345,5350,5347.5,1.3678e-05,6.83901e-05,1
5350,5355,5352.5,1.3678e-05,6.83901e-05,1
5355,5360,5357.5,1.3678e-05,6.83901e-05,1
5360,5365,5362.5,1.3678e-05,6.83901e-05,1
5365,5370,5367.5,2.7356e-05,0.00013678,2
5370,5375,5372.5,2.7356e-05,0.00013678,2
5375,5380,5377.5,1.3678e-05,6.83901e-05,1
5380,5385,5382.5,2.7356e-05,0.00013678,2
5390,5395,5392.5,2.7356e-05,0.00013678,2
5400,5405,5402.5,1.3678e-05,6.83901e-05,1
5405,5410,5407.5,2.7356e-05,0.00013678,2
5410,5415,5412.5,2.7356e-05,0.00013678,2
5415,5420,5417.5,1.3678e-05,6.83901e-05,1
5420,5425,5422.5,2.7356e-05,0.00013678,2
5430,5435,5432.5,5.47121e-05,0.00027356,4
5435,5440,5437.5,6.83901e-05,0.00034195,5
5440,5445,5442.5,2.7356e-05,0.00013678,2
5445,5450,5447.5,1.3678e-05,6.83901e-05,1
5450,5455,5452.5,1.3678e-05,6.83901e-05,1
5455,5460,5457.5,4.10341e-05,0.00020517,3
5465,5470,5467.5,1.3678e-05,6.83901e-05,1
5470,5475,5472.5,2.7356e-05,0.00013678,2
5475,5480,5477.5,2.7356e-05,0.00013678,2
5485,5490,5487.5,2.7356e-05,0.00013678,2
5490,5495,5492.5,1.3678e-05,6.83901e-05,1
5495,5500,5497.5,5.47121e-05,0.00027356,4
5500,5505,5502.5,4.10341e-05,0.00020517,3
5505,5510,5507.5,1.3678e-05,6.83901e-05,1
5510,5515,5512.5,4.10341e-05,0.00020517,3
5525,5530,5527.5,4.10341e-05,0.00020517,3
5530,5535,5532.5,1.3678e-05,6.83901e-05,1
5535,5540,5537.5,1.3678e-05,6.83901e-05,1
5545,5550,5547.5,2.7356e-05,0.00013678,2
5550,5555,5552.5,4.10341e-05,0.00020517,3
5555,5560,5557.5,4.10341e-05,0.00020517,3
5560,5565,5562.5,5.47121e-05,0.00027356,4
5565,5570,5567.5,2.7356e-05,0.00013678,2
5570,5575,5572.5,5.47121e-05,0.00027356,4
5575,5580,5577.5,2.7356e-05,0.00013678,2
5580,5585,5582.5,2.7356e-05,0.00013678,2
5585,5590,5587.5,6.83901e-05,0.00034195,5
5590,5595,5592.5,2.7356e-05,0.00013678,2
5600,5605,5602.5,2.7356e-05,0.00013678,2
5605,5610,5607.5,4.10341e-05,0.00020517,3
5610,5615,5612.5,2.7356e-05,0.00013678,2
5625,5630,5627.5,8.20681e-05,0.000410341,6
5630,5635,5632.5,4.10341e-05,0.00020517,3
5645,5650,5647.5,1.3678e-05,6.83901e-05,1
5650,5655,5652.5,1.3678e-05,6.83901e-05,1
5655,5660,5657.5,4.10341e-05,0.00020517,3
5660,5665,5662.5,1.3678e-05,6.83901e-05,1
5665,5670,5667.5,4.10341e-05,0.00020517,3
5675,5680,5677.5,2.7356e-05,0.00013678,2
5680,5685,5682.5,2.7356e-05,0.00013678,2
5685,5690,5687.5,2.7356e-05,0.00013678,2
5690,5695,5692.5,1.3678e-05,6.83901e-05,1
5700,5705,5702.5,4.10341e-05,0.00020517,3
5705,5710,5707.5,4.10341e-05,0.00020517,3
5710,5715,5712.5,2.7356e-05,0.00013678,2
5715,5720,5717.5,4.10341e-05,0.00020517,3
5720,5725,5722.5,5.47121e-05,0.00027356,4
5725,5730,5727.5,9.57461e-05,0.000478731,7
5730,5735,5732.5,2.7356e-05,0.00013678,2
5745,5750,5747.5,5.47121e-05,0.00027356,4
5755,5760,5757.5,2.7356e-05,0.00013678,2
5760,5765,5762.5,2.7356e-05,0.00013678,2
5765,5770,5767.5,2.7356e-05,0.00013678,2
5770,5775,5772.5,1.3678e-05,6.83901e-05,1
5775,5780,5777.5,4.10341e-05,0.00020517,3
5780,5785,5782.5,1.3678e-05,6.83901e-05,1
5785,5790,5787.5,4.10341e-05,0.00020517,3
5790,5795,5792.5,1.3678e-05,6.83901e-05,1
5795,5800,5797.5,1.3678e-05,6.83901e-05,1
5800,5805,5802.5,2.7356e-05,0.00013678,2
5805,5810,5807.5,1.3678e-05,6.83901e-05,1
5810,5815,5812.5,2.7356e-05,0.00013678,2
5815,5820,5817.5,1.3678e-05,6.83901e-05,1
5820,5825,5822.5,1.3678e-05,6.83901e-05,1
5825,5830,5827.5,4.10341e-05,0.00020517,3
5830,5835,5832.5,1.3678e-05,6.83901e-05,1
5840,5845,5842.5,6.83901e-05,0.00034195,5
5855,5860,5857.5,2.7356e-05,0.00013678,2
5860,5865,5862.5,1.3678e-05,6.83901e-05,1
5865,5870,5867.5,1.3678e-05,6.83901e-05,1
5870,5875,5872.5,4.10341e-05,0.00020517,3
5875,5880,5877.5,2.7356e-05,0.00013678,2
5895,5900,5897.5,4.10341e-05,0.00020517,3
5900,5905,5902.5,4.10341e-05,0.00020517,3
5905,5910,5907.5,4.10341e-05,0.00020517,3
5910,5915,5912.5,2.7356e-05,0.00013678,2
5915,5920,5917.5,4.10341e-05,0.00020517,3
5920,5925,5922.5,4.10341e-05,0.00020517,3
5935,5940,5937.5,4.10341e-05,0.00020517,3
5940,5945,5942.5,2.7356e-05,0.00013678,2
5945,5950,5947.5,5.47121e-05,0.00027356,4
5950,5955,5952.5,5.47121e-05,0.00027356,4
5955,5960,5957.5,2.7356e-05,0.00013678,2
5960,5965,5962.5,2.7356e-05,0.00013678,2
5965,5970,5967.5,1.3678e-05,6.83901e-05,1
5970,5975,5972.5,4.10341e-05,0.00020517,3
5975,5980,5977.5,1.3678e-05,6.83901e-05,1
5985,5990,5987.5,1.3678e-05,6.83901e-05,1
5995,6000,5997.5,1.3678e-05,6.83901e-05,1
6000,6005,6002.5,4.10341e-05,0.00020517,3
6005,6010,6007.5,4.10341e-05,0.00020517,3
6010,6015,6012.5,2.7356e-05,0.00013678,2
6015,6020,6017.5,2.7356e-05,0.00013678,2
6020,6025,6022.5,2.7356e-05,0.00013678,2
6025,6030,6027.5,2.7356e-05,0.00013678,2
6030,6035,6032.5,2.7356e-05,0.00013678,2
6040,6045,6042.5,2.7356e-05,0.00013678,2
6045,6050,6047.5,1.3678e-05,6.83901e-05,1
6050,6055,6052.5,2.7356e-05,0.00013678,2
6055,6060,6057.5,1.3678e-05,6.83901e-05,1
6060,6065,6062.5,1.3678e-05,6.83901e-05,1
6065,6070,6067.5,2.7356e-05,0.00013678,2
6070,6075,6072.5,1.3678e-05,6.83901e-05,1
6075,6080,6077.5,1.3678e-05,6.83901e-05,1
6080,6085,6082.5,2.7356e-05,0.00013678,2
6085,6090,6087.5,1.3678e-05,6.83901e-05,1
6090,6095,6092.5,8.20681e-05,0.000410341,6
6095,6100,6097.5,1.3678e-05,6.83901e-05,1
6100,6105,6102.5,6.83901e-05,0.00034195,5
6110,6115,6112.5,1.3678e-05,6.83901e-05,1
6115,6120,6117.5,2.7356e-05,0.00013678,2
6120,6125,6122.5,2.7356e-05,0.00013678,2
6125,6130,6127.5,2.7356e-05,0.00013678,2
6130,6135,6132.5,1.3678e-05,6.83901e-05,1
6135,6140,6137.5,2.7356e-05,0.00013678,2
6140,6145,6142.5,1.3678e-05,6.83901e-05,1
6145,6150,6147.5,2.7356e-05,0.00013678,2
6150,6155,6152.5,2.7356e-05,0.00013678,2
6155,6160,6157.5,6.83901e-05,0.00034195,5
6160,6165,6162.5,1.3678e-05,6.83901e-05,1
6165,6170,6167.5,1.3678e-05,6.83901e-05,1
6170,6175,6172.5,6.83901e-05,0.00034195,5
6175,6180,6177.5,1.3678e-05,6.83901e-05,1
6180,6185,6182.5,1.3678e-05,6.83901e-05,1
6185,6190,6187.5,4.10341e-05,0.00020517,3
6190,6195,6192.5,1.3678e-05,6.83901e-05,1
6195,6200,6197.5,1.3678e-05,6.83901e-05,1
6200,6205,6202.5,4.10341e-05,0.00020517,3
6205,6210,6207.5,1.3678e-05,6.83901e-05,1
6210,6215,6212.5,4.10341e-05,0.00020517,3
6215,6220,6217.5,2.7356e-05,0.00013678,2
6220,6225,6222.5,4.10341e-05,0.00020517,3
6230,6235,6232.5,2.7356e-05,0.00013678,2
6235,6240,6237.5,1.3678e-05,6.83901e-05,1
6240,6245,6242.5,5.47121e-05,0.00027356,4
6255,6260,6257.5,1.3678e-05,6.83901e-05,1
6265,6270,6267.5,1.3678e-05,6.83901e-05,1
6275,6280,6277.5,1.3678e-05,6.83901e-05,1
6280,6285,6282.5,2.7356e-05,0.00013678,2
6285,6290,6287.5,1.3678e-05,6.83901e-05,1
6300,6305,6302.5,4.10341e-05,0.00020517,3
6305,6310,6307.5,2.7356e-05,0.00013678,2
6325,6330,6327.5,4.10341e-05,0.00020517,3
6335,6340,6337.5,4.10341e-05,0.00020517,3
6340,6345,6342.5,1.3678e-05,6.83901e-05,1
6350,6355,6352.5,2.7356e-05,0.00013678,2
6360,6365,6362.5,1.3678e-05,6.83901e-05,1
6365,6370,6367.5,2.7356e-05,0.00013678,2
6370,6375,6372.5,1.3678e-05,6.83901e-05,1
6375,6380,6377.5,2.7356e-05,0.00013678,2
6385,6390,6387.5,1.3678e-05,6.83901e-05,1
6390,6395,6392.5,5.47121e-05,0.00027356,4
6400,6405,6402.5,5.47121e-05,0.00027356,4
6405,6410,6407.5,2.7356e-05,0.00013678,2
6410,6415,6412.5,2.7356e-05,0.00013678,2
6415,6420,6417.5,1.3678e-05,6.83901e-05,1
6420,6425,6422.5,1.3678e-05,6.83901e-05,1
6430,6435,6432.5,1.3678e-05,6.83901e-05,1
6435,6440,6437.5,2.7356e-05,0.00013678,2
6440,6445,6442.5,1.3678e-05,6.83901e-05,1
6445,6450,6447.5,1.3678e-05,6.83901e-05,1
6450,6455,6452.5,2.7356e-05,0.00013678,2
6460,6465,6462.5,1.3678e-05,6.83901e-05,1
6470,6475,6472.5,2.7356e-05,0.00013678,2
6475,6480,6477.5,4.10341e-05,0.00020517,3
6485,6490,6487.5,1.3678e-05,6.83901e-05,1
6495,6500,6497.5,2.7356e-05,0.00013678,2
6500,6505,6502.5,1.3678e-05,6.83901e-05,1
6505,6510,6507.5,1.3678e-05,6.83901e-05,1
6510,6515,6512.5,1.3678e-05,6.83901e-05,1
6515,6520,6517.5,1.3678e-05,6.83901e-05,1
6530,6535,6532.5,1.3678e-05,6.83901e-05,1
6535,6540,6537.5,6.83901e-05,0.00034195,5
6540,6545,6542.5,4.10341e-05,0.00020517,3
6545,6550,6547.5,2.7356e-05,0.00013678,2
6550,6555,6552.5,2.7356e-05,0.00013678,2
6560,6565,6562.5,1.3678e-05,6.83901e-05,1
6565,6570,6567.5,1.3678e-05,6.83901e-05,1
6570,6575,6572.5,5.47121e-05,0.00027356,4
6575,6580,6577.5,1.3678e-05,6.83901e-05,1
6580,6585,6582.5,2.7356e-05,0.00013678,2
6585,6590,6587.5,2.7356e-05,0.00013678,2
6590,6595,6592.5,2.7356e-05,0.00013678,2
6595,6600,6597.5,1.3678e-05,6.83901e-05,1
6600,6605,6602.5,5.47121e-05,0.00027356,4
6605,6610,6607.5,2.7356e-05,0.00013678,2
6610,6615,6612.5,4.10341e-05,0.00020517,3
6615,6620,6617.5,1.3678e-05,6.83901e-05,1
6620,6625,6622.5,2.7356e-05,0.00013678,2
6625,6630,6627.5,1.3678e-05,6.83901e-05,1
6630,6635,6632.5,1.3678e-05,6.83901e-05,1
6635,6640,6637.5,1.3678e-05,6.83901e-05,1
6650,6655,6652.5,2.7356e-05,0.00013678,2
6655,6660,6657.5,4.10341e-05,0.00020517,3
6660,6665,6662.5,1.3678e-05,6.83901e-05,1
6670,6675,6672.5,1.3678e-05,6.83901e-05,1
6675,6680,6677.5,2.7356e-05,0.00013678,2
6680,6685,6682.5,5.47121e-05,0.00027356,4
6685,6690,6687.5,1.3678e-05,6.83901e-05,1
6690,6695,6692.5,4.10341e-05,0.00020517,3
6695,6700,6697.5,6.83901e-05,0.00034195,5
6700,6705,6702.5,2.7356e-05,0.00013678,2
6710,6715,6712.5,1.3678e-05,6.83901e-05,1
6715,6720,6717.5,5.47121e-05,0.00027356,4
6720,6725,6722.5,2.7356e-05,0.00013678,2
6730,6735,6732.5,1.3678e-05,6.83901e-05,1
6735,6740,6737.5,1.3678e-05,6.83901e-05,1
6740,6745,6742.5,2.7356e-05,0.00013678,2
6745,6750,6747.5,1.3678e-05,6.83901e-05,1
6755,6760,6757.5,2.7356e-05,0.00013678,2
6760,6765,6762.5,2.7356e-05,0.00013678,2
6765,6770,6767.5,4.10341e-05,0.00020517,3
6770,6775,6772.5,4.10341e-05,0.00020517,3
6775,6780,6777.5,1.3678e-05,6.83901e-05,1
6780,6785,6782.5,5.47121e-05,0.00027356,4
6790,6795,6792.5,4.10341e-05,0.00020517,3
6795,6800,6797.5,1.3678e-05,6.83901e-05,1
6800,6805,6802.5,2.7356e-05,0.00013678,2
6805,6810,6807.5,2.7356e-05,0.00013678,2
6810,6815,6812.5,1.3678e-05,6.83901e-05,1
6820,6825,6822.5,2.7356e-05,0.00013678,2
6830,6835,6832.5,2.7356e-05,0.00013678,2
6835,6840,6837.5,4.10341e-05,0.00020517,3
6845,6850,6847.5,2.7356e-05,0.00013678,2
6850,6855,6852.5,1.3678e-05,6.83901e-05,1
6855,6860,6857.5,4.10341e-05,0.00020517,3
6860,6865,6862.5,2.7356e-05,0.00013678,2
6870,6875,6872.5,1.3678e-05,6.83901e-05,1
6875,6880,6877.5,1.3678e-05,6.83901e-05,1
6880,6885,6882.5,4.10341e-05,0.00020517,3
6885,6890,6887.5,1.3678e-05,6.83901e-05,1
6890,6895,6892.5,1.3678e-05,6.83901e-05,1
6895,6900,6897.5,2.7356e-05,0.00013678,2
6905,6910,6907.5,2.7356e-05,0.00013678,2
6910,6915,6912.5,2.7356e-05,0.00013678,2
6915,6920,6917.5,1.3678e-05,6.83901e-05,1
6920,6925,6922.5,4.10341e-05,0.00020517,3
6925,6930,6927.5,2.7356e-05,0.00013678,2
6930,6935,6932.5,2.7356e-05,0.00013678,2
6940,6945,6942.5,2.7356e-05,0.00013678,2
6945,6950,6947.5,2.7356e-05,0.00013678,2
6970,6975,6972.5,2.7356e-05,0.00013678,2
6980,6985,6982.5,1.3678e-05,6.83901e-05,1
6985,6990,6987.5,2.7356e-05,0.00013678,2
6990,6995,6992.5,2.7356e-05,0.00013678,2
7000,7005,7002.5,4.10341e-05,0.00020517,3
7005,7010,7007.5,2.7356e-05,0.00013678,2
7010,7015,7012.5,2.7356e-05,0.00013678,2
7015,7020,7017.5,1.3678e-05,6.83901e-05,1
7030,7035,7032.5,6.83901e-05,0.00034195,5
7040,7045,7042.5,1.3678e-05,6.83901e-05,1
7045,7050,7047.5,1.3678e-05,6.83901e-05,1
7050,7055,7052.5,1.3678e-05,6.83901e-05,1
7060,7065,7062.5,2.7356e-05,0.00013678,2
7065,7070,7067.5,6.83901e-05,0.00034195,5
7070,7075,7072.5,2.7356e-05,0.00013678,2
7075,7080,7077.5,2.7356e-05,0.00013678,2
7085,7090,7087.5,1.3678e-05,6.83901e-05,1
7090,7095,7092.5,1.3678e-05,6.83901e-05,1
7095,7100,7097.5,5.47121e-05,0.00027356,4
7105,7110,7107.5,1.3678e-05,6.83901e-05,1
7110,7115,7112.5,2.7356e-05,0.00013678,2
7120,7125,7122.5,4.10341e-05,0.00020517,3
7125,7130,7127.5,2.7356e-05,0.00013678,2
7135,7140,7137.5,1.3678e-05,6.83901e-05,1
7140,7145,7142.5,4.10341e-05,0.00020517,3
7145,7150,7147.5,1.3678e-05,6.83901e-05,1
7170,7175,7172.5,2.7356e-05,0.00013678,2
7175,7180,7177.5,1.3678e-05,6.83901e-05,1
7180,7185,7182.5,1.3678e-05,6.83901e-05,1
7190,7195,7192.5,2.7356e-05,0.00013678,2
7200,7205,7202.5,1.3678e-05,6.83901e-05,1
7205,7210,7207.5,2.7356e-05,0.00013678,2
7215,7220,7217.5,4.10341e-05,0.00020517,3
7220,7225,7222.5,4.10341e-05,0.00020517,3
7230,7235,7232.5,1.3678e-05,6.83901e-05,1
7235,7240,7237.5,4.10341e-05,0.00020517,3
7240,7245,7242.5,4.10341e-05,0.00020517,3
7245,7250,7247.5,8.20681e-05,0.000410341,6
7250,7255,7252.5,1.3678e-05,6.83901e-05,1
7255,7260,7257.5,2.7356e-05,0.00013678,2
7260,7265,7262.5,4.10341e-05,0.00020517,3
7265,7270,7267.5,4.10341e-05,0.00020517,3
7275,7280,7277.5,1.3678e-05,6.83901e-05,1
7280,7285,7282.5,4.10341e-05,0.00020517,3
7290,7295,7292.5,1.3678e-05,6.83901e-05,1
7300,7305,7302.5,2.7356e-05,0.00013678,2
7305,7310,7307.5,1.3678e-05,6.83901e-05,1
7320,7325,7322.5,1.3678e-05,6.83901e-05,1
7330,7335,7332.5,4.10341e-05,0.00020517,3
7345,7350,7347.5,1.3678e-05,6.83901e-05,1
7350,7355,7352.5,2.7356e-05,0.00013678,2
7355,7360,7357.5,1.3678e-05,6.83901e-05,1
7365,7370,7367.5,2.7356e-05,0.00013678,2
7370,7375,7372.5,1.3678e-05,6.83901e-05,1
7375,7380,7377.5,4.10341e-05,0.00020517,3
7400,7405,7402.5,1.3678e-05,6.83901e-05,1
7405,7410,7407.5,1.3678e-05,6.83901e-05,1
7410,7415,7412.5,1.3678e-05,6.83901e-05,1
7415,7420,7417.5,1.3678e-05,6.83901e-05,1
7420,7425,7422.5,6.83901e-05,0.00034195,5
7425,7430,7427.5,2.7356e-05,0.00013678,2
7435,7440,7437.5,2.7356e-05,0.00013678,2
7445,7450,7447.5,2.7356e-05,0.00013678,2
7450,7455,7452.5,4.10341e-05,0.00020517,3
7455,7460,7457.5,2.7356e-05,0.00013678,2
7465,7470,7467.5,4.10341e-05,0.00020517,3
7470,7475,7472.5,1.3678e-05,6.83901e-05,1
7475,7480,7477.5,5.47121e-05,0.00027356,4
7480,7485,7482.5,2.7356e-05,0.00013678,2
7490,7495,7492.5,1.3678e-05,6.83901e-05,1
7495,7500,7497.5,1.3678e-05,6.83901e-05,1
7500,7505,7502.5,1.3678e-05,6.83901e-05,1
7520,7525,7522.5,1.3678e-05,6.83901e-05,1
7525,7530,7527.5,1.3678e-05,6.83901e-05,1
7530,7535,7532.5,1.3678e-05,6.83901e-05,1
7535,7540,7537.5,1.3678e-05,6.83901e-05,1
7540,7545,7542.5,2.7356e-05,0.00013678,2
7545,7550,7547.5,5.47121e-05,0.00027356,4
7550,7555,7552.5,2.7356e-05,0.00013678,2
7560,7565,7562.5,1.3678e-05,6.83901e-05,1
7565,7570,7567.5,2.7356e-05,0.00013678,2
7570,7575,7572.5,2.7356e-05,0.00013678,2
7575,7580,7577.5,2.7356e-05,0.00013678,2
7580,7585,7582.5,1.3678e-05,6.83901e-05,1
7595,7600,7597.5,1.3678e-05,6.83901e-05,1
7600,7605,7602.5,1.3678e-05,6.83901e-05,1
7605,7610,7607.5,4.10341e-05,0.00020517,3
7610,7615,7612.5,4.10341e-05,0.00020517,3
7615,7620,7617.5,1.3678e-05,6.83901e-05,1
7625,7630,7627.5,1.3678e-05,6.83901e-05,1
7630,7635,7632.5,5.47121e-05,0.00027356,4
7645,7650,7647.5,2.7356e-05,0.00013678,2
7650,7655,7652.5,2.7356e-05,0.00013678,2
7660,7665,7662.5,1.3678e-05,6.83901e-05,1
7665,7670,7667.5,1.3678e-05,6.83901e-05,1
7675,7680,7677.5,1.3678e-05,6.83901e-05,1
7680,7685,7682.5,5.47121e-05,0.00027356,4
7690,7695,7692.5,1.3678e-05,6.83901e-05,1
7695,7700,7697.5,1.3678e-05,6.83901e-05,1
7700,7705,7702.5,2.7356e-05,0.00013678,2
7710,7715,7712.5,1.3678e-05,6.83901e-05,1
7715,7720,7717.5,1.3678e-05,6.83901e-05,1
7720,7725,7722.5,1.3678e-05,6.83901e-05,1
7725,7730,7727.5,2.7356e-05,0.00013678,2
7730,7735,7732.5,2.7356e-05,0.00013678,2
7745,7750,7747.5,1.3678e-05,6.83901e-05,1
7750,7755,7752.5,4.10341e-05,0.00020517,3
7765,7770,7767.5,2.7356e-05,0.00013678,2
7770,7775,7772.5,2.7356e-05,0.00013678,2
7780,7785,7782.5,2.7356e-05,0.00013678,2
7785,7790,7787.5,1.3678e-05,6.83901e-05,1
7790,7795,7792.5,2.7356e-05,0.00013678,2
7795,7800,7797.5,2.7356e-05,0.00013678,2
7805,7810,7807.5,2.7356e-05,0.00013678,2
7810,7815,7812.5,2.7356e-05,0.00013678,2
7820,7825,7822.5,5.47121e-05,0.00027356,4
7825,7830,7827.5,4.10341e-05,0.00020517,3
7845,7850,7847.5,2.7356e-05,0.00013678,2
7865,7870,7867.5,5.47121e-05,0.00027356,4
7870,7875,7872.5,2.7356e-05,0.00013678,2
7875,7880,7877.5,2.7356e-05,0.00013678,2
7880,7885,7882.5,2.7356e-05,0.00013678,2
7885,7890,7887.5,1.3678e-05,6.83901e-05,1
7895,7900,7897.5,1.3678e-05,6.83901e-05,1
7900,7905,7902.5,1.3678e-05,6.83901e-05,1
7905,7910,7907.5,4.10341e-05,0.00020517,3
7910,7915,7912.5,2.7356e-05,0.00013678,2
7920,7925,7922.5,6.83901e-05,0.00034195,5
7925,7930,7927.5,1.3678e-05,6.83901e-05,1
7930,7935,7932.5,4.10341e-05,0.00020517,3
7935,7940,7937.5,1.3678e-05,6.83901e-05,1
7940,7945,7942.5,2.7356e-05,0.00013678,2
7950,7955,7952.5,1.3678e-05,6.83901e-05,1
7955,7960,7957.5,1.3678e-05,6.83901e-05,1
7960,7965,7962.5,4.10341e-05,0.00020517,3
7965,7970,7967.5,1.3678e-05,6.83901e-05,1
7970,7975,7972.5,5.47121e-05,0.00027356,4
7980,7985,7982.5,1.3678e-05,6.83901e-05,1
7985,7990,7987.5,1.3678e-05,6.83901e-05,1
7990,7995,7992.5,1.3678e-05,6.83901e-05,1
8005,8010,8007.5,1.3678e-05,6.83901e-05,1
8010,8015,8012.5,1.3678e-05,6.83901e-05,1
8020,8025,8022.5,1.3678e-05,6.83901e-05,1
8025,8030,8027.5,1.3678e-05,6.83901e-05,1
8030,8035,8032.5,2.7356e-05,0.00013678,2
8035,8040,8037.5,2.7356e-05,0.00013678,2
8040,8045,8042.5,1.3678e-05,6.83901e-05,1
8045,8050,8047.5,1.3678e-05,6.83901e-05,1
8050,8055,8052.5,2.7356e-05,0.00013678,2
8055,8060,8057.5,1.3678e-05,6.83901e-05,1
8060,8065,8062.5,1.3678e-05,6.83901e-05,1
8065,8070,8067.5,2.7356e-05,0.00013678,2
8070,8075,8072.5,1.3678e-05,6.83901e-05,1
8075,8080,8077.5,2.7356e-05,0.00013678,2
8080,8085,8082.5,1.3678e-05,6.83901e-05,1
8085,8090,8087.5,1.3678e-05,6.83901e-05,1
8090,8095,8092.5,2.7356e-05,0.00013678,2
8115,8120,8117.5,1.3678e-05,6.83901e-05,1
8120,8125,8122.5,2.7356e-05,0.00013678,2
8125,8130,8127.5,1.3678e-05,6.83901e-05,1
8130,8135,8132.5,1.3678e-05,6.83901e-05,1
8135,8140,8137.5,1.3678e-05,6.83901e-05,1
8150,8155,8152.5,2.7356e-05,0.00013678,2
8155,8160,8157.5,1.3678e-05,6.83901e-05,1
8160,8165,8162.5,6.83901e-05,0.00034195,5
8165,8170,8167.5,2.7356e-05,0.00013678,2
8175,8180,8177.5,2.7356e-05,0.00013678,2
8190,8195,8192.5,2.7356e-05,0.00013678,2
8200,8205,8202.5,1.3678e-05,6.83901e-05,1
8215,8220,8217.5,5.47121e-05,0.00027356,4
8220,8225,8222.5,2.7356e-05,0.00013678,2
8225,8230,8227.5,1.3678e-05,6.83901e-05,1
8230,8235,8232.5,1.3678e-05,6.83901e-05,1
8235,8240,8237.5,2.7356e-05,0.00013678,2
8245,8250,8247.5,1.3678e-05,6.83901e-05,1
8250,8255,8252.5,1.3678e-05,6.83901e-05,1
8255,8260,8257.5,1.3678e-05,6.83901e-05,1
8260,8265,8262.5,2.7356e-05,0.00013678,2
8265,8270,8267.5,2.7356e-05,0.00013678,2
8270,8275,8272.5,1.3678e-05,6.83901e-05,1
8280,8285,8282.5,1.3678e-05,6.83901e-05,1
8290,8295,8292.5,1.3678e-05,6.83901e-05,1
8295,8300,8297.5,1.3678e-05,6.83901e-05,1
8300,8305,8302.5,4.10341e-05,0.00020517,3
8305,8310,8307.5,1.3678e-05,6.83901e-05,1
8310,8315,8312.5,1.3678e-05,6.83901e-05,1
8315,8320,8317.5,1.3678e-05,6.83901e-05,1
8320,8325,8322.5,2.7356e-05,0.00013678,2
8330,8335,8332.5,2.7356e-05,0.00013678,2
8335,8340,8337.5,2.7356e-05,0.00013678,2
8345,8350,8347.5,4.10341e-05,0.00020517,3
8350,8355,8352.5,4.10341e-05,0.00020517,3
8360,8365,8362.5,1.3678e-05,6.83901e-05,1
8370,8375,8372.5,1.3678e-05,6.83901e-05,1
8390,8395,8392.5,4.10341e-05,0.00020517,3
8395,8400,8397.5,1.3678e-05,6.83901e-05,1
8405,8410,8407.5,1.3678e-05,6.83901e-05,1
8410,8415,8412.5,1.3678e-05,6.83901e-05,1
8420,8425,8422.5,1.3678e-05,6.83901e-05,1
8425,8430,8427.5,4.10341e-05,0.00020517,3
8435,8440,8437.5,2.7356e-05,0.00013678,2
8440,8445,8442.5,2.7356e-05,0.00013678,2
8455,8460,8457.5,5.47121e-05,0.00027356,4
8460,8465,8462.5,2.7356e-05,0.00013678,2
8465,8470,8467.5,1.3678e-05,6.83901e-05,1
8470,8475,8472.5,2.7356e-05,0.00013678,2
8475,8480,8477.5,4.10341e-05,0.00020517,3
8480,8485,8482.5,1.3678e-05,6.83901e-05,1
8485,8490,8487.5,1.3678e-05,6.83901e-05,1
8490,8495,8492.5,1.3678e-05,6.83901e-05,1
8495,8500,8497.5,2.7356e-05,0.00013678,2
8500,8505,8502.5,4.10341e-05,0.00020517,3
8510,8515,8512.5,1.3678e-05,6.83901e-05,1
8520,8525,8522.5,2.7356e-05,0.00013678,2
8525,8530,8527.5,4.10341e-05,0.00020517,3
8535,8540,8537.5,1.3678e-05,6.83901e-05,1
8540,8545,8542.5,1.3678e-05,6.83901e-05,1
8550,8555,8552.5,1.3678e-05,6.83901e-05,1
8555,8560,8557.5,1.3678e-05,6.83901e-05,1
8565,8570,8567.5,1.3678e-05,6.83901e-05,1
8570,8575,8572.5,1.3678e-05,6.83901e-05,1
8580,8585,8582.5,1.3678e-05,6.83901e-05,1
8595,8600,8597.5,1.3678e-05,6.83901e-05,1
8600,8605,8602.5,1.3678e-05,6.83901e-05,1
8605,8610,8607.5,2.7356e-05,0.00013678,2
8610,8615,8612.5,1.3678e-05,6.83901e-05,1
8620,8625,8622.5,1.3678e-05,6.83901e-05,1
8625,8630,8627.5,1.3678e-05,6.83901e-05,1
8630,8635,8632.5,4.10341e-05,0.00020517,3
8650,8655,8652.5,1.3678e-05,6.83901e-05,1
8655,8660,8657.5,1.3678e-05,6.83901e-05,1
8660,8665,8662.5,2.7356e-05,0.00013678,2
8665,8670,8667.5,1.3678e-05,6.83901e-05,1
8670,8675,8672.5,2.7356e-05,0.00013678,2
8675,8680,8677.5,1.3678e-05,6.83901e-05,1
8685,8690,8687.5,1.3678e-05,6.83901e-05,1
8695,8700,8697.5,1.3678e-05,6.83901e-05,1
8710,8715,8712.5,2.7356e-05,0.00013678,2
8715,8720,8717.5,5.47121e-05,0.00027356,4
8720,8725,8722.5,2.7356e-05,0.00013678,2
8725,8730,8727.5,1.3678e-05,6.83901e-05,1
8730,8735,8732.5,2.7356e-05,0.00013678,2
8755,8760,8757.5,4.10341e-05,0.00020517,3
8760,8765,8762.5,1.3678e-05,6.83901e-05,1
8765,8770,8767.5,1.3678e-05,6.83901e-05,1
8770,8775,8772.5,2.7356e-05,0.00013678,2
8775,8780,8777.5,2.7356e-05,0.00013678,2
8785,8790,8787.5,1.3678e-05,6.83901e-05,1
8790,8795,8792.5,1.3678e-05,6.83901e-05,1
8795,8800,8797.5,2.7356e-05,0.00013678,2
8800,8805,8802.5,1.3678e-05,6.83901e-05,1
8805,8810,8807.5,2.7356e-05,0.00013678,2
8810,8815,8812.5,2.7356e-05,0.00013678,2
8815,8820,8817.5,2.7356e-05,0.00013678,2
8835,8840,8837.5,2.7356e-05,0.00013678,2
8845,8850,8847.5,1.3678e-05,6.83901e-05,1
8850,8855,8852.5,1.3678e-05,6.83901e-05,1
8855,8860,8857.5,2.7356e-05,0.00013678,2
8860,8865,8862.5,1.3678e-05,6.83901e-05,1
8875,8880,8877.5,2.7356e-05,0.00013678,2
8880,8885,8882.5,1.3678e-05,6.83901e-05,1
8885,8890,8887.5,1.3678e-05,6.83901e-05,1
8890,8895,8892.5,1.3678e-05,6.83901e-05,1
8900,8905,8902.5,4.10341e-05,0.00020517,3
8905,8910,8907.5,1.3678e-05,6.83901e-05,1
8910,8915,8912.5,1.3678e-05,6.83901e-05,1
8915,8920,8917.5,1.3678e-05,6.83901e-05,1
8920,8925,8922.5,2.7356e-05,0.00013678,2
8930,8935,8932.5,1.3678e-05,6.83901e-05,1
8935,8940,8937.5,4.10341e-05,0.00020517,3
8940,8945,8942.5,1.3678e-05,6.83901e-05,1
8950,8955,8952.5,2.7356e-05,0.00013678,2
8955,8960,8957.5,1.3678e-05,6.83901e-05,1
8960,8965,8962.5,1.3678e-05,6.83901e-05,1
8975,8980,8977.5,2.7356e-05,0.00013678,2
8980,8985,8982.5,1.3678e-05,6.83901e-05,1
8990,8995,8992.5,2.7356e-05,0.00013678,2
9000,9005,9002.5,1.3678e-05,6.83901e-05,1
9005,9010,9007.5,1.3678e-05,6.83901e-05,1
9010,9015,9012.5,1.3678e-05,6.83901e-05,1
9015,9020,9017.5,1.3678e-05,6.83901e-05,1
9020,9025,9022.5,2.7356e-05,0.00013678,2
9025,9030,9027.5,1.3678e-05,6.83901e-05,1
9030,9035,9032.5,2.7356e-05,0.00013678,2
9035,9040,9037.5,5.47121e-05,0.00027356,4
9040,9045,9042.5,1.3678e-05,6.83901e-05,1
9050,9055,9052.5,1.3678e-05,6.83901e-05,1
9055,9060,9057.5,1.3678e-05,6.83901e-05,1
9060,9065,9062.5,1.3678e-05,6.83901e-05,1
9065,9070,9067.5,1.3678e-05,6.83901e-05,1
9085,9090,9087.5,2.7356e-05,0.00013678,2
9100,9105,9102.5,4.10341e-05,0.00020517,3
9115,9120,9117.5,1.3678e-05,6.83901e-05,1
9125,9130,9127.5,2.7356e-05,0.00013678,2
9130,9135,9132.5,2.7356e-05,0.00013678,2
9140,9145,9142.5,1.3678e-05,6.83901e-05,1
9160,9165,9162.5,1.3678e-05,6.83901e-05,1
9165,9170,9167.5,2.7356e-05,0.00013678,2
9170,9175,9172.5,1.3678e-05,6.83901e-05,1
9175,9180,9177.5,1.3678e-05,6.83901e-05,1
9180,9185,9182.5,2.7356e-05,0.00013678,2
9185,9190,9187.5,2.7356e-05,0.00013678,2
9190,9195,9192.5,1.3678e-05,6.83901e-05,1
9205,9210,9207.5,1.3678e-05,6.83901e-05,1
9210,9215,9212.5,2.7356e-05,0.00013678,2
9215,9220,9217.5,4.10341e-05,0.00020517,3
9220,9225,9222.5,1.3678e-05,6.83901e-05,1
9240,9245,9242.5,1.3678e-05,6.83901e-05,1
9245,9250,9247.5,1.3678e-05,6.83901e-05,1
9250,9255,9252.5,1.3678e-05,6.83901e-05,1
9255,9260,9257.5,5.47121e-05,0.00027356,4
9260,9265,9262.5,1.3678e-05,6.83901e-05,1
9265,9270,9267.5,1.3678e-05,6.83901e-05,1
9280,9285,9282.5,4.10341e-05,0.00020517,3
9290,9295,9292.5,2.7356e-05,0.00013678,2
9295,9300,9297.5,2.7356e-05,0.00013678,2
9305,9310,9307.5,2.7356e-05,0.00013678,2
9310,9315,9312.5,1.3678e-05,6.83901e-05,1
9320,9325,9322.5,2.7356e-05,0.00013678,2
9330,9335,9332.5,2.7356e-05,0.00013678,2
9335,9340,9337.5,1.3678e-05,6.83901e-05,1
9355,9360,9357.5,2.7356e-05,0.00013678,2
9360,9365,9362.5,2.7356e-05,0.00013678,2
9365,9370,9367.5,1.3678e-05,6.83901e-05,1
9385,9390,9387.5,1.3678e-05,6.83901e-05,1
9400,9405,9402.5,1.3678e-05,6.83901e-05,1
9405,9410,9407.5,2.7356e-05,0.00013678,2
9410,9415,9412.5,1.3678e-05,6.83901e-05,1
9415,9420,9417.5,5.47121e-05,0.00027356,4
9425,9430,9427.5,1.3678e-05,6.83901e-05,1
9430,9435,9432.5,1.3678e-05,6.83901e-05,1
9440,9445,9442.5,2.7356e-05,0.00013678,2
9450,9455,9452.5,1.3678e-05,6.83901e-05,1
9460,9465,9462.5,1.3678e-05,6.83901e-05,1
9475,9480,9477.5,2.7356e-05,0.00013678,2
9480,9485,9482.5,1.3678e-05,6.83901e-05,1
9485,9490,9487.5,2.7356e-05,0.00013678,2
9490,9495,9492.5,2.7356e-05,0.00013678,2
9495,9500,9497.5,2.7356e-05,0.00013678,2
9500,9505,9502.5,1.3678e-05,6.83901e-05,1
9510,9515,9512.5,2.7356e-05,0.00013678,2
9520,9525,9522.5,1.3678e-05,6.83901e-05,1
9525,9530,9527.5,4.10341e-05,0.00020517,3
9530,9535,9532.5,1.3678e-05,6.83901e-05,1
9540,9545,9542.5,5.47121e-05,0.00027356,4
9545,9550,9547.5,2.7356e-05,0.00013678,2
9550,9555,9552.5,2.7356e-05,0.00013678,2
9555,9560,9557.5,2.7356e-05,0.00013678,2
9575,9580,9577.5,2.7356e-05,0.00013678,2
9580,9585,9582.5,2.7356e-05,0.00013678,2
9595,9600,9597.5,1.3678e-05,6.83901e-05,1
9600,9605,9602.5,2.7356e-05,0.00013678,2
9605,9610,9607.5,1.3678e-05,6.83901e-05,1
9620,9625,9622.5,1.3678e-05,6.83901e-05,1
9625,9630,9627.5,2.7356e-05,0.00013678,2
9630,9635,9632.5,2.7356e-05,0.00013678,2
9635,9640,9637.5,1.3678e-05,6.83901e-05,1
9640,9645,9642.5,1.3678e-05,6.83901e-05,1
9645,9650,9647.5,2.7356e-05,0.00013678,2
9660,9665,9662.5,1.3678e-05,6.83901e-05,1
9675,9680,9677.5,4.10341e-05,0.00020517,3
9680,9685,9682.5,1.3678e-05,6.83901e-05,1
9685,9690,9687.5,2.7356e-05,0.00013678,2
9695,9700,9697.5,2.7356e-05,0.00013678,2
9710,9715,9712.5,2.7356e-05,0.00013678,2
9725,9730,9727.5,2.7356e-05,0.00013678,2
9730,9735,9732.5,1.3678e-05,6.83901e-05,1
9735,9740,9737.5,1.3678e-05,6.83901e-05,1
9750,9755,9752.5,1.3678e-05,6.83901e-05,1
9755,9760,9757.5,2.7356e-05,0.00013678,2
9765,9770,9767.5,1.3678e-05,6.83901e-05,1
9780,9785,9782.5,1.3678e-05,6.83901e-05,1
9790,9795,9792.5,2.7356e-05,0.00013678,2
9800,9805,9802.5,2.7356e-05,0.00013678,2
9805,9810,9807.5,1.3678e-05,6.83901e-05,1
9810,9815,9812.5,1.3678e-05,6.83901e-05,1
9815,9820,9817.5,1.3678e-05,6.83901e-05,1
9825,9830,9827.5,1.3678e-05,6.83901e-05,1
9840,9845,9842.5,4.10341e-05,0.00020517,3
9845,9850,9847.5,2.7356e-05,0.00013678,2
9850,9855,9852.5,1.3678e-05,6.83901e-05,1
9855,9860,9857.5,2.7356e-05,0.00013678,2
9860,9865,9862.5,1.3678e-05,6.83901e-05,1
9865,9870,9867.5,1.3678e-05,6.83901e-05,1
9870,9875,9872.5,1.3678e-05,6.83901e-05,1
9885,9890,9887.5,4.10341e-05,0.00020517,3
9890,9895,9892.5,1.3678e-05,6.83901e-05,1
9905,9910,9907.5,2.7356e-05,0.00013678,2
9910,9915,9912.5,1.3678e-05,6.83901e-05,1
9920,9925,9922.5,1.3678e-05,6.83901e-05,1
9925,9930,9927.5,2.7356e-05,0.00013678,2
9930,9935,9932.5,2.7356e-05,0.00013678,2
9935,9940,9937.5,1.3678e-05,6.83901e-05,1
9945,9950,9947.5,1.3678e-05,6.83901e-05,1
9950,9955,9952.5,1.3678e-05,6.83901e-05,1
9960,9965,9962.5,1.3678e-05,6.83901e-05,1
9965,9970,9967.5,1.3678e-05,6.83901e-05,1
9970,9975,9972.5,1.3678e-05,6.83901e-05,1
9975,9980,9977.5,1.3678e-05,6.83901e-05,1
9980,9985,9982.5,2.7356e-05,0.00013678,2
9985,9990,9987.5,1.3678e-05,6.83901e-05,1
10000,10005,10002.5,1.3678e-05,6.83901e-05,1
10010,10015,10012.5,2.7356e-05,0.00013678,2
10015,10020,10017.5,2.7356e-05,0.00013678,2
10025,10030,10027.5,4.10341e-05,0.00020517,3
10030,10035,10032.5,2.7356e-05,0.00013678,2
10040,10045,10042.5,2.7356e-05,0.00013678,2
10045,10050,10047.5,2.7356e-05,0.00013678,2
10050,10055,10052.5,1.3678e-05,6.83901e-05,1
10055,10060,10057.5,1.3678e-05,6.83901e-05,1
10070,10075,10072.5,4.10341e-05,0.00020517,3
10075,10080,10077.5,1.3678e-05,6.83901e-05,1
10090,10095,10092.5,1.3678e-05,6.83901e-05,1
10100,10105,10102.5,1.3678e-05,6.83901e-05,1
10105,10110,10107.5,1.3678e-05,6.83901e-05,1
10110,10115,10112.5,1.3678e-05,6.83901e-05,1
10115,10120,10117.5,1.3678e-05,6.83901e-05,1
10120,10125,10122.5,1.3678e-05,6.83901e-05,1
10125,10130,10127.5,1.3678e-05,6.83901e-05,1
10130,10135,10132.5,2.7356e-05,0.00013678,2
10140,10145,10142.5,1.3678e-05,6.83901e-05,1
10165,10170,10167.5,4.10341e-05,0.00020517,3
10180,10185,10182.5,2.7356e-05,0.00013678,2
10185,10190,10187.5,1.3678e-05,6.83901e-05,1
10200,10205,10202.5,1.3678e-05,6.83901e-05,1
10220,10225,10222.5,1.3678e-05,6.83901e-05,1
10225,10230,10227.5,2.7356e-05,0.00013678,2
10235,10240,10237.5,1.3678e-05,6.83901e-05,1
10250,10255,10252.5,2.7356e-05,0.00013678,2
10255,10260,10257.5,1.3678e-05,6.83901e-05,1
10265,10270,10267.5,2.7356e-05,0.00013678,2
10270,10275,10272.5,1.3678e-05,6.83901e-05,1
10275,10280,10277.5,1.3678e-05,6.83901e-05,1
10280,10285,10282.5,1.3678e-05,6.83901e-05,1
10285,10290,10287.5,1.3678e-05,6.83901e-05,1
10290,10295,10292.5,2.7356e-05,0.00013678,2
10295,10300,10297.5,2.7356e-05,0.00013678,2
10300,10305,10302.5,1.3678e-05,6.83901e-05,1
10320,10325,10322.5,1.3678e-05,6.83901e-05,1
10325,10330,10327.5,2.7356e-05,0.00013678,2
10330,10335,10332.5,1.3678e-05,6.83901e-05,1
10335,10340,10337.5,1.3678e-05,6.83901e-05,1
10340,10345,10342.5,2.7356e-05,0.00013678,2
10355,10360,10357.5,1.3678e-05,6.83901e-05,1
10360,10365,10362.5,5.47121e-05,0.00027356,4
10380,10385,10382.5,1.3678e-05,6.83901e-05,1
10390,10395,10392.5,4.10341e-05,0.00020517,3
10400,10405,10402.5,2.7356e-05,0.00013678,2
10415,10420,10417.5,1.3678e-05,6.83901e-05,1
10420,10425,10422.5,4.10341e-05,0.00020517,3
10425,10430,10427.5,1.3678e-05,6.83901e-05,1
10430,10435,10432.5,2.7356e-05,0.00013678,2
10450,10455,10452.5,1.3678e-05,6.83901e-05,1
10455,10460,10457.5,1.3678e-05,6.83901e-05,1
10465,10470,10467.5,2.7356e-05,0.00013678,2
10475,10480,10477.5,1.3678e-05,6.83901e-05,1
10480,10485,10482.5,1.3678e-05,6.83901e-05,1
10490,10495,10492.5,2.7356e-05,0.00013678,2
10495,10500,10497.5,1.3678e-05,6.83901e-05,1
10505,10510,10507.5,1.3678e-05,6.83901e-05,1
10510,10515,10512.5,1.3678e-05,6.83901e-05,1
10520,10525,10522.5,1.3678e-05,6.83901e-05,1
10525,10530,10527.5,1.3678e-05,6.83901e-05,1
10530,10535,10532.5,1.3678e-05,6.83901e-05,1
10535,10540,10537.5,1.3678e-05,6.83901e-05,1
10540,10545,10542.5,2.7356e-05,0.00013678,2
10550,10555,10552.5,5.47121e-05,0.00027356,4
10565,10570,10567.5,2.7356e-05,0.00013678,2
10570,10575,10572.5,1.3678e-05,6.83901e-05,1
10600,10605,10602.5,4.10341e-05,0.00020517,3
10605,10610,10607.5,2.7356e-05,0.00013678,2
10610,10615,10612.5,2.7356e-05,0.00013678,2
10615,10620,10617.5,4.10341e-05,0.00020517,3
10620,10625,10622.5,2.7356e-05,0.00013678,2
10625,10630,10627.5,1.3678e-05,6.83901e-05,1
10630,10635,10632.5,1.3678e-05,6.83901e-05,1
10640,10645,10642.5,1.3678e-05,6.83901e-05,1
10645,10650,10647.5,1.3678e-05,6.83901e-05,1
10650,10655,10652.5,2.7356e-05,0.00013678,2
10670,10675,10672.5,2.7356e-05,0.00013678,2
10680,10685,10682.5,2.7356e-05,0.00013678,2
10685,10690,10687.5,4.10341e-05,0.00020517,3
10695,10700,10697.5,1.3678e-05,6.83901e-05,1
10710,10715,10712.5,2.7356e-05,0.00013678,2
10715,10720,10717.5,2.7356e-05,0.00013678,2
10720,10725,10722.5,1.3678e-05,6.83901e-05,1
10730,10735,10732.5,1.3678e-05,6.83901e-05,1
10735,10740,10737.5,2.7356e-05,0.00013678,2
10755,10760,10757.5,2.7356e-05,0.00013678,2
10765,10770,10767.5,4.10341e-05,0.00020517,3
10770,10775,10772.5,5.47121e-05,0.00027356,4
10780,10785,10782.5,1.3678e-05,6.83901e-05,1
10785,10790,10787.5,1.3678e-05,6.83901e-05,1
10790,10795,10792.5,1.3678e-05,6.83901e-05,1
10800,10805,10802.5,1.3678e-05,6.83901e-05,1
10805,10810,10807.5,1.3678e-05,6.83901e-05,1
10820,10825,10822.5,1.3678e-05,6.83901e-05,1
10825,10830,10827.5,2.7356e-05,0.00013678,2
10830,10835,10832.5,1.3678e-05,6.83901e-05,1
10835,10840,10837.5,1.3678e-05,6.83901e-05,1
10840,10845,10842.5,2.7356e-05,0.00013678,2
10845,10850,10847.5,1.3678e-05,6.83901e-05,1
10855,10860,10857.5,1.3678e-05,6.83901e-05,1
10860,10865,10862.5,2.7356e-05,0.00013678,2
10865,10870,10867.5,2.7356e-05,0.00013678,2
10885,10890,10887.5,1.3678e-05,6.83901e-05,1
10890,10895,10892.5,1.3678e-05,6.83901e-05,1
10905,10910,10907.5,1.3678e-05,6.83901e-05,1
10910,10915,10912.5,1.3678e-05,6.83901e-05,1
10915,10920,10917.5,2.7356e-05,0.00013678,2
10920,10925,10922.5,2.7356e-05,0.00013678,2
10925,10930,10927.5,2.7356e-05,0.00013678,2
10930,10935,10932.5,1.3678e-05,6.83901e-05,1
10940,10945,10942.5,1.3678e-05,6.83901e-05,1
10945,10950,10947.5,1.3678e-05,6.83901e-05,1
10950,10955,10952.5,2.7356e-05,0.00013678,2
10960,10965,10962.5,1.3678e-05,6.83901e-05,1
10970,10975,10972.5,1.3678e-05,6.83901e-05,1
10975,10980,10977.5,2.7356e-05,0.00013678,2
10990,10995,10992.5,1.3678e-05,6.83901e-05,1
10995,11000,10997.5,1.3678e-05,6.83901e-05,1
11000,11005,11002.5,2.7356e-05,0.00013678,2
11005,11010,11007.5,2.7356e-05,0.00013678,2
11035,11040,11037.5,2.7356e-05,0.00013678,2
11040,11045,11042.5,1.3678e-05,6.83901e-05,1
11060,11065,11062.5,1.3678e-05,6.83901e-05,1
11075,11080,11077.5,1.3678e-05,6.83901e-05,1
11085,11090,11087.5,1.3678e-05,6.83901e-05,1
11095,11100,11097.5,2.7356e-05,0.00013678,2
11100,11105,11102.5,1.3678e-05,6.83901e-05,1
11110,11115,11112.5,1.3678e-05,6.83901e-05,1
11115,11120,11117.5,1.3678e-05,6.83901e-05,1
11120,11125,11122.5,1.3678e-05,6.83901e-05,1
11130,11135,11132.5,1.3678e-05,6.83901e-05,1
11140,11145,11142.5,1.3678e-05,6.83901e-05,1
11145,11150,11147.5,1.3678e-05,6.83901e-05,1
11160,11165,11162.5,1.3678e-05,6.83901e-05,1
11165,11170,11167.5,1.3678e-05,6.83901e-05,1
11175,11180,11177.5,2.7356e-05,0.00013678,2
11180,11185,11182.5,1.3678e-05,6.83901e-05,1
11185,11190,11187.5,1.3678e-05,6.83901e-05,1
11190,11195,11192.5,1.3678e-05,6.83901e-05,1
11200,11205,11202.5,1.3678e-05,6.83901e-05,1
11205,11210,11207.5,1.3678e-05,6.83901e-05,1
11225,11230,11227.5,1.3678e-05,6.83901e-05,1
11230,11235,11232.5,1.3678e-05,6.83901e-05,1
11235,11240,11237.5,1.3678e-05,6.83901e-05,1
11240,11245,11242.5,2.7356e-05,0.00013678,2
11245,11250,11247.5,1.3678e-05,6.83901e-05,1
11260,11265,11262.5,1.3678e-05,6.83901e-05,1
11290,11295,11292.5,1.3678e-05,6.83901e-05,1
11305,11310,11307.5,1.3678e-05,6.83901e-05,1
11310,11315,11312.5,1.3678e-05,6.83901e-05,1
11315,11320,11317.5,1.3678e-05,6.83901e-05,1
11325,11330,11327.5,1.3678e-05,6.83901e-05,1
11330,11335,11332.5,1.3678e-05,6.83901e-05,1
11340,11345,11342.5,2.7356e-05,0.00013678,2
11345,11350,11347.5,1.3678e-05,6.83901e-05,1
11350,11355,11352.5,1.3678e-05,6.83901e-05,1
11355,11360,11357.5,4.10341e-05,0.00020517,3
11360,11365,11362.5,1.3678e-05,6.83901e-05,1
11365,11370,11367.5,1.3678e-05,6.83901e-05,1
11370,11375,11372.5,2.7356e-05,0.00013678,2
11375,11380,11377.5,1.3678e-05,6.83901e-05,1
11385,11390,11387.5,1.3678e-05,6.83901e-05,1
11390,11395,11392.5,2.7356e-05,0.00013678,2
11410,11415,11412.5,1.3678e-05,6.83901e-05,1
11420,11425,11422.5,1.3678e-05,6.83901e-05,1
11430,11435,11432.5,1.3678e-05,6.83901e-05,1
11435,11440,11437.5,1.3678e-05,6.83901e-05,1
11440,11445,11442.5,1.3678e-05,6.83901e-05,1
11445,11450,11447.5,1.3678e-05,6.83901e-05,1
11460,11465,11462.5,1.3678e-05,6.83901e-05,1
11465,11470,11467.5,1.3678e-05,6.83901e-05,1
11500,11505,11502.5,2.7356e-05,0.00013678,2
11505,11510,11507.5,1.3678e-05,6.83901e-05,1
11510,11515,11512.5,2.7356e-05,0.00013678,2
11520,11525,11522.5,2.7356e-05,0.00013678,2
11535,11540,11537.5,1.3678e-05,6.83901e-05,1
11540,11545,11542.5,2.7356e-05,0.00013678,2
11545,11550,11547.5,1.3678e-05,6.83901e-05,1
11555,11560,11557.5,2.7356e-05,0.00013678,2
11560,11565,11562.5,2.7356e-05,0.00013678,2
11570,11575,11572.5,1.3678e-05,6.83901e-05,1
11575,11580,11577.5,1.3678e-05,6.83901e-05,1
11595,11600,11597.5,4.10341e-05,0.00020517,3
11600,11605,11602.5,1.3678e-05,6.83901e-05,1
11605,11610,11607.5,1.3678e-05,6.83901e-05,1
11615,11620,11617.5,1.3678e-05,6.83901e-05,1
11630,11635,11632.5,2.7356e-05,0.00013678,2
11640,11645,11642.5,1.3678e-05,6.83901e-05,1
11665,11670,11667.5,2.7356e-05,0.00013678,2
11675,11680,11677.5,2.7356e-05,0.00013678,2
11685,11690,11687.5,1.3678e-05,6.83901e-05,1
11700,11705,11702.5,1.3678e-05,6.83901e-05,1
11705,11710,11707.5,4.10341e-05,0.00020517,3
11710,11715,11712.5,1.3678e-05,6.83901e-05,1
11720,11725,11722.5,1.3678e-05,6.83901e-05,1
11730,11735,11732.5,1.3678e-05,6.83901e-05,1
11740,11745,11742.5,2.7356e-05,0.00013678,2
11750,11755,11752.5,2.7356e-05,0.00013678,2
11755,11760,11757.5,1.3678e-05,6.83901e-05,1
11780,11785,11782.5,1.3678e-05,6.83901e-05,1
11785,11790,11787.5,1.3678e-05,6.83901e-05,1
11795,11800,11797.5,2.7356e-05,0.00013678,2
11800,11805,11802.5,2.7356e-05,0.00013678,2
11805,11810,11807.5,1.3678e-05,6.83901e-05,1
11820,11825,11822.5,1.3678e-05,6.83901e-05,1
11825,11830,11827.5,1.3678e-05,6.83901e-05,1
11830,11835,11832.5,1.3678e-05,6.83901e-05,1
11835,11840,11837.5,1.3678e-05,6.83901e-05,1
11850,11855,11852.5,4.10341e-05,0.00020517,3
11855,11860,11857.5,1.3678e-05,6.83901e-05,1
11860,11865,11862.5,1.3678e-05,6.83901e-05,1
11865,11870,11867.5,2.7356e-05,0.00013678,2
11870,11875,11872.5,1.3678e-05,6.83901e-05,1
11885,11890,11887.5,1.3678e-05,6.83901e-05,1
11905,11910,11907.5,1.3678e-05,6.83901e-05,1
11915,11920,11917.5,1.3678e-05,6.83901e-05,1
11925,11930,11927.5,1.3678e-05,6.83901e-05,1
11935,11940,11937.5,1.3678e-05,6.83901e-05,1
11950,11955,11952.5,2.7356e-05,0.00013678,2
11975,11980,11977.5,1.3678e-05,6.83901e-05,1
11980,11985,11982.5,2.7356e-05,0.00013678,2
11985,11990,11987.5,1.3678e-05,6.83901e-05,1
11990,11995,11992.5,1.3678e-05,6.83901e-05,1
11995,12000,11997.5,2.7356e-05,0.00013678,2
12000,12005,12002.5,2.7356e-05,0.00013678,2
12010,12015,12012.5,2.7356e-05,0.00013678,2
12020,12025,12022.5,2.7356e-05,0.00013678,2
12025,12030,12027.5,1.3678e-05,6.83901e-05,1
12045,12050,12047.5,1.3678e-05,6.83901e-05,1
12060,12065,12062.5,2.7356e-05,0.00013678,2
12080,12085,12082.5,1.3678e-05,6.83901e-05,1
12100,12105,12102.5,1.3678e-05,6.83901e-05,1
12105,12110,12107.5,1.3678e-05,6.83901e-05,1
12125,12130,12127.5,1.3678e-05,6.83901e-05,1
12135,12140,12137.5,1.3678e-05,6.83901e-05,1
12140,12145,12142.5,1.3678e-05,6.83901e-05,1
12150,12155,12152.5,1.3678e-05,6.83901e-05,1
12180,12185,12182.5,1.3678e-05,6.83901e-05,1
12185,12190,12187.5,1.3678e-05,6.83901e-05,1
12200,12205,12202.5,1.3678e-05,6.83901e-05,1
12225,12230,12227.5,1.3678e-05,6.83901e-05,1
12230,12235,12232.5,1.3678e-05,6.83901e-05,1
12235,12240,12237.5,2.7356e-05,0.00013678,2
12240,12245,12242.5,1.3678e-05,6.83901e-05,1
12245,12250,12247.5,1.3678e-05,6.83901e-05,1
12250,12255,12252.5,2.7356e-05,0.00013678,2
12255,12260,12257.5,1.3678e-05,6.83901e-05,1
12260,12265,12262.5,1.3678e-05,6.83901e-05,1
12265,12270,12267.5,1.3678e-05,6.83901e-05,1
12270,12275,12272.5,1.3678e-05,6.83901e-05,1
12280,12285,12282.5,1.3678e-05,6.83901e-05,1
12290,12295,12292.5,1.3678e-05,6.83901e-05,1
12295,12300,12297.5,1.3678e-05,6.83901e-05,1
12300,12305,12302.5,1.3678e-05,6.83901e-05,1
12305,12310,12307.5,2.7356e-05,0.00013678,2
12330,12335,12332.5,1.3678e-05,6.83901e-05,1
12335,12340,12337.5,1.3678e-05,6.83901e-05,1
12345,12350,12347.5,1.3678e-05,6.83901e-05,1
12350,12355,12352.5,1.3678e-05,6.83901e-05,1
12355,12360,12357.5,1.3678e-05,6.83901e-05,1
12360,12365,12362.5,2.7356e-05,0.00013678,2
12365,12370,12367.5,1.3678e-05,6.83901e-05,1
12380,12385,12382.5,1.3678e-05,6.83901e-05,1
12385,12390,12387.5,1.3678e-05,6.83901e-05,1
12405,12410,12407.5,1.3678e-05,6.83901e-05,1
12420,12425,12422.5,1.3678e-05,6.83901e-05,1
12425,12430,12427.5,1.3678e-05,6.83901e-05,1
12430,12435,12432.5,1.3678e-05,6.83901e-05,1
12435,12440,12437.5,2.7356e-05,0.00013678,2
12440,12445,12442.5,2.7356e-05,0.00013678,2
12445,12450,12447.5,2.7356e-05,0.00013678,2
12450,12455,12452.5,1.3678e-05,6.83901e-05,1
12455,12460,12457.5,1.3678e-05,6.83901e-05,1
12485,12490,12487.5,1.3678e-05,6.83901e-05,1
12500,12505,12502.5,1.3678e-05,6.83901e-05,1
12505,12510,12507.5,1.3678e-05,6.83901e-05,1
12510,12515,12512.5,1.3678e-05,6.83901e-05,1
12525,12530,12527.5,1.3678e-05,6.83901e-05,1
12530,12535,12532.5,1.3678e-05,6.83901e-05,1
12535,12540,12537.5,1.3678e-05,6.83901e-05,1
12545,12550,12547.5,1.3678e-05,6.83901e-05,1
12560,12565,12562.5,1.3678e-05,6.83901e-05,1
12565,12570,12567.5,1.3678e-05,6.83901e-05,1
12580,12585,12582.5,1.3678e-05,6.83901e-05,1
12590,12595,12592.5,1.3678e-05,6.83901e-05,1
12595,12600,12597.5,1.3678e-05,6.83901e-05,1
12605,12610,12607.5,1.3678e-05,6.83901e-05,1
12635,12640,12637.5,1.3678e-05,6.83901e-05,1
12640,12645,12642.5,4.10341e-05,0.00020517,3
12645,12650,12647.5,1.3678e-05,6.83901e-05,1
12670,12675,12672.5,1.3678e-05,6.83901e-05,1
12675,12680,12677.5,1.3678e-05,6.83901e-05,1
12690,12695,12692.5,1.3678e-05,6.83901e-05,1
12695,12700,12697.5,1.3678e-05,6.83901e-05,1
12705,12710,12707.5,2.7356e-05,0.00013678,2
12720,12725,12722.5,2.7356e-05,0.00013678,2
12740,12745,12742.5,1.3678e-05,6.83901e-05,1
12750,12755,12752.5,2.7356e-05,0.00013678,2
12760,12765,12762.5,1.3678e-05,6.83901e-05,1
12775,12780,12777.5,1.3678e-05,6.83901e-05,1
12800,12805,12802.5,1.3678e-05,6.83901e-05,1
12805,12810,12807.5,1.3678e-05,6.83901e-05,1
12845,12850,12847.5,1.3678e-05,6.83901e-05,1
12850,12855,12852.5,1.3678e-05,6.83901e-05,1
12865,12870,12867.5,1.3678e-05,6.83901e-05,1
12880,12885,12882.5,1.3678e-05,6.83901e-05,1
12890,12895,12892.5,1.3678e-05,6.83901e-05,1
12895,12900,12897.5,1.3678e-05,6.83901e-05,1
12900,12905,12902.5,1.3678e-05,6.83901e-05,1
12945,12950,12947.5,4.10341e-05,0.00020517,3
13005,13010,13007.5,1.3678e-05,6.83901e-05,1
13025,13030,13027.5,1.3678e-05,6.83901e-05,1
13030,13035,13032.5,2.7356e-05,0.00013678,2
13045,13050,13047.5,1.3678e-05,6.83901e-05,1
13060,13065,13062.5,2.7356e-05,0.00013678,2
13075,13080,13077.5,1.3678e-05,6.83901e-05,1
13080,13085,13082.5,1.3678e-05,6.83901e-05,1
13090,13095,13092.5,1.3678e-05,6.83901e-05,1
13095,13100,13097.5,1.3678e-05,6.83901e-05,1
13100,13105,13102.5,1.3678e-05,6.83901e-05,1
13125,13130,13127.5,1.3678e-05,6.83901e-05,1
13130,13135,13132.5,1.3678e-05,6.83901e-05,1
13150,13155,13152.5,1.3678e-05,6.83901e-05,1
13160,13165,13162.5,1.3678e-05,6.83901e-05,1
13185,13190,13187.5,1.3678e-05,6.83901e-05,1
13190,13195,13192.5,1.3678e-05,6.83901e-05,1
13205,13210,13207.5,1.3678e-05,6.83901e-05,1
13225,13230,13227.5,1.3678e-05,6.83901e-05,1
13235,13240,13237.5,1.3678e-05,6.83901e-05,1
13240,13245,13242.5,2.7356e-05,0.00013678,2
13265,13270,13267.5,1.3678e-05,6.83901e-05,1
13275,13280,13277.5,1.3678e-05,6.83901e-05,1
13290,13295,13292.5,1.3678e-05,6.83901e-05,1
13295,13300,13297.5,1.3678e-05,6.83901e-05,1
13320,13325,13322.5,2.7356e-05,0.00013678,2
13325,13330,13327.5,1.3678e-05,6.83901e-05,1
13355,13360,13357.5,1.3678e-05,6.83901e-05,1
13365,13370,13367.5,1.3678e-05,6.83901e-05,1
13370,13375,13372.5,1.3678e-05,6.83901e-05,1
13400,13405,13402.5,1.3678e-05,6.83901e-05,1
13415,13420,13417.5,1.3678e-05,6.83901e-05,1
13420,13425,13422.5,1.3678e-05,6.83901e-05,1
13450,13455,13452.5,1.3678e-05,6.83901e-05,1
13460,13465,13462.5,1.3678e-05,6.83901e-05,1
13470,13475,13472.5,1.3678e-05,6.83901e-05,1
13475,13480,13477.5,1.3678e-05,6.83901e-05,1
13480,13485,13482.5,1.3678e-05,6.83901e-05,1
13515,13520,13517.5,2.7356e-05,0.00013678,2
13555,13560,13557.5,2.7356e-05,0.00013678,2
13570,13575,13572.5,1.3678e-05,6.83901e-05,1
13575,13580,13577.5,1.3678e-05,6.83901e-05,1
13585,13590,13587.5,1.3678e-05,6.83901e-05,1
13590,13595,13592.5,1.3678e-05,6.83901e-05,1
13615,13620,13617.5,2.7356e-05,0.00013678,2
13630,13635,13632.5,1.3678e-05,6.83901e-05,1
13635,13640,13637.5,2.7356e-05,0.00013678,2
13690,13695,13692.5,1.3678e-05,6.83901e-05,1
13705,13710,13707.5,1.3678e-05,6.83901e-05,1
13720,13725,13722.5,1.3678e-05,6.83901e-05,1
13745,13750,13747.5,2.7356e-05,0.00013678,2
13760,13765,13762.5,1.3678e-05,6.83901e-05,1
13770,13775,13772.5,1.3678e-05,6.83901e-05,1
13785,13790,13787.5,1.3678e-05,6.83901e-05,1
13790,13795,13792.5,2.7356e-05,0.00013678,2
13795,13800,13797.5,1.3678e-05,6.83901e-05,1
13810,13815,13812.5,1.3678e-05,6.83901e-05,1
13815,13820,13817.5,1.3678e-05,6.83901e-05,1
13840,13845,13842.5,1.3678e-05,6.83901e-05,1
13875,13880,13877.5,2.7356e-05,0.00013678,2
13885,13890,13887.5,1.3678e-05,6.83901e-05,1
13900,13905,13902.5,1.3678e-05,6.83901e-05,1
13910,13915,13912.5,1.3678e-05,6.83901e-05,1
13925,13930,13927.5,2.7356e-05,0.00013678,2
13935,13940,13937.5,4.10341e-05,0.00020517,3
13955,13960,13957.5,2.7356e-05,0.00013678,2
13960,13965,13962.5,1.3678e-05,6.83901e-05,1
13990,13995,13992.5,2.7356e-05,0.00013678,2
14015,14020,14017.5,1.3678e-05,6.83901e-05,1
14025,14030,14027.5,1.3678e-05,6.83901e-05,1
14040,14045,14042.5,1.3678e-05,6.83901e-05,1
14070,14075,14072.5,2.7356e-05,0.00013678,2
14085,14090,14087.5,1.3678e-05,6.83901e-05,1
14120,14125,14122.5,1.3678e-05,6.83901e-05,1
14140,14145,14142.5,1.3678e-05,6.83901e-05,1
14195,14200,14197.5,1.3678e-05,6.83901e-05,1
14200,14205,14202.5,1.3678e-05,6.83901e-05,1
14220,14225,14222.5,1.3678e-05,6.83901e-05,1
14240,14245,14242.5,1.3678e-05,6.83901e-05,1
14250,14255,14252.5,1.3678e-05,6.83901e-05,1
14275,14280,14277.5,1.3678e-05,6.83901e-05,1
14280,14285,14282.5,1.3678e-05,6.83901e-05,1
14285,14290,14287.5,1.3678e-05,6.83901e-05,1
14340,14345,14342.5,1.3678e-05,6.83901e-05,1
14355,14360,14357.5,1.3678e-05,6.83901e-05,1
14380,14385,14382.5,1.3678e-05,6.83901e-05,1
14395,14400,14397.5,1.3678e-05,6.83901e-05,1
14430,14435,14432.5,1.3678e-05,6.83901e-05,1
14495,14500,14497.5,2.7356e-05,0.00013678,2
14505,14510,14507.5,1.3678e-05,6.83901e-05,1
14520,14525,14522.5,1.3678e-05,6.83901e-05,1
14530,14535,14532.5,1.3678e-05,6.83901e-05,1
14635,14640,14637.5,1.3678e-05,6.83901e-05,1
14700,14705,14702.5,1.3678e-05,6.83901e-05,1
14715,14720,14717.5,1.3678e-05,6.83901e-05,1
14725,14730,14727.5,1.3678e-05,6.83901e-05,1
14760,14765,14762.5,1.3678e-05,6.83901e-05,1
14780,14785,14782.5,1.3678e-05,6.83901e-05,1
14790,14795,14792.5,2.7356e-05,0.00013678,2
14840,14845,14842.5,1.3678e-05,6.83901e-05,1
14860,14865,14862.5,1.3678e-05,6.83901e-05,1
14875,14880,14877.5,1.3678e-05,6.83901e-05,1
14900,14905,14902.5,1.3678e-05,6.83901e-05,1
14905,14910,14907.5,1.3678e-05,6.83901e-05,1
14910,14915,14912.5,1.3678e-05,6.83901e-05,1
14920,14925,14922.5,1.3678e-05,6.83901e-05,1
14980,14985,14982.5,1.3678e-05,6.83901e-05,1
14990,14995,14992.5,2.7356e-05,0.00013678,2
15015,15020,15017.5,1.3678e-05,6.83901e-05,1
15020,15025,15022.5,1.3678e-05,6.83901e-05,1
15045,15050,15047.5,1.3678e-05,6.83901e-05,1
15055,15060,15057.5,1.3678e-05,6.83901e-05,1
15095,15100,15097.5,1.3678e-05,6.83901e-05,1
15100,15105,15102.5,1.3678e-05,6.83901e-05,1
15125,15130,15127.5,1.3678e-05,6.83901e-05,1
15130,15135,15132.5,1.3678e-05,6.83901e-05,1
15170,15175,15172.5,1.3678e-05,6.83901e-05,1
15175,15180,15177.5,1.3678e-05,6.83901e-05,1
15195,15200,15197.5,1.3678e-05,6.83901e-05,1
15210,15215,15212.5,1.3678e-05,6.83901e-05,1
15230,15235,15232.5,1.3678e-05,6.83901e-05,1
15235,15240,15237.5,1.3678e-05,6.83901e-05,1
15270,15275,15272.5,2.7356e-05,0.00013678,2
15325,15330,15327.5,1.3678e-05,6.83901e-05,1
15340,15345,15342.5,1.3678e-05,6.83901e-05,1
15365,15370,15367.5,1.3678e-05,6.83901e-05,1
15435,15440,15437.5,1.3678e-05,6.83901e-05,1
15445,15450,15447.5,1.3678e-05,6.83901e-05,1
15455,15460,15457.5,1.3678e-05,6.83901e-05,1
15505,15510,15507.5,1.3678e-05,6.83901e-05,1
15550,15555,15552.5,1.3678e-05,6.83901e-05,1
15560,15565,15562.5,1.3678e-05,6.83901e-05,1
15605,15610,15607.5,2.7356e-05,0.00013678,2
15615,15620,15617.5,1.3678e-05,6.83901e-05,1
15625,15630,15627.5,1.3678e-05,6.83901e-05,1
15740,15745,15742.5,1.3678e-05,6.83901e-05,1
15830,15835,15832.5,1.3678e-05,6.83901e-05,1
15850,15855,15852.5,1.3678e-05,6.83901e-05,1
15915,15920,15917.5,1.3678e-05,6.83901e-05,1
15970,15975,15972.5,1.3678e-05,6.83901e-05,1
15985,15990,15987.5,1.3678e-05,6.83901e-05,1
15995,16000,15997.5,1.3678e-05,6.83901e-05,1
16000,16005,16002.5,1.3678e-05,6.83901e-05,1
16025,16030,16027.5,1.3678e-05,6.83901e-05,1
16050,16055,16052.5,1.3678e-05,6.83901e-05,1
16115,16120,16117.5,1.3678e-05,6.83901e-05,1
16195,16200,16197.5,1.3678e-05,6.83901e-05,1
16225,16230,16227.5,1.3678e-05,6.83901e-05,1
16345,16350,16347.5,1.3678e-05,6.83901e-05,1
16360,16365,16362.5,1.3678e-05,6.83901e-05,1
16515,16520,16517.5,1.3678e-05,6.83901e-05,1
16550,16555,16552.5,1.3678e-05,6.83901e-05,1
16565,16570,16567.5,1.3678e-05,6.83901e-05,1
16570,16575,16572.5,1.3678e-05,6.83901e-05,1
16625,16630,16627.5,1.3678e-05,6.83901e-05,1
16650,16655,16652.5,1.3678e-05,6.83901e-05,1
16670,16675,16672.5,1.3678e-05,6.83901e-05,1
16940,16945,16942.5,1.3678e-05,6.83901e-05,1
17160,17165,17162.5,1.3678e-05,6.83901e-05,1
17200,17205,17202.5,1.3678e-05,6.83901e-05,1
17480,17485,17482.5,1.3678e-05,6.83901e-05,1
17545,17550,17547.5,1.3678e-05,6.83901e-05,1
17600,17605,17602.5,1.3678e-05,6.83901e-05,1
17640,17645,17642.5,1.3678e-05,6.83901e-05,1
17715,17720,17717.5,1.3678e-05,6.83901e-05,1
17955,17960,17957.5,1.3678e-05,6.83901e-05,1
18045,18050,18047.5,2.7356e-05,0.00013678,2
18385,18390,18387.5,1.3678e-05,6.83901e-05,1
18425,18430,18427.5,1.3678e-05,6.83901e-05,1
18530,18535,18532.5,1.3678e-05,6.83901e-05,1
18725,18730,18727.5,1.3678e-05,6.83901e-05,1
18800,18805,18802.5,1.3678e-05,6.83901e-05,1
18830,18835,18832.5,1.3678e-05,6.83901e-05,1
21930,21935,21932.5,1.3678e-05,6.83901e-05,1
VO Delay PDF CSV saved: scratch/delay_pdf/pedca_vo_delay_pdf.csv

P-EDCA STA Delay PDF CSV saved: scratch/delay_pdf/11be/adaptive_compare/adaptive_k5_s3.csv
Legacy STA Delay PDF CSV saved: scratch/delay_pdf/11be/adaptive_compare/adaptiveL_k5_s3.csv
--- EXTENDED_STATS_BEGIN ---
PEDCA_STA_SUCC_COUNT: 3016
PEDCA_STA_FAIL_COUNT: 91
PEDCA_STA_ZERO_RETX: 3016
LEGACY_STA_SUCC_COUNT: 11606
LEGACY_STA_FAIL_COUNT: 1775
LEGACY_STA_ZERO_RETX: 11605
PEDCA_STA_AVG_MAC_DELAY: 1869.52
PEDCA_STA_AVG_QUEUE_DELAY: 1590.61
PEDCA_STA_AVG_ACCESS_DELAY: 278.911
LEGACY_STA_AVG_MAC_DELAY: 2905.84
LEGACY_STA_AVG_QUEUE_DELAY: 2565.45
LEGACY_STA_AVG_ACCESS_DELAY: 340.382
--- EXTENDED_STATS_END ---
