[INFO] std::clog redirected to: scratch/delay_pdf/11be/adaptive_compare/adaptive_k5_s1.log

--- Per-STA P-EDCA Detail ---
  STA0: DS-CTS=437 S2Entry=437 S2Tx=283 PedcaOK=282 EdcaOK=325 FailCTS=1 FailColl=0 FailExp=0 Defer=0
  STA1: DS-CTS=153 S2Entry=153 S2Tx=120 PedcaOK=120 EdcaOK=602 FailCTS=0 FailColl=0 FailExp=0 Defer=0
  STA2: DS-CTS=412 S2Entry=412 S2Tx=285 PedcaOK=285 EdcaOK=233 FailCTS=0 FailColl=0 FailExp=0 Defer=0
  STA3: DS-CTS=338 S2Entry=338 S2Tx=249 PedcaOK=249 EdcaOK=413 FailCTS=0 FailColl=0 FailExp=0 Defer=0
  STA4: DS-CTS=94 S2Entry=94 S2Tx=74 PedcaOK=74 EdcaOK=666 FailCTS=0 FailColl=0 FailExp=0 Defer=0

=== General Statistics ===
P-EDCA Ratio: 0.1667
P-EDCA STAs: 5/30
P-EDCA Share (Avg Per-STA P-EDCA Tx/Total Tx): 33.1422 %
Avg P-EDCA Attempt Success Rate: 72.9058 %
Global P-EDCA Tx Success: 1010
Global EDCA Tx Success: 2239
Global P-EDCA Attempt (DS-CTS Sent): 1434

--- P-EDCA Detailed Trace ---
Stage 2 Entered: 1434
Stage 2 TX Started: 1011
P-EDCA Fail RTS No CTS: 1
P-EDCA Fail RTS Collision: 0
P-EDCA Fail Timing Expired: 0
P-EDCA Fail Deferral: 0
Total VO TX (P-EDCA+EDCA): 3249
Global P-EDCA Share: 31.0865 %
Global EDCA Share: 68.9135 %
Channel Idle Time (AP): 23.9359 % (1.67551e+06 us / 7e+06 us)
Total Successes:       14404
Total Failures:        1754
Total Retransmissions: 0

--- Per-AC Success Statistics ---
AC_BE:
  Successes:         40
  Throughput:        0.0457143 Mbps
  Packet Loss:       11.1111 %
  Avg Retx/MPDU:     0
  Avg Queue Delay:   -1.07083e+06 us (Enqueue->TxStart)
  Avg Access Delay:  1.12783e+06 us (TxStart->Ack)
  Avg MAC Delay:     57006.8 us (Total: Enqueue->Ack)

AC_VO:
  Successes:         14364
  Throughput:        16.416 Mbps
  Packet Loss:       10.8546 %
  Avg Retx/MPDU:     0
  Avg Queue Delay:   2458.34 us (Enqueue->TxStart)
  Avg Access Delay:  332.044 us (TxStart->Ack)
  Avg MAC Delay:     2790.39 us (Total: Enqueue->Ack)

--- Per-AC Failure Statistics ---
AC_BE Failures: 5
AC_VO Failures: 1749

--- Failure Reasons by AC ---
  AC_BE EXPIRED_LIFETIME: 5
  AC_VO RETRY_LIMIT: 1749


=== Extended P-EDCA vs Legacy Statistics ===

--- [Stat 1] Delay by STA Type ---
P-EDCA STAs (5 STAs):
  Successes:         3303
  Failures:          41
  Throughput:        3.77486 Mbps
  Packet Loss:       1.22608 %
  Avg Queue Delay:   1585.35 us
  Avg Access Delay:  261.867 us
  Avg MAC Delay:     1847.22 us
  Median MAC Delay:  1365 us
  P95 MAC Delay:     4253 us
  P99 MAC Delay:     7235 us
Legacy EDCA STAs (25 STAs):
  Successes:         11061
  Failures:          1708
  Throughput:        12.6411 Mbps
  Packet Loss:       13.3761 %
  Avg Queue Delay:   2719.03 us
  Avg Access Delay:  352.999 us
  Avg MAC Delay:     3072.03 us
  Median MAC Delay:  1972 us
  P95 MAC Delay:     10410 us
  P99 MAC Delay:     14774 us

--- [Stat 2] Per-STA P-EDCA Attempt Count (DS-CTS Sent) ---
  STA0: 437 P-EDCA attempts
  STA1: 153 P-EDCA attempts
  STA2: 412 P-EDCA attempts
  STA3: 338 P-EDCA attempts
  STA4: 94 P-EDCA attempts
  Total: 1434 P-EDCA attempts across 5 P-EDCA STAs
  Avg per P-EDCA STA: 286.8

--- [Stat 3] P-EDCA One-Shot Success Probability ---
  P-EDCA Success / DS-CTS Sent:      1010 / 1434 = 70.4324 %
  P-EDCA Success / Stage2 TX Started: 1010 / 1011 = 99.9011 %  (given RTS was actually sent)

--- [Stat 4] EDCA One-Shot Success Ratio (0 retransmissions) ---
  Legacy STAs: 11061 / 11061 = 100 %
  P-EDCA STAs: 3303 / 3303 = 100 %  (MAC-level, includes both P-EDCA and EDCA paths)

--- [Stat 5] P-EDCA Kickback-to-EDCA Probability ---
  Total P-EDCA Failures: 1 / 1434 DS-CTS = 0.069735 %
    RTS No CTS:       1 (0.069735 %)
    RTS Collision:    0 (0 %)
    Timing Expired:   0 (0 %)
    Deferral:         0 (0 %)

--- [Stat 6] P-EDCA RTS Collision Probability ---
  RTS Collision / Stage2 TX Started: 0 / 1011 = 0 %
  RTS Collision / DS-CTS Sent:       0 / 1434 = 0 %

--- [Stat 7] P-EDCA Attempts per Successful P-EDCA TX ---
  DS-CTS Sent / P-EDCA Success: 1434 / 1010 = 1.4198 attempts/success
  Stage2 TX / P-EDCA Success:   1011 / 1010 = 1.00099 RTS/success

--- VO Delay PDF (MAC Delay) ---
bin_start_us,bin_end_us,bin_mid_us,pdf_per_us,probability,count
210,215,212.5,1.39237e-05,6.96185e-05,1
215,220,217.5,0.000125313,0.000626566,9
220,225,222.5,9.74659e-05,0.000487329,7
225,230,227.5,0.000139237,0.000696185,10
230,235,232.5,6.96185e-05,0.000348092,5
235,240,237.5,0.000153161,0.000765803,11
240,245,242.5,0.000208855,0.00104428,15
245,250,247.5,8.35422e-05,0.000417711,6
250,255,252.5,8.35422e-05,0.000417711,6
255,260,257.5,0.00011139,0.000556948,8
260,265,262.5,0.000181008,0.00090504,13
265,270,267.5,9.74659e-05,0.000487329,7
270,275,272.5,9.74659e-05,0.000487329,7
275,280,277.5,6.96185e-05,0.000348092,5
280,285,282.5,0.000194932,0.000974659,14
285,290,287.5,9.74659e-05,0.000487329,7
290,295,292.5,0.000125313,0.000626566,9
295,300,297.5,0.000125313,0.000626566,9
300,305,302.5,8.35422e-05,0.000417711,6
305,310,307.5,8.35422e-05,0.000417711,6
310,315,312.5,0.000153161,0.000765803,11
315,320,317.5,8.35422e-05,0.000417711,6
320,325,322.5,0.000181008,0.00090504,13
325,330,327.5,9.74659e-05,0.000487329,7
330,335,332.5,0.000181008,0.00090504,13
335,340,337.5,0.000125313,0.000626566,9
340,345,342.5,0.00064049,0.00320245,46
345,350,347.5,0.000918964,0.00459482,66
350,355,352.5,0.000584795,0.00292398,42
355,360,357.5,0.000543024,0.00271512,39
360,365,362.5,0.000501253,0.00250627,36
365,370,367.5,0.000696185,0.00348092,50
370,375,372.5,0.000529101,0.0026455,38
375,380,377.5,0.000236703,0.00118351,17
380,385,382.5,0.000236703,0.00118351,17
385,390,387.5,0.000389864,0.00194932,28
390,395,392.5,0.000250627,0.00125313,18
395,400,397.5,0.000167084,0.000835422,12
400,405,402.5,0.00037594,0.0018797,27
405,410,407.5,0.000403787,0.00201894,29
410,415,412.5,0.000306321,0.00153161,22
415,420,417.5,0.000417711,0.00208855,30
420,425,422.5,0.00037594,0.0018797,27
425,430,427.5,0.000403787,0.00201894,29
430,435,432.5,0.000250627,0.00125313,18
435,440,437.5,0.000208855,0.00104428,15
440,445,442.5,0.000222779,0.0011139,16
445,450,447.5,0.000139237,0.000696185,10
450,455,452.5,0.0181008,0.090504,1300
455,460,457.5,0.000208855,0.00104428,15
460,465,462.5,0.000125313,0.000626566,9
465,470,467.5,0.000250627,0.00125313,18
470,475,472.5,0.000292398,0.00146199,21
475,480,477.5,0.000334169,0.00167084,24
480,485,482.5,0.000292398,0.00146199,21
485,490,487.5,0.000348092,0.00174046,25
490,495,492.5,0.000236703,0.00118351,17
495,500,497.5,0.000334169,0.00167084,24
500,505,502.5,0.000292398,0.00146199,21
505,510,507.5,0.000250627,0.00125313,18
510,515,512.5,0.000334169,0.00167084,24
515,520,517.5,0.000278474,0.00139237,20
520,525,522.5,0.000334169,0.00167084,24
525,530,527.5,0.000278474,0.00139237,20
530,535,532.5,0.000348092,0.00174046,25
535,540,537.5,0.000320245,0.00160123,23
540,545,542.5,0.000389864,0.00194932,28
545,550,547.5,0.000222779,0.0011139,16
550,555,552.5,0.00026455,0.00132275,19
555,560,557.5,0.000278474,0.00139237,20
560,565,562.5,0.000473406,0.00236703,34
565,570,567.5,0.000139237,0.000696185,10
570,575,572.5,0.000320245,0.00160123,23
575,580,577.5,0.000250627,0.00125313,18
580,585,582.5,0.000362016,0.00181008,26
585,590,587.5,0.000292398,0.00146199,21
590,595,592.5,0.000348092,0.00174046,25
595,600,597.5,0.000181008,0.00090504,13
600,605,602.5,0.000306321,0.00153161,22
605,610,607.5,0.000278474,0.00139237,20
610,615,612.5,0.000278474,0.00139237,20
615,620,617.5,0.000208855,0.00104428,15
620,625,622.5,0.000543024,0.00271512,39
625,630,627.5,0.000306321,0.00153161,22
630,635,632.5,0.000515177,0.00257588,37
635,640,637.5,0.000320245,0.00160123,23
640,645,642.5,0.000362016,0.00181008,26
645,650,647.5,0.000292398,0.00146199,21
650,655,652.5,0.000389864,0.00194932,28
655,660,657.5,0.000306321,0.00153161,22
660,665,662.5,0.000292398,0.00146199,21
665,670,667.5,0.000348092,0.00174046,25
670,675,672.5,0.00445558,0.0222779,320
675,680,677.5,0.000181008,0.00090504,13
680,685,682.5,0.00026455,0.00132275,19
685,690,687.5,0.000306321,0.00153161,22
690,695,692.5,0.00026455,0.00132275,19
695,700,697.5,0.000278474,0.00139237,20
700,705,702.5,0.000236703,0.00118351,17
705,710,707.5,0.000292398,0.00146199,21
710,715,712.5,0.000194932,0.000974659,14
715,720,717.5,0.000181008,0.00090504,13
720,725,722.5,0.000320245,0.00160123,23
725,730,727.5,0.000334169,0.00167084,24
730,735,732.5,0.000250627,0.00125313,18
735,740,737.5,0.000236703,0.00118351,17
740,745,742.5,0.000222779,0.0011139,16
745,750,747.5,0.000278474,0.00139237,20
750,755,752.5,0.000250627,0.00125313,18
755,760,757.5,9.74659e-05,0.000487329,7
760,765,762.5,0.000278474,0.00139237,20
765,770,767.5,0.000222779,0.0011139,16
770,775,772.5,0.000250627,0.00125313,18
775,780,777.5,0.000306321,0.00153161,22
780,785,782.5,0.000389864,0.00194932,28
785,790,787.5,0.000236703,0.00118351,17
790,795,792.5,0.000208855,0.00104428,15
795,800,797.5,0.000194932,0.000974659,14
800,805,802.5,0.000222779,0.0011139,16
805,810,807.5,0.000222779,0.0011139,16
810,815,812.5,0.000320245,0.00160123,23
815,820,817.5,0.000153161,0.000765803,11
820,825,822.5,0.000167084,0.000835422,12
825,830,827.5,0.000208855,0.00104428,15
830,835,832.5,0.000236703,0.00118351,17
835,840,837.5,0.000208855,0.00104428,15
840,845,842.5,0.000389864,0.00194932,28
845,850,847.5,0.000250627,0.00125313,18
850,855,852.5,0.000348092,0.00174046,25
855,860,857.5,0.000167084,0.000835422,12
860,865,862.5,0.000236703,0.00118351,17
865,870,867.5,0.000292398,0.00146199,21
870,875,872.5,0.00026455,0.00132275,19
875,880,877.5,0.000250627,0.00125313,18
880,885,882.5,0.000236703,0.00118351,17
885,890,887.5,0.000320245,0.00160123,23
890,895,892.5,0.000849346,0.00424673,61
895,900,897.5,0.000320245,0.00160123,23
900,905,902.5,0.000320245,0.00160123,23
905,910,907.5,0.000167084,0.000835422,12
910,915,912.5,0.000139237,0.000696185,10
915,920,917.5,0.000139237,0.000696185,10
920,925,922.5,9.74659e-05,0.000487329,7
925,930,927.5,0.000194932,0.000974659,14
930,935,932.5,0.00026455,0.00132275,19
935,940,937.5,0.000125313,0.000626566,9
940,945,942.5,0.000194932,0.000974659,14
945,950,947.5,0.000208855,0.00104428,15
950,955,952.5,0.000139237,0.000696185,10
955,960,957.5,0.000181008,0.00090504,13
960,965,962.5,0.000181008,0.00090504,13
965,970,967.5,0.000181008,0.00090504,13
970,975,972.5,0.000139237,0.000696185,10
975,980,977.5,0.000194932,0.000974659,14
980,985,982.5,0.000570872,0.00285436,41
985,990,987.5,0.000167084,0.000835422,12
990,995,992.5,0.000236703,0.00118351,17
995,1000,997.5,0.000236703,0.00118351,17
1000,1005,1002.5,0.00026455,0.00132275,19
1005,1010,1007.5,0.000306321,0.00153161,22
1010,1015,1012.5,0.000208855,0.00104428,15
1015,1020,1017.5,0.000181008,0.00090504,13
1020,1025,1022.5,0.000181008,0.00090504,13
1025,1030,1027.5,0.000208855,0.00104428,15
1030,1035,1032.5,0.00026455,0.00132275,19
1035,1040,1037.5,0.000167084,0.000835422,12
1040,1045,1042.5,0.00026455,0.00132275,19
1045,1050,1047.5,0.000153161,0.000765803,11
1050,1055,1052.5,0.000306321,0.00153161,22
1055,1060,1057.5,0.000194932,0.000974659,14
1060,1065,1062.5,0.000250627,0.00125313,18
1065,1070,1067.5,0.000292398,0.00146199,21
1070,1075,1072.5,0.000139237,0.000696185,10
1075,1080,1077.5,0.00037594,0.0018797,27
1080,1085,1082.5,0.000125313,0.000626566,9
1085,1090,1087.5,0.000194932,0.000974659,14
1090,1095,1092.5,0.000306321,0.00153161,22
1095,1100,1097.5,0.000222779,0.0011139,16
1100,1105,1102.5,0.000292398,0.00146199,21
1105,1110,1107.5,0.000250627,0.00125313,18
1110,1115,1112.5,0.000362016,0.00181008,26
1115,1120,1117.5,0.000292398,0.00146199,21
1120,1125,1122.5,0.000167084,0.000835422,12
1125,1130,1127.5,0.000250627,0.00125313,18
1130,1135,1132.5,0.000306321,0.00153161,22
1135,1140,1137.5,0.000389864,0.00194932,28
1140,1145,1142.5,0.000306321,0.00153161,22
1145,1150,1147.5,0.000292398,0.00146199,21
1150,1155,1152.5,0.000167084,0.000835422,12
1155,1160,1157.5,0.000334169,0.00167084,24
1160,1165,1162.5,0.000487329,0.00243665,35
1165,1170,1167.5,0.00026455,0.00132275,19
1170,1175,1172.5,0.000208855,0.00104428,15
1175,1180,1177.5,0.000222779,0.0011139,16
1180,1185,1182.5,0.000222779,0.0011139,16
1185,1190,1187.5,0.000292398,0.00146199,21
1190,1195,1192.5,0.000236703,0.00118351,17
1195,1200,1197.5,0.000222779,0.0011139,16
1200,1205,1202.5,0.000334169,0.00167084,24
1205,1210,1207.5,0.000222779,0.0011139,16
1210,1215,1212.5,0.000348092,0.00174046,25
1215,1220,1217.5,0.000208855,0.00104428,15
1220,1225,1222.5,0.000222779,0.0011139,16
1225,1230,1227.5,0.000278474,0.00139237,20
1230,1235,1232.5,0.000208855,0.00104428,15
1235,1240,1237.5,0.000306321,0.00153161,22
1240,1245,1242.5,0.000153161,0.000765803,11
1245,1250,1247.5,0.000278474,0.00139237,20
1250,1255,1252.5,0.000306321,0.00153161,22
1255,1260,1257.5,0.000320245,0.00160123,23
1260,1265,1262.5,0.000292398,0.00146199,21
1265,1270,1267.5,0.000278474,0.00139237,20
1270,1275,1272.5,0.000348092,0.00174046,25
1275,1280,1277.5,0.000222779,0.0011139,16
1280,1285,1282.5,0.000236703,0.00118351,17
1285,1290,1287.5,0.000306321,0.00153161,22
1290,1295,1292.5,0.000222779,0.0011139,16
1295,1300,1297.5,0.000306321,0.00153161,22
1300,1305,1302.5,8.35422e-05,0.000417711,6
1305,1310,1307.5,0.000222779,0.0011139,16
1310,1315,1312.5,0.000306321,0.00153161,22
1315,1320,1317.5,0.000194932,0.000974659,14
1320,1325,1322.5,0.00011139,0.000556948,8
1325,1330,1327.5,0.00026455,0.00132275,19
1330,1335,1332.5,0.000292398,0.00146199,21
1335,1340,1337.5,0.000320245,0.00160123,23
1340,1345,1342.5,0.000292398,0.00146199,21
1345,1350,1347.5,0.000181008,0.00090504,13
1350,1355,1352.5,0.000320245,0.00160123,23
1355,1360,1357.5,0.000194932,0.000974659,14
1360,1365,1362.5,0.000208855,0.00104428,15
1365,1370,1367.5,0.000250627,0.00125313,18
1370,1375,1372.5,0.000153161,0.000765803,11
1375,1380,1377.5,0.000208855,0.00104428,15
1380,1385,1382.5,0.00026455,0.00132275,19
1385,1390,1387.5,0.000181008,0.00090504,13
1390,1395,1392.5,0.000222779,0.0011139,16
1395,1400,1397.5,0.000320245,0.00160123,23
1400,1405,1402.5,0.000222779,0.0011139,16
1405,1410,1407.5,0.000389864,0.00194932,28
1410,1415,1412.5,0.000278474,0.00139237,20
1415,1420,1417.5,0.000167084,0.000835422,12
1420,1425,1422.5,0.000348092,0.00174046,25
1425,1430,1427.5,0.000222779,0.0011139,16
1430,1435,1432.5,0.000348092,0.00174046,25
1435,1440,1437.5,0.000208855,0.00104428,15
1440,1445,1442.5,0.000194932,0.000974659,14
1445,1450,1447.5,0.000236703,0.00118351,17
1450,1455,1452.5,0.000125313,0.000626566,9
1455,1460,1457.5,0.000236703,0.00118351,17
1460,1465,1462.5,0.000334169,0.00167084,24
1465,1470,1467.5,0.000194932,0.000974659,14
1470,1475,1472.5,0.000139237,0.000696185,10
1475,1480,1477.5,0.000194932,0.000974659,14
1480,1485,1482.5,0.000222779,0.0011139,16
1485,1490,1487.5,0.000250627,0.00125313,18
1490,1495,1492.5,0.000236703,0.00118351,17
1495,1500,1497.5,0.000208855,0.00104428,15
1500,1505,1502.5,0.000139237,0.000696185,10
1505,1510,1507.5,0.000194932,0.000974659,14
1510,1515,1512.5,0.000167084,0.000835422,12
1515,1520,1517.5,0.000250627,0.00125313,18
1520,1525,1522.5,0.000278474,0.00139237,20
1525,1530,1527.5,0.000194932,0.000974659,14
1530,1535,1532.5,0.000139237,0.000696185,10
1535,1540,1537.5,0.000222779,0.0011139,16
1540,1545,1542.5,0.000125313,0.000626566,9
1545,1550,1547.5,0.000139237,0.000696185,10
1550,1555,1552.5,0.000153161,0.000765803,11
1555,1560,1557.5,0.000153161,0.000765803,11
1560,1565,1562.5,0.000181008,0.00090504,13
1565,1570,1567.5,0.000153161,0.000765803,11
1570,1575,1572.5,0.000222779,0.0011139,16
1575,1580,1577.5,0.000278474,0.00139237,20
1580,1585,1582.5,0.000236703,0.00118351,17
1585,1590,1587.5,0.000153161,0.000765803,11
1590,1595,1592.5,0.000167084,0.000835422,12
1595,1600,1597.5,0.000181008,0.00090504,13
1600,1605,1602.5,0.000153161,0.000765803,11
1605,1610,1607.5,0.000181008,0.00090504,13
1610,1615,1612.5,0.000250627,0.00125313,18
1615,1620,1617.5,0.000250627,0.00125313,18
1620,1625,1622.5,0.000167084,0.000835422,12
1625,1630,1627.5,0.00026455,0.00132275,19
1630,1635,1632.5,0.000236703,0.00118351,17
1635,1640,1637.5,0.000250627,0.00125313,18
1640,1645,1642.5,0.000125313,0.000626566,9
1645,1650,1647.5,0.000320245,0.00160123,23
1650,1655,1652.5,0.000278474,0.00139237,20
1655,1660,1657.5,0.000250627,0.00125313,18
1660,1665,1662.5,0.000153161,0.000765803,11
1665,1670,1667.5,0.000208855,0.00104428,15
1670,1675,1672.5,0.000194932,0.000974659,14
1675,1680,1677.5,0.000139237,0.000696185,10
1680,1685,1682.5,6.96185e-05,0.000348092,5
1685,1690,1687.5,0.00026455,0.00132275,19
1690,1695,1692.5,0.000153161,0.000765803,11
1695,1700,1697.5,0.000153161,0.000765803,11
1700,1705,1702.5,0.000334169,0.00167084,24
1705,1710,1707.5,0.000167084,0.000835422,12
1710,1715,1712.5,0.000194932,0.000974659,14
1715,1720,1717.5,0.000208855,0.00104428,15
1720,1725,1722.5,0.000250627,0.00125313,18
1725,1730,1727.5,0.000250627,0.00125313,18
1730,1735,1732.5,0.00026455,0.00132275,19
1735,1740,1737.5,0.000167084,0.000835422,12
1740,1745,1742.5,0.000236703,0.00118351,17
1745,1750,1747.5,0.000208855,0.00104428,15
1750,1755,1752.5,0.000139237,0.000696185,10
1755,1760,1757.5,0.000208855,0.00104428,15
1760,1765,1762.5,0.000139237,0.000696185,10
1765,1770,1767.5,0.000222779,0.0011139,16
1770,1775,1772.5,0.000153161,0.000765803,11
1775,1780,1777.5,0.000194932,0.000974659,14
1780,1785,1782.5,0.000125313,0.000626566,9
1785,1790,1787.5,0.000167084,0.000835422,12
1790,1795,1792.5,0.000181008,0.00090504,13
1795,1800,1797.5,0.000181008,0.00090504,13
1800,1805,1802.5,0.000348092,0.00174046,25
1805,1810,1807.5,0.000153161,0.000765803,11
1810,1815,1812.5,0.00011139,0.000556948,8
1815,1820,1817.5,0.000153161,0.000765803,11
1820,1825,1822.5,0.000236703,0.00118351,17
1825,1830,1827.5,0.000153161,0.000765803,11
1830,1835,1832.5,0.000125313,0.000626566,9
1835,1840,1837.5,0.000167084,0.000835422,12
1840,1845,1842.5,0.000278474,0.00139237,20
1845,1850,1847.5,0.000208855,0.00104428,15
1850,1855,1852.5,0.000181008,0.00090504,13
1855,1860,1857.5,0.000222779,0.0011139,16
1860,1865,1862.5,9.74659e-05,0.000487329,7
1865,1870,1867.5,0.000139237,0.000696185,10
1870,1875,1872.5,0.000250627,0.00125313,18
1875,1880,1877.5,0.000208855,0.00104428,15
1880,1885,1882.5,0.000236703,0.00118351,17
1885,1890,1887.5,0.000139237,0.000696185,10
1890,1895,1892.5,0.000139237,0.000696185,10
1895,1900,1897.5,0.000167084,0.000835422,12
1900,1905,1902.5,0.000153161,0.000765803,11
1905,1910,1907.5,0.000292398,0.00146199,21
1910,1915,1912.5,0.00011139,0.000556948,8
1915,1920,1917.5,0.000167084,0.000835422,12
1920,1925,1922.5,6.96185e-05,0.000348092,5
1925,1930,1927.5,0.000139237,0.000696185,10
1930,1935,1932.5,0.000181008,0.00090504,13
1935,1940,1937.5,0.000153161,0.000765803,11
1940,1945,1942.5,0.000153161,0.000765803,11
1945,1950,1947.5,0.00011139,0.000556948,8
1950,1955,1952.5,0.000194932,0.000974659,14
1955,1960,1957.5,0.000167084,0.000835422,12
1960,1965,1962.5,0.000167084,0.000835422,12
1965,1970,1967.5,0.000208855,0.00104428,15
1970,1975,1972.5,0.000167084,0.000835422,12
1975,1980,1977.5,6.96185e-05,0.000348092,5
1980,1985,1982.5,0.000236703,0.00118351,17
1985,1990,1987.5,0.000167084,0.000835422,12
1990,1995,1992.5,0.000208855,0.00104428,15
1995,2000,1997.5,0.000181008,0.00090504,13
2000,2005,2002.5,0.000222779,0.0011139,16
2005,2010,2007.5,0.000181008,0.00090504,13
2010,2015,2012.5,0.000222779,0.0011139,16
2015,2020,2017.5,0.000181008,0.00090504,13
2020,2025,2022.5,0.000153161,0.000765803,11
2025,2030,2027.5,9.74659e-05,0.000487329,7
2030,2035,2032.5,0.000153161,0.000765803,11
2035,2040,2037.5,0.000125313,0.000626566,9
2040,2045,2042.5,0.000194932,0.000974659,14
2045,2050,2047.5,0.000194932,0.000974659,14
2050,2055,2052.5,0.000153161,0.000765803,11
2055,2060,2057.5,0.000181008,0.00090504,13
2060,2065,2062.5,0.000194932,0.000974659,14
2065,2070,2067.5,0.000181008,0.00090504,13
2070,2075,2072.5,0.00011139,0.000556948,8
2075,2080,2077.5,0.000181008,0.00090504,13
2080,2085,2082.5,0.000167084,0.000835422,12
2085,2090,2087.5,0.000153161,0.000765803,11
2090,2095,2092.5,0.000167084,0.000835422,12
2095,2100,2097.5,0.000181008,0.00090504,13
2100,2105,2102.5,5.56948e-05,0.000278474,4
2105,2110,2107.5,0.000125313,0.000626566,9
2110,2115,2112.5,0.000194932,0.000974659,14
2115,2120,2117.5,0.000208855,0.00104428,15
2120,2125,2122.5,0.000153161,0.000765803,11
2125,2130,2127.5,0.000139237,0.000696185,10
2130,2135,2132.5,0.000278474,0.00139237,20
2135,2140,2137.5,9.74659e-05,0.000487329,7
2140,2145,2142.5,0.000125313,0.000626566,9
2145,2150,2147.5,0.000153161,0.000765803,11
2150,2155,2152.5,0.000181008,0.00090504,13
2155,2160,2157.5,8.35422e-05,0.000417711,6
2160,2165,2162.5,0.000320245,0.00160123,23
2165,2170,2167.5,0.000292398,0.00146199,21
2170,2175,2172.5,0.000208855,0.00104428,15
2175,2180,2177.5,6.96185e-05,0.000348092,5
2180,2185,2182.5,0.000208855,0.00104428,15
2185,2190,2187.5,6.96185e-05,0.000348092,5
2190,2195,2192.5,0.000236703,0.00118351,17
2195,2200,2197.5,0.00011139,0.000556948,8
2200,2205,2202.5,0.000167084,0.000835422,12
2205,2210,2207.5,0.000139237,0.000696185,10
2210,2215,2212.5,0.000181008,0.00090504,13
2215,2220,2217.5,0.000125313,0.000626566,9
2220,2225,2222.5,8.35422e-05,0.000417711,6
2225,2230,2227.5,0.000194932,0.000974659,14
2230,2235,2232.5,0.00011139,0.000556948,8
2235,2240,2237.5,0.000139237,0.000696185,10
2240,2245,2242.5,6.96185e-05,0.000348092,5
2245,2250,2247.5,0.000153161,0.000765803,11
2250,2255,2252.5,0.000139237,0.000696185,10
2255,2260,2257.5,0.000153161,0.000765803,11
2260,2265,2262.5,0.000194932,0.000974659,14
2265,2270,2267.5,0.000194932,0.000974659,14
2270,2275,2272.5,0.000167084,0.000835422,12
2275,2280,2277.5,0.00011139,0.000556948,8
2280,2285,2282.5,0.000125313,0.000626566,9
2285,2290,2287.5,9.74659e-05,0.000487329,7
2290,2295,2292.5,0.000167084,0.000835422,12
2295,2300,2297.5,0.000208855,0.00104428,15
2300,2305,2302.5,0.000153161,0.000765803,11
2305,2310,2307.5,0.000167084,0.000835422,12
2310,2315,2312.5,0.000208855,0.00104428,15
2315,2320,2317.5,0.000153161,0.000765803,11
2320,2325,2322.5,8.35422e-05,0.000417711,6
2325,2330,2327.5,0.000181008,0.00090504,13
2330,2335,2332.5,0.000153161,0.000765803,11
2335,2340,2337.5,0.000194932,0.000974659,14
2340,2345,2342.5,9.74659e-05,0.000487329,7
2345,2350,2347.5,0.000153161,0.000765803,11
2350,2355,2352.5,6.96185e-05,0.000348092,5
2355,2360,2357.5,0.000125313,0.000626566,9
2360,2365,2362.5,0.000181008,0.00090504,13
2365,2370,2367.5,0.000167084,0.000835422,12
2370,2375,2372.5,0.000236703,0.00118351,17
2375,2380,2377.5,0.000181008,0.00090504,13
2380,2385,2382.5,9.74659e-05,0.000487329,7
2385,2390,2387.5,0.000139237,0.000696185,10
2390,2395,2392.5,0.000167084,0.000835422,12
2395,2400,2397.5,0.000167084,0.000835422,12
2400,2405,2402.5,0.000222779,0.0011139,16
2405,2410,2407.5,0.000194932,0.000974659,14
2410,2415,2412.5,0.000125313,0.000626566,9
2415,2420,2417.5,0.000125313,0.000626566,9
2420,2425,2422.5,5.56948e-05,0.000278474,4
2425,2430,2427.5,0.000125313,0.000626566,9
2430,2435,2432.5,0.000153161,0.000765803,11
2435,2440,2437.5,9.74659e-05,0.000487329,7
2440,2445,2442.5,0.000139237,0.000696185,10
2445,2450,2447.5,0.000139237,0.000696185,10
2450,2455,2452.5,0.000167084,0.000835422,12
2455,2460,2457.5,0.000139237,0.000696185,10
2460,2465,2462.5,0.000278474,0.00139237,20
2465,2470,2467.5,9.74659e-05,0.000487329,7
2470,2475,2472.5,0.00011139,0.000556948,8
2475,2480,2477.5,0.000125313,0.000626566,9
2480,2485,2482.5,8.35422e-05,0.000417711,6
2485,2490,2487.5,8.35422e-05,0.000417711,6
2490,2495,2492.5,6.96185e-05,0.000348092,5
2495,2500,2497.5,0.000250627,0.00125313,18
2500,2505,2502.5,0.000139237,0.000696185,10
2505,2510,2507.5,0.000125313,0.000626566,9
2510,2515,2512.5,0.000222779,0.0011139,16
2515,2520,2517.5,0.000167084,0.000835422,12
2520,2525,2522.5,0.000125313,0.000626566,9
2525,2530,2527.5,0.000208855,0.00104428,15
2530,2535,2532.5,0.000153161,0.000765803,11
2535,2540,2537.5,0.000139237,0.000696185,10
2540,2545,2542.5,0.000139237,0.000696185,10
2545,2550,2547.5,0.00011139,0.000556948,8
2550,2555,2552.5,0.000194932,0.000974659,14
2555,2560,2557.5,0.000125313,0.000626566,9
2560,2565,2562.5,0.000167084,0.000835422,12
2565,2570,2567.5,4.17711e-05,0.000208855,3
2570,2575,2572.5,0.00011139,0.000556948,8
2575,2580,2577.5,0.000153161,0.000765803,11
2580,2585,2582.5,0.000125313,0.000626566,9
2585,2590,2587.5,0.00011139,0.000556948,8
2590,2595,2592.5,0.000139237,0.000696185,10
2595,2600,2597.5,8.35422e-05,0.000417711,6
2600,2605,2602.5,0.000181008,0.00090504,13
2605,2610,2607.5,0.00011139,0.000556948,8
2610,2615,2612.5,5.56948e-05,0.000278474,4
2615,2620,2617.5,0.000167084,0.000835422,12
2620,2625,2622.5,5.56948e-05,0.000278474,4
2625,2630,2627.5,0.00011139,0.000556948,8
2630,2635,2632.5,2.78474e-05,0.000139237,2
2635,2640,2637.5,0.000153161,0.000765803,11
2640,2645,2642.5,8.35422e-05,0.000417711,6
2645,2650,2647.5,0.00011139,0.000556948,8
2650,2655,2652.5,8.35422e-05,0.000417711,6
2655,2660,2657.5,8.35422e-05,0.000417711,6
2660,2665,2662.5,9.74659e-05,0.000487329,7
2665,2670,2667.5,9.74659e-05,0.000487329,7
2670,2675,2672.5,4.17711e-05,0.000208855,3
2675,2680,2677.5,0.000194932,0.000974659,14
2680,2685,2682.5,0.000139237,0.000696185,10
2685,2690,2687.5,9.74659e-05,0.000487329,7
2690,2695,2692.5,0.000125313,0.000626566,9
2695,2700,2697.5,9.74659e-05,0.000487329,7
2700,2705,2702.5,0.000167084,0.000835422,12
2705,2710,2707.5,0.000153161,0.000765803,11
2710,2715,2712.5,8.35422e-05,0.000417711,6
2715,2720,2717.5,0.000139237,0.000696185,10
2720,2725,2722.5,0.000125313,0.000626566,9
2725,2730,2727.5,4.17711e-05,0.000208855,3
2730,2735,2732.5,8.35422e-05,0.000417711,6
2735,2740,2737.5,0.00011139,0.000556948,8
2740,2745,2742.5,0.000125313,0.000626566,9
2745,2750,2747.5,9.74659e-05,0.000487329,7
2750,2755,2752.5,0.000236703,0.00118351,17
2755,2760,2757.5,0.000153161,0.000765803,11
2760,2765,2762.5,0.000139237,0.000696185,10
2765,2770,2767.5,0.000208855,0.00104428,15
2770,2775,2772.5,0.000194932,0.000974659,14
2775,2780,2777.5,0.000167084,0.000835422,12
2780,2785,2782.5,0.00011139,0.000556948,8
2785,2790,2787.5,8.35422e-05,0.000417711,6
2790,2795,2792.5,0.000139237,0.000696185,10
2795,2800,2797.5,0.000181008,0.00090504,13
2800,2805,2802.5,8.35422e-05,0.000417711,6
2805,2810,2807.5,9.74659e-05,0.000487329,7
2810,2815,2812.5,0.000153161,0.000765803,11
2815,2820,2817.5,0.000125313,0.000626566,9
2820,2825,2822.5,0.000139237,0.000696185,10
2825,2830,2827.5,6.96185e-05,0.000348092,5
2830,2835,2832.5,0.00011139,0.000556948,8
2835,2840,2837.5,0.000139237,0.000696185,10
2840,2845,2842.5,9.74659e-05,0.000487329,7
2845,2850,2847.5,0.000222779,0.0011139,16
2850,2855,2852.5,0.000181008,0.00090504,13
2855,2860,2857.5,9.74659e-05,0.000487329,7
2860,2865,2862.5,9.74659e-05,0.000487329,7
2865,2870,2867.5,0.000125313,0.000626566,9
2870,2875,2872.5,5.56948e-05,0.000278474,4
2875,2880,2877.5,9.74659e-05,0.000487329,7
2880,2885,2882.5,0.00011139,0.000556948,8
2885,2890,2887.5,0.00011139,0.000556948,8
2890,2895,2892.5,0.00011139,0.000556948,8
2895,2900,2897.5,9.74659e-05,0.000487329,7
2900,2905,2902.5,8.35422e-05,0.000417711,6
2905,2910,2907.5,0.000222779,0.0011139,16
2910,2915,2912.5,8.35422e-05,0.000417711,6
2915,2920,2917.5,0.000125313,0.000626566,9
2920,2925,2922.5,0.000139237,0.000696185,10
2925,2930,2927.5,0.000167084,0.000835422,12
2930,2935,2932.5,6.96185e-05,0.000348092,5
2935,2940,2937.5,0.000153161,0.000765803,11
2940,2945,2942.5,0.000139237,0.000696185,10
2945,2950,2947.5,0.00011139,0.000556948,8
2950,2955,2952.5,9.74659e-05,0.000487329,7
2955,2960,2957.5,0.000167084,0.000835422,12
2960,2965,2962.5,9.74659e-05,0.000487329,7
2965,2970,2967.5,9.74659e-05,0.000487329,7
2970,2975,2972.5,0.000139237,0.000696185,10
2975,2980,2977.5,0.000181008,0.00090504,13
2980,2985,2982.5,0.000139237,0.000696185,10
2985,2990,2987.5,8.35422e-05,0.000417711,6
2990,2995,2992.5,9.74659e-05,0.000487329,7
2995,3000,2997.5,9.74659e-05,0.000487329,7
3000,3005,3002.5,0.000181008,0.00090504,13
3005,3010,3007.5,0.000153161,0.000765803,11
3010,3015,3012.5,0.000139237,0.000696185,10
3015,3020,3017.5,8.35422e-05,0.000417711,6
3020,3025,3022.5,8.35422e-05,0.000417711,6
3025,3030,3027.5,0.000153161,0.000765803,11
3030,3035,3032.5,0.000250627,0.00125313,18
3035,3040,3037.5,0.000125313,0.000626566,9
3040,3045,3042.5,4.17711e-05,0.000208855,3
3045,3050,3047.5,0.000153161,0.000765803,11
3050,3055,3052.5,8.35422e-05,0.000417711,6
3055,3060,3057.5,0.000125313,0.000626566,9
3060,3065,3062.5,0.000139237,0.000696185,10
3065,3070,3067.5,8.35422e-05,0.000417711,6
3070,3075,3072.5,0.000125313,0.000626566,9
3075,3080,3077.5,0.000139237,0.000696185,10
3080,3085,3082.5,0.000181008,0.00090504,13
3085,3090,3087.5,0.000222779,0.0011139,16
3090,3095,3092.5,0.000125313,0.000626566,9
3095,3100,3097.5,9.74659e-05,0.000487329,7
3100,3105,3102.5,0.000139237,0.000696185,10
3105,3110,3107.5,8.35422e-05,0.000417711,6
3110,3115,3112.5,0.000125313,0.000626566,9
3115,3120,3117.5,9.74659e-05,0.000487329,7
3120,3125,3122.5,0.00011139,0.000556948,8
3125,3130,3127.5,6.96185e-05,0.000348092,5
3130,3135,3132.5,0.000125313,0.000626566,9
3135,3140,3137.5,0.00011139,0.000556948,8
3140,3145,3142.5,6.96185e-05,0.000348092,5
3145,3150,3147.5,0.000153161,0.000765803,11
3150,3155,3152.5,0.000125313,0.000626566,9
3155,3160,3157.5,0.00011139,0.000556948,8
3160,3165,3162.5,0.000194932,0.000974659,14
3165,3170,3167.5,5.56948e-05,0.000278474,4
3170,3175,3172.5,9.74659e-05,0.000487329,7
3175,3180,3177.5,0.00011139,0.000556948,8
3180,3185,3182.5,0.000167084,0.000835422,12
3185,3190,3187.5,0.000208855,0.00104428,15
3190,3195,3192.5,0.00011139,0.000556948,8
3195,3200,3197.5,0.00011139,0.000556948,8
3200,3205,3202.5,0.000194932,0.000974659,14
3205,3210,3207.5,0.000139237,0.000696185,10
3210,3215,3212.5,0.000222779,0.0011139,16
3215,3220,3217.5,0.000125313,0.000626566,9
3220,3225,3222.5,0.000194932,0.000974659,14
3225,3230,3227.5,0.000125313,0.000626566,9
3230,3235,3232.5,0.00011139,0.000556948,8
3235,3240,3237.5,8.35422e-05,0.000417711,6
3240,3245,3242.5,0.000139237,0.000696185,10
3245,3250,3247.5,0.000125313,0.000626566,9
3250,3255,3252.5,0.000167084,0.000835422,12
3255,3260,3257.5,0.000236703,0.00118351,17
3260,3265,3262.5,0.000139237,0.000696185,10
3265,3270,3267.5,0.000125313,0.000626566,9
3270,3275,3272.5,9.74659e-05,0.000487329,7
3275,3280,3277.5,0.000153161,0.000765803,11
3280,3285,3282.5,8.35422e-05,0.000417711,6
3285,3290,3287.5,0.00011139,0.000556948,8
3290,3295,3292.5,0.00011139,0.000556948,8
3295,3300,3297.5,0.000181008,0.00090504,13
3300,3305,3302.5,0.00011139,0.000556948,8
3305,3310,3307.5,6.96185e-05,0.000348092,5
3310,3315,3312.5,0.000125313,0.000626566,9
3315,3320,3317.5,0.000236703,0.00118351,17
3320,3325,3322.5,0.000125313,0.000626566,9
3325,3330,3327.5,0.000167084,0.000835422,12
3330,3335,3332.5,0.000167084,0.000835422,12
3335,3340,3337.5,0.000181008,0.00090504,13
3340,3345,3342.5,4.17711e-05,0.000208855,3
3345,3350,3347.5,0.000125313,0.000626566,9
3350,3355,3352.5,0.000139237,0.000696185,10
3355,3360,3357.5,0.000153161,0.000765803,11
3360,3365,3362.5,0.000139237,0.000696185,10
3365,3370,3367.5,0.000208855,0.00104428,15
3370,3375,3372.5,9.74659e-05,0.000487329,7
3375,3380,3377.5,5.56948e-05,0.000278474,4
3380,3385,3382.5,9.74659e-05,0.000487329,7
3385,3390,3387.5,4.17711e-05,0.000208855,3
3390,3395,3392.5,0.00011139,0.000556948,8
3395,3400,3397.5,9.74659e-05,0.000487329,7
3400,3405,3402.5,0.000139237,0.000696185,10
3405,3410,3407.5,9.74659e-05,0.000487329,7
3410,3415,3412.5,0.000181008,0.00090504,13
3415,3420,3417.5,0.000236703,0.00118351,17
3420,3425,3422.5,0.000139237,0.000696185,10
3425,3430,3427.5,0.00011139,0.000556948,8
3430,3435,3432.5,9.74659e-05,0.000487329,7
3435,3440,3437.5,0.00011139,0.000556948,8
3440,3445,3442.5,8.35422e-05,0.000417711,6
3445,3450,3447.5,6.96185e-05,0.000348092,5
3450,3455,3452.5,0.000167084,0.000835422,12
3455,3460,3457.5,8.35422e-05,0.000417711,6
3460,3465,3462.5,0.00011139,0.000556948,8
3465,3470,3467.5,0.000139237,0.000696185,10
3470,3475,3472.5,6.96185e-05,0.000348092,5
3475,3480,3477.5,9.74659e-05,0.000487329,7
3480,3485,3482.5,8.35422e-05,0.000417711,6
3485,3490,3487.5,0.000125313,0.000626566,9
3490,3495,3492.5,0.000181008,0.00090504,13
3495,3500,3497.5,6.96185e-05,0.000348092,5
3500,3505,3502.5,8.35422e-05,0.000417711,6
3505,3510,3507.5,0.000125313,0.000626566,9
3510,3515,3512.5,0.000167084,0.000835422,12
3515,3520,3517.5,0.000125313,0.000626566,9
3520,3525,3522.5,0.000208855,0.00104428,15
3525,3530,3527.5,0.00011139,0.000556948,8
3530,3535,3532.5,0.000139237,0.000696185,10
3535,3540,3537.5,0.000194932,0.000974659,14
3540,3545,3542.5,6.96185e-05,0.000348092,5
3545,3550,3547.5,0.000125313,0.000626566,9
3550,3555,3552.5,0.000125313,0.000626566,9
3555,3560,3557.5,5.56948e-05,0.000278474,4
3560,3565,3562.5,0.000125313,0.000626566,9
3565,3570,3567.5,0.000125313,0.000626566,9
3570,3575,3572.5,8.35422e-05,0.000417711,6
3575,3580,3577.5,0.000125313,0.000626566,9
3580,3585,3582.5,9.74659e-05,0.000487329,7
3585,3590,3587.5,0.000181008,0.00090504,13
3590,3595,3592.5,9.74659e-05,0.000487329,7
3595,3600,3597.5,5.56948e-05,0.000278474,4
3600,3605,3602.5,0.000125313,0.000626566,9
3605,3610,3607.5,0.000153161,0.000765803,11
3610,3615,3612.5,9.74659e-05,0.000487329,7
3615,3620,3617.5,9.74659e-05,0.000487329,7
3620,3625,3622.5,0.00011139,0.000556948,8
3625,3630,3627.5,0.000167084,0.000835422,12
3630,3635,3632.5,0.000167084,0.000835422,12
3635,3640,3637.5,0.000125313,0.000626566,9
3640,3645,3642.5,2.78474e-05,0.000139237,2
3645,3650,3647.5,0.000153161,0.000765803,11
3650,3655,3652.5,0.000153161,0.000765803,11
3655,3660,3657.5,6.96185e-05,0.000348092,5
3660,3665,3662.5,8.35422e-05,0.000417711,6
3665,3670,3667.5,5.56948e-05,0.000278474,4
3670,3675,3672.5,8.35422e-05,0.000417711,6
3675,3680,3677.5,0.000167084,0.000835422,12
3680,3685,3682.5,0.000125313,0.000626566,9
3685,3690,3687.5,6.96185e-05,0.000348092,5
3690,3695,3692.5,0.000125313,0.000626566,9
3695,3700,3697.5,8.35422e-05,0.000417711,6
3700,3705,3702.5,0.000125313,0.000626566,9
3705,3710,3707.5,0.000153161,0.000765803,11
3710,3715,3712.5,0.000153161,0.000765803,11
3715,3720,3717.5,0.000153161,0.000765803,11
3720,3725,3722.5,6.96185e-05,0.000348092,5
3725,3730,3727.5,0.00011139,0.000556948,8
3730,3735,3732.5,6.96185e-05,0.000348092,5
3735,3740,3737.5,9.74659e-05,0.000487329,7
3740,3745,3742.5,8.35422e-05,0.000417711,6
3745,3750,3747.5,0.000139237,0.000696185,10
3750,3755,3752.5,0.000139237,0.000696185,10
3755,3760,3757.5,0.000139237,0.000696185,10
3760,3765,3762.5,0.00011139,0.000556948,8
3765,3770,3767.5,9.74659e-05,0.000487329,7
3770,3775,3772.5,9.74659e-05,0.000487329,7
3775,3780,3777.5,8.35422e-05,0.000417711,6
3780,3785,3782.5,9.74659e-05,0.000487329,7
3785,3790,3787.5,6.96185e-05,0.000348092,5
3790,3795,3792.5,9.74659e-05,0.000487329,7
3795,3800,3797.5,8.35422e-05,0.000417711,6
3800,3805,3802.5,0.000139237,0.000696185,10
3805,3810,3807.5,9.74659e-05,0.000487329,7
3810,3815,3812.5,0.000222779,0.0011139,16
3815,3820,3817.5,8.35422e-05,0.000417711,6
3820,3825,3822.5,0.000139237,0.000696185,10
3825,3830,3827.5,0.00011139,0.000556948,8
3830,3835,3832.5,6.96185e-05,0.000348092,5
3835,3840,3837.5,0.000125313,0.000626566,9
3840,3845,3842.5,0.000125313,0.000626566,9
3845,3850,3847.5,9.74659e-05,0.000487329,7
3850,3855,3852.5,0.00011139,0.000556948,8
3855,3860,3857.5,9.74659e-05,0.000487329,7
3860,3865,3862.5,0.00011139,0.000556948,8
3865,3870,3867.5,0.000125313,0.000626566,9
3870,3875,3872.5,0.00011139,0.000556948,8
3875,3880,3877.5,5.56948e-05,0.000278474,4
3880,3885,3882.5,9.74659e-05,0.000487329,7
3885,3890,3887.5,0.00011139,0.000556948,8
3890,3895,3892.5,0.00011139,0.000556948,8
3895,3900,3897.5,0.00011139,0.000556948,8
3900,3905,3902.5,5.56948e-05,0.000278474,4
3905,3910,3907.5,0.00011139,0.000556948,8
3910,3915,3912.5,0.000139237,0.000696185,10
3915,3920,3917.5,9.74659e-05,0.000487329,7
3920,3925,3922.5,9.74659e-05,0.000487329,7
3925,3930,3927.5,0.000125313,0.000626566,9
3930,3935,3932.5,0.000139237,0.000696185,10
3935,3940,3937.5,0.000194932,0.000974659,14
3940,3945,3942.5,0.000125313,0.000626566,9
3945,3950,3947.5,8.35422e-05,0.000417711,6
3950,3955,3952.5,0.000125313,0.000626566,9
3955,3960,3957.5,8.35422e-05,0.000417711,6
3960,3965,3962.5,9.74659e-05,0.000487329,7
3965,3970,3967.5,0.00011139,0.000556948,8
3970,3975,3972.5,9.74659e-05,0.000487329,7
3975,3980,3977.5,9.74659e-05,0.000487329,7
3980,3985,3982.5,6.96185e-05,0.000348092,5
3985,3990,3987.5,6.96185e-05,0.000348092,5
3990,3995,3992.5,0.000153161,0.000765803,11
3995,4000,3997.5,9.74659e-05,0.000487329,7
4000,4005,4002.5,2.78474e-05,0.000139237,2
4005,4010,4007.5,9.74659e-05,0.000487329,7
4010,4015,4012.5,0.000181008,0.00090504,13
4015,4020,4017.5,8.35422e-05,0.000417711,6
4020,4025,4022.5,6.96185e-05,0.000348092,5
4025,4030,4027.5,0.00011139,0.000556948,8
4030,4035,4032.5,9.74659e-05,0.000487329,7
4035,4040,4037.5,9.74659e-05,0.000487329,7
4040,4045,4042.5,9.74659e-05,0.000487329,7
4045,4050,4047.5,8.35422e-05,0.000417711,6
4050,4055,4052.5,0.000153161,0.000765803,11
4055,4060,4057.5,0.000125313,0.000626566,9
4060,4065,4062.5,0.000139237,0.000696185,10
4065,4070,4067.5,9.74659e-05,0.000487329,7
4070,4075,4072.5,0.00011139,0.000556948,8
4075,4080,4077.5,8.35422e-05,0.000417711,6
4080,4085,4082.5,0.000139237,0.000696185,10
4085,4090,4087.5,9.74659e-05,0.000487329,7
4090,4095,4092.5,8.35422e-05,0.000417711,6
4095,4100,4097.5,8.35422e-05,0.000417711,6
4100,4105,4102.5,0.000194932,0.000974659,14
4105,4110,4107.5,0.00011139,0.000556948,8
4110,4115,4112.5,0.000139237,0.000696185,10
4115,4120,4117.5,6.96185e-05,0.000348092,5
4120,4125,4122.5,5.56948e-05,0.000278474,4
4125,4130,4127.5,0.000139237,0.000696185,10
4130,4135,4132.5,8.35422e-05,0.000417711,6
4135,4140,4137.5,0.000139237,0.000696185,10
4140,4145,4142.5,0.000139237,0.000696185,10
4145,4150,4147.5,0.000167084,0.000835422,12
4150,4155,4152.5,9.74659e-05,0.000487329,7
4155,4160,4157.5,0.000222779,0.0011139,16
4160,4165,4162.5,0.000139237,0.000696185,10
4165,4170,4167.5,0.000125313,0.000626566,9
4170,4175,4172.5,0.000125313,0.000626566,9
4175,4180,4177.5,0.000139237,0.000696185,10
4180,4185,4182.5,0.000139237,0.000696185,10
4185,4190,4187.5,0.00011139,0.000556948,8
4190,4195,4192.5,0.000153161,0.000765803,11
4195,4200,4197.5,0.000125313,0.000626566,9
4200,4205,4202.5,2.78474e-05,0.000139237,2
4205,4210,4207.5,0.00011139,0.000556948,8
4210,4215,4212.5,8.35422e-05,0.000417711,6
4215,4220,4217.5,5.56948e-05,0.000278474,4
4220,4225,4222.5,0.000125313,0.000626566,9
4225,4230,4227.5,0.000167084,0.000835422,12
4230,4235,4232.5,4.17711e-05,0.000208855,3
4235,4240,4237.5,9.74659e-05,0.000487329,7
4240,4245,4242.5,0.000181008,0.00090504,13
4245,4250,4247.5,8.35422e-05,0.000417711,6
4250,4255,4252.5,0.000139237,0.000696185,10
4255,4260,4257.5,0.000153161,0.000765803,11
4260,4265,4262.5,0.000125313,0.000626566,9
4265,4270,4267.5,0.000139237,0.000696185,10
4270,4275,4272.5,0.00011139,0.000556948,8
4275,4280,4277.5,9.74659e-05,0.000487329,7
4280,4285,4282.5,8.35422e-05,0.000417711,6
4285,4290,4287.5,8.35422e-05,0.000417711,6
4290,4295,4292.5,0.000153161,0.000765803,11
4295,4300,4297.5,5.56948e-05,0.000278474,4
4300,4305,4302.5,0.000125313,0.000626566,9
4305,4310,4307.5,0.000153161,0.000765803,11
4310,4315,4312.5,0.000125313,0.000626566,9
4315,4320,4317.5,0.000125313,0.000626566,9
4320,4325,4322.5,5.56948e-05,0.000278474,4
4325,4330,4327.5,0.000125313,0.000626566,9
4330,4335,4332.5,0.000125313,0.000626566,9
4335,4340,4337.5,9.74659e-05,0.000487329,7
4340,4345,4342.5,8.35422e-05,0.000417711,6
4345,4350,4347.5,1.39237e-05,6.96185e-05,1
4350,4355,4352.5,5.56948e-05,0.000278474,4
4355,4360,4357.5,5.56948e-05,0.000278474,4
4360,4365,4362.5,5.56948e-05,0.000278474,4
4365,4370,4367.5,8.35422e-05,0.000417711,6
4370,4375,4372.5,4.17711e-05,0.000208855,3
4375,4380,4377.5,2.78474e-05,0.000139237,2
4380,4385,4382.5,1.39237e-05,6.96185e-05,1
4385,4390,4387.5,1.39237e-05,6.96185e-05,1
4390,4395,4392.5,1.39237e-05,6.96185e-05,1
4395,4400,4397.5,2.78474e-05,0.000139237,2
4400,4405,4402.5,6.96185e-05,0.000348092,5
4405,4410,4407.5,4.17711e-05,0.000208855,3
4410,4415,4412.5,2.78474e-05,0.000139237,2
4415,4420,4417.5,1.39237e-05,6.96185e-05,1
4420,4425,4422.5,6.96185e-05,0.000348092,5
4425,4430,4427.5,2.78474e-05,0.000139237,2
4430,4435,4432.5,2.78474e-05,0.000139237,2
4435,4440,4437.5,1.39237e-05,6.96185e-05,1
4445,4450,4447.5,4.17711e-05,0.000208855,3
4450,4455,4452.5,2.78474e-05,0.000139237,2
4455,4460,4457.5,9.74659e-05,0.000487329,7
4460,4465,4462.5,2.78474e-05,0.000139237,2
4465,4470,4467.5,5.56948e-05,0.000278474,4
4470,4475,4472.5,2.78474e-05,0.000139237,2
4475,4480,4477.5,4.17711e-05,0.000208855,3
4480,4485,4482.5,2.78474e-05,0.000139237,2
4485,4490,4487.5,4.17711e-05,0.000208855,3
4490,4495,4492.5,4.17711e-05,0.000208855,3
4495,4500,4497.5,4.17711e-05,0.000208855,3
4500,4505,4502.5,2.78474e-05,0.000139237,2
4505,4510,4507.5,0.00011139,0.000556948,8
4510,4515,4512.5,1.39237e-05,6.96185e-05,1
4515,4520,4517.5,1.39237e-05,6.96185e-05,1
4520,4525,4522.5,4.17711e-05,0.000208855,3
4525,4530,4527.5,1.39237e-05,6.96185e-05,1
4530,4535,4532.5,4.17711e-05,0.000208855,3
4535,4540,4537.5,5.56948e-05,0.000278474,4
4540,4545,4542.5,6.96185e-05,0.000348092,5
4545,4550,4547.5,1.39237e-05,6.96185e-05,1
4550,4555,4552.5,1.39237e-05,6.96185e-05,1
4555,4560,4557.5,6.96185e-05,0.000348092,5
4560,4565,4562.5,6.96185e-05,0.000348092,5
4565,4570,4567.5,1.39237e-05,6.96185e-05,1
4570,4575,4572.5,1.39237e-05,6.96185e-05,1
4575,4580,4577.5,2.78474e-05,0.000139237,2
4585,4590,4587.5,6.96185e-05,0.000348092,5
4590,4595,4592.5,5.56948e-05,0.000278474,4
4595,4600,4597.5,4.17711e-05,0.000208855,3
4600,4605,4602.5,1.39237e-05,6.96185e-05,1
4605,4610,4607.5,1.39237e-05,6.96185e-05,1
4610,4615,4612.5,2.78474e-05,0.000139237,2
4615,4620,4617.5,4.17711e-05,0.000208855,3
4620,4625,4622.5,1.39237e-05,6.96185e-05,1
4630,4635,4632.5,4.17711e-05,0.000208855,3
4635,4640,4637.5,5.56948e-05,0.000278474,4
4640,4645,4642.5,8.35422e-05,0.000417711,6
4645,4650,4647.5,5.56948e-05,0.000278474,4
4650,4655,4652.5,2.78474e-05,0.000139237,2
4655,4660,4657.5,2.78474e-05,0.000139237,2
4665,4670,4667.5,4.17711e-05,0.000208855,3
4670,4675,4672.5,1.39237e-05,6.96185e-05,1
4675,4680,4677.5,2.78474e-05,0.000139237,2
4680,4685,4682.5,2.78474e-05,0.000139237,2
4685,4690,4687.5,1.39237e-05,6.96185e-05,1
4690,4695,4692.5,2.78474e-05,0.000139237,2
4695,4700,4697.5,2.78474e-05,0.000139237,2
4700,4705,4702.5,2.78474e-05,0.000139237,2
4705,4710,4707.5,5.56948e-05,0.000278474,4
4710,4715,4712.5,6.96185e-05,0.000348092,5
4715,4720,4717.5,5.56948e-05,0.000278474,4
4720,4725,4722.5,1.39237e-05,6.96185e-05,1
4725,4730,4727.5,1.39237e-05,6.96185e-05,1
4730,4735,4732.5,1.39237e-05,6.96185e-05,1
4735,4740,4737.5,0.00011139,0.000556948,8
4740,4745,4742.5,2.78474e-05,0.000139237,2
4745,4750,4747.5,1.39237e-05,6.96185e-05,1
4750,4755,4752.5,4.17711e-05,0.000208855,3
4760,4765,4762.5,5.56948e-05,0.000278474,4
4765,4770,4767.5,4.17711e-05,0.000208855,3
4770,4775,4772.5,6.96185e-05,0.000348092,5
4775,4780,4777.5,4.17711e-05,0.000208855,3
4780,4785,4782.5,2.78474e-05,0.000139237,2
4785,4790,4787.5,1.39237e-05,6.96185e-05,1
4790,4795,4792.5,4.17711e-05,0.000208855,3
4795,4800,4797.5,4.17711e-05,0.000208855,3
4800,4805,4802.5,2.78474e-05,0.000139237,2
4805,4810,4807.5,2.78474e-05,0.000139237,2
4810,4815,4812.5,4.17711e-05,0.000208855,3
4815,4820,4817.5,1.39237e-05,6.96185e-05,1
4820,4825,4822.5,2.78474e-05,0.000139237,2
4830,4835,4832.5,9.74659e-05,0.000487329,7
4835,4840,4837.5,5.56948e-05,0.000278474,4
4840,4845,4842.5,2.78474e-05,0.000139237,2
4845,4850,4847.5,4.17711e-05,0.000208855,3
4850,4855,4852.5,2.78474e-05,0.000139237,2
4855,4860,4857.5,5.56948e-05,0.000278474,4
4870,4875,4872.5,1.39237e-05,6.96185e-05,1
4875,4880,4877.5,1.39237e-05,6.96185e-05,1
4885,4890,4887.5,5.56948e-05,0.000278474,4
4890,4895,4892.5,2.78474e-05,0.000139237,2
4895,4900,4897.5,4.17711e-05,0.000208855,3
4900,4905,4902.5,2.78474e-05,0.000139237,2
4905,4910,4907.5,4.17711e-05,0.000208855,3
4915,4920,4917.5,4.17711e-05,0.000208855,3
4920,4925,4922.5,1.39237e-05,6.96185e-05,1
4925,4930,4927.5,2.78474e-05,0.000139237,2
4930,4935,4932.5,4.17711e-05,0.000208855,3
4935,4940,4937.5,5.56948e-05,0.000278474,4
4940,4945,4942.5,1.39237e-05,6.96185e-05,1
4945,4950,4947.5,1.39237e-05,6.96185e-05,1
4950,4955,4952.5,5.56948e-05,0.000278474,4
4955,4960,4957.5,4.17711e-05,0.000208855,3
4960,4965,4962.5,2.78474e-05,0.000139237,2
4965,4970,4967.5,4.17711e-05,0.000208855,3
4970,4975,4972.5,2.78474e-05,0.000139237,2
4975,4980,4977.5,2.78474e-05,0.000139237,2
4980,4985,4982.5,2.78474e-05,0.000139237,2
4985,4990,4987.5,2.78474e-05,0.000139237,2
4990,4995,4992.5,4.17711e-05,0.000208855,3
4995,5000,4997.5,2.78474e-05,0.000139237,2
5000,5005,5002.5,2.78474e-05,0.000139237,2
5005,5010,5007.5,4.17711e-05,0.000208855,3
5010,5015,5012.5,1.39237e-05,6.96185e-05,1
5015,5020,5017.5,1.39237e-05,6.96185e-05,1
5020,5025,5022.5,2.78474e-05,0.000139237,2
5025,5030,5027.5,2.78474e-05,0.000139237,2
5030,5035,5032.5,4.17711e-05,0.000208855,3
5035,5040,5037.5,1.39237e-05,6.96185e-05,1
5040,5045,5042.5,2.78474e-05,0.000139237,2
5045,5050,5047.5,1.39237e-05,6.96185e-05,1
5050,5055,5052.5,4.17711e-05,0.000208855,3
5055,5060,5057.5,2.78474e-05,0.000139237,2
5060,5065,5062.5,1.39237e-05,6.96185e-05,1
5065,5070,5067.5,1.39237e-05,6.96185e-05,1
5070,5075,5072.5,1.39237e-05,6.96185e-05,1
5075,5080,5077.5,2.78474e-05,0.000139237,2
5085,5090,5087.5,2.78474e-05,0.000139237,2
5090,5095,5092.5,5.56948e-05,0.000278474,4
5095,5100,5097.5,1.39237e-05,6.96185e-05,1
5100,5105,5102.5,5.56948e-05,0.000278474,4
5105,5110,5107.5,4.17711e-05,0.000208855,3
5110,5115,5112.5,1.39237e-05,6.96185e-05,1
5115,5120,5117.5,2.78474e-05,0.000139237,2
5120,5125,5122.5,6.96185e-05,0.000348092,5
5125,5130,5127.5,5.56948e-05,0.000278474,4
5135,5140,5137.5,8.35422e-05,0.000417711,6
5140,5145,5142.5,2.78474e-05,0.000139237,2
5145,5150,5147.5,1.39237e-05,6.96185e-05,1
5160,5165,5162.5,4.17711e-05,0.000208855,3
5170,5175,5172.5,2.78474e-05,0.000139237,2
5175,5180,5177.5,4.17711e-05,0.000208855,3
5180,5185,5182.5,5.56948e-05,0.000278474,4
5190,5195,5192.5,2.78474e-05,0.000139237,2
5195,5200,5197.5,1.39237e-05,6.96185e-05,1
5200,5205,5202.5,1.39237e-05,6.96185e-05,1
5205,5210,5207.5,1.39237e-05,6.96185e-05,1
5210,5215,5212.5,2.78474e-05,0.000139237,2
5215,5220,5217.5,4.17711e-05,0.000208855,3
5220,5225,5222.5,1.39237e-05,6.96185e-05,1
5225,5230,5227.5,1.39237e-05,6.96185e-05,1
5230,5235,5232.5,1.39237e-05,6.96185e-05,1
5235,5240,5237.5,2.78474e-05,0.000139237,2
5240,5245,5242.5,2.78474e-05,0.000139237,2
5245,5250,5247.5,4.17711e-05,0.000208855,3
5250,5255,5252.5,4.17711e-05,0.000208855,3
5255,5260,5257.5,1.39237e-05,6.96185e-05,1
5260,5265,5262.5,4.17711e-05,0.000208855,3
5270,5275,5272.5,1.39237e-05,6.96185e-05,1
5275,5280,5277.5,2.78474e-05,0.000139237,2
5280,5285,5282.5,1.39237e-05,6.96185e-05,1
5285,5290,5287.5,1.39237e-05,6.96185e-05,1
5290,5295,5292.5,2.78474e-05,0.000139237,2
5295,5300,5297.5,2.78474e-05,0.000139237,2
5300,5305,5302.5,1.39237e-05,6.96185e-05,1
5305,5310,5307.5,1.39237e-05,6.96185e-05,1
5310,5315,5312.5,2.78474e-05,0.000139237,2
5315,5320,5317.5,4.17711e-05,0.000208855,3
5320,5325,5322.5,2.78474e-05,0.000139237,2
5325,5330,5327.5,5.56948e-05,0.000278474,4
5330,5335,5332.5,2.78474e-05,0.000139237,2
5335,5340,5337.5,1.39237e-05,6.96185e-05,1
5345,5350,5347.5,5.56948e-05,0.000278474,4
5350,5355,5352.5,2.78474e-05,0.000139237,2
5360,5365,5362.5,1.39237e-05,6.96185e-05,1
5365,5370,5367.5,6.96185e-05,0.000348092,5
5370,5375,5372.5,5.56948e-05,0.000278474,4
5375,5380,5377.5,4.17711e-05,0.000208855,3
5380,5385,5382.5,6.96185e-05,0.000348092,5
5390,5395,5392.5,4.17711e-05,0.000208855,3
5395,5400,5397.5,1.39237e-05,6.96185e-05,1
5405,5410,5407.5,1.39237e-05,6.96185e-05,1
5415,5420,5417.5,5.56948e-05,0.000278474,4
5420,5425,5422.5,1.39237e-05,6.96185e-05,1
5425,5430,5427.5,5.56948e-05,0.000278474,4
5430,5435,5432.5,4.17711e-05,0.000208855,3
5435,5440,5437.5,2.78474e-05,0.000139237,2
5440,5445,5442.5,5.56948e-05,0.000278474,4
5445,5450,5447.5,1.39237e-05,6.96185e-05,1
5455,5460,5457.5,1.39237e-05,6.96185e-05,1
5460,5465,5462.5,1.39237e-05,6.96185e-05,1
5470,5475,5472.5,2.78474e-05,0.000139237,2
5475,5480,5477.5,2.78474e-05,0.000139237,2
5480,5485,5482.5,5.56948e-05,0.000278474,4
5485,5490,5487.5,4.17711e-05,0.000208855,3
5490,5495,5492.5,1.39237e-05,6.96185e-05,1
5495,5500,5497.5,2.78474e-05,0.000139237,2
5500,5505,5502.5,1.39237e-05,6.96185e-05,1
5505,5510,5507.5,2.78474e-05,0.000139237,2
5510,5515,5512.5,1.39237e-05,6.96185e-05,1
5515,5520,5517.5,1.39237e-05,6.96185e-05,1
5520,5525,5522.5,2.78474e-05,0.000139237,2
5530,5535,5532.5,4.17711e-05,0.000208855,3
5540,5545,5542.5,1.39237e-05,6.96185e-05,1
5545,5550,5547.5,5.56948e-05,0.000278474,4
5550,5555,5552.5,2.78474e-05,0.000139237,2
5555,5560,5557.5,5.56948e-05,0.000278474,4
5560,5565,5562.5,2.78474e-05,0.000139237,2
5565,5570,5567.5,6.96185e-05,0.000348092,5
5575,5580,5577.5,4.17711e-05,0.000208855,3
5580,5585,5582.5,4.17711e-05,0.000208855,3
5585,5590,5587.5,4.17711e-05,0.000208855,3
5590,5595,5592.5,2.78474e-05,0.000139237,2
5595,5600,5597.5,5.56948e-05,0.000278474,4
5605,5610,5607.5,1.39237e-05,6.96185e-05,1
5610,5615,5612.5,1.39237e-05,6.96185e-05,1
5620,5625,5622.5,2.78474e-05,0.000139237,2
5625,5630,5627.5,5.56948e-05,0.000278474,4
5630,5635,5632.5,1.39237e-05,6.96185e-05,1
5635,5640,5637.5,2.78474e-05,0.000139237,2
5640,5645,5642.5,5.56948e-05,0.000278474,4
5645,5650,5647.5,4.17711e-05,0.000208855,3
5650,5655,5652.5,2.78474e-05,0.000139237,2
5655,5660,5657.5,2.78474e-05,0.000139237,2
5660,5665,5662.5,2.78474e-05,0.000139237,2
5670,5675,5672.5,6.96185e-05,0.000348092,5
5675,5680,5677.5,2.78474e-05,0.000139237,2
5680,5685,5682.5,1.39237e-05,6.96185e-05,1
5690,5695,5692.5,1.39237e-05,6.96185e-05,1
5695,5700,5697.5,1.39237e-05,6.96185e-05,1
5705,5710,5707.5,2.78474e-05,0.000139237,2
5710,5715,5712.5,2.78474e-05,0.000139237,2
5720,5725,5722.5,4.17711e-05,0.000208855,3
5725,5730,5727.5,2.78474e-05,0.000139237,2
5730,5735,5732.5,4.17711e-05,0.000208855,3
5735,5740,5737.5,4.17711e-05,0.000208855,3
5745,5750,5747.5,4.17711e-05,0.000208855,3
5755,5760,5757.5,2.78474e-05,0.000139237,2
5760,5765,5762.5,1.39237e-05,6.96185e-05,1
5775,5780,5777.5,1.39237e-05,6.96185e-05,1
5780,5785,5782.5,2.78474e-05,0.000139237,2
5785,5790,5787.5,4.17711e-05,0.000208855,3
5790,5795,5792.5,1.39237e-05,6.96185e-05,1
5795,5800,5797.5,2.78474e-05,0.000139237,2
5800,5805,5802.5,1.39237e-05,6.96185e-05,1
5810,5815,5812.5,1.39237e-05,6.96185e-05,1
5815,5820,5817.5,2.78474e-05,0.000139237,2
5825,5830,5827.5,1.39237e-05,6.96185e-05,1
5830,5835,5832.5,2.78474e-05,0.000139237,2
5835,5840,5837.5,8.35422e-05,0.000417711,6
5845,5850,5847.5,1.39237e-05,6.96185e-05,1
5850,5855,5852.5,2.78474e-05,0.000139237,2
5855,5860,5857.5,2.78474e-05,0.000139237,2
5865,5870,5867.5,2.78474e-05,0.000139237,2
5875,5880,5877.5,1.39237e-05,6.96185e-05,1
5880,5885,5882.5,2.78474e-05,0.000139237,2
5890,5895,5892.5,2.78474e-05,0.000139237,2
5900,5905,5902.5,1.39237e-05,6.96185e-05,1
5920,5925,5922.5,1.39237e-05,6.96185e-05,1
5925,5930,5927.5,1.39237e-05,6.96185e-05,1
5930,5935,5932.5,1.39237e-05,6.96185e-05,1
5935,5940,5937.5,1.39237e-05,6.96185e-05,1
5940,5945,5942.5,1.39237e-05,6.96185e-05,1
5945,5950,5947.5,2.78474e-05,0.000139237,2
5950,5955,5952.5,4.17711e-05,0.000208855,3
5960,5965,5962.5,1.39237e-05,6.96185e-05,1
5965,5970,5967.5,1.39237e-05,6.96185e-05,1
5970,5975,5972.5,1.39237e-05,6.96185e-05,1
5975,5980,5977.5,5.56948e-05,0.000278474,4
5980,5985,5982.5,1.39237e-05,6.96185e-05,1
5990,5995,5992.5,2.78474e-05,0.000139237,2
5995,6000,5997.5,1.39237e-05,6.96185e-05,1
6000,6005,6002.5,1.39237e-05,6.96185e-05,1
6005,6010,6007.5,4.17711e-05,0.000208855,3
6010,6015,6012.5,1.39237e-05,6.96185e-05,1
6015,6020,6017.5,4.17711e-05,0.000208855,3
6025,6030,6027.5,5.56948e-05,0.000278474,4
6030,6035,6032.5,1.39237e-05,6.96185e-05,1
6040,6045,6042.5,2.78474e-05,0.000139237,2
6045,6050,6047.5,1.39237e-05,6.96185e-05,1
6050,6055,6052.5,5.56948e-05,0.000278474,4
6055,6060,6057.5,4.17711e-05,0.000208855,3
6060,6065,6062.5,2.78474e-05,0.000139237,2
6070,6075,6072.5,5.56948e-05,0.000278474,4
6075,6080,6077.5,5.56948e-05,0.000278474,4
6080,6085,6082.5,1.39237e-05,6.96185e-05,1
6085,6090,6087.5,1.39237e-05,6.96185e-05,1
6090,6095,6092.5,2.78474e-05,0.000139237,2
6100,6105,6102.5,2.78474e-05,0.000139237,2
6105,6110,6107.5,2.78474e-05,0.000139237,2
6110,6115,6112.5,2.78474e-05,0.000139237,2
6115,6120,6117.5,2.78474e-05,0.000139237,2
6120,6125,6122.5,5.56948e-05,0.000278474,4
6125,6130,6127.5,2.78474e-05,0.000139237,2
6130,6135,6132.5,4.17711e-05,0.000208855,3
6140,6145,6142.5,5.56948e-05,0.000278474,4
6145,6150,6147.5,2.78474e-05,0.000139237,2
6150,6155,6152.5,1.39237e-05,6.96185e-05,1
6155,6160,6157.5,2.78474e-05,0.000139237,2
6160,6165,6162.5,1.39237e-05,6.96185e-05,1
6165,6170,6167.5,1.39237e-05,6.96185e-05,1
6170,6175,6172.5,4.17711e-05,0.000208855,3
6175,6180,6177.5,5.56948e-05,0.000278474,4
6180,6185,6182.5,4.17711e-05,0.000208855,3
6195,6200,6197.5,1.39237e-05,6.96185e-05,1
6200,6205,6202.5,5.56948e-05,0.000278474,4
6205,6210,6207.5,1.39237e-05,6.96185e-05,1
6210,6215,6212.5,2.78474e-05,0.000139237,2
6215,6220,6217.5,1.39237e-05,6.96185e-05,1
6220,6225,6222.5,2.78474e-05,0.000139237,2
6225,6230,6227.5,1.39237e-05,6.96185e-05,1
6230,6235,6232.5,2.78474e-05,0.000139237,2
6235,6240,6237.5,2.78474e-05,0.000139237,2
6245,6250,6247.5,4.17711e-05,0.000208855,3
6250,6255,6252.5,2.78474e-05,0.000139237,2
6255,6260,6257.5,4.17711e-05,0.000208855,3
6260,6265,6262.5,1.39237e-05,6.96185e-05,1
6265,6270,6267.5,2.78474e-05,0.000139237,2
6270,6275,6272.5,2.78474e-05,0.000139237,2
6275,6280,6277.5,5.56948e-05,0.000278474,4
6285,6290,6287.5,2.78474e-05,0.000139237,2
6290,6295,6292.5,2.78474e-05,0.000139237,2
6300,6305,6302.5,2.78474e-05,0.000139237,2
6310,6315,6312.5,1.39237e-05,6.96185e-05,1
6315,6320,6317.5,5.56948e-05,0.000278474,4
6320,6325,6322.5,4.17711e-05,0.000208855,3
6335,6340,6337.5,1.39237e-05,6.96185e-05,1
6340,6345,6342.5,2.78474e-05,0.000139237,2
6350,6355,6352.5,1.39237e-05,6.96185e-05,1
6355,6360,6357.5,2.78474e-05,0.000139237,2
6360,6365,6362.5,1.39237e-05,6.96185e-05,1
6365,6370,6367.5,1.39237e-05,6.96185e-05,1
6370,6375,6372.5,4.17711e-05,0.000208855,3
6375,6380,6377.5,1.39237e-05,6.96185e-05,1
6380,6385,6382.5,2.78474e-05,0.000139237,2
6385,6390,6387.5,2.78474e-05,0.000139237,2
6390,6395,6392.5,2.78474e-05,0.000139237,2
6395,6400,6397.5,4.17711e-05,0.000208855,3
6400,6405,6402.5,1.39237e-05,6.96185e-05,1
6405,6410,6407.5,1.39237e-05,6.96185e-05,1
6410,6415,6412.5,4.17711e-05,0.000208855,3
6415,6420,6417.5,4.17711e-05,0.000208855,3
6420,6425,6422.5,1.39237e-05,6.96185e-05,1
6425,6430,6427.5,2.78474e-05,0.000139237,2
6430,6435,6432.5,1.39237e-05,6.96185e-05,1
6435,6440,6437.5,1.39237e-05,6.96185e-05,1
6440,6445,6442.5,5.56948e-05,0.000278474,4
6445,6450,6447.5,2.78474e-05,0.000139237,2
6450,6455,6452.5,2.78474e-05,0.000139237,2
6460,6465,6462.5,5.56948e-05,0.000278474,4
6465,6470,6467.5,1.39237e-05,6.96185e-05,1
6470,6475,6472.5,6.96185e-05,0.000348092,5
6475,6480,6477.5,1.39237e-05,6.96185e-05,1
6480,6485,6482.5,1.39237e-05,6.96185e-05,1
6485,6490,6487.5,2.78474e-05,0.000139237,2
6490,6495,6492.5,2.78474e-05,0.000139237,2
6495,6500,6497.5,5.56948e-05,0.000278474,4
6500,6505,6502.5,2.78474e-05,0.000139237,2
6510,6515,6512.5,2.78474e-05,0.000139237,2
6515,6520,6517.5,1.39237e-05,6.96185e-05,1
6520,6525,6522.5,2.78474e-05,0.000139237,2
6525,6530,6527.5,4.17711e-05,0.000208855,3
6535,6540,6537.5,1.39237e-05,6.96185e-05,1
6540,6545,6542.5,2.78474e-05,0.000139237,2
6555,6560,6557.5,4.17711e-05,0.000208855,3
6560,6565,6562.5,2.78474e-05,0.000139237,2
6570,6575,6572.5,4.17711e-05,0.000208855,3
6575,6580,6577.5,1.39237e-05,6.96185e-05,1
6580,6585,6582.5,5.56948e-05,0.000278474,4
6585,6590,6587.5,2.78474e-05,0.000139237,2
6590,6595,6592.5,5.56948e-05,0.000278474,4
6595,6600,6597.5,4.17711e-05,0.000208855,3
6600,6605,6602.5,2.78474e-05,0.000139237,2
6610,6615,6612.5,1.39237e-05,6.96185e-05,1
6615,6620,6617.5,5.56948e-05,0.000278474,4
6640,6645,6642.5,1.39237e-05,6.96185e-05,1
6645,6650,6647.5,1.39237e-05,6.96185e-05,1
6655,6660,6657.5,4.17711e-05,0.000208855,3
6660,6665,6662.5,4.17711e-05,0.000208855,3
6665,6670,6667.5,2.78474e-05,0.000139237,2
6675,6680,6677.5,2.78474e-05,0.000139237,2
6685,6690,6687.5,2.78474e-05,0.000139237,2
6690,6695,6692.5,1.39237e-05,6.96185e-05,1
6700,6705,6702.5,5.56948e-05,0.000278474,4
6720,6725,6722.5,4.17711e-05,0.000208855,3
6725,6730,6727.5,2.78474e-05,0.000139237,2
6730,6735,6732.5,2.78474e-05,0.000139237,2
6735,6740,6737.5,2.78474e-05,0.000139237,2
6740,6745,6742.5,2.78474e-05,0.000139237,2
6745,6750,6747.5,1.39237e-05,6.96185e-05,1
6750,6755,6752.5,5.56948e-05,0.000278474,4
6755,6760,6757.5,6.96185e-05,0.000348092,5
6760,6765,6762.5,2.78474e-05,0.000139237,2
6770,6775,6772.5,2.78474e-05,0.000139237,2
6775,6780,6777.5,5.56948e-05,0.000278474,4
6780,6785,6782.5,4.17711e-05,0.000208855,3
6790,6795,6792.5,2.78474e-05,0.000139237,2
6795,6800,6797.5,4.17711e-05,0.000208855,3
6800,6805,6802.5,4.17711e-05,0.000208855,3
6805,6810,6807.5,1.39237e-05,6.96185e-05,1
6815,6820,6817.5,1.39237e-05,6.96185e-05,1
6820,6825,6822.5,4.17711e-05,0.000208855,3
6825,6830,6827.5,5.56948e-05,0.000278474,4
6830,6835,6832.5,2.78474e-05,0.000139237,2
6845,6850,6847.5,2.78474e-05,0.000139237,2
6850,6855,6852.5,1.39237e-05,6.96185e-05,1
6860,6865,6862.5,4.17711e-05,0.000208855,3
6870,6875,6872.5,4.17711e-05,0.000208855,3
6875,6880,6877.5,4.17711e-05,0.000208855,3
6880,6885,6882.5,2.78474e-05,0.000139237,2
6885,6890,6887.5,1.39237e-05,6.96185e-05,1
6890,6895,6892.5,4.17711e-05,0.000208855,3
6895,6900,6897.5,1.39237e-05,6.96185e-05,1
6900,6905,6902.5,2.78474e-05,0.000139237,2
6905,6910,6907.5,4.17711e-05,0.000208855,3
6910,6915,6912.5,1.39237e-05,6.96185e-05,1
6915,6920,6917.5,1.39237e-05,6.96185e-05,1
6920,6925,6922.5,1.39237e-05,6.96185e-05,1
6925,6930,6927.5,4.17711e-05,0.000208855,3
6930,6935,6932.5,1.39237e-05,6.96185e-05,1
6935,6940,6937.5,6.96185e-05,0.000348092,5
6940,6945,6942.5,1.39237e-05,6.96185e-05,1
6945,6950,6947.5,4.17711e-05,0.000208855,3
6950,6955,6952.5,2.78474e-05,0.000139237,2
6955,6960,6957.5,2.78474e-05,0.000139237,2
6960,6965,6962.5,2.78474e-05,0.000139237,2
6965,6970,6967.5,5.56948e-05,0.000278474,4
6985,6990,6987.5,5.56948e-05,0.000278474,4
6990,6995,6992.5,2.78474e-05,0.000139237,2
6995,7000,6997.5,6.96185e-05,0.000348092,5
7000,7005,7002.5,2.78474e-05,0.000139237,2
7020,7025,7022.5,1.39237e-05,6.96185e-05,1
7025,7030,7027.5,4.17711e-05,0.000208855,3
7030,7035,7032.5,1.39237e-05,6.96185e-05,1
7035,7040,7037.5,1.39237e-05,6.96185e-05,1
7040,7045,7042.5,6.96185e-05,0.000348092,5
7045,7050,7047.5,2.78474e-05,0.000139237,2
7050,7055,7052.5,1.39237e-05,6.96185e-05,1
7070,7075,7072.5,1.39237e-05,6.96185e-05,1
7075,7080,7077.5,1.39237e-05,6.96185e-05,1
7080,7085,7082.5,1.39237e-05,6.96185e-05,1
7085,7090,7087.5,4.17711e-05,0.000208855,3
7090,7095,7092.5,2.78474e-05,0.000139237,2
7095,7100,7097.5,4.17711e-05,0.000208855,3
7100,7105,7102.5,1.39237e-05,6.96185e-05,1
7105,7110,7107.5,4.17711e-05,0.000208855,3
7110,7115,7112.5,2.78474e-05,0.000139237,2
7115,7120,7117.5,2.78474e-05,0.000139237,2
7120,7125,7122.5,2.78474e-05,0.000139237,2
7135,7140,7137.5,2.78474e-05,0.000139237,2
7150,7155,7152.5,1.39237e-05,6.96185e-05,1
7155,7160,7157.5,1.39237e-05,6.96185e-05,1
7165,7170,7167.5,1.39237e-05,6.96185e-05,1
7170,7175,7172.5,2.78474e-05,0.000139237,2
7185,7190,7187.5,4.17711e-05,0.000208855,3
7190,7195,7192.5,1.39237e-05,6.96185e-05,1
7195,7200,7197.5,1.39237e-05,6.96185e-05,1
7200,7205,7202.5,1.39237e-05,6.96185e-05,1
7205,7210,7207.5,2.78474e-05,0.000139237,2
7210,7215,7212.5,1.39237e-05,6.96185e-05,1
7215,7220,7217.5,2.78474e-05,0.000139237,2
7220,7225,7222.5,4.17711e-05,0.000208855,3
7225,7230,7227.5,5.56948e-05,0.000278474,4
7230,7235,7232.5,2.78474e-05,0.000139237,2
7235,7240,7237.5,1.39237e-05,6.96185e-05,1
7240,7245,7242.5,2.78474e-05,0.000139237,2
7245,7250,7247.5,4.17711e-05,0.000208855,3
7250,7255,7252.5,2.78474e-05,0.000139237,2
7255,7260,7257.5,2.78474e-05,0.000139237,2
7260,7265,7262.5,1.39237e-05,6.96185e-05,1
7275,7280,7277.5,5.56948e-05,0.000278474,4
7280,7285,7282.5,1.39237e-05,6.96185e-05,1
7285,7290,7287.5,1.39237e-05,6.96185e-05,1
7290,7295,7292.5,4.17711e-05,0.000208855,3
7300,7305,7302.5,2.78474e-05,0.000139237,2
7305,7310,7307.5,1.39237e-05,6.96185e-05,1
7315,7320,7317.5,2.78474e-05,0.000139237,2
7320,7325,7322.5,4.17711e-05,0.000208855,3
7325,7330,7327.5,1.39237e-05,6.96185e-05,1
7330,7335,7332.5,1.39237e-05,6.96185e-05,1
7335,7340,7337.5,1.39237e-05,6.96185e-05,1
7340,7345,7342.5,4.17711e-05,0.000208855,3
7350,7355,7352.5,2.78474e-05,0.000139237,2
7360,7365,7362.5,2.78474e-05,0.000139237,2
7365,7370,7367.5,1.39237e-05,6.96185e-05,1
7370,7375,7372.5,1.39237e-05,6.96185e-05,1
7375,7380,7377.5,2.78474e-05,0.000139237,2
7380,7385,7382.5,2.78474e-05,0.000139237,2
7385,7390,7387.5,4.17711e-05,0.000208855,3
7395,7400,7397.5,1.39237e-05,6.96185e-05,1
7410,7415,7412.5,2.78474e-05,0.000139237,2
7420,7425,7422.5,1.39237e-05,6.96185e-05,1
7425,7430,7427.5,2.78474e-05,0.000139237,2
7430,7435,7432.5,1.39237e-05,6.96185e-05,1
7440,7445,7442.5,1.39237e-05,6.96185e-05,1
7445,7450,7447.5,2.78474e-05,0.000139237,2
7450,7455,7452.5,4.17711e-05,0.000208855,3
7460,7465,7462.5,1.39237e-05,6.96185e-05,1
7465,7470,7467.5,2.78474e-05,0.000139237,2
7470,7475,7472.5,6.96185e-05,0.000348092,5
7480,7485,7482.5,2.78474e-05,0.000139237,2
7485,7490,7487.5,1.39237e-05,6.96185e-05,1
7490,7495,7492.5,1.39237e-05,6.96185e-05,1
7500,7505,7502.5,1.39237e-05,6.96185e-05,1
7505,7510,7507.5,2.78474e-05,0.000139237,2
7515,7520,7517.5,1.39237e-05,6.96185e-05,1
7520,7525,7522.5,4.17711e-05,0.000208855,3
7535,7540,7537.5,1.39237e-05,6.96185e-05,1
7540,7545,7542.5,1.39237e-05,6.96185e-05,1
7555,7560,7557.5,2.78474e-05,0.000139237,2
7565,7570,7567.5,2.78474e-05,0.000139237,2
7580,7585,7582.5,1.39237e-05,6.96185e-05,1
7590,7595,7592.5,1.39237e-05,6.96185e-05,1
7595,7600,7597.5,1.39237e-05,6.96185e-05,1
7600,7605,7602.5,2.78474e-05,0.000139237,2
7605,7610,7607.5,4.17711e-05,0.000208855,3
7620,7625,7622.5,1.39237e-05,6.96185e-05,1
7625,7630,7627.5,1.39237e-05,6.96185e-05,1
7630,7635,7632.5,1.39237e-05,6.96185e-05,1
7635,7640,7637.5,1.39237e-05,6.96185e-05,1
7645,7650,7647.5,1.39237e-05,6.96185e-05,1
7650,7655,7652.5,5.56948e-05,0.000278474,4
7655,7660,7657.5,2.78474e-05,0.000139237,2
7660,7665,7662.5,2.78474e-05,0.000139237,2
7665,7670,7667.5,2.78474e-05,0.000139237,2
7670,7675,7672.5,1.39237e-05,6.96185e-05,1
7675,7680,7677.5,4.17711e-05,0.000208855,3
7680,7685,7682.5,2.78474e-05,0.000139237,2
7685,7690,7687.5,1.39237e-05,6.96185e-05,1
7690,7695,7692.5,1.39237e-05,6.96185e-05,1
7695,7700,7697.5,2.78474e-05,0.000139237,2
7700,7705,7702.5,1.39237e-05,6.96185e-05,1
7705,7710,7707.5,1.39237e-05,6.96185e-05,1
7710,7715,7712.5,4.17711e-05,0.000208855,3
7715,7720,7717.5,2.78474e-05,0.000139237,2
7720,7725,7722.5,1.39237e-05,6.96185e-05,1
7725,7730,7727.5,1.39237e-05,6.96185e-05,1
7740,7745,7742.5,1.39237e-05,6.96185e-05,1
7745,7750,7747.5,4.17711e-05,0.000208855,3
7750,7755,7752.5,1.39237e-05,6.96185e-05,1
7755,7760,7757.5,4.17711e-05,0.000208855,3
7765,7770,7767.5,2.78474e-05,0.000139237,2
7775,7780,7777.5,2.78474e-05,0.000139237,2
7785,7790,7787.5,2.78474e-05,0.000139237,2
7795,7800,7797.5,6.96185e-05,0.000348092,5
7800,7805,7802.5,4.17711e-05,0.000208855,3
7815,7820,7817.5,4.17711e-05,0.000208855,3
7820,7825,7822.5,2.78474e-05,0.000139237,2
7825,7830,7827.5,1.39237e-05,6.96185e-05,1
7835,7840,7837.5,1.39237e-05,6.96185e-05,1
7840,7845,7842.5,2.78474e-05,0.000139237,2
7845,7850,7847.5,6.96185e-05,0.000348092,5
7850,7855,7852.5,4.17711e-05,0.000208855,3
7855,7860,7857.5,1.39237e-05,6.96185e-05,1
7860,7865,7862.5,2.78474e-05,0.000139237,2
7865,7870,7867.5,1.39237e-05,6.96185e-05,1
7870,7875,7872.5,5.56948e-05,0.000278474,4
7890,7895,7892.5,1.39237e-05,6.96185e-05,1
7905,7910,7907.5,2.78474e-05,0.000139237,2
7915,7920,7917.5,2.78474e-05,0.000139237,2
7925,7930,7927.5,5.56948e-05,0.000278474,4
7935,7940,7937.5,1.39237e-05,6.96185e-05,1
7940,7945,7942.5,2.78474e-05,0.000139237,2
7950,7955,7952.5,1.39237e-05,6.96185e-05,1
7955,7960,7957.5,2.78474e-05,0.000139237,2
7960,7965,7962.5,4.17711e-05,0.000208855,3
7980,7985,7982.5,2.78474e-05,0.000139237,2
7990,7995,7992.5,4.17711e-05,0.000208855,3
8000,8005,8002.5,4.17711e-05,0.000208855,3
8005,8010,8007.5,5.56948e-05,0.000278474,4
8010,8015,8012.5,2.78474e-05,0.000139237,2
8015,8020,8017.5,8.35422e-05,0.000417711,6
8020,8025,8022.5,2.78474e-05,0.000139237,2
8025,8030,8027.5,2.78474e-05,0.000139237,2
8030,8035,8032.5,1.39237e-05,6.96185e-05,1
8035,8040,8037.5,5.56948e-05,0.000278474,4
8040,8045,8042.5,5.56948e-05,0.000278474,4
8050,8055,8052.5,2.78474e-05,0.000139237,2
8055,8060,8057.5,1.39237e-05,6.96185e-05,1
8060,8065,8062.5,1.39237e-05,6.96185e-05,1
8065,8070,8067.5,1.39237e-05,6.96185e-05,1
8075,8080,8077.5,2.78474e-05,0.000139237,2
8080,8085,8082.5,2.78474e-05,0.000139237,2
8085,8090,8087.5,1.39237e-05,6.96185e-05,1
8095,8100,8097.5,1.39237e-05,6.96185e-05,1
8100,8105,8102.5,1.39237e-05,6.96185e-05,1
8125,8130,8127.5,2.78474e-05,0.000139237,2
8130,8135,8132.5,6.96185e-05,0.000348092,5
8135,8140,8137.5,1.39237e-05,6.96185e-05,1
8140,8145,8142.5,1.39237e-05,6.96185e-05,1
8150,8155,8152.5,1.39237e-05,6.96185e-05,1
8155,8160,8157.5,2.78474e-05,0.000139237,2
8160,8165,8162.5,2.78474e-05,0.000139237,2
8165,8170,8167.5,1.39237e-05,6.96185e-05,1
8170,8175,8172.5,4.17711e-05,0.000208855,3
8180,8185,8182.5,1.39237e-05,6.96185e-05,1
8190,8195,8192.5,1.39237e-05,6.96185e-05,1
8195,8200,8197.5,1.39237e-05,6.96185e-05,1
8200,8205,8202.5,2.78474e-05,0.000139237,2
8205,8210,8207.5,2.78474e-05,0.000139237,2
8215,8220,8217.5,2.78474e-05,0.000139237,2
8220,8225,8222.5,1.39237e-05,6.96185e-05,1
8225,8230,8227.5,1.39237e-05,6.96185e-05,1
8230,8235,8232.5,1.39237e-05,6.96185e-05,1
8235,8240,8237.5,2.78474e-05,0.000139237,2
8240,8245,8242.5,1.39237e-05,6.96185e-05,1
8250,8255,8252.5,2.78474e-05,0.000139237,2
8260,8265,8262.5,1.39237e-05,6.96185e-05,1
8265,8270,8267.5,1.39237e-05,6.96185e-05,1
8270,8275,8272.5,5.56948e-05,0.000278474,4
8275,8280,8277.5,4.17711e-05,0.000208855,3
8280,8285,8282.5,2.78474e-05,0.000139237,2
8285,8290,8287.5,4.17711e-05,0.000208855,3
8290,8295,8292.5,1.39237e-05,6.96185e-05,1
8295,8300,8297.5,1.39237e-05,6.96185e-05,1
8300,8305,8302.5,5.56948e-05,0.000278474,4
8305,8310,8307.5,1.39237e-05,6.96185e-05,1
8310,8315,8312.5,1.39237e-05,6.96185e-05,1
8315,8320,8317.5,5.56948e-05,0.000278474,4
8330,8335,8332.5,2.78474e-05,0.000139237,2
8335,8340,8337.5,1.39237e-05,6.96185e-05,1
8340,8345,8342.5,2.78474e-05,0.000139237,2
8345,8350,8347.5,2.78474e-05,0.000139237,2
8350,8355,8352.5,2.78474e-05,0.000139237,2
8355,8360,8357.5,2.78474e-05,0.000139237,2
8365,8370,8367.5,4.17711e-05,0.000208855,3
8370,8375,8372.5,1.39237e-05,6.96185e-05,1
8375,8380,8377.5,4.17711e-05,0.000208855,3
8380,8385,8382.5,2.78474e-05,0.000139237,2
8385,8390,8387.5,4.17711e-05,0.000208855,3
8400,8405,8402.5,1.39237e-05,6.96185e-05,1
8405,8410,8407.5,1.39237e-05,6.96185e-05,1
8410,8415,8412.5,4.17711e-05,0.000208855,3
8415,8420,8417.5,2.78474e-05,0.000139237,2
8425,8430,8427.5,4.17711e-05,0.000208855,3
8435,8440,8437.5,2.78474e-05,0.000139237,2
8445,8450,8447.5,4.17711e-05,0.000208855,3
8450,8455,8452.5,1.39237e-05,6.96185e-05,1
8465,8470,8467.5,2.78474e-05,0.000139237,2
8470,8475,8472.5,2.78474e-05,0.000139237,2
8475,8480,8477.5,1.39237e-05,6.96185e-05,1
8480,8485,8482.5,1.39237e-05,6.96185e-05,1
8490,8495,8492.5,1.39237e-05,6.96185e-05,1
8495,8500,8497.5,1.39237e-05,6.96185e-05,1
8500,8505,8502.5,2.78474e-05,0.000139237,2
8510,8515,8512.5,2.78474e-05,0.000139237,2
8515,8520,8517.5,2.78474e-05,0.000139237,2
8520,8525,8522.5,2.78474e-05,0.000139237,2
8525,8530,8527.5,1.39237e-05,6.96185e-05,1
8535,8540,8537.5,1.39237e-05,6.96185e-05,1
8540,8545,8542.5,1.39237e-05,6.96185e-05,1
8555,8560,8557.5,4.17711e-05,0.000208855,3
8560,8565,8562.5,4.17711e-05,0.000208855,3
8580,8585,8582.5,4.17711e-05,0.000208855,3
8585,8590,8587.5,1.39237e-05,6.96185e-05,1
8590,8595,8592.5,2.78474e-05,0.000139237,2
8605,8610,8607.5,1.39237e-05,6.96185e-05,1
8610,8615,8612.5,1.39237e-05,6.96185e-05,1
8615,8620,8617.5,2.78474e-05,0.000139237,2
8620,8625,8622.5,1.39237e-05,6.96185e-05,1
8625,8630,8627.5,1.39237e-05,6.96185e-05,1
8630,8635,8632.5,2.78474e-05,0.000139237,2
8635,8640,8637.5,2.78474e-05,0.000139237,2
8640,8645,8642.5,2.78474e-05,0.000139237,2
8655,8660,8657.5,1.39237e-05,6.96185e-05,1
8675,8680,8677.5,2.78474e-05,0.000139237,2
8685,8690,8687.5,1.39237e-05,6.96185e-05,1
8690,8695,8692.5,1.39237e-05,6.96185e-05,1
8700,8705,8702.5,2.78474e-05,0.000139237,2
8705,8710,8707.5,1.39237e-05,6.96185e-05,1
8725,8730,8727.5,4.17711e-05,0.000208855,3
8730,8735,8732.5,1.39237e-05,6.96185e-05,1
8735,8740,8737.5,1.39237e-05,6.96185e-05,1
8745,8750,8747.5,4.17711e-05,0.000208855,3
8750,8755,8752.5,4.17711e-05,0.000208855,3
8755,8760,8757.5,1.39237e-05,6.96185e-05,1
8760,8765,8762.5,1.39237e-05,6.96185e-05,1
8765,8770,8767.5,1.39237e-05,6.96185e-05,1
8770,8775,8772.5,1.39237e-05,6.96185e-05,1
8775,8780,8777.5,1.39237e-05,6.96185e-05,1
8785,8790,8787.5,1.39237e-05,6.96185e-05,1
8790,8795,8792.5,1.39237e-05,6.96185e-05,1
8800,8805,8802.5,1.39237e-05,6.96185e-05,1
8805,8810,8807.5,1.39237e-05,6.96185e-05,1
8835,8840,8837.5,2.78474e-05,0.000139237,2
8840,8845,8842.5,1.39237e-05,6.96185e-05,1
8850,8855,8852.5,1.39237e-05,6.96185e-05,1
8855,8860,8857.5,1.39237e-05,6.96185e-05,1
8860,8865,8862.5,1.39237e-05,6.96185e-05,1
8870,8875,8872.5,2.78474e-05,0.000139237,2
8885,8890,8887.5,1.39237e-05,6.96185e-05,1
8905,8910,8907.5,4.17711e-05,0.000208855,3
8915,8920,8917.5,1.39237e-05,6.96185e-05,1
8925,8930,8927.5,1.39237e-05,6.96185e-05,1
8930,8935,8932.5,1.39237e-05,6.96185e-05,1
8935,8940,8937.5,2.78474e-05,0.000139237,2
8940,8945,8942.5,1.39237e-05,6.96185e-05,1
8945,8950,8947.5,1.39237e-05,6.96185e-05,1
8950,8955,8952.5,2.78474e-05,0.000139237,2
8955,8960,8957.5,1.39237e-05,6.96185e-05,1
8960,8965,8962.5,1.39237e-05,6.96185e-05,1
8965,8970,8967.5,2.78474e-05,0.000139237,2
8975,8980,8977.5,2.78474e-05,0.000139237,2
8980,8985,8982.5,1.39237e-05,6.96185e-05,1
8985,8990,8987.5,1.39237e-05,6.96185e-05,1
8990,8995,8992.5,1.39237e-05,6.96185e-05,1
9000,9005,9002.5,4.17711e-05,0.000208855,3
9005,9010,9007.5,1.39237e-05,6.96185e-05,1
9010,9015,9012.5,2.78474e-05,0.000139237,2
9015,9020,9017.5,1.39237e-05,6.96185e-05,1
9025,9030,9027.5,1.39237e-05,6.96185e-05,1
9035,9040,9037.5,4.17711e-05,0.000208855,3
9045,9050,9047.5,1.39237e-05,6.96185e-05,1
9050,9055,9052.5,1.39237e-05,6.96185e-05,1
9060,9065,9062.5,4.17711e-05,0.000208855,3
9070,9075,9072.5,1.39237e-05,6.96185e-05,1
9090,9095,9092.5,1.39237e-05,6.96185e-05,1
9095,9100,9097.5,1.39237e-05,6.96185e-05,1
9115,9120,9117.5,1.39237e-05,6.96185e-05,1
9120,9125,9122.5,4.17711e-05,0.000208855,3
9125,9130,9127.5,1.39237e-05,6.96185e-05,1
9130,9135,9132.5,4.17711e-05,0.000208855,3
9140,9145,9142.5,1.39237e-05,6.96185e-05,1
9155,9160,9157.5,2.78474e-05,0.000139237,2
9160,9165,9162.5,2.78474e-05,0.000139237,2
9165,9170,9167.5,1.39237e-05,6.96185e-05,1
9170,9175,9172.5,2.78474e-05,0.000139237,2
9175,9180,9177.5,2.78474e-05,0.000139237,2
9180,9185,9182.5,1.39237e-05,6.96185e-05,1
9185,9190,9187.5,1.39237e-05,6.96185e-05,1
9190,9195,9192.5,1.39237e-05,6.96185e-05,1
9205,9210,9207.5,2.78474e-05,0.000139237,2
9240,9245,9242.5,1.39237e-05,6.96185e-05,1
9245,9250,9247.5,2.78474e-05,0.000139237,2
9250,9255,9252.5,2.78474e-05,0.000139237,2
9255,9260,9257.5,1.39237e-05,6.96185e-05,1
9260,9265,9262.5,1.39237e-05,6.96185e-05,1
9265,9270,9267.5,1.39237e-05,6.96185e-05,1
9270,9275,9272.5,2.78474e-05,0.000139237,2
9275,9280,9277.5,1.39237e-05,6.96185e-05,1
9285,9290,9287.5,1.39237e-05,6.96185e-05,1
9300,9305,9302.5,2.78474e-05,0.000139237,2
9310,9315,9312.5,4.17711e-05,0.000208855,3
9320,9325,9322.5,2.78474e-05,0.000139237,2
9330,9335,9332.5,1.39237e-05,6.96185e-05,1
9350,9355,9352.5,1.39237e-05,6.96185e-05,1
9355,9360,9357.5,1.39237e-05,6.96185e-05,1
9360,9365,9362.5,2.78474e-05,0.000139237,2
9385,9390,9387.5,1.39237e-05,6.96185e-05,1
9390,9395,9392.5,1.39237e-05,6.96185e-05,1
9395,9400,9397.5,4.17711e-05,0.000208855,3
9400,9405,9402.5,2.78474e-05,0.000139237,2
9405,9410,9407.5,1.39237e-05,6.96185e-05,1
9425,9430,9427.5,4.17711e-05,0.000208855,3
9440,9445,9442.5,1.39237e-05,6.96185e-05,1
9445,9450,9447.5,1.39237e-05,6.96185e-05,1
9450,9455,9452.5,1.39237e-05,6.96185e-05,1
9455,9460,9457.5,1.39237e-05,6.96185e-05,1
9465,9470,9467.5,2.78474e-05,0.000139237,2
9480,9485,9482.5,2.78474e-05,0.000139237,2
9485,9490,9487.5,1.39237e-05,6.96185e-05,1
9495,9500,9497.5,1.39237e-05,6.96185e-05,1
9500,9505,9502.5,1.39237e-05,6.96185e-05,1
9505,9510,9507.5,2.78474e-05,0.000139237,2
9515,9520,9517.5,5.56948e-05,0.000278474,4
9520,9525,9522.5,2.78474e-05,0.000139237,2
9525,9530,9527.5,1.39237e-05,6.96185e-05,1
9530,9535,9532.5,4.17711e-05,0.000208855,3
9535,9540,9537.5,5.56948e-05,0.000278474,4
9540,9545,9542.5,2.78474e-05,0.000139237,2
9545,9550,9547.5,1.39237e-05,6.96185e-05,1
9550,9555,9552.5,4.17711e-05,0.000208855,3
9565,9570,9567.5,4.17711e-05,0.000208855,3
9575,9580,9577.5,1.39237e-05,6.96185e-05,1
9585,9590,9587.5,1.39237e-05,6.96185e-05,1
9590,9595,9592.5,2.78474e-05,0.000139237,2
9600,9605,9602.5,2.78474e-05,0.000139237,2
9605,9610,9607.5,1.39237e-05,6.96185e-05,1
9615,9620,9617.5,2.78474e-05,0.000139237,2
9620,9625,9622.5,2.78474e-05,0.000139237,2
9635,9640,9637.5,2.78474e-05,0.000139237,2
9640,9645,9642.5,4.17711e-05,0.000208855,3
9645,9650,9647.5,2.78474e-05,0.000139237,2
9650,9655,9652.5,2.78474e-05,0.000139237,2
9655,9660,9657.5,2.78474e-05,0.000139237,2
9660,9665,9662.5,2.78474e-05,0.000139237,2
9665,9670,9667.5,1.39237e-05,6.96185e-05,1
9680,9685,9682.5,1.39237e-05,6.96185e-05,1
9685,9690,9687.5,2.78474e-05,0.000139237,2
9690,9695,9692.5,2.78474e-05,0.000139237,2
9700,9705,9702.5,1.39237e-05,6.96185e-05,1
9725,9730,9727.5,1.39237e-05,6.96185e-05,1
9735,9740,9737.5,2.78474e-05,0.000139237,2
9740,9745,9742.5,2.78474e-05,0.000139237,2
9745,9750,9747.5,1.39237e-05,6.96185e-05,1
9755,9760,9757.5,2.78474e-05,0.000139237,2
9760,9765,9762.5,1.39237e-05,6.96185e-05,1
9765,9770,9767.5,4.17711e-05,0.000208855,3
9770,9775,9772.5,2.78474e-05,0.000139237,2
9775,9780,9777.5,1.39237e-05,6.96185e-05,1
9790,9795,9792.5,1.39237e-05,6.96185e-05,1
9805,9810,9807.5,1.39237e-05,6.96185e-05,1
9815,9820,9817.5,1.39237e-05,6.96185e-05,1
9820,9825,9822.5,1.39237e-05,6.96185e-05,1
9830,9835,9832.5,4.17711e-05,0.000208855,3
9840,9845,9842.5,6.96185e-05,0.000348092,5
9850,9855,9852.5,2.78474e-05,0.000139237,2
9855,9860,9857.5,1.39237e-05,6.96185e-05,1
9865,9870,9867.5,4.17711e-05,0.000208855,3
9875,9880,9877.5,4.17711e-05,0.000208855,3
9880,9885,9882.5,1.39237e-05,6.96185e-05,1
9885,9890,9887.5,1.39237e-05,6.96185e-05,1
9900,9905,9902.5,1.39237e-05,6.96185e-05,1
9910,9915,9912.5,1.39237e-05,6.96185e-05,1
9915,9920,9917.5,1.39237e-05,6.96185e-05,1
9935,9940,9937.5,4.17711e-05,0.000208855,3
9940,9945,9942.5,1.39237e-05,6.96185e-05,1
9980,9985,9982.5,2.78474e-05,0.000139237,2
9985,9990,9987.5,1.39237e-05,6.96185e-05,1
9990,9995,9992.5,1.39237e-05,6.96185e-05,1
10005,10010,10007.5,1.39237e-05,6.96185e-05,1
10010,10015,10012.5,1.39237e-05,6.96185e-05,1
10015,10020,10017.5,4.17711e-05,0.000208855,3
10020,10025,10022.5,4.17711e-05,0.000208855,3
10025,10030,10027.5,1.39237e-05,6.96185e-05,1
10035,10040,10037.5,1.39237e-05,6.96185e-05,1
10045,10050,10047.5,2.78474e-05,0.000139237,2
10050,10055,10052.5,1.39237e-05,6.96185e-05,1
10055,10060,10057.5,2.78474e-05,0.000139237,2
10070,10075,10072.5,2.78474e-05,0.000139237,2
10080,10085,10082.5,1.39237e-05,6.96185e-05,1
10090,10095,10092.5,1.39237e-05,6.96185e-05,1
10100,10105,10102.5,2.78474e-05,0.000139237,2
10105,10110,10107.5,1.39237e-05,6.96185e-05,1
10110,10115,10112.5,4.17711e-05,0.000208855,3
10115,10120,10117.5,1.39237e-05,6.96185e-05,1
10120,10125,10122.5,6.96185e-05,0.000348092,5
10150,10155,10152.5,1.39237e-05,6.96185e-05,1
10155,10160,10157.5,2.78474e-05,0.000139237,2
10165,10170,10167.5,1.39237e-05,6.96185e-05,1
10175,10180,10177.5,1.39237e-05,6.96185e-05,1
10180,10185,10182.5,1.39237e-05,6.96185e-05,1
10185,10190,10187.5,4.17711e-05,0.000208855,3
10190,10195,10192.5,1.39237e-05,6.96185e-05,1
10200,10205,10202.5,2.78474e-05,0.000139237,2
10205,10210,10207.5,1.39237e-05,6.96185e-05,1
10215,10220,10217.5,1.39237e-05,6.96185e-05,1
10220,10225,10222.5,2.78474e-05,0.000139237,2
10230,10235,10232.5,1.39237e-05,6.96185e-05,1
10240,10245,10242.5,2.78474e-05,0.000139237,2
10250,10255,10252.5,2.78474e-05,0.000139237,2
10255,10260,10257.5,1.39237e-05,6.96185e-05,1
10275,10280,10277.5,2.78474e-05,0.000139237,2
10285,10290,10287.5,4.17711e-05,0.000208855,3
10290,10295,10292.5,4.17711e-05,0.000208855,3
10305,10310,10307.5,4.17711e-05,0.000208855,3
10310,10315,10312.5,1.39237e-05,6.96185e-05,1
10315,10320,10317.5,2.78474e-05,0.000139237,2
10320,10325,10322.5,1.39237e-05,6.96185e-05,1
10355,10360,10357.5,4.17711e-05,0.000208855,3
10375,10380,10377.5,1.39237e-05,6.96185e-05,1
10380,10385,10382.5,1.39237e-05,6.96185e-05,1
10390,10395,10392.5,2.78474e-05,0.000139237,2
10400,10405,10402.5,1.39237e-05,6.96185e-05,1
10410,10415,10412.5,4.17711e-05,0.000208855,3
10415,10420,10417.5,1.39237e-05,6.96185e-05,1
10420,10425,10422.5,2.78474e-05,0.000139237,2
10425,10430,10427.5,2.78474e-05,0.000139237,2
10430,10435,10432.5,1.39237e-05,6.96185e-05,1
10435,10440,10437.5,1.39237e-05,6.96185e-05,1
10475,10480,10477.5,1.39237e-05,6.96185e-05,1
10480,10485,10482.5,1.39237e-05,6.96185e-05,1
10490,10495,10492.5,1.39237e-05,6.96185e-05,1
10495,10500,10497.5,1.39237e-05,6.96185e-05,1
10500,10505,10502.5,1.39237e-05,6.96185e-05,1
10510,10515,10512.5,2.78474e-05,0.000139237,2
10530,10535,10532.5,1.39237e-05,6.96185e-05,1
10535,10540,10537.5,2.78474e-05,0.000139237,2
10540,10545,10542.5,5.56948e-05,0.000278474,4
10550,10555,10552.5,2.78474e-05,0.000139237,2
10555,10560,10557.5,1.39237e-05,6.96185e-05,1
10570,10575,10572.5,1.39237e-05,6.96185e-05,1
10575,10580,10577.5,1.39237e-05,6.96185e-05,1
10590,10595,10592.5,4.17711e-05,0.000208855,3
10595,10600,10597.5,1.39237e-05,6.96185e-05,1
10605,10610,10607.5,4.17711e-05,0.000208855,3
10620,10625,10622.5,1.39237e-05,6.96185e-05,1
10630,10635,10632.5,1.39237e-05,6.96185e-05,1
10635,10640,10637.5,4.17711e-05,0.000208855,3
10645,10650,10647.5,1.39237e-05,6.96185e-05,1
10650,10655,10652.5,1.39237e-05,6.96185e-05,1
10655,10660,10657.5,1.39237e-05,6.96185e-05,1
10665,10670,10667.5,2.78474e-05,0.000139237,2
10670,10675,10672.5,1.39237e-05,6.96185e-05,1
10675,10680,10677.5,4.17711e-05,0.000208855,3
10680,10685,10682.5,4.17711e-05,0.000208855,3
10685,10690,10687.5,1.39237e-05,6.96185e-05,1
10695,10700,10697.5,2.78474e-05,0.000139237,2
10700,10705,10702.5,1.39237e-05,6.96185e-05,1
10705,10710,10707.5,2.78474e-05,0.000139237,2
10710,10715,10712.5,1.39237e-05,6.96185e-05,1
10715,10720,10717.5,2.78474e-05,0.000139237,2
10720,10725,10722.5,1.39237e-05,6.96185e-05,1
10730,10735,10732.5,1.39237e-05,6.96185e-05,1
10745,10750,10747.5,1.39237e-05,6.96185e-05,1
10750,10755,10752.5,1.39237e-05,6.96185e-05,1
10775,10780,10777.5,1.39237e-05,6.96185e-05,1
10780,10785,10782.5,2.78474e-05,0.000139237,2
10790,10795,10792.5,1.39237e-05,6.96185e-05,1
10820,10825,10822.5,1.39237e-05,6.96185e-05,1
10825,10830,10827.5,1.39237e-05,6.96185e-05,1
10830,10835,10832.5,4.17711e-05,0.000208855,3
10835,10840,10837.5,1.39237e-05,6.96185e-05,1
10850,10855,10852.5,1.39237e-05,6.96185e-05,1
10865,10870,10867.5,1.39237e-05,6.96185e-05,1
10870,10875,10872.5,1.39237e-05,6.96185e-05,1
10875,10880,10877.5,1.39237e-05,6.96185e-05,1
10880,10885,10882.5,1.39237e-05,6.96185e-05,1
10885,10890,10887.5,1.39237e-05,6.96185e-05,1
10900,10905,10902.5,1.39237e-05,6.96185e-05,1
10910,10915,10912.5,1.39237e-05,6.96185e-05,1
10915,10920,10917.5,1.39237e-05,6.96185e-05,1
10960,10965,10962.5,2.78474e-05,0.000139237,2
10965,10970,10967.5,5.56948e-05,0.000278474,4
10980,10985,10982.5,1.39237e-05,6.96185e-05,1
10995,11000,10997.5,1.39237e-05,6.96185e-05,1
11020,11025,11022.5,1.39237e-05,6.96185e-05,1
11040,11045,11042.5,2.78474e-05,0.000139237,2
11050,11055,11052.5,5.56948e-05,0.000278474,4
11095,11100,11097.5,1.39237e-05,6.96185e-05,1
11100,11105,11102.5,2.78474e-05,0.000139237,2
11105,11110,11107.5,2.78474e-05,0.000139237,2
11115,11120,11117.5,2.78474e-05,0.000139237,2
11125,11130,11127.5,1.39237e-05,6.96185e-05,1
11140,11145,11142.5,1.39237e-05,6.96185e-05,1
11150,11155,11152.5,1.39237e-05,6.96185e-05,1
11165,11170,11167.5,1.39237e-05,6.96185e-05,1
11170,11175,11172.5,1.39237e-05,6.96185e-05,1
11175,11180,11177.5,1.39237e-05,6.96185e-05,1
11180,11185,11182.5,1.39237e-05,6.96185e-05,1
11185,11190,11187.5,1.39237e-05,6.96185e-05,1
11195,11200,11197.5,2.78474e-05,0.000139237,2
11205,11210,11207.5,1.39237e-05,6.96185e-05,1
11210,11215,11212.5,1.39237e-05,6.96185e-05,1
11215,11220,11217.5,1.39237e-05,6.96185e-05,1
11220,11225,11222.5,2.78474e-05,0.000139237,2
11225,11230,11227.5,1.39237e-05,6.96185e-05,1
11245,11250,11247.5,1.39237e-05,6.96185e-05,1
11250,11255,11252.5,2.78474e-05,0.000139237,2
11255,11260,11257.5,5.56948e-05,0.000278474,4
11260,11265,11262.5,1.39237e-05,6.96185e-05,1
11270,11275,11272.5,1.39237e-05,6.96185e-05,1
11285,11290,11287.5,2.78474e-05,0.000139237,2
11295,11300,11297.5,1.39237e-05,6.96185e-05,1
11300,11305,11302.5,1.39237e-05,6.96185e-05,1
11305,11310,11307.5,2.78474e-05,0.000139237,2
11310,11315,11312.5,2.78474e-05,0.000139237,2
11325,11330,11327.5,4.17711e-05,0.000208855,3
11335,11340,11337.5,1.39237e-05,6.96185e-05,1
11340,11345,11342.5,1.39237e-05,6.96185e-05,1
11360,11365,11362.5,1.39237e-05,6.96185e-05,1
11365,11370,11367.5,2.78474e-05,0.000139237,2
11370,11375,11372.5,1.39237e-05,6.96185e-05,1
11400,11405,11402.5,1.39237e-05,6.96185e-05,1
11410,11415,11412.5,2.78474e-05,0.000139237,2
11430,11435,11432.5,1.39237e-05,6.96185e-05,1
11445,11450,11447.5,1.39237e-05,6.96185e-05,1
11450,11455,11452.5,1.39237e-05,6.96185e-05,1
11460,11465,11462.5,1.39237e-05,6.96185e-05,1
11470,11475,11472.5,1.39237e-05,6.96185e-05,1
11475,11480,11477.5,2.78474e-05,0.000139237,2
11485,11490,11487.5,2.78474e-05,0.000139237,2
11490,11495,11492.5,2.78474e-05,0.000139237,2
11515,11520,11517.5,1.39237e-05,6.96185e-05,1
11520,11525,11522.5,2.78474e-05,0.000139237,2
11540,11545,11542.5,1.39237e-05,6.96185e-05,1
11545,11550,11547.5,4.17711e-05,0.000208855,3
11550,11555,11552.5,1.39237e-05,6.96185e-05,1
11555,11560,11557.5,2.78474e-05,0.000139237,2
11560,11565,11562.5,1.39237e-05,6.96185e-05,1
11570,11575,11572.5,1.39237e-05,6.96185e-05,1
11575,11580,11577.5,1.39237e-05,6.96185e-05,1
11585,11590,11587.5,1.39237e-05,6.96185e-05,1
11590,11595,11592.5,1.39237e-05,6.96185e-05,1
11600,11605,11602.5,2.78474e-05,0.000139237,2
11625,11630,11627.5,1.39237e-05,6.96185e-05,1
11630,11635,11632.5,1.39237e-05,6.96185e-05,1
11640,11645,11642.5,2.78474e-05,0.000139237,2
11660,11665,11662.5,1.39237e-05,6.96185e-05,1
11670,11675,11672.5,2.78474e-05,0.000139237,2
11680,11685,11682.5,1.39237e-05,6.96185e-05,1
11695,11700,11697.5,2.78474e-05,0.000139237,2
11700,11705,11702.5,1.39237e-05,6.96185e-05,1
11720,11725,11722.5,1.39237e-05,6.96185e-05,1
11725,11730,11727.5,4.17711e-05,0.000208855,3
11735,11740,11737.5,4.17711e-05,0.000208855,3
11745,11750,11747.5,1.39237e-05,6.96185e-05,1
11755,11760,11757.5,1.39237e-05,6.96185e-05,1
11765,11770,11767.5,2.78474e-05,0.000139237,2
11775,11780,11777.5,1.39237e-05,6.96185e-05,1
11790,11795,11792.5,1.39237e-05,6.96185e-05,1
11800,11805,11802.5,1.39237e-05,6.96185e-05,1
11825,11830,11827.5,1.39237e-05,6.96185e-05,1
11830,11835,11832.5,1.39237e-05,6.96185e-05,1
11840,11845,11842.5,2.78474e-05,0.000139237,2
11855,11860,11857.5,4.17711e-05,0.000208855,3
11865,11870,11867.5,1.39237e-05,6.96185e-05,1
11870,11875,11872.5,1.39237e-05,6.96185e-05,1
11880,11885,11882.5,1.39237e-05,6.96185e-05,1
11885,11890,11887.5,1.39237e-05,6.96185e-05,1
11890,11895,11892.5,1.39237e-05,6.96185e-05,1
11895,11900,11897.5,1.39237e-05,6.96185e-05,1
11920,11925,11922.5,1.39237e-05,6.96185e-05,1
11930,11935,11932.5,1.39237e-05,6.96185e-05,1
11935,11940,11937.5,1.39237e-05,6.96185e-05,1
11940,11945,11942.5,1.39237e-05,6.96185e-05,1
11950,11955,11952.5,1.39237e-05,6.96185e-05,1
11960,11965,11962.5,2.78474e-05,0.000139237,2
11970,11975,11972.5,1.39237e-05,6.96185e-05,1
11975,11980,11977.5,1.39237e-05,6.96185e-05,1
11990,11995,11992.5,2.78474e-05,0.000139237,2
11995,12000,11997.5,1.39237e-05,6.96185e-05,1
12010,12015,12012.5,4.17711e-05,0.000208855,3
12030,12035,12032.5,1.39237e-05,6.96185e-05,1
12040,12045,12042.5,1.39237e-05,6.96185e-05,1
12060,12065,12062.5,2.78474e-05,0.000139237,2
12080,12085,12082.5,1.39237e-05,6.96185e-05,1
12090,12095,12092.5,2.78474e-05,0.000139237,2
12100,12105,12102.5,1.39237e-05,6.96185e-05,1
12120,12125,12122.5,1.39237e-05,6.96185e-05,1
12140,12145,12142.5,1.39237e-05,6.96185e-05,1
12150,12155,12152.5,1.39237e-05,6.96185e-05,1
12165,12170,12167.5,1.39237e-05,6.96185e-05,1
12170,12175,12172.5,1.39237e-05,6.96185e-05,1
12195,12200,12197.5,2.78474e-05,0.000139237,2
12210,12215,12212.5,1.39237e-05,6.96185e-05,1
12220,12225,12222.5,1.39237e-05,6.96185e-05,1
12225,12230,12227.5,2.78474e-05,0.000139237,2
12230,12235,12232.5,1.39237e-05,6.96185e-05,1
12275,12280,12277.5,1.39237e-05,6.96185e-05,1
12285,12290,12287.5,1.39237e-05,6.96185e-05,1
12290,12295,12292.5,1.39237e-05,6.96185e-05,1
12305,12310,12307.5,1.39237e-05,6.96185e-05,1
12335,12340,12337.5,1.39237e-05,6.96185e-05,1
12340,12345,12342.5,1.39237e-05,6.96185e-05,1
12350,12355,12352.5,1.39237e-05,6.96185e-05,1
12355,12360,12357.5,1.39237e-05,6.96185e-05,1
12365,12370,12367.5,1.39237e-05,6.96185e-05,1
12385,12390,12387.5,1.39237e-05,6.96185e-05,1
12390,12395,12392.5,1.39237e-05,6.96185e-05,1
12400,12405,12402.5,1.39237e-05,6.96185e-05,1
12410,12415,12412.5,1.39237e-05,6.96185e-05,1
12415,12420,12417.5,1.39237e-05,6.96185e-05,1
12430,12435,12432.5,1.39237e-05,6.96185e-05,1
12455,12460,12457.5,1.39237e-05,6.96185e-05,1
12475,12480,12477.5,1.39237e-05,6.96185e-05,1
12480,12485,12482.5,2.78474e-05,0.000139237,2
12485,12490,12487.5,1.39237e-05,6.96185e-05,1
12500,12505,12502.5,1.39237e-05,6.96185e-05,1
12510,12515,12512.5,1.39237e-05,6.96185e-05,1
12545,12550,12547.5,1.39237e-05,6.96185e-05,1
12550,12555,12552.5,1.39237e-05,6.96185e-05,1
12605,12610,12607.5,1.39237e-05,6.96185e-05,1
12610,12615,12612.5,1.39237e-05,6.96185e-05,1
12615,12620,12617.5,1.39237e-05,6.96185e-05,1
12630,12635,12632.5,2.78474e-05,0.000139237,2
12640,12645,12642.5,1.39237e-05,6.96185e-05,1
12645,12650,12647.5,1.39237e-05,6.96185e-05,1
12650,12655,12652.5,1.39237e-05,6.96185e-05,1
12680,12685,12682.5,1.39237e-05,6.96185e-05,1
12685,12690,12687.5,2.78474e-05,0.000139237,2
12695,12700,12697.5,4.17711e-05,0.000208855,3
12720,12725,12722.5,1.39237e-05,6.96185e-05,1
12730,12735,12732.5,1.39237e-05,6.96185e-05,1
12740,12745,12742.5,1.39237e-05,6.96185e-05,1
12745,12750,12747.5,1.39237e-05,6.96185e-05,1
12750,12755,12752.5,1.39237e-05,6.96185e-05,1
12755,12760,12757.5,2.78474e-05,0.000139237,2
12765,12770,12767.5,1.39237e-05,6.96185e-05,1
12770,12775,12772.5,1.39237e-05,6.96185e-05,1
12780,12785,12782.5,1.39237e-05,6.96185e-05,1
12785,12790,12787.5,2.78474e-05,0.000139237,2
12790,12795,12792.5,1.39237e-05,6.96185e-05,1
12800,12805,12802.5,1.39237e-05,6.96185e-05,1
12855,12860,12857.5,1.39237e-05,6.96185e-05,1
12865,12870,12867.5,1.39237e-05,6.96185e-05,1
12875,12880,12877.5,1.39237e-05,6.96185e-05,1
12885,12890,12887.5,1.39237e-05,6.96185e-05,1
12905,12910,12907.5,1.39237e-05,6.96185e-05,1
12920,12925,12922.5,1.39237e-05,6.96185e-05,1
12945,12950,12947.5,4.17711e-05,0.000208855,3
12950,12955,12952.5,1.39237e-05,6.96185e-05,1
12955,12960,12957.5,1.39237e-05,6.96185e-05,1
12965,12970,12967.5,4.17711e-05,0.000208855,3
12980,12985,12982.5,1.39237e-05,6.96185e-05,1
12985,12990,12987.5,1.39237e-05,6.96185e-05,1
12995,13000,12997.5,1.39237e-05,6.96185e-05,1
13000,13005,13002.5,1.39237e-05,6.96185e-05,1
13005,13010,13007.5,1.39237e-05,6.96185e-05,1
13010,13015,13012.5,1.39237e-05,6.96185e-05,1
13015,13020,13017.5,2.78474e-05,0.000139237,2
13045,13050,13047.5,1.39237e-05,6.96185e-05,1
13085,13090,13087.5,2.78474e-05,0.000139237,2
13095,13100,13097.5,1.39237e-05,6.96185e-05,1
13100,13105,13102.5,1.39237e-05,6.96185e-05,1
13110,13115,13112.5,1.39237e-05,6.96185e-05,1
13115,13120,13117.5,1.39237e-05,6.96185e-05,1
13120,13125,13122.5,1.39237e-05,6.96185e-05,1
13125,13130,13127.5,2.78474e-05,0.000139237,2
13140,13145,13142.5,2.78474e-05,0.000139237,2
13145,13150,13147.5,1.39237e-05,6.96185e-05,1
13150,13155,13152.5,1.39237e-05,6.96185e-05,1
13155,13160,13157.5,1.39237e-05,6.96185e-05,1
13160,13165,13162.5,1.39237e-05,6.96185e-05,1
13165,13170,13167.5,1.39237e-05,6.96185e-05,1
13185,13190,13187.5,1.39237e-05,6.96185e-05,1
13235,13240,13237.5,1.39237e-05,6.96185e-05,1
13295,13300,13297.5,1.39237e-05,6.96185e-05,1
13305,13310,13307.5,1.39237e-05,6.96185e-05,1
13310,13315,13312.5,1.39237e-05,6.96185e-05,1
13320,13325,13322.5,1.39237e-05,6.96185e-05,1
13335,13340,13337.5,1.39237e-05,6.96185e-05,1
13340,13345,13342.5,1.39237e-05,6.96185e-05,1
13370,13375,13372.5,1.39237e-05,6.96185e-05,1
13375,13380,13377.5,1.39237e-05,6.96185e-05,1
13390,13395,13392.5,1.39237e-05,6.96185e-05,1
13395,13400,13397.5,2.78474e-05,0.000139237,2
13400,13405,13402.5,1.39237e-05,6.96185e-05,1
13490,13495,13492.5,2.78474e-05,0.000139237,2
13505,13510,13507.5,2.78474e-05,0.000139237,2
13535,13540,13537.5,1.39237e-05,6.96185e-05,1
13540,13545,13542.5,4.17711e-05,0.000208855,3
13545,13550,13547.5,1.39237e-05,6.96185e-05,1
13575,13580,13577.5,1.39237e-05,6.96185e-05,1
13580,13585,13582.5,2.78474e-05,0.000139237,2
13635,13640,13637.5,1.39237e-05,6.96185e-05,1
13665,13670,13667.5,2.78474e-05,0.000139237,2
13695,13700,13697.5,1.39237e-05,6.96185e-05,1
13700,13705,13702.5,1.39237e-05,6.96185e-05,1
13710,13715,13712.5,1.39237e-05,6.96185e-05,1
13720,13725,13722.5,2.78474e-05,0.000139237,2
13730,13735,13732.5,1.39237e-05,6.96185e-05,1
13735,13740,13737.5,1.39237e-05,6.96185e-05,1
13740,13745,13742.5,2.78474e-05,0.000139237,2
13745,13750,13747.5,1.39237e-05,6.96185e-05,1
13750,13755,13752.5,1.39237e-05,6.96185e-05,1
13760,13765,13762.5,1.39237e-05,6.96185e-05,1
13765,13770,13767.5,1.39237e-05,6.96185e-05,1
13780,13785,13782.5,1.39237e-05,6.96185e-05,1
13785,13790,13787.5,1.39237e-05,6.96185e-05,1
13810,13815,13812.5,1.39237e-05,6.96185e-05,1
13815,13820,13817.5,1.39237e-05,6.96185e-05,1
13845,13850,13847.5,1.39237e-05,6.96185e-05,1
13855,13860,13857.5,1.39237e-05,6.96185e-05,1
13865,13870,13867.5,2.78474e-05,0.000139237,2
13890,13895,13892.5,1.39237e-05,6.96185e-05,1
13910,13915,13912.5,1.39237e-05,6.96185e-05,1
13940,13945,13942.5,2.78474e-05,0.000139237,2
13945,13950,13947.5,1.39237e-05,6.96185e-05,1
13970,13975,13972.5,2.78474e-05,0.000139237,2
14015,14020,14017.5,1.39237e-05,6.96185e-05,1
14020,14025,14022.5,1.39237e-05,6.96185e-05,1
14025,14030,14027.5,1.39237e-05,6.96185e-05,1
14035,14040,14037.5,1.39237e-05,6.96185e-05,1
14045,14050,14047.5,1.39237e-05,6.96185e-05,1
14075,14080,14077.5,1.39237e-05,6.96185e-05,1
14085,14090,14087.5,2.78474e-05,0.000139237,2
14090,14095,14092.5,1.39237e-05,6.96185e-05,1
14110,14115,14112.5,2.78474e-05,0.000139237,2
14115,14120,14117.5,2.78474e-05,0.000139237,2
14155,14160,14157.5,2.78474e-05,0.000139237,2
14210,14215,14212.5,1.39237e-05,6.96185e-05,1
14230,14235,14232.5,1.39237e-05,6.96185e-05,1
14265,14270,14267.5,1.39237e-05,6.96185e-05,1
14280,14285,14282.5,1.39237e-05,6.96185e-05,1
14290,14295,14292.5,2.78474e-05,0.000139237,2
14315,14320,14317.5,1.39237e-05,6.96185e-05,1
14325,14330,14327.5,1.39237e-05,6.96185e-05,1
14340,14345,14342.5,2.78474e-05,0.000139237,2
14375,14380,14377.5,1.39237e-05,6.96185e-05,1
14380,14385,14382.5,1.39237e-05,6.96185e-05,1
14405,14410,14407.5,1.39237e-05,6.96185e-05,1
14410,14415,14412.5,1.39237e-05,6.96185e-05,1
14450,14455,14452.5,1.39237e-05,6.96185e-05,1
14475,14480,14477.5,1.39237e-05,6.96185e-05,1
14535,14540,14537.5,1.39237e-05,6.96185e-05,1
14570,14575,14572.5,1.39237e-05,6.96185e-05,1
14585,14590,14587.5,1.39237e-05,6.96185e-05,1
14605,14610,14607.5,1.39237e-05,6.96185e-05,1
14630,14635,14632.5,2.78474e-05,0.000139237,2
14640,14645,14642.5,1.39237e-05,6.96185e-05,1
14680,14685,14682.5,1.39237e-05,6.96185e-05,1
14690,14695,14692.5,1.39237e-05,6.96185e-05,1
14710,14715,14712.5,1.39237e-05,6.96185e-05,1
14730,14735,14732.5,1.39237e-05,6.96185e-05,1
14735,14740,14737.5,1.39237e-05,6.96185e-05,1
14755,14760,14757.5,1.39237e-05,6.96185e-05,1
14770,14775,14772.5,1.39237e-05,6.96185e-05,1
14785,14790,14787.5,2.78474e-05,0.000139237,2
14800,14805,14802.5,1.39237e-05,6.96185e-05,1
14810,14815,14812.5,1.39237e-05,6.96185e-05,1
14830,14835,14832.5,1.39237e-05,6.96185e-05,1
14840,14845,14842.5,1.39237e-05,6.96185e-05,1
14860,14865,14862.5,2.78474e-05,0.000139237,2
14880,14885,14882.5,1.39237e-05,6.96185e-05,1
14900,14905,14902.5,1.39237e-05,6.96185e-05,1
14940,14945,14942.5,1.39237e-05,6.96185e-05,1
14945,14950,14947.5,1.39237e-05,6.96185e-05,1
14985,14990,14987.5,1.39237e-05,6.96185e-05,1
15000,15005,15002.5,1.39237e-05,6.96185e-05,1
15005,15010,15007.5,1.39237e-05,6.96185e-05,1
15015,15020,15017.5,2.78474e-05,0.000139237,2
15040,15045,15042.5,2.78474e-05,0.000139237,2
15070,15075,15072.5,1.39237e-05,6.96185e-05,1
15075,15080,15077.5,1.39237e-05,6.96185e-05,1
15095,15100,15097.5,1.39237e-05,6.96185e-05,1
15175,15180,15177.5,1.39237e-05,6.96185e-05,1
15190,15195,15192.5,1.39237e-05,6.96185e-05,1
15245,15250,15247.5,1.39237e-05,6.96185e-05,1
15275,15280,15277.5,1.39237e-05,6.96185e-05,1
15280,15285,15282.5,1.39237e-05,6.96185e-05,1
15330,15335,15332.5,1.39237e-05,6.96185e-05,1
15405,15410,15407.5,1.39237e-05,6.96185e-05,1
15480,15485,15482.5,1.39237e-05,6.96185e-05,1
15510,15515,15512.5,1.39237e-05,6.96185e-05,1
15515,15520,15517.5,1.39237e-05,6.96185e-05,1
15530,15535,15532.5,1.39237e-05,6.96185e-05,1
15540,15545,15542.5,1.39237e-05,6.96185e-05,1
15555,15560,15557.5,1.39237e-05,6.96185e-05,1
15600,15605,15602.5,1.39237e-05,6.96185e-05,1
15610,15615,15612.5,1.39237e-05,6.96185e-05,1
15625,15630,15627.5,2.78474e-05,0.000139237,2
15650,15655,15652.5,1.39237e-05,6.96185e-05,1
15665,15670,15667.5,1.39237e-05,6.96185e-05,1
15690,15695,15692.5,1.39237e-05,6.96185e-05,1
15720,15725,15722.5,1.39237e-05,6.96185e-05,1
15725,15730,15727.5,1.39237e-05,6.96185e-05,1
15745,15750,15747.5,1.39237e-05,6.96185e-05,1
15750,15755,15752.5,2.78474e-05,0.000139237,2
15780,15785,15782.5,1.39237e-05,6.96185e-05,1
15820,15825,15822.5,1.39237e-05,6.96185e-05,1
15900,15905,15902.5,1.39237e-05,6.96185e-05,1
15930,15935,15932.5,1.39237e-05,6.96185e-05,1
15950,15955,15952.5,1.39237e-05,6.96185e-05,1
15970,15975,15972.5,1.39237e-05,6.96185e-05,1
15985,15990,15987.5,1.39237e-05,6.96185e-05,1
16000,16005,16002.5,1.39237e-05,6.96185e-05,1
16005,16010,16007.5,1.39237e-05,6.96185e-05,1
16030,16035,16032.5,1.39237e-05,6.96185e-05,1
16045,16050,16047.5,1.39237e-05,6.96185e-05,1
16130,16135,16132.5,1.39237e-05,6.96185e-05,1
16135,16140,16137.5,1.39237e-05,6.96185e-05,1
16170,16175,16172.5,1.39237e-05,6.96185e-05,1
16250,16255,16252.5,1.39237e-05,6.96185e-05,1
16290,16295,16292.5,1.39237e-05,6.96185e-05,1
16305,16310,16307.5,1.39237e-05,6.96185e-05,1
16315,16320,16317.5,1.39237e-05,6.96185e-05,1
16350,16355,16352.5,1.39237e-05,6.96185e-05,1
16360,16365,16362.5,1.39237e-05,6.96185e-05,1
16370,16375,16372.5,1.39237e-05,6.96185e-05,1
16385,16390,16387.5,1.39237e-05,6.96185e-05,1
16455,16460,16457.5,1.39237e-05,6.96185e-05,1
16460,16465,16462.5,1.39237e-05,6.96185e-05,1
16535,16540,16537.5,1.39237e-05,6.96185e-05,1
16640,16645,16642.5,1.39237e-05,6.96185e-05,1
16690,16695,16692.5,1.39237e-05,6.96185e-05,1
16720,16725,16722.5,1.39237e-05,6.96185e-05,1
16770,16775,16772.5,1.39237e-05,6.96185e-05,1
16775,16780,16777.5,1.39237e-05,6.96185e-05,1
16855,16860,16857.5,1.39237e-05,6.96185e-05,1
16925,16930,16927.5,1.39237e-05,6.96185e-05,1
16970,16975,16972.5,2.78474e-05,0.000139237,2
16980,16985,16982.5,1.39237e-05,6.96185e-05,1
17020,17025,17022.5,1.39237e-05,6.96185e-05,1
17025,17030,17027.5,1.39237e-05,6.96185e-05,1
17065,17070,17067.5,1.39237e-05,6.96185e-05,1
17075,17080,17077.5,2.78474e-05,0.000139237,2
17155,17160,17157.5,1.39237e-05,6.96185e-05,1
17260,17265,17262.5,1.39237e-05,6.96185e-05,1
17385,17390,17387.5,1.39237e-05,6.96185e-05,1
17410,17415,17412.5,1.39237e-05,6.96185e-05,1
17585,17590,17587.5,1.39237e-05,6.96185e-05,1
17725,17730,17727.5,1.39237e-05,6.96185e-05,1
17840,17845,17842.5,1.39237e-05,6.96185e-05,1
17895,17900,17897.5,1.39237e-05,6.96185e-05,1
18165,18170,18167.5,1.39237e-05,6.96185e-05,1
18250,18255,18252.5,1.39237e-05,6.96185e-05,1
18360,18365,18362.5,1.39237e-05,6.96185e-05,1
18405,18410,18407.5,1.39237e-05,6.96185e-05,1
18455,18460,18457.5,1.39237e-05,6.96185e-05,1
18535,18540,18537.5,1.39237e-05,6.96185e-05,1
18575,18580,18577.5,1.39237e-05,6.96185e-05,1
18675,18680,18677.5,1.39237e-05,6.96185e-05,1
18740,18745,18742.5,1.39237e-05,6.96185e-05,1
18830,18835,18832.5,1.39237e-05,6.96185e-05,1
18935,18940,18937.5,1.39237e-05,6.96185e-05,1
19370,19375,19372.5,1.39237e-05,6.96185e-05,1
19650,19655,19652.5,1.39237e-05,6.96185e-05,1
19825,19830,19827.5,1.39237e-05,6.96185e-05,1
20180,20185,20182.5,1.39237e-05,6.96185e-05,1
20215,20220,20217.5,1.39237e-05,6.96185e-05,1
22990,22995,22992.5,1.39237e-05,6.96185e-05,1
VO Delay PDF CSV saved: scratch/delay_pdf/pedca_vo_delay_pdf.csv

P-EDCA STA Delay PDF CSV saved: scratch/delay_pdf/11be/adaptive_compare/adaptive_k5_s1.csv
Legacy STA Delay PDF CSV saved: scratch/delay_pdf/11be/adaptive_compare/adaptiveL_k5_s1.csv
--- EXTENDED_STATS_BEGIN ---
PEDCA_STA_SUCC_COUNT: 3303
PEDCA_STA_FAIL_COUNT: 41
PEDCA_STA_ZERO_RETX: 3303
LEGACY_STA_SUCC_COUNT: 11061
LEGACY_STA_FAIL_COUNT: 1708
LEGACY_STA_ZERO_RETX: 11061
PEDCA_STA_AVG_MAC_DELAY: 1847.22
PEDCA_STA_AVG_QUEUE_DELAY: 1585.35
PEDCA_STA_AVG_ACCESS_DELAY: 261.867
LEGACY_STA_AVG_MAC_DELAY: 3072.03
LEGACY_STA_AVG_QUEUE_DELAY: 2719.03
LEGACY_STA_AVG_ACCESS_DELAY: 352.999
--- EXTENDED_STATS_END ---
