[INFO] std::clog redirected to: scratch/delay_pdf/11be/adaptive_compare/best_k5_s3.log

--- Per-STA P-EDCA Detail ---
  STA0: DS-CTS=403 S2Entry=403 S2Tx=244 PedcaOK=244 EdcaOK=272 FailCTS=0 FailColl=0 FailExp=0 Defer=0
  STA1: DS-CTS=40 S2Entry=40 S2Tx=37 PedcaOK=37 EdcaOK=594 FailCTS=0 FailColl=0 FailExp=0 Defer=0
  STA2: DS-CTS=382 S2Entry=382 S2Tx=232 PedcaOK=232 EdcaOK=238 FailCTS=0 FailColl=0 FailExp=0 Defer=0
  STA3: DS-CTS=21 S2Entry=21 S2Tx=18 PedcaOK=18 EdcaOK=872 FailCTS=0 FailColl=0 FailExp=0 Defer=0
  STA4: DS-CTS=390 S2Entry=390 S2Tx=230 PedcaOK=230 EdcaOK=283 FailCTS=0 FailColl=0 FailExp=0 Defer=0

=== General Statistics ===
P-EDCA Ratio: 0.1667
P-EDCA STAs: 5/30
P-EDCA Share (Avg Per-STA P-EDCA Tx/Total Tx): 29.8738 %
Avg P-EDCA Attempt Success Rate: 71.6935 %
Global P-EDCA Tx Success: 761
Global EDCA Tx Success: 2259
Global P-EDCA Attempt (DS-CTS Sent): 1236

--- P-EDCA Detailed Trace ---
Stage 2 Entered: 1236
Stage 2 TX Started: 761
P-EDCA Fail RTS No CTS: 0
P-EDCA Fail RTS Collision: 0
P-EDCA Fail Timing Expired: 0
P-EDCA Fail Deferral: 0
Total VO TX (P-EDCA+EDCA): 3020
Global P-EDCA Share: 25.1987 %
Global EDCA Share: 74.8013 %
Channel Idle Time (AP): 24.1729 % (1.6921e+06 us / 7e+06 us)
Total Successes:       14655
Total Failures:        1733
Total Retransmissions: 2

--- Per-AC Success Statistics ---
AC_BE:
  Successes:         27
  Throughput:        0.0308571 Mbps
  Packet Loss:       12.9032 %
  Avg Retx/MPDU:     0
  Avg Queue Delay:   -773179 us (Enqueue->TxStart)
  Avg Access Delay:  838383 us (TxStart->Ack)
  Avg MAC Delay:     65204.8 us (Total: Enqueue->Ack)

AC_VO:
  Successes:         14628
  Throughput:        16.7177 Mbps
  Packet Loss:       10.5704 %
  Avg Retx/MPDU:     0.000136724
  Avg Queue Delay:   2320.76 us (Enqueue->TxStart)
  Avg Access Delay:  323.738 us (TxStart->Ack)
  Avg MAC Delay:     2644.5 us (Total: Enqueue->Ack)

--- Per-AC Failure Statistics ---
AC_BE Failures: 4
AC_VO Failures: 1729

--- Failure Reasons by AC ---
  AC_BE EXPIRED_LIFETIME: 4
  AC_VO RETRY_LIMIT: 1729


=== Extended P-EDCA vs Legacy Statistics ===

--- [Stat 1] Delay by STA Type ---
P-EDCA STAs (5 STAs):
  Successes:         3085
  Failures:          60
  Throughput:        3.52571 Mbps
  Packet Loss:       1.90779 %
  Avg Queue Delay:   1582.56 us
  Avg Access Delay:  275.912 us
  Avg MAC Delay:     1858.47 us
  Median MAC Delay:  1326 us
  P95 MAC Delay:     4740 us
  P99 MAC Delay:     8542 us
Legacy EDCA STAs (25 STAs):
  Successes:         11543
  Failures:          1673
  Throughput:        13.192 Mbps
  Packet Loss:       12.6589 %
  Avg Queue Delay:   2518.06 us
  Avg Access Delay:  336.52 us
  Avg MAC Delay:     2854.58 us
  Median MAC Delay:  1778 us
  P95 MAC Delay:     9941 us
  P99 MAC Delay:     14093 us

--- [Stat 2] Per-STA P-EDCA Attempt Count (DS-CTS Sent) ---
  STA0: 403 P-EDCA attempts
  STA1: 40 P-EDCA attempts
  STA2: 382 P-EDCA attempts
  STA3: 21 P-EDCA attempts
  STA4: 390 P-EDCA attempts
  Total: 1236 P-EDCA attempts across 5 P-EDCA STAs
  Avg per P-EDCA STA: 247.2

--- [Stat 3] P-EDCA One-Shot Success Probability ---
  P-EDCA Success / DS-CTS Sent:      761 / 1236 = 61.5696 %
  P-EDCA Success / Stage2 TX Started: 761 / 761 = 100 %  (given RTS was actually sent)

--- [Stat 4] EDCA One-Shot Success Ratio (0 retransmissions) ---
  Legacy STAs: 11542 / 11543 = 99.9913 %
  P-EDCA STAs: 3084 / 3085 = 99.9676 %  (MAC-level, includes both P-EDCA and EDCA paths)

--- [Stat 5] P-EDCA Kickback-to-EDCA Probability ---
  Total P-EDCA Failures: 0 / 1236 DS-CTS = 0 %
    RTS No CTS:       0 (0 %)
    RTS Collision:    0 (0 %)
    Timing Expired:   0 (0 %)
    Deferral:         0 (0 %)

--- [Stat 6] P-EDCA RTS Collision Probability ---
  RTS Collision / Stage2 TX Started: 0 / 761 = 0 %
  RTS Collision / DS-CTS Sent:       0 / 1236 = 0 %

--- [Stat 7] P-EDCA Attempts per Successful P-EDCA TX ---
  DS-CTS Sent / P-EDCA Success: 1236 / 761 = 1.62418 attempts/success
  Stage2 TX / P-EDCA Success:   761 / 761 = 1 RTS/success

--- VO Delay PDF (MAC Delay) ---
bin_start_us,bin_end_us,bin_mid_us,pdf_per_us,probability,count
215,220,217.5,0.000150396,0.000751982,11
220,225,222.5,0.000109379,0.000546896,8
225,230,227.5,8.20345e-05,0.000410172,6
230,235,232.5,8.20345e-05,0.000410172,6
235,240,237.5,0.000123052,0.000615258,9
240,245,242.5,0.000150396,0.000751982,11
245,250,247.5,9.57069e-05,0.000478534,7
250,255,252.5,5.46896e-05,0.000273448,4
255,260,257.5,0.000109379,0.000546896,8
260,265,262.5,0.000136724,0.00068362,10
265,270,267.5,6.8362e-05,0.00034181,5
270,275,272.5,0.000150396,0.000751982,11
275,280,277.5,6.8362e-05,0.00034181,5
280,285,282.5,6.8362e-05,0.00034181,5
285,290,287.5,8.20345e-05,0.000410172,6
290,295,292.5,9.57069e-05,0.000478534,7
295,300,297.5,9.57069e-05,0.000478534,7
300,305,302.5,9.57069e-05,0.000478534,7
305,310,307.5,8.20345e-05,0.000410172,6
310,315,312.5,8.20345e-05,0.000410172,6
315,320,317.5,8.20345e-05,0.000410172,6
320,325,322.5,9.57069e-05,0.000478534,7
325,330,327.5,9.57069e-05,0.000478534,7
330,335,332.5,9.57069e-05,0.000478534,7
335,340,337.5,8.20345e-05,0.000410172,6
340,345,342.5,0.00108012,0.0054006,79
345,350,347.5,0.00199617,0.00998086,146
350,355,352.5,0.00105278,0.00526388,77
355,360,357.5,0.000574241,0.00287121,42
360,365,362.5,0.000929724,0.00464862,68
365,370,367.5,0.000560569,0.00280284,41
370,375,372.5,0.000834017,0.00417008,61
375,380,377.5,0.000328138,0.00164069,24
380,385,382.5,0.000328138,0.00164069,24
385,390,387.5,0.000314465,0.00157233,23
390,395,392.5,0.00034181,0.00170905,25
395,400,397.5,0.000369155,0.00184578,27
400,405,402.5,0.000355483,0.00177741,26
405,410,407.5,0.000287121,0.0014356,21
410,415,412.5,0.000437517,0.00218759,32
415,420,417.5,0.000464862,0.00232431,34
420,425,422.5,0.000382827,0.00191414,28
425,430,427.5,0.000423845,0.00211922,31
430,435,432.5,0.00034181,0.00170905,25
435,440,437.5,0.000273448,0.00136724,20
440,445,442.5,0.000300793,0.00150396,22
445,450,447.5,0.000191414,0.000957069,14
450,455,452.5,0.0157643,0.0788214,1153
455,460,457.5,0.000191414,0.000957069,14
460,465,462.5,0.000287121,0.0014356,21
465,470,467.5,0.000369155,0.00184578,27
470,475,472.5,0.000382827,0.00191414,28
475,480,477.5,0.000314465,0.00157233,23
480,485,482.5,0.000218759,0.00109379,16
485,490,487.5,0.000328138,0.00164069,24
490,495,492.5,0.000423845,0.00211922,31
495,500,497.5,0.000410172,0.00205086,30
500,505,502.5,0.000300793,0.00150396,22
505,510,507.5,0.000382827,0.00191414,28
510,515,512.5,0.000273448,0.00136724,20
515,520,517.5,0.000314465,0.00157233,23
520,525,522.5,0.00034181,0.00170905,25
525,530,527.5,0.00034181,0.00170905,25
530,535,532.5,0.000287121,0.0014356,21
535,540,537.5,0.0003965,0.0019825,29
540,545,542.5,0.000300793,0.00150396,22
545,550,547.5,0.00034181,0.00170905,25
550,555,552.5,0.000382827,0.00191414,28
555,560,557.5,0.000382827,0.00191414,28
560,565,562.5,0.00073831,0.00369155,54
565,570,567.5,0.000355483,0.00177741,26
570,575,572.5,0.000273448,0.00136724,20
575,580,577.5,0.000300793,0.00150396,22
580,585,582.5,0.0003965,0.0019825,29
585,590,587.5,0.000246103,0.00123052,18
590,595,592.5,0.000314465,0.00157233,23
595,600,597.5,0.000410172,0.00205086,30
600,605,602.5,0.000300793,0.00150396,22
605,610,607.5,0.000314465,0.00157233,23
610,615,612.5,0.000369155,0.00184578,27
615,620,617.5,0.000382827,0.00191414,28
620,625,622.5,0.000410172,0.00205086,30
625,630,627.5,0.000273448,0.00136724,20
630,635,632.5,0.000478534,0.00239267,35
635,640,637.5,0.000328138,0.00164069,24
640,645,642.5,0.000437517,0.00218759,32
645,650,647.5,0.000259776,0.00129888,19
650,655,652.5,0.000451189,0.00225595,33
655,660,657.5,0.000355483,0.00177741,26
660,665,662.5,0.000382827,0.00191414,28
665,670,667.5,0.000423845,0.00211922,31
670,675,672.5,0.00458026,0.0229013,335
675,680,677.5,0.000328138,0.00164069,24
680,685,682.5,0.000287121,0.0014356,21
685,690,687.5,0.000287121,0.0014356,21
690,695,692.5,0.000232431,0.00116215,17
695,700,697.5,0.000150396,0.000751982,11
700,705,702.5,0.000423845,0.00211922,31
705,710,707.5,0.000300793,0.00150396,22
710,715,712.5,0.000218759,0.00109379,16
715,720,717.5,0.000355483,0.00177741,26
720,725,722.5,0.000177741,0.000888707,13
725,730,727.5,0.000478534,0.00239267,35
730,735,732.5,0.000273448,0.00136724,20
735,740,737.5,0.000300793,0.00150396,22
740,745,742.5,0.000259776,0.00129888,19
745,750,747.5,0.000437517,0.00218759,32
750,755,752.5,0.000328138,0.00164069,24
755,760,757.5,0.000355483,0.00177741,26
760,765,762.5,0.000287121,0.0014356,21
765,770,767.5,0.000355483,0.00177741,26
770,775,772.5,0.000273448,0.00136724,20
775,780,777.5,0.000259776,0.00129888,19
780,785,782.5,0.000505879,0.0025294,37
785,790,787.5,0.000355483,0.00177741,26
790,795,792.5,0.000218759,0.00109379,16
795,800,797.5,0.000136724,0.00068362,10
800,805,802.5,9.57069e-05,0.000478534,7
805,810,807.5,0.000150396,0.000751982,11
810,815,812.5,0.000232431,0.00116215,17
815,820,817.5,0.000177741,0.000888707,13
820,825,822.5,0.000218759,0.00109379,16
825,830,827.5,0.000109379,0.000546896,8
830,835,832.5,0.000191414,0.000957069,14
835,840,837.5,0.000177741,0.000888707,13
840,845,842.5,0.000437517,0.00218759,32
845,850,847.5,0.000287121,0.0014356,21
850,855,852.5,0.000328138,0.00164069,24
855,860,857.5,0.000287121,0.0014356,21
860,865,862.5,0.000355483,0.00177741,26
865,870,867.5,0.000218759,0.00109379,16
870,875,872.5,0.000191414,0.000957069,14
875,880,877.5,0.000328138,0.00164069,24
880,885,882.5,0.000246103,0.00123052,18
885,890,887.5,0.00034181,0.00170905,25
890,895,892.5,0.00073831,0.00369155,54
895,900,897.5,0.000492207,0.00246103,36
900,905,902.5,0.000177741,0.000888707,13
905,910,907.5,0.000191414,0.000957069,14
910,915,912.5,0.000205086,0.00102543,15
915,920,917.5,0.000177741,0.000888707,13
920,925,922.5,0.000205086,0.00102543,15
925,930,927.5,0.000287121,0.0014356,21
930,935,932.5,0.000177741,0.000888707,13
935,940,937.5,0.000150396,0.000751982,11
940,945,942.5,0.000273448,0.00136724,20
945,950,947.5,0.000273448,0.00136724,20
950,955,952.5,0.000273448,0.00136724,20
955,960,957.5,0.000246103,0.00123052,18
960,965,962.5,0.000259776,0.00129888,19
965,970,967.5,0.000150396,0.000751982,11
970,975,972.5,0.000273448,0.00136724,20
975,980,977.5,0.00034181,0.00170905,25
980,985,982.5,0.000546896,0.00273448,40
985,990,987.5,0.000205086,0.00102543,15
990,995,992.5,0.000355483,0.00177741,26
995,1000,997.5,0.000314465,0.00157233,23
1000,1005,1002.5,0.000205086,0.00102543,15
1005,1010,1007.5,0.000287121,0.0014356,21
1010,1015,1012.5,0.000164069,0.000820345,12
1015,1020,1017.5,0.000300793,0.00150396,22
1020,1025,1022.5,0.000136724,0.00068362,10
1025,1030,1027.5,0.000246103,0.00123052,18
1030,1035,1032.5,0.000232431,0.00116215,17
1035,1040,1037.5,0.000273448,0.00136724,20
1040,1045,1042.5,0.000205086,0.00102543,15
1045,1050,1047.5,0.000218759,0.00109379,16
1050,1055,1052.5,0.000259776,0.00129888,19
1055,1060,1057.5,0.000300793,0.00150396,22
1060,1065,1062.5,0.000273448,0.00136724,20
1065,1070,1067.5,0.00034181,0.00170905,25
1070,1075,1072.5,0.0003965,0.0019825,29
1075,1080,1077.5,0.000287121,0.0014356,21
1080,1085,1082.5,0.000205086,0.00102543,15
1085,1090,1087.5,0.000273448,0.00136724,20
1090,1095,1092.5,0.000410172,0.00205086,30
1095,1100,1097.5,0.000191414,0.000957069,14
1100,1105,1102.5,0.000259776,0.00129888,19
1105,1110,1107.5,0.000218759,0.00109379,16
1110,1115,1112.5,0.000328138,0.00164069,24
1115,1120,1117.5,0.000546896,0.00273448,40
1120,1125,1122.5,0.000273448,0.00136724,20
1125,1130,1127.5,0.000437517,0.00218759,32
1130,1135,1132.5,0.000164069,0.000820345,12
1135,1140,1137.5,0.000382827,0.00191414,28
1140,1145,1142.5,0.000164069,0.000820345,12
1145,1150,1147.5,0.000355483,0.00177741,26
1150,1155,1152.5,0.000314465,0.00157233,23
1155,1160,1157.5,0.000287121,0.0014356,21
1160,1165,1162.5,0.000437517,0.00218759,32
1165,1170,1167.5,0.000205086,0.00102543,15
1170,1175,1172.5,0.000259776,0.00129888,19
1175,1180,1177.5,0.000382827,0.00191414,28
1180,1185,1182.5,0.000191414,0.000957069,14
1185,1190,1187.5,0.00034181,0.00170905,25
1190,1195,1192.5,0.000273448,0.00136724,20
1195,1200,1197.5,0.000218759,0.00109379,16
1200,1205,1202.5,0.000423845,0.00211922,31
1205,1210,1207.5,0.000218759,0.00109379,16
1210,1215,1212.5,0.000410172,0.00205086,30
1215,1220,1217.5,0.000205086,0.00102543,15
1220,1225,1222.5,0.000218759,0.00109379,16
1225,1230,1227.5,0.000273448,0.00136724,20
1230,1235,1232.5,0.000328138,0.00164069,24
1235,1240,1237.5,0.000273448,0.00136724,20
1240,1245,1242.5,0.000150396,0.000751982,11
1245,1250,1247.5,0.000205086,0.00102543,15
1250,1255,1252.5,0.000205086,0.00102543,15
1255,1260,1257.5,0.000232431,0.00116215,17
1260,1265,1262.5,0.000205086,0.00102543,15
1265,1270,1267.5,0.000123052,0.000615258,9
1270,1275,1272.5,0.000451189,0.00225595,33
1275,1280,1277.5,0.000164069,0.000820345,12
1280,1285,1282.5,0.000314465,0.00157233,23
1285,1290,1287.5,0.000355483,0.00177741,26
1290,1295,1292.5,0.000232431,0.00116215,17
1295,1300,1297.5,0.000259776,0.00129888,19
1300,1305,1302.5,0.000164069,0.000820345,12
1305,1310,1307.5,0.000246103,0.00123052,18
1310,1315,1312.5,0.000232431,0.00116215,17
1315,1320,1317.5,0.000177741,0.000888707,13
1320,1325,1322.5,0.000191414,0.000957069,14
1325,1330,1327.5,0.000191414,0.000957069,14
1330,1335,1332.5,0.000287121,0.0014356,21
1335,1340,1337.5,0.000164069,0.000820345,12
1340,1345,1342.5,0.000232431,0.00116215,17
1345,1350,1347.5,0.000246103,0.00123052,18
1350,1355,1352.5,0.000246103,0.00123052,18
1355,1360,1357.5,0.000205086,0.00102543,15
1360,1365,1362.5,0.000191414,0.000957069,14
1365,1370,1367.5,0.000177741,0.000888707,13
1370,1375,1372.5,0.000232431,0.00116215,17
1375,1380,1377.5,0.000177741,0.000888707,13
1380,1385,1382.5,0.000205086,0.00102543,15
1385,1390,1387.5,0.000191414,0.000957069,14
1390,1395,1392.5,0.000177741,0.000888707,13
1395,1400,1397.5,0.000177741,0.000888707,13
1400,1405,1402.5,0.000232431,0.00116215,17
1405,1410,1407.5,0.000191414,0.000957069,14
1410,1415,1412.5,0.000205086,0.00102543,15
1415,1420,1417.5,0.000205086,0.00102543,15
1420,1425,1422.5,0.000232431,0.00116215,17
1425,1430,1427.5,0.000287121,0.0014356,21
1430,1435,1432.5,0.000177741,0.000888707,13
1435,1440,1437.5,0.000177741,0.000888707,13
1440,1445,1442.5,0.000232431,0.00116215,17
1445,1450,1447.5,0.000259776,0.00129888,19
1450,1455,1452.5,0.000191414,0.000957069,14
1455,1460,1457.5,0.000123052,0.000615258,9
1460,1465,1462.5,0.000273448,0.00136724,20
1465,1470,1467.5,0.000191414,0.000957069,14
1470,1475,1472.5,0.000177741,0.000888707,13
1475,1480,1477.5,0.000136724,0.00068362,10
1480,1485,1482.5,0.000123052,0.000615258,9
1485,1490,1487.5,0.000273448,0.00136724,20
1490,1495,1492.5,0.000177741,0.000888707,13
1495,1500,1497.5,0.000218759,0.00109379,16
1500,1505,1502.5,0.000259776,0.00129888,19
1505,1510,1507.5,0.000150396,0.000751982,11
1510,1515,1512.5,0.000287121,0.0014356,21
1515,1520,1517.5,0.00034181,0.00170905,25
1520,1525,1522.5,0.000218759,0.00109379,16
1525,1530,1527.5,0.000232431,0.00116215,17
1530,1535,1532.5,0.000300793,0.00150396,22
1535,1540,1537.5,0.000218759,0.00109379,16
1540,1545,1542.5,0.000232431,0.00116215,17
1545,1550,1547.5,0.000191414,0.000957069,14
1550,1555,1552.5,0.0003965,0.0019825,29
1555,1560,1557.5,0.000259776,0.00129888,19
1560,1565,1562.5,0.000164069,0.000820345,12
1565,1570,1567.5,0.000205086,0.00102543,15
1570,1575,1572.5,0.000205086,0.00102543,15
1575,1580,1577.5,0.000246103,0.00123052,18
1580,1585,1582.5,0.000273448,0.00136724,20
1585,1590,1587.5,0.000191414,0.000957069,14
1590,1595,1592.5,0.000232431,0.00116215,17
1595,1600,1597.5,0.000164069,0.000820345,12
1600,1605,1602.5,0.000205086,0.00102543,15
1605,1610,1607.5,0.000150396,0.000751982,11
1610,1615,1612.5,0.000232431,0.00116215,17
1615,1620,1617.5,0.000232431,0.00116215,17
1620,1625,1622.5,0.000369155,0.00184578,27
1625,1630,1627.5,0.000164069,0.000820345,12
1630,1635,1632.5,0.000218759,0.00109379,16
1635,1640,1637.5,0.000136724,0.00068362,10
1640,1645,1642.5,0.000232431,0.00116215,17
1645,1650,1647.5,0.000314465,0.00157233,23
1650,1655,1652.5,0.000177741,0.000888707,13
1655,1660,1657.5,0.000191414,0.000957069,14
1660,1665,1662.5,0.000177741,0.000888707,13
1665,1670,1667.5,0.000259776,0.00129888,19
1670,1675,1672.5,0.000218759,0.00109379,16
1675,1680,1677.5,0.000164069,0.000820345,12
1680,1685,1682.5,0.000205086,0.00102543,15
1685,1690,1687.5,0.000191414,0.000957069,14
1690,1695,1692.5,9.57069e-05,0.000478534,7
1695,1700,1697.5,0.000109379,0.000546896,8
1700,1705,1702.5,0.000287121,0.0014356,21
1705,1710,1707.5,0.000150396,0.000751982,11
1710,1715,1712.5,0.000164069,0.000820345,12
1715,1720,1717.5,0.000273448,0.00136724,20
1720,1725,1722.5,0.000205086,0.00102543,15
1725,1730,1727.5,0.000191414,0.000957069,14
1730,1735,1732.5,0.000177741,0.000888707,13
1735,1740,1737.5,0.000164069,0.000820345,12
1740,1745,1742.5,0.000164069,0.000820345,12
1745,1750,1747.5,0.000164069,0.000820345,12
1750,1755,1752.5,0.000246103,0.00123052,18
1755,1760,1757.5,0.000218759,0.00109379,16
1760,1765,1762.5,0.000150396,0.000751982,11
1765,1770,1767.5,0.000150396,0.000751982,11
1770,1775,1772.5,0.000109379,0.000546896,8
1775,1780,1777.5,0.000177741,0.000888707,13
1780,1785,1782.5,0.000205086,0.00102543,15
1785,1790,1787.5,0.000177741,0.000888707,13
1790,1795,1792.5,0.000123052,0.000615258,9
1795,1800,1797.5,0.000205086,0.00102543,15
1800,1805,1802.5,0.000164069,0.000820345,12
1805,1810,1807.5,0.000123052,0.000615258,9
1810,1815,1812.5,0.000150396,0.000751982,11
1815,1820,1817.5,0.000191414,0.000957069,14
1820,1825,1822.5,0.000177741,0.000888707,13
1825,1830,1827.5,0.000273448,0.00136724,20
1830,1835,1832.5,0.000150396,0.000751982,11
1835,1840,1837.5,0.000205086,0.00102543,15
1840,1845,1842.5,0.000123052,0.000615258,9
1845,1850,1847.5,0.000205086,0.00102543,15
1850,1855,1852.5,0.000205086,0.00102543,15
1855,1860,1857.5,0.000164069,0.000820345,12
1860,1865,1862.5,0.000136724,0.00068362,10
1865,1870,1867.5,0.000136724,0.00068362,10
1870,1875,1872.5,0.000273448,0.00136724,20
1875,1880,1877.5,0.000150396,0.000751982,11
1880,1885,1882.5,0.000123052,0.000615258,9
1885,1890,1887.5,0.000150396,0.000751982,11
1890,1895,1892.5,0.000109379,0.000546896,8
1895,1900,1897.5,0.000150396,0.000751982,11
1900,1905,1902.5,0.000109379,0.000546896,8
1905,1910,1907.5,0.000177741,0.000888707,13
1910,1915,1912.5,0.000218759,0.00109379,16
1915,1920,1917.5,0.000191414,0.000957069,14
1920,1925,1922.5,0.000191414,0.000957069,14
1925,1930,1927.5,8.20345e-05,0.000410172,6
1930,1935,1932.5,0.000273448,0.00136724,20
1935,1940,1937.5,0.000259776,0.00129888,19
1940,1945,1942.5,0.000136724,0.00068362,10
1945,1950,1947.5,0.000177741,0.000888707,13
1950,1955,1952.5,0.000164069,0.000820345,12
1955,1960,1957.5,0.000328138,0.00164069,24
1960,1965,1962.5,0.000259776,0.00129888,19
1965,1970,1967.5,0.000218759,0.00109379,16
1970,1975,1972.5,0.000259776,0.00129888,19
1975,1980,1977.5,0.000232431,0.00116215,17
1980,1985,1982.5,0.000191414,0.000957069,14
1985,1990,1987.5,0.000177741,0.000888707,13
1990,1995,1992.5,0.000109379,0.000546896,8
1995,2000,1997.5,0.000109379,0.000546896,8
2000,2005,2002.5,9.57069e-05,0.000478534,7
2005,2010,2007.5,0.000191414,0.000957069,14
2010,2015,2012.5,0.000205086,0.00102543,15
2015,2020,2017.5,9.57069e-05,0.000478534,7
2020,2025,2022.5,0.000109379,0.000546896,8
2025,2030,2027.5,0.000177741,0.000888707,13
2030,2035,2032.5,0.000136724,0.00068362,10
2035,2040,2037.5,0.000232431,0.00116215,17
2040,2045,2042.5,0.000218759,0.00109379,16
2045,2050,2047.5,0.000259776,0.00129888,19
2050,2055,2052.5,0.000205086,0.00102543,15
2055,2060,2057.5,6.8362e-05,0.00034181,5
2060,2065,2062.5,0.000164069,0.000820345,12
2065,2070,2067.5,0.000164069,0.000820345,12
2070,2075,2072.5,0.000164069,0.000820345,12
2075,2080,2077.5,0.000136724,0.00068362,10
2080,2085,2082.5,9.57069e-05,0.000478534,7
2085,2090,2087.5,0.000177741,0.000888707,13
2090,2095,2092.5,0.000164069,0.000820345,12
2095,2100,2097.5,0.000109379,0.000546896,8
2100,2105,2102.5,0.000191414,0.000957069,14
2105,2110,2107.5,0.000150396,0.000751982,11
2110,2115,2112.5,0.000136724,0.00068362,10
2115,2120,2117.5,0.000123052,0.000615258,9
2120,2125,2122.5,0.000136724,0.00068362,10
2125,2130,2127.5,0.000150396,0.000751982,11
2130,2135,2132.5,9.57069e-05,0.000478534,7
2135,2140,2137.5,0.000273448,0.00136724,20
2140,2145,2142.5,0.000164069,0.000820345,12
2145,2150,2147.5,0.000218759,0.00109379,16
2150,2155,2152.5,0.000177741,0.000888707,13
2155,2160,2157.5,0.000259776,0.00129888,19
2160,2165,2162.5,6.8362e-05,0.00034181,5
2165,2170,2167.5,0.000205086,0.00102543,15
2170,2175,2172.5,0.000136724,0.00068362,10
2175,2180,2177.5,0.000177741,0.000888707,13
2180,2185,2182.5,0.000109379,0.000546896,8
2185,2190,2187.5,0.000150396,0.000751982,11
2190,2195,2192.5,0.000177741,0.000888707,13
2195,2200,2197.5,0.000177741,0.000888707,13
2200,2205,2202.5,0.000150396,0.000751982,11
2205,2210,2207.5,0.000287121,0.0014356,21
2210,2215,2212.5,0.000218759,0.00109379,16
2215,2220,2217.5,9.57069e-05,0.000478534,7
2220,2225,2222.5,0.000191414,0.000957069,14
2225,2230,2227.5,0.000123052,0.000615258,9
2230,2235,2232.5,0.000136724,0.00068362,10
2235,2240,2237.5,0.000123052,0.000615258,9
2240,2245,2242.5,0.000150396,0.000751982,11
2245,2250,2247.5,0.000109379,0.000546896,8
2250,2255,2252.5,0.000136724,0.00068362,10
2255,2260,2257.5,0.000205086,0.00102543,15
2260,2265,2262.5,0.000205086,0.00102543,15
2265,2270,2267.5,0.000150396,0.000751982,11
2270,2275,2272.5,0.000205086,0.00102543,15
2275,2280,2277.5,9.57069e-05,0.000478534,7
2280,2285,2282.5,0.000123052,0.000615258,9
2285,2290,2287.5,8.20345e-05,0.000410172,6
2290,2295,2292.5,0.000218759,0.00109379,16
2295,2300,2297.5,6.8362e-05,0.00034181,5
2300,2305,2302.5,0.000232431,0.00116215,17
2305,2310,2307.5,0.000150396,0.000751982,11
2310,2315,2312.5,0.000177741,0.000888707,13
2315,2320,2317.5,9.57069e-05,0.000478534,7
2320,2325,2322.5,0.000123052,0.000615258,9
2325,2330,2327.5,0.000109379,0.000546896,8
2330,2335,2332.5,0.000136724,0.00068362,10
2335,2340,2337.5,0.000136724,0.00068362,10
2340,2345,2342.5,6.8362e-05,0.00034181,5
2345,2350,2347.5,0.000123052,0.000615258,9
2350,2355,2352.5,0.000177741,0.000888707,13
2355,2360,2357.5,0.000177741,0.000888707,13
2360,2365,2362.5,0.000150396,0.000751982,11
2365,2370,2367.5,0.000136724,0.00068362,10
2370,2375,2372.5,0.000205086,0.00102543,15
2375,2380,2377.5,0.000136724,0.00068362,10
2380,2385,2382.5,0.000218759,0.00109379,16
2385,2390,2387.5,8.20345e-05,0.000410172,6
2390,2395,2392.5,0.000123052,0.000615258,9
2395,2400,2397.5,0.000109379,0.000546896,8
2400,2405,2402.5,0.000150396,0.000751982,11
2405,2410,2407.5,1.36724e-05,6.8362e-05,1
2410,2415,2412.5,0.000123052,0.000615258,9
2415,2420,2417.5,9.57069e-05,0.000478534,7
2420,2425,2422.5,0.000123052,0.000615258,9
2425,2430,2427.5,0.000123052,0.000615258,9
2430,2435,2432.5,5.46896e-05,0.000273448,4
2435,2440,2437.5,0.000109379,0.000546896,8
2440,2445,2442.5,0.000150396,0.000751982,11
2445,2450,2447.5,5.46896e-05,0.000273448,4
2450,2455,2452.5,0.000205086,0.00102543,15
2455,2460,2457.5,0.000164069,0.000820345,12
2460,2465,2462.5,0.000136724,0.00068362,10
2465,2470,2467.5,0.000123052,0.000615258,9
2470,2475,2472.5,0.000164069,0.000820345,12
2475,2480,2477.5,6.8362e-05,0.00034181,5
2480,2485,2482.5,0.000273448,0.00136724,20
2485,2490,2487.5,0.000164069,0.000820345,12
2490,2495,2492.5,0.000123052,0.000615258,9
2495,2500,2497.5,0.000123052,0.000615258,9
2500,2505,2502.5,0.000109379,0.000546896,8
2505,2510,2507.5,0.000136724,0.00068362,10
2510,2515,2512.5,0.000136724,0.00068362,10
2515,2520,2517.5,0.000123052,0.000615258,9
2520,2525,2522.5,8.20345e-05,0.000410172,6
2525,2530,2527.5,9.57069e-05,0.000478534,7
2530,2535,2532.5,0.000150396,0.000751982,11
2535,2540,2537.5,9.57069e-05,0.000478534,7
2540,2545,2542.5,9.57069e-05,0.000478534,7
2545,2550,2547.5,0.000164069,0.000820345,12
2550,2555,2552.5,9.57069e-05,0.000478534,7
2555,2560,2557.5,0.000123052,0.000615258,9
2560,2565,2562.5,0.000136724,0.00068362,10
2565,2570,2567.5,6.8362e-05,0.00034181,5
2570,2575,2572.5,9.57069e-05,0.000478534,7
2575,2580,2577.5,8.20345e-05,0.000410172,6
2580,2585,2582.5,0.000191414,0.000957069,14
2585,2590,2587.5,0.000164069,0.000820345,12
2590,2595,2592.5,8.20345e-05,0.000410172,6
2595,2600,2597.5,0.000136724,0.00068362,10
2600,2605,2602.5,6.8362e-05,0.00034181,5
2605,2610,2607.5,0.000164069,0.000820345,12
2610,2615,2612.5,8.20345e-05,0.000410172,6
2615,2620,2617.5,0.000164069,0.000820345,12
2620,2625,2622.5,0.000109379,0.000546896,8
2625,2630,2627.5,0.000123052,0.000615258,9
2630,2635,2632.5,0.000136724,0.00068362,10
2635,2640,2637.5,0.000136724,0.00068362,10
2640,2645,2642.5,6.8362e-05,0.00034181,5
2645,2650,2647.5,0.000123052,0.000615258,9
2650,2655,2652.5,0.000150396,0.000751982,11
2655,2660,2657.5,0.000109379,0.000546896,8
2660,2665,2662.5,8.20345e-05,0.000410172,6
2665,2670,2667.5,0.000191414,0.000957069,14
2670,2675,2672.5,6.8362e-05,0.00034181,5
2675,2680,2677.5,8.20345e-05,0.000410172,6
2680,2685,2682.5,0.000136724,0.00068362,10
2685,2690,2687.5,6.8362e-05,0.00034181,5
2690,2695,2692.5,0.000109379,0.000546896,8
2695,2700,2697.5,0.000164069,0.000820345,12
2700,2705,2702.5,0.000191414,0.000957069,14
2705,2710,2707.5,0.000136724,0.00068362,10
2710,2715,2712.5,0.000150396,0.000751982,11
2715,2720,2717.5,9.57069e-05,0.000478534,7
2720,2725,2722.5,9.57069e-05,0.000478534,7
2725,2730,2727.5,0.000123052,0.000615258,9
2730,2735,2732.5,0.000136724,0.00068362,10
2735,2740,2737.5,6.8362e-05,0.00034181,5
2740,2745,2742.5,0.000164069,0.000820345,12
2745,2750,2747.5,6.8362e-05,0.00034181,5
2750,2755,2752.5,4.10172e-05,0.000205086,3
2755,2760,2757.5,8.20345e-05,0.000410172,6
2760,2765,2762.5,0.000136724,0.00068362,10
2765,2770,2767.5,0.000109379,0.000546896,8
2770,2775,2772.5,0.000150396,0.000751982,11
2775,2780,2777.5,0.000109379,0.000546896,8
2780,2785,2782.5,0.000109379,0.000546896,8
2785,2790,2787.5,0.000123052,0.000615258,9
2790,2795,2792.5,5.46896e-05,0.000273448,4
2795,2800,2797.5,9.57069e-05,0.000478534,7
2800,2805,2802.5,9.57069e-05,0.000478534,7
2805,2810,2807.5,6.8362e-05,0.00034181,5
2810,2815,2812.5,0.000150396,0.000751982,11
2815,2820,2817.5,6.8362e-05,0.00034181,5
2820,2825,2822.5,0.000123052,0.000615258,9
2825,2830,2827.5,9.57069e-05,0.000478534,7
2830,2835,2832.5,8.20345e-05,0.000410172,6
2835,2840,2837.5,0.000136724,0.00068362,10
2840,2845,2842.5,0.000123052,0.000615258,9
2845,2850,2847.5,6.8362e-05,0.00034181,5
2850,2855,2852.5,0.000109379,0.000546896,8
2855,2860,2857.5,0.000123052,0.000615258,9
2860,2865,2862.5,0.000109379,0.000546896,8
2865,2870,2867.5,9.57069e-05,0.000478534,7
2870,2875,2872.5,0.000150396,0.000751982,11
2875,2880,2877.5,0.000123052,0.000615258,9
2880,2885,2882.5,0.000123052,0.000615258,9
2885,2890,2887.5,6.8362e-05,0.00034181,5
2890,2895,2892.5,9.57069e-05,0.000478534,7
2895,2900,2897.5,0.000136724,0.00068362,10
2900,2905,2902.5,0.000123052,0.000615258,9
2905,2910,2907.5,8.20345e-05,0.000410172,6
2910,2915,2912.5,9.57069e-05,0.000478534,7
2915,2920,2917.5,0.000191414,0.000957069,14
2920,2925,2922.5,0.000136724,0.00068362,10
2925,2930,2927.5,0.000136724,0.00068362,10
2930,2935,2932.5,0.000191414,0.000957069,14
2935,2940,2937.5,0.000191414,0.000957069,14
2940,2945,2942.5,0.000123052,0.000615258,9
2945,2950,2947.5,0.000123052,0.000615258,9
2950,2955,2952.5,0.000109379,0.000546896,8
2955,2960,2957.5,0.000232431,0.00116215,17
2960,2965,2962.5,0.000177741,0.000888707,13
2965,2970,2967.5,0.000191414,0.000957069,14
2970,2975,2972.5,0.000177741,0.000888707,13
2975,2980,2977.5,0.000164069,0.000820345,12
2980,2985,2982.5,0.000164069,0.000820345,12
2985,2990,2987.5,0.000150396,0.000751982,11
2990,2995,2992.5,0.000109379,0.000546896,8
2995,3000,2997.5,0.000177741,0.000888707,13
3000,3005,3002.5,8.20345e-05,0.000410172,6
3005,3010,3007.5,0.000123052,0.000615258,9
3010,3015,3012.5,0.000109379,0.000546896,8
3015,3020,3017.5,0.000191414,0.000957069,14
3020,3025,3022.5,0.000136724,0.00068362,10
3025,3030,3027.5,9.57069e-05,0.000478534,7
3030,3035,3032.5,0.000136724,0.00068362,10
3035,3040,3037.5,0.000123052,0.000615258,9
3040,3045,3042.5,0.000150396,0.000751982,11
3045,3050,3047.5,0.000109379,0.000546896,8
3050,3055,3052.5,4.10172e-05,0.000205086,3
3055,3060,3057.5,0.000136724,0.00068362,10
3060,3065,3062.5,0.000123052,0.000615258,9
3065,3070,3067.5,0.000150396,0.000751982,11
3070,3075,3072.5,0.000136724,0.00068362,10
3075,3080,3077.5,0.000164069,0.000820345,12
3080,3085,3082.5,0.000136724,0.00068362,10
3085,3090,3087.5,9.57069e-05,0.000478534,7
3090,3095,3092.5,9.57069e-05,0.000478534,7
3095,3100,3097.5,0.000123052,0.000615258,9
3100,3105,3102.5,0.000109379,0.000546896,8
3105,3110,3107.5,0.000232431,0.00116215,17
3110,3115,3112.5,9.57069e-05,0.000478534,7
3115,3120,3117.5,9.57069e-05,0.000478534,7
3120,3125,3122.5,6.8362e-05,0.00034181,5
3125,3130,3127.5,6.8362e-05,0.00034181,5
3130,3135,3132.5,0.000150396,0.000751982,11
3135,3140,3137.5,0.000150396,0.000751982,11
3140,3145,3142.5,9.57069e-05,0.000478534,7
3145,3150,3147.5,0.000191414,0.000957069,14
3150,3155,3152.5,9.57069e-05,0.000478534,7
3155,3160,3157.5,9.57069e-05,0.000478534,7
3160,3165,3162.5,9.57069e-05,0.000478534,7
3165,3170,3167.5,0.000136724,0.00068362,10
3170,3175,3172.5,0.000177741,0.000888707,13
3175,3180,3177.5,0.000177741,0.000888707,13
3180,3185,3182.5,9.57069e-05,0.000478534,7
3185,3190,3187.5,0.000123052,0.000615258,9
3190,3195,3192.5,0.000177741,0.000888707,13
3195,3200,3197.5,6.8362e-05,0.00034181,5
3200,3205,3202.5,0.000136724,0.00068362,10
3205,3210,3207.5,0.000109379,0.000546896,8
3210,3215,3212.5,0.000150396,0.000751982,11
3215,3220,3217.5,8.20345e-05,0.000410172,6
3220,3225,3222.5,8.20345e-05,0.000410172,6
3225,3230,3227.5,0.000150396,0.000751982,11
3230,3235,3232.5,0.000123052,0.000615258,9
3235,3240,3237.5,9.57069e-05,0.000478534,7
3240,3245,3242.5,5.46896e-05,0.000273448,4
3245,3250,3247.5,0.000123052,0.000615258,9
3250,3255,3252.5,0.000136724,0.00068362,10
3255,3260,3257.5,0.000177741,0.000888707,13
3260,3265,3262.5,9.57069e-05,0.000478534,7
3265,3270,3267.5,0.000136724,0.00068362,10
3270,3275,3272.5,8.20345e-05,0.000410172,6
3275,3280,3277.5,5.46896e-05,0.000273448,4
3280,3285,3282.5,0.000164069,0.000820345,12
3285,3290,3287.5,0.000177741,0.000888707,13
3290,3295,3292.5,0.000123052,0.000615258,9
3295,3300,3297.5,0.000191414,0.000957069,14
3300,3305,3302.5,8.20345e-05,0.000410172,6
3305,3310,3307.5,0.000150396,0.000751982,11
3310,3315,3312.5,6.8362e-05,0.00034181,5
3315,3320,3317.5,9.57069e-05,0.000478534,7
3320,3325,3322.5,6.8362e-05,0.00034181,5
3325,3330,3327.5,1.36724e-05,6.8362e-05,1
3330,3335,3332.5,9.57069e-05,0.000478534,7
3335,3340,3337.5,8.20345e-05,0.000410172,6
3340,3345,3342.5,0.000123052,0.000615258,9
3345,3350,3347.5,0.000136724,0.00068362,10
3350,3355,3352.5,0.000123052,0.000615258,9
3355,3360,3357.5,0.000150396,0.000751982,11
3360,3365,3362.5,0.000136724,0.00068362,10
3365,3370,3367.5,0.000136724,0.00068362,10
3370,3375,3372.5,0.000109379,0.000546896,8
3375,3380,3377.5,0.000123052,0.000615258,9
3380,3385,3382.5,0.000150396,0.000751982,11
3385,3390,3387.5,0.000218759,0.00109379,16
3390,3395,3392.5,5.46896e-05,0.000273448,4
3395,3400,3397.5,6.8362e-05,0.00034181,5
3400,3405,3402.5,0.000136724,0.00068362,10
3405,3410,3407.5,0.000123052,0.000615258,9
3410,3415,3412.5,6.8362e-05,0.00034181,5
3415,3420,3417.5,9.57069e-05,0.000478534,7
3420,3425,3422.5,8.20345e-05,0.000410172,6
3425,3430,3427.5,8.20345e-05,0.000410172,6
3430,3435,3432.5,9.57069e-05,0.000478534,7
3435,3440,3437.5,8.20345e-05,0.000410172,6
3440,3445,3442.5,0.000109379,0.000546896,8
3445,3450,3447.5,0.000150396,0.000751982,11
3450,3455,3452.5,0.000109379,0.000546896,8
3455,3460,3457.5,0.000136724,0.00068362,10
3460,3465,3462.5,9.57069e-05,0.000478534,7
3465,3470,3467.5,0.000123052,0.000615258,9
3470,3475,3472.5,9.57069e-05,0.000478534,7
3475,3480,3477.5,0.000164069,0.000820345,12
3480,3485,3482.5,9.57069e-05,0.000478534,7
3485,3490,3487.5,0.000109379,0.000546896,8
3490,3495,3492.5,5.46896e-05,0.000273448,4
3495,3500,3497.5,9.57069e-05,0.000478534,7
3500,3505,3502.5,0.000191414,0.000957069,14
3505,3510,3507.5,9.57069e-05,0.000478534,7
3510,3515,3512.5,0.000205086,0.00102543,15
3515,3520,3517.5,9.57069e-05,0.000478534,7
3520,3525,3522.5,0.000177741,0.000888707,13
3525,3530,3527.5,5.46896e-05,0.000273448,4
3530,3535,3532.5,0.000123052,0.000615258,9
3535,3540,3537.5,0.000136724,0.00068362,10
3540,3545,3542.5,0.000109379,0.000546896,8
3545,3550,3547.5,8.20345e-05,0.000410172,6
3550,3555,3552.5,6.8362e-05,0.00034181,5
3555,3560,3557.5,9.57069e-05,0.000478534,7
3560,3565,3562.5,9.57069e-05,0.000478534,7
3565,3570,3567.5,9.57069e-05,0.000478534,7
3570,3575,3572.5,0.000136724,0.00068362,10
3575,3580,3577.5,0.000136724,0.00068362,10
3580,3585,3582.5,0.000109379,0.000546896,8
3585,3590,3587.5,0.000109379,0.000546896,8
3590,3595,3592.5,0.000109379,0.000546896,8
3595,3600,3597.5,0.000177741,0.000888707,13
3600,3605,3602.5,0.000177741,0.000888707,13
3605,3610,3607.5,0.000136724,0.00068362,10
3610,3615,3612.5,0.000177741,0.000888707,13
3615,3620,3617.5,0.000150396,0.000751982,11
3620,3625,3622.5,5.46896e-05,0.000273448,4
3625,3630,3627.5,9.57069e-05,0.000478534,7
3630,3635,3632.5,9.57069e-05,0.000478534,7
3635,3640,3637.5,0.000123052,0.000615258,9
3640,3645,3642.5,9.57069e-05,0.000478534,7
3645,3650,3647.5,0.000150396,0.000751982,11
3650,3655,3652.5,8.20345e-05,0.000410172,6
3655,3660,3657.5,9.57069e-05,0.000478534,7
3660,3665,3662.5,6.8362e-05,0.00034181,5
3665,3670,3667.5,0.000177741,0.000888707,13
3670,3675,3672.5,0.000150396,0.000751982,11
3675,3680,3677.5,0.000109379,0.000546896,8
3680,3685,3682.5,8.20345e-05,0.000410172,6
3685,3690,3687.5,4.10172e-05,0.000205086,3
3690,3695,3692.5,0.000109379,0.000546896,8
3695,3700,3697.5,9.57069e-05,0.000478534,7
3700,3705,3702.5,9.57069e-05,0.000478534,7
3705,3710,3707.5,0.000177741,0.000888707,13
3710,3715,3712.5,0.000109379,0.000546896,8
3715,3720,3717.5,6.8362e-05,0.00034181,5
3720,3725,3722.5,9.57069e-05,0.000478534,7
3725,3730,3727.5,9.57069e-05,0.000478534,7
3730,3735,3732.5,9.57069e-05,0.000478534,7
3735,3740,3737.5,0.000150396,0.000751982,11
3740,3745,3742.5,0.000150396,0.000751982,11
3745,3750,3747.5,0.000109379,0.000546896,8
3750,3755,3752.5,0.000136724,0.00068362,10
3755,3760,3757.5,0.000150396,0.000751982,11
3760,3765,3762.5,0.000164069,0.000820345,12
3765,3770,3767.5,0.000136724,0.00068362,10
3770,3775,3772.5,0.000150396,0.000751982,11
3775,3780,3777.5,8.20345e-05,0.000410172,6
3780,3785,3782.5,0.000164069,0.000820345,12
3785,3790,3787.5,6.8362e-05,0.00034181,5
3790,3795,3792.5,6.8362e-05,0.00034181,5
3795,3800,3797.5,0.000109379,0.000546896,8
3800,3805,3802.5,9.57069e-05,0.000478534,7
3805,3810,3807.5,0.000164069,0.000820345,12
3810,3815,3812.5,0.000136724,0.00068362,10
3815,3820,3817.5,0.000136724,0.00068362,10
3820,3825,3822.5,0.000136724,0.00068362,10
3825,3830,3827.5,0.000109379,0.000546896,8
3830,3835,3832.5,0.000109379,0.000546896,8
3835,3840,3837.5,0.000136724,0.00068362,10
3840,3845,3842.5,9.57069e-05,0.000478534,7
3845,3850,3847.5,0.000123052,0.000615258,9
3850,3855,3852.5,0.000109379,0.000546896,8
3855,3860,3857.5,0.000123052,0.000615258,9
3860,3865,3862.5,0.000123052,0.000615258,9
3865,3870,3867.5,8.20345e-05,0.000410172,6
3870,3875,3872.5,0.000123052,0.000615258,9
3875,3880,3877.5,9.57069e-05,0.000478534,7
3880,3885,3882.5,0.000150396,0.000751982,11
3885,3890,3887.5,2.73448e-05,0.000136724,2
3890,3895,3892.5,8.20345e-05,0.000410172,6
3895,3900,3897.5,5.46896e-05,0.000273448,4
3900,3905,3902.5,9.57069e-05,0.000478534,7
3905,3910,3907.5,8.20345e-05,0.000410172,6
3910,3915,3912.5,0.000123052,0.000615258,9
3915,3920,3917.5,0.000109379,0.000546896,8
3920,3925,3922.5,0.000109379,0.000546896,8
3925,3930,3927.5,0.000177741,0.000888707,13
3930,3935,3932.5,8.20345e-05,0.000410172,6
3935,3940,3937.5,8.20345e-05,0.000410172,6
3940,3945,3942.5,8.20345e-05,0.000410172,6
3945,3950,3947.5,8.20345e-05,0.000410172,6
3950,3955,3952.5,9.57069e-05,0.000478534,7
3955,3960,3957.5,8.20345e-05,0.000410172,6
3960,3965,3962.5,6.8362e-05,0.00034181,5
3965,3970,3967.5,0.000150396,0.000751982,11
3970,3975,3972.5,8.20345e-05,0.000410172,6
3975,3980,3977.5,0.000191414,0.000957069,14
3980,3985,3982.5,0.000150396,0.000751982,11
3985,3990,3987.5,6.8362e-05,0.00034181,5
3990,3995,3992.5,6.8362e-05,0.00034181,5
3995,4000,3997.5,0.000109379,0.000546896,8
4000,4005,4002.5,0.000109379,0.000546896,8
4005,4010,4007.5,0.000123052,0.000615258,9
4010,4015,4012.5,6.8362e-05,0.00034181,5
4015,4020,4017.5,8.20345e-05,0.000410172,6
4020,4025,4022.5,6.8362e-05,0.00034181,5
4025,4030,4027.5,0.000136724,0.00068362,10
4030,4035,4032.5,0.000136724,0.00068362,10
4035,4040,4037.5,5.46896e-05,0.000273448,4
4040,4045,4042.5,0.000123052,0.000615258,9
4045,4050,4047.5,6.8362e-05,0.00034181,5
4050,4055,4052.5,0.000109379,0.000546896,8
4055,4060,4057.5,8.20345e-05,0.000410172,6
4060,4065,4062.5,5.46896e-05,0.000273448,4
4065,4070,4067.5,9.57069e-05,0.000478534,7
4070,4075,4072.5,0.000109379,0.000546896,8
4075,4080,4077.5,5.46896e-05,0.000273448,4
4080,4085,4082.5,8.20345e-05,0.000410172,6
4085,4090,4087.5,5.46896e-05,0.000273448,4
4090,4095,4092.5,5.46896e-05,0.000273448,4
4095,4100,4097.5,9.57069e-05,0.000478534,7
4100,4105,4102.5,0.000109379,0.000546896,8
4105,4110,4107.5,9.57069e-05,0.000478534,7
4110,4115,4112.5,6.8362e-05,0.00034181,5
4115,4120,4117.5,0.000150396,0.000751982,11
4120,4125,4122.5,6.8362e-05,0.00034181,5
4125,4130,4127.5,5.46896e-05,0.000273448,4
4130,4135,4132.5,0.000136724,0.00068362,10
4135,4140,4137.5,8.20345e-05,0.000410172,6
4140,4145,4142.5,9.57069e-05,0.000478534,7
4145,4150,4147.5,5.46896e-05,0.000273448,4
4150,4155,4152.5,5.46896e-05,0.000273448,4
4155,4160,4157.5,0.000109379,0.000546896,8
4160,4165,4162.5,0.000123052,0.000615258,9
4165,4170,4167.5,9.57069e-05,0.000478534,7
4170,4175,4172.5,0.000109379,0.000546896,8
4175,4180,4177.5,0.000123052,0.000615258,9
4180,4185,4182.5,0.000150396,0.000751982,11
4185,4190,4187.5,0.000164069,0.000820345,12
4190,4195,4192.5,0.000109379,0.000546896,8
4195,4200,4197.5,8.20345e-05,0.000410172,6
4200,4205,4202.5,9.57069e-05,0.000478534,7
4205,4210,4207.5,0.000150396,0.000751982,11
4210,4215,4212.5,0.000109379,0.000546896,8
4215,4220,4217.5,4.10172e-05,0.000205086,3
4220,4225,4222.5,6.8362e-05,0.00034181,5
4225,4230,4227.5,5.46896e-05,0.000273448,4
4230,4235,4232.5,6.8362e-05,0.00034181,5
4235,4240,4237.5,0.000150396,0.000751982,11
4240,4245,4242.5,0.000150396,0.000751982,11
4245,4250,4247.5,9.57069e-05,0.000478534,7
4250,4255,4252.5,5.46896e-05,0.000273448,4
4255,4260,4257.5,8.20345e-05,0.000410172,6
4260,4265,4262.5,6.8362e-05,0.00034181,5
4265,4270,4267.5,9.57069e-05,0.000478534,7
4270,4275,4272.5,5.46896e-05,0.000273448,4
4275,4280,4277.5,8.20345e-05,0.000410172,6
4280,4285,4282.5,9.57069e-05,0.000478534,7
4285,4290,4287.5,5.46896e-05,0.000273448,4
4290,4295,4292.5,2.73448e-05,0.000136724,2
4295,4300,4297.5,8.20345e-05,0.000410172,6
4300,4305,4302.5,9.57069e-05,0.000478534,7
4305,4310,4307.5,8.20345e-05,0.000410172,6
4310,4315,4312.5,9.57069e-05,0.000478534,7
4315,4320,4317.5,0.000123052,0.000615258,9
4320,4325,4322.5,6.8362e-05,0.00034181,5
4325,4330,4327.5,0.000136724,0.00068362,10
4330,4335,4332.5,9.57069e-05,0.000478534,7
4335,4340,4337.5,2.73448e-05,0.000136724,2
4340,4345,4342.5,5.46896e-05,0.000273448,4
4345,4350,4347.5,4.10172e-05,0.000205086,3
4350,4355,4352.5,4.10172e-05,0.000205086,3
4360,4365,4362.5,4.10172e-05,0.000205086,3
4365,4370,4367.5,4.10172e-05,0.000205086,3
4370,4375,4372.5,4.10172e-05,0.000205086,3
4375,4380,4377.5,1.36724e-05,6.8362e-05,1
4380,4385,4382.5,6.8362e-05,0.00034181,5
4385,4390,4387.5,4.10172e-05,0.000205086,3
4390,4395,4392.5,4.10172e-05,0.000205086,3
4395,4400,4397.5,1.36724e-05,6.8362e-05,1
4400,4405,4402.5,4.10172e-05,0.000205086,3
4405,4410,4407.5,5.46896e-05,0.000273448,4
4410,4415,4412.5,9.57069e-05,0.000478534,7
4415,4420,4417.5,2.73448e-05,0.000136724,2
4420,4425,4422.5,4.10172e-05,0.000205086,3
4425,4430,4427.5,5.46896e-05,0.000273448,4
4430,4435,4432.5,6.8362e-05,0.00034181,5
4435,4440,4437.5,8.20345e-05,0.000410172,6
4440,4445,4442.5,5.46896e-05,0.000273448,4
4445,4450,4447.5,5.46896e-05,0.000273448,4
4450,4455,4452.5,1.36724e-05,6.8362e-05,1
4455,4460,4457.5,2.73448e-05,0.000136724,2
4460,4465,4462.5,6.8362e-05,0.00034181,5
4465,4470,4467.5,8.20345e-05,0.000410172,6
4470,4475,4472.5,9.57069e-05,0.000478534,7
4480,4485,4482.5,4.10172e-05,0.000205086,3
4485,4490,4487.5,5.46896e-05,0.000273448,4
4490,4495,4492.5,6.8362e-05,0.00034181,5
4495,4500,4497.5,6.8362e-05,0.00034181,5
4500,4505,4502.5,5.46896e-05,0.000273448,4
4505,4510,4507.5,2.73448e-05,0.000136724,2
4510,4515,4512.5,5.46896e-05,0.000273448,4
4515,4520,4517.5,4.10172e-05,0.000205086,3
4520,4525,4522.5,6.8362e-05,0.00034181,5
4525,4530,4527.5,5.46896e-05,0.000273448,4
4530,4535,4532.5,1.36724e-05,6.8362e-05,1
4535,4540,4537.5,5.46896e-05,0.000273448,4
4540,4545,4542.5,6.8362e-05,0.00034181,5
4545,4550,4547.5,2.73448e-05,0.000136724,2
4550,4555,4552.5,4.10172e-05,0.000205086,3
4555,4560,4557.5,2.73448e-05,0.000136724,2
4560,4565,4562.5,6.8362e-05,0.00034181,5
4565,4570,4567.5,2.73448e-05,0.000136724,2
4570,4575,4572.5,2.73448e-05,0.000136724,2
4575,4580,4577.5,2.73448e-05,0.000136724,2
4580,4585,4582.5,4.10172e-05,0.000205086,3
4590,4595,4592.5,1.36724e-05,6.8362e-05,1
4595,4600,4597.5,1.36724e-05,6.8362e-05,1
4600,4605,4602.5,5.46896e-05,0.000273448,4
4605,4610,4607.5,1.36724e-05,6.8362e-05,1
4610,4615,4612.5,1.36724e-05,6.8362e-05,1
4615,4620,4617.5,2.73448e-05,0.000136724,2
4620,4625,4622.5,1.36724e-05,6.8362e-05,1
4625,4630,4627.5,2.73448e-05,0.000136724,2
4630,4635,4632.5,4.10172e-05,0.000205086,3
4635,4640,4637.5,4.10172e-05,0.000205086,3
4640,4645,4642.5,1.36724e-05,6.8362e-05,1
4645,4650,4647.5,1.36724e-05,6.8362e-05,1
4650,4655,4652.5,1.36724e-05,6.8362e-05,1
4655,4660,4657.5,5.46896e-05,0.000273448,4
4660,4665,4662.5,1.36724e-05,6.8362e-05,1
4665,4670,4667.5,5.46896e-05,0.000273448,4
4670,4675,4672.5,2.73448e-05,0.000136724,2
4675,4680,4677.5,4.10172e-05,0.000205086,3
4680,4685,4682.5,5.46896e-05,0.000273448,4
4685,4690,4687.5,4.10172e-05,0.000205086,3
4690,4695,4692.5,4.10172e-05,0.000205086,3
4695,4700,4697.5,1.36724e-05,6.8362e-05,1
4700,4705,4702.5,2.73448e-05,0.000136724,2
4705,4710,4707.5,1.36724e-05,6.8362e-05,1
4710,4715,4712.5,4.10172e-05,0.000205086,3
4715,4720,4717.5,5.46896e-05,0.000273448,4
4720,4725,4722.5,4.10172e-05,0.000205086,3
4725,4730,4727.5,2.73448e-05,0.000136724,2
4730,4735,4732.5,4.10172e-05,0.000205086,3
4735,4740,4737.5,1.36724e-05,6.8362e-05,1
4740,4745,4742.5,1.36724e-05,6.8362e-05,1
4745,4750,4747.5,2.73448e-05,0.000136724,2
4750,4755,4752.5,2.73448e-05,0.000136724,2
4755,4760,4757.5,4.10172e-05,0.000205086,3
4760,4765,4762.5,1.36724e-05,6.8362e-05,1
4765,4770,4767.5,4.10172e-05,0.000205086,3
4770,4775,4772.5,4.10172e-05,0.000205086,3
4775,4780,4777.5,5.46896e-05,0.000273448,4
4780,4785,4782.5,2.73448e-05,0.000136724,2
4785,4790,4787.5,2.73448e-05,0.000136724,2
4790,4795,4792.5,1.36724e-05,6.8362e-05,1
4800,4805,4802.5,1.36724e-05,6.8362e-05,1
4805,4810,4807.5,5.46896e-05,0.000273448,4
4810,4815,4812.5,1.36724e-05,6.8362e-05,1
4820,4825,4822.5,5.46896e-05,0.000273448,4
4825,4830,4827.5,2.73448e-05,0.000136724,2
4830,4835,4832.5,1.36724e-05,6.8362e-05,1
4835,4840,4837.5,2.73448e-05,0.000136724,2
4840,4845,4842.5,4.10172e-05,0.000205086,3
4845,4850,4847.5,4.10172e-05,0.000205086,3
4850,4855,4852.5,4.10172e-05,0.000205086,3
4855,4860,4857.5,5.46896e-05,0.000273448,4
4860,4865,4862.5,5.46896e-05,0.000273448,4
4865,4870,4867.5,5.46896e-05,0.000273448,4
4870,4875,4872.5,2.73448e-05,0.000136724,2
4875,4880,4877.5,2.73448e-05,0.000136724,2
4885,4890,4887.5,2.73448e-05,0.000136724,2
4890,4895,4892.5,1.36724e-05,6.8362e-05,1
4895,4900,4897.5,1.36724e-05,6.8362e-05,1
4900,4905,4902.5,1.36724e-05,6.8362e-05,1
4905,4910,4907.5,2.73448e-05,0.000136724,2
4910,4915,4912.5,5.46896e-05,0.000273448,4
4915,4920,4917.5,1.36724e-05,6.8362e-05,1
4925,4930,4927.5,1.36724e-05,6.8362e-05,1
4930,4935,4932.5,4.10172e-05,0.000205086,3
4935,4940,4937.5,1.36724e-05,6.8362e-05,1
4940,4945,4942.5,2.73448e-05,0.000136724,2
4945,4950,4947.5,4.10172e-05,0.000205086,3
4950,4955,4952.5,2.73448e-05,0.000136724,2
4960,4965,4962.5,1.36724e-05,6.8362e-05,1
4965,4970,4967.5,5.46896e-05,0.000273448,4
4970,4975,4972.5,2.73448e-05,0.000136724,2
4975,4980,4977.5,2.73448e-05,0.000136724,2
4985,4990,4987.5,2.73448e-05,0.000136724,2
4990,4995,4992.5,4.10172e-05,0.000205086,3
4995,5000,4997.5,5.46896e-05,0.000273448,4
5000,5005,5002.5,1.36724e-05,6.8362e-05,1
5005,5010,5007.5,6.8362e-05,0.00034181,5
5010,5015,5012.5,1.36724e-05,6.8362e-05,1
5015,5020,5017.5,1.36724e-05,6.8362e-05,1
5020,5025,5022.5,1.36724e-05,6.8362e-05,1
5035,5040,5037.5,2.73448e-05,0.000136724,2
5040,5045,5042.5,4.10172e-05,0.000205086,3
5045,5050,5047.5,4.10172e-05,0.000205086,3
5050,5055,5052.5,2.73448e-05,0.000136724,2
5060,5065,5062.5,1.36724e-05,6.8362e-05,1
5065,5070,5067.5,4.10172e-05,0.000205086,3
5070,5075,5072.5,5.46896e-05,0.000273448,4
5075,5080,5077.5,2.73448e-05,0.000136724,2
5080,5085,5082.5,4.10172e-05,0.000205086,3
5085,5090,5087.5,2.73448e-05,0.000136724,2
5090,5095,5092.5,1.36724e-05,6.8362e-05,1
5095,5100,5097.5,1.36724e-05,6.8362e-05,1
5100,5105,5102.5,2.73448e-05,0.000136724,2
5105,5110,5107.5,2.73448e-05,0.000136724,2
5110,5115,5112.5,4.10172e-05,0.000205086,3
5115,5120,5117.5,2.73448e-05,0.000136724,2
5120,5125,5122.5,6.8362e-05,0.00034181,5
5125,5130,5127.5,2.73448e-05,0.000136724,2
5130,5135,5132.5,2.73448e-05,0.000136724,2
5135,5140,5137.5,1.36724e-05,6.8362e-05,1
5140,5145,5142.5,1.36724e-05,6.8362e-05,1
5145,5150,5147.5,2.73448e-05,0.000136724,2
5150,5155,5152.5,1.36724e-05,6.8362e-05,1
5155,5160,5157.5,2.73448e-05,0.000136724,2
5160,5165,5162.5,1.36724e-05,6.8362e-05,1
5165,5170,5167.5,6.8362e-05,0.00034181,5
5170,5175,5172.5,4.10172e-05,0.000205086,3
5175,5180,5177.5,1.36724e-05,6.8362e-05,1
5180,5185,5182.5,1.36724e-05,6.8362e-05,1
5185,5190,5187.5,1.36724e-05,6.8362e-05,1
5190,5195,5192.5,1.36724e-05,6.8362e-05,1
5195,5200,5197.5,1.36724e-05,6.8362e-05,1
5200,5205,5202.5,1.36724e-05,6.8362e-05,1
5205,5210,5207.5,2.73448e-05,0.000136724,2
5210,5215,5212.5,5.46896e-05,0.000273448,4
5215,5220,5217.5,1.36724e-05,6.8362e-05,1
5220,5225,5222.5,4.10172e-05,0.000205086,3
5230,5235,5232.5,2.73448e-05,0.000136724,2
5235,5240,5237.5,2.73448e-05,0.000136724,2
5240,5245,5242.5,1.36724e-05,6.8362e-05,1
5245,5250,5247.5,2.73448e-05,0.000136724,2
5250,5255,5252.5,4.10172e-05,0.000205086,3
5255,5260,5257.5,5.46896e-05,0.000273448,4
5260,5265,5262.5,4.10172e-05,0.000205086,3
5265,5270,5267.5,4.10172e-05,0.000205086,3
5275,5280,5277.5,8.20345e-05,0.000410172,6
5280,5285,5282.5,5.46896e-05,0.000273448,4
5290,5295,5292.5,2.73448e-05,0.000136724,2
5295,5300,5297.5,2.73448e-05,0.000136724,2
5300,5305,5302.5,4.10172e-05,0.000205086,3
5305,5310,5307.5,5.46896e-05,0.000273448,4
5310,5315,5312.5,4.10172e-05,0.000205086,3
5315,5320,5317.5,1.36724e-05,6.8362e-05,1
5320,5325,5322.5,1.36724e-05,6.8362e-05,1
5325,5330,5327.5,5.46896e-05,0.000273448,4
5330,5335,5332.5,1.36724e-05,6.8362e-05,1
5335,5340,5337.5,1.36724e-05,6.8362e-05,1
5340,5345,5342.5,4.10172e-05,0.000205086,3
5345,5350,5347.5,1.36724e-05,6.8362e-05,1
5350,5355,5352.5,1.36724e-05,6.8362e-05,1
5365,5370,5367.5,2.73448e-05,0.000136724,2
5370,5375,5372.5,2.73448e-05,0.000136724,2
5375,5380,5377.5,2.73448e-05,0.000136724,2
5385,5390,5387.5,2.73448e-05,0.000136724,2
5390,5395,5392.5,4.10172e-05,0.000205086,3
5395,5400,5397.5,1.36724e-05,6.8362e-05,1
5400,5405,5402.5,2.73448e-05,0.000136724,2
5405,5410,5407.5,2.73448e-05,0.000136724,2
5410,5415,5412.5,2.73448e-05,0.000136724,2
5415,5420,5417.5,1.36724e-05,6.8362e-05,1
5425,5430,5427.5,1.36724e-05,6.8362e-05,1
5430,5435,5432.5,5.46896e-05,0.000273448,4
5440,5445,5442.5,2.73448e-05,0.000136724,2
5445,5450,5447.5,4.10172e-05,0.000205086,3
5450,5455,5452.5,5.46896e-05,0.000273448,4
5455,5460,5457.5,1.36724e-05,6.8362e-05,1
5460,5465,5462.5,2.73448e-05,0.000136724,2
5465,5470,5467.5,1.36724e-05,6.8362e-05,1
5470,5475,5472.5,2.73448e-05,0.000136724,2
5475,5480,5477.5,1.36724e-05,6.8362e-05,1
5480,5485,5482.5,5.46896e-05,0.000273448,4
5490,5495,5492.5,5.46896e-05,0.000273448,4
5495,5500,5497.5,4.10172e-05,0.000205086,3
5500,5505,5502.5,1.36724e-05,6.8362e-05,1
5505,5510,5507.5,5.46896e-05,0.000273448,4
5515,5520,5517.5,1.36724e-05,6.8362e-05,1
5525,5530,5527.5,6.8362e-05,0.00034181,5
5530,5535,5532.5,1.36724e-05,6.8362e-05,1
5540,5545,5542.5,1.36724e-05,6.8362e-05,1
5545,5550,5547.5,1.36724e-05,6.8362e-05,1
5550,5555,5552.5,2.73448e-05,0.000136724,2
5570,5575,5572.5,4.10172e-05,0.000205086,3
5580,5585,5582.5,6.8362e-05,0.00034181,5
5585,5590,5587.5,6.8362e-05,0.00034181,5
5590,5595,5592.5,4.10172e-05,0.000205086,3
5595,5600,5597.5,1.36724e-05,6.8362e-05,1
5605,5610,5607.5,2.73448e-05,0.000136724,2
5610,5615,5612.5,5.46896e-05,0.000273448,4
5615,5620,5617.5,4.10172e-05,0.000205086,3
5620,5625,5622.5,1.36724e-05,6.8362e-05,1
5630,5635,5632.5,2.73448e-05,0.000136724,2
5635,5640,5637.5,1.36724e-05,6.8362e-05,1
5640,5645,5642.5,1.36724e-05,6.8362e-05,1
5645,5650,5647.5,5.46896e-05,0.000273448,4
5650,5655,5652.5,2.73448e-05,0.000136724,2
5655,5660,5657.5,1.36724e-05,6.8362e-05,1
5660,5665,5662.5,5.46896e-05,0.000273448,4
5665,5670,5667.5,4.10172e-05,0.000205086,3
5670,5675,5672.5,4.10172e-05,0.000205086,3
5675,5680,5677.5,1.36724e-05,6.8362e-05,1
5680,5685,5682.5,2.73448e-05,0.000136724,2
5685,5690,5687.5,1.36724e-05,6.8362e-05,1
5700,5705,5702.5,2.73448e-05,0.000136724,2
5705,5710,5707.5,2.73448e-05,0.000136724,2
5710,5715,5712.5,2.73448e-05,0.000136724,2
5715,5720,5717.5,4.10172e-05,0.000205086,3
5720,5725,5722.5,2.73448e-05,0.000136724,2
5725,5730,5727.5,2.73448e-05,0.000136724,2
5730,5735,5732.5,2.73448e-05,0.000136724,2
5735,5740,5737.5,2.73448e-05,0.000136724,2
5740,5745,5742.5,4.10172e-05,0.000205086,3
5745,5750,5747.5,1.36724e-05,6.8362e-05,1
5750,5755,5752.5,4.10172e-05,0.000205086,3
5755,5760,5757.5,2.73448e-05,0.000136724,2
5760,5765,5762.5,1.36724e-05,6.8362e-05,1
5765,5770,5767.5,1.36724e-05,6.8362e-05,1
5770,5775,5772.5,1.36724e-05,6.8362e-05,1
5775,5780,5777.5,1.36724e-05,6.8362e-05,1
5785,5790,5787.5,2.73448e-05,0.000136724,2
5790,5795,5792.5,2.73448e-05,0.000136724,2
5795,5800,5797.5,2.73448e-05,0.000136724,2
5805,5810,5807.5,1.36724e-05,6.8362e-05,1
5810,5815,5812.5,4.10172e-05,0.000205086,3
5815,5820,5817.5,1.36724e-05,6.8362e-05,1
5825,5830,5827.5,2.73448e-05,0.000136724,2
5830,5835,5832.5,1.36724e-05,6.8362e-05,1
5835,5840,5837.5,1.36724e-05,6.8362e-05,1
5840,5845,5842.5,4.10172e-05,0.000205086,3
5845,5850,5847.5,4.10172e-05,0.000205086,3
5860,5865,5862.5,4.10172e-05,0.000205086,3
5865,5870,5867.5,2.73448e-05,0.000136724,2
5870,5875,5872.5,4.10172e-05,0.000205086,3
5875,5880,5877.5,5.46896e-05,0.000273448,4
5880,5885,5882.5,1.36724e-05,6.8362e-05,1
5885,5890,5887.5,1.36724e-05,6.8362e-05,1
5890,5895,5892.5,1.36724e-05,6.8362e-05,1
5900,5905,5902.5,1.36724e-05,6.8362e-05,1
5905,5910,5907.5,1.36724e-05,6.8362e-05,1
5910,5915,5912.5,1.36724e-05,6.8362e-05,1
5915,5920,5917.5,1.36724e-05,6.8362e-05,1
5920,5925,5922.5,1.36724e-05,6.8362e-05,1
5925,5930,5927.5,1.36724e-05,6.8362e-05,1
5930,5935,5932.5,1.36724e-05,6.8362e-05,1
5935,5940,5937.5,1.36724e-05,6.8362e-05,1
5940,5945,5942.5,1.36724e-05,6.8362e-05,1
5945,5950,5947.5,1.36724e-05,6.8362e-05,1
5950,5955,5952.5,2.73448e-05,0.000136724,2
5955,5960,5957.5,6.8362e-05,0.00034181,5
5960,5965,5962.5,2.73448e-05,0.000136724,2
5965,5970,5967.5,2.73448e-05,0.000136724,2
5970,5975,5972.5,2.73448e-05,0.000136724,2
5975,5980,5977.5,2.73448e-05,0.000136724,2
5980,5985,5982.5,2.73448e-05,0.000136724,2
5985,5990,5987.5,4.10172e-05,0.000205086,3
5990,5995,5992.5,4.10172e-05,0.000205086,3
5995,6000,5997.5,2.73448e-05,0.000136724,2
6000,6005,6002.5,1.36724e-05,6.8362e-05,1
6005,6010,6007.5,1.36724e-05,6.8362e-05,1
6010,6015,6012.5,1.36724e-05,6.8362e-05,1
6015,6020,6017.5,1.36724e-05,6.8362e-05,1
6020,6025,6022.5,2.73448e-05,0.000136724,2
6025,6030,6027.5,4.10172e-05,0.000205086,3
6030,6035,6032.5,1.36724e-05,6.8362e-05,1
6035,6040,6037.5,1.36724e-05,6.8362e-05,1
6040,6045,6042.5,4.10172e-05,0.000205086,3
6045,6050,6047.5,2.73448e-05,0.000136724,2
6050,6055,6052.5,6.8362e-05,0.00034181,5
6055,6060,6057.5,2.73448e-05,0.000136724,2
6060,6065,6062.5,1.36724e-05,6.8362e-05,1
6070,6075,6072.5,4.10172e-05,0.000205086,3
6080,6085,6082.5,1.36724e-05,6.8362e-05,1
6085,6090,6087.5,4.10172e-05,0.000205086,3
6090,6095,6092.5,2.73448e-05,0.000136724,2
6095,6100,6097.5,2.73448e-05,0.000136724,2
6100,6105,6102.5,1.36724e-05,6.8362e-05,1
6110,6115,6112.5,2.73448e-05,0.000136724,2
6120,6125,6122.5,4.10172e-05,0.000205086,3
6125,6130,6127.5,2.73448e-05,0.000136724,2
6130,6135,6132.5,2.73448e-05,0.000136724,2
6135,6140,6137.5,1.36724e-05,6.8362e-05,1
6140,6145,6142.5,1.36724e-05,6.8362e-05,1
6145,6150,6147.5,1.36724e-05,6.8362e-05,1
6150,6155,6152.5,2.73448e-05,0.000136724,2
6155,6160,6157.5,2.73448e-05,0.000136724,2
6160,6165,6162.5,1.36724e-05,6.8362e-05,1
6165,6170,6167.5,1.36724e-05,6.8362e-05,1
6170,6175,6172.5,5.46896e-05,0.000273448,4
6175,6180,6177.5,2.73448e-05,0.000136724,2
6180,6185,6182.5,1.36724e-05,6.8362e-05,1
6185,6190,6187.5,2.73448e-05,0.000136724,2
6190,6195,6192.5,4.10172e-05,0.000205086,3
6195,6200,6197.5,4.10172e-05,0.000205086,3
6200,6205,6202.5,1.36724e-05,6.8362e-05,1
6205,6210,6207.5,1.36724e-05,6.8362e-05,1
6210,6215,6212.5,1.36724e-05,6.8362e-05,1
6215,6220,6217.5,1.36724e-05,6.8362e-05,1
6220,6225,6222.5,1.36724e-05,6.8362e-05,1
6230,6235,6232.5,1.36724e-05,6.8362e-05,1
6245,6250,6247.5,5.46896e-05,0.000273448,4
6250,6255,6252.5,2.73448e-05,0.000136724,2
6260,6265,6262.5,1.36724e-05,6.8362e-05,1
6270,6275,6272.5,1.36724e-05,6.8362e-05,1
6275,6280,6277.5,1.36724e-05,6.8362e-05,1
6285,6290,6287.5,4.10172e-05,0.000205086,3
6290,6295,6292.5,1.36724e-05,6.8362e-05,1
6295,6300,6297.5,4.10172e-05,0.000205086,3
6300,6305,6302.5,2.73448e-05,0.000136724,2
6315,6320,6317.5,1.36724e-05,6.8362e-05,1
6320,6325,6322.5,1.36724e-05,6.8362e-05,1
6325,6330,6327.5,5.46896e-05,0.000273448,4
6330,6335,6332.5,1.36724e-05,6.8362e-05,1
6335,6340,6337.5,1.36724e-05,6.8362e-05,1
6340,6345,6342.5,4.10172e-05,0.000205086,3
6350,6355,6352.5,1.36724e-05,6.8362e-05,1
6355,6360,6357.5,4.10172e-05,0.000205086,3
6360,6365,6362.5,4.10172e-05,0.000205086,3
6365,6370,6367.5,4.10172e-05,0.000205086,3
6370,6375,6372.5,8.20345e-05,0.000410172,6
6375,6380,6377.5,1.36724e-05,6.8362e-05,1
6380,6385,6382.5,2.73448e-05,0.000136724,2
6385,6390,6387.5,1.36724e-05,6.8362e-05,1
6395,6400,6397.5,2.73448e-05,0.000136724,2
6410,6415,6412.5,1.36724e-05,6.8362e-05,1
6415,6420,6417.5,1.36724e-05,6.8362e-05,1
6420,6425,6422.5,2.73448e-05,0.000136724,2
6425,6430,6427.5,1.36724e-05,6.8362e-05,1
6430,6435,6432.5,2.73448e-05,0.000136724,2
6435,6440,6437.5,4.10172e-05,0.000205086,3
6440,6445,6442.5,2.73448e-05,0.000136724,2
6445,6450,6447.5,1.36724e-05,6.8362e-05,1
6455,6460,6457.5,2.73448e-05,0.000136724,2
6460,6465,6462.5,1.36724e-05,6.8362e-05,1
6465,6470,6467.5,1.36724e-05,6.8362e-05,1
6470,6475,6472.5,1.36724e-05,6.8362e-05,1
6475,6480,6477.5,2.73448e-05,0.000136724,2
6480,6485,6482.5,4.10172e-05,0.000205086,3
6485,6490,6487.5,1.36724e-05,6.8362e-05,1
6490,6495,6492.5,4.10172e-05,0.000205086,3
6495,6500,6497.5,4.10172e-05,0.000205086,3
6500,6505,6502.5,5.46896e-05,0.000273448,4
6505,6510,6507.5,1.36724e-05,6.8362e-05,1
6510,6515,6512.5,1.36724e-05,6.8362e-05,1
6515,6520,6517.5,1.36724e-05,6.8362e-05,1
6520,6525,6522.5,1.36724e-05,6.8362e-05,1
6525,6530,6527.5,2.73448e-05,0.000136724,2
6530,6535,6532.5,2.73448e-05,0.000136724,2
6535,6540,6537.5,1.36724e-05,6.8362e-05,1
6540,6545,6542.5,4.10172e-05,0.000205086,3
6545,6550,6547.5,4.10172e-05,0.000205086,3
6550,6555,6552.5,4.10172e-05,0.000205086,3
6555,6560,6557.5,4.10172e-05,0.000205086,3
6560,6565,6562.5,2.73448e-05,0.000136724,2
6565,6570,6567.5,2.73448e-05,0.000136724,2
6570,6575,6572.5,4.10172e-05,0.000205086,3
6575,6580,6577.5,1.36724e-05,6.8362e-05,1
6580,6585,6582.5,1.36724e-05,6.8362e-05,1
6585,6590,6587.5,4.10172e-05,0.000205086,3
6595,6600,6597.5,2.73448e-05,0.000136724,2
6610,6615,6612.5,5.46896e-05,0.000273448,4
6620,6625,6622.5,2.73448e-05,0.000136724,2
6625,6630,6627.5,1.36724e-05,6.8362e-05,1
6635,6640,6637.5,1.36724e-05,6.8362e-05,1
6650,6655,6652.5,1.36724e-05,6.8362e-05,1
6655,6660,6657.5,1.36724e-05,6.8362e-05,1
6660,6665,6662.5,1.36724e-05,6.8362e-05,1
6665,6670,6667.5,1.36724e-05,6.8362e-05,1
6670,6675,6672.5,2.73448e-05,0.000136724,2
6675,6680,6677.5,1.36724e-05,6.8362e-05,1
6680,6685,6682.5,2.73448e-05,0.000136724,2
6690,6695,6692.5,2.73448e-05,0.000136724,2
6700,6705,6702.5,2.73448e-05,0.000136724,2
6715,6720,6717.5,4.10172e-05,0.000205086,3
6730,6735,6732.5,2.73448e-05,0.000136724,2
6735,6740,6737.5,2.73448e-05,0.000136724,2
6740,6745,6742.5,1.36724e-05,6.8362e-05,1
6745,6750,6747.5,2.73448e-05,0.000136724,2
6755,6760,6757.5,1.36724e-05,6.8362e-05,1
6760,6765,6762.5,2.73448e-05,0.000136724,2
6765,6770,6767.5,1.36724e-05,6.8362e-05,1
6770,6775,6772.5,1.36724e-05,6.8362e-05,1
6775,6780,6777.5,1.36724e-05,6.8362e-05,1
6785,6790,6787.5,2.73448e-05,0.000136724,2
6790,6795,6792.5,2.73448e-05,0.000136724,2
6795,6800,6797.5,5.46896e-05,0.000273448,4
6800,6805,6802.5,2.73448e-05,0.000136724,2
6805,6810,6807.5,4.10172e-05,0.000205086,3
6810,6815,6812.5,2.73448e-05,0.000136724,2
6815,6820,6817.5,1.36724e-05,6.8362e-05,1
6820,6825,6822.5,1.36724e-05,6.8362e-05,1
6825,6830,6827.5,2.73448e-05,0.000136724,2
6830,6835,6832.5,1.36724e-05,6.8362e-05,1
6835,6840,6837.5,1.36724e-05,6.8362e-05,1
6840,6845,6842.5,1.36724e-05,6.8362e-05,1
6845,6850,6847.5,2.73448e-05,0.000136724,2
6850,6855,6852.5,1.36724e-05,6.8362e-05,1
6865,6870,6867.5,1.36724e-05,6.8362e-05,1
6870,6875,6872.5,5.46896e-05,0.000273448,4
6875,6880,6877.5,5.46896e-05,0.000273448,4
6880,6885,6882.5,1.36724e-05,6.8362e-05,1
6885,6890,6887.5,1.36724e-05,6.8362e-05,1
6890,6895,6892.5,4.10172e-05,0.000205086,3
6900,6905,6902.5,2.73448e-05,0.000136724,2
6905,6910,6907.5,1.36724e-05,6.8362e-05,1
6915,6920,6917.5,2.73448e-05,0.000136724,2
6920,6925,6922.5,1.36724e-05,6.8362e-05,1
6925,6930,6927.5,2.73448e-05,0.000136724,2
6930,6935,6932.5,4.10172e-05,0.000205086,3
6935,6940,6937.5,1.36724e-05,6.8362e-05,1
6940,6945,6942.5,1.36724e-05,6.8362e-05,1
6950,6955,6952.5,4.10172e-05,0.000205086,3
6955,6960,6957.5,4.10172e-05,0.000205086,3
6960,6965,6962.5,1.36724e-05,6.8362e-05,1
6965,6970,6967.5,1.36724e-05,6.8362e-05,1
6970,6975,6972.5,2.73448e-05,0.000136724,2
6975,6980,6977.5,2.73448e-05,0.000136724,2
6980,6985,6982.5,2.73448e-05,0.000136724,2
6985,6990,6987.5,1.36724e-05,6.8362e-05,1
6995,7000,6997.5,2.73448e-05,0.000136724,2
7000,7005,7002.5,4.10172e-05,0.000205086,3
7005,7010,7007.5,4.10172e-05,0.000205086,3
7010,7015,7012.5,5.46896e-05,0.000273448,4
7015,7020,7017.5,4.10172e-05,0.000205086,3
7020,7025,7022.5,2.73448e-05,0.000136724,2
7025,7030,7027.5,1.36724e-05,6.8362e-05,1
7030,7035,7032.5,1.36724e-05,6.8362e-05,1
7035,7040,7037.5,2.73448e-05,0.000136724,2
7045,7050,7047.5,1.36724e-05,6.8362e-05,1
7055,7060,7057.5,1.36724e-05,6.8362e-05,1
7060,7065,7062.5,1.36724e-05,6.8362e-05,1
7075,7080,7077.5,2.73448e-05,0.000136724,2
7080,7085,7082.5,5.46896e-05,0.000273448,4
7085,7090,7087.5,4.10172e-05,0.000205086,3
7090,7095,7092.5,1.36724e-05,6.8362e-05,1
7095,7100,7097.5,1.36724e-05,6.8362e-05,1
7100,7105,7102.5,2.73448e-05,0.000136724,2
7105,7110,7107.5,4.10172e-05,0.000205086,3
7115,7120,7117.5,5.46896e-05,0.000273448,4
7120,7125,7122.5,5.46896e-05,0.000273448,4
7125,7130,7127.5,1.36724e-05,6.8362e-05,1
7135,7140,7137.5,1.36724e-05,6.8362e-05,1
7145,7150,7147.5,1.36724e-05,6.8362e-05,1
7150,7155,7152.5,2.73448e-05,0.000136724,2
7155,7160,7157.5,4.10172e-05,0.000205086,3
7160,7165,7162.5,1.36724e-05,6.8362e-05,1
7165,7170,7167.5,1.36724e-05,6.8362e-05,1
7170,7175,7172.5,2.73448e-05,0.000136724,2
7185,7190,7187.5,2.73448e-05,0.000136724,2
7190,7195,7192.5,4.10172e-05,0.000205086,3
7195,7200,7197.5,5.46896e-05,0.000273448,4
7200,7205,7202.5,2.73448e-05,0.000136724,2
7210,7215,7212.5,4.10172e-05,0.000205086,3
7225,7230,7227.5,1.36724e-05,6.8362e-05,1
7230,7235,7232.5,1.36724e-05,6.8362e-05,1
7235,7240,7237.5,2.73448e-05,0.000136724,2
7240,7245,7242.5,1.36724e-05,6.8362e-05,1
7245,7250,7247.5,2.73448e-05,0.000136724,2
7250,7255,7252.5,2.73448e-05,0.000136724,2
7255,7260,7257.5,1.36724e-05,6.8362e-05,1
7275,7280,7277.5,2.73448e-05,0.000136724,2
7285,7290,7287.5,1.36724e-05,6.8362e-05,1
7290,7295,7292.5,1.36724e-05,6.8362e-05,1
7295,7300,7297.5,4.10172e-05,0.000205086,3
7300,7305,7302.5,4.10172e-05,0.000205086,3
7310,7315,7312.5,2.73448e-05,0.000136724,2
7320,7325,7322.5,5.46896e-05,0.000273448,4
7325,7330,7327.5,1.36724e-05,6.8362e-05,1
7330,7335,7332.5,1.36724e-05,6.8362e-05,1
7335,7340,7337.5,4.10172e-05,0.000205086,3
7340,7345,7342.5,1.36724e-05,6.8362e-05,1
7345,7350,7347.5,2.73448e-05,0.000136724,2
7355,7360,7357.5,1.36724e-05,6.8362e-05,1
7360,7365,7362.5,2.73448e-05,0.000136724,2
7365,7370,7367.5,5.46896e-05,0.000273448,4
7370,7375,7372.5,2.73448e-05,0.000136724,2
7375,7380,7377.5,2.73448e-05,0.000136724,2
7380,7385,7382.5,2.73448e-05,0.000136724,2
7385,7390,7387.5,2.73448e-05,0.000136724,2
7390,7395,7392.5,1.36724e-05,6.8362e-05,1
7395,7400,7397.5,4.10172e-05,0.000205086,3
7400,7405,7402.5,2.73448e-05,0.000136724,2
7405,7410,7407.5,1.36724e-05,6.8362e-05,1
7410,7415,7412.5,2.73448e-05,0.000136724,2
7415,7420,7417.5,2.73448e-05,0.000136724,2
7420,7425,7422.5,1.36724e-05,6.8362e-05,1
7435,7440,7437.5,2.73448e-05,0.000136724,2
7440,7445,7442.5,1.36724e-05,6.8362e-05,1
7445,7450,7447.5,1.36724e-05,6.8362e-05,1
7450,7455,7452.5,1.36724e-05,6.8362e-05,1
7460,7465,7462.5,2.73448e-05,0.000136724,2
7475,7480,7477.5,1.36724e-05,6.8362e-05,1
7480,7485,7482.5,1.36724e-05,6.8362e-05,1
7485,7490,7487.5,5.46896e-05,0.000273448,4
7490,7495,7492.5,5.46896e-05,0.000273448,4
7495,7500,7497.5,1.36724e-05,6.8362e-05,1
7500,7505,7502.5,2.73448e-05,0.000136724,2
7505,7510,7507.5,2.73448e-05,0.000136724,2
7515,7520,7517.5,2.73448e-05,0.000136724,2
7520,7525,7522.5,2.73448e-05,0.000136724,2
7530,7535,7532.5,4.10172e-05,0.000205086,3
7535,7540,7537.5,4.10172e-05,0.000205086,3
7540,7545,7542.5,1.36724e-05,6.8362e-05,1
7550,7555,7552.5,2.73448e-05,0.000136724,2
7555,7560,7557.5,4.10172e-05,0.000205086,3
7560,7565,7562.5,4.10172e-05,0.000205086,3
7565,7570,7567.5,1.36724e-05,6.8362e-05,1
7570,7575,7572.5,1.36724e-05,6.8362e-05,1
7575,7580,7577.5,4.10172e-05,0.000205086,3
7580,7585,7582.5,1.36724e-05,6.8362e-05,1
7585,7590,7587.5,1.36724e-05,6.8362e-05,1
7595,7600,7597.5,1.36724e-05,6.8362e-05,1
7600,7605,7602.5,1.36724e-05,6.8362e-05,1
7605,7610,7607.5,1.36724e-05,6.8362e-05,1
7610,7615,7612.5,4.10172e-05,0.000205086,3
7615,7620,7617.5,1.36724e-05,6.8362e-05,1
7620,7625,7622.5,5.46896e-05,0.000273448,4
7625,7630,7627.5,1.36724e-05,6.8362e-05,1
7630,7635,7632.5,1.36724e-05,6.8362e-05,1
7635,7640,7637.5,2.73448e-05,0.000136724,2
7645,7650,7647.5,1.36724e-05,6.8362e-05,1
7655,7660,7657.5,4.10172e-05,0.000205086,3
7660,7665,7662.5,2.73448e-05,0.000136724,2
7670,7675,7672.5,1.36724e-05,6.8362e-05,1
7675,7680,7677.5,1.36724e-05,6.8362e-05,1
7685,7690,7687.5,4.10172e-05,0.000205086,3
7690,7695,7692.5,2.73448e-05,0.000136724,2
7705,7710,7707.5,1.36724e-05,6.8362e-05,1
7710,7715,7712.5,2.73448e-05,0.000136724,2
7715,7720,7717.5,1.36724e-05,6.8362e-05,1
7720,7725,7722.5,2.73448e-05,0.000136724,2
7725,7730,7727.5,2.73448e-05,0.000136724,2
7735,7740,7737.5,2.73448e-05,0.000136724,2
7740,7745,7742.5,2.73448e-05,0.000136724,2
7750,7755,7752.5,2.73448e-05,0.000136724,2
7755,7760,7757.5,1.36724e-05,6.8362e-05,1
7760,7765,7762.5,2.73448e-05,0.000136724,2
7770,7775,7772.5,1.36724e-05,6.8362e-05,1
7775,7780,7777.5,4.10172e-05,0.000205086,3
7780,7785,7782.5,1.36724e-05,6.8362e-05,1
7790,7795,7792.5,1.36724e-05,6.8362e-05,1
7795,7800,7797.5,2.73448e-05,0.000136724,2
7810,7815,7812.5,1.36724e-05,6.8362e-05,1
7815,7820,7817.5,1.36724e-05,6.8362e-05,1
7825,7830,7827.5,2.73448e-05,0.000136724,2
7845,7850,7847.5,1.36724e-05,6.8362e-05,1
7850,7855,7852.5,4.10172e-05,0.000205086,3
7855,7860,7857.5,1.36724e-05,6.8362e-05,1
7865,7870,7867.5,1.36724e-05,6.8362e-05,1
7870,7875,7872.5,4.10172e-05,0.000205086,3
7880,7885,7882.5,2.73448e-05,0.000136724,2
7890,7895,7892.5,1.36724e-05,6.8362e-05,1
7895,7900,7897.5,1.36724e-05,6.8362e-05,1
7900,7905,7902.5,1.36724e-05,6.8362e-05,1
7910,7915,7912.5,2.73448e-05,0.000136724,2
7915,7920,7917.5,1.36724e-05,6.8362e-05,1
7920,7925,7922.5,1.36724e-05,6.8362e-05,1
7930,7935,7932.5,1.36724e-05,6.8362e-05,1
7935,7940,7937.5,1.36724e-05,6.8362e-05,1
7940,7945,7942.5,1.36724e-05,6.8362e-05,1
7945,7950,7947.5,1.36724e-05,6.8362e-05,1
7950,7955,7952.5,2.73448e-05,0.000136724,2
7955,7960,7957.5,5.46896e-05,0.000273448,4
7960,7965,7962.5,2.73448e-05,0.000136724,2
7965,7970,7967.5,2.73448e-05,0.000136724,2
7975,7980,7977.5,2.73448e-05,0.000136724,2
7980,7985,7982.5,1.36724e-05,6.8362e-05,1
8005,8010,8007.5,5.46896e-05,0.000273448,4
8040,8045,8042.5,2.73448e-05,0.000136724,2
8045,8050,8047.5,1.36724e-05,6.8362e-05,1
8055,8060,8057.5,1.36724e-05,6.8362e-05,1
8060,8065,8062.5,2.73448e-05,0.000136724,2
8070,8075,8072.5,1.36724e-05,6.8362e-05,1
8100,8105,8102.5,1.36724e-05,6.8362e-05,1
8105,8110,8107.5,2.73448e-05,0.000136724,2
8110,8115,8112.5,1.36724e-05,6.8362e-05,1
8120,8125,8122.5,1.36724e-05,6.8362e-05,1
8125,8130,8127.5,1.36724e-05,6.8362e-05,1
8135,8140,8137.5,1.36724e-05,6.8362e-05,1
8140,8145,8142.5,1.36724e-05,6.8362e-05,1
8145,8150,8147.5,1.36724e-05,6.8362e-05,1
8150,8155,8152.5,1.36724e-05,6.8362e-05,1
8165,8170,8167.5,1.36724e-05,6.8362e-05,1
8180,8185,8182.5,2.73448e-05,0.000136724,2
8190,8195,8192.5,1.36724e-05,6.8362e-05,1
8200,8205,8202.5,2.73448e-05,0.000136724,2
8210,8215,8212.5,1.36724e-05,6.8362e-05,1
8215,8220,8217.5,4.10172e-05,0.000205086,3
8225,8230,8227.5,1.36724e-05,6.8362e-05,1
8235,8240,8237.5,2.73448e-05,0.000136724,2
8245,8250,8247.5,2.73448e-05,0.000136724,2
8250,8255,8252.5,4.10172e-05,0.000205086,3
8260,8265,8262.5,2.73448e-05,0.000136724,2
8265,8270,8267.5,1.36724e-05,6.8362e-05,1
8275,8280,8277.5,2.73448e-05,0.000136724,2
8280,8285,8282.5,5.46896e-05,0.000273448,4
8285,8290,8287.5,1.36724e-05,6.8362e-05,1
8290,8295,8292.5,1.36724e-05,6.8362e-05,1
8295,8300,8297.5,4.10172e-05,0.000205086,3
8300,8305,8302.5,1.36724e-05,6.8362e-05,1
8305,8310,8307.5,1.36724e-05,6.8362e-05,1
8315,8320,8317.5,1.36724e-05,6.8362e-05,1
8320,8325,8322.5,4.10172e-05,0.000205086,3
8340,8345,8342.5,1.36724e-05,6.8362e-05,1
8345,8350,8347.5,2.73448e-05,0.000136724,2
8350,8355,8352.5,1.36724e-05,6.8362e-05,1
8355,8360,8357.5,1.36724e-05,6.8362e-05,1
8360,8365,8362.5,1.36724e-05,6.8362e-05,1
8365,8370,8367.5,1.36724e-05,6.8362e-05,1
8375,8380,8377.5,1.36724e-05,6.8362e-05,1
8380,8385,8382.5,2.73448e-05,0.000136724,2
8390,8395,8392.5,1.36724e-05,6.8362e-05,1
8400,8405,8402.5,2.73448e-05,0.000136724,2
8405,8410,8407.5,1.36724e-05,6.8362e-05,1
8410,8415,8412.5,2.73448e-05,0.000136724,2
8415,8420,8417.5,2.73448e-05,0.000136724,2
8420,8425,8422.5,1.36724e-05,6.8362e-05,1
8440,8445,8442.5,5.46896e-05,0.000273448,4
8445,8450,8447.5,1.36724e-05,6.8362e-05,1
8450,8455,8452.5,2.73448e-05,0.000136724,2
8455,8460,8457.5,1.36724e-05,6.8362e-05,1
8465,8470,8467.5,1.36724e-05,6.8362e-05,1
8470,8475,8472.5,1.36724e-05,6.8362e-05,1
8475,8480,8477.5,2.73448e-05,0.000136724,2
8480,8485,8482.5,2.73448e-05,0.000136724,2
8490,8495,8492.5,1.36724e-05,6.8362e-05,1
8495,8500,8497.5,5.46896e-05,0.000273448,4
8515,8520,8517.5,1.36724e-05,6.8362e-05,1
8520,8525,8522.5,2.73448e-05,0.000136724,2
8525,8530,8527.5,1.36724e-05,6.8362e-05,1
8535,8540,8537.5,1.36724e-05,6.8362e-05,1
8540,8545,8542.5,4.10172e-05,0.000205086,3
8550,8555,8552.5,2.73448e-05,0.000136724,2
8580,8585,8582.5,1.36724e-05,6.8362e-05,1
8600,8605,8602.5,2.73448e-05,0.000136724,2
8605,8610,8607.5,1.36724e-05,6.8362e-05,1
8610,8615,8612.5,2.73448e-05,0.000136724,2
8615,8620,8617.5,2.73448e-05,0.000136724,2
8620,8625,8622.5,1.36724e-05,6.8362e-05,1
8625,8630,8627.5,4.10172e-05,0.000205086,3
8630,8635,8632.5,1.36724e-05,6.8362e-05,1
8635,8640,8637.5,5.46896e-05,0.000273448,4
8640,8645,8642.5,2.73448e-05,0.000136724,2
8650,8655,8652.5,2.73448e-05,0.000136724,2
8655,8660,8657.5,1.36724e-05,6.8362e-05,1
8660,8665,8662.5,4.10172e-05,0.000205086,3
8680,8685,8682.5,2.73448e-05,0.000136724,2
8685,8690,8687.5,1.36724e-05,6.8362e-05,1
8695,8700,8697.5,4.10172e-05,0.000205086,3
8700,8705,8702.5,1.36724e-05,6.8362e-05,1
8705,8710,8707.5,1.36724e-05,6.8362e-05,1
8710,8715,8712.5,1.36724e-05,6.8362e-05,1
8715,8720,8717.5,1.36724e-05,6.8362e-05,1
8720,8725,8722.5,1.36724e-05,6.8362e-05,1
8730,8735,8732.5,4.10172e-05,0.000205086,3
8735,8740,8737.5,1.36724e-05,6.8362e-05,1
8745,8750,8747.5,1.36724e-05,6.8362e-05,1
8750,8755,8752.5,2.73448e-05,0.000136724,2
8775,8780,8777.5,1.36724e-05,6.8362e-05,1
8790,8795,8792.5,1.36724e-05,6.8362e-05,1
8795,8800,8797.5,4.10172e-05,0.000205086,3
8800,8805,8802.5,4.10172e-05,0.000205086,3
8805,8810,8807.5,4.10172e-05,0.000205086,3
8815,8820,8817.5,1.36724e-05,6.8362e-05,1
8820,8825,8822.5,4.10172e-05,0.000205086,3
8825,8830,8827.5,1.36724e-05,6.8362e-05,1
8830,8835,8832.5,4.10172e-05,0.000205086,3
8845,8850,8847.5,1.36724e-05,6.8362e-05,1
8850,8855,8852.5,1.36724e-05,6.8362e-05,1
8855,8860,8857.5,2.73448e-05,0.000136724,2
8860,8865,8862.5,4.10172e-05,0.000205086,3
8880,8885,8882.5,1.36724e-05,6.8362e-05,1
8895,8900,8897.5,1.36724e-05,6.8362e-05,1
8900,8905,8902.5,4.10172e-05,0.000205086,3
8915,8920,8917.5,1.36724e-05,6.8362e-05,1
8920,8925,8922.5,1.36724e-05,6.8362e-05,1
8940,8945,8942.5,1.36724e-05,6.8362e-05,1
8955,8960,8957.5,1.36724e-05,6.8362e-05,1
8965,8970,8967.5,1.36724e-05,6.8362e-05,1
8970,8975,8972.5,1.36724e-05,6.8362e-05,1
8975,8980,8977.5,1.36724e-05,6.8362e-05,1
8985,8990,8987.5,1.36724e-05,6.8362e-05,1
8990,8995,8992.5,1.36724e-05,6.8362e-05,1
8995,9000,8997.5,1.36724e-05,6.8362e-05,1
9000,9005,9002.5,5.46896e-05,0.000273448,4
9010,9015,9012.5,1.36724e-05,6.8362e-05,1
9025,9030,9027.5,4.10172e-05,0.000205086,3
9030,9035,9032.5,5.46896e-05,0.000273448,4
9040,9045,9042.5,2.73448e-05,0.000136724,2
9045,9050,9047.5,5.46896e-05,0.000273448,4
9055,9060,9057.5,1.36724e-05,6.8362e-05,1
9060,9065,9062.5,5.46896e-05,0.000273448,4
9065,9070,9067.5,1.36724e-05,6.8362e-05,1
9070,9075,9072.5,1.36724e-05,6.8362e-05,1
9075,9080,9077.5,2.73448e-05,0.000136724,2
9080,9085,9082.5,2.73448e-05,0.000136724,2
9085,9090,9087.5,2.73448e-05,0.000136724,2
9095,9100,9097.5,2.73448e-05,0.000136724,2
9105,9110,9107.5,2.73448e-05,0.000136724,2
9110,9115,9112.5,1.36724e-05,6.8362e-05,1
9115,9120,9117.5,2.73448e-05,0.000136724,2
9120,9125,9122.5,1.36724e-05,6.8362e-05,1
9130,9135,9132.5,1.36724e-05,6.8362e-05,1
9135,9140,9137.5,2.73448e-05,0.000136724,2
9140,9145,9142.5,1.36724e-05,6.8362e-05,1
9150,9155,9152.5,2.73448e-05,0.000136724,2
9155,9160,9157.5,2.73448e-05,0.000136724,2
9160,9165,9162.5,2.73448e-05,0.000136724,2
9175,9180,9177.5,2.73448e-05,0.000136724,2
9180,9185,9182.5,1.36724e-05,6.8362e-05,1
9190,9195,9192.5,2.73448e-05,0.000136724,2
9195,9200,9197.5,2.73448e-05,0.000136724,2
9200,9205,9202.5,2.73448e-05,0.000136724,2
9210,9215,9212.5,1.36724e-05,6.8362e-05,1
9215,9220,9217.5,1.36724e-05,6.8362e-05,1
9225,9230,9227.5,1.36724e-05,6.8362e-05,1
9230,9235,9232.5,2.73448e-05,0.000136724,2
9235,9240,9237.5,1.36724e-05,6.8362e-05,1
9250,9255,9252.5,2.73448e-05,0.000136724,2
9265,9270,9267.5,1.36724e-05,6.8362e-05,1
9270,9275,9272.5,2.73448e-05,0.000136724,2
9305,9310,9307.5,1.36724e-05,6.8362e-05,1
9310,9315,9312.5,2.73448e-05,0.000136724,2
9315,9320,9317.5,1.36724e-05,6.8362e-05,1
9320,9325,9322.5,1.36724e-05,6.8362e-05,1
9325,9330,9327.5,1.36724e-05,6.8362e-05,1
9330,9335,9332.5,1.36724e-05,6.8362e-05,1
9335,9340,9337.5,1.36724e-05,6.8362e-05,1
9340,9345,9342.5,2.73448e-05,0.000136724,2
9345,9350,9347.5,1.36724e-05,6.8362e-05,1
9350,9355,9352.5,1.36724e-05,6.8362e-05,1
9355,9360,9357.5,1.36724e-05,6.8362e-05,1
9360,9365,9362.5,1.36724e-05,6.8362e-05,1
9370,9375,9372.5,2.73448e-05,0.000136724,2
9375,9380,9377.5,1.36724e-05,6.8362e-05,1
9380,9385,9382.5,1.36724e-05,6.8362e-05,1
9390,9395,9392.5,1.36724e-05,6.8362e-05,1
9395,9400,9397.5,1.36724e-05,6.8362e-05,1
9400,9405,9402.5,2.73448e-05,0.000136724,2
9425,9430,9427.5,2.73448e-05,0.000136724,2
9435,9440,9437.5,2.73448e-05,0.000136724,2
9450,9455,9452.5,1.36724e-05,6.8362e-05,1
9455,9460,9457.5,1.36724e-05,6.8362e-05,1
9470,9475,9472.5,1.36724e-05,6.8362e-05,1
9475,9480,9477.5,2.73448e-05,0.000136724,2
9480,9485,9482.5,2.73448e-05,0.000136724,2
9485,9490,9487.5,1.36724e-05,6.8362e-05,1
9495,9500,9497.5,1.36724e-05,6.8362e-05,1
9505,9510,9507.5,1.36724e-05,6.8362e-05,1
9510,9515,9512.5,1.36724e-05,6.8362e-05,1
9515,9520,9517.5,1.36724e-05,6.8362e-05,1
9525,9530,9527.5,2.73448e-05,0.000136724,2
9530,9535,9532.5,2.73448e-05,0.000136724,2
9535,9540,9537.5,1.36724e-05,6.8362e-05,1
9540,9545,9542.5,1.36724e-05,6.8362e-05,1
9545,9550,9547.5,2.73448e-05,0.000136724,2
9550,9555,9552.5,1.36724e-05,6.8362e-05,1
9555,9560,9557.5,2.73448e-05,0.000136724,2
9565,9570,9567.5,1.36724e-05,6.8362e-05,1
9570,9575,9572.5,1.36724e-05,6.8362e-05,1
9575,9580,9577.5,4.10172e-05,0.000205086,3
9585,9590,9587.5,5.46896e-05,0.000273448,4
9600,9605,9602.5,2.73448e-05,0.000136724,2
9605,9610,9607.5,1.36724e-05,6.8362e-05,1
9610,9615,9612.5,2.73448e-05,0.000136724,2
9615,9620,9617.5,4.10172e-05,0.000205086,3
9630,9635,9632.5,2.73448e-05,0.000136724,2
9635,9640,9637.5,1.36724e-05,6.8362e-05,1
9640,9645,9642.5,2.73448e-05,0.000136724,2
9645,9650,9647.5,1.36724e-05,6.8362e-05,1
9655,9660,9657.5,2.73448e-05,0.000136724,2
9660,9665,9662.5,2.73448e-05,0.000136724,2
9665,9670,9667.5,1.36724e-05,6.8362e-05,1
9675,9680,9677.5,2.73448e-05,0.000136724,2
9680,9685,9682.5,1.36724e-05,6.8362e-05,1
9685,9690,9687.5,4.10172e-05,0.000205086,3
9705,9710,9707.5,1.36724e-05,6.8362e-05,1
9710,9715,9712.5,1.36724e-05,6.8362e-05,1
9720,9725,9722.5,1.36724e-05,6.8362e-05,1
9725,9730,9727.5,1.36724e-05,6.8362e-05,1
9735,9740,9737.5,1.36724e-05,6.8362e-05,1
9750,9755,9752.5,2.73448e-05,0.000136724,2
9755,9760,9757.5,2.73448e-05,0.000136724,2
9770,9775,9772.5,1.36724e-05,6.8362e-05,1
9780,9785,9782.5,2.73448e-05,0.000136724,2
9785,9790,9787.5,2.73448e-05,0.000136724,2
9790,9795,9792.5,1.36724e-05,6.8362e-05,1
9800,9805,9802.5,1.36724e-05,6.8362e-05,1
9805,9810,9807.5,1.36724e-05,6.8362e-05,1
9810,9815,9812.5,1.36724e-05,6.8362e-05,1
9815,9820,9817.5,2.73448e-05,0.000136724,2
9825,9830,9827.5,1.36724e-05,6.8362e-05,1
9835,9840,9837.5,1.36724e-05,6.8362e-05,1
9850,9855,9852.5,2.73448e-05,0.000136724,2
9855,9860,9857.5,1.36724e-05,6.8362e-05,1
9860,9865,9862.5,1.36724e-05,6.8362e-05,1
9870,9875,9872.5,4.10172e-05,0.000205086,3
9880,9885,9882.5,1.36724e-05,6.8362e-05,1
9895,9900,9897.5,2.73448e-05,0.000136724,2
9900,9905,9902.5,1.36724e-05,6.8362e-05,1
9905,9910,9907.5,1.36724e-05,6.8362e-05,1
9915,9920,9917.5,2.73448e-05,0.000136724,2
9925,9930,9927.5,5.46896e-05,0.000273448,4
9940,9945,9942.5,1.36724e-05,6.8362e-05,1
9945,9950,9947.5,2.73448e-05,0.000136724,2
9965,9970,9967.5,1.36724e-05,6.8362e-05,1
9985,9990,9987.5,1.36724e-05,6.8362e-05,1
9995,10000,9997.5,1.36724e-05,6.8362e-05,1
10000,10005,10002.5,1.36724e-05,6.8362e-05,1
10010,10015,10012.5,1.36724e-05,6.8362e-05,1
10025,10030,10027.5,2.73448e-05,0.000136724,2
10035,10040,10037.5,2.73448e-05,0.000136724,2
10040,10045,10042.5,2.73448e-05,0.000136724,2
10050,10055,10052.5,2.73448e-05,0.000136724,2
10060,10065,10062.5,4.10172e-05,0.000205086,3
10070,10075,10072.5,1.36724e-05,6.8362e-05,1
10080,10085,10082.5,1.36724e-05,6.8362e-05,1
10090,10095,10092.5,1.36724e-05,6.8362e-05,1
10100,10105,10102.5,1.36724e-05,6.8362e-05,1
10105,10110,10107.5,1.36724e-05,6.8362e-05,1
10110,10115,10112.5,1.36724e-05,6.8362e-05,1
10120,10125,10122.5,1.36724e-05,6.8362e-05,1
10130,10135,10132.5,1.36724e-05,6.8362e-05,1
10135,10140,10137.5,4.10172e-05,0.000205086,3
10140,10145,10142.5,1.36724e-05,6.8362e-05,1
10145,10150,10147.5,1.36724e-05,6.8362e-05,1
10160,10165,10162.5,1.36724e-05,6.8362e-05,1
10165,10170,10167.5,2.73448e-05,0.000136724,2
10175,10180,10177.5,2.73448e-05,0.000136724,2
10180,10185,10182.5,2.73448e-05,0.000136724,2
10195,10200,10197.5,1.36724e-05,6.8362e-05,1
10200,10205,10202.5,1.36724e-05,6.8362e-05,1
10210,10215,10212.5,1.36724e-05,6.8362e-05,1
10220,10225,10222.5,1.36724e-05,6.8362e-05,1
10230,10235,10232.5,1.36724e-05,6.8362e-05,1
10240,10245,10242.5,1.36724e-05,6.8362e-05,1
10255,10260,10257.5,1.36724e-05,6.8362e-05,1
10260,10265,10262.5,1.36724e-05,6.8362e-05,1
10265,10270,10267.5,1.36724e-05,6.8362e-05,1
10275,10280,10277.5,1.36724e-05,6.8362e-05,1
10280,10285,10282.5,2.73448e-05,0.000136724,2
10285,10290,10287.5,1.36724e-05,6.8362e-05,1
10290,10295,10292.5,1.36724e-05,6.8362e-05,1
10300,10305,10302.5,1.36724e-05,6.8362e-05,1
10305,10310,10307.5,4.10172e-05,0.000205086,3
10310,10315,10312.5,1.36724e-05,6.8362e-05,1
10325,10330,10327.5,1.36724e-05,6.8362e-05,1
10335,10340,10337.5,1.36724e-05,6.8362e-05,1
10340,10345,10342.5,2.73448e-05,0.000136724,2
10345,10350,10347.5,1.36724e-05,6.8362e-05,1
10350,10355,10352.5,1.36724e-05,6.8362e-05,1
10360,10365,10362.5,1.36724e-05,6.8362e-05,1
10365,10370,10367.5,1.36724e-05,6.8362e-05,1
10375,10380,10377.5,1.36724e-05,6.8362e-05,1
10380,10385,10382.5,1.36724e-05,6.8362e-05,1
10385,10390,10387.5,1.36724e-05,6.8362e-05,1
10400,10405,10402.5,1.36724e-05,6.8362e-05,1
10405,10410,10407.5,4.10172e-05,0.000205086,3
10415,10420,10417.5,1.36724e-05,6.8362e-05,1
10430,10435,10432.5,6.8362e-05,0.00034181,5
10450,10455,10452.5,1.36724e-05,6.8362e-05,1
10455,10460,10457.5,1.36724e-05,6.8362e-05,1
10465,10470,10467.5,1.36724e-05,6.8362e-05,1
10470,10475,10472.5,1.36724e-05,6.8362e-05,1
10480,10485,10482.5,1.36724e-05,6.8362e-05,1
10485,10490,10487.5,1.36724e-05,6.8362e-05,1
10490,10495,10492.5,4.10172e-05,0.000205086,3
10495,10500,10497.5,1.36724e-05,6.8362e-05,1
10500,10505,10502.5,1.36724e-05,6.8362e-05,1
10520,10525,10522.5,2.73448e-05,0.000136724,2
10525,10530,10527.5,1.36724e-05,6.8362e-05,1
10530,10535,10532.5,1.36724e-05,6.8362e-05,1
10535,10540,10537.5,1.36724e-05,6.8362e-05,1
10540,10545,10542.5,1.36724e-05,6.8362e-05,1
10545,10550,10547.5,1.36724e-05,6.8362e-05,1
10550,10555,10552.5,2.73448e-05,0.000136724,2
10555,10560,10557.5,2.73448e-05,0.000136724,2
10560,10565,10562.5,1.36724e-05,6.8362e-05,1
10565,10570,10567.5,1.36724e-05,6.8362e-05,1
10580,10585,10582.5,2.73448e-05,0.000136724,2
10585,10590,10587.5,2.73448e-05,0.000136724,2
10595,10600,10597.5,1.36724e-05,6.8362e-05,1
10620,10625,10622.5,2.73448e-05,0.000136724,2
10635,10640,10637.5,1.36724e-05,6.8362e-05,1
10650,10655,10652.5,1.36724e-05,6.8362e-05,1
10655,10660,10657.5,1.36724e-05,6.8362e-05,1
10660,10665,10662.5,1.36724e-05,6.8362e-05,1
10665,10670,10667.5,1.36724e-05,6.8362e-05,1
10670,10675,10672.5,2.73448e-05,0.000136724,2
10685,10690,10687.5,1.36724e-05,6.8362e-05,1
10690,10695,10692.5,2.73448e-05,0.000136724,2
10695,10700,10697.5,1.36724e-05,6.8362e-05,1
10715,10720,10717.5,1.36724e-05,6.8362e-05,1
10720,10725,10722.5,1.36724e-05,6.8362e-05,1
10730,10735,10732.5,1.36724e-05,6.8362e-05,1
10735,10740,10737.5,2.73448e-05,0.000136724,2
10745,10750,10747.5,1.36724e-05,6.8362e-05,1
10760,10765,10762.5,1.36724e-05,6.8362e-05,1
10765,10770,10767.5,1.36724e-05,6.8362e-05,1
10770,10775,10772.5,1.36724e-05,6.8362e-05,1
10790,10795,10792.5,2.73448e-05,0.000136724,2
10805,10810,10807.5,1.36724e-05,6.8362e-05,1
10815,10820,10817.5,1.36724e-05,6.8362e-05,1
10830,10835,10832.5,1.36724e-05,6.8362e-05,1
10835,10840,10837.5,1.36724e-05,6.8362e-05,1
10840,10845,10842.5,2.73448e-05,0.000136724,2
10845,10850,10847.5,1.36724e-05,6.8362e-05,1
10850,10855,10852.5,1.36724e-05,6.8362e-05,1
10855,10860,10857.5,1.36724e-05,6.8362e-05,1
10860,10865,10862.5,2.73448e-05,0.000136724,2
10875,10880,10877.5,1.36724e-05,6.8362e-05,1
10890,10895,10892.5,2.73448e-05,0.000136724,2
10900,10905,10902.5,6.8362e-05,0.00034181,5
10915,10920,10917.5,2.73448e-05,0.000136724,2
10930,10935,10932.5,1.36724e-05,6.8362e-05,1
10940,10945,10942.5,1.36724e-05,6.8362e-05,1
10945,10950,10947.5,1.36724e-05,6.8362e-05,1
10950,10955,10952.5,2.73448e-05,0.000136724,2
10965,10970,10967.5,1.36724e-05,6.8362e-05,1
10970,10975,10972.5,1.36724e-05,6.8362e-05,1
10985,10990,10987.5,1.36724e-05,6.8362e-05,1
10995,11000,10997.5,1.36724e-05,6.8362e-05,1
11005,11010,11007.5,1.36724e-05,6.8362e-05,1
11015,11020,11017.5,2.73448e-05,0.000136724,2
11020,11025,11022.5,1.36724e-05,6.8362e-05,1
11030,11035,11032.5,1.36724e-05,6.8362e-05,1
11045,11050,11047.5,2.73448e-05,0.000136724,2
11055,11060,11057.5,1.36724e-05,6.8362e-05,1
11085,11090,11087.5,2.73448e-05,0.000136724,2
11095,11100,11097.5,1.36724e-05,6.8362e-05,1
11105,11110,11107.5,1.36724e-05,6.8362e-05,1
11120,11125,11122.5,1.36724e-05,6.8362e-05,1
11130,11135,11132.5,1.36724e-05,6.8362e-05,1
11140,11145,11142.5,1.36724e-05,6.8362e-05,1
11145,11150,11147.5,1.36724e-05,6.8362e-05,1
11150,11155,11152.5,1.36724e-05,6.8362e-05,1
11155,11160,11157.5,1.36724e-05,6.8362e-05,1
11165,11170,11167.5,2.73448e-05,0.000136724,2
11170,11175,11172.5,4.10172e-05,0.000205086,3
11175,11180,11177.5,1.36724e-05,6.8362e-05,1
11180,11185,11182.5,2.73448e-05,0.000136724,2
11185,11190,11187.5,1.36724e-05,6.8362e-05,1
11190,11195,11192.5,1.36724e-05,6.8362e-05,1
11195,11200,11197.5,1.36724e-05,6.8362e-05,1
11215,11220,11217.5,2.73448e-05,0.000136724,2
11225,11230,11227.5,1.36724e-05,6.8362e-05,1
11230,11235,11232.5,1.36724e-05,6.8362e-05,1
11235,11240,11237.5,1.36724e-05,6.8362e-05,1
11240,11245,11242.5,5.46896e-05,0.000273448,4
11245,11250,11247.5,1.36724e-05,6.8362e-05,1
11255,11260,11257.5,2.73448e-05,0.000136724,2
11270,11275,11272.5,1.36724e-05,6.8362e-05,1
11290,11295,11292.5,1.36724e-05,6.8362e-05,1
11310,11315,11312.5,1.36724e-05,6.8362e-05,1
11320,11325,11322.5,1.36724e-05,6.8362e-05,1
11325,11330,11327.5,1.36724e-05,6.8362e-05,1
11330,11335,11332.5,1.36724e-05,6.8362e-05,1
11345,11350,11347.5,1.36724e-05,6.8362e-05,1
11355,11360,11357.5,1.36724e-05,6.8362e-05,1
11365,11370,11367.5,1.36724e-05,6.8362e-05,1
11370,11375,11372.5,1.36724e-05,6.8362e-05,1
11375,11380,11377.5,1.36724e-05,6.8362e-05,1
11380,11385,11382.5,1.36724e-05,6.8362e-05,1
11395,11400,11397.5,2.73448e-05,0.000136724,2
11425,11430,11427.5,1.36724e-05,6.8362e-05,1
11435,11440,11437.5,1.36724e-05,6.8362e-05,1
11440,11445,11442.5,1.36724e-05,6.8362e-05,1
11445,11450,11447.5,4.10172e-05,0.000205086,3
11455,11460,11457.5,1.36724e-05,6.8362e-05,1
11465,11470,11467.5,1.36724e-05,6.8362e-05,1
11470,11475,11472.5,2.73448e-05,0.000136724,2
11475,11480,11477.5,1.36724e-05,6.8362e-05,1
11485,11490,11487.5,2.73448e-05,0.000136724,2
11495,11500,11497.5,1.36724e-05,6.8362e-05,1
11510,11515,11512.5,2.73448e-05,0.000136724,2
11540,11545,11542.5,1.36724e-05,6.8362e-05,1
11550,11555,11552.5,1.36724e-05,6.8362e-05,1
11555,11560,11557.5,2.73448e-05,0.000136724,2
11575,11580,11577.5,1.36724e-05,6.8362e-05,1
11590,11595,11592.5,2.73448e-05,0.000136724,2
11600,11605,11602.5,1.36724e-05,6.8362e-05,1
11605,11610,11607.5,1.36724e-05,6.8362e-05,1
11610,11615,11612.5,2.73448e-05,0.000136724,2
11640,11645,11642.5,2.73448e-05,0.000136724,2
11645,11650,11647.5,1.36724e-05,6.8362e-05,1
11660,11665,11662.5,2.73448e-05,0.000136724,2
11685,11690,11687.5,2.73448e-05,0.000136724,2
11690,11695,11692.5,1.36724e-05,6.8362e-05,1
11695,11700,11697.5,1.36724e-05,6.8362e-05,1
11705,11710,11707.5,1.36724e-05,6.8362e-05,1
11710,11715,11712.5,1.36724e-05,6.8362e-05,1
11740,11745,11742.5,1.36724e-05,6.8362e-05,1
11745,11750,11747.5,1.36724e-05,6.8362e-05,1
11760,11765,11762.5,2.73448e-05,0.000136724,2
11770,11775,11772.5,2.73448e-05,0.000136724,2
11800,11805,11802.5,1.36724e-05,6.8362e-05,1
11815,11820,11817.5,1.36724e-05,6.8362e-05,1
11825,11830,11827.5,2.73448e-05,0.000136724,2
11840,11845,11842.5,2.73448e-05,0.000136724,2
11850,11855,11852.5,5.46896e-05,0.000273448,4
11855,11860,11857.5,1.36724e-05,6.8362e-05,1
11860,11865,11862.5,1.36724e-05,6.8362e-05,1
11865,11870,11867.5,1.36724e-05,6.8362e-05,1
11870,11875,11872.5,1.36724e-05,6.8362e-05,1
11880,11885,11882.5,1.36724e-05,6.8362e-05,1
11885,11890,11887.5,1.36724e-05,6.8362e-05,1
11890,11895,11892.5,1.36724e-05,6.8362e-05,1
11910,11915,11912.5,1.36724e-05,6.8362e-05,1
11915,11920,11917.5,1.36724e-05,6.8362e-05,1
11920,11925,11922.5,1.36724e-05,6.8362e-05,1
11925,11930,11927.5,1.36724e-05,6.8362e-05,1
11935,11940,11937.5,1.36724e-05,6.8362e-05,1
11940,11945,11942.5,1.36724e-05,6.8362e-05,1
11950,11955,11952.5,1.36724e-05,6.8362e-05,1
11955,11960,11957.5,1.36724e-05,6.8362e-05,1
11970,11975,11972.5,1.36724e-05,6.8362e-05,1
11975,11980,11977.5,2.73448e-05,0.000136724,2
11995,12000,11997.5,2.73448e-05,0.000136724,2
12010,12015,12012.5,1.36724e-05,6.8362e-05,1
12040,12045,12042.5,1.36724e-05,6.8362e-05,1
12050,12055,12052.5,1.36724e-05,6.8362e-05,1
12055,12060,12057.5,1.36724e-05,6.8362e-05,1
12060,12065,12062.5,2.73448e-05,0.000136724,2
12070,12075,12072.5,1.36724e-05,6.8362e-05,1
12085,12090,12087.5,1.36724e-05,6.8362e-05,1
12090,12095,12092.5,1.36724e-05,6.8362e-05,1
12100,12105,12102.5,2.73448e-05,0.000136724,2
12110,12115,12112.5,4.10172e-05,0.000205086,3
12115,12120,12117.5,1.36724e-05,6.8362e-05,1
12120,12125,12122.5,4.10172e-05,0.000205086,3
12135,12140,12137.5,1.36724e-05,6.8362e-05,1
12140,12145,12142.5,1.36724e-05,6.8362e-05,1
12155,12160,12157.5,2.73448e-05,0.000136724,2
12170,12175,12172.5,1.36724e-05,6.8362e-05,1
12195,12200,12197.5,2.73448e-05,0.000136724,2
12220,12225,12222.5,2.73448e-05,0.000136724,2
12245,12250,12247.5,1.36724e-05,6.8362e-05,1
12270,12275,12272.5,2.73448e-05,0.000136724,2
12290,12295,12292.5,1.36724e-05,6.8362e-05,1
12295,12300,12297.5,4.10172e-05,0.000205086,3
12300,12305,12302.5,2.73448e-05,0.000136724,2
12310,12315,12312.5,1.36724e-05,6.8362e-05,1
12315,12320,12317.5,1.36724e-05,6.8362e-05,1
12325,12330,12327.5,1.36724e-05,6.8362e-05,1
12330,12335,12332.5,1.36724e-05,6.8362e-05,1
12340,12345,12342.5,2.73448e-05,0.000136724,2
12345,12350,12347.5,1.36724e-05,6.8362e-05,1
12360,12365,12362.5,1.36724e-05,6.8362e-05,1
12370,12375,12372.5,2.73448e-05,0.000136724,2
12385,12390,12387.5,2.73448e-05,0.000136724,2
12390,12395,12392.5,1.36724e-05,6.8362e-05,1
12405,12410,12407.5,1.36724e-05,6.8362e-05,1
12455,12460,12457.5,2.73448e-05,0.000136724,2
12470,12475,12472.5,1.36724e-05,6.8362e-05,1
12475,12480,12477.5,1.36724e-05,6.8362e-05,1
12485,12490,12487.5,2.73448e-05,0.000136724,2
12490,12495,12492.5,1.36724e-05,6.8362e-05,1
12495,12500,12497.5,1.36724e-05,6.8362e-05,1
12530,12535,12532.5,2.73448e-05,0.000136724,2
12550,12555,12552.5,1.36724e-05,6.8362e-05,1
12565,12570,12567.5,1.36724e-05,6.8362e-05,1
12595,12600,12597.5,1.36724e-05,6.8362e-05,1
12610,12615,12612.5,1.36724e-05,6.8362e-05,1
12615,12620,12617.5,1.36724e-05,6.8362e-05,1
12625,12630,12627.5,1.36724e-05,6.8362e-05,1
12640,12645,12642.5,1.36724e-05,6.8362e-05,1
12675,12680,12677.5,1.36724e-05,6.8362e-05,1
12680,12685,12682.5,1.36724e-05,6.8362e-05,1
12695,12700,12697.5,1.36724e-05,6.8362e-05,1
12700,12705,12702.5,1.36724e-05,6.8362e-05,1
12705,12710,12707.5,1.36724e-05,6.8362e-05,1
12725,12730,12727.5,1.36724e-05,6.8362e-05,1
12730,12735,12732.5,1.36724e-05,6.8362e-05,1
12740,12745,12742.5,1.36724e-05,6.8362e-05,1
12745,12750,12747.5,1.36724e-05,6.8362e-05,1
12760,12765,12762.5,1.36724e-05,6.8362e-05,1
12765,12770,12767.5,1.36724e-05,6.8362e-05,1
12775,12780,12777.5,1.36724e-05,6.8362e-05,1
12780,12785,12782.5,1.36724e-05,6.8362e-05,1
12785,12790,12787.5,1.36724e-05,6.8362e-05,1
12795,12800,12797.5,2.73448e-05,0.000136724,2
12800,12805,12802.5,1.36724e-05,6.8362e-05,1
12805,12810,12807.5,1.36724e-05,6.8362e-05,1
12820,12825,12822.5,1.36724e-05,6.8362e-05,1
12835,12840,12837.5,1.36724e-05,6.8362e-05,1
12845,12850,12847.5,1.36724e-05,6.8362e-05,1
12850,12855,12852.5,1.36724e-05,6.8362e-05,1
12870,12875,12872.5,1.36724e-05,6.8362e-05,1
12875,12880,12877.5,1.36724e-05,6.8362e-05,1
12890,12895,12892.5,1.36724e-05,6.8362e-05,1
12905,12910,12907.5,2.73448e-05,0.000136724,2
12920,12925,12922.5,1.36724e-05,6.8362e-05,1
12930,12935,12932.5,1.36724e-05,6.8362e-05,1
12935,12940,12937.5,1.36724e-05,6.8362e-05,1
12940,12945,12942.5,1.36724e-05,6.8362e-05,1
12950,12955,12952.5,2.73448e-05,0.000136724,2
12960,12965,12962.5,1.36724e-05,6.8362e-05,1
12985,12990,12987.5,2.73448e-05,0.000136724,2
13005,13010,13007.5,1.36724e-05,6.8362e-05,1
13020,13025,13022.5,1.36724e-05,6.8362e-05,1
13025,13030,13027.5,1.36724e-05,6.8362e-05,1
13035,13040,13037.5,1.36724e-05,6.8362e-05,1
13040,13045,13042.5,1.36724e-05,6.8362e-05,1
13055,13060,13057.5,1.36724e-05,6.8362e-05,1
13075,13080,13077.5,2.73448e-05,0.000136724,2
13090,13095,13092.5,1.36724e-05,6.8362e-05,1
13100,13105,13102.5,1.36724e-05,6.8362e-05,1
13115,13120,13117.5,1.36724e-05,6.8362e-05,1
13120,13125,13122.5,1.36724e-05,6.8362e-05,1
13135,13140,13137.5,1.36724e-05,6.8362e-05,1
13145,13150,13147.5,2.73448e-05,0.000136724,2
13150,13155,13152.5,1.36724e-05,6.8362e-05,1
13175,13180,13177.5,1.36724e-05,6.8362e-05,1
13180,13185,13182.5,2.73448e-05,0.000136724,2
13190,13195,13192.5,1.36724e-05,6.8362e-05,1
13210,13215,13212.5,1.36724e-05,6.8362e-05,1
13225,13230,13227.5,1.36724e-05,6.8362e-05,1
13230,13235,13232.5,2.73448e-05,0.000136724,2
13255,13260,13257.5,2.73448e-05,0.000136724,2
13275,13280,13277.5,1.36724e-05,6.8362e-05,1
13285,13290,13287.5,1.36724e-05,6.8362e-05,1
13290,13295,13292.5,1.36724e-05,6.8362e-05,1
13320,13325,13322.5,1.36724e-05,6.8362e-05,1
13325,13330,13327.5,1.36724e-05,6.8362e-05,1
13345,13350,13347.5,1.36724e-05,6.8362e-05,1
13365,13370,13367.5,2.73448e-05,0.000136724,2
13420,13425,13422.5,1.36724e-05,6.8362e-05,1
13430,13435,13432.5,1.36724e-05,6.8362e-05,1
13440,13445,13442.5,1.36724e-05,6.8362e-05,1
13445,13450,13447.5,2.73448e-05,0.000136724,2
13450,13455,13452.5,1.36724e-05,6.8362e-05,1
13465,13470,13467.5,1.36724e-05,6.8362e-05,1
13475,13480,13477.5,1.36724e-05,6.8362e-05,1
13490,13495,13492.5,1.36724e-05,6.8362e-05,1
13530,13535,13532.5,1.36724e-05,6.8362e-05,1
13535,13540,13537.5,1.36724e-05,6.8362e-05,1
13540,13545,13542.5,2.73448e-05,0.000136724,2
13545,13550,13547.5,1.36724e-05,6.8362e-05,1
13555,13560,13557.5,1.36724e-05,6.8362e-05,1
13585,13590,13587.5,1.36724e-05,6.8362e-05,1
13600,13605,13602.5,1.36724e-05,6.8362e-05,1
13610,13615,13612.5,1.36724e-05,6.8362e-05,1
13615,13620,13617.5,1.36724e-05,6.8362e-05,1
13630,13635,13632.5,2.73448e-05,0.000136724,2
13635,13640,13637.5,1.36724e-05,6.8362e-05,1
13640,13645,13642.5,1.36724e-05,6.8362e-05,1
13700,13705,13702.5,2.73448e-05,0.000136724,2
13740,13745,13742.5,1.36724e-05,6.8362e-05,1
13750,13755,13752.5,1.36724e-05,6.8362e-05,1
13765,13770,13767.5,1.36724e-05,6.8362e-05,1
13785,13790,13787.5,2.73448e-05,0.000136724,2
13810,13815,13812.5,1.36724e-05,6.8362e-05,1
13830,13835,13832.5,1.36724e-05,6.8362e-05,1
13835,13840,13837.5,1.36724e-05,6.8362e-05,1
13840,13845,13842.5,1.36724e-05,6.8362e-05,1
13855,13860,13857.5,1.36724e-05,6.8362e-05,1
13860,13865,13862.5,1.36724e-05,6.8362e-05,1
13865,13870,13867.5,1.36724e-05,6.8362e-05,1
13870,13875,13872.5,1.36724e-05,6.8362e-05,1
13910,13915,13912.5,1.36724e-05,6.8362e-05,1
13915,13920,13917.5,2.73448e-05,0.000136724,2
13925,13930,13927.5,2.73448e-05,0.000136724,2
13975,13980,13977.5,1.36724e-05,6.8362e-05,1
14005,14010,14007.5,1.36724e-05,6.8362e-05,1
14025,14030,14027.5,1.36724e-05,6.8362e-05,1
14035,14040,14037.5,1.36724e-05,6.8362e-05,1
14090,14095,14092.5,1.36724e-05,6.8362e-05,1
14095,14100,14097.5,1.36724e-05,6.8362e-05,1
14125,14130,14127.5,1.36724e-05,6.8362e-05,1
14160,14165,14162.5,1.36724e-05,6.8362e-05,1
14165,14170,14167.5,2.73448e-05,0.000136724,2
14180,14185,14182.5,1.36724e-05,6.8362e-05,1
14185,14190,14187.5,1.36724e-05,6.8362e-05,1
14225,14230,14227.5,1.36724e-05,6.8362e-05,1
14235,14240,14237.5,2.73448e-05,0.000136724,2
14315,14320,14317.5,1.36724e-05,6.8362e-05,1
14320,14325,14322.5,1.36724e-05,6.8362e-05,1
14350,14355,14352.5,1.36724e-05,6.8362e-05,1
14385,14390,14387.5,1.36724e-05,6.8362e-05,1
14395,14400,14397.5,1.36724e-05,6.8362e-05,1
14400,14405,14402.5,4.10172e-05,0.000205086,3
14405,14410,14407.5,1.36724e-05,6.8362e-05,1
14430,14435,14432.5,1.36724e-05,6.8362e-05,1
14455,14460,14457.5,1.36724e-05,6.8362e-05,1
14460,14465,14462.5,1.36724e-05,6.8362e-05,1
14465,14470,14467.5,1.36724e-05,6.8362e-05,1
14470,14475,14472.5,1.36724e-05,6.8362e-05,1
14520,14525,14522.5,2.73448e-05,0.000136724,2
14560,14565,14562.5,1.36724e-05,6.8362e-05,1
14570,14575,14572.5,1.36724e-05,6.8362e-05,1
14575,14580,14577.5,1.36724e-05,6.8362e-05,1
14610,14615,14612.5,1.36724e-05,6.8362e-05,1
14620,14625,14622.5,1.36724e-05,6.8362e-05,1
14625,14630,14627.5,1.36724e-05,6.8362e-05,1
14665,14670,14667.5,1.36724e-05,6.8362e-05,1
14730,14735,14732.5,1.36724e-05,6.8362e-05,1
14760,14765,14762.5,1.36724e-05,6.8362e-05,1
14800,14805,14802.5,1.36724e-05,6.8362e-05,1
14825,14830,14827.5,2.73448e-05,0.000136724,2
14860,14865,14862.5,1.36724e-05,6.8362e-05,1
14870,14875,14872.5,2.73448e-05,0.000136724,2
14880,14885,14882.5,1.36724e-05,6.8362e-05,1
14885,14890,14887.5,1.36724e-05,6.8362e-05,1
14925,14930,14927.5,1.36724e-05,6.8362e-05,1
14935,14940,14937.5,1.36724e-05,6.8362e-05,1
14940,14945,14942.5,1.36724e-05,6.8362e-05,1
14960,14965,14962.5,1.36724e-05,6.8362e-05,1
14975,14980,14977.5,1.36724e-05,6.8362e-05,1
14995,15000,14997.5,2.73448e-05,0.000136724,2
15080,15085,15082.5,1.36724e-05,6.8362e-05,1
15090,15095,15092.5,1.36724e-05,6.8362e-05,1
15135,15140,15137.5,1.36724e-05,6.8362e-05,1
15170,15175,15172.5,1.36724e-05,6.8362e-05,1
15190,15195,15192.5,1.36724e-05,6.8362e-05,1
15220,15225,15222.5,1.36724e-05,6.8362e-05,1
15300,15305,15302.5,1.36724e-05,6.8362e-05,1
15320,15325,15322.5,1.36724e-05,6.8362e-05,1
15380,15385,15382.5,2.73448e-05,0.000136724,2
15400,15405,15402.5,1.36724e-05,6.8362e-05,1
15405,15410,15407.5,1.36724e-05,6.8362e-05,1
15410,15415,15412.5,1.36724e-05,6.8362e-05,1
15430,15435,15432.5,1.36724e-05,6.8362e-05,1
15440,15445,15442.5,1.36724e-05,6.8362e-05,1
15450,15455,15452.5,1.36724e-05,6.8362e-05,1
15465,15470,15467.5,1.36724e-05,6.8362e-05,1
15585,15590,15587.5,2.73448e-05,0.000136724,2
15605,15610,15607.5,1.36724e-05,6.8362e-05,1
15645,15650,15647.5,1.36724e-05,6.8362e-05,1
15650,15655,15652.5,1.36724e-05,6.8362e-05,1
15765,15770,15767.5,1.36724e-05,6.8362e-05,1
15785,15790,15787.5,1.36724e-05,6.8362e-05,1
15840,15845,15842.5,1.36724e-05,6.8362e-05,1
15925,15930,15927.5,1.36724e-05,6.8362e-05,1
15985,15990,15987.5,1.36724e-05,6.8362e-05,1
16015,16020,16017.5,1.36724e-05,6.8362e-05,1
16075,16080,16077.5,1.36724e-05,6.8362e-05,1
16085,16090,16087.5,2.73448e-05,0.000136724,2
16255,16260,16257.5,1.36724e-05,6.8362e-05,1
16270,16275,16272.5,1.36724e-05,6.8362e-05,1
16355,16360,16357.5,1.36724e-05,6.8362e-05,1
16415,16420,16417.5,1.36724e-05,6.8362e-05,1
16425,16430,16427.5,1.36724e-05,6.8362e-05,1
16445,16450,16447.5,1.36724e-05,6.8362e-05,1
16455,16460,16457.5,1.36724e-05,6.8362e-05,1
16490,16495,16492.5,1.36724e-05,6.8362e-05,1
16510,16515,16512.5,1.36724e-05,6.8362e-05,1
16565,16570,16567.5,1.36724e-05,6.8362e-05,1
16585,16590,16587.5,1.36724e-05,6.8362e-05,1
16590,16595,16592.5,1.36724e-05,6.8362e-05,1
16595,16600,16597.5,1.36724e-05,6.8362e-05,1
16730,16735,16732.5,1.36724e-05,6.8362e-05,1
16915,16920,16917.5,1.36724e-05,6.8362e-05,1
16970,16975,16972.5,1.36724e-05,6.8362e-05,1
17035,17040,17037.5,2.73448e-05,0.000136724,2
17050,17055,17052.5,1.36724e-05,6.8362e-05,1
17190,17195,17192.5,1.36724e-05,6.8362e-05,1
17350,17355,17352.5,1.36724e-05,6.8362e-05,1
17450,17455,17452.5,1.36724e-05,6.8362e-05,1
17500,17505,17502.5,1.36724e-05,6.8362e-05,1
17855,17860,17857.5,1.36724e-05,6.8362e-05,1
17880,17885,17882.5,1.36724e-05,6.8362e-05,1
18010,18015,18012.5,1.36724e-05,6.8362e-05,1
18140,18145,18142.5,1.36724e-05,6.8362e-05,1
18170,18175,18172.5,1.36724e-05,6.8362e-05,1
18205,18210,18207.5,1.36724e-05,6.8362e-05,1
18610,18615,18612.5,1.36724e-05,6.8362e-05,1
18715,18720,18717.5,1.36724e-05,6.8362e-05,1
18780,18785,18782.5,1.36724e-05,6.8362e-05,1
18855,18860,18857.5,1.36724e-05,6.8362e-05,1
18945,18950,18947.5,1.36724e-05,6.8362e-05,1
18970,18975,18972.5,1.36724e-05,6.8362e-05,1
19040,19045,19042.5,1.36724e-05,6.8362e-05,1
19260,19265,19262.5,1.36724e-05,6.8362e-05,1
VO Delay PDF CSV saved: scratch/delay_pdf/pedca_vo_delay_pdf.csv

P-EDCA STA Delay PDF CSV saved: scratch/delay_pdf/11be/adaptive_compare/best_k5_s3.csv
Legacy STA Delay PDF CSV saved: scratch/delay_pdf/11be/adaptive_compare/bestL_k5_s3.csv
--- EXTENDED_STATS_BEGIN ---
PEDCA_STA_SUCC_COUNT: 3085
PEDCA_STA_FAIL_COUNT: 60
PEDCA_STA_ZERO_RETX: 3084
LEGACY_STA_SUCC_COUNT: 11543
LEGACY_STA_FAIL_COUNT: 1673
LEGACY_STA_ZERO_RETX: 11542
PEDCA_STA_AVG_MAC_DELAY: 1858.47
PEDCA_STA_AVG_QUEUE_DELAY: 1582.56
PEDCA_STA_AVG_ACCESS_DELAY: 275.912
LEGACY_STA_AVG_MAC_DELAY: 2854.58
LEGACY_STA_AVG_QUEUE_DELAY: 2518.06
LEGACY_STA_AVG_ACCESS_DELAY: 336.52
--- EXTENDED_STATS_END ---
