[INFO] std::clog redirected to: scratch/delay_pdf/11be/adaptive_compare/best_k15_s3.log

--- Per-STA P-EDCA Detail ---
  STA0: DS-CTS=283 S2Entry=283 S2Tx=119 PedcaOK=119 EdcaOK=318 FailCTS=0 FailColl=0 FailExp=0 Defer=10
  STA1: DS-CTS=43 S2Entry=43 S2Tx=31 PedcaOK=31 EdcaOK=409 FailCTS=0 FailColl=0 FailExp=0 Defer=0
  STA2: DS-CTS=6 S2Entry=6 S2Tx=4 PedcaOK=4 EdcaOK=1 FailCTS=0 FailColl=0 FailExp=0 Defer=0
  STA3: DS-CTS=27 S2Entry=27 S2Tx=19 PedcaOK=19 EdcaOK=796 FailCTS=0 FailColl=0 FailExp=0 Defer=0
  STA4: DS-CTS=305 S2Entry=305 S2Tx=143 PedcaOK=142 EdcaOK=312 FailCTS=1 FailColl=0 FailExp=0 Defer=0
  STA5: DS-CTS=198 S2Entry=198 S2Tx=130 PedcaOK=129 EdcaOK=400 FailCTS=1 FailColl=0 FailExp=0 Defer=6
  STA6: DS-CTS=301 S2Entry=301 S2Tx=156 PedcaOK=156 EdcaOK=387 FailCTS=0 FailColl=0 FailExp=0 Defer=29
  STA7: DS-CTS=118 S2Entry=118 S2Tx=74 PedcaOK=74 EdcaOK=474 FailCTS=0 FailColl=0 FailExp=0 Defer=3
  STA8: DS-CTS=160 S2Entry=160 S2Tx=97 PedcaOK=97 EdcaOK=241 FailCTS=0 FailColl=0 FailExp=0 Defer=16
  STA9: DS-CTS=322 S2Entry=322 S2Tx=144 PedcaOK=144 EdcaOK=308 FailCTS=0 FailColl=0 FailExp=0 Defer=8
  STA10: DS-CTS=280 S2Entry=280 S2Tx=139 PedcaOK=137 EdcaOK=297 FailCTS=0 FailColl=2 FailExp=0 Defer=10
  STA11: DS-CTS=219 S2Entry=219 S2Tx=117 PedcaOK=117 EdcaOK=303 FailCTS=0 FailColl=0 FailExp=0 Defer=12
  STA12: DS-CTS=114 S2Entry=114 S2Tx=69 PedcaOK=69 EdcaOK=327 FailCTS=0 FailColl=0 FailExp=0 Defer=0
  STA13: DS-CTS=259 S2Entry=259 S2Tx=146 PedcaOK=145 EdcaOK=378 FailCTS=0 FailColl=1 FailExp=0 Defer=3
  STA14: DS-CTS=258 S2Entry=258 S2Tx=146 PedcaOK=146 EdcaOK=379 FailCTS=0 FailColl=0 FailExp=0 Defer=22

=== General Statistics ===
P-EDCA Ratio: 0.5
P-EDCA STAs: 15/30
P-EDCA Share (Avg Per-STA P-EDCA Tx/Total Tx): 27.1629 %
Avg P-EDCA Attempt Success Rate: 57.2151 %
Global P-EDCA Tx Success: 1529
Global EDCA Tx Success: 5330
Global P-EDCA Attempt (DS-CTS Sent): 2893

--- P-EDCA Detailed Trace ---
Stage 2 Entered: 2893
Stage 2 TX Started: 1534
P-EDCA Fail RTS No CTS: 2
P-EDCA Fail RTS Collision: 3
P-EDCA Fail Timing Expired: 0
P-EDCA Fail Deferral: 119
Total VO TX (P-EDCA+EDCA): 6859
Global P-EDCA Share: 22.2919 %
Global EDCA Share: 77.7081 %
Channel Idle Time (AP): 24.1642 % (1.69149e+06 us / 7e+06 us)
Total Successes:       14549
Total Failures:        1188
Total Retransmissions: 19

--- Per-AC Success Statistics ---
AC_BE:
  Successes:         23
  Throughput:        0.0262857 Mbps
  Packet Loss:       32.3529 %
  Avg Retx/MPDU:     0
  Avg Queue Delay:   -1.1093e+06 us (Enqueue->TxStart)
  Avg Access Delay:  1.14962e+06 us (TxStart->Ack)
  Avg MAC Delay:     40312.7 us (Total: Enqueue->Ack)

AC_VO:
  Successes:         14526
  Throughput:        16.6011 Mbps
  Packet Loss:       7.49538 %
  Avg Retx/MPDU:     0.001308
  Avg Queue Delay:   2325.44 us (Enqueue->TxStart)
  Avg Access Delay:  334.156 us (TxStart->Ack)
  Avg MAC Delay:     2659.59 us (Total: Enqueue->Ack)

--- Per-AC Failure Statistics ---
AC_BE Failures: 11
AC_VO Failures: 1177

--- Failure Reasons by AC ---
  AC_BE EXPIRED_LIFETIME: 11
  AC_VO RETRY_LIMIT: 1177


=== Extended P-EDCA vs Legacy Statistics ===

--- [Stat 1] Delay by STA Type ---
P-EDCA STAs (15 STAs):
  Successes:         7947
  Failures:          229
  Throughput:        9.08229 Mbps
  Packet Loss:       2.80088 %
  Avg Queue Delay:   2168.12 us
  Avg Access Delay:  326.547 us
  Avg MAC Delay:     2494.66 us
  Median MAC Delay:  1751 us
  P95 MAC Delay:     7449 us
  P99 MAC Delay:     12104 us
Legacy EDCA STAs (15 STAs):
  Successes:         6579
  Failures:          955
  Throughput:        7.51886 Mbps
  Packet Loss:       12.6759 %
  Avg Queue Delay:   2515.47 us
  Avg Access Delay:  343.347 us
  Avg MAC Delay:     2858.82 us
  Median MAC Delay:  1693 us
  P95 MAC Delay:     10213 us
  P99 MAC Delay:     14924 us

--- [Stat 2] Per-STA P-EDCA Attempt Count (DS-CTS Sent) ---
  STA0: 283 P-EDCA attempts
  STA1: 43 P-EDCA attempts
  STA2: 6 P-EDCA attempts
  STA3: 27 P-EDCA attempts
  STA4: 305 P-EDCA attempts
  STA5: 198 P-EDCA attempts
  STA6: 301 P-EDCA attempts
  STA7: 118 P-EDCA attempts
  STA8: 160 P-EDCA attempts
  STA9: 322 P-EDCA attempts
  STA10: 280 P-EDCA attempts
  STA11: 219 P-EDCA attempts
  STA12: 114 P-EDCA attempts
  STA13: 259 P-EDCA attempts
  STA14: 258 P-EDCA attempts
  Total: 2893 P-EDCA attempts across 15 P-EDCA STAs
  Avg per P-EDCA STA: 192.867

--- [Stat 3] P-EDCA One-Shot Success Probability ---
  P-EDCA Success / DS-CTS Sent:      1529 / 2893 = 52.8517 %
  P-EDCA Success / Stage2 TX Started: 1529 / 1534 = 99.6741 %  (given RTS was actually sent)

--- [Stat 4] EDCA One-Shot Success Ratio (0 retransmissions) ---
  Legacy STAs: 6569 / 6579 = 99.848 %
  P-EDCA STAs: 7938 / 7947 = 99.8867 %  (MAC-level, includes both P-EDCA and EDCA paths)

--- [Stat 5] P-EDCA Kickback-to-EDCA Probability ---
  Total P-EDCA Failures: 124 / 2893 DS-CTS = 4.28621 %
    RTS No CTS:       2 (0.0691324 %)
    RTS Collision:    3 (0.103699 %)
    Timing Expired:   0 (0 %)
    Deferral:         119 (4.11338 %)

--- [Stat 6] P-EDCA RTS Collision Probability ---
  RTS Collision / Stage2 TX Started: 3 / 1534 = 0.195567 %
  RTS Collision / DS-CTS Sent:       3 / 2893 = 0.103699 %

--- [Stat 7] P-EDCA Attempts per Successful P-EDCA TX ---
  DS-CTS Sent / P-EDCA Success: 2893 / 1529 = 1.89209 attempts/success
  Stage2 TX / P-EDCA Success:   1534 / 1529 = 1.00327 RTS/success

--- VO Delay PDF (MAC Delay) ---
bin_start_us,bin_end_us,bin_mid_us,pdf_per_us,probability,count
215,220,217.5,0.000151453,0.000757263,11
220,225,222.5,4.13052e-05,0.000206526,3
225,230,227.5,6.88421e-05,0.00034421,5
230,235,232.5,0.000110147,0.000550737,8
235,240,237.5,0.000165221,0.000826105,12
240,245,242.5,0.000123916,0.000619579,9
245,250,247.5,9.63789e-05,0.000481895,7
250,255,252.5,9.63789e-05,0.000481895,7
255,260,257.5,0.000151453,0.000757263,11
260,265,262.5,0.000110147,0.000550737,8
265,270,267.5,8.26105e-05,0.000413052,6
270,275,272.5,0.000110147,0.000550737,8
275,280,277.5,0.000151453,0.000757263,11
280,285,282.5,0.000192758,0.000963789,14
285,290,287.5,0.000151453,0.000757263,11
290,295,292.5,0.000110147,0.000550737,8
295,300,297.5,9.63789e-05,0.000481895,7
300,305,302.5,6.88421e-05,0.00034421,5
305,310,307.5,0.000123916,0.000619579,9
310,315,312.5,6.88421e-05,0.00034421,5
315,320,317.5,0.000165221,0.000826105,12
320,325,322.5,0.000110147,0.000550737,8
325,330,327.5,0.000192758,0.000963789,14
330,335,332.5,0.000110147,0.000550737,8
335,340,337.5,6.88421e-05,0.00034421,5
340,345,342.5,0.00100509,0.00502547,73
345,350,347.5,0.00205149,0.0102575,149
350,355,352.5,0.000853642,0.00426821,62
355,360,357.5,0.000550737,0.00275368,40
360,365,362.5,0.000647116,0.00323558,47
365,370,367.5,0.000592042,0.00296021,43
370,375,372.5,0.000660884,0.00330442,48
375,380,377.5,0.000330442,0.00165221,24
380,385,382.5,0.000206526,0.00103263,15
385,390,387.5,0.000275368,0.00137684,20
390,395,392.5,0.000330442,0.00165221,24
395,400,397.5,0.000413052,0.00206526,30
400,405,402.5,0.000371747,0.00185874,27
405,410,407.5,0.000247831,0.00123916,18
410,415,412.5,0.000357979,0.00178989,26
415,420,417.5,0.000330442,0.00165221,24
420,425,422.5,0.000192758,0.000963789,14
425,430,427.5,0.000316674,0.00158337,23
430,435,432.5,0.00034421,0.00172105,25
435,440,437.5,0.000302905,0.00151453,22
440,445,442.5,0.000302905,0.00151453,22
445,450,447.5,0.0002616,0.001308,19
450,455,452.5,0.015104,0.0755198,1097
455,460,457.5,0.000192758,0.000963789,14
460,465,462.5,0.000302905,0.00151453,22
465,470,467.5,0.000234063,0.00117032,17
470,475,472.5,0.0002616,0.001308,19
475,480,477.5,0.000440589,0.00220295,32
480,485,482.5,0.000371747,0.00185874,27
485,490,487.5,0.000357979,0.00178989,26
490,495,492.5,0.000316674,0.00158337,23
495,500,497.5,0.000247831,0.00123916,18
500,505,502.5,0.000468126,0.00234063,34
505,510,507.5,0.000247831,0.00123916,18
510,515,512.5,0.000316674,0.00158337,23
515,520,517.5,0.000302905,0.00151453,22
520,525,522.5,0.000316674,0.00158337,23
525,530,527.5,0.000302905,0.00151453,22
530,535,532.5,0.000316674,0.00158337,23
535,540,537.5,0.000399284,0.00199642,29
540,545,542.5,0.000192758,0.000963789,14
545,550,547.5,0.000399284,0.00199642,29
550,555,552.5,0.000371747,0.00185874,27
555,560,557.5,0.000275368,0.00137684,20
560,565,562.5,0.000578273,0.00289137,42
565,570,567.5,0.000220295,0.00110147,16
570,575,572.5,0.000385516,0.00192758,28
575,580,577.5,0.000302905,0.00151453,22
580,585,582.5,0.000399284,0.00199642,29
585,590,587.5,0.000192758,0.000963789,14
590,595,592.5,0.000440589,0.00220295,32
595,600,597.5,0.00034421,0.00172105,25
600,605,602.5,0.000564505,0.00282253,41
605,610,607.5,0.000275368,0.00137684,20
610,615,612.5,0.0002616,0.001308,19
615,620,617.5,0.000413052,0.00206526,30
620,625,622.5,0.000399284,0.00199642,29
625,630,627.5,0.000330442,0.00165221,24
630,635,632.5,0.000385516,0.00192758,28
635,640,637.5,0.000289137,0.00144568,21
640,645,642.5,0.0005232,0.002616,38
645,650,647.5,0.000481895,0.00240947,35
650,655,652.5,0.000357979,0.00178989,26
655,660,657.5,0.000316674,0.00158337,23
660,665,662.5,0.000289137,0.00144568,21
665,670,667.5,0.0002616,0.001308,19
670,675,672.5,0.00503924,0.0251962,366
675,680,677.5,0.000302905,0.00151453,22
680,685,682.5,0.000302905,0.00151453,22
685,690,687.5,0.000413052,0.00206526,30
690,695,692.5,0.0002616,0.001308,19
695,700,697.5,0.000247831,0.00123916,18
700,705,702.5,0.000330442,0.00165221,24
705,710,707.5,0.000110147,0.000550737,8
710,715,712.5,0.000234063,0.00117032,17
715,720,717.5,0.0002616,0.001308,19
720,725,722.5,0.0002616,0.001308,19
725,730,727.5,0.00034421,0.00172105,25
730,735,732.5,0.000330442,0.00165221,24
735,740,737.5,0.000316674,0.00158337,23
740,745,742.5,0.0002616,0.001308,19
745,750,747.5,0.000357979,0.00178989,26
750,755,752.5,0.0002616,0.001308,19
755,760,757.5,0.000302905,0.00151453,22
760,765,762.5,0.000220295,0.00110147,16
765,770,767.5,0.000220295,0.00110147,16
770,775,772.5,0.000234063,0.00117032,17
775,780,777.5,0.000275368,0.00137684,20
780,785,782.5,0.000413052,0.00206526,30
785,790,787.5,0.000206526,0.00103263,15
790,795,792.5,0.000289137,0.00144568,21
795,800,797.5,0.000220295,0.00110147,16
800,805,802.5,0.000165221,0.000826105,12
805,810,807.5,0.000178989,0.000894947,13
810,815,812.5,0.000178989,0.000894947,13
815,820,817.5,0.000165221,0.000826105,12
820,825,822.5,0.0002616,0.001308,19
825,830,827.5,0.000275368,0.00137684,20
830,835,832.5,0.000220295,0.00110147,16
835,840,837.5,0.000289137,0.00144568,21
840,845,842.5,0.000399284,0.00199642,29
845,850,847.5,0.000302905,0.00151453,22
850,855,852.5,0.000247831,0.00123916,18
855,860,857.5,0.000302905,0.00151453,22
860,865,862.5,0.00034421,0.00172105,25
865,870,867.5,0.000165221,0.000826105,12
870,875,872.5,0.000192758,0.000963789,14
875,880,877.5,0.000206526,0.00103263,15
880,885,882.5,0.000123916,0.000619579,9
885,890,887.5,0.000206526,0.00103263,15
890,895,892.5,0.000812337,0.00406168,59
895,900,897.5,0.000330442,0.00165221,24
900,905,902.5,0.000178989,0.000894947,13
905,910,907.5,0.000151453,0.000757263,11
910,915,912.5,0.000178989,0.000894947,13
915,920,917.5,0.0002616,0.001308,19
920,925,922.5,0.000206526,0.00103263,15
925,930,927.5,0.000206526,0.00103263,15
930,935,932.5,0.000165221,0.000826105,12
935,940,937.5,0.000192758,0.000963789,14
940,945,942.5,0.0002616,0.001308,19
945,950,947.5,0.000247831,0.00123916,18
950,955,952.5,0.000137684,0.000688421,10
955,960,957.5,0.000178989,0.000894947,13
960,965,962.5,0.000192758,0.000963789,14
965,970,967.5,0.000289137,0.00144568,21
970,975,972.5,0.000275368,0.00137684,20
975,980,977.5,0.000220295,0.00110147,16
980,985,982.5,0.000399284,0.00199642,29
985,990,987.5,0.000234063,0.00117032,17
990,995,992.5,0.00034421,0.00172105,25
995,1000,997.5,0.000289137,0.00144568,21
1000,1005,1002.5,0.000316674,0.00158337,23
1005,1010,1007.5,0.000247831,0.00123916,18
1010,1015,1012.5,0.000165221,0.000826105,12
1015,1020,1017.5,0.000192758,0.000963789,14
1020,1025,1022.5,0.000275368,0.00137684,20
1025,1030,1027.5,0.000316674,0.00158337,23
1030,1035,1032.5,0.000165221,0.000826105,12
1035,1040,1037.5,0.000192758,0.000963789,14
1040,1045,1042.5,0.000178989,0.000894947,13
1045,1050,1047.5,0.000316674,0.00158337,23
1050,1055,1052.5,0.000234063,0.00117032,17
1055,1060,1057.5,0.000192758,0.000963789,14
1060,1065,1062.5,0.000357979,0.00178989,26
1065,1070,1067.5,0.000275368,0.00137684,20
1070,1075,1072.5,0.000247831,0.00123916,18
1075,1080,1077.5,0.000330442,0.00165221,24
1080,1085,1082.5,0.000302905,0.00151453,22
1085,1090,1087.5,0.000220295,0.00110147,16
1090,1095,1092.5,0.000234063,0.00117032,17
1095,1100,1097.5,0.00034421,0.00172105,25
1100,1105,1102.5,0.000357979,0.00178989,26
1105,1110,1107.5,0.000206526,0.00103263,15
1110,1115,1112.5,0.000371747,0.00185874,27
1115,1120,1117.5,0.0002616,0.001308,19
1120,1125,1122.5,0.000220295,0.00110147,16
1125,1130,1127.5,0.000316674,0.00158337,23
1130,1135,1132.5,0.000178989,0.000894947,13
1135,1140,1137.5,0.000413052,0.00206526,30
1140,1145,1142.5,0.000220295,0.00110147,16
1145,1150,1147.5,0.000289137,0.00144568,21
1150,1155,1152.5,0.000247831,0.00123916,18
1155,1160,1157.5,0.00034421,0.00172105,25
1160,1165,1162.5,0.000399284,0.00199642,29
1165,1170,1167.5,0.000220295,0.00110147,16
1170,1175,1172.5,0.000289137,0.00144568,21
1175,1180,1177.5,0.000206526,0.00103263,15
1180,1185,1182.5,0.000234063,0.00117032,17
1185,1190,1187.5,0.000247831,0.00123916,18
1190,1195,1192.5,0.000165221,0.000826105,12
1195,1200,1197.5,0.0002616,0.001308,19
1200,1205,1202.5,0.00034421,0.00172105,25
1205,1210,1207.5,0.000247831,0.00123916,18
1210,1215,1212.5,0.000178989,0.000894947,13
1215,1220,1217.5,0.000330442,0.00165221,24
1220,1225,1222.5,0.000275368,0.00137684,20
1225,1230,1227.5,0.000302905,0.00151453,22
1230,1235,1232.5,0.000192758,0.000963789,14
1235,1240,1237.5,0.000289137,0.00144568,21
1240,1245,1242.5,0.000192758,0.000963789,14
1245,1250,1247.5,0.000165221,0.000826105,12
1250,1255,1252.5,0.000220295,0.00110147,16
1255,1260,1257.5,0.000275368,0.00137684,20
1260,1265,1262.5,0.000234063,0.00117032,17
1265,1270,1267.5,0.000206526,0.00103263,15
1270,1275,1272.5,0.000399284,0.00199642,29
1275,1280,1277.5,0.000220295,0.00110147,16
1280,1285,1282.5,0.000289137,0.00144568,21
1285,1290,1287.5,0.000234063,0.00117032,17
1290,1295,1292.5,0.0002616,0.001308,19
1295,1300,1297.5,0.000151453,0.000757263,11
1300,1305,1302.5,0.000165221,0.000826105,12
1305,1310,1307.5,0.000275368,0.00137684,20
1310,1315,1312.5,0.000192758,0.000963789,14
1315,1320,1317.5,0.000302905,0.00151453,22
1320,1325,1322.5,0.000247831,0.00123916,18
1325,1330,1327.5,0.000247831,0.00123916,18
1330,1335,1332.5,0.000413052,0.00206526,30
1335,1340,1337.5,0.0002616,0.001308,19
1340,1345,1342.5,0.000206526,0.00103263,15
1345,1350,1347.5,0.000151453,0.000757263,11
1350,1355,1352.5,0.000234063,0.00117032,17
1355,1360,1357.5,0.000110147,0.000550737,8
1360,1365,1362.5,0.000316674,0.00158337,23
1365,1370,1367.5,0.0002616,0.001308,19
1370,1375,1372.5,0.000151453,0.000757263,11
1375,1380,1377.5,0.000275368,0.00137684,20
1380,1385,1382.5,0.000302905,0.00151453,22
1385,1390,1387.5,0.000206526,0.00103263,15
1390,1395,1392.5,0.000165221,0.000826105,12
1395,1400,1397.5,0.000165221,0.000826105,12
1400,1405,1402.5,0.000247831,0.00123916,18
1405,1410,1407.5,0.000289137,0.00144568,21
1410,1415,1412.5,0.000220295,0.00110147,16
1415,1420,1417.5,0.000247831,0.00123916,18
1420,1425,1422.5,0.000330442,0.00165221,24
1425,1430,1427.5,0.000330442,0.00165221,24
1430,1435,1432.5,0.000316674,0.00158337,23
1435,1440,1437.5,0.000110147,0.000550737,8
1440,1445,1442.5,0.000275368,0.00137684,20
1445,1450,1447.5,0.000385516,0.00192758,28
1450,1455,1452.5,0.000178989,0.000894947,13
1455,1460,1457.5,0.000247831,0.00123916,18
1460,1465,1462.5,0.000137684,0.000688421,10
1465,1470,1467.5,0.000247831,0.00123916,18
1470,1475,1472.5,0.000151453,0.000757263,11
1475,1480,1477.5,0.0002616,0.001308,19
1480,1485,1482.5,0.000151453,0.000757263,11
1485,1490,1487.5,0.000234063,0.00117032,17
1490,1495,1492.5,0.000165221,0.000826105,12
1495,1500,1497.5,0.000192758,0.000963789,14
1500,1505,1502.5,0.000206526,0.00103263,15
1505,1510,1507.5,0.000275368,0.00137684,20
1510,1515,1512.5,0.000206526,0.00103263,15
1515,1520,1517.5,0.000178989,0.000894947,13
1520,1525,1522.5,0.000220295,0.00110147,16
1525,1530,1527.5,0.000192758,0.000963789,14
1530,1535,1532.5,0.000316674,0.00158337,23
1535,1540,1537.5,0.000234063,0.00117032,17
1540,1545,1542.5,0.000247831,0.00123916,18
1545,1550,1547.5,0.000234063,0.00117032,17
1550,1555,1552.5,0.000220295,0.00110147,16
1555,1560,1557.5,0.000289137,0.00144568,21
1560,1565,1562.5,0.000220295,0.00110147,16
1565,1570,1567.5,0.000178989,0.000894947,13
1570,1575,1572.5,0.000275368,0.00137684,20
1575,1580,1577.5,0.000151453,0.000757263,11
1580,1585,1582.5,0.000234063,0.00117032,17
1585,1590,1587.5,0.000206526,0.00103263,15
1590,1595,1592.5,0.000289137,0.00144568,21
1595,1600,1597.5,0.0002616,0.001308,19
1600,1605,1602.5,0.000178989,0.000894947,13
1605,1610,1607.5,0.000275368,0.00137684,20
1610,1615,1612.5,0.000192758,0.000963789,14
1615,1620,1617.5,0.000178989,0.000894947,13
1620,1625,1622.5,0.000247831,0.00123916,18
1625,1630,1627.5,0.000247831,0.00123916,18
1630,1635,1632.5,0.000137684,0.000688421,10
1635,1640,1637.5,0.000247831,0.00123916,18
1640,1645,1642.5,0.000123916,0.000619579,9
1645,1650,1647.5,0.000234063,0.00117032,17
1650,1655,1652.5,0.000137684,0.000688421,10
1655,1660,1657.5,0.000206526,0.00103263,15
1660,1665,1662.5,0.000178989,0.000894947,13
1665,1670,1667.5,0.000220295,0.00110147,16
1670,1675,1672.5,0.000165221,0.000826105,12
1675,1680,1677.5,0.000165221,0.000826105,12
1680,1685,1682.5,0.000165221,0.000826105,12
1685,1690,1687.5,0.000206526,0.00103263,15
1690,1695,1692.5,0.000165221,0.000826105,12
1695,1700,1697.5,0.000123916,0.000619579,9
1700,1705,1702.5,0.000137684,0.000688421,10
1705,1710,1707.5,0.000137684,0.000688421,10
1710,1715,1712.5,0.000220295,0.00110147,16
1715,1720,1717.5,0.0002616,0.001308,19
1720,1725,1722.5,8.26105e-05,0.000413052,6
1725,1730,1727.5,0.000220295,0.00110147,16
1730,1735,1732.5,0.000234063,0.00117032,17
1735,1740,1737.5,0.000137684,0.000688421,10
1740,1745,1742.5,0.000220295,0.00110147,16
1745,1750,1747.5,6.88421e-05,0.00034421,5
1750,1755,1752.5,0.000220295,0.00110147,16
1755,1760,1757.5,0.000220295,0.00110147,16
1760,1765,1762.5,0.000289137,0.00144568,21
1765,1770,1767.5,0.000206526,0.00103263,15
1770,1775,1772.5,0.000151453,0.000757263,11
1775,1780,1777.5,0.000234063,0.00117032,17
1780,1785,1782.5,0.000247831,0.00123916,18
1785,1790,1787.5,0.0002616,0.001308,19
1790,1795,1792.5,0.000234063,0.00117032,17
1795,1800,1797.5,0.000234063,0.00117032,17
1800,1805,1802.5,0.000137684,0.000688421,10
1805,1810,1807.5,0.0002616,0.001308,19
1810,1815,1812.5,0.000165221,0.000826105,12
1815,1820,1817.5,0.0002616,0.001308,19
1820,1825,1822.5,0.000110147,0.000550737,8
1825,1830,1827.5,0.000247831,0.00123916,18
1830,1835,1832.5,0.000165221,0.000826105,12
1835,1840,1837.5,0.000137684,0.000688421,10
1840,1845,1842.5,0.000206526,0.00103263,15
1845,1850,1847.5,0.000137684,0.000688421,10
1850,1855,1852.5,0.000151453,0.000757263,11
1855,1860,1857.5,0.000178989,0.000894947,13
1860,1865,1862.5,0.000192758,0.000963789,14
1865,1870,1867.5,0.000220295,0.00110147,16
1870,1875,1872.5,0.000178989,0.000894947,13
1875,1880,1877.5,0.000275368,0.00137684,20
1880,1885,1882.5,0.000110147,0.000550737,8
1885,1890,1887.5,0.000275368,0.00137684,20
1890,1895,1892.5,0.000165221,0.000826105,12
1895,1900,1897.5,0.000302905,0.00151453,22
1900,1905,1902.5,0.000165221,0.000826105,12
1905,1910,1907.5,0.000206526,0.00103263,15
1910,1915,1912.5,0.000137684,0.000688421,10
1915,1920,1917.5,0.000110147,0.000550737,8
1920,1925,1922.5,0.000192758,0.000963789,14
1925,1930,1927.5,0.000151453,0.000757263,11
1930,1935,1932.5,0.000151453,0.000757263,11
1935,1940,1937.5,0.000165221,0.000826105,12
1940,1945,1942.5,0.000192758,0.000963789,14
1945,1950,1947.5,0.000123916,0.000619579,9
1950,1955,1952.5,0.000137684,0.000688421,10
1955,1960,1957.5,0.000151453,0.000757263,11
1960,1965,1962.5,0.000192758,0.000963789,14
1965,1970,1967.5,0.000192758,0.000963789,14
1970,1975,1972.5,0.000123916,0.000619579,9
1975,1980,1977.5,0.000123916,0.000619579,9
1980,1985,1982.5,0.000165221,0.000826105,12
1985,1990,1987.5,0.000151453,0.000757263,11
1990,1995,1992.5,0.000220295,0.00110147,16
1995,2000,1997.5,0.000165221,0.000826105,12
2000,2005,2002.5,0.000178989,0.000894947,13
2005,2010,2007.5,0.000206526,0.00103263,15
2010,2015,2012.5,0.000178989,0.000894947,13
2015,2020,2017.5,0.0002616,0.001308,19
2020,2025,2022.5,0.000110147,0.000550737,8
2025,2030,2027.5,0.000165221,0.000826105,12
2030,2035,2032.5,0.000123916,0.000619579,9
2035,2040,2037.5,0.000178989,0.000894947,13
2040,2045,2042.5,0.000192758,0.000963789,14
2045,2050,2047.5,0.000123916,0.000619579,9
2050,2055,2052.5,0.000123916,0.000619579,9
2055,2060,2057.5,0.000165221,0.000826105,12
2060,2065,2062.5,0.000137684,0.000688421,10
2065,2070,2067.5,0.000206526,0.00103263,15
2070,2075,2072.5,0.000165221,0.000826105,12
2075,2080,2077.5,0.000137684,0.000688421,10
2080,2085,2082.5,0.000247831,0.00123916,18
2085,2090,2087.5,0.000165221,0.000826105,12
2090,2095,2092.5,0.000316674,0.00158337,23
2095,2100,2097.5,0.000206526,0.00103263,15
2100,2105,2102.5,0.000178989,0.000894947,13
2105,2110,2107.5,0.000123916,0.000619579,9
2110,2115,2112.5,0.000151453,0.000757263,11
2115,2120,2117.5,0.000123916,0.000619579,9
2120,2125,2122.5,0.000178989,0.000894947,13
2125,2130,2127.5,0.000110147,0.000550737,8
2130,2135,2132.5,0.000110147,0.000550737,8
2135,2140,2137.5,0.000137684,0.000688421,10
2140,2145,2142.5,0.000178989,0.000894947,13
2145,2150,2147.5,0.000192758,0.000963789,14
2150,2155,2152.5,0.000151453,0.000757263,11
2155,2160,2157.5,0.000178989,0.000894947,13
2160,2165,2162.5,0.000220295,0.00110147,16
2165,2170,2167.5,0.000151453,0.000757263,11
2170,2175,2172.5,0.000123916,0.000619579,9
2175,2180,2177.5,0.000206526,0.00103263,15
2180,2185,2182.5,0.000123916,0.000619579,9
2185,2190,2187.5,5.50737e-05,0.000275368,4
2190,2195,2192.5,0.000123916,0.000619579,9
2195,2200,2197.5,0.000178989,0.000894947,13
2200,2205,2202.5,0.000192758,0.000963789,14
2205,2210,2207.5,0.000110147,0.000550737,8
2210,2215,2212.5,0.000220295,0.00110147,16
2215,2220,2217.5,0.000192758,0.000963789,14
2220,2225,2222.5,9.63789e-05,0.000481895,7
2225,2230,2227.5,0.000151453,0.000757263,11
2230,2235,2232.5,5.50737e-05,0.000275368,4
2235,2240,2237.5,0.000151453,0.000757263,11
2240,2245,2242.5,0.000165221,0.000826105,12
2245,2250,2247.5,0.000151453,0.000757263,11
2250,2255,2252.5,0.0002616,0.001308,19
2255,2260,2257.5,0.000137684,0.000688421,10
2260,2265,2262.5,0.000192758,0.000963789,14
2265,2270,2267.5,6.88421e-05,0.00034421,5
2270,2275,2272.5,9.63789e-05,0.000481895,7
2275,2280,2277.5,0.000178989,0.000894947,13
2280,2285,2282.5,0.000110147,0.000550737,8
2285,2290,2287.5,0.000165221,0.000826105,12
2290,2295,2292.5,0.000206526,0.00103263,15
2295,2300,2297.5,0.000192758,0.000963789,14
2300,2305,2302.5,0.000151453,0.000757263,11
2305,2310,2307.5,9.63789e-05,0.000481895,7
2310,2315,2312.5,9.63789e-05,0.000481895,7
2315,2320,2317.5,0.000110147,0.000550737,8
2320,2325,2322.5,9.63789e-05,0.000481895,7
2325,2330,2327.5,9.63789e-05,0.000481895,7
2330,2335,2332.5,8.26105e-05,0.000413052,6
2335,2340,2337.5,0.000165221,0.000826105,12
2340,2345,2342.5,9.63789e-05,0.000481895,7
2345,2350,2347.5,0.000178989,0.000894947,13
2350,2355,2352.5,0.000192758,0.000963789,14
2355,2360,2357.5,0.000110147,0.000550737,8
2360,2365,2362.5,0.000137684,0.000688421,10
2365,2370,2367.5,2.75368e-05,0.000137684,2
2370,2375,2372.5,0.000165221,0.000826105,12
2375,2380,2377.5,0.000123916,0.000619579,9
2380,2385,2382.5,0.000165221,0.000826105,12
2385,2390,2387.5,0.000151453,0.000757263,11
2390,2395,2392.5,0.000220295,0.00110147,16
2395,2400,2397.5,5.50737e-05,0.000275368,4
2400,2405,2402.5,0.000165221,0.000826105,12
2405,2410,2407.5,0.000151453,0.000757263,11
2410,2415,2412.5,0.000178989,0.000894947,13
2415,2420,2417.5,0.000151453,0.000757263,11
2420,2425,2422.5,0.000123916,0.000619579,9
2425,2430,2427.5,0.000206526,0.00103263,15
2430,2435,2432.5,0.000137684,0.000688421,10
2435,2440,2437.5,0.000137684,0.000688421,10
2440,2445,2442.5,0.000192758,0.000963789,14
2445,2450,2447.5,0.000192758,0.000963789,14
2450,2455,2452.5,0.000192758,0.000963789,14
2455,2460,2457.5,0.000110147,0.000550737,8
2460,2465,2462.5,0.000178989,0.000894947,13
2465,2470,2467.5,0.000123916,0.000619579,9
2470,2475,2472.5,9.63789e-05,0.000481895,7
2475,2480,2477.5,6.88421e-05,0.00034421,5
2480,2485,2482.5,6.88421e-05,0.00034421,5
2485,2490,2487.5,0.000151453,0.000757263,11
2490,2495,2492.5,0.000110147,0.000550737,8
2495,2500,2497.5,0.000110147,0.000550737,8
2500,2505,2502.5,0.000151453,0.000757263,11
2505,2510,2507.5,0.000137684,0.000688421,10
2510,2515,2512.5,0.000151453,0.000757263,11
2515,2520,2517.5,0.000123916,0.000619579,9
2520,2525,2522.5,0.000137684,0.000688421,10
2525,2530,2527.5,2.75368e-05,0.000137684,2
2530,2535,2532.5,0.000165221,0.000826105,12
2535,2540,2537.5,0.000192758,0.000963789,14
2540,2545,2542.5,0.000206526,0.00103263,15
2545,2550,2547.5,0.000192758,0.000963789,14
2550,2555,2552.5,0.000220295,0.00110147,16
2555,2560,2557.5,6.88421e-05,0.00034421,5
2560,2565,2562.5,0.000151453,0.000757263,11
2565,2570,2567.5,9.63789e-05,0.000481895,7
2570,2575,2572.5,8.26105e-05,0.000413052,6
2575,2580,2577.5,0.000137684,0.000688421,10
2580,2585,2582.5,0.000151453,0.000757263,11
2585,2590,2587.5,0.000123916,0.000619579,9
2590,2595,2592.5,0.000137684,0.000688421,10
2595,2600,2597.5,0.000206526,0.00103263,15
2600,2605,2602.5,0.000206526,0.00103263,15
2605,2610,2607.5,6.88421e-05,0.00034421,5
2610,2615,2612.5,9.63789e-05,0.000481895,7
2615,2620,2617.5,0.000137684,0.000688421,10
2620,2625,2622.5,0.000192758,0.000963789,14
2625,2630,2627.5,9.63789e-05,0.000481895,7
2630,2635,2632.5,0.000151453,0.000757263,11
2635,2640,2637.5,0.000165221,0.000826105,12
2640,2645,2642.5,0.000110147,0.000550737,8
2645,2650,2647.5,0.000165221,0.000826105,12
2650,2655,2652.5,0.000151453,0.000757263,11
2655,2660,2657.5,0.000192758,0.000963789,14
2660,2665,2662.5,0.000151453,0.000757263,11
2665,2670,2667.5,0.000110147,0.000550737,8
2670,2675,2672.5,0.000137684,0.000688421,10
2675,2680,2677.5,0.000151453,0.000757263,11
2680,2685,2682.5,0.000192758,0.000963789,14
2685,2690,2687.5,0.000137684,0.000688421,10
2690,2695,2692.5,0.000137684,0.000688421,10
2695,2700,2697.5,0.000151453,0.000757263,11
2700,2705,2702.5,0.000137684,0.000688421,10
2705,2710,2707.5,0.000151453,0.000757263,11
2710,2715,2712.5,0.000110147,0.000550737,8
2715,2720,2717.5,0.000178989,0.000894947,13
2720,2725,2722.5,0.000165221,0.000826105,12
2725,2730,2727.5,0.000110147,0.000550737,8
2730,2735,2732.5,0.000137684,0.000688421,10
2735,2740,2737.5,0.000137684,0.000688421,10
2740,2745,2742.5,0.000151453,0.000757263,11
2745,2750,2747.5,0.000151453,0.000757263,11
2750,2755,2752.5,0.000151453,0.000757263,11
2755,2760,2757.5,0.000137684,0.000688421,10
2760,2765,2762.5,0.000123916,0.000619579,9
2765,2770,2767.5,0.000192758,0.000963789,14
2770,2775,2772.5,0.000123916,0.000619579,9
2775,2780,2777.5,8.26105e-05,0.000413052,6
2780,2785,2782.5,0.000137684,0.000688421,10
2785,2790,2787.5,0.000110147,0.000550737,8
2790,2795,2792.5,0.000123916,0.000619579,9
2795,2800,2797.5,6.88421e-05,0.00034421,5
2800,2805,2802.5,0.000178989,0.000894947,13
2805,2810,2807.5,0.000110147,0.000550737,8
2810,2815,2812.5,9.63789e-05,0.000481895,7
2815,2820,2817.5,0.000192758,0.000963789,14
2820,2825,2822.5,8.26105e-05,0.000413052,6
2825,2830,2827.5,0.000151453,0.000757263,11
2830,2835,2832.5,6.88421e-05,0.00034421,5
2835,2840,2837.5,8.26105e-05,0.000413052,6
2840,2845,2842.5,8.26105e-05,0.000413052,6
2845,2850,2847.5,0.000178989,0.000894947,13
2850,2855,2852.5,9.63789e-05,0.000481895,7
2855,2860,2857.5,9.63789e-05,0.000481895,7
2860,2865,2862.5,0.000110147,0.000550737,8
2865,2870,2867.5,0.000151453,0.000757263,11
2870,2875,2872.5,0.000165221,0.000826105,12
2875,2880,2877.5,0.000137684,0.000688421,10
2880,2885,2882.5,0.000151453,0.000757263,11
2885,2890,2887.5,0.000178989,0.000894947,13
2890,2895,2892.5,0.000178989,0.000894947,13
2895,2900,2897.5,0.000165221,0.000826105,12
2900,2905,2902.5,9.63789e-05,0.000481895,7
2905,2910,2907.5,0.000151453,0.000757263,11
2910,2915,2912.5,6.88421e-05,0.00034421,5
2915,2920,2917.5,9.63789e-05,0.000481895,7
2920,2925,2922.5,0.000165221,0.000826105,12
2925,2930,2927.5,0.000137684,0.000688421,10
2930,2935,2932.5,0.000137684,0.000688421,10
2935,2940,2937.5,0.000110147,0.000550737,8
2940,2945,2942.5,6.88421e-05,0.00034421,5
2945,2950,2947.5,8.26105e-05,0.000413052,6
2950,2955,2952.5,8.26105e-05,0.000413052,6
2955,2960,2957.5,0.000192758,0.000963789,14
2960,2965,2962.5,8.26105e-05,0.000413052,6
2965,2970,2967.5,0.000220295,0.00110147,16
2970,2975,2972.5,8.26105e-05,0.000413052,6
2975,2980,2977.5,0.000192758,0.000963789,14
2980,2985,2982.5,0.000123916,0.000619579,9
2985,2990,2987.5,4.13052e-05,0.000206526,3
2990,2995,2992.5,8.26105e-05,0.000413052,6
2995,3000,2997.5,0.000123916,0.000619579,9
3000,3005,3002.5,0.000137684,0.000688421,10
3005,3010,3007.5,0.000206526,0.00103263,15
3010,3015,3012.5,9.63789e-05,0.000481895,7
3015,3020,3017.5,0.000123916,0.000619579,9
3020,3025,3022.5,0.000165221,0.000826105,12
3025,3030,3027.5,9.63789e-05,0.000481895,7
3030,3035,3032.5,0.000123916,0.000619579,9
3035,3040,3037.5,0.000123916,0.000619579,9
3040,3045,3042.5,0.000137684,0.000688421,10
3045,3050,3047.5,0.000234063,0.00117032,17
3050,3055,3052.5,0.000123916,0.000619579,9
3055,3060,3057.5,0.000123916,0.000619579,9
3060,3065,3062.5,0.000137684,0.000688421,10
3065,3070,3067.5,5.50737e-05,0.000275368,4
3070,3075,3072.5,9.63789e-05,0.000481895,7
3075,3080,3077.5,0.000110147,0.000550737,8
3080,3085,3082.5,0.000110147,0.000550737,8
3085,3090,3087.5,0.000123916,0.000619579,9
3090,3095,3092.5,5.50737e-05,0.000275368,4
3095,3100,3097.5,0.000123916,0.000619579,9
3100,3105,3102.5,0.000137684,0.000688421,10
3105,3110,3107.5,0.000151453,0.000757263,11
3110,3115,3112.5,8.26105e-05,0.000413052,6
3115,3120,3117.5,0.000137684,0.000688421,10
3120,3125,3122.5,0.000123916,0.000619579,9
3125,3130,3127.5,8.26105e-05,0.000413052,6
3130,3135,3132.5,9.63789e-05,0.000481895,7
3135,3140,3137.5,0.000137684,0.000688421,10
3140,3145,3142.5,9.63789e-05,0.000481895,7
3145,3150,3147.5,0.000178989,0.000894947,13
3150,3155,3152.5,0.000123916,0.000619579,9
3155,3160,3157.5,0.000151453,0.000757263,11
3160,3165,3162.5,0.000178989,0.000894947,13
3165,3170,3167.5,5.50737e-05,0.000275368,4
3170,3175,3172.5,0.000123916,0.000619579,9
3175,3180,3177.5,1.37684e-05,6.88421e-05,1
3180,3185,3182.5,9.63789e-05,0.000481895,7
3185,3190,3187.5,0.000220295,0.00110147,16
3190,3195,3192.5,0.000206526,0.00103263,15
3195,3200,3197.5,9.63789e-05,0.000481895,7
3200,3205,3202.5,0.000165221,0.000826105,12
3205,3210,3207.5,9.63789e-05,0.000481895,7
3210,3215,3212.5,9.63789e-05,0.000481895,7
3215,3220,3217.5,8.26105e-05,0.000413052,6
3220,3225,3222.5,5.50737e-05,0.000275368,4
3225,3230,3227.5,0.000206526,0.00103263,15
3230,3235,3232.5,0.000151453,0.000757263,11
3235,3240,3237.5,8.26105e-05,0.000413052,6
3240,3245,3242.5,0.000110147,0.000550737,8
3245,3250,3247.5,9.63789e-05,0.000481895,7
3250,3255,3252.5,0.000123916,0.000619579,9
3255,3260,3257.5,0.000234063,0.00117032,17
3260,3265,3262.5,0.000151453,0.000757263,11
3265,3270,3267.5,0.000137684,0.000688421,10
3270,3275,3272.5,0.000137684,0.000688421,10
3275,3280,3277.5,0.000123916,0.000619579,9
3280,3285,3282.5,0.000151453,0.000757263,11
3285,3290,3287.5,0.000165221,0.000826105,12
3290,3295,3292.5,0.000151453,0.000757263,11
3295,3300,3297.5,8.26105e-05,0.000413052,6
3300,3305,3302.5,0.000123916,0.000619579,9
3305,3310,3307.5,9.63789e-05,0.000481895,7
3310,3315,3312.5,9.63789e-05,0.000481895,7
3315,3320,3317.5,0.000123916,0.000619579,9
3320,3325,3322.5,9.63789e-05,0.000481895,7
3325,3330,3327.5,9.63789e-05,0.000481895,7
3330,3335,3332.5,9.63789e-05,0.000481895,7
3335,3340,3337.5,0.000110147,0.000550737,8
3340,3345,3342.5,6.88421e-05,0.00034421,5
3345,3350,3347.5,0.000178989,0.000894947,13
3350,3355,3352.5,0.000110147,0.000550737,8
3355,3360,3357.5,0.000165221,0.000826105,12
3360,3365,3362.5,0.000110147,0.000550737,8
3365,3370,3367.5,0.000165221,0.000826105,12
3370,3375,3372.5,9.63789e-05,0.000481895,7
3375,3380,3377.5,9.63789e-05,0.000481895,7
3380,3385,3382.5,0.000123916,0.000619579,9
3385,3390,3387.5,0.000110147,0.000550737,8
3390,3395,3392.5,0.000123916,0.000619579,9
3395,3400,3397.5,9.63789e-05,0.000481895,7
3400,3405,3402.5,9.63789e-05,0.000481895,7
3405,3410,3407.5,0.000151453,0.000757263,11
3410,3415,3412.5,9.63789e-05,0.000481895,7
3415,3420,3417.5,0.000192758,0.000963789,14
3420,3425,3422.5,0.000137684,0.000688421,10
3425,3430,3427.5,0.000110147,0.000550737,8
3430,3435,3432.5,0.000110147,0.000550737,8
3435,3440,3437.5,6.88421e-05,0.00034421,5
3440,3445,3442.5,6.88421e-05,0.00034421,5
3445,3450,3447.5,0.000178989,0.000894947,13
3450,3455,3452.5,8.26105e-05,0.000413052,6
3455,3460,3457.5,0.000110147,0.000550737,8
3460,3465,3462.5,9.63789e-05,0.000481895,7
3465,3470,3467.5,8.26105e-05,0.000413052,6
3470,3475,3472.5,0.000123916,0.000619579,9
3475,3480,3477.5,2.75368e-05,0.000137684,2
3480,3485,3482.5,0.000220295,0.00110147,16
3485,3490,3487.5,0.000178989,0.000894947,13
3490,3495,3492.5,0.000110147,0.000550737,8
3495,3500,3497.5,0.000151453,0.000757263,11
3500,3505,3502.5,0.000165221,0.000826105,12
3505,3510,3507.5,0.000123916,0.000619579,9
3510,3515,3512.5,0.000123916,0.000619579,9
3515,3520,3517.5,6.88421e-05,0.00034421,5
3520,3525,3522.5,0.000137684,0.000688421,10
3525,3530,3527.5,9.63789e-05,0.000481895,7
3530,3535,3532.5,0.000110147,0.000550737,8
3535,3540,3537.5,8.26105e-05,0.000413052,6
3540,3545,3542.5,8.26105e-05,0.000413052,6
3545,3550,3547.5,6.88421e-05,0.00034421,5
3550,3555,3552.5,0.000123916,0.000619579,9
3555,3560,3557.5,0.000137684,0.000688421,10
3560,3565,3562.5,5.50737e-05,0.000275368,4
3565,3570,3567.5,9.63789e-05,0.000481895,7
3570,3575,3572.5,9.63789e-05,0.000481895,7
3575,3580,3577.5,8.26105e-05,0.000413052,6
3580,3585,3582.5,8.26105e-05,0.000413052,6
3585,3590,3587.5,0.000165221,0.000826105,12
3590,3595,3592.5,0.000151453,0.000757263,11
3595,3600,3597.5,0.000123916,0.000619579,9
3600,3605,3602.5,8.26105e-05,0.000413052,6
3605,3610,3607.5,0.000165221,0.000826105,12
3610,3615,3612.5,0.000110147,0.000550737,8
3615,3620,3617.5,9.63789e-05,0.000481895,7
3620,3625,3622.5,0.000137684,0.000688421,10
3625,3630,3627.5,0.000123916,0.000619579,9
3630,3635,3632.5,9.63789e-05,0.000481895,7
3635,3640,3637.5,4.13052e-05,0.000206526,3
3640,3645,3642.5,0.000151453,0.000757263,11
3645,3650,3647.5,0.000137684,0.000688421,10
3650,3655,3652.5,0.000110147,0.000550737,8
3655,3660,3657.5,0.000151453,0.000757263,11
3660,3665,3662.5,8.26105e-05,0.000413052,6
3665,3670,3667.5,0.000110147,0.000550737,8
3670,3675,3672.5,5.50737e-05,0.000275368,4
3675,3680,3677.5,0.000123916,0.000619579,9
3680,3685,3682.5,8.26105e-05,0.000413052,6
3685,3690,3687.5,6.88421e-05,0.00034421,5
3690,3695,3692.5,0.000110147,0.000550737,8
3695,3700,3697.5,0.000110147,0.000550737,8
3700,3705,3702.5,0.000192758,0.000963789,14
3705,3710,3707.5,0.000151453,0.000757263,11
3710,3715,3712.5,0.000165221,0.000826105,12
3715,3720,3717.5,0.000151453,0.000757263,11
3720,3725,3722.5,6.88421e-05,0.00034421,5
3725,3730,3727.5,0.000110147,0.000550737,8
3730,3735,3732.5,9.63789e-05,0.000481895,7
3735,3740,3737.5,8.26105e-05,0.000413052,6
3740,3745,3742.5,8.26105e-05,0.000413052,6
3745,3750,3747.5,8.26105e-05,0.000413052,6
3750,3755,3752.5,5.50737e-05,0.000275368,4
3755,3760,3757.5,9.63789e-05,0.000481895,7
3760,3765,3762.5,0.000137684,0.000688421,10
3765,3770,3767.5,0.000178989,0.000894947,13
3770,3775,3772.5,0.000110147,0.000550737,8
3775,3780,3777.5,0.000178989,0.000894947,13
3780,3785,3782.5,6.88421e-05,0.00034421,5
3785,3790,3787.5,8.26105e-05,0.000413052,6
3790,3795,3792.5,0.000110147,0.000550737,8
3795,3800,3797.5,0.000123916,0.000619579,9
3800,3805,3802.5,6.88421e-05,0.00034421,5
3805,3810,3807.5,8.26105e-05,0.000413052,6
3810,3815,3812.5,9.63789e-05,0.000481895,7
3815,3820,3817.5,0.000137684,0.000688421,10
3820,3825,3822.5,8.26105e-05,0.000413052,6
3825,3830,3827.5,8.26105e-05,0.000413052,6
3830,3835,3832.5,0.000137684,0.000688421,10
3835,3840,3837.5,4.13052e-05,0.000206526,3
3840,3845,3842.5,6.88421e-05,0.00034421,5
3845,3850,3847.5,9.63789e-05,0.000481895,7
3850,3855,3852.5,0.000151453,0.000757263,11
3855,3860,3857.5,0.000220295,0.00110147,16
3860,3865,3862.5,6.88421e-05,0.00034421,5
3865,3870,3867.5,0.000110147,0.000550737,8
3870,3875,3872.5,2.75368e-05,0.000137684,2
3875,3880,3877.5,0.000110147,0.000550737,8
3880,3885,3882.5,0.000151453,0.000757263,11
3885,3890,3887.5,9.63789e-05,0.000481895,7
3890,3895,3892.5,0.000151453,0.000757263,11
3895,3900,3897.5,0.000123916,0.000619579,9
3900,3905,3902.5,9.63789e-05,0.000481895,7
3905,3910,3907.5,4.13052e-05,0.000206526,3
3910,3915,3912.5,0.000137684,0.000688421,10
3915,3920,3917.5,9.63789e-05,0.000481895,7
3920,3925,3922.5,9.63789e-05,0.000481895,7
3925,3930,3927.5,8.26105e-05,0.000413052,6
3930,3935,3932.5,9.63789e-05,0.000481895,7
3935,3940,3937.5,0.000123916,0.000619579,9
3940,3945,3942.5,8.26105e-05,0.000413052,6
3945,3950,3947.5,6.88421e-05,0.00034421,5
3950,3955,3952.5,9.63789e-05,0.000481895,7
3955,3960,3957.5,0.000192758,0.000963789,14
3960,3965,3962.5,9.63789e-05,0.000481895,7
3965,3970,3967.5,0.000123916,0.000619579,9
3970,3975,3972.5,0.000123916,0.000619579,9
3975,3980,3977.5,6.88421e-05,0.00034421,5
3980,3985,3982.5,6.88421e-05,0.00034421,5
3985,3990,3987.5,0.000110147,0.000550737,8
3990,3995,3992.5,9.63789e-05,0.000481895,7
3995,4000,3997.5,9.63789e-05,0.000481895,7
4000,4005,4002.5,9.63789e-05,0.000481895,7
4005,4010,4007.5,0.000192758,0.000963789,14
4010,4015,4012.5,0.000151453,0.000757263,11
4015,4020,4017.5,8.26105e-05,0.000413052,6
4020,4025,4022.5,9.63789e-05,0.000481895,7
4025,4030,4027.5,0.000165221,0.000826105,12
4030,4035,4032.5,0.000110147,0.000550737,8
4035,4040,4037.5,2.75368e-05,0.000137684,2
4040,4045,4042.5,0.000123916,0.000619579,9
4045,4050,4047.5,0.000110147,0.000550737,8
4050,4055,4052.5,9.63789e-05,0.000481895,7
4055,4060,4057.5,0.000151453,0.000757263,11
4060,4065,4062.5,9.63789e-05,0.000481895,7
4065,4070,4067.5,0.000151453,0.000757263,11
4070,4075,4072.5,4.13052e-05,0.000206526,3
4075,4080,4077.5,9.63789e-05,0.000481895,7
4080,4085,4082.5,9.63789e-05,0.000481895,7
4085,4090,4087.5,0.000137684,0.000688421,10
4090,4095,4092.5,0.000137684,0.000688421,10
4095,4100,4097.5,0.000178989,0.000894947,13
4100,4105,4102.5,0.000123916,0.000619579,9
4105,4110,4107.5,5.50737e-05,0.000275368,4
4110,4115,4112.5,0.000123916,0.000619579,9
4115,4120,4117.5,8.26105e-05,0.000413052,6
4120,4125,4122.5,2.75368e-05,0.000137684,2
4125,4130,4127.5,8.26105e-05,0.000413052,6
4130,4135,4132.5,9.63789e-05,0.000481895,7
4135,4140,4137.5,0.000123916,0.000619579,9
4140,4145,4142.5,6.88421e-05,0.00034421,5
4145,4150,4147.5,2.75368e-05,0.000137684,2
4150,4155,4152.5,6.88421e-05,0.00034421,5
4155,4160,4157.5,9.63789e-05,0.000481895,7
4160,4165,4162.5,0.000151453,0.000757263,11
4165,4170,4167.5,0.000110147,0.000550737,8
4170,4175,4172.5,5.50737e-05,0.000275368,4
4175,4180,4177.5,1.37684e-05,6.88421e-05,1
4180,4185,4182.5,8.26105e-05,0.000413052,6
4185,4190,4187.5,0.000110147,0.000550737,8
4190,4195,4192.5,8.26105e-05,0.000413052,6
4195,4200,4197.5,0.000110147,0.000550737,8
4200,4205,4202.5,8.26105e-05,0.000413052,6
4205,4210,4207.5,6.88421e-05,0.00034421,5
4210,4215,4212.5,0.000110147,0.000550737,8
4215,4220,4217.5,8.26105e-05,0.000413052,6
4220,4225,4222.5,0.000123916,0.000619579,9
4225,4230,4227.5,9.63789e-05,0.000481895,7
4230,4235,4232.5,0.000151453,0.000757263,11
4235,4240,4237.5,8.26105e-05,0.000413052,6
4240,4245,4242.5,4.13052e-05,0.000206526,3
4245,4250,4247.5,4.13052e-05,0.000206526,3
4250,4255,4252.5,9.63789e-05,0.000481895,7
4255,4260,4257.5,8.26105e-05,0.000413052,6
4260,4265,4262.5,6.88421e-05,0.00034421,5
4265,4270,4267.5,5.50737e-05,0.000275368,4
4270,4275,4272.5,6.88421e-05,0.00034421,5
4275,4280,4277.5,8.26105e-05,0.000413052,6
4280,4285,4282.5,8.26105e-05,0.000413052,6
4285,4290,4287.5,8.26105e-05,0.000413052,6
4290,4295,4292.5,0.000110147,0.000550737,8
4295,4300,4297.5,9.63789e-05,0.000481895,7
4300,4305,4302.5,9.63789e-05,0.000481895,7
4305,4310,4307.5,5.50737e-05,0.000275368,4
4310,4315,4312.5,0.000110147,0.000550737,8
4315,4320,4317.5,6.88421e-05,0.00034421,5
4320,4325,4322.5,2.75368e-05,0.000137684,2
4325,4330,4327.5,0.000220295,0.00110147,16
4330,4335,4332.5,0.000123916,0.000619579,9
4335,4340,4337.5,0.000137684,0.000688421,10
4340,4345,4342.5,9.63789e-05,0.000481895,7
4345,4350,4347.5,2.75368e-05,0.000137684,2
4350,4355,4352.5,2.75368e-05,0.000137684,2
4355,4360,4357.5,5.50737e-05,0.000275368,4
4360,4365,4362.5,6.88421e-05,0.00034421,5
4365,4370,4367.5,6.88421e-05,0.00034421,5
4370,4375,4372.5,0.000110147,0.000550737,8
4375,4380,4377.5,9.63789e-05,0.000481895,7
4380,4385,4382.5,0.000110147,0.000550737,8
4385,4390,4387.5,5.50737e-05,0.000275368,4
4390,4395,4392.5,2.75368e-05,0.000137684,2
4395,4400,4397.5,4.13052e-05,0.000206526,3
4400,4405,4402.5,4.13052e-05,0.000206526,3
4405,4410,4407.5,2.75368e-05,0.000137684,2
4410,4415,4412.5,4.13052e-05,0.000206526,3
4415,4420,4417.5,2.75368e-05,0.000137684,2
4420,4425,4422.5,1.37684e-05,6.88421e-05,1
4425,4430,4427.5,9.63789e-05,0.000481895,7
4430,4435,4432.5,4.13052e-05,0.000206526,3
4435,4440,4437.5,2.75368e-05,0.000137684,2
4440,4445,4442.5,0.000137684,0.000688421,10
4445,4450,4447.5,8.26105e-05,0.000413052,6
4450,4455,4452.5,6.88421e-05,0.00034421,5
4455,4460,4457.5,2.75368e-05,0.000137684,2
4460,4465,4462.5,9.63789e-05,0.000481895,7
4465,4470,4467.5,9.63789e-05,0.000481895,7
4470,4475,4472.5,4.13052e-05,0.000206526,3
4480,4485,4482.5,2.75368e-05,0.000137684,2
4485,4490,4487.5,6.88421e-05,0.00034421,5
4490,4495,4492.5,5.50737e-05,0.000275368,4
4495,4500,4497.5,6.88421e-05,0.00034421,5
4500,4505,4502.5,6.88421e-05,0.00034421,5
4505,4510,4507.5,1.37684e-05,6.88421e-05,1
4510,4515,4512.5,6.88421e-05,0.00034421,5
4515,4520,4517.5,4.13052e-05,0.000206526,3
4520,4525,4522.5,4.13052e-05,0.000206526,3
4525,4530,4527.5,8.26105e-05,0.000413052,6
4530,4535,4532.5,2.75368e-05,0.000137684,2
4535,4540,4537.5,1.37684e-05,6.88421e-05,1
4540,4545,4542.5,5.50737e-05,0.000275368,4
4545,4550,4547.5,2.75368e-05,0.000137684,2
4550,4555,4552.5,5.50737e-05,0.000275368,4
4555,4560,4557.5,9.63789e-05,0.000481895,7
4560,4565,4562.5,2.75368e-05,0.000137684,2
4565,4570,4567.5,4.13052e-05,0.000206526,3
4570,4575,4572.5,4.13052e-05,0.000206526,3
4575,4580,4577.5,4.13052e-05,0.000206526,3
4580,4585,4582.5,2.75368e-05,0.000137684,2
4585,4590,4587.5,1.37684e-05,6.88421e-05,1
4590,4595,4592.5,1.37684e-05,6.88421e-05,1
4595,4600,4597.5,5.50737e-05,0.000275368,4
4600,4605,4602.5,1.37684e-05,6.88421e-05,1
4605,4610,4607.5,1.37684e-05,6.88421e-05,1
4610,4615,4612.5,1.37684e-05,6.88421e-05,1
4620,4625,4622.5,8.26105e-05,0.000413052,6
4625,4630,4627.5,8.26105e-05,0.000413052,6
4630,4635,4632.5,8.26105e-05,0.000413052,6
4635,4640,4637.5,4.13052e-05,0.000206526,3
4645,4650,4647.5,4.13052e-05,0.000206526,3
4650,4655,4652.5,6.88421e-05,0.00034421,5
4655,4660,4657.5,4.13052e-05,0.000206526,3
4660,4665,4662.5,1.37684e-05,6.88421e-05,1
4665,4670,4667.5,5.50737e-05,0.000275368,4
4670,4675,4672.5,1.37684e-05,6.88421e-05,1
4680,4685,4682.5,8.26105e-05,0.000413052,6
4685,4690,4687.5,2.75368e-05,0.000137684,2
4690,4695,4692.5,1.37684e-05,6.88421e-05,1
4695,4700,4697.5,5.50737e-05,0.000275368,4
4700,4705,4702.5,1.37684e-05,6.88421e-05,1
4705,4710,4707.5,2.75368e-05,0.000137684,2
4710,4715,4712.5,1.37684e-05,6.88421e-05,1
4715,4720,4717.5,4.13052e-05,0.000206526,3
4720,4725,4722.5,5.50737e-05,0.000275368,4
4730,4735,4732.5,2.75368e-05,0.000137684,2
4735,4740,4737.5,5.50737e-05,0.000275368,4
4745,4750,4747.5,2.75368e-05,0.000137684,2
4750,4755,4752.5,2.75368e-05,0.000137684,2
4755,4760,4757.5,1.37684e-05,6.88421e-05,1
4760,4765,4762.5,2.75368e-05,0.000137684,2
4765,4770,4767.5,2.75368e-05,0.000137684,2
4770,4775,4772.5,5.50737e-05,0.000275368,4
4775,4780,4777.5,4.13052e-05,0.000206526,3
4780,4785,4782.5,4.13052e-05,0.000206526,3
4785,4790,4787.5,5.50737e-05,0.000275368,4
4790,4795,4792.5,6.88421e-05,0.00034421,5
4795,4800,4797.5,2.75368e-05,0.000137684,2
4800,4805,4802.5,2.75368e-05,0.000137684,2
4805,4810,4807.5,4.13052e-05,0.000206526,3
4810,4815,4812.5,2.75368e-05,0.000137684,2
4815,4820,4817.5,4.13052e-05,0.000206526,3
4820,4825,4822.5,1.37684e-05,6.88421e-05,1
4825,4830,4827.5,1.37684e-05,6.88421e-05,1
4830,4835,4832.5,1.37684e-05,6.88421e-05,1
4835,4840,4837.5,4.13052e-05,0.000206526,3
4840,4845,4842.5,4.13052e-05,0.000206526,3
4845,4850,4847.5,1.37684e-05,6.88421e-05,1
4850,4855,4852.5,1.37684e-05,6.88421e-05,1
4855,4860,4857.5,2.75368e-05,0.000137684,2
4860,4865,4862.5,2.75368e-05,0.000137684,2
4865,4870,4867.5,4.13052e-05,0.000206526,3
4870,4875,4872.5,2.75368e-05,0.000137684,2
4875,4880,4877.5,5.50737e-05,0.000275368,4
4880,4885,4882.5,6.88421e-05,0.00034421,5
4890,4895,4892.5,2.75368e-05,0.000137684,2
4895,4900,4897.5,6.88421e-05,0.00034421,5
4900,4905,4902.5,4.13052e-05,0.000206526,3
4905,4910,4907.5,2.75368e-05,0.000137684,2
4910,4915,4912.5,2.75368e-05,0.000137684,2
4915,4920,4917.5,4.13052e-05,0.000206526,3
4920,4925,4922.5,5.50737e-05,0.000275368,4
4925,4930,4927.5,2.75368e-05,0.000137684,2
4930,4935,4932.5,1.37684e-05,6.88421e-05,1
4935,4940,4937.5,0.000110147,0.000550737,8
4940,4945,4942.5,5.50737e-05,0.000275368,4
4945,4950,4947.5,2.75368e-05,0.000137684,2
4950,4955,4952.5,6.88421e-05,0.00034421,5
4955,4960,4957.5,1.37684e-05,6.88421e-05,1
4960,4965,4962.5,5.50737e-05,0.000275368,4
4965,4970,4967.5,2.75368e-05,0.000137684,2
4970,4975,4972.5,2.75368e-05,0.000137684,2
4980,4985,4982.5,2.75368e-05,0.000137684,2
4985,4990,4987.5,2.75368e-05,0.000137684,2
4990,4995,4992.5,4.13052e-05,0.000206526,3
4995,5000,4997.5,4.13052e-05,0.000206526,3
5005,5010,5007.5,6.88421e-05,0.00034421,5
5010,5015,5012.5,2.75368e-05,0.000137684,2
5015,5020,5017.5,2.75368e-05,0.000137684,2
5025,5030,5027.5,2.75368e-05,0.000137684,2
5030,5035,5032.5,8.26105e-05,0.000413052,6
5035,5040,5037.5,1.37684e-05,6.88421e-05,1
5040,5045,5042.5,5.50737e-05,0.000275368,4
5045,5050,5047.5,4.13052e-05,0.000206526,3
5050,5055,5052.5,2.75368e-05,0.000137684,2
5055,5060,5057.5,5.50737e-05,0.000275368,4
5060,5065,5062.5,1.37684e-05,6.88421e-05,1
5065,5070,5067.5,4.13052e-05,0.000206526,3
5070,5075,5072.5,2.75368e-05,0.000137684,2
5075,5080,5077.5,6.88421e-05,0.00034421,5
5080,5085,5082.5,5.50737e-05,0.000275368,4
5085,5090,5087.5,2.75368e-05,0.000137684,2
5090,5095,5092.5,2.75368e-05,0.000137684,2
5095,5100,5097.5,1.37684e-05,6.88421e-05,1
5100,5105,5102.5,2.75368e-05,0.000137684,2
5110,5115,5112.5,4.13052e-05,0.000206526,3
5115,5120,5117.5,4.13052e-05,0.000206526,3
5120,5125,5122.5,1.37684e-05,6.88421e-05,1
5125,5130,5127.5,5.50737e-05,0.000275368,4
5130,5135,5132.5,2.75368e-05,0.000137684,2
5135,5140,5137.5,4.13052e-05,0.000206526,3
5140,5145,5142.5,1.37684e-05,6.88421e-05,1
5145,5150,5147.5,1.37684e-05,6.88421e-05,1
5150,5155,5152.5,2.75368e-05,0.000137684,2
5155,5160,5157.5,4.13052e-05,0.000206526,3
5165,5170,5167.5,5.50737e-05,0.000275368,4
5170,5175,5172.5,2.75368e-05,0.000137684,2
5175,5180,5177.5,1.37684e-05,6.88421e-05,1
5180,5185,5182.5,6.88421e-05,0.00034421,5
5185,5190,5187.5,2.75368e-05,0.000137684,2
5190,5195,5192.5,4.13052e-05,0.000206526,3
5195,5200,5197.5,5.50737e-05,0.000275368,4
5200,5205,5202.5,4.13052e-05,0.000206526,3
5205,5210,5207.5,1.37684e-05,6.88421e-05,1
5210,5215,5212.5,2.75368e-05,0.000137684,2
5215,5220,5217.5,5.50737e-05,0.000275368,4
5220,5225,5222.5,5.50737e-05,0.000275368,4
5225,5230,5227.5,1.37684e-05,6.88421e-05,1
5230,5235,5232.5,1.37684e-05,6.88421e-05,1
5235,5240,5237.5,2.75368e-05,0.000137684,2
5240,5245,5242.5,1.37684e-05,6.88421e-05,1
5245,5250,5247.5,2.75368e-05,0.000137684,2
5250,5255,5252.5,1.37684e-05,6.88421e-05,1
5255,5260,5257.5,2.75368e-05,0.000137684,2
5260,5265,5262.5,1.37684e-05,6.88421e-05,1
5265,5270,5267.5,2.75368e-05,0.000137684,2
5270,5275,5272.5,8.26105e-05,0.000413052,6
5275,5280,5277.5,1.37684e-05,6.88421e-05,1
5280,5285,5282.5,1.37684e-05,6.88421e-05,1
5285,5290,5287.5,4.13052e-05,0.000206526,3
5290,5295,5292.5,2.75368e-05,0.000137684,2
5295,5300,5297.5,5.50737e-05,0.000275368,4
5300,5305,5302.5,4.13052e-05,0.000206526,3
5305,5310,5307.5,2.75368e-05,0.000137684,2
5315,5320,5317.5,2.75368e-05,0.000137684,2
5325,5330,5327.5,4.13052e-05,0.000206526,3
5330,5335,5332.5,1.37684e-05,6.88421e-05,1
5340,5345,5342.5,2.75368e-05,0.000137684,2
5345,5350,5347.5,4.13052e-05,0.000206526,3
5350,5355,5352.5,1.37684e-05,6.88421e-05,1
5355,5360,5357.5,4.13052e-05,0.000206526,3
5365,5370,5367.5,1.37684e-05,6.88421e-05,1
5375,5380,5377.5,2.75368e-05,0.000137684,2
5380,5385,5382.5,5.50737e-05,0.000275368,4
5385,5390,5387.5,2.75368e-05,0.000137684,2
5390,5395,5392.5,2.75368e-05,0.000137684,2
5395,5400,5397.5,4.13052e-05,0.000206526,3
5400,5405,5402.5,4.13052e-05,0.000206526,3
5405,5410,5407.5,1.37684e-05,6.88421e-05,1
5410,5415,5412.5,1.37684e-05,6.88421e-05,1
5415,5420,5417.5,2.75368e-05,0.000137684,2
5420,5425,5422.5,1.37684e-05,6.88421e-05,1
5425,5430,5427.5,5.50737e-05,0.000275368,4
5430,5435,5432.5,4.13052e-05,0.000206526,3
5435,5440,5437.5,1.37684e-05,6.88421e-05,1
5445,5450,5447.5,1.37684e-05,6.88421e-05,1
5450,5455,5452.5,1.37684e-05,6.88421e-05,1
5455,5460,5457.5,2.75368e-05,0.000137684,2
5460,5465,5462.5,1.37684e-05,6.88421e-05,1
5465,5470,5467.5,2.75368e-05,0.000137684,2
5470,5475,5472.5,1.37684e-05,6.88421e-05,1
5475,5480,5477.5,2.75368e-05,0.000137684,2
5480,5485,5482.5,5.50737e-05,0.000275368,4
5485,5490,5487.5,1.37684e-05,6.88421e-05,1
5495,5500,5497.5,2.75368e-05,0.000137684,2
5500,5505,5502.5,5.50737e-05,0.000275368,4
5505,5510,5507.5,1.37684e-05,6.88421e-05,1
5510,5515,5512.5,2.75368e-05,0.000137684,2
5515,5520,5517.5,2.75368e-05,0.000137684,2
5525,5530,5527.5,1.37684e-05,6.88421e-05,1
5530,5535,5532.5,2.75368e-05,0.000137684,2
5535,5540,5537.5,4.13052e-05,0.000206526,3
5540,5545,5542.5,1.37684e-05,6.88421e-05,1
5545,5550,5547.5,2.75368e-05,0.000137684,2
5550,5555,5552.5,6.88421e-05,0.00034421,5
5555,5560,5557.5,2.75368e-05,0.000137684,2
5560,5565,5562.5,5.50737e-05,0.000275368,4
5565,5570,5567.5,6.88421e-05,0.00034421,5
5570,5575,5572.5,5.50737e-05,0.000275368,4
5575,5580,5577.5,2.75368e-05,0.000137684,2
5580,5585,5582.5,9.63789e-05,0.000481895,7
5585,5590,5587.5,4.13052e-05,0.000206526,3
5590,5595,5592.5,1.37684e-05,6.88421e-05,1
5595,5600,5597.5,2.75368e-05,0.000137684,2
5600,5605,5602.5,4.13052e-05,0.000206526,3
5605,5610,5607.5,1.37684e-05,6.88421e-05,1
5610,5615,5612.5,4.13052e-05,0.000206526,3
5615,5620,5617.5,4.13052e-05,0.000206526,3
5625,5630,5627.5,2.75368e-05,0.000137684,2
5630,5635,5632.5,1.37684e-05,6.88421e-05,1
5640,5645,5642.5,5.50737e-05,0.000275368,4
5655,5660,5657.5,4.13052e-05,0.000206526,3
5660,5665,5662.5,2.75368e-05,0.000137684,2
5665,5670,5667.5,2.75368e-05,0.000137684,2
5670,5675,5672.5,4.13052e-05,0.000206526,3
5675,5680,5677.5,1.37684e-05,6.88421e-05,1
5680,5685,5682.5,1.37684e-05,6.88421e-05,1
5685,5690,5687.5,1.37684e-05,6.88421e-05,1
5690,5695,5692.5,1.37684e-05,6.88421e-05,1
5695,5700,5697.5,1.37684e-05,6.88421e-05,1
5700,5705,5702.5,4.13052e-05,0.000206526,3
5705,5710,5707.5,4.13052e-05,0.000206526,3
5710,5715,5712.5,2.75368e-05,0.000137684,2
5715,5720,5717.5,1.37684e-05,6.88421e-05,1
5720,5725,5722.5,1.37684e-05,6.88421e-05,1
5725,5730,5727.5,2.75368e-05,0.000137684,2
5730,5735,5732.5,1.37684e-05,6.88421e-05,1
5735,5740,5737.5,2.75368e-05,0.000137684,2
5740,5745,5742.5,1.37684e-05,6.88421e-05,1
5745,5750,5747.5,1.37684e-05,6.88421e-05,1
5750,5755,5752.5,5.50737e-05,0.000275368,4
5755,5760,5757.5,2.75368e-05,0.000137684,2
5760,5765,5762.5,4.13052e-05,0.000206526,3
5765,5770,5767.5,1.37684e-05,6.88421e-05,1
5770,5775,5772.5,1.37684e-05,6.88421e-05,1
5775,5780,5777.5,2.75368e-05,0.000137684,2
5780,5785,5782.5,2.75368e-05,0.000137684,2
5785,5790,5787.5,2.75368e-05,0.000137684,2
5790,5795,5792.5,2.75368e-05,0.000137684,2
5795,5800,5797.5,4.13052e-05,0.000206526,3
5800,5805,5802.5,4.13052e-05,0.000206526,3
5805,5810,5807.5,1.37684e-05,6.88421e-05,1
5810,5815,5812.5,1.37684e-05,6.88421e-05,1
5815,5820,5817.5,2.75368e-05,0.000137684,2
5820,5825,5822.5,1.37684e-05,6.88421e-05,1
5825,5830,5827.5,1.37684e-05,6.88421e-05,1
5835,5840,5837.5,5.50737e-05,0.000275368,4
5840,5845,5842.5,1.37684e-05,6.88421e-05,1
5845,5850,5847.5,5.50737e-05,0.000275368,4
5850,5855,5852.5,2.75368e-05,0.000137684,2
5855,5860,5857.5,1.37684e-05,6.88421e-05,1
5865,5870,5867.5,2.75368e-05,0.000137684,2
5870,5875,5872.5,1.37684e-05,6.88421e-05,1
5875,5880,5877.5,2.75368e-05,0.000137684,2
5880,5885,5882.5,1.37684e-05,6.88421e-05,1
5885,5890,5887.5,2.75368e-05,0.000137684,2
5890,5895,5892.5,1.37684e-05,6.88421e-05,1
5895,5900,5897.5,1.37684e-05,6.88421e-05,1
5900,5905,5902.5,2.75368e-05,0.000137684,2
5905,5910,5907.5,1.37684e-05,6.88421e-05,1
5910,5915,5912.5,1.37684e-05,6.88421e-05,1
5915,5920,5917.5,1.37684e-05,6.88421e-05,1
5925,5930,5927.5,4.13052e-05,0.000206526,3
5930,5935,5932.5,2.75368e-05,0.000137684,2
5940,5945,5942.5,5.50737e-05,0.000275368,4
5945,5950,5947.5,2.75368e-05,0.000137684,2
5950,5955,5952.5,6.88421e-05,0.00034421,5
5960,5965,5962.5,1.37684e-05,6.88421e-05,1
5965,5970,5967.5,4.13052e-05,0.000206526,3
5975,5980,5977.5,4.13052e-05,0.000206526,3
5980,5985,5982.5,2.75368e-05,0.000137684,2
5985,5990,5987.5,5.50737e-05,0.000275368,4
5990,5995,5992.5,4.13052e-05,0.000206526,3
5995,6000,5997.5,2.75368e-05,0.000137684,2
6000,6005,6002.5,1.37684e-05,6.88421e-05,1
6005,6010,6007.5,1.37684e-05,6.88421e-05,1
6010,6015,6012.5,4.13052e-05,0.000206526,3
6015,6020,6017.5,2.75368e-05,0.000137684,2
6020,6025,6022.5,5.50737e-05,0.000275368,4
6025,6030,6027.5,1.37684e-05,6.88421e-05,1
6030,6035,6032.5,2.75368e-05,0.000137684,2
6035,6040,6037.5,1.37684e-05,6.88421e-05,1
6045,6050,6047.5,1.37684e-05,6.88421e-05,1
6050,6055,6052.5,6.88421e-05,0.00034421,5
6055,6060,6057.5,2.75368e-05,0.000137684,2
6060,6065,6062.5,4.13052e-05,0.000206526,3
6065,6070,6067.5,1.37684e-05,6.88421e-05,1
6070,6075,6072.5,4.13052e-05,0.000206526,3
6075,6080,6077.5,2.75368e-05,0.000137684,2
6080,6085,6082.5,1.37684e-05,6.88421e-05,1
6085,6090,6087.5,2.75368e-05,0.000137684,2
6090,6095,6092.5,2.75368e-05,0.000137684,2
6095,6100,6097.5,2.75368e-05,0.000137684,2
6100,6105,6102.5,6.88421e-05,0.00034421,5
6105,6110,6107.5,4.13052e-05,0.000206526,3
6110,6115,6112.5,2.75368e-05,0.000137684,2
6115,6120,6117.5,1.37684e-05,6.88421e-05,1
6120,6125,6122.5,1.37684e-05,6.88421e-05,1
6125,6130,6127.5,2.75368e-05,0.000137684,2
6130,6135,6132.5,2.75368e-05,0.000137684,2
6135,6140,6137.5,2.75368e-05,0.000137684,2
6140,6145,6142.5,4.13052e-05,0.000206526,3
6145,6150,6147.5,4.13052e-05,0.000206526,3
6150,6155,6152.5,1.37684e-05,6.88421e-05,1
6155,6160,6157.5,1.37684e-05,6.88421e-05,1
6165,6170,6167.5,2.75368e-05,0.000137684,2
6170,6175,6172.5,2.75368e-05,0.000137684,2
6175,6180,6177.5,1.37684e-05,6.88421e-05,1
6180,6185,6182.5,2.75368e-05,0.000137684,2
6185,6190,6187.5,2.75368e-05,0.000137684,2
6190,6195,6192.5,2.75368e-05,0.000137684,2
6200,6205,6202.5,2.75368e-05,0.000137684,2
6205,6210,6207.5,4.13052e-05,0.000206526,3
6210,6215,6212.5,4.13052e-05,0.000206526,3
6220,6225,6222.5,1.37684e-05,6.88421e-05,1
6225,6230,6227.5,1.37684e-05,6.88421e-05,1
6230,6235,6232.5,1.37684e-05,6.88421e-05,1
6235,6240,6237.5,6.88421e-05,0.00034421,5
6240,6245,6242.5,4.13052e-05,0.000206526,3
6245,6250,6247.5,4.13052e-05,0.000206526,3
6250,6255,6252.5,1.37684e-05,6.88421e-05,1
6255,6260,6257.5,1.37684e-05,6.88421e-05,1
6260,6265,6262.5,4.13052e-05,0.000206526,3
6265,6270,6267.5,6.88421e-05,0.00034421,5
6270,6275,6272.5,1.37684e-05,6.88421e-05,1
6275,6280,6277.5,1.37684e-05,6.88421e-05,1
6280,6285,6282.5,1.37684e-05,6.88421e-05,1
6285,6290,6287.5,2.75368e-05,0.000137684,2
6290,6295,6292.5,2.75368e-05,0.000137684,2
6300,6305,6302.5,2.75368e-05,0.000137684,2
6305,6310,6307.5,5.50737e-05,0.000275368,4
6310,6315,6312.5,4.13052e-05,0.000206526,3
6315,6320,6317.5,1.37684e-05,6.88421e-05,1
6320,6325,6322.5,5.50737e-05,0.000275368,4
6325,6330,6327.5,4.13052e-05,0.000206526,3
6330,6335,6332.5,4.13052e-05,0.000206526,3
6335,6340,6337.5,1.37684e-05,6.88421e-05,1
6340,6345,6342.5,1.37684e-05,6.88421e-05,1
6345,6350,6347.5,1.37684e-05,6.88421e-05,1
6350,6355,6352.5,1.37684e-05,6.88421e-05,1
6360,6365,6362.5,1.37684e-05,6.88421e-05,1
6365,6370,6367.5,2.75368e-05,0.000137684,2
6370,6375,6372.5,2.75368e-05,0.000137684,2
6375,6380,6377.5,2.75368e-05,0.000137684,2
6385,6390,6387.5,6.88421e-05,0.00034421,5
6390,6395,6392.5,2.75368e-05,0.000137684,2
6395,6400,6397.5,6.88421e-05,0.00034421,5
6400,6405,6402.5,1.37684e-05,6.88421e-05,1
6405,6410,6407.5,2.75368e-05,0.000137684,2
6410,6415,6412.5,2.75368e-05,0.000137684,2
6415,6420,6417.5,1.37684e-05,6.88421e-05,1
6425,6430,6427.5,2.75368e-05,0.000137684,2
6430,6435,6432.5,1.37684e-05,6.88421e-05,1
6435,6440,6437.5,4.13052e-05,0.000206526,3
6440,6445,6442.5,1.37684e-05,6.88421e-05,1
6445,6450,6447.5,1.37684e-05,6.88421e-05,1
6450,6455,6452.5,1.37684e-05,6.88421e-05,1
6455,6460,6457.5,1.37684e-05,6.88421e-05,1
6460,6465,6462.5,2.75368e-05,0.000137684,2
6465,6470,6467.5,1.37684e-05,6.88421e-05,1
6470,6475,6472.5,1.37684e-05,6.88421e-05,1
6475,6480,6477.5,4.13052e-05,0.000206526,3
6480,6485,6482.5,1.37684e-05,6.88421e-05,1
6490,6495,6492.5,1.37684e-05,6.88421e-05,1
6495,6500,6497.5,4.13052e-05,0.000206526,3
6500,6505,6502.5,2.75368e-05,0.000137684,2
6510,6515,6512.5,4.13052e-05,0.000206526,3
6525,6530,6527.5,2.75368e-05,0.000137684,2
6530,6535,6532.5,1.37684e-05,6.88421e-05,1
6535,6540,6537.5,2.75368e-05,0.000137684,2
6540,6545,6542.5,5.50737e-05,0.000275368,4
6545,6550,6547.5,4.13052e-05,0.000206526,3
6550,6555,6552.5,4.13052e-05,0.000206526,3
6560,6565,6562.5,2.75368e-05,0.000137684,2
6565,6570,6567.5,2.75368e-05,0.000137684,2
6575,6580,6577.5,2.75368e-05,0.000137684,2
6580,6585,6582.5,2.75368e-05,0.000137684,2
6585,6590,6587.5,8.26105e-05,0.000413052,6
6590,6595,6592.5,1.37684e-05,6.88421e-05,1
6595,6600,6597.5,2.75368e-05,0.000137684,2
6600,6605,6602.5,2.75368e-05,0.000137684,2
6605,6610,6607.5,1.37684e-05,6.88421e-05,1
6610,6615,6612.5,2.75368e-05,0.000137684,2
6615,6620,6617.5,1.37684e-05,6.88421e-05,1
6625,6630,6627.5,2.75368e-05,0.000137684,2
6630,6635,6632.5,1.37684e-05,6.88421e-05,1
6635,6640,6637.5,4.13052e-05,0.000206526,3
6640,6645,6642.5,4.13052e-05,0.000206526,3
6645,6650,6647.5,2.75368e-05,0.000137684,2
6655,6660,6657.5,1.37684e-05,6.88421e-05,1
6660,6665,6662.5,2.75368e-05,0.000137684,2
6665,6670,6667.5,1.37684e-05,6.88421e-05,1
6670,6675,6672.5,2.75368e-05,0.000137684,2
6685,6690,6687.5,1.37684e-05,6.88421e-05,1
6690,6695,6692.5,1.37684e-05,6.88421e-05,1
6695,6700,6697.5,4.13052e-05,0.000206526,3
6710,6715,6712.5,2.75368e-05,0.000137684,2
6715,6720,6717.5,2.75368e-05,0.000137684,2
6720,6725,6722.5,1.37684e-05,6.88421e-05,1
6725,6730,6727.5,1.37684e-05,6.88421e-05,1
6730,6735,6732.5,2.75368e-05,0.000137684,2
6735,6740,6737.5,1.37684e-05,6.88421e-05,1
6740,6745,6742.5,1.37684e-05,6.88421e-05,1
6745,6750,6747.5,2.75368e-05,0.000137684,2
6750,6755,6752.5,1.37684e-05,6.88421e-05,1
6755,6760,6757.5,2.75368e-05,0.000137684,2
6765,6770,6767.5,4.13052e-05,0.000206526,3
6770,6775,6772.5,1.37684e-05,6.88421e-05,1
6775,6780,6777.5,2.75368e-05,0.000137684,2
6780,6785,6782.5,4.13052e-05,0.000206526,3
6785,6790,6787.5,2.75368e-05,0.000137684,2
6790,6795,6792.5,4.13052e-05,0.000206526,3
6795,6800,6797.5,4.13052e-05,0.000206526,3
6800,6805,6802.5,1.37684e-05,6.88421e-05,1
6805,6810,6807.5,4.13052e-05,0.000206526,3
6820,6825,6822.5,5.50737e-05,0.000275368,4
6825,6830,6827.5,1.37684e-05,6.88421e-05,1
6830,6835,6832.5,1.37684e-05,6.88421e-05,1
6835,6840,6837.5,6.88421e-05,0.00034421,5
6840,6845,6842.5,1.37684e-05,6.88421e-05,1
6850,6855,6852.5,1.37684e-05,6.88421e-05,1
6855,6860,6857.5,2.75368e-05,0.000137684,2
6860,6865,6862.5,4.13052e-05,0.000206526,3
6865,6870,6867.5,4.13052e-05,0.000206526,3
6870,6875,6872.5,1.37684e-05,6.88421e-05,1
6875,6880,6877.5,2.75368e-05,0.000137684,2
6885,6890,6887.5,2.75368e-05,0.000137684,2
6890,6895,6892.5,4.13052e-05,0.000206526,3
6895,6900,6897.5,2.75368e-05,0.000137684,2
6900,6905,6902.5,4.13052e-05,0.000206526,3
6905,6910,6907.5,1.37684e-05,6.88421e-05,1
6910,6915,6912.5,1.37684e-05,6.88421e-05,1
6915,6920,6917.5,2.75368e-05,0.000137684,2
6920,6925,6922.5,2.75368e-05,0.000137684,2
6930,6935,6932.5,1.37684e-05,6.88421e-05,1
6940,6945,6942.5,1.37684e-05,6.88421e-05,1
6945,6950,6947.5,1.37684e-05,6.88421e-05,1
6950,6955,6952.5,2.75368e-05,0.000137684,2
6955,6960,6957.5,1.37684e-05,6.88421e-05,1
6980,6985,6982.5,4.13052e-05,0.000206526,3
6985,6990,6987.5,1.37684e-05,6.88421e-05,1
6995,7000,6997.5,1.37684e-05,6.88421e-05,1
7000,7005,7002.5,4.13052e-05,0.000206526,3
7005,7010,7007.5,4.13052e-05,0.000206526,3
7010,7015,7012.5,2.75368e-05,0.000137684,2
7015,7020,7017.5,4.13052e-05,0.000206526,3
7020,7025,7022.5,2.75368e-05,0.000137684,2
7025,7030,7027.5,2.75368e-05,0.000137684,2
7030,7035,7032.5,1.37684e-05,6.88421e-05,1
7035,7040,7037.5,2.75368e-05,0.000137684,2
7040,7045,7042.5,2.75368e-05,0.000137684,2
7045,7050,7047.5,1.37684e-05,6.88421e-05,1
7055,7060,7057.5,2.75368e-05,0.000137684,2
7060,7065,7062.5,1.37684e-05,6.88421e-05,1
7065,7070,7067.5,4.13052e-05,0.000206526,3
7070,7075,7072.5,1.37684e-05,6.88421e-05,1
7075,7080,7077.5,1.37684e-05,6.88421e-05,1
7085,7090,7087.5,4.13052e-05,0.000206526,3
7095,7100,7097.5,1.37684e-05,6.88421e-05,1
7100,7105,7102.5,2.75368e-05,0.000137684,2
7105,7110,7107.5,1.37684e-05,6.88421e-05,1
7110,7115,7112.5,1.37684e-05,6.88421e-05,1
7120,7125,7122.5,2.75368e-05,0.000137684,2
7125,7130,7127.5,5.50737e-05,0.000275368,4
7130,7135,7132.5,1.37684e-05,6.88421e-05,1
7140,7145,7142.5,2.75368e-05,0.000137684,2
7150,7155,7152.5,5.50737e-05,0.000275368,4
7155,7160,7157.5,1.37684e-05,6.88421e-05,1
7165,7170,7167.5,1.37684e-05,6.88421e-05,1
7170,7175,7172.5,4.13052e-05,0.000206526,3
7175,7180,7177.5,4.13052e-05,0.000206526,3
7180,7185,7182.5,1.37684e-05,6.88421e-05,1
7185,7190,7187.5,2.75368e-05,0.000137684,2
7195,7200,7197.5,2.75368e-05,0.000137684,2
7205,7210,7207.5,1.37684e-05,6.88421e-05,1
7215,7220,7217.5,4.13052e-05,0.000206526,3
7225,7230,7227.5,4.13052e-05,0.000206526,3
7230,7235,7232.5,2.75368e-05,0.000137684,2
7235,7240,7237.5,2.75368e-05,0.000137684,2
7240,7245,7242.5,1.37684e-05,6.88421e-05,1
7250,7255,7252.5,8.26105e-05,0.000413052,6
7270,7275,7272.5,4.13052e-05,0.000206526,3
7275,7280,7277.5,1.37684e-05,6.88421e-05,1
7280,7285,7282.5,1.37684e-05,6.88421e-05,1
7285,7290,7287.5,1.37684e-05,6.88421e-05,1
7290,7295,7292.5,2.75368e-05,0.000137684,2
7295,7300,7297.5,1.37684e-05,6.88421e-05,1
7300,7305,7302.5,1.37684e-05,6.88421e-05,1
7305,7310,7307.5,1.37684e-05,6.88421e-05,1
7310,7315,7312.5,1.37684e-05,6.88421e-05,1
7315,7320,7317.5,2.75368e-05,0.000137684,2
7320,7325,7322.5,1.37684e-05,6.88421e-05,1
7325,7330,7327.5,2.75368e-05,0.000137684,2
7330,7335,7332.5,1.37684e-05,6.88421e-05,1
7340,7345,7342.5,1.37684e-05,6.88421e-05,1
7350,7355,7352.5,2.75368e-05,0.000137684,2
7355,7360,7357.5,1.37684e-05,6.88421e-05,1
7360,7365,7362.5,2.75368e-05,0.000137684,2
7365,7370,7367.5,1.37684e-05,6.88421e-05,1
7370,7375,7372.5,1.37684e-05,6.88421e-05,1
7385,7390,7387.5,2.75368e-05,0.000137684,2
7390,7395,7392.5,4.13052e-05,0.000206526,3
7395,7400,7397.5,4.13052e-05,0.000206526,3
7400,7405,7402.5,1.37684e-05,6.88421e-05,1
7410,7415,7412.5,1.37684e-05,6.88421e-05,1
7415,7420,7417.5,5.50737e-05,0.000275368,4
7420,7425,7422.5,1.37684e-05,6.88421e-05,1
7425,7430,7427.5,2.75368e-05,0.000137684,2
7435,7440,7437.5,1.37684e-05,6.88421e-05,1
7445,7450,7447.5,4.13052e-05,0.000206526,3
7450,7455,7452.5,6.88421e-05,0.00034421,5
7455,7460,7457.5,4.13052e-05,0.000206526,3
7465,7470,7467.5,4.13052e-05,0.000206526,3
7470,7475,7472.5,1.37684e-05,6.88421e-05,1
7480,7485,7482.5,2.75368e-05,0.000137684,2
7485,7490,7487.5,1.37684e-05,6.88421e-05,1
7490,7495,7492.5,2.75368e-05,0.000137684,2
7495,7500,7497.5,1.37684e-05,6.88421e-05,1
7500,7505,7502.5,1.37684e-05,6.88421e-05,1
7505,7510,7507.5,2.75368e-05,0.000137684,2
7510,7515,7512.5,1.37684e-05,6.88421e-05,1
7515,7520,7517.5,1.37684e-05,6.88421e-05,1
7520,7525,7522.5,5.50737e-05,0.000275368,4
7525,7530,7527.5,1.37684e-05,6.88421e-05,1
7530,7535,7532.5,2.75368e-05,0.000137684,2
7540,7545,7542.5,5.50737e-05,0.000275368,4
7545,7550,7547.5,2.75368e-05,0.000137684,2
7550,7555,7552.5,1.37684e-05,6.88421e-05,1
7555,7560,7557.5,2.75368e-05,0.000137684,2
7560,7565,7562.5,1.37684e-05,6.88421e-05,1
7565,7570,7567.5,2.75368e-05,0.000137684,2
7570,7575,7572.5,1.37684e-05,6.88421e-05,1
7575,7580,7577.5,2.75368e-05,0.000137684,2
7580,7585,7582.5,1.37684e-05,6.88421e-05,1
7585,7590,7587.5,1.37684e-05,6.88421e-05,1
7590,7595,7592.5,1.37684e-05,6.88421e-05,1
7595,7600,7597.5,4.13052e-05,0.000206526,3
7605,7610,7607.5,1.37684e-05,6.88421e-05,1
7610,7615,7612.5,1.37684e-05,6.88421e-05,1
7615,7620,7617.5,1.37684e-05,6.88421e-05,1
7625,7630,7627.5,2.75368e-05,0.000137684,2
7635,7640,7637.5,2.75368e-05,0.000137684,2
7650,7655,7652.5,1.37684e-05,6.88421e-05,1
7655,7660,7657.5,2.75368e-05,0.000137684,2
7660,7665,7662.5,1.37684e-05,6.88421e-05,1
7665,7670,7667.5,1.37684e-05,6.88421e-05,1
7670,7675,7672.5,2.75368e-05,0.000137684,2
7675,7680,7677.5,2.75368e-05,0.000137684,2
7680,7685,7682.5,1.37684e-05,6.88421e-05,1
7685,7690,7687.5,2.75368e-05,0.000137684,2
7690,7695,7692.5,2.75368e-05,0.000137684,2
7695,7700,7697.5,2.75368e-05,0.000137684,2
7700,7705,7702.5,1.37684e-05,6.88421e-05,1
7705,7710,7707.5,5.50737e-05,0.000275368,4
7710,7715,7712.5,2.75368e-05,0.000137684,2
7720,7725,7722.5,1.37684e-05,6.88421e-05,1
7725,7730,7727.5,2.75368e-05,0.000137684,2
7730,7735,7732.5,4.13052e-05,0.000206526,3
7735,7740,7737.5,2.75368e-05,0.000137684,2
7745,7750,7747.5,2.75368e-05,0.000137684,2
7755,7760,7757.5,4.13052e-05,0.000206526,3
7760,7765,7762.5,2.75368e-05,0.000137684,2
7765,7770,7767.5,1.37684e-05,6.88421e-05,1
7770,7775,7772.5,2.75368e-05,0.000137684,2
7785,7790,7787.5,2.75368e-05,0.000137684,2
7810,7815,7812.5,6.88421e-05,0.00034421,5
7815,7820,7817.5,2.75368e-05,0.000137684,2
7820,7825,7822.5,1.37684e-05,6.88421e-05,1
7825,7830,7827.5,1.37684e-05,6.88421e-05,1
7830,7835,7832.5,2.75368e-05,0.000137684,2
7840,7845,7842.5,6.88421e-05,0.00034421,5
7845,7850,7847.5,4.13052e-05,0.000206526,3
7850,7855,7852.5,1.37684e-05,6.88421e-05,1
7870,7875,7872.5,1.37684e-05,6.88421e-05,1
7880,7885,7882.5,1.37684e-05,6.88421e-05,1
7890,7895,7892.5,2.75368e-05,0.000137684,2
7895,7900,7897.5,1.37684e-05,6.88421e-05,1
7900,7905,7902.5,1.37684e-05,6.88421e-05,1
7905,7910,7907.5,1.37684e-05,6.88421e-05,1
7910,7915,7912.5,1.37684e-05,6.88421e-05,1
7925,7930,7927.5,4.13052e-05,0.000206526,3
7935,7940,7937.5,1.37684e-05,6.88421e-05,1
7940,7945,7942.5,2.75368e-05,0.000137684,2
7960,7965,7962.5,1.37684e-05,6.88421e-05,1
7965,7970,7967.5,1.37684e-05,6.88421e-05,1
7970,7975,7972.5,2.75368e-05,0.000137684,2
7980,7985,7982.5,4.13052e-05,0.000206526,3
7985,7990,7987.5,1.37684e-05,6.88421e-05,1
7990,7995,7992.5,2.75368e-05,0.000137684,2
7995,8000,7997.5,1.37684e-05,6.88421e-05,1
8000,8005,8002.5,6.88421e-05,0.00034421,5
8005,8010,8007.5,2.75368e-05,0.000137684,2
8015,8020,8017.5,4.13052e-05,0.000206526,3
8020,8025,8022.5,2.75368e-05,0.000137684,2
8035,8040,8037.5,1.37684e-05,6.88421e-05,1
8045,8050,8047.5,1.37684e-05,6.88421e-05,1
8050,8055,8052.5,1.37684e-05,6.88421e-05,1
8055,8060,8057.5,1.37684e-05,6.88421e-05,1
8060,8065,8062.5,1.37684e-05,6.88421e-05,1
8080,8085,8082.5,1.37684e-05,6.88421e-05,1
8085,8090,8087.5,4.13052e-05,0.000206526,3
8100,8105,8102.5,2.75368e-05,0.000137684,2
8105,8110,8107.5,2.75368e-05,0.000137684,2
8110,8115,8112.5,1.37684e-05,6.88421e-05,1
8115,8120,8117.5,2.75368e-05,0.000137684,2
8130,8135,8132.5,1.37684e-05,6.88421e-05,1
8135,8140,8137.5,1.37684e-05,6.88421e-05,1
8140,8145,8142.5,1.37684e-05,6.88421e-05,1
8145,8150,8147.5,1.37684e-05,6.88421e-05,1
8150,8155,8152.5,1.37684e-05,6.88421e-05,1
8160,8165,8162.5,1.37684e-05,6.88421e-05,1
8170,8175,8172.5,1.37684e-05,6.88421e-05,1
8180,8185,8182.5,2.75368e-05,0.000137684,2
8195,8200,8197.5,5.50737e-05,0.000275368,4
8200,8205,8202.5,2.75368e-05,0.000137684,2
8205,8210,8207.5,4.13052e-05,0.000206526,3
8220,8225,8222.5,1.37684e-05,6.88421e-05,1
8230,8235,8232.5,4.13052e-05,0.000206526,3
8240,8245,8242.5,1.37684e-05,6.88421e-05,1
8245,8250,8247.5,2.75368e-05,0.000137684,2
8255,8260,8257.5,1.37684e-05,6.88421e-05,1
8265,8270,8267.5,2.75368e-05,0.000137684,2
8270,8275,8272.5,4.13052e-05,0.000206526,3
8275,8280,8277.5,1.37684e-05,6.88421e-05,1
8280,8285,8282.5,1.37684e-05,6.88421e-05,1
8290,8295,8292.5,6.88421e-05,0.00034421,5
8300,8305,8302.5,1.37684e-05,6.88421e-05,1
8310,8315,8312.5,1.37684e-05,6.88421e-05,1
8315,8320,8317.5,1.37684e-05,6.88421e-05,1
8320,8325,8322.5,2.75368e-05,0.000137684,2
8325,8330,8327.5,4.13052e-05,0.000206526,3
8330,8335,8332.5,6.88421e-05,0.00034421,5
8340,8345,8342.5,1.37684e-05,6.88421e-05,1
8345,8350,8347.5,1.37684e-05,6.88421e-05,1
8350,8355,8352.5,1.37684e-05,6.88421e-05,1
8355,8360,8357.5,2.75368e-05,0.000137684,2
8360,8365,8362.5,4.13052e-05,0.000206526,3
8365,8370,8367.5,1.37684e-05,6.88421e-05,1
8370,8375,8372.5,1.37684e-05,6.88421e-05,1
8375,8380,8377.5,2.75368e-05,0.000137684,2
8385,8390,8387.5,1.37684e-05,6.88421e-05,1
8405,8410,8407.5,1.37684e-05,6.88421e-05,1
8415,8420,8417.5,4.13052e-05,0.000206526,3
8420,8425,8422.5,2.75368e-05,0.000137684,2
8425,8430,8427.5,4.13052e-05,0.000206526,3
8435,8440,8437.5,1.37684e-05,6.88421e-05,1
8440,8445,8442.5,1.37684e-05,6.88421e-05,1
8445,8450,8447.5,1.37684e-05,6.88421e-05,1
8450,8455,8452.5,1.37684e-05,6.88421e-05,1
8460,8465,8462.5,1.37684e-05,6.88421e-05,1
8480,8485,8482.5,1.37684e-05,6.88421e-05,1
8490,8495,8492.5,2.75368e-05,0.000137684,2
8495,8500,8497.5,1.37684e-05,6.88421e-05,1
8505,8510,8507.5,2.75368e-05,0.000137684,2
8510,8515,8512.5,1.37684e-05,6.88421e-05,1
8525,8530,8527.5,2.75368e-05,0.000137684,2
8530,8535,8532.5,2.75368e-05,0.000137684,2
8535,8540,8537.5,2.75368e-05,0.000137684,2
8540,8545,8542.5,1.37684e-05,6.88421e-05,1
8545,8550,8547.5,1.37684e-05,6.88421e-05,1
8550,8555,8552.5,1.37684e-05,6.88421e-05,1
8555,8560,8557.5,1.37684e-05,6.88421e-05,1
8570,8575,8572.5,4.13052e-05,0.000206526,3
8580,8585,8582.5,1.37684e-05,6.88421e-05,1
8590,8595,8592.5,5.50737e-05,0.000275368,4
8600,8605,8602.5,4.13052e-05,0.000206526,3
8605,8610,8607.5,2.75368e-05,0.000137684,2
8610,8615,8612.5,1.37684e-05,6.88421e-05,1
8625,8630,8627.5,2.75368e-05,0.000137684,2
8630,8635,8632.5,2.75368e-05,0.000137684,2
8635,8640,8637.5,2.75368e-05,0.000137684,2
8640,8645,8642.5,1.37684e-05,6.88421e-05,1
8645,8650,8647.5,1.37684e-05,6.88421e-05,1
8655,8660,8657.5,1.37684e-05,6.88421e-05,1
8660,8665,8662.5,2.75368e-05,0.000137684,2
8680,8685,8682.5,4.13052e-05,0.000206526,3
8690,8695,8692.5,1.37684e-05,6.88421e-05,1
8695,8700,8697.5,4.13052e-05,0.000206526,3
8705,8710,8707.5,1.37684e-05,6.88421e-05,1
8715,8720,8717.5,1.37684e-05,6.88421e-05,1
8720,8725,8722.5,1.37684e-05,6.88421e-05,1
8725,8730,8727.5,1.37684e-05,6.88421e-05,1
8730,8735,8732.5,2.75368e-05,0.000137684,2
8750,8755,8752.5,1.37684e-05,6.88421e-05,1
8755,8760,8757.5,2.75368e-05,0.000137684,2
8765,8770,8767.5,1.37684e-05,6.88421e-05,1
8780,8785,8782.5,2.75368e-05,0.000137684,2
8795,8800,8797.5,1.37684e-05,6.88421e-05,1
8800,8805,8802.5,4.13052e-05,0.000206526,3
8825,8830,8827.5,2.75368e-05,0.000137684,2
8835,8840,8837.5,2.75368e-05,0.000137684,2
8845,8850,8847.5,4.13052e-05,0.000206526,3
8855,8860,8857.5,4.13052e-05,0.000206526,3
8860,8865,8862.5,1.37684e-05,6.88421e-05,1
8865,8870,8867.5,1.37684e-05,6.88421e-05,1
8870,8875,8872.5,1.37684e-05,6.88421e-05,1
8875,8880,8877.5,2.75368e-05,0.000137684,2
8880,8885,8882.5,1.37684e-05,6.88421e-05,1
8890,8895,8892.5,1.37684e-05,6.88421e-05,1
8895,8900,8897.5,2.75368e-05,0.000137684,2
8900,8905,8902.5,2.75368e-05,0.000137684,2
8905,8910,8907.5,1.37684e-05,6.88421e-05,1
8925,8930,8927.5,2.75368e-05,0.000137684,2
8930,8935,8932.5,1.37684e-05,6.88421e-05,1
8940,8945,8942.5,1.37684e-05,6.88421e-05,1
8945,8950,8947.5,1.37684e-05,6.88421e-05,1
8960,8965,8962.5,2.75368e-05,0.000137684,2
8965,8970,8967.5,1.37684e-05,6.88421e-05,1
8970,8975,8972.5,1.37684e-05,6.88421e-05,1
8975,8980,8977.5,2.75368e-05,0.000137684,2
8985,8990,8987.5,2.75368e-05,0.000137684,2
9015,9020,9017.5,1.37684e-05,6.88421e-05,1
9020,9025,9022.5,4.13052e-05,0.000206526,3
9045,9050,9047.5,1.37684e-05,6.88421e-05,1
9050,9055,9052.5,1.37684e-05,6.88421e-05,1
9055,9060,9057.5,1.37684e-05,6.88421e-05,1
9060,9065,9062.5,4.13052e-05,0.000206526,3
9065,9070,9067.5,4.13052e-05,0.000206526,3
9070,9075,9072.5,2.75368e-05,0.000137684,2
9075,9080,9077.5,1.37684e-05,6.88421e-05,1
9085,9090,9087.5,2.75368e-05,0.000137684,2
9090,9095,9092.5,1.37684e-05,6.88421e-05,1
9100,9105,9102.5,2.75368e-05,0.000137684,2
9110,9115,9112.5,2.75368e-05,0.000137684,2
9115,9120,9117.5,2.75368e-05,0.000137684,2
9125,9130,9127.5,1.37684e-05,6.88421e-05,1
9130,9135,9132.5,1.37684e-05,6.88421e-05,1
9135,9140,9137.5,2.75368e-05,0.000137684,2
9140,9145,9142.5,2.75368e-05,0.000137684,2
9145,9150,9147.5,1.37684e-05,6.88421e-05,1
9150,9155,9152.5,2.75368e-05,0.000137684,2
9155,9160,9157.5,1.37684e-05,6.88421e-05,1
9160,9165,9162.5,1.37684e-05,6.88421e-05,1
9165,9170,9167.5,1.37684e-05,6.88421e-05,1
9170,9175,9172.5,1.37684e-05,6.88421e-05,1
9180,9185,9182.5,1.37684e-05,6.88421e-05,1
9190,9195,9192.5,1.37684e-05,6.88421e-05,1
9195,9200,9197.5,1.37684e-05,6.88421e-05,1
9200,9205,9202.5,1.37684e-05,6.88421e-05,1
9205,9210,9207.5,1.37684e-05,6.88421e-05,1
9210,9215,9212.5,1.37684e-05,6.88421e-05,1
9225,9230,9227.5,1.37684e-05,6.88421e-05,1
9235,9240,9237.5,1.37684e-05,6.88421e-05,1
9245,9250,9247.5,2.75368e-05,0.000137684,2
9250,9255,9252.5,2.75368e-05,0.000137684,2
9260,9265,9262.5,1.37684e-05,6.88421e-05,1
9280,9285,9282.5,2.75368e-05,0.000137684,2
9290,9295,9292.5,2.75368e-05,0.000137684,2
9295,9300,9297.5,2.75368e-05,0.000137684,2
9300,9305,9302.5,1.37684e-05,6.88421e-05,1
9310,9315,9312.5,1.37684e-05,6.88421e-05,1
9330,9335,9332.5,2.75368e-05,0.000137684,2
9335,9340,9337.5,1.37684e-05,6.88421e-05,1
9340,9345,9342.5,1.37684e-05,6.88421e-05,1
9345,9350,9347.5,1.37684e-05,6.88421e-05,1
9350,9355,9352.5,1.37684e-05,6.88421e-05,1
9355,9360,9357.5,2.75368e-05,0.000137684,2
9365,9370,9367.5,1.37684e-05,6.88421e-05,1
9375,9380,9377.5,4.13052e-05,0.000206526,3
9380,9385,9382.5,1.37684e-05,6.88421e-05,1
9385,9390,9387.5,1.37684e-05,6.88421e-05,1
9390,9395,9392.5,1.37684e-05,6.88421e-05,1
9395,9400,9397.5,4.13052e-05,0.000206526,3
9410,9415,9412.5,4.13052e-05,0.000206526,3
9430,9435,9432.5,2.75368e-05,0.000137684,2
9435,9440,9437.5,1.37684e-05,6.88421e-05,1
9465,9470,9467.5,1.37684e-05,6.88421e-05,1
9470,9475,9472.5,1.37684e-05,6.88421e-05,1
9475,9480,9477.5,4.13052e-05,0.000206526,3
9480,9485,9482.5,1.37684e-05,6.88421e-05,1
9485,9490,9487.5,2.75368e-05,0.000137684,2
9490,9495,9492.5,2.75368e-05,0.000137684,2
9495,9500,9497.5,1.37684e-05,6.88421e-05,1
9500,9505,9502.5,1.37684e-05,6.88421e-05,1
9505,9510,9507.5,1.37684e-05,6.88421e-05,1
9515,9520,9517.5,1.37684e-05,6.88421e-05,1
9520,9525,9522.5,1.37684e-05,6.88421e-05,1
9525,9530,9527.5,2.75368e-05,0.000137684,2
9530,9535,9532.5,1.37684e-05,6.88421e-05,1
9545,9550,9547.5,1.37684e-05,6.88421e-05,1
9550,9555,9552.5,1.37684e-05,6.88421e-05,1
9555,9560,9557.5,2.75368e-05,0.000137684,2
9565,9570,9567.5,2.75368e-05,0.000137684,2
9580,9585,9582.5,1.37684e-05,6.88421e-05,1
9585,9590,9587.5,2.75368e-05,0.000137684,2
9595,9600,9597.5,1.37684e-05,6.88421e-05,1
9600,9605,9602.5,1.37684e-05,6.88421e-05,1
9605,9610,9607.5,1.37684e-05,6.88421e-05,1
9615,9620,9617.5,5.50737e-05,0.000275368,4
9620,9625,9622.5,1.37684e-05,6.88421e-05,1
9625,9630,9627.5,1.37684e-05,6.88421e-05,1
9630,9635,9632.5,1.37684e-05,6.88421e-05,1
9645,9650,9647.5,1.37684e-05,6.88421e-05,1
9650,9655,9652.5,1.37684e-05,6.88421e-05,1
9665,9670,9667.5,1.37684e-05,6.88421e-05,1
9675,9680,9677.5,1.37684e-05,6.88421e-05,1
9680,9685,9682.5,1.37684e-05,6.88421e-05,1
9685,9690,9687.5,1.37684e-05,6.88421e-05,1
9690,9695,9692.5,1.37684e-05,6.88421e-05,1
9700,9705,9702.5,1.37684e-05,6.88421e-05,1
9725,9730,9727.5,1.37684e-05,6.88421e-05,1
9735,9740,9737.5,1.37684e-05,6.88421e-05,1
9750,9755,9752.5,1.37684e-05,6.88421e-05,1
9765,9770,9767.5,4.13052e-05,0.000206526,3
9775,9780,9777.5,1.37684e-05,6.88421e-05,1
9780,9785,9782.5,1.37684e-05,6.88421e-05,1
9790,9795,9792.5,4.13052e-05,0.000206526,3
9815,9820,9817.5,5.50737e-05,0.000275368,4
9820,9825,9822.5,1.37684e-05,6.88421e-05,1
9830,9835,9832.5,1.37684e-05,6.88421e-05,1
9835,9840,9837.5,1.37684e-05,6.88421e-05,1
9840,9845,9842.5,1.37684e-05,6.88421e-05,1
9850,9855,9852.5,1.37684e-05,6.88421e-05,1
9860,9865,9862.5,4.13052e-05,0.000206526,3
9865,9870,9867.5,1.37684e-05,6.88421e-05,1
9875,9880,9877.5,1.37684e-05,6.88421e-05,1
9880,9885,9882.5,2.75368e-05,0.000137684,2
9885,9890,9887.5,2.75368e-05,0.000137684,2
9890,9895,9892.5,1.37684e-05,6.88421e-05,1
9895,9900,9897.5,1.37684e-05,6.88421e-05,1
9900,9905,9902.5,1.37684e-05,6.88421e-05,1
9905,9910,9907.5,1.37684e-05,6.88421e-05,1
9910,9915,9912.5,1.37684e-05,6.88421e-05,1
9925,9930,9927.5,1.37684e-05,6.88421e-05,1
9935,9940,9937.5,1.37684e-05,6.88421e-05,1
9940,9945,9942.5,4.13052e-05,0.000206526,3
9945,9950,9947.5,1.37684e-05,6.88421e-05,1
9955,9960,9957.5,2.75368e-05,0.000137684,2
9970,9975,9972.5,1.37684e-05,6.88421e-05,1
9980,9985,9982.5,1.37684e-05,6.88421e-05,1
9985,9990,9987.5,1.37684e-05,6.88421e-05,1
10000,10005,10002.5,1.37684e-05,6.88421e-05,1
10010,10015,10012.5,4.13052e-05,0.000206526,3
10035,10040,10037.5,1.37684e-05,6.88421e-05,1
10040,10045,10042.5,1.37684e-05,6.88421e-05,1
10050,10055,10052.5,2.75368e-05,0.000137684,2
10055,10060,10057.5,1.37684e-05,6.88421e-05,1
10060,10065,10062.5,2.75368e-05,0.000137684,2
10080,10085,10082.5,1.37684e-05,6.88421e-05,1
10085,10090,10087.5,1.37684e-05,6.88421e-05,1
10090,10095,10092.5,2.75368e-05,0.000137684,2
10095,10100,10097.5,4.13052e-05,0.000206526,3
10100,10105,10102.5,2.75368e-05,0.000137684,2
10105,10110,10107.5,1.37684e-05,6.88421e-05,1
10110,10115,10112.5,1.37684e-05,6.88421e-05,1
10135,10140,10137.5,1.37684e-05,6.88421e-05,1
10140,10145,10142.5,1.37684e-05,6.88421e-05,1
10150,10155,10152.5,1.37684e-05,6.88421e-05,1
10160,10165,10162.5,4.13052e-05,0.000206526,3
10165,10170,10167.5,1.37684e-05,6.88421e-05,1
10170,10175,10172.5,1.37684e-05,6.88421e-05,1
10175,10180,10177.5,2.75368e-05,0.000137684,2
10180,10185,10182.5,1.37684e-05,6.88421e-05,1
10190,10195,10192.5,2.75368e-05,0.000137684,2
10195,10200,10197.5,1.37684e-05,6.88421e-05,1
10205,10210,10207.5,2.75368e-05,0.000137684,2
10210,10215,10212.5,2.75368e-05,0.000137684,2
10220,10225,10222.5,1.37684e-05,6.88421e-05,1
10230,10235,10232.5,4.13052e-05,0.000206526,3
10235,10240,10237.5,2.75368e-05,0.000137684,2
10245,10250,10247.5,2.75368e-05,0.000137684,2
10275,10280,10277.5,1.37684e-05,6.88421e-05,1
10295,10300,10297.5,1.37684e-05,6.88421e-05,1
10305,10310,10307.5,1.37684e-05,6.88421e-05,1
10310,10315,10312.5,1.37684e-05,6.88421e-05,1
10320,10325,10322.5,1.37684e-05,6.88421e-05,1
10325,10330,10327.5,1.37684e-05,6.88421e-05,1
10335,10340,10337.5,2.75368e-05,0.000137684,2
10365,10370,10367.5,1.37684e-05,6.88421e-05,1
10370,10375,10372.5,1.37684e-05,6.88421e-05,1
10375,10380,10377.5,1.37684e-05,6.88421e-05,1
10380,10385,10382.5,1.37684e-05,6.88421e-05,1
10415,10420,10417.5,1.37684e-05,6.88421e-05,1
10425,10430,10427.5,2.75368e-05,0.000137684,2
10430,10435,10432.5,1.37684e-05,6.88421e-05,1
10435,10440,10437.5,1.37684e-05,6.88421e-05,1
10445,10450,10447.5,1.37684e-05,6.88421e-05,1
10455,10460,10457.5,1.37684e-05,6.88421e-05,1
10465,10470,10467.5,1.37684e-05,6.88421e-05,1
10475,10480,10477.5,4.13052e-05,0.000206526,3
10490,10495,10492.5,1.37684e-05,6.88421e-05,1
10510,10515,10512.5,2.75368e-05,0.000137684,2
10520,10525,10522.5,1.37684e-05,6.88421e-05,1
10530,10535,10532.5,1.37684e-05,6.88421e-05,1
10540,10545,10542.5,2.75368e-05,0.000137684,2
10545,10550,10547.5,1.37684e-05,6.88421e-05,1
10550,10555,10552.5,1.37684e-05,6.88421e-05,1
10555,10560,10557.5,1.37684e-05,6.88421e-05,1
10570,10575,10572.5,2.75368e-05,0.000137684,2
10580,10585,10582.5,1.37684e-05,6.88421e-05,1
10590,10595,10592.5,1.37684e-05,6.88421e-05,1
10595,10600,10597.5,1.37684e-05,6.88421e-05,1
10615,10620,10617.5,2.75368e-05,0.000137684,2
10630,10635,10632.5,1.37684e-05,6.88421e-05,1
10645,10650,10647.5,1.37684e-05,6.88421e-05,1
10655,10660,10657.5,2.75368e-05,0.000137684,2
10670,10675,10672.5,1.37684e-05,6.88421e-05,1
10680,10685,10682.5,1.37684e-05,6.88421e-05,1
10695,10700,10697.5,1.37684e-05,6.88421e-05,1
10700,10705,10702.5,1.37684e-05,6.88421e-05,1
10705,10710,10707.5,1.37684e-05,6.88421e-05,1
10710,10715,10712.5,1.37684e-05,6.88421e-05,1
10725,10730,10727.5,1.37684e-05,6.88421e-05,1
10730,10735,10732.5,1.37684e-05,6.88421e-05,1
10740,10745,10742.5,2.75368e-05,0.000137684,2
10745,10750,10747.5,1.37684e-05,6.88421e-05,1
10755,10760,10757.5,4.13052e-05,0.000206526,3
10765,10770,10767.5,1.37684e-05,6.88421e-05,1
10775,10780,10777.5,1.37684e-05,6.88421e-05,1
10780,10785,10782.5,1.37684e-05,6.88421e-05,1
10785,10790,10787.5,2.75368e-05,0.000137684,2
10795,10800,10797.5,1.37684e-05,6.88421e-05,1
10815,10820,10817.5,1.37684e-05,6.88421e-05,1
10825,10830,10827.5,4.13052e-05,0.000206526,3
10830,10835,10832.5,2.75368e-05,0.000137684,2
10885,10890,10887.5,1.37684e-05,6.88421e-05,1
10890,10895,10892.5,1.37684e-05,6.88421e-05,1
10910,10915,10912.5,1.37684e-05,6.88421e-05,1
10930,10935,10932.5,2.75368e-05,0.000137684,2
10935,10940,10937.5,2.75368e-05,0.000137684,2
10950,10955,10952.5,4.13052e-05,0.000206526,3
10965,10970,10967.5,2.75368e-05,0.000137684,2
10970,10975,10972.5,1.37684e-05,6.88421e-05,1
10975,10980,10977.5,1.37684e-05,6.88421e-05,1
10980,10985,10982.5,2.75368e-05,0.000137684,2
10985,10990,10987.5,1.37684e-05,6.88421e-05,1
10990,10995,10992.5,1.37684e-05,6.88421e-05,1
10995,11000,10997.5,1.37684e-05,6.88421e-05,1
11000,11005,11002.5,4.13052e-05,0.000206526,3
11015,11020,11017.5,2.75368e-05,0.000137684,2
11025,11030,11027.5,1.37684e-05,6.88421e-05,1
11035,11040,11037.5,1.37684e-05,6.88421e-05,1
11045,11050,11047.5,1.37684e-05,6.88421e-05,1
11050,11055,11052.5,1.37684e-05,6.88421e-05,1
11065,11070,11067.5,1.37684e-05,6.88421e-05,1
11070,11075,11072.5,1.37684e-05,6.88421e-05,1
11090,11095,11092.5,2.75368e-05,0.000137684,2
11100,11105,11102.5,1.37684e-05,6.88421e-05,1
11120,11125,11122.5,1.37684e-05,6.88421e-05,1
11130,11135,11132.5,1.37684e-05,6.88421e-05,1
11140,11145,11142.5,1.37684e-05,6.88421e-05,1
11160,11165,11162.5,1.37684e-05,6.88421e-05,1
11170,11175,11172.5,1.37684e-05,6.88421e-05,1
11180,11185,11182.5,4.13052e-05,0.000206526,3
11195,11200,11197.5,1.37684e-05,6.88421e-05,1
11210,11215,11212.5,1.37684e-05,6.88421e-05,1
11240,11245,11242.5,1.37684e-05,6.88421e-05,1
11250,11255,11252.5,1.37684e-05,6.88421e-05,1
11255,11260,11257.5,1.37684e-05,6.88421e-05,1
11260,11265,11262.5,2.75368e-05,0.000137684,2
11265,11270,11267.5,2.75368e-05,0.000137684,2
11325,11330,11327.5,2.75368e-05,0.000137684,2
11330,11335,11332.5,1.37684e-05,6.88421e-05,1
11340,11345,11342.5,1.37684e-05,6.88421e-05,1
11350,11355,11352.5,1.37684e-05,6.88421e-05,1
11380,11385,11382.5,1.37684e-05,6.88421e-05,1
11385,11390,11387.5,2.75368e-05,0.000137684,2
11390,11395,11392.5,2.75368e-05,0.000137684,2
11405,11410,11407.5,2.75368e-05,0.000137684,2
11425,11430,11427.5,1.37684e-05,6.88421e-05,1
11435,11440,11437.5,2.75368e-05,0.000137684,2
11445,11450,11447.5,1.37684e-05,6.88421e-05,1
11460,11465,11462.5,1.37684e-05,6.88421e-05,1
11465,11470,11467.5,1.37684e-05,6.88421e-05,1
11485,11490,11487.5,1.37684e-05,6.88421e-05,1
11490,11495,11492.5,1.37684e-05,6.88421e-05,1
11530,11535,11532.5,2.75368e-05,0.000137684,2
11540,11545,11542.5,2.75368e-05,0.000137684,2
11550,11555,11552.5,1.37684e-05,6.88421e-05,1
11565,11570,11567.5,1.37684e-05,6.88421e-05,1
11570,11575,11572.5,2.75368e-05,0.000137684,2
11590,11595,11592.5,1.37684e-05,6.88421e-05,1
11595,11600,11597.5,1.37684e-05,6.88421e-05,1
11605,11610,11607.5,1.37684e-05,6.88421e-05,1
11615,11620,11617.5,1.37684e-05,6.88421e-05,1
11640,11645,11642.5,2.75368e-05,0.000137684,2
11660,11665,11662.5,1.37684e-05,6.88421e-05,1
11665,11670,11667.5,1.37684e-05,6.88421e-05,1
11675,11680,11677.5,1.37684e-05,6.88421e-05,1
11680,11685,11682.5,1.37684e-05,6.88421e-05,1
11685,11690,11687.5,1.37684e-05,6.88421e-05,1
11705,11710,11707.5,2.75368e-05,0.000137684,2
11710,11715,11712.5,1.37684e-05,6.88421e-05,1
11730,11735,11732.5,1.37684e-05,6.88421e-05,1
11735,11740,11737.5,1.37684e-05,6.88421e-05,1
11755,11760,11757.5,1.37684e-05,6.88421e-05,1
11765,11770,11767.5,1.37684e-05,6.88421e-05,1
11770,11775,11772.5,1.37684e-05,6.88421e-05,1
11815,11820,11817.5,1.37684e-05,6.88421e-05,1
11825,11830,11827.5,1.37684e-05,6.88421e-05,1
11835,11840,11837.5,2.75368e-05,0.000137684,2
11840,11845,11842.5,1.37684e-05,6.88421e-05,1
11850,11855,11852.5,4.13052e-05,0.000206526,3
11885,11890,11887.5,1.37684e-05,6.88421e-05,1
11915,11920,11917.5,4.13052e-05,0.000206526,3
11930,11935,11932.5,1.37684e-05,6.88421e-05,1
11945,11950,11947.5,1.37684e-05,6.88421e-05,1
11950,11955,11952.5,1.37684e-05,6.88421e-05,1
11955,11960,11957.5,1.37684e-05,6.88421e-05,1
11965,11970,11967.5,1.37684e-05,6.88421e-05,1
11970,11975,11972.5,4.13052e-05,0.000206526,3
11975,11980,11977.5,1.37684e-05,6.88421e-05,1
12000,12005,12002.5,1.37684e-05,6.88421e-05,1
12020,12025,12022.5,1.37684e-05,6.88421e-05,1
12050,12055,12052.5,1.37684e-05,6.88421e-05,1
12070,12075,12072.5,1.37684e-05,6.88421e-05,1
12095,12100,12097.5,1.37684e-05,6.88421e-05,1
12100,12105,12102.5,1.37684e-05,6.88421e-05,1
12105,12110,12107.5,1.37684e-05,6.88421e-05,1
12115,12120,12117.5,2.75368e-05,0.000137684,2
12135,12140,12137.5,1.37684e-05,6.88421e-05,1
12140,12145,12142.5,2.75368e-05,0.000137684,2
12145,12150,12147.5,2.75368e-05,0.000137684,2
12160,12165,12162.5,1.37684e-05,6.88421e-05,1
12180,12185,12182.5,1.37684e-05,6.88421e-05,1
12190,12195,12192.5,1.37684e-05,6.88421e-05,1
12195,12200,12197.5,1.37684e-05,6.88421e-05,1
12205,12210,12207.5,1.37684e-05,6.88421e-05,1
12215,12220,12217.5,1.37684e-05,6.88421e-05,1
12220,12225,12222.5,2.75368e-05,0.000137684,2
12240,12245,12242.5,1.37684e-05,6.88421e-05,1
12250,12255,12252.5,1.37684e-05,6.88421e-05,1
12265,12270,12267.5,1.37684e-05,6.88421e-05,1
12270,12275,12272.5,1.37684e-05,6.88421e-05,1
12290,12295,12292.5,2.75368e-05,0.000137684,2
12310,12315,12312.5,2.75368e-05,0.000137684,2
12405,12410,12407.5,1.37684e-05,6.88421e-05,1
12420,12425,12422.5,1.37684e-05,6.88421e-05,1
12445,12450,12447.5,1.37684e-05,6.88421e-05,1
12455,12460,12457.5,1.37684e-05,6.88421e-05,1
12465,12470,12467.5,1.37684e-05,6.88421e-05,1
12475,12480,12477.5,1.37684e-05,6.88421e-05,1
12480,12485,12482.5,1.37684e-05,6.88421e-05,1
12485,12490,12487.5,1.37684e-05,6.88421e-05,1
12490,12495,12492.5,1.37684e-05,6.88421e-05,1
12495,12500,12497.5,2.75368e-05,0.000137684,2
12500,12505,12502.5,1.37684e-05,6.88421e-05,1
12535,12540,12537.5,1.37684e-05,6.88421e-05,1
12545,12550,12547.5,1.37684e-05,6.88421e-05,1
12550,12555,12552.5,2.75368e-05,0.000137684,2
12565,12570,12567.5,1.37684e-05,6.88421e-05,1
12595,12600,12597.5,1.37684e-05,6.88421e-05,1
12600,12605,12602.5,1.37684e-05,6.88421e-05,1
12610,12615,12612.5,1.37684e-05,6.88421e-05,1
12620,12625,12622.5,2.75368e-05,0.000137684,2
12640,12645,12642.5,1.37684e-05,6.88421e-05,1
12655,12660,12657.5,2.75368e-05,0.000137684,2
12660,12665,12662.5,1.37684e-05,6.88421e-05,1
12675,12680,12677.5,1.37684e-05,6.88421e-05,1
12680,12685,12682.5,1.37684e-05,6.88421e-05,1
12690,12695,12692.5,2.75368e-05,0.000137684,2
12700,12705,12702.5,1.37684e-05,6.88421e-05,1
12720,12725,12722.5,1.37684e-05,6.88421e-05,1
12745,12750,12747.5,1.37684e-05,6.88421e-05,1
12760,12765,12762.5,1.37684e-05,6.88421e-05,1
12780,12785,12782.5,2.75368e-05,0.000137684,2
12795,12800,12797.5,1.37684e-05,6.88421e-05,1
12805,12810,12807.5,1.37684e-05,6.88421e-05,1
12815,12820,12817.5,2.75368e-05,0.000137684,2
12825,12830,12827.5,1.37684e-05,6.88421e-05,1
12830,12835,12832.5,2.75368e-05,0.000137684,2
12835,12840,12837.5,1.37684e-05,6.88421e-05,1
12845,12850,12847.5,1.37684e-05,6.88421e-05,1
12850,12855,12852.5,1.37684e-05,6.88421e-05,1
12855,12860,12857.5,1.37684e-05,6.88421e-05,1
12875,12880,12877.5,1.37684e-05,6.88421e-05,1
12920,12925,12922.5,1.37684e-05,6.88421e-05,1
12925,12930,12927.5,1.37684e-05,6.88421e-05,1
12935,12940,12937.5,1.37684e-05,6.88421e-05,1
12940,12945,12942.5,1.37684e-05,6.88421e-05,1
12955,12960,12957.5,1.37684e-05,6.88421e-05,1
12980,12985,12982.5,1.37684e-05,6.88421e-05,1
13015,13020,13017.5,1.37684e-05,6.88421e-05,1
13020,13025,13022.5,1.37684e-05,6.88421e-05,1
13025,13030,13027.5,1.37684e-05,6.88421e-05,1
13030,13035,13032.5,1.37684e-05,6.88421e-05,1
13035,13040,13037.5,1.37684e-05,6.88421e-05,1
13040,13045,13042.5,1.37684e-05,6.88421e-05,1
13045,13050,13047.5,1.37684e-05,6.88421e-05,1
13065,13070,13067.5,1.37684e-05,6.88421e-05,1
13070,13075,13072.5,1.37684e-05,6.88421e-05,1
13075,13080,13077.5,1.37684e-05,6.88421e-05,1
13095,13100,13097.5,1.37684e-05,6.88421e-05,1
13100,13105,13102.5,1.37684e-05,6.88421e-05,1
13120,13125,13122.5,1.37684e-05,6.88421e-05,1
13135,13140,13137.5,2.75368e-05,0.000137684,2
13160,13165,13162.5,2.75368e-05,0.000137684,2
13170,13175,13172.5,2.75368e-05,0.000137684,2
13215,13220,13217.5,1.37684e-05,6.88421e-05,1
13225,13230,13227.5,1.37684e-05,6.88421e-05,1
13240,13245,13242.5,1.37684e-05,6.88421e-05,1
13245,13250,13247.5,1.37684e-05,6.88421e-05,1
13250,13255,13252.5,1.37684e-05,6.88421e-05,1
13255,13260,13257.5,1.37684e-05,6.88421e-05,1
13275,13280,13277.5,2.75368e-05,0.000137684,2
13310,13315,13312.5,2.75368e-05,0.000137684,2
13340,13345,13342.5,1.37684e-05,6.88421e-05,1
13370,13375,13372.5,1.37684e-05,6.88421e-05,1
13400,13405,13402.5,1.37684e-05,6.88421e-05,1
13475,13480,13477.5,1.37684e-05,6.88421e-05,1
13540,13545,13542.5,1.37684e-05,6.88421e-05,1
13590,13595,13592.5,1.37684e-05,6.88421e-05,1
13615,13620,13617.5,1.37684e-05,6.88421e-05,1
13620,13625,13622.5,2.75368e-05,0.000137684,2
13640,13645,13642.5,1.37684e-05,6.88421e-05,1
13645,13650,13647.5,1.37684e-05,6.88421e-05,1
13665,13670,13667.5,1.37684e-05,6.88421e-05,1
13675,13680,13677.5,2.75368e-05,0.000137684,2
13680,13685,13682.5,1.37684e-05,6.88421e-05,1
13725,13730,13727.5,1.37684e-05,6.88421e-05,1
13775,13780,13777.5,1.37684e-05,6.88421e-05,1
13780,13785,13782.5,1.37684e-05,6.88421e-05,1
13795,13800,13797.5,1.37684e-05,6.88421e-05,1
13810,13815,13812.5,1.37684e-05,6.88421e-05,1
13815,13820,13817.5,1.37684e-05,6.88421e-05,1
13830,13835,13832.5,2.75368e-05,0.000137684,2
13870,13875,13872.5,1.37684e-05,6.88421e-05,1
13875,13880,13877.5,1.37684e-05,6.88421e-05,1
13885,13890,13887.5,1.37684e-05,6.88421e-05,1
13895,13900,13897.5,1.37684e-05,6.88421e-05,1
13945,13950,13947.5,1.37684e-05,6.88421e-05,1
13960,13965,13962.5,2.75368e-05,0.000137684,2
13975,13980,13977.5,1.37684e-05,6.88421e-05,1
13995,14000,13997.5,1.37684e-05,6.88421e-05,1
14035,14040,14037.5,1.37684e-05,6.88421e-05,1
14095,14100,14097.5,1.37684e-05,6.88421e-05,1
14100,14105,14102.5,1.37684e-05,6.88421e-05,1
14105,14110,14107.5,1.37684e-05,6.88421e-05,1
14135,14140,14137.5,1.37684e-05,6.88421e-05,1
14150,14155,14152.5,1.37684e-05,6.88421e-05,1
14200,14205,14202.5,1.37684e-05,6.88421e-05,1
14220,14225,14222.5,1.37684e-05,6.88421e-05,1
14235,14240,14237.5,1.37684e-05,6.88421e-05,1
14240,14245,14242.5,1.37684e-05,6.88421e-05,1
14255,14260,14257.5,1.37684e-05,6.88421e-05,1
14375,14380,14377.5,1.37684e-05,6.88421e-05,1
14415,14420,14417.5,1.37684e-05,6.88421e-05,1
14420,14425,14422.5,1.37684e-05,6.88421e-05,1
14525,14530,14527.5,1.37684e-05,6.88421e-05,1
14600,14605,14602.5,1.37684e-05,6.88421e-05,1
14615,14620,14617.5,1.37684e-05,6.88421e-05,1
14635,14640,14637.5,1.37684e-05,6.88421e-05,1
14645,14650,14647.5,1.37684e-05,6.88421e-05,1
14650,14655,14652.5,1.37684e-05,6.88421e-05,1
14655,14660,14657.5,1.37684e-05,6.88421e-05,1
14695,14700,14697.5,1.37684e-05,6.88421e-05,1
14700,14705,14702.5,1.37684e-05,6.88421e-05,1
14730,14735,14732.5,1.37684e-05,6.88421e-05,1
14775,14780,14777.5,1.37684e-05,6.88421e-05,1
14780,14785,14782.5,2.75368e-05,0.000137684,2
14785,14790,14787.5,1.37684e-05,6.88421e-05,1
14790,14795,14792.5,1.37684e-05,6.88421e-05,1
14830,14835,14832.5,1.37684e-05,6.88421e-05,1
14850,14855,14852.5,1.37684e-05,6.88421e-05,1
14865,14870,14867.5,1.37684e-05,6.88421e-05,1
14895,14900,14897.5,1.37684e-05,6.88421e-05,1
14905,14910,14907.5,1.37684e-05,6.88421e-05,1
14910,14915,14912.5,1.37684e-05,6.88421e-05,1
14920,14925,14922.5,1.37684e-05,6.88421e-05,1
14945,14950,14947.5,1.37684e-05,6.88421e-05,1
15015,15020,15017.5,1.37684e-05,6.88421e-05,1
15020,15025,15022.5,1.37684e-05,6.88421e-05,1
15025,15030,15027.5,1.37684e-05,6.88421e-05,1
15065,15070,15067.5,1.37684e-05,6.88421e-05,1
15110,15115,15112.5,1.37684e-05,6.88421e-05,1
15130,15135,15132.5,1.37684e-05,6.88421e-05,1
15135,15140,15137.5,1.37684e-05,6.88421e-05,1
15165,15170,15167.5,1.37684e-05,6.88421e-05,1
15215,15220,15217.5,1.37684e-05,6.88421e-05,1
15220,15225,15222.5,1.37684e-05,6.88421e-05,1
15225,15230,15227.5,1.37684e-05,6.88421e-05,1
15245,15250,15247.5,1.37684e-05,6.88421e-05,1
15290,15295,15292.5,2.75368e-05,0.000137684,2
15295,15300,15297.5,1.37684e-05,6.88421e-05,1
15310,15315,15312.5,1.37684e-05,6.88421e-05,1
15315,15320,15317.5,1.37684e-05,6.88421e-05,1
15320,15325,15322.5,1.37684e-05,6.88421e-05,1
15385,15390,15387.5,1.37684e-05,6.88421e-05,1
15430,15435,15432.5,1.37684e-05,6.88421e-05,1
15445,15450,15447.5,1.37684e-05,6.88421e-05,1
15475,15480,15477.5,1.37684e-05,6.88421e-05,1
15530,15535,15532.5,1.37684e-05,6.88421e-05,1
15535,15540,15537.5,1.37684e-05,6.88421e-05,1
15580,15585,15582.5,1.37684e-05,6.88421e-05,1
15630,15635,15632.5,1.37684e-05,6.88421e-05,1
15665,15670,15667.5,1.37684e-05,6.88421e-05,1
15680,15685,15682.5,1.37684e-05,6.88421e-05,1
15705,15710,15707.5,1.37684e-05,6.88421e-05,1
15765,15770,15767.5,1.37684e-05,6.88421e-05,1
15785,15790,15787.5,1.37684e-05,6.88421e-05,1
15795,15800,15797.5,1.37684e-05,6.88421e-05,1
15895,15900,15897.5,1.37684e-05,6.88421e-05,1
15955,15960,15957.5,1.37684e-05,6.88421e-05,1
15975,15980,15977.5,1.37684e-05,6.88421e-05,1
16035,16040,16037.5,1.37684e-05,6.88421e-05,1
16050,16055,16052.5,1.37684e-05,6.88421e-05,1
16130,16135,16132.5,1.37684e-05,6.88421e-05,1
16140,16145,16142.5,1.37684e-05,6.88421e-05,1
16160,16165,16162.5,2.75368e-05,0.000137684,2
16175,16180,16177.5,1.37684e-05,6.88421e-05,1
16195,16200,16197.5,1.37684e-05,6.88421e-05,1
16245,16250,16247.5,2.75368e-05,0.000137684,2
16275,16280,16277.5,1.37684e-05,6.88421e-05,1
16430,16435,16432.5,1.37684e-05,6.88421e-05,1
16490,16495,16492.5,1.37684e-05,6.88421e-05,1
16515,16520,16517.5,1.37684e-05,6.88421e-05,1
16600,16605,16602.5,1.37684e-05,6.88421e-05,1
16615,16620,16617.5,1.37684e-05,6.88421e-05,1
16705,16710,16707.5,1.37684e-05,6.88421e-05,1
16720,16725,16722.5,1.37684e-05,6.88421e-05,1
16815,16820,16817.5,1.37684e-05,6.88421e-05,1
16855,16860,16857.5,1.37684e-05,6.88421e-05,1
16880,16885,16882.5,1.37684e-05,6.88421e-05,1
17010,17015,17012.5,1.37684e-05,6.88421e-05,1
17045,17050,17047.5,1.37684e-05,6.88421e-05,1
17055,17060,17057.5,1.37684e-05,6.88421e-05,1
17115,17120,17117.5,1.37684e-05,6.88421e-05,1
17200,17205,17202.5,1.37684e-05,6.88421e-05,1
17325,17330,17327.5,1.37684e-05,6.88421e-05,1
17410,17415,17412.5,2.75368e-05,0.000137684,2
17460,17465,17462.5,1.37684e-05,6.88421e-05,1
17820,17825,17822.5,1.37684e-05,6.88421e-05,1
17920,17925,17922.5,1.37684e-05,6.88421e-05,1
17945,17950,17947.5,1.37684e-05,6.88421e-05,1
17950,17955,17952.5,1.37684e-05,6.88421e-05,1
18180,18185,18182.5,1.37684e-05,6.88421e-05,1
18260,18265,18262.5,1.37684e-05,6.88421e-05,1
18285,18290,18287.5,1.37684e-05,6.88421e-05,1
18315,18320,18317.5,1.37684e-05,6.88421e-05,1
18370,18375,18372.5,1.37684e-05,6.88421e-05,1
18450,18455,18452.5,1.37684e-05,6.88421e-05,1
18575,18580,18577.5,1.37684e-05,6.88421e-05,1
18590,18595,18592.5,1.37684e-05,6.88421e-05,1
18795,18800,18797.5,1.37684e-05,6.88421e-05,1
18855,18860,18857.5,1.37684e-05,6.88421e-05,1
18930,18935,18932.5,1.37684e-05,6.88421e-05,1
19015,19020,19017.5,1.37684e-05,6.88421e-05,1
19020,19025,19022.5,1.37684e-05,6.88421e-05,1
19090,19095,19092.5,1.37684e-05,6.88421e-05,1
19345,19350,19347.5,1.37684e-05,6.88421e-05,1
19530,19535,19532.5,1.37684e-05,6.88421e-05,1
19850,19855,19852.5,1.37684e-05,6.88421e-05,1
19855,19860,19857.5,1.37684e-05,6.88421e-05,1
20125,20130,20127.5,1.37684e-05,6.88421e-05,1
20625,20630,20627.5,1.37684e-05,6.88421e-05,1
20660,20665,20662.5,1.37684e-05,6.88421e-05,1
20685,20690,20687.5,1.37684e-05,6.88421e-05,1
21140,21145,21142.5,1.37684e-05,6.88421e-05,1
23255,23260,23257.5,1.37684e-05,6.88421e-05,1
24930,24935,24932.5,1.37684e-05,6.88421e-05,1
VO Delay PDF CSV saved: scratch/delay_pdf/pedca_vo_delay_pdf.csv

P-EDCA STA Delay PDF CSV saved: scratch/delay_pdf/11be/adaptive_compare/best_k15_s3.csv
Legacy STA Delay PDF CSV saved: scratch/delay_pdf/11be/adaptive_compare/bestL_k15_s3.csv
--- EXTENDED_STATS_BEGIN ---
PEDCA_STA_SUCC_COUNT: 7947
PEDCA_STA_FAIL_COUNT: 229
PEDCA_STA_ZERO_RETX: 7938
LEGACY_STA_SUCC_COUNT: 6579
LEGACY_STA_FAIL_COUNT: 955
LEGACY_STA_ZERO_RETX: 6569
PEDCA_STA_AVG_MAC_DELAY: 2494.66
PEDCA_STA_AVG_QUEUE_DELAY: 2168.12
PEDCA_STA_AVG_ACCESS_DELAY: 326.547
LEGACY_STA_AVG_MAC_DELAY: 2858.82
LEGACY_STA_AVG_QUEUE_DELAY: 2515.47
LEGACY_STA_AVG_ACCESS_DELAY: 343.347
--- EXTENDED_STATS_END ---
