[INFO] std::clog redirected to: scratch/delay_pdf/11be/adaptive_compare/default_k15_s3.log

--- Per-STA P-EDCA Detail ---
  STA0: DS-CTS=4 S2Entry=4 S2Tx=1 PedcaOK=1 EdcaOK=3 FailCTS=0 FailColl=0 FailExp=0 Defer=0
  STA1: DS-CTS=123 S2Entry=123 S2Tx=79 PedcaOK=79 EdcaOK=556 FailCTS=0 FailColl=0 FailExp=0 Defer=0
  STA2: DS-CTS=217 S2Entry=217 S2Tx=109 PedcaOK=109 EdcaOK=254 FailCTS=0 FailColl=0 FailExp=0 Defer=0
  STA3: DS-CTS=87 S2Entry=87 S2Tx=58 PedcaOK=58 EdcaOK=665 FailCTS=0 FailColl=0 FailExp=0 Defer=0
  STA4: DS-CTS=1 S2Entry=1 S2Tx=0 PedcaOK=0 EdcaOK=1 FailCTS=0 FailColl=0 FailExp=0 Defer=0
  STA5: DS-CTS=275 S2Entry=275 S2Tx=179 PedcaOK=179 EdcaOK=375 FailCTS=0 FailColl=0 FailExp=0 Defer=0
  STA6: DS-CTS=284 S2Entry=284 S2Tx=165 PedcaOK=165 EdcaOK=373 FailCTS=0 FailColl=0 FailExp=0 Defer=0
  STA7: DS-CTS=222 S2Entry=222 S2Tx=135 PedcaOK=135 EdcaOK=463 FailCTS=0 FailColl=0 FailExp=0 Defer=0
  STA8: DS-CTS=251 S2Entry=251 S2Tx=173 PedcaOK=173 EdcaOK=280 FailCTS=0 FailColl=0 FailExp=0 Defer=0
  STA9: DS-CTS=187 S2Entry=187 S2Tx=100 PedcaOK=100 EdcaOK=214 FailCTS=0 FailColl=0 FailExp=0 Defer=3
  STA10: DS-CTS=3 S2Entry=3 S2Tx=0 PedcaOK=0 EdcaOK=3 FailCTS=0 FailColl=0 FailExp=0 Defer=0
  STA11: DS-CTS=273 S2Entry=273 S2Tx=170 PedcaOK=170 EdcaOK=399 FailCTS=0 FailColl=0 FailExp=0 Defer=3
  STA12: DS-CTS=239 S2Entry=239 S2Tx=161 PedcaOK=161 EdcaOK=550 FailCTS=0 FailColl=0 FailExp=0 Defer=2
  STA13: DS-CTS=259 S2Entry=259 S2Tx=158 PedcaOK=158 EdcaOK=342 FailCTS=0 FailColl=0 FailExp=0 Defer=0
  STA14: DS-CTS=291 S2Entry=291 S2Tx=177 PedcaOK=175 EdcaOK=386 FailCTS=2 FailColl=0 FailExp=0 Defer=0

=== General Statistics ===
P-EDCA Ratio: 0.5
P-EDCA STAs: 15/30
P-EDCA Share (Avg Per-STA P-EDCA Tx/Total Tx): 23.0932 %
Avg P-EDCA Attempt Success Rate: 50.8868 %
Global P-EDCA Tx Success: 1663
Global EDCA Tx Success: 4864
Global P-EDCA Attempt (DS-CTS Sent): 2716

--- P-EDCA Detailed Trace ---
Stage 2 Entered: 2716
Stage 2 TX Started: 1665
P-EDCA Fail RTS No CTS: 2
P-EDCA Fail RTS Collision: 0
P-EDCA Fail Timing Expired: 0
P-EDCA Fail Deferral: 8
Total VO TX (P-EDCA+EDCA): 6527
Global P-EDCA Share: 25.4788 %
Global EDCA Share: 74.5212 %
Channel Idle Time (AP): 25.1636 % (1.76145e+06 us / 7e+06 us)
Total Successes:       14179
Total Failures:        1527
Total Retransmissions: 1

--- Per-AC Success Statistics ---
AC_BE:
  Successes:         34
  Throughput:        0.0388571 Mbps
  Packet Loss:       26.087 %
  Avg Retx/MPDU:     0
  Avg Queue Delay:   -1.8281e+06 us (Enqueue->TxStart)
  Avg Access Delay:  1.87754e+06 us (TxStart->Ack)
  Avg MAC Delay:     49440 us (Total: Enqueue->Ack)

AC_VO:
  Successes:         14145
  Throughput:        16.1657 Mbps
  Packet Loss:       9.67433 %
  Avg Retx/MPDU:     7.06964e-05
  Avg Queue Delay:   2270.7 us (Enqueue->TxStart)
  Avg Access Delay:  315.568 us (TxStart->Ack)
  Avg MAC Delay:     2586.26 us (Total: Enqueue->Ack)

--- Per-AC Failure Statistics ---
AC_BE Failures: 12
AC_VO Failures: 1515

--- Failure Reasons by AC ---
  AC_BE EXPIRED_LIFETIME: 12
  AC_VO RETRY_LIMIT: 1515


=== Extended P-EDCA vs Legacy Statistics ===

--- [Stat 1] Delay by STA Type ---
P-EDCA STAs (15 STAs):
  Successes:         6952
  Failures:          431
  Throughput:        7.94514 Mbps
  Packet Loss:       5.83774 %
  Avg Queue Delay:   1951.27 us
  Avg Access Delay:  287.314 us
  Avg MAC Delay:     2238.58 us
  Median MAC Delay:  1455 us
  P95 MAC Delay:     6881 us
  P99 MAC Delay:     13039 us
Legacy EDCA STAs (15 STAs):
  Successes:         7193
  Failures:          1085
  Throughput:        8.22057 Mbps
  Packet Loss:       13.107 %
  Avg Queue Delay:   2579.42 us
  Avg Access Delay:  342.875 us
  Avg MAC Delay:     2922.29 us
  Median MAC Delay:  1796 us
  P95 MAC Delay:     10309 us
  P99 MAC Delay:     14584 us

--- [Stat 2] Per-STA P-EDCA Attempt Count (DS-CTS Sent) ---
  STA0: 4 P-EDCA attempts
  STA1: 123 P-EDCA attempts
  STA2: 217 P-EDCA attempts
  STA3: 87 P-EDCA attempts
  STA4: 1 P-EDCA attempts
  STA5: 275 P-EDCA attempts
  STA6: 284 P-EDCA attempts
  STA7: 222 P-EDCA attempts
  STA8: 251 P-EDCA attempts
  STA9: 187 P-EDCA attempts
  STA10: 3 P-EDCA attempts
  STA11: 273 P-EDCA attempts
  STA12: 239 P-EDCA attempts
  STA13: 259 P-EDCA attempts
  STA14: 291 P-EDCA attempts
  Total: 2716 P-EDCA attempts across 15 P-EDCA STAs
  Avg per P-EDCA STA: 181.067

--- [Stat 3] P-EDCA One-Shot Success Probability ---
  P-EDCA Success / DS-CTS Sent:      1663 / 2716 = 61.2297 %
  P-EDCA Success / Stage2 TX Started: 1663 / 1665 = 99.8799 %  (given RTS was actually sent)

--- [Stat 4] EDCA One-Shot Success Ratio (0 retransmissions) ---
  Legacy STAs: 7192 / 7193 = 99.9861 %
  P-EDCA STAs: 6952 / 6952 = 100 %  (MAC-level, includes both P-EDCA and EDCA paths)

--- [Stat 5] P-EDCA Kickback-to-EDCA Probability ---
  Total P-EDCA Failures: 10 / 2716 DS-CTS = 0.368189 %
    RTS No CTS:       2 (0.0736377 %)
    RTS Collision:    0 (0 %)
    Timing Expired:   0 (0 %)
    Deferral:         8 (0.294551 %)

--- [Stat 6] P-EDCA RTS Collision Probability ---
  RTS Collision / Stage2 TX Started: 0 / 1665 = 0 %
  RTS Collision / DS-CTS Sent:       0 / 2716 = 0 %

--- [Stat 7] P-EDCA Attempts per Successful P-EDCA TX ---
  DS-CTS Sent / P-EDCA Success: 2716 / 1663 = 1.63319 attempts/success
  Stage2 TX / P-EDCA Success:   1665 / 1663 = 1.0012 RTS/success

--- VO Delay PDF (MAC Delay) ---
bin_start_us,bin_end_us,bin_mid_us,pdf_per_us,probability,count
210,215,212.5,2.82785e-05,0.000141393,2
215,220,217.5,0.00019795,0.000989749,14
220,225,222.5,8.48356e-05,0.000424178,6
225,230,227.5,7.06964e-05,0.000353482,5
230,235,232.5,5.65571e-05,0.000282785,4
235,240,237.5,0.00019795,0.000989749,14
240,245,242.5,5.65571e-05,0.000282785,4
245,250,247.5,7.06964e-05,0.000353482,5
250,255,252.5,0.000113114,0.000565571,8
255,260,257.5,8.48356e-05,0.000424178,6
260,265,262.5,0.000169671,0.000848356,12
265,270,267.5,9.89749e-05,0.000494875,7
270,275,272.5,5.65571e-05,0.000282785,4
275,280,277.5,0.000127253,0.000636267,9
280,285,282.5,7.06964e-05,0.000353482,5
285,290,287.5,0.000127253,0.000636267,9
290,295,292.5,7.06964e-05,0.000353482,5
295,300,297.5,7.06964e-05,0.000353482,5
300,305,302.5,0.000141393,0.000706964,10
305,310,307.5,0.000127253,0.000636267,9
310,315,312.5,5.65571e-05,0.000282785,4
315,320,317.5,8.48356e-05,0.000424178,6
320,325,322.5,7.06964e-05,0.000353482,5
325,330,327.5,0.000169671,0.000848356,12
330,335,332.5,7.06964e-05,0.000353482,5
335,340,337.5,0.000155532,0.00077766,11
340,345,342.5,0.00195122,0.0097561,138
345,350,347.5,0.00274302,0.0137151,194
350,355,352.5,0.00114528,0.00572641,81
355,360,357.5,0.000622128,0.00311064,44
360,365,362.5,0.000678685,0.00339343,48
365,370,367.5,0.000791799,0.003959,56
370,375,372.5,0.000791799,0.003959,56
375,380,377.5,0.000282785,0.00141393,20
380,385,382.5,0.00019795,0.000989749,14
385,390,387.5,0.00038176,0.0019088,27
390,395,392.5,0.000282785,0.00141393,20
395,400,397.5,0.000452457,0.00226228,32
400,405,402.5,0.000339343,0.00169671,24
405,410,407.5,0.000410039,0.00205019,29
410,415,412.5,0.000424178,0.00212089,30
415,420,417.5,0.000339343,0.00169671,24
420,425,422.5,0.000410039,0.00205019,29
425,430,427.5,0.000494875,0.00247437,35
430,435,432.5,0.000268646,0.00134323,19
435,440,437.5,0.000127253,0.000636267,9
440,445,442.5,0.00038176,0.0019088,27
445,450,447.5,0.000268646,0.00134323,19
450,455,452.5,0.0184659,0.0923294,1306
455,460,457.5,0.000282785,0.00141393,20
460,465,462.5,0.000353482,0.00176741,25
465,470,467.5,0.000240368,0.00120184,17
470,475,472.5,0.000353482,0.00176741,25
475,480,477.5,0.000367621,0.00183811,26
480,485,482.5,0.000424178,0.00212089,30
485,490,487.5,0.000240368,0.00120184,17
490,495,492.5,0.000311064,0.00155532,22
495,500,497.5,0.000282785,0.00141393,20
500,505,502.5,0.000254507,0.00127253,18
505,510,507.5,0.000325203,0.00162602,23
510,515,512.5,0.0003959,0.0019795,28
515,520,517.5,0.000212089,0.00106045,15
520,525,522.5,0.000438317,0.00219159,31
525,530,527.5,0.000367621,0.00183811,26
530,535,532.5,0.0003959,0.0019795,28
535,540,537.5,0.000353482,0.00176741,25
540,545,542.5,0.000296925,0.00148462,21
545,550,547.5,0.00038176,0.0019088,27
550,555,552.5,0.000296925,0.00148462,21
555,560,557.5,0.000325203,0.00162602,23
560,565,562.5,0.000607989,0.00303994,43
565,570,567.5,0.000311064,0.00155532,22
570,575,572.5,0.00038176,0.0019088,27
575,580,577.5,0.000367621,0.00183811,26
580,585,582.5,0.00038176,0.0019088,27
585,590,587.5,0.000311064,0.00155532,22
590,595,592.5,0.000367621,0.00183811,26
595,600,597.5,0.000240368,0.00120184,17
600,605,602.5,0.000325203,0.00162602,23
605,610,607.5,0.000282785,0.00141393,20
610,615,612.5,0.000339343,0.00169671,24
615,620,617.5,0.000452457,0.00226228,32
620,625,622.5,0.000268646,0.00134323,19
625,630,627.5,0.000268646,0.00134323,19
630,635,632.5,0.000325203,0.00162602,23
635,640,637.5,0.000339343,0.00169671,24
640,645,642.5,0.000254507,0.00127253,18
645,650,647.5,0.000268646,0.00134323,19
650,655,652.5,0.000268646,0.00134323,19
655,660,657.5,0.00038176,0.0019088,27
660,665,662.5,0.000268646,0.00134323,19
665,670,667.5,0.00019795,0.000989749,14
670,675,672.5,0.0038883,0.0194415,275
675,680,677.5,0.000226228,0.00113114,16
680,685,682.5,0.000169671,0.000848356,12
685,690,687.5,0.000268646,0.00134323,19
690,695,692.5,0.00038176,0.0019088,27
695,700,697.5,0.000254507,0.00127253,18
700,705,702.5,0.000282785,0.00141393,20
705,710,707.5,0.000353482,0.00176741,25
710,715,712.5,0.000240368,0.00120184,17
715,720,717.5,0.000268646,0.00134323,19
720,725,722.5,0.000296925,0.00148462,21
725,730,727.5,0.000311064,0.00155532,22
730,735,732.5,0.000296925,0.00148462,21
735,740,737.5,0.000183811,0.000919053,13
740,745,742.5,0.000339343,0.00169671,24
745,750,747.5,0.000282785,0.00141393,20
750,755,752.5,0.000367621,0.00183811,26
755,760,757.5,0.000325203,0.00162602,23
760,765,762.5,0.000325203,0.00162602,23
765,770,767.5,0.000410039,0.00205019,29
770,775,772.5,0.000212089,0.00106045,15
775,780,777.5,0.000353482,0.00176741,25
780,785,782.5,0.000636267,0.00318134,45
785,790,787.5,0.000466596,0.00233298,33
790,795,792.5,0.000226228,0.00113114,16
795,800,797.5,0.000254507,0.00127253,18
800,805,802.5,0.000240368,0.00120184,17
805,810,807.5,0.000240368,0.00120184,17
810,815,812.5,0.000212089,0.00106045,15
815,820,817.5,0.000155532,0.00077766,11
820,825,822.5,0.000113114,0.000565571,8
825,830,827.5,0.000254507,0.00127253,18
830,835,832.5,0.000296925,0.00148462,21
835,840,837.5,0.000169671,0.000848356,12
840,845,842.5,0.000212089,0.00106045,15
845,850,847.5,0.000183811,0.000919053,13
850,855,852.5,0.000212089,0.00106045,15
855,860,857.5,0.000226228,0.00113114,16
860,865,862.5,0.000226228,0.00113114,16
865,870,867.5,0.000311064,0.00155532,22
870,875,872.5,0.00019795,0.000989749,14
875,880,877.5,0.000282785,0.00141393,20
880,885,882.5,0.000254507,0.00127253,18
885,890,887.5,0.000240368,0.00120184,17
890,895,892.5,0.000749381,0.00374691,53
895,900,897.5,0.000169671,0.000848356,12
900,905,902.5,0.000254507,0.00127253,18
905,910,907.5,0.000141393,0.000706964,10
910,915,912.5,0.00019795,0.000989749,14
915,920,917.5,0.000254507,0.00127253,18
920,925,922.5,0.000155532,0.00077766,11
925,930,927.5,0.000113114,0.000565571,8
930,935,932.5,0.000268646,0.00134323,19
935,940,937.5,0.000155532,0.00077766,11
940,945,942.5,0.00019795,0.000989749,14
945,950,947.5,0.000254507,0.00127253,18
950,955,952.5,0.00019795,0.000989749,14
955,960,957.5,0.000183811,0.000919053,13
960,965,962.5,0.000240368,0.00120184,17
965,970,967.5,0.00019795,0.000989749,14
970,975,972.5,0.000240368,0.00120184,17
975,980,977.5,0.000226228,0.00113114,16
980,985,982.5,0.000353482,0.00176741,25
985,990,987.5,0.000226228,0.00113114,16
990,995,992.5,0.00019795,0.000989749,14
995,1000,997.5,0.000240368,0.00120184,17
1000,1005,1002.5,0.000226228,0.00113114,16
1005,1010,1007.5,0.000169671,0.000848356,12
1010,1015,1012.5,0.00019795,0.000989749,14
1015,1020,1017.5,0.000240368,0.00120184,17
1020,1025,1022.5,0.00019795,0.000989749,14
1025,1030,1027.5,0.000183811,0.000919053,13
1030,1035,1032.5,0.000155532,0.00077766,11
1035,1040,1037.5,0.000212089,0.00106045,15
1040,1045,1042.5,0.000254507,0.00127253,18
1045,1050,1047.5,0.000183811,0.000919053,13
1050,1055,1052.5,0.000183811,0.000919053,13
1055,1060,1057.5,0.000169671,0.000848356,12
1060,1065,1062.5,0.000240368,0.00120184,17
1065,1070,1067.5,0.000311064,0.00155532,22
1070,1075,1072.5,0.000212089,0.00106045,15
1075,1080,1077.5,0.000169671,0.000848356,12
1080,1085,1082.5,0.000268646,0.00134323,19
1085,1090,1087.5,0.000254507,0.00127253,18
1090,1095,1092.5,0.000212089,0.00106045,15
1095,1100,1097.5,0.000254507,0.00127253,18
1100,1105,1102.5,0.00038176,0.0019088,27
1105,1110,1107.5,0.000226228,0.00113114,16
1110,1115,1112.5,0.000353482,0.00176741,25
1115,1120,1117.5,0.000636267,0.00318134,45
1120,1125,1122.5,0.000296925,0.00148462,21
1125,1130,1127.5,0.000438317,0.00219159,31
1130,1135,1132.5,0.000240368,0.00120184,17
1135,1140,1137.5,0.0003959,0.0019795,28
1140,1145,1142.5,0.000226228,0.00113114,16
1145,1150,1147.5,0.000339343,0.00169671,24
1150,1155,1152.5,0.00019795,0.000989749,14
1155,1160,1157.5,0.00038176,0.0019088,27
1160,1165,1162.5,0.000325203,0.00162602,23
1165,1170,1167.5,0.000240368,0.00120184,17
1170,1175,1172.5,0.000311064,0.00155532,22
1175,1180,1177.5,0.00019795,0.000989749,14
1180,1185,1182.5,0.000226228,0.00113114,16
1185,1190,1187.5,0.000240368,0.00120184,17
1190,1195,1192.5,0.00019795,0.000989749,14
1195,1200,1197.5,0.000296925,0.00148462,21
1200,1205,1202.5,0.000296925,0.00148462,21
1205,1210,1207.5,0.0003959,0.0019795,28
1210,1215,1212.5,0.000367621,0.00183811,26
1215,1220,1217.5,0.000353482,0.00176741,25
1220,1225,1222.5,0.000183811,0.000919053,13
1225,1230,1227.5,0.000226228,0.00113114,16
1230,1235,1232.5,0.00019795,0.000989749,14
1235,1240,1237.5,0.000254507,0.00127253,18
1240,1245,1242.5,0.000311064,0.00155532,22
1245,1250,1247.5,0.000254507,0.00127253,18
1250,1255,1252.5,0.00019795,0.000989749,14
1255,1260,1257.5,0.000268646,0.00134323,19
1260,1265,1262.5,0.000311064,0.00155532,22
1265,1270,1267.5,0.000155532,0.00077766,11
1270,1275,1272.5,0.000452457,0.00226228,32
1275,1280,1277.5,0.000212089,0.00106045,15
1280,1285,1282.5,0.000296925,0.00148462,21
1285,1290,1287.5,0.000254507,0.00127253,18
1290,1295,1292.5,0.000183811,0.000919053,13
1295,1300,1297.5,0.000296925,0.00148462,21
1300,1305,1302.5,0.000296925,0.00148462,21
1305,1310,1307.5,0.000325203,0.00162602,23
1310,1315,1312.5,0.00019795,0.000989749,14
1315,1320,1317.5,0.000141393,0.000706964,10
1320,1325,1322.5,0.000226228,0.00113114,16
1325,1330,1327.5,0.000240368,0.00120184,17
1330,1335,1332.5,0.000240368,0.00120184,17
1335,1340,1337.5,0.00019795,0.000989749,14
1340,1345,1342.5,0.000339343,0.00169671,24
1345,1350,1347.5,8.48356e-05,0.000424178,6
1350,1355,1352.5,0.00019795,0.000989749,14
1355,1360,1357.5,0.00019795,0.000989749,14
1360,1365,1362.5,0.000212089,0.00106045,15
1365,1370,1367.5,0.000212089,0.00106045,15
1370,1375,1372.5,0.000240368,0.00120184,17
1375,1380,1377.5,0.000254507,0.00127253,18
1380,1385,1382.5,0.000212089,0.00106045,15
1385,1390,1387.5,0.000240368,0.00120184,17
1390,1395,1392.5,0.00019795,0.000989749,14
1395,1400,1397.5,0.000268646,0.00134323,19
1400,1405,1402.5,0.000311064,0.00155532,22
1405,1410,1407.5,0.000155532,0.00077766,11
1410,1415,1412.5,0.000240368,0.00120184,17
1415,1420,1417.5,0.000183811,0.000919053,13
1420,1425,1422.5,0.000296925,0.00148462,21
1425,1430,1427.5,0.000240368,0.00120184,17
1430,1435,1432.5,0.000339343,0.00169671,24
1435,1440,1437.5,0.000212089,0.00106045,15
1440,1445,1442.5,0.000226228,0.00113114,16
1445,1450,1447.5,0.000226228,0.00113114,16
1450,1455,1452.5,0.00019795,0.000989749,14
1455,1460,1457.5,0.000254507,0.00127253,18
1460,1465,1462.5,0.00019795,0.000989749,14
1465,1470,1467.5,0.000212089,0.00106045,15
1470,1475,1472.5,0.000113114,0.000565571,8
1475,1480,1477.5,0.000141393,0.000706964,10
1480,1485,1482.5,0.000127253,0.000636267,9
1485,1490,1487.5,0.000141393,0.000706964,10
1490,1495,1492.5,0.000254507,0.00127253,18
1495,1500,1497.5,0.000240368,0.00120184,17
1500,1505,1502.5,0.000169671,0.000848356,12
1505,1510,1507.5,0.000325203,0.00162602,23
1510,1515,1512.5,0.000226228,0.00113114,16
1515,1520,1517.5,0.000127253,0.000636267,9
1520,1525,1522.5,0.00019795,0.000989749,14
1525,1530,1527.5,0.000155532,0.00077766,11
1530,1535,1532.5,0.000141393,0.000706964,10
1535,1540,1537.5,0.00019795,0.000989749,14
1540,1545,1542.5,0.000127253,0.000636267,9
1545,1550,1547.5,0.000268646,0.00134323,19
1550,1555,1552.5,0.000141393,0.000706964,10
1555,1560,1557.5,0.000113114,0.000565571,8
1560,1565,1562.5,0.000240368,0.00120184,17
1565,1570,1567.5,0.000183811,0.000919053,13
1570,1575,1572.5,0.000311064,0.00155532,22
1575,1580,1577.5,0.000183811,0.000919053,13
1580,1585,1582.5,0.000226228,0.00113114,16
1585,1590,1587.5,0.000212089,0.00106045,15
1590,1595,1592.5,0.000155532,0.00077766,11
1595,1600,1597.5,0.000296925,0.00148462,21
1600,1605,1602.5,0.000113114,0.000565571,8
1605,1610,1607.5,0.000212089,0.00106045,15
1610,1615,1612.5,0.000113114,0.000565571,8
1615,1620,1617.5,0.000282785,0.00141393,20
1620,1625,1622.5,0.00019795,0.000989749,14
1625,1630,1627.5,0.000254507,0.00127253,18
1630,1635,1632.5,0.000212089,0.00106045,15
1635,1640,1637.5,0.000155532,0.00077766,11
1640,1645,1642.5,0.000141393,0.000706964,10
1645,1650,1647.5,0.000254507,0.00127253,18
1650,1655,1652.5,0.000226228,0.00113114,16
1655,1660,1657.5,0.000240368,0.00120184,17
1660,1665,1662.5,0.000183811,0.000919053,13
1665,1670,1667.5,0.000268646,0.00134323,19
1670,1675,1672.5,0.000212089,0.00106045,15
1675,1680,1677.5,0.000240368,0.00120184,17
1680,1685,1682.5,0.000169671,0.000848356,12
1685,1690,1687.5,0.000141393,0.000706964,10
1690,1695,1692.5,0.000183811,0.000919053,13
1695,1700,1697.5,0.000240368,0.00120184,17
1700,1705,1702.5,0.000141393,0.000706964,10
1705,1710,1707.5,0.000183811,0.000919053,13
1710,1715,1712.5,0.00019795,0.000989749,14
1715,1720,1717.5,0.000183811,0.000919053,13
1720,1725,1722.5,0.000212089,0.00106045,15
1725,1730,1727.5,0.000169671,0.000848356,12
1730,1735,1732.5,0.000169671,0.000848356,12
1735,1740,1737.5,0.000212089,0.00106045,15
1740,1745,1742.5,0.000240368,0.00120184,17
1745,1750,1747.5,0.000282785,0.00141393,20
1750,1755,1752.5,0.000127253,0.000636267,9
1755,1760,1757.5,0.000183811,0.000919053,13
1760,1765,1762.5,0.000282785,0.00141393,20
1765,1770,1767.5,0.000226228,0.00113114,16
1770,1775,1772.5,0.000113114,0.000565571,8
1775,1780,1777.5,0.00019795,0.000989749,14
1780,1785,1782.5,0.000155532,0.00077766,11
1785,1790,1787.5,0.000212089,0.00106045,15
1790,1795,1792.5,0.00019795,0.000989749,14
1795,1800,1797.5,0.000141393,0.000706964,10
1800,1805,1802.5,0.00019795,0.000989749,14
1805,1810,1807.5,0.000212089,0.00106045,15
1810,1815,1812.5,0.000183811,0.000919053,13
1815,1820,1817.5,0.000240368,0.00120184,17
1820,1825,1822.5,0.000169671,0.000848356,12
1825,1830,1827.5,0.000183811,0.000919053,13
1830,1835,1832.5,0.000212089,0.00106045,15
1835,1840,1837.5,0.000127253,0.000636267,9
1840,1845,1842.5,0.000183811,0.000919053,13
1845,1850,1847.5,0.000212089,0.00106045,15
1850,1855,1852.5,0.000240368,0.00120184,17
1855,1860,1857.5,0.000183811,0.000919053,13
1860,1865,1862.5,0.00019795,0.000989749,14
1865,1870,1867.5,0.000183811,0.000919053,13
1870,1875,1872.5,0.000169671,0.000848356,12
1875,1880,1877.5,0.000113114,0.000565571,8
1880,1885,1882.5,0.000127253,0.000636267,9
1885,1890,1887.5,0.000296925,0.00148462,21
1890,1895,1892.5,0.000183811,0.000919053,13
1895,1900,1897.5,0.000113114,0.000565571,8
1900,1905,1902.5,0.000226228,0.00113114,16
1905,1910,1907.5,0.000155532,0.00077766,11
1910,1915,1912.5,0.000127253,0.000636267,9
1915,1920,1917.5,0.00019795,0.000989749,14
1920,1925,1922.5,0.000169671,0.000848356,12
1925,1930,1927.5,0.000141393,0.000706964,10
1930,1935,1932.5,0.000155532,0.00077766,11
1935,1940,1937.5,0.000169671,0.000848356,12
1940,1945,1942.5,0.000183811,0.000919053,13
1945,1950,1947.5,0.000127253,0.000636267,9
1950,1955,1952.5,0.000113114,0.000565571,8
1955,1960,1957.5,0.000169671,0.000848356,12
1960,1965,1962.5,0.00019795,0.000989749,14
1965,1970,1967.5,0.000212089,0.00106045,15
1970,1975,1972.5,0.000212089,0.00106045,15
1975,1980,1977.5,0.00019795,0.000989749,14
1980,1985,1982.5,0.000240368,0.00120184,17
1985,1990,1987.5,0.000268646,0.00134323,19
1990,1995,1992.5,9.89749e-05,0.000494875,7
1995,2000,1997.5,0.000169671,0.000848356,12
2000,2005,2002.5,0.000183811,0.000919053,13
2005,2010,2007.5,0.000155532,0.00077766,11
2010,2015,2012.5,0.000127253,0.000636267,9
2015,2020,2017.5,0.000240368,0.00120184,17
2020,2025,2022.5,0.000169671,0.000848356,12
2025,2030,2027.5,0.00019795,0.000989749,14
2030,2035,2032.5,0.000155532,0.00077766,11
2035,2040,2037.5,0.000141393,0.000706964,10
2040,2045,2042.5,0.000183811,0.000919053,13
2045,2050,2047.5,8.48356e-05,0.000424178,6
2050,2055,2052.5,0.000183811,0.000919053,13
2055,2060,2057.5,0.000155532,0.00077766,11
2060,2065,2062.5,0.000113114,0.000565571,8
2065,2070,2067.5,0.000127253,0.000636267,9
2070,2075,2072.5,0.000155532,0.00077766,11
2075,2080,2077.5,0.000169671,0.000848356,12
2080,2085,2082.5,0.000240368,0.00120184,17
2085,2090,2087.5,0.000183811,0.000919053,13
2090,2095,2092.5,0.000183811,0.000919053,13
2095,2100,2097.5,0.000254507,0.00127253,18
2100,2105,2102.5,0.00019795,0.000989749,14
2105,2110,2107.5,0.000113114,0.000565571,8
2110,2115,2112.5,0.000127253,0.000636267,9
2115,2120,2117.5,0.000155532,0.00077766,11
2120,2125,2122.5,0.000155532,0.00077766,11
2125,2130,2127.5,8.48356e-05,0.000424178,6
2130,2135,2132.5,0.000183811,0.000919053,13
2135,2140,2137.5,0.000155532,0.00077766,11
2140,2145,2142.5,0.000113114,0.000565571,8
2145,2150,2147.5,0.000212089,0.00106045,15
2150,2155,2152.5,0.000127253,0.000636267,9
2155,2160,2157.5,0.000141393,0.000706964,10
2160,2165,2162.5,0.000169671,0.000848356,12
2165,2170,2167.5,9.89749e-05,0.000494875,7
2170,2175,2172.5,9.89749e-05,0.000494875,7
2175,2180,2177.5,0.00019795,0.000989749,14
2180,2185,2182.5,0.00019795,0.000989749,14
2185,2190,2187.5,0.000183811,0.000919053,13
2190,2195,2192.5,0.000226228,0.00113114,16
2195,2200,2197.5,0.000226228,0.00113114,16
2200,2205,2202.5,0.00019795,0.000989749,14
2205,2210,2207.5,0.00019795,0.000989749,14
2210,2215,2212.5,0.000169671,0.000848356,12
2215,2220,2217.5,0.000127253,0.000636267,9
2220,2225,2222.5,5.65571e-05,0.000282785,4
2225,2230,2227.5,0.000183811,0.000919053,13
2230,2235,2232.5,9.89749e-05,0.000494875,7
2235,2240,2237.5,0.00019795,0.000989749,14
2240,2245,2242.5,0.000113114,0.000565571,8
2245,2250,2247.5,0.000169671,0.000848356,12
2250,2255,2252.5,0.000155532,0.00077766,11
2255,2260,2257.5,0.000169671,0.000848356,12
2260,2265,2262.5,0.000240368,0.00120184,17
2265,2270,2267.5,0.000127253,0.000636267,9
2270,2275,2272.5,0.000155532,0.00077766,11
2275,2280,2277.5,4.24178e-05,0.000212089,3
2280,2285,2282.5,0.000141393,0.000706964,10
2285,2290,2287.5,0.000141393,0.000706964,10
2290,2295,2292.5,0.000113114,0.000565571,8
2295,2300,2297.5,0.000113114,0.000565571,8
2300,2305,2302.5,9.89749e-05,0.000494875,7
2305,2310,2307.5,0.000155532,0.00077766,11
2310,2315,2312.5,0.000155532,0.00077766,11
2315,2320,2317.5,0.000113114,0.000565571,8
2320,2325,2322.5,8.48356e-05,0.000424178,6
2325,2330,2327.5,0.000183811,0.000919053,13
2330,2335,2332.5,0.000141393,0.000706964,10
2335,2340,2337.5,0.000113114,0.000565571,8
2340,2345,2342.5,0.000155532,0.00077766,11
2345,2350,2347.5,0.00019795,0.000989749,14
2350,2355,2352.5,9.89749e-05,0.000494875,7
2355,2360,2357.5,0.000113114,0.000565571,8
2360,2365,2362.5,0.000113114,0.000565571,8
2365,2370,2367.5,8.48356e-05,0.000424178,6
2370,2375,2372.5,0.00019795,0.000989749,14
2375,2380,2377.5,0.000155532,0.00077766,11
2380,2385,2382.5,0.000141393,0.000706964,10
2385,2390,2387.5,0.000113114,0.000565571,8
2390,2395,2392.5,8.48356e-05,0.000424178,6
2395,2400,2397.5,0.00019795,0.000989749,14
2400,2405,2402.5,8.48356e-05,0.000424178,6
2405,2410,2407.5,0.000127253,0.000636267,9
2410,2415,2412.5,0.000226228,0.00113114,16
2415,2420,2417.5,0.000141393,0.000706964,10
2420,2425,2422.5,0.00019795,0.000989749,14
2425,2430,2427.5,0.000169671,0.000848356,12
2430,2435,2432.5,0.00019795,0.000989749,14
2435,2440,2437.5,0.000113114,0.000565571,8
2440,2445,2442.5,9.89749e-05,0.000494875,7
2445,2450,2447.5,0.000155532,0.00077766,11
2450,2455,2452.5,0.000155532,0.00077766,11
2455,2460,2457.5,0.000169671,0.000848356,12
2460,2465,2462.5,0.000169671,0.000848356,12
2465,2470,2467.5,0.000226228,0.00113114,16
2470,2475,2472.5,8.48356e-05,0.000424178,6
2475,2480,2477.5,7.06964e-05,0.000353482,5
2480,2485,2482.5,0.000127253,0.000636267,9
2485,2490,2487.5,9.89749e-05,0.000494875,7
2490,2495,2492.5,0.000127253,0.000636267,9
2495,2500,2497.5,0.000141393,0.000706964,10
2500,2505,2502.5,0.000127253,0.000636267,9
2505,2510,2507.5,8.48356e-05,0.000424178,6
2510,2515,2512.5,9.89749e-05,0.000494875,7
2515,2520,2517.5,0.000141393,0.000706964,10
2520,2525,2522.5,0.000155532,0.00077766,11
2525,2530,2527.5,0.000113114,0.000565571,8
2530,2535,2532.5,0.000169671,0.000848356,12
2535,2540,2537.5,0.000169671,0.000848356,12
2540,2545,2542.5,0.000183811,0.000919053,13
2545,2550,2547.5,0.000169671,0.000848356,12
2550,2555,2552.5,0.000169671,0.000848356,12
2555,2560,2557.5,8.48356e-05,0.000424178,6
2560,2565,2562.5,0.000155532,0.00077766,11
2565,2570,2567.5,0.00019795,0.000989749,14
2570,2575,2572.5,0.000141393,0.000706964,10
2575,2580,2577.5,9.89749e-05,0.000494875,7
2580,2585,2582.5,0.000183811,0.000919053,13
2585,2590,2587.5,9.89749e-05,0.000494875,7
2590,2595,2592.5,7.06964e-05,0.000353482,5
2595,2600,2597.5,9.89749e-05,0.000494875,7
2600,2605,2602.5,0.000141393,0.000706964,10
2605,2610,2607.5,8.48356e-05,0.000424178,6
2610,2615,2612.5,5.65571e-05,0.000282785,4
2615,2620,2617.5,0.000127253,0.000636267,9
2620,2625,2622.5,0.000155532,0.00077766,11
2625,2630,2627.5,0.000141393,0.000706964,10
2630,2635,2632.5,0.000169671,0.000848356,12
2635,2640,2637.5,0.000113114,0.000565571,8
2640,2645,2642.5,0.00019795,0.000989749,14
2645,2650,2647.5,5.65571e-05,0.000282785,4
2650,2655,2652.5,0.000127253,0.000636267,9
2655,2660,2657.5,0.000212089,0.00106045,15
2660,2665,2662.5,8.48356e-05,0.000424178,6
2665,2670,2667.5,0.000169671,0.000848356,12
2670,2675,2672.5,0.000127253,0.000636267,9
2675,2680,2677.5,8.48356e-05,0.000424178,6
2680,2685,2682.5,0.000127253,0.000636267,9
2685,2690,2687.5,0.000169671,0.000848356,12
2690,2695,2692.5,0.000141393,0.000706964,10
2695,2700,2697.5,0.000127253,0.000636267,9
2700,2705,2702.5,8.48356e-05,0.000424178,6
2705,2710,2707.5,0.000155532,0.00077766,11
2710,2715,2712.5,9.89749e-05,0.000494875,7
2715,2720,2717.5,0.000127253,0.000636267,9
2720,2725,2722.5,5.65571e-05,0.000282785,4
2725,2730,2727.5,8.48356e-05,0.000424178,6
2730,2735,2732.5,0.000113114,0.000565571,8
2735,2740,2737.5,0.000169671,0.000848356,12
2740,2745,2742.5,0.000141393,0.000706964,10
2745,2750,2747.5,5.65571e-05,0.000282785,4
2750,2755,2752.5,0.000212089,0.00106045,15
2755,2760,2757.5,0.000169671,0.000848356,12
2760,2765,2762.5,9.89749e-05,0.000494875,7
2765,2770,2767.5,0.000113114,0.000565571,8
2770,2775,2772.5,0.000127253,0.000636267,9
2775,2780,2777.5,0.000127253,0.000636267,9
2780,2785,2782.5,0.000113114,0.000565571,8
2785,2790,2787.5,0.000254507,0.00127253,18
2790,2795,2792.5,0.000212089,0.00106045,15
2795,2800,2797.5,0.000212089,0.00106045,15
2800,2805,2802.5,0.000141393,0.000706964,10
2805,2810,2807.5,5.65571e-05,0.000282785,4
2810,2815,2812.5,0.000183811,0.000919053,13
2815,2820,2817.5,0.000155532,0.00077766,11
2820,2825,2822.5,9.89749e-05,0.000494875,7
2825,2830,2827.5,0.000141393,0.000706964,10
2830,2835,2832.5,8.48356e-05,0.000424178,6
2835,2840,2837.5,0.000155532,0.00077766,11
2840,2845,2842.5,0.000141393,0.000706964,10
2845,2850,2847.5,8.48356e-05,0.000424178,6
2850,2855,2852.5,0.000183811,0.000919053,13
2855,2860,2857.5,0.000141393,0.000706964,10
2860,2865,2862.5,7.06964e-05,0.000353482,5
2865,2870,2867.5,0.000141393,0.000706964,10
2870,2875,2872.5,0.000254507,0.00127253,18
2875,2880,2877.5,0.000127253,0.000636267,9
2880,2885,2882.5,0.000113114,0.000565571,8
2885,2890,2887.5,9.89749e-05,0.000494875,7
2890,2895,2892.5,0.000127253,0.000636267,9
2895,2900,2897.5,8.48356e-05,0.000424178,6
2900,2905,2902.5,0.000183811,0.000919053,13
2905,2910,2907.5,0.000127253,0.000636267,9
2910,2915,2912.5,8.48356e-05,0.000424178,6
2915,2920,2917.5,0.000183811,0.000919053,13
2920,2925,2922.5,9.89749e-05,0.000494875,7
2925,2930,2927.5,0.000141393,0.000706964,10
2930,2935,2932.5,0.000212089,0.00106045,15
2935,2940,2937.5,0.000183811,0.000919053,13
2940,2945,2942.5,5.65571e-05,0.000282785,4
2945,2950,2947.5,0.000183811,0.000919053,13
2950,2955,2952.5,5.65571e-05,0.000282785,4
2955,2960,2957.5,9.89749e-05,0.000494875,7
2960,2965,2962.5,0.000127253,0.000636267,9
2965,2970,2967.5,7.06964e-05,0.000353482,5
2970,2975,2972.5,9.89749e-05,0.000494875,7
2975,2980,2977.5,0.000155532,0.00077766,11
2980,2985,2982.5,0.000113114,0.000565571,8
2985,2990,2987.5,0.000141393,0.000706964,10
2990,2995,2992.5,8.48356e-05,0.000424178,6
2995,3000,2997.5,0.000141393,0.000706964,10
3000,3005,3002.5,7.06964e-05,0.000353482,5
3005,3010,3007.5,8.48356e-05,0.000424178,6
3010,3015,3012.5,7.06964e-05,0.000353482,5
3015,3020,3017.5,7.06964e-05,0.000353482,5
3020,3025,3022.5,0.000141393,0.000706964,10
3025,3030,3027.5,0.000113114,0.000565571,8
3030,3035,3032.5,4.24178e-05,0.000212089,3
3035,3040,3037.5,0.000141393,0.000706964,10
3040,3045,3042.5,0.000113114,0.000565571,8
3045,3050,3047.5,5.65571e-05,0.000282785,4
3050,3055,3052.5,0.000183811,0.000919053,13
3055,3060,3057.5,8.48356e-05,0.000424178,6
3060,3065,3062.5,0.000127253,0.000636267,9
3065,3070,3067.5,0.000113114,0.000565571,8
3070,3075,3072.5,0.00019795,0.000989749,14
3075,3080,3077.5,9.89749e-05,0.000494875,7
3080,3085,3082.5,0.000141393,0.000706964,10
3085,3090,3087.5,9.89749e-05,0.000494875,7
3090,3095,3092.5,8.48356e-05,0.000424178,6
3095,3100,3097.5,0.000212089,0.00106045,15
3100,3105,3102.5,0.000155532,0.00077766,11
3105,3110,3107.5,5.65571e-05,0.000282785,4
3110,3115,3112.5,0.000113114,0.000565571,8
3115,3120,3117.5,0.000169671,0.000848356,12
3120,3125,3122.5,0.000127253,0.000636267,9
3125,3130,3127.5,0.000183811,0.000919053,13
3130,3135,3132.5,0.000127253,0.000636267,9
3135,3140,3137.5,0.000141393,0.000706964,10
3140,3145,3142.5,0.000155532,0.00077766,11
3145,3150,3147.5,0.000226228,0.00113114,16
3150,3155,3152.5,9.89749e-05,0.000494875,7
3155,3160,3157.5,0.00019795,0.000989749,14
3160,3165,3162.5,4.24178e-05,0.000212089,3
3165,3170,3167.5,4.24178e-05,0.000212089,3
3170,3175,3172.5,9.89749e-05,0.000494875,7
3175,3180,3177.5,0.000113114,0.000565571,8
3180,3185,3182.5,0.000141393,0.000706964,10
3185,3190,3187.5,0.000113114,0.000565571,8
3190,3195,3192.5,0.000183811,0.000919053,13
3195,3200,3197.5,7.06964e-05,0.000353482,5
3200,3205,3202.5,0.000155532,0.00077766,11
3205,3210,3207.5,0.000155532,0.00077766,11
3210,3215,3212.5,0.000141393,0.000706964,10
3215,3220,3217.5,9.89749e-05,0.000494875,7
3220,3225,3222.5,7.06964e-05,0.000353482,5
3225,3230,3227.5,0.000141393,0.000706964,10
3230,3235,3232.5,7.06964e-05,0.000353482,5
3235,3240,3237.5,9.89749e-05,0.000494875,7
3240,3245,3242.5,0.000183811,0.000919053,13
3245,3250,3247.5,9.89749e-05,0.000494875,7
3250,3255,3252.5,0.000155532,0.00077766,11
3255,3260,3257.5,0.000155532,0.00077766,11
3260,3265,3262.5,7.06964e-05,0.000353482,5
3265,3270,3267.5,0.000169671,0.000848356,12
3270,3275,3272.5,0.000113114,0.000565571,8
3275,3280,3277.5,0.000169671,0.000848356,12
3280,3285,3282.5,0.000155532,0.00077766,11
3285,3290,3287.5,0.000169671,0.000848356,12
3290,3295,3292.5,0.00019795,0.000989749,14
3295,3300,3297.5,4.24178e-05,0.000212089,3
3300,3305,3302.5,0.000212089,0.00106045,15
3305,3310,3307.5,0.000212089,0.00106045,15
3310,3315,3312.5,7.06964e-05,0.000353482,5
3315,3320,3317.5,8.48356e-05,0.000424178,6
3320,3325,3322.5,0.000141393,0.000706964,10
3325,3330,3327.5,0.000155532,0.00077766,11
3330,3335,3332.5,0.000113114,0.000565571,8
3335,3340,3337.5,0.000113114,0.000565571,8
3340,3345,3342.5,7.06964e-05,0.000353482,5
3345,3350,3347.5,0.000113114,0.000565571,8
3350,3355,3352.5,7.06964e-05,0.000353482,5
3355,3360,3357.5,9.89749e-05,0.000494875,7
3360,3365,3362.5,0.000183811,0.000919053,13
3365,3370,3367.5,0.000113114,0.000565571,8
3370,3375,3372.5,0.000127253,0.000636267,9
3375,3380,3377.5,5.65571e-05,0.000282785,4
3380,3385,3382.5,0.000113114,0.000565571,8
3385,3390,3387.5,9.89749e-05,0.000494875,7
3390,3395,3392.5,8.48356e-05,0.000424178,6
3395,3400,3397.5,0.000113114,0.000565571,8
3400,3405,3402.5,2.82785e-05,0.000141393,2
3405,3410,3407.5,8.48356e-05,0.000424178,6
3410,3415,3412.5,0.000141393,0.000706964,10
3415,3420,3417.5,0.000169671,0.000848356,12
3420,3425,3422.5,9.89749e-05,0.000494875,7
3425,3430,3427.5,0.000113114,0.000565571,8
3430,3435,3432.5,0.000113114,0.000565571,8
3435,3440,3437.5,0.000141393,0.000706964,10
3440,3445,3442.5,7.06964e-05,0.000353482,5
3445,3450,3447.5,7.06964e-05,0.000353482,5
3450,3455,3452.5,8.48356e-05,0.000424178,6
3455,3460,3457.5,0.000113114,0.000565571,8
3460,3465,3462.5,8.48356e-05,0.000424178,6
3465,3470,3467.5,0.000113114,0.000565571,8
3470,3475,3472.5,8.48356e-05,0.000424178,6
3475,3480,3477.5,0.000155532,0.00077766,11
3480,3485,3482.5,9.89749e-05,0.000494875,7
3485,3490,3487.5,8.48356e-05,0.000424178,6
3490,3495,3492.5,9.89749e-05,0.000494875,7
3495,3500,3497.5,8.48356e-05,0.000424178,6
3500,3505,3502.5,0.000113114,0.000565571,8
3505,3510,3507.5,0.000113114,0.000565571,8
3510,3515,3512.5,4.24178e-05,0.000212089,3
3515,3520,3517.5,9.89749e-05,0.000494875,7
3520,3525,3522.5,7.06964e-05,0.000353482,5
3525,3530,3527.5,0.00019795,0.000989749,14
3530,3535,3532.5,0.000141393,0.000706964,10
3535,3540,3537.5,8.48356e-05,0.000424178,6
3540,3545,3542.5,8.48356e-05,0.000424178,6
3545,3550,3547.5,8.48356e-05,0.000424178,6
3550,3555,3552.5,0.000127253,0.000636267,9
3555,3560,3557.5,9.89749e-05,0.000494875,7
3560,3565,3562.5,0.000127253,0.000636267,9
3565,3570,3567.5,7.06964e-05,0.000353482,5
3570,3575,3572.5,0.000141393,0.000706964,10
3575,3580,3577.5,0.000127253,0.000636267,9
3580,3585,3582.5,0.000169671,0.000848356,12
3585,3590,3587.5,0.000169671,0.000848356,12
3590,3595,3592.5,4.24178e-05,0.000212089,3
3595,3600,3597.5,0.000155532,0.00077766,11
3600,3605,3602.5,7.06964e-05,0.000353482,5
3605,3610,3607.5,0.000113114,0.000565571,8
3610,3615,3612.5,8.48356e-05,0.000424178,6
3615,3620,3617.5,0.000113114,0.000565571,8
3620,3625,3622.5,0.000127253,0.000636267,9
3625,3630,3627.5,0.000141393,0.000706964,10
3630,3635,3632.5,0.000113114,0.000565571,8
3635,3640,3637.5,5.65571e-05,0.000282785,4
3640,3645,3642.5,0.000113114,0.000565571,8
3645,3650,3647.5,9.89749e-05,0.000494875,7
3650,3655,3652.5,8.48356e-05,0.000424178,6
3655,3660,3657.5,0.000141393,0.000706964,10
3660,3665,3662.5,0.000183811,0.000919053,13
3665,3670,3667.5,0.000226228,0.00113114,16
3670,3675,3672.5,0.000113114,0.000565571,8
3675,3680,3677.5,0.000141393,0.000706964,10
3680,3685,3682.5,0.000127253,0.000636267,9
3685,3690,3687.5,8.48356e-05,0.000424178,6
3690,3695,3692.5,9.89749e-05,0.000494875,7
3695,3700,3697.5,9.89749e-05,0.000494875,7
3700,3705,3702.5,0.000169671,0.000848356,12
3705,3710,3707.5,7.06964e-05,0.000353482,5
3710,3715,3712.5,5.65571e-05,0.000282785,4
3715,3720,3717.5,0.000155532,0.00077766,11
3720,3725,3722.5,4.24178e-05,0.000212089,3
3725,3730,3727.5,8.48356e-05,0.000424178,6
3730,3735,3732.5,0.00019795,0.000989749,14
3735,3740,3737.5,0.000113114,0.000565571,8
3740,3745,3742.5,4.24178e-05,0.000212089,3
3745,3750,3747.5,0.000113114,0.000565571,8
3750,3755,3752.5,9.89749e-05,0.000494875,7
3755,3760,3757.5,8.48356e-05,0.000424178,6
3760,3765,3762.5,8.48356e-05,0.000424178,6
3765,3770,3767.5,9.89749e-05,0.000494875,7
3770,3775,3772.5,0.000113114,0.000565571,8
3775,3780,3777.5,0.000113114,0.000565571,8
3780,3785,3782.5,0.000141393,0.000706964,10
3785,3790,3787.5,9.89749e-05,0.000494875,7
3790,3795,3792.5,0.000169671,0.000848356,12
3795,3800,3797.5,7.06964e-05,0.000353482,5
3800,3805,3802.5,9.89749e-05,0.000494875,7
3805,3810,3807.5,8.48356e-05,0.000424178,6
3810,3815,3812.5,0.000127253,0.000636267,9
3815,3820,3817.5,0.000113114,0.000565571,8
3820,3825,3822.5,0.000183811,0.000919053,13
3825,3830,3827.5,8.48356e-05,0.000424178,6
3830,3835,3832.5,9.89749e-05,0.000494875,7
3835,3840,3837.5,0.000183811,0.000919053,13
3840,3845,3842.5,0.000127253,0.000636267,9
3845,3850,3847.5,0.000113114,0.000565571,8
3850,3855,3852.5,5.65571e-05,0.000282785,4
3855,3860,3857.5,0.000155532,0.00077766,11
3860,3865,3862.5,9.89749e-05,0.000494875,7
3865,3870,3867.5,0.000113114,0.000565571,8
3870,3875,3872.5,0.000113114,0.000565571,8
3875,3880,3877.5,0.000113114,0.000565571,8
3880,3885,3882.5,0.000169671,0.000848356,12
3885,3890,3887.5,0.000155532,0.00077766,11
3890,3895,3892.5,5.65571e-05,0.000282785,4
3895,3900,3897.5,5.65571e-05,0.000282785,4
3900,3905,3902.5,9.89749e-05,0.000494875,7
3905,3910,3907.5,0.000169671,0.000848356,12
3910,3915,3912.5,0.000155532,0.00077766,11
3915,3920,3917.5,8.48356e-05,0.000424178,6
3920,3925,3922.5,8.48356e-05,0.000424178,6
3925,3930,3927.5,8.48356e-05,0.000424178,6
3930,3935,3932.5,7.06964e-05,0.000353482,5
3935,3940,3937.5,7.06964e-05,0.000353482,5
3940,3945,3942.5,8.48356e-05,0.000424178,6
3945,3950,3947.5,9.89749e-05,0.000494875,7
3950,3955,3952.5,0.000127253,0.000636267,9
3955,3960,3957.5,9.89749e-05,0.000494875,7
3960,3965,3962.5,0.000127253,0.000636267,9
3965,3970,3967.5,0.000113114,0.000565571,8
3970,3975,3972.5,0.000183811,0.000919053,13
3975,3980,3977.5,0.000155532,0.00077766,11
3980,3985,3982.5,0.000113114,0.000565571,8
3985,3990,3987.5,0.000127253,0.000636267,9
3990,3995,3992.5,0.000127253,0.000636267,9
3995,4000,3997.5,5.65571e-05,0.000282785,4
4000,4005,4002.5,5.65571e-05,0.000282785,4
4005,4010,4007.5,0.000183811,0.000919053,13
4010,4015,4012.5,8.48356e-05,0.000424178,6
4015,4020,4017.5,8.48356e-05,0.000424178,6
4020,4025,4022.5,0.000113114,0.000565571,8
4025,4030,4027.5,5.65571e-05,0.000282785,4
4030,4035,4032.5,0.000169671,0.000848356,12
4035,4040,4037.5,5.65571e-05,0.000282785,4
4040,4045,4042.5,0.000113114,0.000565571,8
4045,4050,4047.5,0.000127253,0.000636267,9
4050,4055,4052.5,7.06964e-05,0.000353482,5
4055,4060,4057.5,0.000113114,0.000565571,8
4060,4065,4062.5,8.48356e-05,0.000424178,6
4065,4070,4067.5,8.48356e-05,0.000424178,6
4070,4075,4072.5,0.000141393,0.000706964,10
4075,4080,4077.5,0.000127253,0.000636267,9
4080,4085,4082.5,4.24178e-05,0.000212089,3
4085,4090,4087.5,7.06964e-05,0.000353482,5
4090,4095,4092.5,9.89749e-05,0.000494875,7
4095,4100,4097.5,0.000127253,0.000636267,9
4100,4105,4102.5,5.65571e-05,0.000282785,4
4105,4110,4107.5,0.000141393,0.000706964,10
4110,4115,4112.5,7.06964e-05,0.000353482,5
4115,4120,4117.5,8.48356e-05,0.000424178,6
4120,4125,4122.5,0.000113114,0.000565571,8
4125,4130,4127.5,5.65571e-05,0.000282785,4
4130,4135,4132.5,0.000127253,0.000636267,9
4135,4140,4137.5,0.000169671,0.000848356,12
4140,4145,4142.5,0.000113114,0.000565571,8
4145,4150,4147.5,8.48356e-05,0.000424178,6
4150,4155,4152.5,7.06964e-05,0.000353482,5
4155,4160,4157.5,0.000169671,0.000848356,12
4160,4165,4162.5,8.48356e-05,0.000424178,6
4165,4170,4167.5,0.000183811,0.000919053,13
4170,4175,4172.5,4.24178e-05,0.000212089,3
4175,4180,4177.5,8.48356e-05,0.000424178,6
4180,4185,4182.5,0.00019795,0.000989749,14
4185,4190,4187.5,0.000113114,0.000565571,8
4190,4195,4192.5,0.000127253,0.000636267,9
4195,4200,4197.5,0.000127253,0.000636267,9
4200,4205,4202.5,5.65571e-05,0.000282785,4
4205,4210,4207.5,8.48356e-05,0.000424178,6
4210,4215,4212.5,9.89749e-05,0.000494875,7
4215,4220,4217.5,9.89749e-05,0.000494875,7
4220,4225,4222.5,0.000113114,0.000565571,8
4225,4230,4227.5,7.06964e-05,0.000353482,5
4230,4235,4232.5,0.000169671,0.000848356,12
4235,4240,4237.5,0.000155532,0.00077766,11
4240,4245,4242.5,9.89749e-05,0.000494875,7
4245,4250,4247.5,8.48356e-05,0.000424178,6
4250,4255,4252.5,0.000127253,0.000636267,9
4255,4260,4257.5,4.24178e-05,0.000212089,3
4260,4265,4262.5,9.89749e-05,0.000494875,7
4265,4270,4267.5,0.000113114,0.000565571,8
4270,4275,4272.5,8.48356e-05,0.000424178,6
4275,4280,4277.5,8.48356e-05,0.000424178,6
4280,4285,4282.5,8.48356e-05,0.000424178,6
4285,4290,4287.5,9.89749e-05,0.000494875,7
4290,4295,4292.5,8.48356e-05,0.000424178,6
4295,4300,4297.5,0.000127253,0.000636267,9
4300,4305,4302.5,0.000141393,0.000706964,10
4305,4310,4307.5,8.48356e-05,0.000424178,6
4310,4315,4312.5,0.000127253,0.000636267,9
4315,4320,4317.5,0.000155532,0.00077766,11
4320,4325,4322.5,5.65571e-05,0.000282785,4
4325,4330,4327.5,9.89749e-05,0.000494875,7
4330,4335,4332.5,0.000127253,0.000636267,9
4335,4340,4337.5,0.000127253,0.000636267,9
4340,4345,4342.5,7.06964e-05,0.000353482,5
4345,4350,4347.5,1.41393e-05,7.06964e-05,1
4350,4355,4352.5,2.82785e-05,0.000141393,2
4355,4360,4357.5,8.48356e-05,0.000424178,6
4360,4365,4362.5,2.82785e-05,0.000141393,2
4365,4370,4367.5,2.82785e-05,0.000141393,2
4370,4375,4372.5,2.82785e-05,0.000141393,2
4375,4380,4377.5,7.06964e-05,0.000353482,5
4380,4385,4382.5,8.48356e-05,0.000424178,6
4385,4390,4387.5,4.24178e-05,0.000212089,3
4395,4400,4397.5,2.82785e-05,0.000141393,2
4400,4405,4402.5,1.41393e-05,7.06964e-05,1
4405,4410,4407.5,1.41393e-05,7.06964e-05,1
4410,4415,4412.5,1.41393e-05,7.06964e-05,1
4415,4420,4417.5,4.24178e-05,0.000212089,3
4420,4425,4422.5,4.24178e-05,0.000212089,3
4425,4430,4427.5,4.24178e-05,0.000212089,3
4430,4435,4432.5,4.24178e-05,0.000212089,3
4435,4440,4437.5,5.65571e-05,0.000282785,4
4440,4445,4442.5,5.65571e-05,0.000282785,4
4450,4455,4452.5,2.82785e-05,0.000141393,2
4455,4460,4457.5,2.82785e-05,0.000141393,2
4460,4465,4462.5,2.82785e-05,0.000141393,2
4465,4470,4467.5,4.24178e-05,0.000212089,3
4470,4475,4472.5,1.41393e-05,7.06964e-05,1
4475,4480,4477.5,1.41393e-05,7.06964e-05,1
4480,4485,4482.5,4.24178e-05,0.000212089,3
4485,4490,4487.5,8.48356e-05,0.000424178,6
4490,4495,4492.5,4.24178e-05,0.000212089,3
4495,4500,4497.5,7.06964e-05,0.000353482,5
4500,4505,4502.5,2.82785e-05,0.000141393,2
4505,4510,4507.5,5.65571e-05,0.000282785,4
4510,4515,4512.5,4.24178e-05,0.000212089,3
4515,4520,4517.5,2.82785e-05,0.000141393,2
4520,4525,4522.5,2.82785e-05,0.000141393,2
4525,4530,4527.5,2.82785e-05,0.000141393,2
4530,4535,4532.5,1.41393e-05,7.06964e-05,1
4535,4540,4537.5,5.65571e-05,0.000282785,4
4540,4545,4542.5,2.82785e-05,0.000141393,2
4545,4550,4547.5,4.24178e-05,0.000212089,3
4550,4555,4552.5,7.06964e-05,0.000353482,5
4555,4560,4557.5,7.06964e-05,0.000353482,5
4560,4565,4562.5,2.82785e-05,0.000141393,2
4565,4570,4567.5,2.82785e-05,0.000141393,2
4575,4580,4577.5,1.41393e-05,7.06964e-05,1
4580,4585,4582.5,1.41393e-05,7.06964e-05,1
4590,4595,4592.5,1.41393e-05,7.06964e-05,1
4595,4600,4597.5,2.82785e-05,0.000141393,2
4600,4605,4602.5,1.41393e-05,7.06964e-05,1
4605,4610,4607.5,5.65571e-05,0.000282785,4
4610,4615,4612.5,2.82785e-05,0.000141393,2
4620,4625,4622.5,1.41393e-05,7.06964e-05,1
4625,4630,4627.5,5.65571e-05,0.000282785,4
4630,4635,4632.5,2.82785e-05,0.000141393,2
4635,4640,4637.5,5.65571e-05,0.000282785,4
4640,4645,4642.5,4.24178e-05,0.000212089,3
4645,4650,4647.5,1.41393e-05,7.06964e-05,1
4650,4655,4652.5,1.41393e-05,7.06964e-05,1
4655,4660,4657.5,1.41393e-05,7.06964e-05,1
4665,4670,4667.5,5.65571e-05,0.000282785,4
4670,4675,4672.5,1.41393e-05,7.06964e-05,1
4675,4680,4677.5,4.24178e-05,0.000212089,3
4685,4690,4687.5,2.82785e-05,0.000141393,2
4690,4695,4692.5,5.65571e-05,0.000282785,4
4695,4700,4697.5,4.24178e-05,0.000212089,3
4700,4705,4702.5,1.41393e-05,7.06964e-05,1
4710,4715,4712.5,5.65571e-05,0.000282785,4
4715,4720,4717.5,2.82785e-05,0.000141393,2
4720,4725,4722.5,1.41393e-05,7.06964e-05,1
4725,4730,4727.5,1.41393e-05,7.06964e-05,1
4730,4735,4732.5,2.82785e-05,0.000141393,2
4735,4740,4737.5,4.24178e-05,0.000212089,3
4745,4750,4747.5,1.41393e-05,7.06964e-05,1
4750,4755,4752.5,1.41393e-05,7.06964e-05,1
4760,4765,4762.5,2.82785e-05,0.000141393,2
4765,4770,4767.5,1.41393e-05,7.06964e-05,1
4770,4775,4772.5,9.89749e-05,0.000494875,7
4775,4780,4777.5,1.41393e-05,7.06964e-05,1
4785,4790,4787.5,4.24178e-05,0.000212089,3
4790,4795,4792.5,2.82785e-05,0.000141393,2
4795,4800,4797.5,2.82785e-05,0.000141393,2
4800,4805,4802.5,1.41393e-05,7.06964e-05,1
4810,4815,4812.5,1.41393e-05,7.06964e-05,1
4815,4820,4817.5,1.41393e-05,7.06964e-05,1
4820,4825,4822.5,2.82785e-05,0.000141393,2
4825,4830,4827.5,4.24178e-05,0.000212089,3
4830,4835,4832.5,1.41393e-05,7.06964e-05,1
4835,4840,4837.5,5.65571e-05,0.000282785,4
4845,4850,4847.5,1.41393e-05,7.06964e-05,1
4850,4855,4852.5,1.41393e-05,7.06964e-05,1
4855,4860,4857.5,1.41393e-05,7.06964e-05,1
4860,4865,4862.5,5.65571e-05,0.000282785,4
4865,4870,4867.5,1.41393e-05,7.06964e-05,1
4870,4875,4872.5,1.41393e-05,7.06964e-05,1
4875,4880,4877.5,4.24178e-05,0.000212089,3
4880,4885,4882.5,2.82785e-05,0.000141393,2
4885,4890,4887.5,4.24178e-05,0.000212089,3
4890,4895,4892.5,1.41393e-05,7.06964e-05,1
4895,4900,4897.5,2.82785e-05,0.000141393,2
4900,4905,4902.5,1.41393e-05,7.06964e-05,1
4905,4910,4907.5,4.24178e-05,0.000212089,3
4910,4915,4912.5,2.82785e-05,0.000141393,2
4915,4920,4917.5,4.24178e-05,0.000212089,3
4920,4925,4922.5,2.82785e-05,0.000141393,2
4925,4930,4927.5,2.82785e-05,0.000141393,2
4930,4935,4932.5,1.41393e-05,7.06964e-05,1
4935,4940,4937.5,4.24178e-05,0.000212089,3
4940,4945,4942.5,2.82785e-05,0.000141393,2
4945,4950,4947.5,2.82785e-05,0.000141393,2
4950,4955,4952.5,4.24178e-05,0.000212089,3
4955,4960,4957.5,1.41393e-05,7.06964e-05,1
4965,4970,4967.5,8.48356e-05,0.000424178,6
4970,4975,4972.5,2.82785e-05,0.000141393,2
4975,4980,4977.5,2.82785e-05,0.000141393,2
4980,4985,4982.5,2.82785e-05,0.000141393,2
4985,4990,4987.5,1.41393e-05,7.06964e-05,1
4990,4995,4992.5,2.82785e-05,0.000141393,2
5000,5005,5002.5,2.82785e-05,0.000141393,2
5005,5010,5007.5,2.82785e-05,0.000141393,2
5010,5015,5012.5,1.41393e-05,7.06964e-05,1
5020,5025,5022.5,2.82785e-05,0.000141393,2
5025,5030,5027.5,4.24178e-05,0.000212089,3
5030,5035,5032.5,4.24178e-05,0.000212089,3
5035,5040,5037.5,4.24178e-05,0.000212089,3
5040,5045,5042.5,1.41393e-05,7.06964e-05,1
5050,5055,5052.5,4.24178e-05,0.000212089,3
5060,5065,5062.5,5.65571e-05,0.000282785,4
5065,5070,5067.5,2.82785e-05,0.000141393,2
5070,5075,5072.5,2.82785e-05,0.000141393,2
5075,5080,5077.5,1.41393e-05,7.06964e-05,1
5080,5085,5082.5,1.41393e-05,7.06964e-05,1
5085,5090,5087.5,1.41393e-05,7.06964e-05,1
5090,5095,5092.5,2.82785e-05,0.000141393,2
5095,5100,5097.5,4.24178e-05,0.000212089,3
5100,5105,5102.5,1.41393e-05,7.06964e-05,1
5105,5110,5107.5,4.24178e-05,0.000212089,3
5110,5115,5112.5,1.41393e-05,7.06964e-05,1
5120,5125,5122.5,2.82785e-05,0.000141393,2
5125,5130,5127.5,1.41393e-05,7.06964e-05,1
5130,5135,5132.5,1.41393e-05,7.06964e-05,1
5135,5140,5137.5,1.41393e-05,7.06964e-05,1
5145,5150,5147.5,2.82785e-05,0.000141393,2
5150,5155,5152.5,2.82785e-05,0.000141393,2
5160,5165,5162.5,1.41393e-05,7.06964e-05,1
5165,5170,5167.5,1.41393e-05,7.06964e-05,1
5170,5175,5172.5,2.82785e-05,0.000141393,2
5175,5180,5177.5,4.24178e-05,0.000212089,3
5180,5185,5182.5,1.41393e-05,7.06964e-05,1
5190,5195,5192.5,1.41393e-05,7.06964e-05,1
5200,5205,5202.5,2.82785e-05,0.000141393,2
5210,5215,5212.5,2.82785e-05,0.000141393,2
5215,5220,5217.5,1.41393e-05,7.06964e-05,1
5220,5225,5222.5,5.65571e-05,0.000282785,4
5225,5230,5227.5,4.24178e-05,0.000212089,3
5245,5250,5247.5,2.82785e-05,0.000141393,2
5250,5255,5252.5,1.41393e-05,7.06964e-05,1
5255,5260,5257.5,4.24178e-05,0.000212089,3
5260,5265,5262.5,1.41393e-05,7.06964e-05,1
5265,5270,5267.5,1.41393e-05,7.06964e-05,1
5270,5275,5272.5,1.41393e-05,7.06964e-05,1
5280,5285,5282.5,1.41393e-05,7.06964e-05,1
5285,5290,5287.5,1.41393e-05,7.06964e-05,1
5290,5295,5292.5,1.41393e-05,7.06964e-05,1
5295,5300,5297.5,4.24178e-05,0.000212089,3
5300,5305,5302.5,1.41393e-05,7.06964e-05,1
5310,5315,5312.5,2.82785e-05,0.000141393,2
5315,5320,5317.5,5.65571e-05,0.000282785,4
5320,5325,5322.5,1.41393e-05,7.06964e-05,1
5325,5330,5327.5,1.41393e-05,7.06964e-05,1
5330,5335,5332.5,1.41393e-05,7.06964e-05,1
5335,5340,5337.5,2.82785e-05,0.000141393,2
5350,5355,5352.5,4.24178e-05,0.000212089,3
5355,5360,5357.5,1.41393e-05,7.06964e-05,1
5360,5365,5362.5,1.41393e-05,7.06964e-05,1
5365,5370,5367.5,2.82785e-05,0.000141393,2
5375,5380,5377.5,4.24178e-05,0.000212089,3
5380,5385,5382.5,2.82785e-05,0.000141393,2
5385,5390,5387.5,2.82785e-05,0.000141393,2
5390,5395,5392.5,1.41393e-05,7.06964e-05,1
5395,5400,5397.5,4.24178e-05,0.000212089,3
5410,5415,5412.5,1.41393e-05,7.06964e-05,1
5415,5420,5417.5,5.65571e-05,0.000282785,4
5420,5425,5422.5,2.82785e-05,0.000141393,2
5425,5430,5427.5,2.82785e-05,0.000141393,2
5430,5435,5432.5,4.24178e-05,0.000212089,3
5435,5440,5437.5,2.82785e-05,0.000141393,2
5440,5445,5442.5,1.41393e-05,7.06964e-05,1
5445,5450,5447.5,1.41393e-05,7.06964e-05,1
5450,5455,5452.5,1.41393e-05,7.06964e-05,1
5455,5460,5457.5,4.24178e-05,0.000212089,3
5460,5465,5462.5,1.41393e-05,7.06964e-05,1
5485,5490,5487.5,4.24178e-05,0.000212089,3
5495,5500,5497.5,1.41393e-05,7.06964e-05,1
5500,5505,5502.5,1.41393e-05,7.06964e-05,1
5505,5510,5507.5,4.24178e-05,0.000212089,3
5510,5515,5512.5,4.24178e-05,0.000212089,3
5515,5520,5517.5,2.82785e-05,0.000141393,2
5525,5530,5527.5,5.65571e-05,0.000282785,4
5530,5535,5532.5,2.82785e-05,0.000141393,2
5535,5540,5537.5,4.24178e-05,0.000212089,3
5545,5550,5547.5,1.41393e-05,7.06964e-05,1
5555,5560,5557.5,1.41393e-05,7.06964e-05,1
5560,5565,5562.5,8.48356e-05,0.000424178,6
5565,5570,5567.5,1.41393e-05,7.06964e-05,1
5570,5575,5572.5,2.82785e-05,0.000141393,2
5580,5585,5582.5,2.82785e-05,0.000141393,2
5585,5590,5587.5,1.41393e-05,7.06964e-05,1
5595,5600,5597.5,2.82785e-05,0.000141393,2
5600,5605,5602.5,4.24178e-05,0.000212089,3
5605,5610,5607.5,1.41393e-05,7.06964e-05,1
5615,5620,5617.5,4.24178e-05,0.000212089,3
5620,5625,5622.5,1.41393e-05,7.06964e-05,1
5625,5630,5627.5,1.41393e-05,7.06964e-05,1
5630,5635,5632.5,1.41393e-05,7.06964e-05,1
5635,5640,5637.5,1.41393e-05,7.06964e-05,1
5640,5645,5642.5,4.24178e-05,0.000212089,3
5645,5650,5647.5,2.82785e-05,0.000141393,2
5650,5655,5652.5,1.41393e-05,7.06964e-05,1
5655,5660,5657.5,1.41393e-05,7.06964e-05,1
5660,5665,5662.5,1.41393e-05,7.06964e-05,1
5665,5670,5667.5,2.82785e-05,0.000141393,2
5675,5680,5677.5,5.65571e-05,0.000282785,4
5685,5690,5687.5,1.41393e-05,7.06964e-05,1
5690,5695,5692.5,2.82785e-05,0.000141393,2
5695,5700,5697.5,4.24178e-05,0.000212089,3
5700,5705,5702.5,4.24178e-05,0.000212089,3
5705,5710,5707.5,1.41393e-05,7.06964e-05,1
5715,5720,5717.5,1.41393e-05,7.06964e-05,1
5720,5725,5722.5,1.41393e-05,7.06964e-05,1
5725,5730,5727.5,4.24178e-05,0.000212089,3
5730,5735,5732.5,2.82785e-05,0.000141393,2
5735,5740,5737.5,2.82785e-05,0.000141393,2
5740,5745,5742.5,1.41393e-05,7.06964e-05,1
5750,5755,5752.5,1.41393e-05,7.06964e-05,1
5755,5760,5757.5,4.24178e-05,0.000212089,3
5765,5770,5767.5,5.65571e-05,0.000282785,4
5770,5775,5772.5,1.41393e-05,7.06964e-05,1
5775,5780,5777.5,1.41393e-05,7.06964e-05,1
5780,5785,5782.5,2.82785e-05,0.000141393,2
5785,5790,5787.5,2.82785e-05,0.000141393,2
5790,5795,5792.5,2.82785e-05,0.000141393,2
5795,5800,5797.5,1.41393e-05,7.06964e-05,1
5800,5805,5802.5,2.82785e-05,0.000141393,2
5805,5810,5807.5,1.41393e-05,7.06964e-05,1
5810,5815,5812.5,1.41393e-05,7.06964e-05,1
5815,5820,5817.5,2.82785e-05,0.000141393,2
5820,5825,5822.5,2.82785e-05,0.000141393,2
5825,5830,5827.5,1.41393e-05,7.06964e-05,1
5830,5835,5832.5,1.41393e-05,7.06964e-05,1
5840,5845,5842.5,1.41393e-05,7.06964e-05,1
5850,5855,5852.5,2.82785e-05,0.000141393,2
5855,5860,5857.5,2.82785e-05,0.000141393,2
5860,5865,5862.5,1.41393e-05,7.06964e-05,1
5865,5870,5867.5,2.82785e-05,0.000141393,2
5870,5875,5872.5,2.82785e-05,0.000141393,2
5875,5880,5877.5,1.41393e-05,7.06964e-05,1
5880,5885,5882.5,5.65571e-05,0.000282785,4
5885,5890,5887.5,5.65571e-05,0.000282785,4
5890,5895,5892.5,1.41393e-05,7.06964e-05,1
5895,5900,5897.5,4.24178e-05,0.000212089,3
5900,5905,5902.5,1.41393e-05,7.06964e-05,1
5905,5910,5907.5,2.82785e-05,0.000141393,2
5910,5915,5912.5,1.41393e-05,7.06964e-05,1
5915,5920,5917.5,1.41393e-05,7.06964e-05,1
5925,5930,5927.5,1.41393e-05,7.06964e-05,1
5930,5935,5932.5,4.24178e-05,0.000212089,3
5935,5940,5937.5,1.41393e-05,7.06964e-05,1
5940,5945,5942.5,2.82785e-05,0.000141393,2
5945,5950,5947.5,1.41393e-05,7.06964e-05,1
5955,5960,5957.5,2.82785e-05,0.000141393,2
5960,5965,5962.5,4.24178e-05,0.000212089,3
5970,5975,5972.5,2.82785e-05,0.000141393,2
5975,5980,5977.5,4.24178e-05,0.000212089,3
5980,5985,5982.5,1.41393e-05,7.06964e-05,1
5990,5995,5992.5,2.82785e-05,0.000141393,2
5995,6000,5997.5,1.41393e-05,7.06964e-05,1
6000,6005,6002.5,2.82785e-05,0.000141393,2
6005,6010,6007.5,4.24178e-05,0.000212089,3
6010,6015,6012.5,5.65571e-05,0.000282785,4
6015,6020,6017.5,2.82785e-05,0.000141393,2
6020,6025,6022.5,1.41393e-05,7.06964e-05,1
6025,6030,6027.5,4.24178e-05,0.000212089,3
6030,6035,6032.5,4.24178e-05,0.000212089,3
6040,6045,6042.5,1.41393e-05,7.06964e-05,1
6045,6050,6047.5,1.41393e-05,7.06964e-05,1
6050,6055,6052.5,7.06964e-05,0.000353482,5
6055,6060,6057.5,2.82785e-05,0.000141393,2
6080,6085,6082.5,1.41393e-05,7.06964e-05,1
6085,6090,6087.5,2.82785e-05,0.000141393,2
6100,6105,6102.5,1.41393e-05,7.06964e-05,1
6105,6110,6107.5,2.82785e-05,0.000141393,2
6115,6120,6117.5,4.24178e-05,0.000212089,3
6120,6125,6122.5,5.65571e-05,0.000282785,4
6130,6135,6132.5,1.41393e-05,7.06964e-05,1
6135,6140,6137.5,5.65571e-05,0.000282785,4
6140,6145,6142.5,1.41393e-05,7.06964e-05,1
6150,6155,6152.5,1.41393e-05,7.06964e-05,1
6155,6160,6157.5,4.24178e-05,0.000212089,3
6160,6165,6162.5,2.82785e-05,0.000141393,2
6165,6170,6167.5,2.82785e-05,0.000141393,2
6170,6175,6172.5,1.41393e-05,7.06964e-05,1
6175,6180,6177.5,1.41393e-05,7.06964e-05,1
6185,6190,6187.5,1.41393e-05,7.06964e-05,1
6190,6195,6192.5,1.41393e-05,7.06964e-05,1
6195,6200,6197.5,1.41393e-05,7.06964e-05,1
6200,6205,6202.5,4.24178e-05,0.000212089,3
6205,6210,6207.5,4.24178e-05,0.000212089,3
6220,6225,6222.5,2.82785e-05,0.000141393,2
6225,6230,6227.5,5.65571e-05,0.000282785,4
6230,6235,6232.5,2.82785e-05,0.000141393,2
6245,6250,6247.5,1.41393e-05,7.06964e-05,1
6255,6260,6257.5,2.82785e-05,0.000141393,2
6260,6265,6262.5,1.41393e-05,7.06964e-05,1
6280,6285,6282.5,5.65571e-05,0.000282785,4
6285,6290,6287.5,1.41393e-05,7.06964e-05,1
6290,6295,6292.5,4.24178e-05,0.000212089,3
6300,6305,6302.5,1.41393e-05,7.06964e-05,1
6305,6310,6307.5,2.82785e-05,0.000141393,2
6310,6315,6312.5,1.41393e-05,7.06964e-05,1
6315,6320,6317.5,1.41393e-05,7.06964e-05,1
6330,6335,6332.5,2.82785e-05,0.000141393,2
6335,6340,6337.5,1.41393e-05,7.06964e-05,1
6340,6345,6342.5,1.41393e-05,7.06964e-05,1
6345,6350,6347.5,4.24178e-05,0.000212089,3
6350,6355,6352.5,1.41393e-05,7.06964e-05,1
6355,6360,6357.5,1.41393e-05,7.06964e-05,1
6360,6365,6362.5,1.41393e-05,7.06964e-05,1
6375,6380,6377.5,2.82785e-05,0.000141393,2
6385,6390,6387.5,1.41393e-05,7.06964e-05,1
6400,6405,6402.5,2.82785e-05,0.000141393,2
6405,6410,6407.5,1.41393e-05,7.06964e-05,1
6425,6430,6427.5,4.24178e-05,0.000212089,3
6430,6435,6432.5,5.65571e-05,0.000282785,4
6435,6440,6437.5,2.82785e-05,0.000141393,2
6440,6445,6442.5,2.82785e-05,0.000141393,2
6445,6450,6447.5,1.41393e-05,7.06964e-05,1
6450,6455,6452.5,1.41393e-05,7.06964e-05,1
6455,6460,6457.5,1.41393e-05,7.06964e-05,1
6460,6465,6462.5,1.41393e-05,7.06964e-05,1
6470,6475,6472.5,4.24178e-05,0.000212089,3
6480,6485,6482.5,1.41393e-05,7.06964e-05,1
6485,6490,6487.5,2.82785e-05,0.000141393,2
6495,6500,6497.5,4.24178e-05,0.000212089,3
6500,6505,6502.5,1.41393e-05,7.06964e-05,1
6505,6510,6507.5,1.41393e-05,7.06964e-05,1
6510,6515,6512.5,4.24178e-05,0.000212089,3
6520,6525,6522.5,2.82785e-05,0.000141393,2
6525,6530,6527.5,1.41393e-05,7.06964e-05,1
6530,6535,6532.5,5.65571e-05,0.000282785,4
6535,6540,6537.5,2.82785e-05,0.000141393,2
6540,6545,6542.5,1.41393e-05,7.06964e-05,1
6545,6550,6547.5,1.41393e-05,7.06964e-05,1
6550,6555,6552.5,1.41393e-05,7.06964e-05,1
6555,6560,6557.5,2.82785e-05,0.000141393,2
6565,6570,6567.5,1.41393e-05,7.06964e-05,1
6570,6575,6572.5,5.65571e-05,0.000282785,4
6575,6580,6577.5,1.41393e-05,7.06964e-05,1
6590,6595,6592.5,5.65571e-05,0.000282785,4
6600,6605,6602.5,5.65571e-05,0.000282785,4
6605,6610,6607.5,2.82785e-05,0.000141393,2
6610,6615,6612.5,4.24178e-05,0.000212089,3
6615,6620,6617.5,2.82785e-05,0.000141393,2
6620,6625,6622.5,2.82785e-05,0.000141393,2
6625,6630,6627.5,2.82785e-05,0.000141393,2
6635,6640,6637.5,4.24178e-05,0.000212089,3
6640,6645,6642.5,1.41393e-05,7.06964e-05,1
6645,6650,6647.5,2.82785e-05,0.000141393,2
6650,6655,6652.5,1.41393e-05,7.06964e-05,1
6660,6665,6662.5,2.82785e-05,0.000141393,2
6665,6670,6667.5,2.82785e-05,0.000141393,2
6670,6675,6672.5,2.82785e-05,0.000141393,2
6675,6680,6677.5,2.82785e-05,0.000141393,2
6680,6685,6682.5,1.41393e-05,7.06964e-05,1
6685,6690,6687.5,1.41393e-05,7.06964e-05,1
6695,6700,6697.5,2.82785e-05,0.000141393,2
6700,6705,6702.5,2.82785e-05,0.000141393,2
6715,6720,6717.5,1.41393e-05,7.06964e-05,1
6725,6730,6727.5,2.82785e-05,0.000141393,2
6730,6735,6732.5,1.41393e-05,7.06964e-05,1
6735,6740,6737.5,1.41393e-05,7.06964e-05,1
6740,6745,6742.5,4.24178e-05,0.000212089,3
6745,6750,6747.5,1.41393e-05,7.06964e-05,1
6750,6755,6752.5,1.41393e-05,7.06964e-05,1
6755,6760,6757.5,1.41393e-05,7.06964e-05,1
6760,6765,6762.5,1.41393e-05,7.06964e-05,1
6780,6785,6782.5,4.24178e-05,0.000212089,3
6785,6790,6787.5,2.82785e-05,0.000141393,2
6805,6810,6807.5,1.41393e-05,7.06964e-05,1
6815,6820,6817.5,2.82785e-05,0.000141393,2
6820,6825,6822.5,1.41393e-05,7.06964e-05,1
6825,6830,6827.5,1.41393e-05,7.06964e-05,1
6830,6835,6832.5,1.41393e-05,7.06964e-05,1
6840,6845,6842.5,2.82785e-05,0.000141393,2
6845,6850,6847.5,2.82785e-05,0.000141393,2
6850,6855,6852.5,2.82785e-05,0.000141393,2
6855,6860,6857.5,1.41393e-05,7.06964e-05,1
6860,6865,6862.5,1.41393e-05,7.06964e-05,1
6875,6880,6877.5,1.41393e-05,7.06964e-05,1
6880,6885,6882.5,2.82785e-05,0.000141393,2
6890,6895,6892.5,1.41393e-05,7.06964e-05,1
6895,6900,6897.5,1.41393e-05,7.06964e-05,1
6900,6905,6902.5,4.24178e-05,0.000212089,3
6905,6910,6907.5,1.41393e-05,7.06964e-05,1
6910,6915,6912.5,1.41393e-05,7.06964e-05,1
6915,6920,6917.5,2.82785e-05,0.000141393,2
6935,6940,6937.5,2.82785e-05,0.000141393,2
6945,6950,6947.5,4.24178e-05,0.000212089,3
6950,6955,6952.5,1.41393e-05,7.06964e-05,1
6955,6960,6957.5,2.82785e-05,0.000141393,2
6960,6965,6962.5,2.82785e-05,0.000141393,2
6965,6970,6967.5,2.82785e-05,0.000141393,2
6970,6975,6972.5,2.82785e-05,0.000141393,2
6975,6980,6977.5,2.82785e-05,0.000141393,2
6985,6990,6987.5,1.41393e-05,7.06964e-05,1
6995,7000,6997.5,5.65571e-05,0.000282785,4
7000,7005,7002.5,1.41393e-05,7.06964e-05,1
7015,7020,7017.5,4.24178e-05,0.000212089,3
7030,7035,7032.5,2.82785e-05,0.000141393,2
7035,7040,7037.5,4.24178e-05,0.000212089,3
7050,7055,7052.5,1.41393e-05,7.06964e-05,1
7055,7060,7057.5,2.82785e-05,0.000141393,2
7065,7070,7067.5,1.41393e-05,7.06964e-05,1
7075,7080,7077.5,1.41393e-05,7.06964e-05,1
7080,7085,7082.5,1.41393e-05,7.06964e-05,1
7085,7090,7087.5,2.82785e-05,0.000141393,2
7100,7105,7102.5,4.24178e-05,0.000212089,3
7105,7110,7107.5,9.89749e-05,0.000494875,7
7110,7115,7112.5,1.41393e-05,7.06964e-05,1
7115,7120,7117.5,2.82785e-05,0.000141393,2
7120,7125,7122.5,2.82785e-05,0.000141393,2
7125,7130,7127.5,1.41393e-05,7.06964e-05,1
7130,7135,7132.5,4.24178e-05,0.000212089,3
7140,7145,7142.5,1.41393e-05,7.06964e-05,1
7145,7150,7147.5,1.41393e-05,7.06964e-05,1
7150,7155,7152.5,5.65571e-05,0.000282785,4
7155,7160,7157.5,1.41393e-05,7.06964e-05,1
7160,7165,7162.5,1.41393e-05,7.06964e-05,1
7165,7170,7167.5,1.41393e-05,7.06964e-05,1
7175,7180,7177.5,1.41393e-05,7.06964e-05,1
7180,7185,7182.5,7.06964e-05,0.000353482,5
7195,7200,7197.5,2.82785e-05,0.000141393,2
7205,7210,7207.5,1.41393e-05,7.06964e-05,1
7225,7230,7227.5,1.41393e-05,7.06964e-05,1
7230,7235,7232.5,2.82785e-05,0.000141393,2
7240,7245,7242.5,1.41393e-05,7.06964e-05,1
7245,7250,7247.5,1.41393e-05,7.06964e-05,1
7250,7255,7252.5,1.41393e-05,7.06964e-05,1
7255,7260,7257.5,1.41393e-05,7.06964e-05,1
7260,7265,7262.5,1.41393e-05,7.06964e-05,1
7265,7270,7267.5,2.82785e-05,0.000141393,2
7270,7275,7272.5,1.41393e-05,7.06964e-05,1
7275,7280,7277.5,1.41393e-05,7.06964e-05,1
7290,7295,7292.5,1.41393e-05,7.06964e-05,1
7295,7300,7297.5,1.41393e-05,7.06964e-05,1
7300,7305,7302.5,2.82785e-05,0.000141393,2
7305,7310,7307.5,4.24178e-05,0.000212089,3
7310,7315,7312.5,2.82785e-05,0.000141393,2
7330,7335,7332.5,1.41393e-05,7.06964e-05,1
7335,7340,7337.5,1.41393e-05,7.06964e-05,1
7345,7350,7347.5,2.82785e-05,0.000141393,2
7350,7355,7352.5,2.82785e-05,0.000141393,2
7355,7360,7357.5,2.82785e-05,0.000141393,2
7360,7365,7362.5,1.41393e-05,7.06964e-05,1
7365,7370,7367.5,2.82785e-05,0.000141393,2
7370,7375,7372.5,4.24178e-05,0.000212089,3
7375,7380,7377.5,1.41393e-05,7.06964e-05,1
7380,7385,7382.5,2.82785e-05,0.000141393,2
7385,7390,7387.5,1.41393e-05,7.06964e-05,1
7390,7395,7392.5,1.41393e-05,7.06964e-05,1
7395,7400,7397.5,2.82785e-05,0.000141393,2
7405,7410,7407.5,1.41393e-05,7.06964e-05,1
7410,7415,7412.5,1.41393e-05,7.06964e-05,1
7415,7420,7417.5,2.82785e-05,0.000141393,2
7420,7425,7422.5,1.41393e-05,7.06964e-05,1
7425,7430,7427.5,1.41393e-05,7.06964e-05,1
7440,7445,7442.5,2.82785e-05,0.000141393,2
7445,7450,7447.5,2.82785e-05,0.000141393,2
7450,7455,7452.5,1.41393e-05,7.06964e-05,1
7455,7460,7457.5,4.24178e-05,0.000212089,3
7475,7480,7477.5,2.82785e-05,0.000141393,2
7480,7485,7482.5,1.41393e-05,7.06964e-05,1
7485,7490,7487.5,1.41393e-05,7.06964e-05,1
7490,7495,7492.5,1.41393e-05,7.06964e-05,1
7495,7500,7497.5,1.41393e-05,7.06964e-05,1
7505,7510,7507.5,4.24178e-05,0.000212089,3
7520,7525,7522.5,1.41393e-05,7.06964e-05,1
7525,7530,7527.5,1.41393e-05,7.06964e-05,1
7530,7535,7532.5,2.82785e-05,0.000141393,2
7535,7540,7537.5,1.41393e-05,7.06964e-05,1
7545,7550,7547.5,1.41393e-05,7.06964e-05,1
7560,7565,7562.5,5.65571e-05,0.000282785,4
7570,7575,7572.5,2.82785e-05,0.000141393,2
7575,7580,7577.5,1.41393e-05,7.06964e-05,1
7580,7585,7582.5,1.41393e-05,7.06964e-05,1
7585,7590,7587.5,2.82785e-05,0.000141393,2
7590,7595,7592.5,1.41393e-05,7.06964e-05,1
7600,7605,7602.5,2.82785e-05,0.000141393,2
7610,7615,7612.5,1.41393e-05,7.06964e-05,1
7620,7625,7622.5,1.41393e-05,7.06964e-05,1
7625,7630,7627.5,2.82785e-05,0.000141393,2
7635,7640,7637.5,2.82785e-05,0.000141393,2
7645,7650,7647.5,1.41393e-05,7.06964e-05,1
7665,7670,7667.5,2.82785e-05,0.000141393,2
7670,7675,7672.5,1.41393e-05,7.06964e-05,1
7680,7685,7682.5,1.41393e-05,7.06964e-05,1
7695,7700,7697.5,2.82785e-05,0.000141393,2
7715,7720,7717.5,2.82785e-05,0.000141393,2
7720,7725,7722.5,1.41393e-05,7.06964e-05,1
7725,7730,7727.5,2.82785e-05,0.000141393,2
7730,7735,7732.5,2.82785e-05,0.000141393,2
7735,7740,7737.5,1.41393e-05,7.06964e-05,1
7740,7745,7742.5,1.41393e-05,7.06964e-05,1
7745,7750,7747.5,4.24178e-05,0.000212089,3
7750,7755,7752.5,2.82785e-05,0.000141393,2
7755,7760,7757.5,1.41393e-05,7.06964e-05,1
7760,7765,7762.5,1.41393e-05,7.06964e-05,1
7780,7785,7782.5,2.82785e-05,0.000141393,2
7790,7795,7792.5,4.24178e-05,0.000212089,3
7795,7800,7797.5,4.24178e-05,0.000212089,3
7800,7805,7802.5,1.41393e-05,7.06964e-05,1
7810,7815,7812.5,1.41393e-05,7.06964e-05,1
7815,7820,7817.5,1.41393e-05,7.06964e-05,1
7825,7830,7827.5,1.41393e-05,7.06964e-05,1
7830,7835,7832.5,2.82785e-05,0.000141393,2
7860,7865,7862.5,1.41393e-05,7.06964e-05,1
7865,7870,7867.5,1.41393e-05,7.06964e-05,1
7870,7875,7872.5,2.82785e-05,0.000141393,2
7875,7880,7877.5,2.82785e-05,0.000141393,2
7880,7885,7882.5,1.41393e-05,7.06964e-05,1
7885,7890,7887.5,1.41393e-05,7.06964e-05,1
7895,7900,7897.5,1.41393e-05,7.06964e-05,1
7910,7915,7912.5,1.41393e-05,7.06964e-05,1
7920,7925,7922.5,1.41393e-05,7.06964e-05,1
7925,7930,7927.5,1.41393e-05,7.06964e-05,1
7930,7935,7932.5,2.82785e-05,0.000141393,2
7935,7940,7937.5,5.65571e-05,0.000282785,4
7945,7950,7947.5,1.41393e-05,7.06964e-05,1
7960,7965,7962.5,2.82785e-05,0.000141393,2
7965,7970,7967.5,2.82785e-05,0.000141393,2
7970,7975,7972.5,1.41393e-05,7.06964e-05,1
7975,7980,7977.5,1.41393e-05,7.06964e-05,1
7980,7985,7982.5,4.24178e-05,0.000212089,3
7990,7995,7992.5,1.41393e-05,7.06964e-05,1
8010,8015,8012.5,1.41393e-05,7.06964e-05,1
8015,8020,8017.5,1.41393e-05,7.06964e-05,1
8030,8035,8032.5,1.41393e-05,7.06964e-05,1
8050,8055,8052.5,1.41393e-05,7.06964e-05,1
8055,8060,8057.5,2.82785e-05,0.000141393,2
8065,8070,8067.5,1.41393e-05,7.06964e-05,1
8090,8095,8092.5,5.65571e-05,0.000282785,4
8095,8100,8097.5,1.41393e-05,7.06964e-05,1
8100,8105,8102.5,1.41393e-05,7.06964e-05,1
8110,8115,8112.5,2.82785e-05,0.000141393,2
8115,8120,8117.5,2.82785e-05,0.000141393,2
8120,8125,8122.5,4.24178e-05,0.000212089,3
8125,8130,8127.5,2.82785e-05,0.000141393,2
8140,8145,8142.5,4.24178e-05,0.000212089,3
8145,8150,8147.5,1.41393e-05,7.06964e-05,1
8165,8170,8167.5,1.41393e-05,7.06964e-05,1
8180,8185,8182.5,1.41393e-05,7.06964e-05,1
8185,8190,8187.5,1.41393e-05,7.06964e-05,1
8190,8195,8192.5,1.41393e-05,7.06964e-05,1
8205,8210,8207.5,1.41393e-05,7.06964e-05,1
8210,8215,8212.5,1.41393e-05,7.06964e-05,1
8220,8225,8222.5,2.82785e-05,0.000141393,2
8225,8230,8227.5,5.65571e-05,0.000282785,4
8230,8235,8232.5,1.41393e-05,7.06964e-05,1
8235,8240,8237.5,1.41393e-05,7.06964e-05,1
8245,8250,8247.5,1.41393e-05,7.06964e-05,1
8250,8255,8252.5,2.82785e-05,0.000141393,2
8260,8265,8262.5,1.41393e-05,7.06964e-05,1
8265,8270,8267.5,1.41393e-05,7.06964e-05,1
8270,8275,8272.5,2.82785e-05,0.000141393,2
8275,8280,8277.5,4.24178e-05,0.000212089,3
8280,8285,8282.5,1.41393e-05,7.06964e-05,1
8285,8290,8287.5,2.82785e-05,0.000141393,2
8290,8295,8292.5,2.82785e-05,0.000141393,2
8300,8305,8302.5,1.41393e-05,7.06964e-05,1
8305,8310,8307.5,2.82785e-05,0.000141393,2
8310,8315,8312.5,2.82785e-05,0.000141393,2
8320,8325,8322.5,2.82785e-05,0.000141393,2
8345,8350,8347.5,1.41393e-05,7.06964e-05,1
8350,8355,8352.5,1.41393e-05,7.06964e-05,1
8355,8360,8357.5,1.41393e-05,7.06964e-05,1
8365,8370,8367.5,4.24178e-05,0.000212089,3
8370,8375,8372.5,2.82785e-05,0.000141393,2
8375,8380,8377.5,1.41393e-05,7.06964e-05,1
8385,8390,8387.5,4.24178e-05,0.000212089,3
8390,8395,8392.5,1.41393e-05,7.06964e-05,1
8395,8400,8397.5,1.41393e-05,7.06964e-05,1
8400,8405,8402.5,1.41393e-05,7.06964e-05,1
8405,8410,8407.5,1.41393e-05,7.06964e-05,1
8420,8425,8422.5,1.41393e-05,7.06964e-05,1
8440,8445,8442.5,1.41393e-05,7.06964e-05,1
8445,8450,8447.5,5.65571e-05,0.000282785,4
8450,8455,8452.5,1.41393e-05,7.06964e-05,1
8455,8460,8457.5,1.41393e-05,7.06964e-05,1
8460,8465,8462.5,1.41393e-05,7.06964e-05,1
8465,8470,8467.5,1.41393e-05,7.06964e-05,1
8470,8475,8472.5,4.24178e-05,0.000212089,3
8485,8490,8487.5,1.41393e-05,7.06964e-05,1
8490,8495,8492.5,1.41393e-05,7.06964e-05,1
8495,8500,8497.5,1.41393e-05,7.06964e-05,1
8500,8505,8502.5,4.24178e-05,0.000212089,3
8510,8515,8512.5,1.41393e-05,7.06964e-05,1
8515,8520,8517.5,2.82785e-05,0.000141393,2
8525,8530,8527.5,2.82785e-05,0.000141393,2
8545,8550,8547.5,1.41393e-05,7.06964e-05,1
8550,8555,8552.5,1.41393e-05,7.06964e-05,1
8555,8560,8557.5,1.41393e-05,7.06964e-05,1
8560,8565,8562.5,2.82785e-05,0.000141393,2
8575,8580,8577.5,1.41393e-05,7.06964e-05,1
8580,8585,8582.5,1.41393e-05,7.06964e-05,1
8585,8590,8587.5,2.82785e-05,0.000141393,2
8590,8595,8592.5,1.41393e-05,7.06964e-05,1
8595,8600,8597.5,2.82785e-05,0.000141393,2
8600,8605,8602.5,1.41393e-05,7.06964e-05,1
8605,8610,8607.5,1.41393e-05,7.06964e-05,1
8610,8615,8612.5,1.41393e-05,7.06964e-05,1
8615,8620,8617.5,1.41393e-05,7.06964e-05,1
8625,8630,8627.5,2.82785e-05,0.000141393,2
8630,8635,8632.5,1.41393e-05,7.06964e-05,1
8635,8640,8637.5,1.41393e-05,7.06964e-05,1
8650,8655,8652.5,1.41393e-05,7.06964e-05,1
8660,8665,8662.5,1.41393e-05,7.06964e-05,1
8665,8670,8667.5,4.24178e-05,0.000212089,3
8670,8675,8672.5,2.82785e-05,0.000141393,2
8680,8685,8682.5,4.24178e-05,0.000212089,3
8685,8690,8687.5,1.41393e-05,7.06964e-05,1
8690,8695,8692.5,2.82785e-05,0.000141393,2
8695,8700,8697.5,1.41393e-05,7.06964e-05,1
8700,8705,8702.5,1.41393e-05,7.06964e-05,1
8705,8710,8707.5,4.24178e-05,0.000212089,3
8710,8715,8712.5,2.82785e-05,0.000141393,2
8715,8720,8717.5,2.82785e-05,0.000141393,2
8745,8750,8747.5,1.41393e-05,7.06964e-05,1
8755,8760,8757.5,7.06964e-05,0.000353482,5
8760,8765,8762.5,2.82785e-05,0.000141393,2
8770,8775,8772.5,1.41393e-05,7.06964e-05,1
8785,8790,8787.5,1.41393e-05,7.06964e-05,1
8790,8795,8792.5,1.41393e-05,7.06964e-05,1
8795,8800,8797.5,4.24178e-05,0.000212089,3
8800,8805,8802.5,1.41393e-05,7.06964e-05,1
8810,8815,8812.5,1.41393e-05,7.06964e-05,1
8820,8825,8822.5,1.41393e-05,7.06964e-05,1
8825,8830,8827.5,2.82785e-05,0.000141393,2
8830,8835,8832.5,4.24178e-05,0.000212089,3
8835,8840,8837.5,1.41393e-05,7.06964e-05,1
8845,8850,8847.5,1.41393e-05,7.06964e-05,1
8850,8855,8852.5,1.41393e-05,7.06964e-05,1
8860,8865,8862.5,1.41393e-05,7.06964e-05,1
8870,8875,8872.5,2.82785e-05,0.000141393,2
8875,8880,8877.5,2.82785e-05,0.000141393,2
8880,8885,8882.5,1.41393e-05,7.06964e-05,1
8895,8900,8897.5,1.41393e-05,7.06964e-05,1
8910,8915,8912.5,1.41393e-05,7.06964e-05,1
8920,8925,8922.5,1.41393e-05,7.06964e-05,1
8935,8940,8937.5,2.82785e-05,0.000141393,2
8950,8955,8952.5,1.41393e-05,7.06964e-05,1
8955,8960,8957.5,1.41393e-05,7.06964e-05,1
8960,8965,8962.5,1.41393e-05,7.06964e-05,1
8975,8980,8977.5,2.82785e-05,0.000141393,2
8990,8995,8992.5,1.41393e-05,7.06964e-05,1
8995,9000,8997.5,1.41393e-05,7.06964e-05,1
9000,9005,9002.5,2.82785e-05,0.000141393,2
9005,9010,9007.5,1.41393e-05,7.06964e-05,1
9015,9020,9017.5,1.41393e-05,7.06964e-05,1
9020,9025,9022.5,1.41393e-05,7.06964e-05,1
9025,9030,9027.5,2.82785e-05,0.000141393,2
9035,9040,9037.5,1.41393e-05,7.06964e-05,1
9040,9045,9042.5,1.41393e-05,7.06964e-05,1
9055,9060,9057.5,2.82785e-05,0.000141393,2
9060,9065,9062.5,1.41393e-05,7.06964e-05,1
9065,9070,9067.5,2.82785e-05,0.000141393,2
9075,9080,9077.5,1.41393e-05,7.06964e-05,1
9080,9085,9082.5,2.82785e-05,0.000141393,2
9090,9095,9092.5,1.41393e-05,7.06964e-05,1
9100,9105,9102.5,1.41393e-05,7.06964e-05,1
9110,9115,9112.5,4.24178e-05,0.000212089,3
9120,9125,9122.5,2.82785e-05,0.000141393,2
9125,9130,9127.5,1.41393e-05,7.06964e-05,1
9135,9140,9137.5,2.82785e-05,0.000141393,2
9145,9150,9147.5,2.82785e-05,0.000141393,2
9155,9160,9157.5,1.41393e-05,7.06964e-05,1
9160,9165,9162.5,1.41393e-05,7.06964e-05,1
9175,9180,9177.5,1.41393e-05,7.06964e-05,1
9185,9190,9187.5,2.82785e-05,0.000141393,2
9190,9195,9192.5,1.41393e-05,7.06964e-05,1
9195,9200,9197.5,1.41393e-05,7.06964e-05,1
9200,9205,9202.5,2.82785e-05,0.000141393,2
9205,9210,9207.5,2.82785e-05,0.000141393,2
9210,9215,9212.5,2.82785e-05,0.000141393,2
9215,9220,9217.5,2.82785e-05,0.000141393,2
9235,9240,9237.5,1.41393e-05,7.06964e-05,1
9265,9270,9267.5,1.41393e-05,7.06964e-05,1
9280,9285,9282.5,2.82785e-05,0.000141393,2
9290,9295,9292.5,1.41393e-05,7.06964e-05,1
9315,9320,9317.5,1.41393e-05,7.06964e-05,1
9325,9330,9327.5,1.41393e-05,7.06964e-05,1
9335,9340,9337.5,1.41393e-05,7.06964e-05,1
9340,9345,9342.5,2.82785e-05,0.000141393,2
9345,9350,9347.5,1.41393e-05,7.06964e-05,1
9355,9360,9357.5,2.82785e-05,0.000141393,2
9360,9365,9362.5,1.41393e-05,7.06964e-05,1
9365,9370,9367.5,2.82785e-05,0.000141393,2
9370,9375,9372.5,1.41393e-05,7.06964e-05,1
9375,9380,9377.5,4.24178e-05,0.000212089,3
9380,9385,9382.5,1.41393e-05,7.06964e-05,1
9385,9390,9387.5,1.41393e-05,7.06964e-05,1
9395,9400,9397.5,1.41393e-05,7.06964e-05,1
9400,9405,9402.5,2.82785e-05,0.000141393,2
9405,9410,9407.5,1.41393e-05,7.06964e-05,1
9410,9415,9412.5,4.24178e-05,0.000212089,3
9420,9425,9422.5,1.41393e-05,7.06964e-05,1
9425,9430,9427.5,1.41393e-05,7.06964e-05,1
9450,9455,9452.5,1.41393e-05,7.06964e-05,1
9455,9460,9457.5,1.41393e-05,7.06964e-05,1
9465,9470,9467.5,1.41393e-05,7.06964e-05,1
9475,9480,9477.5,1.41393e-05,7.06964e-05,1
9480,9485,9482.5,1.41393e-05,7.06964e-05,1
9485,9490,9487.5,1.41393e-05,7.06964e-05,1
9490,9495,9492.5,2.82785e-05,0.000141393,2
9495,9500,9497.5,2.82785e-05,0.000141393,2
9500,9505,9502.5,2.82785e-05,0.000141393,2
9520,9525,9522.5,1.41393e-05,7.06964e-05,1
9525,9530,9527.5,4.24178e-05,0.000212089,3
9550,9555,9552.5,2.82785e-05,0.000141393,2
9560,9565,9562.5,2.82785e-05,0.000141393,2
9570,9575,9572.5,1.41393e-05,7.06964e-05,1
9575,9580,9577.5,1.41393e-05,7.06964e-05,1
9580,9585,9582.5,1.41393e-05,7.06964e-05,1
9585,9590,9587.5,2.82785e-05,0.000141393,2
9590,9595,9592.5,1.41393e-05,7.06964e-05,1
9595,9600,9597.5,1.41393e-05,7.06964e-05,1
9600,9605,9602.5,1.41393e-05,7.06964e-05,1
9605,9610,9607.5,1.41393e-05,7.06964e-05,1
9610,9615,9612.5,1.41393e-05,7.06964e-05,1
9615,9620,9617.5,2.82785e-05,0.000141393,2
9620,9625,9622.5,2.82785e-05,0.000141393,2
9635,9640,9637.5,2.82785e-05,0.000141393,2
9650,9655,9652.5,1.41393e-05,7.06964e-05,1
9655,9660,9657.5,1.41393e-05,7.06964e-05,1
9670,9675,9672.5,1.41393e-05,7.06964e-05,1
9675,9680,9677.5,2.82785e-05,0.000141393,2
9680,9685,9682.5,1.41393e-05,7.06964e-05,1
9695,9700,9697.5,1.41393e-05,7.06964e-05,1
9710,9715,9712.5,2.82785e-05,0.000141393,2
9730,9735,9732.5,1.41393e-05,7.06964e-05,1
9735,9740,9737.5,2.82785e-05,0.000141393,2
9740,9745,9742.5,1.41393e-05,7.06964e-05,1
9755,9760,9757.5,2.82785e-05,0.000141393,2
9765,9770,9767.5,1.41393e-05,7.06964e-05,1
9770,9775,9772.5,1.41393e-05,7.06964e-05,1
9780,9785,9782.5,1.41393e-05,7.06964e-05,1
9795,9800,9797.5,1.41393e-05,7.06964e-05,1
9815,9820,9817.5,7.06964e-05,0.000353482,5
9825,9830,9827.5,1.41393e-05,7.06964e-05,1
9830,9835,9832.5,1.41393e-05,7.06964e-05,1
9840,9845,9842.5,1.41393e-05,7.06964e-05,1
9850,9855,9852.5,2.82785e-05,0.000141393,2
9860,9865,9862.5,2.82785e-05,0.000141393,2
9865,9870,9867.5,1.41393e-05,7.06964e-05,1
9870,9875,9872.5,1.41393e-05,7.06964e-05,1
9875,9880,9877.5,1.41393e-05,7.06964e-05,1
9880,9885,9882.5,1.41393e-05,7.06964e-05,1
9885,9890,9887.5,1.41393e-05,7.06964e-05,1
9890,9895,9892.5,1.41393e-05,7.06964e-05,1
9900,9905,9902.5,1.41393e-05,7.06964e-05,1
9905,9910,9907.5,2.82785e-05,0.000141393,2
9910,9915,9912.5,2.82785e-05,0.000141393,2
9915,9920,9917.5,1.41393e-05,7.06964e-05,1
9920,9925,9922.5,1.41393e-05,7.06964e-05,1
9925,9930,9927.5,2.82785e-05,0.000141393,2
9935,9940,9937.5,1.41393e-05,7.06964e-05,1
9940,9945,9942.5,1.41393e-05,7.06964e-05,1
9945,9950,9947.5,1.41393e-05,7.06964e-05,1
9950,9955,9952.5,2.82785e-05,0.000141393,2
9965,9970,9967.5,1.41393e-05,7.06964e-05,1
9975,9980,9977.5,1.41393e-05,7.06964e-05,1
9980,9985,9982.5,1.41393e-05,7.06964e-05,1
9985,9990,9987.5,1.41393e-05,7.06964e-05,1
10010,10015,10012.5,1.41393e-05,7.06964e-05,1
10015,10020,10017.5,1.41393e-05,7.06964e-05,1
10020,10025,10022.5,1.41393e-05,7.06964e-05,1
10030,10035,10032.5,1.41393e-05,7.06964e-05,1
10035,10040,10037.5,1.41393e-05,7.06964e-05,1
10040,10045,10042.5,2.82785e-05,0.000141393,2
10050,10055,10052.5,1.41393e-05,7.06964e-05,1
10055,10060,10057.5,1.41393e-05,7.06964e-05,1
10060,10065,10062.5,1.41393e-05,7.06964e-05,1
10070,10075,10072.5,2.82785e-05,0.000141393,2
10075,10080,10077.5,2.82785e-05,0.000141393,2
10080,10085,10082.5,1.41393e-05,7.06964e-05,1
10090,10095,10092.5,4.24178e-05,0.000212089,3
10100,10105,10102.5,1.41393e-05,7.06964e-05,1
10145,10150,10147.5,1.41393e-05,7.06964e-05,1
10155,10160,10157.5,1.41393e-05,7.06964e-05,1
10160,10165,10162.5,1.41393e-05,7.06964e-05,1
10170,10175,10172.5,1.41393e-05,7.06964e-05,1
10180,10185,10182.5,1.41393e-05,7.06964e-05,1
10190,10195,10192.5,1.41393e-05,7.06964e-05,1
10200,10205,10202.5,4.24178e-05,0.000212089,3
10205,10210,10207.5,7.06964e-05,0.000353482,5
10215,10220,10217.5,1.41393e-05,7.06964e-05,1
10220,10225,10222.5,1.41393e-05,7.06964e-05,1
10230,10235,10232.5,1.41393e-05,7.06964e-05,1
10235,10240,10237.5,1.41393e-05,7.06964e-05,1
10240,10245,10242.5,1.41393e-05,7.06964e-05,1
10245,10250,10247.5,1.41393e-05,7.06964e-05,1
10250,10255,10252.5,1.41393e-05,7.06964e-05,1
10260,10265,10262.5,2.82785e-05,0.000141393,2
10265,10270,10267.5,2.82785e-05,0.000141393,2
10285,10290,10287.5,2.82785e-05,0.000141393,2
10295,10300,10297.5,1.41393e-05,7.06964e-05,1
10300,10305,10302.5,1.41393e-05,7.06964e-05,1
10305,10310,10307.5,2.82785e-05,0.000141393,2
10310,10315,10312.5,1.41393e-05,7.06964e-05,1
10315,10320,10317.5,1.41393e-05,7.06964e-05,1
10325,10330,10327.5,1.41393e-05,7.06964e-05,1
10335,10340,10337.5,1.41393e-05,7.06964e-05,1
10340,10345,10342.5,2.82785e-05,0.000141393,2
10355,10360,10357.5,1.41393e-05,7.06964e-05,1
10360,10365,10362.5,1.41393e-05,7.06964e-05,1
10365,10370,10367.5,1.41393e-05,7.06964e-05,1
10375,10380,10377.5,1.41393e-05,7.06964e-05,1
10385,10390,10387.5,4.24178e-05,0.000212089,3
10390,10395,10392.5,2.82785e-05,0.000141393,2
10395,10400,10397.5,1.41393e-05,7.06964e-05,1
10405,10410,10407.5,4.24178e-05,0.000212089,3
10410,10415,10412.5,1.41393e-05,7.06964e-05,1
10425,10430,10427.5,1.41393e-05,7.06964e-05,1
10440,10445,10442.5,1.41393e-05,7.06964e-05,1
10450,10455,10452.5,1.41393e-05,7.06964e-05,1
10460,10465,10462.5,1.41393e-05,7.06964e-05,1
10485,10490,10487.5,1.41393e-05,7.06964e-05,1
10500,10505,10502.5,4.24178e-05,0.000212089,3
10510,10515,10512.5,1.41393e-05,7.06964e-05,1
10535,10540,10537.5,1.41393e-05,7.06964e-05,1
10540,10545,10542.5,1.41393e-05,7.06964e-05,1
10550,10555,10552.5,1.41393e-05,7.06964e-05,1
10560,10565,10562.5,2.82785e-05,0.000141393,2
10565,10570,10567.5,1.41393e-05,7.06964e-05,1
10570,10575,10572.5,1.41393e-05,7.06964e-05,1
10575,10580,10577.5,1.41393e-05,7.06964e-05,1
10590,10595,10592.5,1.41393e-05,7.06964e-05,1
10595,10600,10597.5,1.41393e-05,7.06964e-05,1
10605,10610,10607.5,1.41393e-05,7.06964e-05,1
10610,10615,10612.5,1.41393e-05,7.06964e-05,1
10615,10620,10617.5,1.41393e-05,7.06964e-05,1
10620,10625,10622.5,2.82785e-05,0.000141393,2
10635,10640,10637.5,1.41393e-05,7.06964e-05,1
10660,10665,10662.5,1.41393e-05,7.06964e-05,1
10665,10670,10667.5,1.41393e-05,7.06964e-05,1
10670,10675,10672.5,1.41393e-05,7.06964e-05,1
10675,10680,10677.5,1.41393e-05,7.06964e-05,1
10680,10685,10682.5,2.82785e-05,0.000141393,2
10700,10705,10702.5,2.82785e-05,0.000141393,2
10705,10710,10707.5,1.41393e-05,7.06964e-05,1
10710,10715,10712.5,1.41393e-05,7.06964e-05,1
10715,10720,10717.5,1.41393e-05,7.06964e-05,1
10735,10740,10737.5,1.41393e-05,7.06964e-05,1
10750,10755,10752.5,1.41393e-05,7.06964e-05,1
10755,10760,10757.5,2.82785e-05,0.000141393,2
10760,10765,10762.5,1.41393e-05,7.06964e-05,1
10780,10785,10782.5,2.82785e-05,0.000141393,2
10795,10800,10797.5,1.41393e-05,7.06964e-05,1
10815,10820,10817.5,4.24178e-05,0.000212089,3
10840,10845,10842.5,1.41393e-05,7.06964e-05,1
10850,10855,10852.5,1.41393e-05,7.06964e-05,1
10860,10865,10862.5,1.41393e-05,7.06964e-05,1
10865,10870,10867.5,1.41393e-05,7.06964e-05,1
10885,10890,10887.5,1.41393e-05,7.06964e-05,1
10895,10900,10897.5,2.82785e-05,0.000141393,2
10900,10905,10902.5,1.41393e-05,7.06964e-05,1
10915,10920,10917.5,1.41393e-05,7.06964e-05,1
10920,10925,10922.5,5.65571e-05,0.000282785,4
10925,10930,10927.5,1.41393e-05,7.06964e-05,1
10935,10940,10937.5,1.41393e-05,7.06964e-05,1
10940,10945,10942.5,2.82785e-05,0.000141393,2
10945,10950,10947.5,1.41393e-05,7.06964e-05,1
10955,10960,10957.5,4.24178e-05,0.000212089,3
10960,10965,10962.5,1.41393e-05,7.06964e-05,1
10980,10985,10982.5,1.41393e-05,7.06964e-05,1
10985,10990,10987.5,2.82785e-05,0.000141393,2
11010,11015,11012.5,1.41393e-05,7.06964e-05,1
11020,11025,11022.5,2.82785e-05,0.000141393,2
11030,11035,11032.5,1.41393e-05,7.06964e-05,1
11035,11040,11037.5,1.41393e-05,7.06964e-05,1
11055,11060,11057.5,2.82785e-05,0.000141393,2
11065,11070,11067.5,1.41393e-05,7.06964e-05,1
11070,11075,11072.5,1.41393e-05,7.06964e-05,1
11080,11085,11082.5,4.24178e-05,0.000212089,3
11085,11090,11087.5,1.41393e-05,7.06964e-05,1
11095,11100,11097.5,1.41393e-05,7.06964e-05,1
11100,11105,11102.5,1.41393e-05,7.06964e-05,1
11115,11120,11117.5,1.41393e-05,7.06964e-05,1
11125,11130,11127.5,1.41393e-05,7.06964e-05,1
11160,11165,11162.5,2.82785e-05,0.000141393,2
11170,11175,11172.5,2.82785e-05,0.000141393,2
11180,11185,11182.5,1.41393e-05,7.06964e-05,1
11195,11200,11197.5,1.41393e-05,7.06964e-05,1
11205,11210,11207.5,1.41393e-05,7.06964e-05,1
11260,11265,11262.5,1.41393e-05,7.06964e-05,1
11290,11295,11292.5,1.41393e-05,7.06964e-05,1
11300,11305,11302.5,1.41393e-05,7.06964e-05,1
11305,11310,11307.5,1.41393e-05,7.06964e-05,1
11315,11320,11317.5,1.41393e-05,7.06964e-05,1
11325,11330,11327.5,4.24178e-05,0.000212089,3
11330,11335,11332.5,1.41393e-05,7.06964e-05,1
11335,11340,11337.5,2.82785e-05,0.000141393,2
11340,11345,11342.5,1.41393e-05,7.06964e-05,1
11345,11350,11347.5,1.41393e-05,7.06964e-05,1
11355,11360,11357.5,2.82785e-05,0.000141393,2
11365,11370,11367.5,1.41393e-05,7.06964e-05,1
11370,11375,11372.5,1.41393e-05,7.06964e-05,1
11385,11390,11387.5,1.41393e-05,7.06964e-05,1
11390,11395,11392.5,2.82785e-05,0.000141393,2
11395,11400,11397.5,1.41393e-05,7.06964e-05,1
11410,11415,11412.5,1.41393e-05,7.06964e-05,1
11425,11430,11427.5,1.41393e-05,7.06964e-05,1
11450,11455,11452.5,1.41393e-05,7.06964e-05,1
11455,11460,11457.5,1.41393e-05,7.06964e-05,1
11465,11470,11467.5,1.41393e-05,7.06964e-05,1
11485,11490,11487.5,1.41393e-05,7.06964e-05,1
11490,11495,11492.5,1.41393e-05,7.06964e-05,1
11495,11500,11497.5,2.82785e-05,0.000141393,2
11520,11525,11522.5,2.82785e-05,0.000141393,2
11530,11535,11532.5,1.41393e-05,7.06964e-05,1
11545,11550,11547.5,1.41393e-05,7.06964e-05,1
11550,11555,11552.5,2.82785e-05,0.000141393,2
11565,11570,11567.5,1.41393e-05,7.06964e-05,1
11570,11575,11572.5,1.41393e-05,7.06964e-05,1
11575,11580,11577.5,1.41393e-05,7.06964e-05,1
11580,11585,11582.5,1.41393e-05,7.06964e-05,1
11590,11595,11592.5,4.24178e-05,0.000212089,3
11595,11600,11597.5,1.41393e-05,7.06964e-05,1
11620,11625,11622.5,1.41393e-05,7.06964e-05,1
11625,11630,11627.5,1.41393e-05,7.06964e-05,1
11635,11640,11637.5,1.41393e-05,7.06964e-05,1
11640,11645,11642.5,1.41393e-05,7.06964e-05,1
11680,11685,11682.5,2.82785e-05,0.000141393,2
11695,11700,11697.5,1.41393e-05,7.06964e-05,1
11710,11715,11712.5,1.41393e-05,7.06964e-05,1
11715,11720,11717.5,1.41393e-05,7.06964e-05,1
11725,11730,11727.5,1.41393e-05,7.06964e-05,1
11730,11735,11732.5,1.41393e-05,7.06964e-05,1
11745,11750,11747.5,4.24178e-05,0.000212089,3
11755,11760,11757.5,2.82785e-05,0.000141393,2
11760,11765,11762.5,1.41393e-05,7.06964e-05,1
11765,11770,11767.5,1.41393e-05,7.06964e-05,1
11770,11775,11772.5,1.41393e-05,7.06964e-05,1
11775,11780,11777.5,1.41393e-05,7.06964e-05,1
11790,11795,11792.5,1.41393e-05,7.06964e-05,1
11795,11800,11797.5,2.82785e-05,0.000141393,2
11805,11810,11807.5,1.41393e-05,7.06964e-05,1
11810,11815,11812.5,1.41393e-05,7.06964e-05,1
11820,11825,11822.5,2.82785e-05,0.000141393,2
11840,11845,11842.5,1.41393e-05,7.06964e-05,1
11845,11850,11847.5,4.24178e-05,0.000212089,3
11875,11880,11877.5,2.82785e-05,0.000141393,2
11885,11890,11887.5,2.82785e-05,0.000141393,2
11890,11895,11892.5,1.41393e-05,7.06964e-05,1
11895,11900,11897.5,2.82785e-05,0.000141393,2
11900,11905,11902.5,1.41393e-05,7.06964e-05,1
11925,11930,11927.5,2.82785e-05,0.000141393,2
11940,11945,11942.5,1.41393e-05,7.06964e-05,1
11950,11955,11952.5,1.41393e-05,7.06964e-05,1
11955,11960,11957.5,1.41393e-05,7.06964e-05,1
11965,11970,11967.5,1.41393e-05,7.06964e-05,1
11970,11975,11972.5,1.41393e-05,7.06964e-05,1
11975,11980,11977.5,1.41393e-05,7.06964e-05,1
11985,11990,11987.5,1.41393e-05,7.06964e-05,1
12000,12005,12002.5,2.82785e-05,0.000141393,2
12015,12020,12017.5,1.41393e-05,7.06964e-05,1
12020,12025,12022.5,1.41393e-05,7.06964e-05,1
12030,12035,12032.5,2.82785e-05,0.000141393,2
12035,12040,12037.5,1.41393e-05,7.06964e-05,1
12040,12045,12042.5,1.41393e-05,7.06964e-05,1
12050,12055,12052.5,1.41393e-05,7.06964e-05,1
12055,12060,12057.5,1.41393e-05,7.06964e-05,1
12060,12065,12062.5,1.41393e-05,7.06964e-05,1
12065,12070,12067.5,1.41393e-05,7.06964e-05,1
12075,12080,12077.5,1.41393e-05,7.06964e-05,1
12090,12095,12092.5,1.41393e-05,7.06964e-05,1
12105,12110,12107.5,1.41393e-05,7.06964e-05,1
12115,12120,12117.5,1.41393e-05,7.06964e-05,1
12120,12125,12122.5,1.41393e-05,7.06964e-05,1
12125,12130,12127.5,1.41393e-05,7.06964e-05,1
12130,12135,12132.5,1.41393e-05,7.06964e-05,1
12135,12140,12137.5,1.41393e-05,7.06964e-05,1
12140,12145,12142.5,1.41393e-05,7.06964e-05,1
12165,12170,12167.5,1.41393e-05,7.06964e-05,1
12175,12180,12177.5,1.41393e-05,7.06964e-05,1
12215,12220,12217.5,1.41393e-05,7.06964e-05,1
12255,12260,12257.5,1.41393e-05,7.06964e-05,1
12260,12265,12262.5,4.24178e-05,0.000212089,3
12275,12280,12277.5,1.41393e-05,7.06964e-05,1
12290,12295,12292.5,2.82785e-05,0.000141393,2
12305,12310,12307.5,1.41393e-05,7.06964e-05,1
12310,12315,12312.5,1.41393e-05,7.06964e-05,1
12315,12320,12317.5,1.41393e-05,7.06964e-05,1
12325,12330,12327.5,1.41393e-05,7.06964e-05,1
12330,12335,12332.5,1.41393e-05,7.06964e-05,1
12340,12345,12342.5,1.41393e-05,7.06964e-05,1
12345,12350,12347.5,1.41393e-05,7.06964e-05,1
12360,12365,12362.5,1.41393e-05,7.06964e-05,1
12375,12380,12377.5,4.24178e-05,0.000212089,3
12380,12385,12382.5,1.41393e-05,7.06964e-05,1
12400,12405,12402.5,1.41393e-05,7.06964e-05,1
12405,12410,12407.5,1.41393e-05,7.06964e-05,1
12420,12425,12422.5,1.41393e-05,7.06964e-05,1
12430,12435,12432.5,2.82785e-05,0.000141393,2
12460,12465,12462.5,1.41393e-05,7.06964e-05,1
12500,12505,12502.5,1.41393e-05,7.06964e-05,1
12510,12515,12512.5,1.41393e-05,7.06964e-05,1
12530,12535,12532.5,1.41393e-05,7.06964e-05,1
12540,12545,12542.5,1.41393e-05,7.06964e-05,1
12565,12570,12567.5,2.82785e-05,0.000141393,2
12570,12575,12572.5,1.41393e-05,7.06964e-05,1
12585,12590,12587.5,1.41393e-05,7.06964e-05,1
12610,12615,12612.5,1.41393e-05,7.06964e-05,1
12625,12630,12627.5,1.41393e-05,7.06964e-05,1
12645,12650,12647.5,1.41393e-05,7.06964e-05,1
12650,12655,12652.5,1.41393e-05,7.06964e-05,1
12670,12675,12672.5,1.41393e-05,7.06964e-05,1
12680,12685,12682.5,1.41393e-05,7.06964e-05,1
12685,12690,12687.5,1.41393e-05,7.06964e-05,1
12705,12710,12707.5,1.41393e-05,7.06964e-05,1
12715,12720,12717.5,1.41393e-05,7.06964e-05,1
12770,12775,12772.5,1.41393e-05,7.06964e-05,1
12780,12785,12782.5,1.41393e-05,7.06964e-05,1
12790,12795,12792.5,1.41393e-05,7.06964e-05,1
12795,12800,12797.5,1.41393e-05,7.06964e-05,1
12805,12810,12807.5,2.82785e-05,0.000141393,2
12815,12820,12817.5,1.41393e-05,7.06964e-05,1
12905,12910,12907.5,1.41393e-05,7.06964e-05,1
12945,12950,12947.5,1.41393e-05,7.06964e-05,1
12960,12965,12962.5,1.41393e-05,7.06964e-05,1
12995,13000,12997.5,1.41393e-05,7.06964e-05,1
13015,13020,13017.5,1.41393e-05,7.06964e-05,1
13020,13025,13022.5,1.41393e-05,7.06964e-05,1
13025,13030,13027.5,2.82785e-05,0.000141393,2
13030,13035,13032.5,2.82785e-05,0.000141393,2
13035,13040,13037.5,4.24178e-05,0.000212089,3
13045,13050,13047.5,1.41393e-05,7.06964e-05,1
13050,13055,13052.5,2.82785e-05,0.000141393,2
13060,13065,13062.5,1.41393e-05,7.06964e-05,1
13065,13070,13067.5,1.41393e-05,7.06964e-05,1
13080,13085,13082.5,1.41393e-05,7.06964e-05,1
13105,13110,13107.5,1.41393e-05,7.06964e-05,1
13110,13115,13112.5,2.82785e-05,0.000141393,2
13115,13120,13117.5,1.41393e-05,7.06964e-05,1
13120,13125,13122.5,1.41393e-05,7.06964e-05,1
13125,13130,13127.5,1.41393e-05,7.06964e-05,1
13130,13135,13132.5,1.41393e-05,7.06964e-05,1
13135,13140,13137.5,1.41393e-05,7.06964e-05,1
13140,13145,13142.5,2.82785e-05,0.000141393,2
13160,13165,13162.5,1.41393e-05,7.06964e-05,1
13165,13170,13167.5,1.41393e-05,7.06964e-05,1
13180,13185,13182.5,2.82785e-05,0.000141393,2
13195,13200,13197.5,2.82785e-05,0.000141393,2
13200,13205,13202.5,1.41393e-05,7.06964e-05,1
13210,13215,13212.5,1.41393e-05,7.06964e-05,1
13220,13225,13222.5,1.41393e-05,7.06964e-05,1
13245,13250,13247.5,1.41393e-05,7.06964e-05,1
13265,13270,13267.5,1.41393e-05,7.06964e-05,1
13305,13310,13307.5,2.82785e-05,0.000141393,2
13310,13315,13312.5,2.82785e-05,0.000141393,2
13365,13370,13367.5,2.82785e-05,0.000141393,2
13370,13375,13372.5,1.41393e-05,7.06964e-05,1
13375,13380,13377.5,1.41393e-05,7.06964e-05,1
13380,13385,13382.5,2.82785e-05,0.000141393,2
13420,13425,13422.5,1.41393e-05,7.06964e-05,1
13425,13430,13427.5,4.24178e-05,0.000212089,3
13440,13445,13442.5,1.41393e-05,7.06964e-05,1
13445,13450,13447.5,1.41393e-05,7.06964e-05,1
13450,13455,13452.5,1.41393e-05,7.06964e-05,1
13465,13470,13467.5,1.41393e-05,7.06964e-05,1
13475,13480,13477.5,1.41393e-05,7.06964e-05,1
13480,13485,13482.5,1.41393e-05,7.06964e-05,1
13485,13490,13487.5,2.82785e-05,0.000141393,2
13530,13535,13532.5,1.41393e-05,7.06964e-05,1
13540,13545,13542.5,1.41393e-05,7.06964e-05,1
13550,13555,13552.5,1.41393e-05,7.06964e-05,1
13560,13565,13562.5,1.41393e-05,7.06964e-05,1
13565,13570,13567.5,1.41393e-05,7.06964e-05,1
13575,13580,13577.5,1.41393e-05,7.06964e-05,1
13605,13610,13607.5,1.41393e-05,7.06964e-05,1
13615,13620,13617.5,1.41393e-05,7.06964e-05,1
13630,13635,13632.5,1.41393e-05,7.06964e-05,1
13635,13640,13637.5,1.41393e-05,7.06964e-05,1
13640,13645,13642.5,1.41393e-05,7.06964e-05,1
13660,13665,13662.5,1.41393e-05,7.06964e-05,1
13670,13675,13672.5,2.82785e-05,0.000141393,2
13675,13680,13677.5,1.41393e-05,7.06964e-05,1
13705,13710,13707.5,1.41393e-05,7.06964e-05,1
13720,13725,13722.5,1.41393e-05,7.06964e-05,1
13730,13735,13732.5,1.41393e-05,7.06964e-05,1
13770,13775,13772.5,1.41393e-05,7.06964e-05,1
13785,13790,13787.5,1.41393e-05,7.06964e-05,1
13795,13800,13797.5,1.41393e-05,7.06964e-05,1
13805,13810,13807.5,1.41393e-05,7.06964e-05,1
13815,13820,13817.5,1.41393e-05,7.06964e-05,1
13845,13850,13847.5,1.41393e-05,7.06964e-05,1
13855,13860,13857.5,1.41393e-05,7.06964e-05,1
13880,13885,13882.5,1.41393e-05,7.06964e-05,1
13890,13895,13892.5,1.41393e-05,7.06964e-05,1
13955,13960,13957.5,2.82785e-05,0.000141393,2
13965,13970,13967.5,1.41393e-05,7.06964e-05,1
13975,13980,13977.5,2.82785e-05,0.000141393,2
14000,14005,14002.5,1.41393e-05,7.06964e-05,1
14030,14035,14032.5,1.41393e-05,7.06964e-05,1
14035,14040,14037.5,1.41393e-05,7.06964e-05,1
14050,14055,14052.5,1.41393e-05,7.06964e-05,1
14060,14065,14062.5,1.41393e-05,7.06964e-05,1
14075,14080,14077.5,1.41393e-05,7.06964e-05,1
14090,14095,14092.5,1.41393e-05,7.06964e-05,1
14120,14125,14122.5,1.41393e-05,7.06964e-05,1
14135,14140,14137.5,1.41393e-05,7.06964e-05,1
14140,14145,14142.5,2.82785e-05,0.000141393,2
14175,14180,14177.5,1.41393e-05,7.06964e-05,1
14180,14185,14182.5,1.41393e-05,7.06964e-05,1
14190,14195,14192.5,1.41393e-05,7.06964e-05,1
14220,14225,14222.5,1.41393e-05,7.06964e-05,1
14240,14245,14242.5,1.41393e-05,7.06964e-05,1
14245,14250,14247.5,1.41393e-05,7.06964e-05,1
14265,14270,14267.5,1.41393e-05,7.06964e-05,1
14270,14275,14272.5,1.41393e-05,7.06964e-05,1
14285,14290,14287.5,2.82785e-05,0.000141393,2
14290,14295,14292.5,1.41393e-05,7.06964e-05,1
14295,14300,14297.5,1.41393e-05,7.06964e-05,1
14305,14310,14307.5,1.41393e-05,7.06964e-05,1
14320,14325,14322.5,1.41393e-05,7.06964e-05,1
14400,14405,14402.5,1.41393e-05,7.06964e-05,1
14420,14425,14422.5,1.41393e-05,7.06964e-05,1
14460,14465,14462.5,1.41393e-05,7.06964e-05,1
14465,14470,14467.5,1.41393e-05,7.06964e-05,1
14475,14480,14477.5,1.41393e-05,7.06964e-05,1
14495,14500,14497.5,1.41393e-05,7.06964e-05,1
14510,14515,14512.5,1.41393e-05,7.06964e-05,1
14520,14525,14522.5,2.82785e-05,0.000141393,2
14525,14530,14527.5,1.41393e-05,7.06964e-05,1
14540,14545,14542.5,1.41393e-05,7.06964e-05,1
14545,14550,14547.5,1.41393e-05,7.06964e-05,1
14565,14570,14567.5,1.41393e-05,7.06964e-05,1
14570,14575,14572.5,1.41393e-05,7.06964e-05,1
14580,14585,14582.5,1.41393e-05,7.06964e-05,1
14595,14600,14597.5,1.41393e-05,7.06964e-05,1
14630,14635,14632.5,1.41393e-05,7.06964e-05,1
14635,14640,14637.5,1.41393e-05,7.06964e-05,1
14685,14690,14687.5,1.41393e-05,7.06964e-05,1
14700,14705,14702.5,1.41393e-05,7.06964e-05,1
14725,14730,14727.5,1.41393e-05,7.06964e-05,1
14745,14750,14747.5,1.41393e-05,7.06964e-05,1
14820,14825,14822.5,1.41393e-05,7.06964e-05,1
14830,14835,14832.5,1.41393e-05,7.06964e-05,1
14865,14870,14867.5,1.41393e-05,7.06964e-05,1
14880,14885,14882.5,1.41393e-05,7.06964e-05,1
14885,14890,14887.5,1.41393e-05,7.06964e-05,1
14890,14895,14892.5,1.41393e-05,7.06964e-05,1
14925,14930,14927.5,1.41393e-05,7.06964e-05,1
14940,14945,14942.5,1.41393e-05,7.06964e-05,1
14960,14965,14962.5,1.41393e-05,7.06964e-05,1
15030,15035,15032.5,1.41393e-05,7.06964e-05,1
15050,15055,15052.5,1.41393e-05,7.06964e-05,1
15065,15070,15067.5,1.41393e-05,7.06964e-05,1
15070,15075,15072.5,1.41393e-05,7.06964e-05,1
15115,15120,15117.5,1.41393e-05,7.06964e-05,1
15125,15130,15127.5,1.41393e-05,7.06964e-05,1
15140,15145,15142.5,1.41393e-05,7.06964e-05,1
15150,15155,15152.5,1.41393e-05,7.06964e-05,1
15160,15165,15162.5,1.41393e-05,7.06964e-05,1
15170,15175,15172.5,1.41393e-05,7.06964e-05,1
15200,15205,15202.5,1.41393e-05,7.06964e-05,1
15215,15220,15217.5,1.41393e-05,7.06964e-05,1
15225,15230,15227.5,1.41393e-05,7.06964e-05,1
15255,15260,15257.5,1.41393e-05,7.06964e-05,1
15260,15265,15262.5,1.41393e-05,7.06964e-05,1
15285,15290,15287.5,1.41393e-05,7.06964e-05,1
15325,15330,15327.5,1.41393e-05,7.06964e-05,1
15340,15345,15342.5,1.41393e-05,7.06964e-05,1
15345,15350,15347.5,1.41393e-05,7.06964e-05,1
15380,15385,15382.5,1.41393e-05,7.06964e-05,1
15385,15390,15387.5,2.82785e-05,0.000141393,2
15410,15415,15412.5,1.41393e-05,7.06964e-05,1
15465,15470,15467.5,1.41393e-05,7.06964e-05,1
15495,15500,15497.5,2.82785e-05,0.000141393,2
15515,15520,15517.5,1.41393e-05,7.06964e-05,1
15560,15565,15562.5,1.41393e-05,7.06964e-05,1
15620,15625,15622.5,1.41393e-05,7.06964e-05,1
15635,15640,15637.5,1.41393e-05,7.06964e-05,1
15650,15655,15652.5,1.41393e-05,7.06964e-05,1
15730,15735,15732.5,1.41393e-05,7.06964e-05,1
15750,15755,15752.5,1.41393e-05,7.06964e-05,1
15790,15795,15792.5,2.82785e-05,0.000141393,2
15820,15825,15822.5,1.41393e-05,7.06964e-05,1
15830,15835,15832.5,2.82785e-05,0.000141393,2
15850,15855,15852.5,2.82785e-05,0.000141393,2
15905,15910,15907.5,1.41393e-05,7.06964e-05,1
15980,15985,15982.5,1.41393e-05,7.06964e-05,1
16000,16005,16002.5,1.41393e-05,7.06964e-05,1
16075,16080,16077.5,1.41393e-05,7.06964e-05,1
16100,16105,16102.5,1.41393e-05,7.06964e-05,1
16110,16115,16112.5,1.41393e-05,7.06964e-05,1
16170,16175,16172.5,1.41393e-05,7.06964e-05,1
16180,16185,16182.5,1.41393e-05,7.06964e-05,1
16220,16225,16222.5,2.82785e-05,0.000141393,2
16285,16290,16287.5,1.41393e-05,7.06964e-05,1
16310,16315,16312.5,1.41393e-05,7.06964e-05,1
16335,16340,16337.5,1.41393e-05,7.06964e-05,1
16440,16445,16442.5,1.41393e-05,7.06964e-05,1
16475,16480,16477.5,1.41393e-05,7.06964e-05,1
16505,16510,16507.5,1.41393e-05,7.06964e-05,1
16510,16515,16512.5,1.41393e-05,7.06964e-05,1
16570,16575,16572.5,1.41393e-05,7.06964e-05,1
16615,16620,16617.5,1.41393e-05,7.06964e-05,1
16680,16685,16682.5,1.41393e-05,7.06964e-05,1
16725,16730,16727.5,1.41393e-05,7.06964e-05,1
16830,16835,16832.5,1.41393e-05,7.06964e-05,1
16885,16890,16887.5,1.41393e-05,7.06964e-05,1
17045,17050,17047.5,1.41393e-05,7.06964e-05,1
17180,17185,17182.5,1.41393e-05,7.06964e-05,1
17205,17210,17207.5,1.41393e-05,7.06964e-05,1
17230,17235,17232.5,1.41393e-05,7.06964e-05,1
17240,17245,17242.5,1.41393e-05,7.06964e-05,1
17315,17320,17317.5,1.41393e-05,7.06964e-05,1
17570,17575,17572.5,1.41393e-05,7.06964e-05,1
17580,17585,17582.5,1.41393e-05,7.06964e-05,1
17775,17780,17777.5,1.41393e-05,7.06964e-05,1
17855,17860,17857.5,1.41393e-05,7.06964e-05,1
17905,17910,17907.5,1.41393e-05,7.06964e-05,1
17955,17960,17957.5,1.41393e-05,7.06964e-05,1
18095,18100,18097.5,1.41393e-05,7.06964e-05,1
18520,18525,18522.5,1.41393e-05,7.06964e-05,1
18540,18545,18542.5,1.41393e-05,7.06964e-05,1
18735,18740,18737.5,1.41393e-05,7.06964e-05,1
18810,18815,18812.5,1.41393e-05,7.06964e-05,1
19205,19210,19207.5,1.41393e-05,7.06964e-05,1
19320,19325,19322.5,1.41393e-05,7.06964e-05,1
20620,20625,20622.5,1.41393e-05,7.06964e-05,1
20835,20840,20837.5,1.41393e-05,7.06964e-05,1
22390,22395,22392.5,1.41393e-05,7.06964e-05,1
23425,23430,23427.5,1.41393e-05,7.06964e-05,1
VO Delay PDF CSV saved: scratch/delay_pdf/pedca_vo_delay_pdf.csv

P-EDCA STA Delay PDF CSV saved: scratch/delay_pdf/11be/adaptive_compare/default_k15_s3.csv
Legacy STA Delay PDF CSV saved: scratch/delay_pdf/11be/adaptive_compare/defaultL_k15_s3.csv
--- EXTENDED_STATS_BEGIN ---
PEDCA_STA_SUCC_COUNT: 6952
PEDCA_STA_FAIL_COUNT: 431
PEDCA_STA_ZERO_RETX: 6952
LEGACY_STA_SUCC_COUNT: 7193
LEGACY_STA_FAIL_COUNT: 1085
LEGACY_STA_ZERO_RETX: 7192
PEDCA_STA_AVG_MAC_DELAY: 2238.58
PEDCA_STA_AVG_QUEUE_DELAY: 1951.27
PEDCA_STA_AVG_ACCESS_DELAY: 287.314
LEGACY_STA_AVG_MAC_DELAY: 2922.29
LEGACY_STA_AVG_QUEUE_DELAY: 2579.42
LEGACY_STA_AVG_ACCESS_DELAY: 342.875
--- EXTENDED_STATS_END ---
