[INFO] std::clog redirected to: scratch/delay_pdf/11be/adaptive_compare/edca_k0_s3.log

--- Per-STA P-EDCA Detail ---

=== General Statistics ===
P-EDCA Ratio: 0
P-EDCA STAs: 0/30
P-EDCA Share (Avg Per-STA P-EDCA Tx/Total Tx): 0 %
Avg P-EDCA Attempt Success Rate: 0 %
Global P-EDCA Tx Success: 0
Global EDCA Tx Success: 0
Global P-EDCA Attempt (DS-CTS Sent): 0

--- P-EDCA Detailed Trace ---
Stage 2 Entered: 0
Stage 2 TX Started: 0
P-EDCA Fail RTS No CTS: 0
P-EDCA Fail RTS Collision: 0
P-EDCA Fail Timing Expired: 0
P-EDCA Fail Deferral: 0
Total VO TX (P-EDCA+EDCA): 0
Global P-EDCA Share: 0 %
Global EDCA Share: 0 %
Channel Idle Time (AP): 24.1709 % (1.69196e+06 us / 7e+06 us)
Total Successes:       14914
Total Failures:        1741
Total Retransmissions: 0

--- Per-AC Success Statistics ---
AC_BE:
  Successes:         30
  Throughput:        0.0342857 Mbps
  Packet Loss:       0 %
  Avg Retx/MPDU:     0
  Avg Queue Delay:   -1.08403e+06 us (Enqueue->TxStart)
  Avg Access Delay:  1.12126e+06 us (TxStart->Ack)
  Avg MAC Delay:     37229.2 us (Total: Enqueue->Ack)

AC_VO:
  Successes:         14884
  Throughput:        17.0103 Mbps
  Packet Loss:       10.4722 %
  Avg Retx/MPDU:     0
  Avg Queue Delay:   2313.36 us (Enqueue->TxStart)
  Avg Access Delay:  320.959 us (TxStart->Ack)
  Avg MAC Delay:     2634.32 us (Total: Enqueue->Ack)

--- Per-AC Failure Statistics ---
AC_VO Failures: 1741

--- Failure Reasons by AC ---
  AC_VO RETRY_LIMIT: 1741


=== Extended P-EDCA vs Legacy Statistics ===

--- [Stat 1] Delay by STA Type ---
P-EDCA STAs (0 STAs):
  Successes:         0
  Failures:          0
  Throughput:        0 Mbps
  Packet Loss:       0 %
  Avg Queue Delay:   0 us
  Avg Access Delay:  0 us
  Avg MAC Delay:     0 us
Legacy EDCA STAs (30 STAs):
  Successes:         14884
  Failures:          1741
  Throughput:        17.0103 Mbps
  Packet Loss:       10.4722 %
  Avg Queue Delay:   2313.36 us
  Avg Access Delay:  320.959 us
  Avg MAC Delay:     2634.32 us
  Median MAC Delay:  1620 us
  P95 MAC Delay:     9274 us
  P99 MAC Delay:     13567 us

--- [Stat 2] Per-STA P-EDCA Attempt Count (DS-CTS Sent) ---
  Total: 0 P-EDCA attempts across 0 P-EDCA STAs

--- [Stat 3] P-EDCA One-Shot Success Probability ---
  P-EDCA Success / DS-CTS Sent:      0 / 0 = 0 %
  P-EDCA Success / Stage2 TX Started: 0 / 0 = 0 %  (given RTS was actually sent)

--- [Stat 4] EDCA One-Shot Success Ratio (0 retransmissions) ---
  Legacy STAs: 14884 / 14884 = 100 %
  P-EDCA STAs: 0 / 0 = 0 %  (MAC-level, includes both P-EDCA and EDCA paths)

--- [Stat 5] P-EDCA Kickback-to-EDCA Probability ---
  Total P-EDCA Failures: 0 / 0 DS-CTS = 0 %

--- [Stat 6] P-EDCA RTS Collision Probability ---
  RTS Collision / Stage2 TX Started: 0 / 0 = 0 %
  RTS Collision / DS-CTS Sent:       0 / 0 = 0 %

--- [Stat 7] P-EDCA Attempts per Successful P-EDCA TX ---
  DS-CTS Sent / P-EDCA Success: 0 / 0 = 0 attempts/success
  Stage2 TX / P-EDCA Success:   0 / 0 = 0 RTS/success

--- VO Delay PDF (MAC Delay) ---
bin_start_us,bin_end_us,bin_mid_us,pdf_per_us,probability,count
210,215,212.5,1.34372e-05,6.71862e-05,1
215,220,217.5,0.00014781,0.000739049,11
220,225,222.5,5.3749e-05,0.000268745,4
225,230,227.5,0.000214996,0.00107498,16
230,235,232.5,6.71862e-05,0.000335931,5
235,240,237.5,0.000107498,0.00053749,8
240,245,242.5,6.71862e-05,0.000335931,5
245,250,247.5,8.06235e-05,0.000403117,6
250,255,252.5,5.3749e-05,0.000268745,4
255,260,257.5,9.40607e-05,0.000470304,7
260,265,262.5,0.000107498,0.00053749,8
265,270,267.5,8.06235e-05,0.000403117,6
270,275,272.5,8.06235e-05,0.000403117,6
275,280,277.5,0.00014781,0.000739049,11
280,285,282.5,0.000120935,0.000604676,9
285,290,287.5,0.000161247,0.000806235,12
290,295,292.5,8.06235e-05,0.000403117,6
295,300,297.5,0.000107498,0.00053749,8
300,305,302.5,6.71862e-05,0.000335931,5
305,310,307.5,5.3749e-05,0.000268745,4
310,315,312.5,0.00014781,0.000739049,11
315,320,317.5,9.40607e-05,0.000470304,7
320,325,322.5,5.3749e-05,0.000268745,4
325,330,327.5,8.06235e-05,0.000403117,6
330,335,332.5,9.40607e-05,0.000470304,7
335,340,337.5,0.000161247,0.000806235,12
340,345,342.5,0.00135716,0.00678581,101
345,350,347.5,0.00176028,0.0088014,131
350,355,352.5,0.000994356,0.00497178,74
355,360,357.5,0.000792798,0.00396399,59
360,365,362.5,0.00104811,0.00524053,78
365,370,367.5,0.000846547,0.00423273,63
370,375,372.5,0.000846547,0.00423273,63
375,380,377.5,0.000429992,0.00214996,32
380,385,382.5,0.000268745,0.00134372,20
385,390,387.5,0.000335931,0.00167966,25
390,395,392.5,0.000295619,0.0014781,22
395,400,397.5,0.000335931,0.00167966,25
400,405,402.5,0.000322494,0.00161247,24
405,410,407.5,0.000362806,0.00181403,27
410,415,412.5,0.000403117,0.00201559,30
415,420,417.5,0.000376243,0.00188121,28
420,425,422.5,0.00038968,0.0019484,29
425,430,427.5,0.000403117,0.00201559,30
430,435,432.5,0.000349368,0.00174684,26
435,440,437.5,0.00038968,0.0019484,29
440,445,442.5,0.000309057,0.00154528,23
445,450,447.5,0.00024187,0.00120935,18
450,455,452.5,0.0139344,0.0696721,1037
455,460,457.5,0.000309057,0.00154528,23
460,465,462.5,0.000228433,0.00114217,17
465,470,467.5,0.000443429,0.00221715,33
470,475,472.5,0.000483741,0.0024187,36
475,480,477.5,0.000349368,0.00174684,26
480,485,482.5,0.000349368,0.00174684,26
485,490,487.5,0.000443429,0.00221715,33
490,495,492.5,0.000282182,0.00141091,21
495,500,497.5,0.000376243,0.00188121,28
500,505,502.5,0.000497178,0.00248589,37
505,510,507.5,0.000362806,0.00181403,27
510,515,512.5,0.00038968,0.0019484,29
515,520,517.5,0.00038968,0.0019484,29
520,525,522.5,0.000322494,0.00161247,24
525,530,527.5,0.000376243,0.00188121,28
530,535,532.5,0.000295619,0.0014781,22
535,540,537.5,0.000268745,0.00134372,20
540,545,542.5,0.00038968,0.0019484,29
545,550,547.5,0.000416555,0.00208277,31
550,555,552.5,0.000309057,0.00154528,23
555,560,557.5,0.000335931,0.00167966,25
560,565,562.5,0.00038968,0.0019484,29
565,570,567.5,0.000456866,0.00228433,34
570,575,572.5,0.000295619,0.0014781,22
575,580,577.5,0.000322494,0.00161247,24
580,585,582.5,0.000564364,0.00282182,42
585,590,587.5,0.000335931,0.00167966,25
590,595,592.5,0.000295619,0.0014781,22
595,600,597.5,0.000282182,0.00141091,21
600,605,602.5,0.000255308,0.00127654,19
605,610,607.5,0.000309057,0.00154528,23
610,615,612.5,0.000322494,0.00161247,24
615,620,617.5,0.000376243,0.00188121,28
620,625,622.5,0.000470304,0.00235152,35
625,630,627.5,0.000228433,0.00114217,17
630,635,632.5,0.000470304,0.00235152,35
635,640,637.5,0.000268745,0.00134372,20
640,645,642.5,0.000470304,0.00235152,35
645,650,647.5,0.000335931,0.00167966,25
650,655,652.5,0.000376243,0.00188121,28
655,660,657.5,0.00038968,0.0019484,29
660,665,662.5,0.000295619,0.0014781,22
665,670,667.5,0.00024187,0.00120935,18
670,675,672.5,0.00545552,0.0272776,406
675,680,677.5,0.000268745,0.00134372,20
680,685,682.5,0.000188121,0.000940607,14
685,690,687.5,0.000282182,0.00141091,21
690,695,692.5,0.000295619,0.0014781,22
695,700,697.5,0.000443429,0.00221715,33
700,705,702.5,0.000349368,0.00174684,26
705,710,707.5,0.000255308,0.00127654,19
710,715,712.5,0.000362806,0.00181403,27
715,720,717.5,0.000443429,0.00221715,33
720,725,722.5,0.000309057,0.00154528,23
725,730,727.5,0.000295619,0.0014781,22
730,735,732.5,0.000376243,0.00188121,28
735,740,737.5,0.000214996,0.00107498,16
740,745,742.5,0.000295619,0.0014781,22
745,750,747.5,0.000255308,0.00127654,19
750,755,752.5,0.000309057,0.00154528,23
755,760,757.5,0.000295619,0.0014781,22
760,765,762.5,0.000201559,0.00100779,15
765,770,767.5,0.000228433,0.00114217,17
770,775,772.5,0.000255308,0.00127654,19
775,780,777.5,0.000295619,0.0014781,22
780,785,782.5,0.000403117,0.00201559,30
785,790,787.5,0.000255308,0.00127654,19
790,795,792.5,0.00024187,0.00120935,18
795,800,797.5,0.000295619,0.0014781,22
800,805,802.5,0.00024187,0.00120935,18
805,810,807.5,0.000120935,0.000604676,9
810,815,812.5,0.000309057,0.00154528,23
815,820,817.5,0.000201559,0.00100779,15
820,825,822.5,0.000255308,0.00127654,19
825,830,827.5,0.000282182,0.00141091,21
830,835,832.5,0.000255308,0.00127654,19
835,840,837.5,0.000268745,0.00134372,20
840,845,842.5,0.000497178,0.00248589,37
845,850,847.5,0.000282182,0.00141091,21
850,855,852.5,0.000362806,0.00181403,27
855,860,857.5,0.00024187,0.00120935,18
860,865,862.5,0.000255308,0.00127654,19
865,870,867.5,0.000268745,0.00134372,20
870,875,872.5,0.000322494,0.00161247,24
875,880,877.5,0.000228433,0.00114217,17
880,885,882.5,0.000282182,0.00141091,21
885,890,887.5,0.000322494,0.00161247,24
890,895,892.5,0.000671862,0.00335931,50
895,900,897.5,0.000416555,0.00208277,31
900,905,902.5,0.000188121,0.000940607,14
905,910,907.5,0.000282182,0.00141091,21
910,915,912.5,0.000255308,0.00127654,19
915,920,917.5,0.000335931,0.00167966,25
920,925,922.5,0.000174684,0.000873421,13
925,930,927.5,0.000161247,0.000806235,12
930,935,932.5,0.000349368,0.00174684,26
935,940,937.5,0.000362806,0.00181403,27
940,945,942.5,0.000214996,0.00107498,16
945,950,947.5,0.000362806,0.00181403,27
950,955,952.5,0.00024187,0.00120935,18
955,960,957.5,0.000268745,0.00134372,20
960,965,962.5,0.00024187,0.00120935,18
965,970,967.5,0.00038968,0.0019484,29
970,975,972.5,0.000214996,0.00107498,16
975,980,977.5,0.000174684,0.000873421,13
980,985,982.5,0.000604676,0.00302338,45
985,990,987.5,0.000295619,0.0014781,22
990,995,992.5,0.000322494,0.00161247,24
995,1000,997.5,0.000349368,0.00174684,26
1000,1005,1002.5,0.000214996,0.00107498,16
1005,1010,1007.5,0.000335931,0.00167966,25
1010,1015,1012.5,0.000228433,0.00114217,17
1015,1020,1017.5,0.000322494,0.00161247,24
1020,1025,1022.5,0.00024187,0.00120935,18
1025,1030,1027.5,0.000201559,0.00100779,15
1030,1035,1032.5,0.000255308,0.00127654,19
1035,1040,1037.5,0.000174684,0.000873421,13
1040,1045,1042.5,0.000416555,0.00208277,31
1045,1050,1047.5,0.000376243,0.00188121,28
1050,1055,1052.5,0.00024187,0.00120935,18
1055,1060,1057.5,0.000268745,0.00134372,20
1060,1065,1062.5,0.000282182,0.00141091,21
1065,1070,1067.5,0.000335931,0.00167966,25
1070,1075,1072.5,0.00024187,0.00120935,18
1075,1080,1077.5,0.000429992,0.00214996,32
1080,1085,1082.5,0.000376243,0.00188121,28
1085,1090,1087.5,0.000255308,0.00127654,19
1090,1095,1092.5,0.000443429,0.00221715,33
1095,1100,1097.5,0.000255308,0.00127654,19
1100,1105,1102.5,0.000282182,0.00141091,21
1105,1110,1107.5,0.000282182,0.00141091,21
1110,1115,1112.5,0.000309057,0.00154528,23
1115,1120,1117.5,0.000335931,0.00167966,25
1120,1125,1122.5,0.000322494,0.00161247,24
1125,1130,1127.5,0.000282182,0.00141091,21
1130,1135,1132.5,0.000309057,0.00154528,23
1135,1140,1137.5,0.000255308,0.00127654,19
1140,1145,1142.5,0.000214996,0.00107498,16
1145,1150,1147.5,0.000134372,0.000671862,10
1150,1155,1152.5,0.000349368,0.00174684,26
1155,1160,1157.5,0.000201559,0.00100779,15
1160,1165,1162.5,0.000214996,0.00107498,16
1165,1170,1167.5,0.000282182,0.00141091,21
1170,1175,1172.5,0.000188121,0.000940607,14
1175,1180,1177.5,0.000228433,0.00114217,17
1180,1185,1182.5,0.000282182,0.00141091,21
1185,1190,1187.5,0.00024187,0.00120935,18
1190,1195,1192.5,0.000282182,0.00141091,21
1195,1200,1197.5,0.000201559,0.00100779,15
1200,1205,1202.5,0.000483741,0.0024187,36
1205,1210,1207.5,0.000309057,0.00154528,23
1210,1215,1212.5,0.000295619,0.0014781,22
1215,1220,1217.5,0.000201559,0.00100779,15
1220,1225,1222.5,0.000309057,0.00154528,23
1225,1230,1227.5,0.000282182,0.00141091,21
1230,1235,1232.5,0.000214996,0.00107498,16
1235,1240,1237.5,0.00024187,0.00120935,18
1240,1245,1242.5,0.000201559,0.00100779,15
1245,1250,1247.5,0.000120935,0.000604676,9
1250,1255,1252.5,0.000174684,0.000873421,13
1255,1260,1257.5,0.000188121,0.000940607,14
1260,1265,1262.5,0.000228433,0.00114217,17
1265,1270,1267.5,0.00014781,0.000739049,11
1270,1275,1272.5,0.000188121,0.000940607,14
1275,1280,1277.5,0.000403117,0.00201559,30
1280,1285,1282.5,0.000335931,0.00167966,25
1285,1290,1287.5,0.000309057,0.00154528,23
1290,1295,1292.5,0.000214996,0.00107498,16
1295,1300,1297.5,0.000349368,0.00174684,26
1300,1305,1302.5,0.000188121,0.000940607,14
1305,1310,1307.5,0.000255308,0.00127654,19
1310,1315,1312.5,0.000268745,0.00134372,20
1315,1320,1317.5,0.000282182,0.00141091,21
1320,1325,1322.5,0.000174684,0.000873421,13
1325,1330,1327.5,0.00024187,0.00120935,18
1330,1335,1332.5,0.000107498,0.00053749,8
1335,1340,1337.5,0.000376243,0.00188121,28
1340,1345,1342.5,0.00024187,0.00120935,18
1345,1350,1347.5,0.000228433,0.00114217,17
1350,1355,1352.5,0.000268745,0.00134372,20
1355,1360,1357.5,0.000174684,0.000873421,13
1360,1365,1362.5,0.000268745,0.00134372,20
1365,1370,1367.5,0.000201559,0.00100779,15
1370,1375,1372.5,0.000214996,0.00107498,16
1375,1380,1377.5,0.000161247,0.000806235,12
1380,1385,1382.5,0.000255308,0.00127654,19
1385,1390,1387.5,0.000174684,0.000873421,13
1390,1395,1392.5,0.000228433,0.00114217,17
1395,1400,1397.5,0.000268745,0.00134372,20
1400,1405,1402.5,0.000228433,0.00114217,17
1405,1410,1407.5,0.000228433,0.00114217,17
1410,1415,1412.5,0.000255308,0.00127654,19
1415,1420,1417.5,0.000161247,0.000806235,12
1420,1425,1422.5,0.000174684,0.000873421,13
1425,1430,1427.5,0.000335931,0.00167966,25
1430,1435,1432.5,0.000282182,0.00141091,21
1435,1440,1437.5,0.000282182,0.00141091,21
1440,1445,1442.5,0.000228433,0.00114217,17
1445,1450,1447.5,0.000120935,0.000604676,9
1450,1455,1452.5,0.000201559,0.00100779,15
1455,1460,1457.5,0.000134372,0.000671862,10
1460,1465,1462.5,0.000174684,0.000873421,13
1465,1470,1467.5,0.000228433,0.00114217,17
1470,1475,1472.5,0.000228433,0.00114217,17
1475,1480,1477.5,0.000214996,0.00107498,16
1480,1485,1482.5,0.000335931,0.00167966,25
1485,1490,1487.5,0.000214996,0.00107498,16
1490,1495,1492.5,0.000282182,0.00141091,21
1495,1500,1497.5,0.000120935,0.000604676,9
1500,1505,1502.5,0.00014781,0.000739049,11
1505,1510,1507.5,0.000255308,0.00127654,19
1510,1515,1512.5,0.000295619,0.0014781,22
1515,1520,1517.5,0.000282182,0.00141091,21
1520,1525,1522.5,0.000214996,0.00107498,16
1525,1530,1527.5,0.000295619,0.0014781,22
1530,1535,1532.5,0.000255308,0.00127654,19
1535,1540,1537.5,0.000161247,0.000806235,12
1540,1545,1542.5,0.000201559,0.00100779,15
1545,1550,1547.5,0.000309057,0.00154528,23
1550,1555,1552.5,0.000214996,0.00107498,16
1555,1560,1557.5,0.000214996,0.00107498,16
1560,1565,1562.5,0.000322494,0.00161247,24
1565,1570,1567.5,0.000174684,0.000873421,13
1570,1575,1572.5,0.000174684,0.000873421,13
1575,1580,1577.5,0.00014781,0.000739049,11
1580,1585,1582.5,0.000174684,0.000873421,13
1585,1590,1587.5,0.00014781,0.000739049,11
1590,1595,1592.5,0.000255308,0.00127654,19
1595,1600,1597.5,0.000188121,0.000940607,14
1600,1605,1602.5,0.000201559,0.00100779,15
1605,1610,1607.5,0.00024187,0.00120935,18
1610,1615,1612.5,0.000120935,0.000604676,9
1615,1620,1617.5,0.000201559,0.00100779,15
1620,1625,1622.5,0.000295619,0.0014781,22
1625,1630,1627.5,0.000201559,0.00100779,15
1630,1635,1632.5,0.000174684,0.000873421,13
1635,1640,1637.5,0.00024187,0.00120935,18
1640,1645,1642.5,0.000188121,0.000940607,14
1645,1650,1647.5,0.000309057,0.00154528,23
1650,1655,1652.5,0.000134372,0.000671862,10
1655,1660,1657.5,0.000309057,0.00154528,23
1660,1665,1662.5,0.000214996,0.00107498,16
1665,1670,1667.5,0.000268745,0.00134372,20
1670,1675,1672.5,0.000201559,0.00100779,15
1675,1680,1677.5,0.000201559,0.00100779,15
1680,1685,1682.5,0.000174684,0.000873421,13
1685,1690,1687.5,0.000214996,0.00107498,16
1690,1695,1692.5,0.000255308,0.00127654,19
1695,1700,1697.5,6.71862e-05,0.000335931,5
1700,1705,1702.5,0.000188121,0.000940607,14
1705,1710,1707.5,0.000188121,0.000940607,14
1710,1715,1712.5,0.000268745,0.00134372,20
1715,1720,1717.5,0.000322494,0.00161247,24
1720,1725,1722.5,0.000255308,0.00127654,19
1725,1730,1727.5,0.000214996,0.00107498,16
1730,1735,1732.5,0.000309057,0.00154528,23
1735,1740,1737.5,0.000174684,0.000873421,13
1740,1745,1742.5,0.000255308,0.00127654,19
1745,1750,1747.5,0.000214996,0.00107498,16
1750,1755,1752.5,0.000228433,0.00114217,17
1755,1760,1757.5,0.000161247,0.000806235,12
1760,1765,1762.5,0.000174684,0.000873421,13
1765,1770,1767.5,0.00014781,0.000739049,11
1770,1775,1772.5,0.000255308,0.00127654,19
1775,1780,1777.5,0.000201559,0.00100779,15
1780,1785,1782.5,0.000214996,0.00107498,16
1785,1790,1787.5,0.000134372,0.000671862,10
1790,1795,1792.5,0.000214996,0.00107498,16
1795,1800,1797.5,0.000188121,0.000940607,14
1800,1805,1802.5,0.00014781,0.000739049,11
1805,1810,1807.5,4.03117e-05,0.000201559,3
1810,1815,1812.5,0.000188121,0.000940607,14
1815,1820,1817.5,0.000174684,0.000873421,13
1820,1825,1822.5,0.000335931,0.00167966,25
1825,1830,1827.5,0.00024187,0.00120935,18
1830,1835,1832.5,0.000188121,0.000940607,14
1835,1840,1837.5,0.000174684,0.000873421,13
1840,1845,1842.5,0.000214996,0.00107498,16
1845,1850,1847.5,0.000282182,0.00141091,21
1850,1855,1852.5,0.000134372,0.000671862,10
1855,1860,1857.5,0.000107498,0.00053749,8
1860,1865,1862.5,0.000161247,0.000806235,12
1865,1870,1867.5,0.000282182,0.00141091,21
1870,1875,1872.5,0.000188121,0.000940607,14
1875,1880,1877.5,0.000107498,0.00053749,8
1880,1885,1882.5,0.000107498,0.00053749,8
1885,1890,1887.5,0.00014781,0.000739049,11
1890,1895,1892.5,0.000228433,0.00114217,17
1895,1900,1897.5,8.06235e-05,0.000403117,6
1900,1905,1902.5,0.000174684,0.000873421,13
1905,1910,1907.5,0.000161247,0.000806235,12
1910,1915,1912.5,0.000174684,0.000873421,13
1915,1920,1917.5,0.00024187,0.00120935,18
1920,1925,1922.5,0.000120935,0.000604676,9
1925,1930,1927.5,0.000201559,0.00100779,15
1930,1935,1932.5,0.000134372,0.000671862,10
1935,1940,1937.5,0.00014781,0.000739049,11
1940,1945,1942.5,8.06235e-05,0.000403117,6
1945,1950,1947.5,0.000161247,0.000806235,12
1950,1955,1952.5,9.40607e-05,0.000470304,7
1955,1960,1957.5,0.000188121,0.000940607,14
1960,1965,1962.5,0.000161247,0.000806235,12
1965,1970,1967.5,0.000214996,0.00107498,16
1970,1975,1972.5,0.000107498,0.00053749,8
1975,1980,1977.5,0.000214996,0.00107498,16
1980,1985,1982.5,0.000161247,0.000806235,12
1985,1990,1987.5,0.000134372,0.000671862,10
1990,1995,1992.5,0.000161247,0.000806235,12
1995,2000,1997.5,0.000255308,0.00127654,19
2000,2005,2002.5,9.40607e-05,0.000470304,7
2005,2010,2007.5,0.000120935,0.000604676,9
2010,2015,2012.5,0.000161247,0.000806235,12
2015,2020,2017.5,0.000107498,0.00053749,8
2020,2025,2022.5,0.000174684,0.000873421,13
2025,2030,2027.5,0.000188121,0.000940607,14
2030,2035,2032.5,0.000201559,0.00100779,15
2035,2040,2037.5,0.000174684,0.000873421,13
2040,2045,2042.5,0.000188121,0.000940607,14
2045,2050,2047.5,0.000120935,0.000604676,9
2050,2055,2052.5,0.000161247,0.000806235,12
2055,2060,2057.5,0.000134372,0.000671862,10
2060,2065,2062.5,0.00014781,0.000739049,11
2065,2070,2067.5,0.00024187,0.00120935,18
2070,2075,2072.5,0.000214996,0.00107498,16
2075,2080,2077.5,0.000174684,0.000873421,13
2080,2085,2082.5,0.000201559,0.00100779,15
2085,2090,2087.5,0.000214996,0.00107498,16
2090,2095,2092.5,0.00024187,0.00120935,18
2095,2100,2097.5,0.000107498,0.00053749,8
2100,2105,2102.5,0.000214996,0.00107498,16
2105,2110,2107.5,0.000161247,0.000806235,12
2110,2115,2112.5,0.000201559,0.00100779,15
2115,2120,2117.5,0.000174684,0.000873421,13
2120,2125,2122.5,0.000134372,0.000671862,10
2125,2130,2127.5,0.000201559,0.00100779,15
2130,2135,2132.5,0.000174684,0.000873421,13
2135,2140,2137.5,0.000107498,0.00053749,8
2140,2145,2142.5,8.06235e-05,0.000403117,6
2145,2150,2147.5,0.000120935,0.000604676,9
2150,2155,2152.5,0.000161247,0.000806235,12
2155,2160,2157.5,0.000134372,0.000671862,10
2160,2165,2162.5,0.000107498,0.00053749,8
2165,2170,2167.5,0.000201559,0.00100779,15
2170,2175,2172.5,0.00014781,0.000739049,11
2175,2180,2177.5,0.000228433,0.00114217,17
2180,2185,2182.5,0.000134372,0.000671862,10
2185,2190,2187.5,0.000188121,0.000940607,14
2190,2195,2192.5,0.000134372,0.000671862,10
2195,2200,2197.5,0.000120935,0.000604676,9
2200,2205,2202.5,0.000188121,0.000940607,14
2205,2210,2207.5,0.000134372,0.000671862,10
2210,2215,2212.5,0.000134372,0.000671862,10
2215,2220,2217.5,0.000161247,0.000806235,12
2220,2225,2222.5,0.000228433,0.00114217,17
2225,2230,2227.5,0.000201559,0.00100779,15
2230,2235,2232.5,0.000201559,0.00100779,15
2235,2240,2237.5,0.000201559,0.00100779,15
2240,2245,2242.5,9.40607e-05,0.000470304,7
2245,2250,2247.5,0.000201559,0.00100779,15
2250,2255,2252.5,0.000134372,0.000671862,10
2255,2260,2257.5,0.000120935,0.000604676,9
2260,2265,2262.5,0.000201559,0.00100779,15
2265,2270,2267.5,0.000107498,0.00053749,8
2270,2275,2272.5,0.00024187,0.00120935,18
2275,2280,2277.5,9.40607e-05,0.000470304,7
2280,2285,2282.5,0.00014781,0.000739049,11
2285,2290,2287.5,0.00014781,0.000739049,11
2290,2295,2292.5,0.00014781,0.000739049,11
2295,2300,2297.5,0.000201559,0.00100779,15
2300,2305,2302.5,6.71862e-05,0.000335931,5
2305,2310,2307.5,0.000107498,0.00053749,8
2310,2315,2312.5,0.000161247,0.000806235,12
2315,2320,2317.5,0.000134372,0.000671862,10
2320,2325,2322.5,0.000174684,0.000873421,13
2325,2330,2327.5,0.000120935,0.000604676,9
2330,2335,2332.5,0.000134372,0.000671862,10
2335,2340,2337.5,0.000134372,0.000671862,10
2340,2345,2342.5,0.000161247,0.000806235,12
2345,2350,2347.5,0.000134372,0.000671862,10
2350,2355,2352.5,0.000120935,0.000604676,9
2355,2360,2357.5,0.000107498,0.00053749,8
2360,2365,2362.5,0.000107498,0.00053749,8
2365,2370,2367.5,2.68745e-05,0.000134372,2
2370,2375,2372.5,0.000161247,0.000806235,12
2375,2380,2377.5,9.40607e-05,0.000470304,7
2380,2385,2382.5,0.000120935,0.000604676,9
2385,2390,2387.5,0.000174684,0.000873421,13
2390,2395,2392.5,0.000161247,0.000806235,12
2395,2400,2397.5,0.000188121,0.000940607,14
2400,2405,2402.5,0.000120935,0.000604676,9
2405,2410,2407.5,9.40607e-05,0.000470304,7
2410,2415,2412.5,0.000161247,0.000806235,12
2415,2420,2417.5,0.000120935,0.000604676,9
2420,2425,2422.5,0.000161247,0.000806235,12
2425,2430,2427.5,0.000161247,0.000806235,12
2430,2435,2432.5,0.000188121,0.000940607,14
2435,2440,2437.5,0.000134372,0.000671862,10
2440,2445,2442.5,0.000107498,0.00053749,8
2445,2450,2447.5,0.000120935,0.000604676,9
2450,2455,2452.5,0.000120935,0.000604676,9
2455,2460,2457.5,0.000174684,0.000873421,13
2460,2465,2462.5,8.06235e-05,0.000403117,6
2465,2470,2467.5,5.3749e-05,0.000268745,4
2470,2475,2472.5,0.000107498,0.00053749,8
2475,2480,2477.5,0.000107498,0.00053749,8
2480,2485,2482.5,0.000134372,0.000671862,10
2485,2490,2487.5,0.000120935,0.000604676,9
2490,2495,2492.5,0.000214996,0.00107498,16
2495,2500,2497.5,9.40607e-05,0.000470304,7
2500,2505,2502.5,0.000201559,0.00100779,15
2505,2510,2507.5,0.000120935,0.000604676,9
2510,2515,2512.5,0.000107498,0.00053749,8
2515,2520,2517.5,0.000174684,0.000873421,13
2520,2525,2522.5,0.00014781,0.000739049,11
2525,2530,2527.5,0.000120935,0.000604676,9
2530,2535,2532.5,0.000188121,0.000940607,14
2535,2540,2537.5,0.00014781,0.000739049,11
2540,2545,2542.5,0.000201559,0.00100779,15
2545,2550,2547.5,9.40607e-05,0.000470304,7
2550,2555,2552.5,0.000201559,0.00100779,15
2555,2560,2557.5,0.000107498,0.00053749,8
2560,2565,2562.5,0.000107498,0.00053749,8
2565,2570,2567.5,0.000134372,0.000671862,10
2570,2575,2572.5,0.000134372,0.000671862,10
2575,2580,2577.5,0.000120935,0.000604676,9
2580,2585,2582.5,0.000134372,0.000671862,10
2585,2590,2587.5,0.00014781,0.000739049,11
2590,2595,2592.5,0.000134372,0.000671862,10
2595,2600,2597.5,0.000134372,0.000671862,10
2600,2605,2602.5,0.00014781,0.000739049,11
2605,2610,2607.5,6.71862e-05,0.000335931,5
2610,2615,2612.5,0.000201559,0.00100779,15
2615,2620,2617.5,0.000134372,0.000671862,10
2620,2625,2622.5,0.000120935,0.000604676,9
2625,2630,2627.5,6.71862e-05,0.000335931,5
2630,2635,2632.5,4.03117e-05,0.000201559,3
2635,2640,2637.5,0.000228433,0.00114217,17
2640,2645,2642.5,8.06235e-05,0.000403117,6
2645,2650,2647.5,0.000120935,0.000604676,9
2650,2655,2652.5,0.000161247,0.000806235,12
2655,2660,2657.5,8.06235e-05,0.000403117,6
2660,2665,2662.5,0.000134372,0.000671862,10
2665,2670,2667.5,0.000107498,0.00053749,8
2670,2675,2672.5,9.40607e-05,0.000470304,7
2675,2680,2677.5,0.000120935,0.000604676,9
2680,2685,2682.5,8.06235e-05,0.000403117,6
2685,2690,2687.5,0.000188121,0.000940607,14
2690,2695,2692.5,8.06235e-05,0.000403117,6
2695,2700,2697.5,0.00014781,0.000739049,11
2700,2705,2702.5,9.40607e-05,0.000470304,7
2705,2710,2707.5,9.40607e-05,0.000470304,7
2710,2715,2712.5,0.000134372,0.000671862,10
2715,2720,2717.5,0.00014781,0.000739049,11
2720,2725,2722.5,0.000107498,0.00053749,8
2725,2730,2727.5,0.000161247,0.000806235,12
2730,2735,2732.5,0.000120935,0.000604676,9
2735,2740,2737.5,0.000255308,0.00127654,19
2740,2745,2742.5,4.03117e-05,0.000201559,3
2745,2750,2747.5,0.00014781,0.000739049,11
2750,2755,2752.5,5.3749e-05,0.000268745,4
2755,2760,2757.5,0.000107498,0.00053749,8
2760,2765,2762.5,6.71862e-05,0.000335931,5
2765,2770,2767.5,0.000107498,0.00053749,8
2770,2775,2772.5,9.40607e-05,0.000470304,7
2775,2780,2777.5,8.06235e-05,0.000403117,6
2780,2785,2782.5,8.06235e-05,0.000403117,6
2785,2790,2787.5,0.000107498,0.00053749,8
2790,2795,2792.5,0.000107498,0.00053749,8
2795,2800,2797.5,0.000120935,0.000604676,9
2800,2805,2802.5,5.3749e-05,0.000268745,4
2805,2810,2807.5,0.000120935,0.000604676,9
2810,2815,2812.5,0.000174684,0.000873421,13
2815,2820,2817.5,0.00014781,0.000739049,11
2820,2825,2822.5,0.000120935,0.000604676,9
2825,2830,2827.5,0.000120935,0.000604676,9
2830,2835,2832.5,0.000134372,0.000671862,10
2835,2840,2837.5,6.71862e-05,0.000335931,5
2840,2845,2842.5,6.71862e-05,0.000335931,5
2845,2850,2847.5,0.00014781,0.000739049,11
2850,2855,2852.5,9.40607e-05,0.000470304,7
2855,2860,2857.5,8.06235e-05,0.000403117,6
2860,2865,2862.5,6.71862e-05,0.000335931,5
2865,2870,2867.5,9.40607e-05,0.000470304,7
2870,2875,2872.5,0.000120935,0.000604676,9
2875,2880,2877.5,0.000161247,0.000806235,12
2880,2885,2882.5,0.000134372,0.000671862,10
2885,2890,2887.5,0.000120935,0.000604676,9
2890,2895,2892.5,6.71862e-05,0.000335931,5
2895,2900,2897.5,0.000174684,0.000873421,13
2900,2905,2902.5,8.06235e-05,0.000403117,6
2905,2910,2907.5,8.06235e-05,0.000403117,6
2910,2915,2912.5,0.000107498,0.00053749,8
2915,2920,2917.5,0.00014781,0.000739049,11
2920,2925,2922.5,9.40607e-05,0.000470304,7
2925,2930,2927.5,0.000107498,0.00053749,8
2930,2935,2932.5,0.000201559,0.00100779,15
2935,2940,2937.5,0.000120935,0.000604676,9
2940,2945,2942.5,9.40607e-05,0.000470304,7
2945,2950,2947.5,5.3749e-05,0.000268745,4
2950,2955,2952.5,0.000120935,0.000604676,9
2955,2960,2957.5,0.000134372,0.000671862,10
2960,2965,2962.5,0.000120935,0.000604676,9
2965,2970,2967.5,0.000134372,0.000671862,10
2970,2975,2972.5,0.000134372,0.000671862,10
2975,2980,2977.5,0.000134372,0.000671862,10
2980,2985,2982.5,8.06235e-05,0.000403117,6
2985,2990,2987.5,0.000134372,0.000671862,10
2990,2995,2992.5,4.03117e-05,0.000201559,3
2995,3000,2997.5,8.06235e-05,0.000403117,6
3000,3005,3002.5,9.40607e-05,0.000470304,7
3005,3010,3007.5,8.06235e-05,0.000403117,6
3010,3015,3012.5,9.40607e-05,0.000470304,7
3015,3020,3017.5,5.3749e-05,0.000268745,4
3020,3025,3022.5,0.000174684,0.000873421,13
3025,3030,3027.5,5.3749e-05,0.000268745,4
3030,3035,3032.5,0.00014781,0.000739049,11
3035,3040,3037.5,8.06235e-05,0.000403117,6
3040,3045,3042.5,8.06235e-05,0.000403117,6
3045,3050,3047.5,0.000120935,0.000604676,9
3050,3055,3052.5,0.000120935,0.000604676,9
3055,3060,3057.5,0.000134372,0.000671862,10
3060,3065,3062.5,0.00014781,0.000739049,11
3065,3070,3067.5,0.000107498,0.00053749,8
3070,3075,3072.5,0.000134372,0.000671862,10
3075,3080,3077.5,0.000120935,0.000604676,9
3080,3085,3082.5,6.71862e-05,0.000335931,5
3085,3090,3087.5,0.000120935,0.000604676,9
3090,3095,3092.5,6.71862e-05,0.000335931,5
3095,3100,3097.5,9.40607e-05,0.000470304,7
3100,3105,3102.5,0.000107498,0.00053749,8
3105,3110,3107.5,0.000107498,0.00053749,8
3110,3115,3112.5,2.68745e-05,0.000134372,2
3115,3120,3117.5,0.000107498,0.00053749,8
3120,3125,3122.5,5.3749e-05,0.000268745,4
3125,3130,3127.5,6.71862e-05,0.000335931,5
3130,3135,3132.5,0.000107498,0.00053749,8
3135,3140,3137.5,8.06235e-05,0.000403117,6
3140,3145,3142.5,0.000201559,0.00100779,15
3145,3150,3147.5,0.000107498,0.00053749,8
3150,3155,3152.5,0.000134372,0.000671862,10
3155,3160,3157.5,6.71862e-05,0.000335931,5
3160,3165,3162.5,6.71862e-05,0.000335931,5
3165,3170,3167.5,9.40607e-05,0.000470304,7
3170,3175,3172.5,9.40607e-05,0.000470304,7
3175,3180,3177.5,6.71862e-05,0.000335931,5
3180,3185,3182.5,0.000228433,0.00114217,17
3185,3190,3187.5,0.000161247,0.000806235,12
3190,3195,3192.5,4.03117e-05,0.000201559,3
3195,3200,3197.5,9.40607e-05,0.000470304,7
3200,3205,3202.5,0.000120935,0.000604676,9
3205,3210,3207.5,8.06235e-05,0.000403117,6
3210,3215,3212.5,9.40607e-05,0.000470304,7
3215,3220,3217.5,5.3749e-05,0.000268745,4
3220,3225,3222.5,0.000134372,0.000671862,10
3225,3230,3227.5,0.000134372,0.000671862,10
3230,3235,3232.5,5.3749e-05,0.000268745,4
3235,3240,3237.5,5.3749e-05,0.000268745,4
3240,3245,3242.5,4.03117e-05,0.000201559,3
3245,3250,3247.5,9.40607e-05,0.000470304,7
3250,3255,3252.5,2.68745e-05,0.000134372,2
3255,3260,3257.5,0.000134372,0.000671862,10
3260,3265,3262.5,0.000161247,0.000806235,12
3265,3270,3267.5,6.71862e-05,0.000335931,5
3270,3275,3272.5,0.000120935,0.000604676,9
3275,3280,3277.5,8.06235e-05,0.000403117,6
3280,3285,3282.5,9.40607e-05,0.000470304,7
3285,3290,3287.5,9.40607e-05,0.000470304,7
3290,3295,3292.5,9.40607e-05,0.000470304,7
3295,3300,3297.5,0.000134372,0.000671862,10
3300,3305,3302.5,9.40607e-05,0.000470304,7
3305,3310,3307.5,9.40607e-05,0.000470304,7
3310,3315,3312.5,0.000120935,0.000604676,9
3315,3320,3317.5,0.000174684,0.000873421,13
3320,3325,3322.5,0.000107498,0.00053749,8
3325,3330,3327.5,8.06235e-05,0.000403117,6
3330,3335,3332.5,0.000107498,0.00053749,8
3335,3340,3337.5,6.71862e-05,0.000335931,5
3340,3345,3342.5,9.40607e-05,0.000470304,7
3345,3350,3347.5,0.000120935,0.000604676,9
3350,3355,3352.5,0.000134372,0.000671862,10
3355,3360,3357.5,0.000107498,0.00053749,8
3360,3365,3362.5,0.000161247,0.000806235,12
3365,3370,3367.5,9.40607e-05,0.000470304,7
3370,3375,3372.5,0.000134372,0.000671862,10
3375,3380,3377.5,5.3749e-05,0.000268745,4
3380,3385,3382.5,4.03117e-05,0.000201559,3
3385,3390,3387.5,8.06235e-05,0.000403117,6
3390,3395,3392.5,6.71862e-05,0.000335931,5
3395,3400,3397.5,5.3749e-05,0.000268745,4
3400,3405,3402.5,0.00014781,0.000739049,11
3405,3410,3407.5,0.000161247,0.000806235,12
3410,3415,3412.5,0.000134372,0.000671862,10
3415,3420,3417.5,0.000120935,0.000604676,9
3420,3425,3422.5,0.000134372,0.000671862,10
3425,3430,3427.5,0.00014781,0.000739049,11
3430,3435,3432.5,8.06235e-05,0.000403117,6
3435,3440,3437.5,0.00014781,0.000739049,11
3440,3445,3442.5,9.40607e-05,0.000470304,7
3445,3450,3447.5,6.71862e-05,0.000335931,5
3450,3455,3452.5,6.71862e-05,0.000335931,5
3455,3460,3457.5,0.000107498,0.00053749,8
3460,3465,3462.5,0.00014781,0.000739049,11
3465,3470,3467.5,9.40607e-05,0.000470304,7
3470,3475,3472.5,0.000134372,0.000671862,10
3475,3480,3477.5,0.000107498,0.00053749,8
3480,3485,3482.5,0.000161247,0.000806235,12
3485,3490,3487.5,0.00014781,0.000739049,11
3490,3495,3492.5,0.000134372,0.000671862,10
3495,3500,3497.5,5.3749e-05,0.000268745,4
3500,3505,3502.5,0.000161247,0.000806235,12
3505,3510,3507.5,0.000134372,0.000671862,10
3510,3515,3512.5,0.000107498,0.00053749,8
3515,3520,3517.5,0.000120935,0.000604676,9
3520,3525,3522.5,5.3749e-05,0.000268745,4
3525,3530,3527.5,0.000134372,0.000671862,10
3530,3535,3532.5,0.000107498,0.00053749,8
3535,3540,3537.5,8.06235e-05,0.000403117,6
3540,3545,3542.5,8.06235e-05,0.000403117,6
3545,3550,3547.5,5.3749e-05,0.000268745,4
3550,3555,3552.5,9.40607e-05,0.000470304,7
3555,3560,3557.5,0.000107498,0.00053749,8
3560,3565,3562.5,0.000201559,0.00100779,15
3565,3570,3567.5,9.40607e-05,0.000470304,7
3570,3575,3572.5,5.3749e-05,0.000268745,4
3575,3580,3577.5,9.40607e-05,0.000470304,7
3580,3585,3582.5,6.71862e-05,0.000335931,5
3585,3590,3587.5,0.000188121,0.000940607,14
3590,3595,3592.5,0.000107498,0.00053749,8
3595,3600,3597.5,8.06235e-05,0.000403117,6
3600,3605,3602.5,6.71862e-05,0.000335931,5
3605,3610,3607.5,6.71862e-05,0.000335931,5
3610,3615,3612.5,0.000188121,0.000940607,14
3615,3620,3617.5,0.000134372,0.000671862,10
3620,3625,3622.5,0.000120935,0.000604676,9
3625,3630,3627.5,8.06235e-05,0.000403117,6
3630,3635,3632.5,0.000120935,0.000604676,9
3635,3640,3637.5,0.000107498,0.00053749,8
3640,3645,3642.5,0.000107498,0.00053749,8
3645,3650,3647.5,0.000174684,0.000873421,13
3650,3655,3652.5,8.06235e-05,0.000403117,6
3655,3660,3657.5,0.000107498,0.00053749,8
3660,3665,3662.5,0.000120935,0.000604676,9
3665,3670,3667.5,6.71862e-05,0.000335931,5
3670,3675,3672.5,0.000161247,0.000806235,12
3675,3680,3677.5,8.06235e-05,0.000403117,6
3680,3685,3682.5,0.000134372,0.000671862,10
3685,3690,3687.5,0.000107498,0.00053749,8
3690,3695,3692.5,0.000134372,0.000671862,10
3695,3700,3697.5,0.000107498,0.00053749,8
3700,3705,3702.5,0.000120935,0.000604676,9
3705,3710,3707.5,8.06235e-05,0.000403117,6
3710,3715,3712.5,6.71862e-05,0.000335931,5
3715,3720,3717.5,9.40607e-05,0.000470304,7
3720,3725,3722.5,0.000161247,0.000806235,12
3725,3730,3727.5,9.40607e-05,0.000470304,7
3730,3735,3732.5,6.71862e-05,0.000335931,5
3735,3740,3737.5,0.000120935,0.000604676,9
3740,3745,3742.5,8.06235e-05,0.000403117,6
3745,3750,3747.5,6.71862e-05,0.000335931,5
3750,3755,3752.5,9.40607e-05,0.000470304,7
3755,3760,3757.5,0.000120935,0.000604676,9
3760,3765,3762.5,0.000161247,0.000806235,12
3765,3770,3767.5,0.000120935,0.000604676,9
3770,3775,3772.5,8.06235e-05,0.000403117,6
3775,3780,3777.5,0.000120935,0.000604676,9
3780,3785,3782.5,0.000120935,0.000604676,9
3785,3790,3787.5,0.000134372,0.000671862,10
3790,3795,3792.5,6.71862e-05,0.000335931,5
3795,3800,3797.5,0.00014781,0.000739049,11
3800,3805,3802.5,9.40607e-05,0.000470304,7
3805,3810,3807.5,9.40607e-05,0.000470304,7
3810,3815,3812.5,4.03117e-05,0.000201559,3
3815,3820,3817.5,4.03117e-05,0.000201559,3
3820,3825,3822.5,0.000107498,0.00053749,8
3825,3830,3827.5,0.000120935,0.000604676,9
3830,3835,3832.5,6.71862e-05,0.000335931,5
3835,3840,3837.5,0.000174684,0.000873421,13
3840,3845,3842.5,8.06235e-05,0.000403117,6
3845,3850,3847.5,4.03117e-05,0.000201559,3
3850,3855,3852.5,5.3749e-05,0.000268745,4
3855,3860,3857.5,9.40607e-05,0.000470304,7
3860,3865,3862.5,0.00014781,0.000739049,11
3865,3870,3867.5,8.06235e-05,0.000403117,6
3870,3875,3872.5,0.00014781,0.000739049,11
3875,3880,3877.5,0.00014781,0.000739049,11
3880,3885,3882.5,9.40607e-05,0.000470304,7
3885,3890,3887.5,0.000134372,0.000671862,10
3890,3895,3892.5,6.71862e-05,0.000335931,5
3895,3900,3897.5,4.03117e-05,0.000201559,3
3900,3905,3902.5,0.000120935,0.000604676,9
3905,3910,3907.5,0.000134372,0.000671862,10
3910,3915,3912.5,8.06235e-05,0.000403117,6
3915,3920,3917.5,8.06235e-05,0.000403117,6
3920,3925,3922.5,0.000107498,0.00053749,8
3925,3930,3927.5,0.000161247,0.000806235,12
3930,3935,3932.5,4.03117e-05,0.000201559,3
3935,3940,3937.5,0.000107498,0.00053749,8
3940,3945,3942.5,0.000107498,0.00053749,8
3945,3950,3947.5,9.40607e-05,0.000470304,7
3950,3955,3952.5,0.000120935,0.000604676,9
3955,3960,3957.5,5.3749e-05,0.000268745,4
3960,3965,3962.5,0.00014781,0.000739049,11
3965,3970,3967.5,0.000107498,0.00053749,8
3970,3975,3972.5,0.000107498,0.00053749,8
3975,3980,3977.5,8.06235e-05,0.000403117,6
3980,3985,3982.5,6.71862e-05,0.000335931,5
3985,3990,3987.5,0.000107498,0.00053749,8
3990,3995,3992.5,5.3749e-05,0.000268745,4
3995,4000,3997.5,0.000228433,0.00114217,17
4000,4005,4002.5,5.3749e-05,0.000268745,4
4005,4010,4007.5,9.40607e-05,0.000470304,7
4010,4015,4012.5,8.06235e-05,0.000403117,6
4015,4020,4017.5,5.3749e-05,0.000268745,4
4020,4025,4022.5,8.06235e-05,0.000403117,6
4025,4030,4027.5,6.71862e-05,0.000335931,5
4030,4035,4032.5,0.000120935,0.000604676,9
4035,4040,4037.5,5.3749e-05,0.000268745,4
4040,4045,4042.5,6.71862e-05,0.000335931,5
4045,4050,4047.5,0.000188121,0.000940607,14
4050,4055,4052.5,0.000134372,0.000671862,10
4055,4060,4057.5,0.000120935,0.000604676,9
4060,4065,4062.5,5.3749e-05,0.000268745,4
4065,4070,4067.5,5.3749e-05,0.000268745,4
4070,4075,4072.5,6.71862e-05,0.000335931,5
4075,4080,4077.5,4.03117e-05,0.000201559,3
4080,4085,4082.5,0.000161247,0.000806235,12
4085,4090,4087.5,9.40607e-05,0.000470304,7
4090,4095,4092.5,9.40607e-05,0.000470304,7
4095,4100,4097.5,4.03117e-05,0.000201559,3
4100,4105,4102.5,6.71862e-05,0.000335931,5
4105,4110,4107.5,0.00014781,0.000739049,11
4110,4115,4112.5,0.000120935,0.000604676,9
4115,4120,4117.5,8.06235e-05,0.000403117,6
4120,4125,4122.5,0.000120935,0.000604676,9
4125,4130,4127.5,6.71862e-05,0.000335931,5
4130,4135,4132.5,0.000134372,0.000671862,10
4135,4140,4137.5,0.000107498,0.00053749,8
4140,4145,4142.5,0.000120935,0.000604676,9
4145,4150,4147.5,4.03117e-05,0.000201559,3
4150,4155,4152.5,8.06235e-05,0.000403117,6
4155,4160,4157.5,0.000107498,0.00053749,8
4160,4165,4162.5,5.3749e-05,0.000268745,4
4165,4170,4167.5,9.40607e-05,0.000470304,7
4170,4175,4172.5,8.06235e-05,0.000403117,6
4175,4180,4177.5,9.40607e-05,0.000470304,7
4180,4185,4182.5,0.00014781,0.000739049,11
4185,4190,4187.5,0.000107498,0.00053749,8
4190,4195,4192.5,0.000107498,0.00053749,8
4195,4200,4197.5,0.000120935,0.000604676,9
4200,4205,4202.5,8.06235e-05,0.000403117,6
4205,4210,4207.5,0.000120935,0.000604676,9
4210,4215,4212.5,9.40607e-05,0.000470304,7
4215,4220,4217.5,6.71862e-05,0.000335931,5
4220,4225,4222.5,9.40607e-05,0.000470304,7
4225,4230,4227.5,9.40607e-05,0.000470304,7
4230,4235,4232.5,5.3749e-05,0.000268745,4
4235,4240,4237.5,0.000134372,0.000671862,10
4240,4245,4242.5,0.000161247,0.000806235,12
4245,4250,4247.5,6.71862e-05,0.000335931,5
4250,4255,4252.5,5.3749e-05,0.000268745,4
4255,4260,4257.5,9.40607e-05,0.000470304,7
4260,4265,4262.5,9.40607e-05,0.000470304,7
4265,4270,4267.5,0.000107498,0.00053749,8
4270,4275,4272.5,0.00014781,0.000739049,11
4275,4280,4277.5,9.40607e-05,0.000470304,7
4280,4285,4282.5,9.40607e-05,0.000470304,7
4285,4290,4287.5,0.00014781,0.000739049,11
4290,4295,4292.5,9.40607e-05,0.000470304,7
4295,4300,4297.5,0.000134372,0.000671862,10
4300,4305,4302.5,4.03117e-05,0.000201559,3
4305,4310,4307.5,0.000107498,0.00053749,8
4310,4315,4312.5,5.3749e-05,0.000268745,4
4315,4320,4317.5,0.000120935,0.000604676,9
4320,4325,4322.5,0.000134372,0.000671862,10
4325,4330,4327.5,0.00014781,0.000739049,11
4330,4335,4332.5,0.000134372,0.000671862,10
4335,4340,4337.5,0.000107498,0.00053749,8
4340,4345,4342.5,8.06235e-05,0.000403117,6
4345,4350,4347.5,4.03117e-05,0.000201559,3
4350,4355,4352.5,6.71862e-05,0.000335931,5
4355,4360,4357.5,2.68745e-05,0.000134372,2
4360,4365,4362.5,4.03117e-05,0.000201559,3
4365,4370,4367.5,5.3749e-05,0.000268745,4
4370,4375,4372.5,1.34372e-05,6.71862e-05,1
4375,4380,4377.5,1.34372e-05,6.71862e-05,1
4380,4385,4382.5,5.3749e-05,0.000268745,4
4385,4390,4387.5,4.03117e-05,0.000201559,3
4390,4395,4392.5,5.3749e-05,0.000268745,4
4395,4400,4397.5,5.3749e-05,0.000268745,4
4400,4405,4402.5,2.68745e-05,0.000134372,2
4405,4410,4407.5,1.34372e-05,6.71862e-05,1
4410,4415,4412.5,8.06235e-05,0.000403117,6
4415,4420,4417.5,2.68745e-05,0.000134372,2
4420,4425,4422.5,6.71862e-05,0.000335931,5
4425,4430,4427.5,4.03117e-05,0.000201559,3
4430,4435,4432.5,4.03117e-05,0.000201559,3
4435,4440,4437.5,4.03117e-05,0.000201559,3
4440,4445,4442.5,1.34372e-05,6.71862e-05,1
4445,4450,4447.5,4.03117e-05,0.000201559,3
4450,4455,4452.5,1.34372e-05,6.71862e-05,1
4455,4460,4457.5,2.68745e-05,0.000134372,2
4460,4465,4462.5,2.68745e-05,0.000134372,2
4465,4470,4467.5,8.06235e-05,0.000403117,6
4470,4475,4472.5,5.3749e-05,0.000268745,4
4475,4480,4477.5,2.68745e-05,0.000134372,2
4480,4485,4482.5,5.3749e-05,0.000268745,4
4485,4490,4487.5,6.71862e-05,0.000335931,5
4490,4495,4492.5,1.34372e-05,6.71862e-05,1
4495,4500,4497.5,2.68745e-05,0.000134372,2
4500,4505,4502.5,2.68745e-05,0.000134372,2
4505,4510,4507.5,8.06235e-05,0.000403117,6
4510,4515,4512.5,1.34372e-05,6.71862e-05,1
4515,4520,4517.5,4.03117e-05,0.000201559,3
4520,4525,4522.5,4.03117e-05,0.000201559,3
4525,4530,4527.5,5.3749e-05,0.000268745,4
4530,4535,4532.5,5.3749e-05,0.000268745,4
4535,4540,4537.5,1.34372e-05,6.71862e-05,1
4540,4545,4542.5,9.40607e-05,0.000470304,7
4545,4550,4547.5,4.03117e-05,0.000201559,3
4550,4555,4552.5,2.68745e-05,0.000134372,2
4555,4560,4557.5,5.3749e-05,0.000268745,4
4560,4565,4562.5,6.71862e-05,0.000335931,5
4565,4570,4567.5,4.03117e-05,0.000201559,3
4570,4575,4572.5,4.03117e-05,0.000201559,3
4575,4580,4577.5,4.03117e-05,0.000201559,3
4585,4590,4587.5,4.03117e-05,0.000201559,3
4590,4595,4592.5,5.3749e-05,0.000268745,4
4595,4600,4597.5,2.68745e-05,0.000134372,2
4600,4605,4602.5,6.71862e-05,0.000335931,5
4605,4610,4607.5,2.68745e-05,0.000134372,2
4610,4615,4612.5,5.3749e-05,0.000268745,4
4620,4625,4622.5,2.68745e-05,0.000134372,2
4625,4630,4627.5,2.68745e-05,0.000134372,2
4630,4635,4632.5,5.3749e-05,0.000268745,4
4635,4640,4637.5,1.34372e-05,6.71862e-05,1
4650,4655,4652.5,1.34372e-05,6.71862e-05,1
4655,4660,4657.5,1.34372e-05,6.71862e-05,1
4660,4665,4662.5,1.34372e-05,6.71862e-05,1
4665,4670,4667.5,2.68745e-05,0.000134372,2
4670,4675,4672.5,5.3749e-05,0.000268745,4
4675,4680,4677.5,4.03117e-05,0.000201559,3
4680,4685,4682.5,5.3749e-05,0.000268745,4
4685,4690,4687.5,6.71862e-05,0.000335931,5
4690,4695,4692.5,4.03117e-05,0.000201559,3
4695,4700,4697.5,1.34372e-05,6.71862e-05,1
4700,4705,4702.5,4.03117e-05,0.000201559,3
4705,4710,4707.5,1.34372e-05,6.71862e-05,1
4710,4715,4712.5,2.68745e-05,0.000134372,2
4720,4725,4722.5,4.03117e-05,0.000201559,3
4725,4730,4727.5,6.71862e-05,0.000335931,5
4730,4735,4732.5,2.68745e-05,0.000134372,2
4735,4740,4737.5,6.71862e-05,0.000335931,5
4740,4745,4742.5,2.68745e-05,0.000134372,2
4745,4750,4747.5,2.68745e-05,0.000134372,2
4750,4755,4752.5,2.68745e-05,0.000134372,2
4760,4765,4762.5,2.68745e-05,0.000134372,2
4765,4770,4767.5,2.68745e-05,0.000134372,2
4770,4775,4772.5,4.03117e-05,0.000201559,3
4775,4780,4777.5,1.34372e-05,6.71862e-05,1
4780,4785,4782.5,5.3749e-05,0.000268745,4
4785,4790,4787.5,5.3749e-05,0.000268745,4
4795,4800,4797.5,2.68745e-05,0.000134372,2
4800,4805,4802.5,4.03117e-05,0.000201559,3
4805,4810,4807.5,1.34372e-05,6.71862e-05,1
4815,4820,4817.5,4.03117e-05,0.000201559,3
4820,4825,4822.5,6.71862e-05,0.000335931,5
4830,4835,4832.5,2.68745e-05,0.000134372,2
4835,4840,4837.5,1.34372e-05,6.71862e-05,1
4840,4845,4842.5,5.3749e-05,0.000268745,4
4845,4850,4847.5,1.34372e-05,6.71862e-05,1
4850,4855,4852.5,2.68745e-05,0.000134372,2
4855,4860,4857.5,1.34372e-05,6.71862e-05,1
4860,4865,4862.5,1.34372e-05,6.71862e-05,1
4865,4870,4867.5,1.34372e-05,6.71862e-05,1
4870,4875,4872.5,1.34372e-05,6.71862e-05,1
4875,4880,4877.5,1.34372e-05,6.71862e-05,1
4880,4885,4882.5,4.03117e-05,0.000201559,3
4885,4890,4887.5,8.06235e-05,0.000403117,6
4890,4895,4892.5,2.68745e-05,0.000134372,2
4895,4900,4897.5,4.03117e-05,0.000201559,3
4900,4905,4902.5,2.68745e-05,0.000134372,2
4905,4910,4907.5,5.3749e-05,0.000268745,4
4910,4915,4912.5,2.68745e-05,0.000134372,2
4915,4920,4917.5,4.03117e-05,0.000201559,3
4920,4925,4922.5,4.03117e-05,0.000201559,3
4925,4930,4927.5,1.34372e-05,6.71862e-05,1
4930,4935,4932.5,1.34372e-05,6.71862e-05,1
4935,4940,4937.5,2.68745e-05,0.000134372,2
4945,4950,4947.5,2.68745e-05,0.000134372,2
4950,4955,4952.5,4.03117e-05,0.000201559,3
4955,4960,4957.5,2.68745e-05,0.000134372,2
4960,4965,4962.5,1.34372e-05,6.71862e-05,1
4970,4975,4972.5,4.03117e-05,0.000201559,3
4985,4990,4987.5,1.34372e-05,6.71862e-05,1
4990,4995,4992.5,8.06235e-05,0.000403117,6
5000,5005,5002.5,2.68745e-05,0.000134372,2
5005,5010,5007.5,1.34372e-05,6.71862e-05,1
5015,5020,5017.5,5.3749e-05,0.000268745,4
5020,5025,5022.5,2.68745e-05,0.000134372,2
5035,5040,5037.5,1.34372e-05,6.71862e-05,1
5040,5045,5042.5,1.34372e-05,6.71862e-05,1
5055,5060,5057.5,1.34372e-05,6.71862e-05,1
5060,5065,5062.5,2.68745e-05,0.000134372,2
5065,5070,5067.5,4.03117e-05,0.000201559,3
5070,5075,5072.5,1.34372e-05,6.71862e-05,1
5075,5080,5077.5,6.71862e-05,0.000335931,5
5080,5085,5082.5,4.03117e-05,0.000201559,3
5085,5090,5087.5,2.68745e-05,0.000134372,2
5095,5100,5097.5,1.34372e-05,6.71862e-05,1
5100,5105,5102.5,2.68745e-05,0.000134372,2
5105,5110,5107.5,1.34372e-05,6.71862e-05,1
5115,5120,5117.5,4.03117e-05,0.000201559,3
5120,5125,5122.5,5.3749e-05,0.000268745,4
5140,5145,5142.5,2.68745e-05,0.000134372,2
5145,5150,5147.5,4.03117e-05,0.000201559,3
5150,5155,5152.5,6.71862e-05,0.000335931,5
5155,5160,5157.5,2.68745e-05,0.000134372,2
5160,5165,5162.5,2.68745e-05,0.000134372,2
5165,5170,5167.5,1.34372e-05,6.71862e-05,1
5170,5175,5172.5,1.34372e-05,6.71862e-05,1
5175,5180,5177.5,4.03117e-05,0.000201559,3
5180,5185,5182.5,2.68745e-05,0.000134372,2
5185,5190,5187.5,2.68745e-05,0.000134372,2
5190,5195,5192.5,4.03117e-05,0.000201559,3
5195,5200,5197.5,2.68745e-05,0.000134372,2
5200,5205,5202.5,1.34372e-05,6.71862e-05,1
5205,5210,5207.5,2.68745e-05,0.000134372,2
5210,5215,5212.5,4.03117e-05,0.000201559,3
5215,5220,5217.5,1.34372e-05,6.71862e-05,1
5220,5225,5222.5,5.3749e-05,0.000268745,4
5225,5230,5227.5,1.34372e-05,6.71862e-05,1
5230,5235,5232.5,9.40607e-05,0.000470304,7
5235,5240,5237.5,1.34372e-05,6.71862e-05,1
5240,5245,5242.5,5.3749e-05,0.000268745,4
5245,5250,5247.5,2.68745e-05,0.000134372,2
5250,5255,5252.5,2.68745e-05,0.000134372,2
5255,5260,5257.5,1.34372e-05,6.71862e-05,1
5265,5270,5267.5,6.71862e-05,0.000335931,5
5270,5275,5272.5,2.68745e-05,0.000134372,2
5275,5280,5277.5,1.34372e-05,6.71862e-05,1
5285,5290,5287.5,2.68745e-05,0.000134372,2
5290,5295,5292.5,2.68745e-05,0.000134372,2
5295,5300,5297.5,4.03117e-05,0.000201559,3
5300,5305,5302.5,1.34372e-05,6.71862e-05,1
5305,5310,5307.5,2.68745e-05,0.000134372,2
5310,5315,5312.5,4.03117e-05,0.000201559,3
5315,5320,5317.5,2.68745e-05,0.000134372,2
5325,5330,5327.5,1.34372e-05,6.71862e-05,1
5330,5335,5332.5,1.34372e-05,6.71862e-05,1
5335,5340,5337.5,2.68745e-05,0.000134372,2
5340,5345,5342.5,5.3749e-05,0.000268745,4
5345,5350,5347.5,1.34372e-05,6.71862e-05,1
5350,5355,5352.5,1.34372e-05,6.71862e-05,1
5355,5360,5357.5,4.03117e-05,0.000201559,3
5360,5365,5362.5,2.68745e-05,0.000134372,2
5365,5370,5367.5,2.68745e-05,0.000134372,2
5375,5380,5377.5,2.68745e-05,0.000134372,2
5380,5385,5382.5,2.68745e-05,0.000134372,2
5385,5390,5387.5,2.68745e-05,0.000134372,2
5395,5400,5397.5,1.34372e-05,6.71862e-05,1
5415,5420,5417.5,1.34372e-05,6.71862e-05,1
5420,5425,5422.5,5.3749e-05,0.000268745,4
5425,5430,5427.5,4.03117e-05,0.000201559,3
5435,5440,5437.5,1.34372e-05,6.71862e-05,1
5440,5445,5442.5,2.68745e-05,0.000134372,2
5445,5450,5447.5,5.3749e-05,0.000268745,4
5455,5460,5457.5,4.03117e-05,0.000201559,3
5465,5470,5467.5,2.68745e-05,0.000134372,2
5470,5475,5472.5,4.03117e-05,0.000201559,3
5475,5480,5477.5,4.03117e-05,0.000201559,3
5480,5485,5482.5,1.34372e-05,6.71862e-05,1
5495,5500,5497.5,1.34372e-05,6.71862e-05,1
5500,5505,5502.5,1.34372e-05,6.71862e-05,1
5505,5510,5507.5,2.68745e-05,0.000134372,2
5510,5515,5512.5,5.3749e-05,0.000268745,4
5515,5520,5517.5,5.3749e-05,0.000268745,4
5520,5525,5522.5,2.68745e-05,0.000134372,2
5525,5530,5527.5,1.34372e-05,6.71862e-05,1
5530,5535,5532.5,2.68745e-05,0.000134372,2
5535,5540,5537.5,2.68745e-05,0.000134372,2
5545,5550,5547.5,2.68745e-05,0.000134372,2
5550,5555,5552.5,2.68745e-05,0.000134372,2
5555,5560,5557.5,5.3749e-05,0.000268745,4
5560,5565,5562.5,1.34372e-05,6.71862e-05,1
5565,5570,5567.5,2.68745e-05,0.000134372,2
5570,5575,5572.5,5.3749e-05,0.000268745,4
5580,5585,5582.5,1.34372e-05,6.71862e-05,1
5585,5590,5587.5,1.34372e-05,6.71862e-05,1
5590,5595,5592.5,2.68745e-05,0.000134372,2
5595,5600,5597.5,4.03117e-05,0.000201559,3
5600,5605,5602.5,1.34372e-05,6.71862e-05,1
5605,5610,5607.5,2.68745e-05,0.000134372,2
5610,5615,5612.5,2.68745e-05,0.000134372,2
5615,5620,5617.5,5.3749e-05,0.000268745,4
5620,5625,5622.5,4.03117e-05,0.000201559,3
5625,5630,5627.5,1.34372e-05,6.71862e-05,1
5640,5645,5642.5,1.34372e-05,6.71862e-05,1
5645,5650,5647.5,1.34372e-05,6.71862e-05,1
5650,5655,5652.5,1.34372e-05,6.71862e-05,1
5655,5660,5657.5,5.3749e-05,0.000268745,4
5660,5665,5662.5,6.71862e-05,0.000335931,5
5665,5670,5667.5,2.68745e-05,0.000134372,2
5670,5675,5672.5,1.34372e-05,6.71862e-05,1
5680,5685,5682.5,2.68745e-05,0.000134372,2
5690,5695,5692.5,5.3749e-05,0.000268745,4
5695,5700,5697.5,2.68745e-05,0.000134372,2
5700,5705,5702.5,2.68745e-05,0.000134372,2
5705,5710,5707.5,1.34372e-05,6.71862e-05,1
5715,5720,5717.5,8.06235e-05,0.000403117,6
5720,5725,5722.5,1.34372e-05,6.71862e-05,1
5725,5730,5727.5,4.03117e-05,0.000201559,3
5730,5735,5732.5,2.68745e-05,0.000134372,2
5735,5740,5737.5,4.03117e-05,0.000201559,3
5740,5745,5742.5,1.34372e-05,6.71862e-05,1
5745,5750,5747.5,2.68745e-05,0.000134372,2
5750,5755,5752.5,2.68745e-05,0.000134372,2
5755,5760,5757.5,2.68745e-05,0.000134372,2
5760,5765,5762.5,4.03117e-05,0.000201559,3
5765,5770,5767.5,2.68745e-05,0.000134372,2
5775,5780,5777.5,4.03117e-05,0.000201559,3
5780,5785,5782.5,1.34372e-05,6.71862e-05,1
5785,5790,5787.5,1.34372e-05,6.71862e-05,1
5790,5795,5792.5,4.03117e-05,0.000201559,3
5800,5805,5802.5,5.3749e-05,0.000268745,4
5810,5815,5812.5,5.3749e-05,0.000268745,4
5815,5820,5817.5,2.68745e-05,0.000134372,2
5820,5825,5822.5,2.68745e-05,0.000134372,2
5825,5830,5827.5,2.68745e-05,0.000134372,2
5830,5835,5832.5,5.3749e-05,0.000268745,4
5835,5840,5837.5,5.3749e-05,0.000268745,4
5840,5845,5842.5,5.3749e-05,0.000268745,4
5845,5850,5847.5,1.34372e-05,6.71862e-05,1
5855,5860,5857.5,2.68745e-05,0.000134372,2
5870,5875,5872.5,4.03117e-05,0.000201559,3
5875,5880,5877.5,2.68745e-05,0.000134372,2
5880,5885,5882.5,4.03117e-05,0.000201559,3
5885,5890,5887.5,4.03117e-05,0.000201559,3
5890,5895,5892.5,2.68745e-05,0.000134372,2
5895,5900,5897.5,1.34372e-05,6.71862e-05,1
5900,5905,5902.5,1.34372e-05,6.71862e-05,1
5910,5915,5912.5,4.03117e-05,0.000201559,3
5920,5925,5922.5,2.68745e-05,0.000134372,2
5925,5930,5927.5,4.03117e-05,0.000201559,3
5940,5945,5942.5,2.68745e-05,0.000134372,2
5945,5950,5947.5,1.34372e-05,6.71862e-05,1
5950,5955,5952.5,2.68745e-05,0.000134372,2
5965,5970,5967.5,1.34372e-05,6.71862e-05,1
5970,5975,5972.5,5.3749e-05,0.000268745,4
5975,5980,5977.5,1.34372e-05,6.71862e-05,1
5980,5985,5982.5,4.03117e-05,0.000201559,3
5985,5990,5987.5,2.68745e-05,0.000134372,2
5990,5995,5992.5,2.68745e-05,0.000134372,2
5995,6000,5997.5,1.34372e-05,6.71862e-05,1
6000,6005,6002.5,1.34372e-05,6.71862e-05,1
6005,6010,6007.5,1.34372e-05,6.71862e-05,1
6010,6015,6012.5,2.68745e-05,0.000134372,2
6015,6020,6017.5,4.03117e-05,0.000201559,3
6020,6025,6022.5,4.03117e-05,0.000201559,3
6025,6030,6027.5,5.3749e-05,0.000268745,4
6030,6035,6032.5,4.03117e-05,0.000201559,3
6035,6040,6037.5,2.68745e-05,0.000134372,2
6045,6050,6047.5,1.34372e-05,6.71862e-05,1
6050,6055,6052.5,2.68745e-05,0.000134372,2
6055,6060,6057.5,2.68745e-05,0.000134372,2
6060,6065,6062.5,2.68745e-05,0.000134372,2
6065,6070,6067.5,4.03117e-05,0.000201559,3
6070,6075,6072.5,2.68745e-05,0.000134372,2
6075,6080,6077.5,4.03117e-05,0.000201559,3
6080,6085,6082.5,1.34372e-05,6.71862e-05,1
6085,6090,6087.5,1.34372e-05,6.71862e-05,1
6095,6100,6097.5,1.34372e-05,6.71862e-05,1
6100,6105,6102.5,2.68745e-05,0.000134372,2
6105,6110,6107.5,1.34372e-05,6.71862e-05,1
6110,6115,6112.5,4.03117e-05,0.000201559,3
6115,6120,6117.5,6.71862e-05,0.000335931,5
6120,6125,6122.5,2.68745e-05,0.000134372,2
6125,6130,6127.5,2.68745e-05,0.000134372,2
6130,6135,6132.5,2.68745e-05,0.000134372,2
6135,6140,6137.5,1.34372e-05,6.71862e-05,1
6140,6145,6142.5,1.34372e-05,6.71862e-05,1
6145,6150,6147.5,4.03117e-05,0.000201559,3
6150,6155,6152.5,5.3749e-05,0.000268745,4
6155,6160,6157.5,2.68745e-05,0.000134372,2
6160,6165,6162.5,1.34372e-05,6.71862e-05,1
6170,6175,6172.5,8.06235e-05,0.000403117,6
6175,6180,6177.5,1.34372e-05,6.71862e-05,1
6180,6185,6182.5,4.03117e-05,0.000201559,3
6185,6190,6187.5,2.68745e-05,0.000134372,2
6190,6195,6192.5,2.68745e-05,0.000134372,2
6195,6200,6197.5,6.71862e-05,0.000335931,5
6205,6210,6207.5,1.34372e-05,6.71862e-05,1
6215,6220,6217.5,2.68745e-05,0.000134372,2
6225,6230,6227.5,2.68745e-05,0.000134372,2
6230,6235,6232.5,1.34372e-05,6.71862e-05,1
6235,6240,6237.5,1.34372e-05,6.71862e-05,1
6240,6245,6242.5,1.34372e-05,6.71862e-05,1
6245,6250,6247.5,1.34372e-05,6.71862e-05,1
6250,6255,6252.5,1.34372e-05,6.71862e-05,1
6255,6260,6257.5,2.68745e-05,0.000134372,2
6260,6265,6262.5,5.3749e-05,0.000268745,4
6265,6270,6267.5,1.34372e-05,6.71862e-05,1
6270,6275,6272.5,1.34372e-05,6.71862e-05,1
6275,6280,6277.5,2.68745e-05,0.000134372,2
6280,6285,6282.5,1.34372e-05,6.71862e-05,1
6285,6290,6287.5,1.34372e-05,6.71862e-05,1
6290,6295,6292.5,4.03117e-05,0.000201559,3
6295,6300,6297.5,4.03117e-05,0.000201559,3
6300,6305,6302.5,2.68745e-05,0.000134372,2
6305,6310,6307.5,1.34372e-05,6.71862e-05,1
6315,6320,6317.5,2.68745e-05,0.000134372,2
6320,6325,6322.5,9.40607e-05,0.000470304,7
6325,6330,6327.5,1.34372e-05,6.71862e-05,1
6330,6335,6332.5,2.68745e-05,0.000134372,2
6340,6345,6342.5,1.34372e-05,6.71862e-05,1
6345,6350,6347.5,4.03117e-05,0.000201559,3
6350,6355,6352.5,1.34372e-05,6.71862e-05,1
6355,6360,6357.5,1.34372e-05,6.71862e-05,1
6360,6365,6362.5,1.34372e-05,6.71862e-05,1
6365,6370,6367.5,1.34372e-05,6.71862e-05,1
6370,6375,6372.5,1.34372e-05,6.71862e-05,1
6380,6385,6382.5,1.34372e-05,6.71862e-05,1
6385,6390,6387.5,1.34372e-05,6.71862e-05,1
6390,6395,6392.5,1.34372e-05,6.71862e-05,1
6400,6405,6402.5,2.68745e-05,0.000134372,2
6410,6415,6412.5,4.03117e-05,0.000201559,3
6415,6420,6417.5,2.68745e-05,0.000134372,2
6425,6430,6427.5,2.68745e-05,0.000134372,2
6430,6435,6432.5,1.34372e-05,6.71862e-05,1
6435,6440,6437.5,2.68745e-05,0.000134372,2
6440,6445,6442.5,4.03117e-05,0.000201559,3
6445,6450,6447.5,5.3749e-05,0.000268745,4
6450,6455,6452.5,1.34372e-05,6.71862e-05,1
6460,6465,6462.5,2.68745e-05,0.000134372,2
6465,6470,6467.5,2.68745e-05,0.000134372,2
6470,6475,6472.5,2.68745e-05,0.000134372,2
6475,6480,6477.5,1.34372e-05,6.71862e-05,1
6480,6485,6482.5,2.68745e-05,0.000134372,2
6490,6495,6492.5,2.68745e-05,0.000134372,2
6495,6500,6497.5,2.68745e-05,0.000134372,2
6500,6505,6502.5,1.34372e-05,6.71862e-05,1
6510,6515,6512.5,1.34372e-05,6.71862e-05,1
6515,6520,6517.5,2.68745e-05,0.000134372,2
6520,6525,6522.5,1.34372e-05,6.71862e-05,1
6525,6530,6527.5,4.03117e-05,0.000201559,3
6530,6535,6532.5,1.34372e-05,6.71862e-05,1
6535,6540,6537.5,1.34372e-05,6.71862e-05,1
6540,6545,6542.5,2.68745e-05,0.000134372,2
6545,6550,6547.5,1.34372e-05,6.71862e-05,1
6550,6555,6552.5,1.34372e-05,6.71862e-05,1
6555,6560,6557.5,2.68745e-05,0.000134372,2
6565,6570,6567.5,2.68745e-05,0.000134372,2
6570,6575,6572.5,2.68745e-05,0.000134372,2
6580,6585,6582.5,1.34372e-05,6.71862e-05,1
6585,6590,6587.5,2.68745e-05,0.000134372,2
6590,6595,6592.5,1.34372e-05,6.71862e-05,1
6600,6605,6602.5,2.68745e-05,0.000134372,2
6605,6610,6607.5,4.03117e-05,0.000201559,3
6610,6615,6612.5,1.34372e-05,6.71862e-05,1
6615,6620,6617.5,2.68745e-05,0.000134372,2
6620,6625,6622.5,2.68745e-05,0.000134372,2
6625,6630,6627.5,2.68745e-05,0.000134372,2
6635,6640,6637.5,2.68745e-05,0.000134372,2
6640,6645,6642.5,2.68745e-05,0.000134372,2
6645,6650,6647.5,5.3749e-05,0.000268745,4
6650,6655,6652.5,1.34372e-05,6.71862e-05,1
6655,6660,6657.5,5.3749e-05,0.000268745,4
6660,6665,6662.5,1.34372e-05,6.71862e-05,1
6665,6670,6667.5,4.03117e-05,0.000201559,3
6670,6675,6672.5,6.71862e-05,0.000335931,5
6675,6680,6677.5,2.68745e-05,0.000134372,2
6680,6685,6682.5,2.68745e-05,0.000134372,2
6685,6690,6687.5,1.34372e-05,6.71862e-05,1
6690,6695,6692.5,2.68745e-05,0.000134372,2
6695,6700,6697.5,1.34372e-05,6.71862e-05,1
6710,6715,6712.5,2.68745e-05,0.000134372,2
6715,6720,6717.5,1.34372e-05,6.71862e-05,1
6725,6730,6727.5,1.34372e-05,6.71862e-05,1
6730,6735,6732.5,1.34372e-05,6.71862e-05,1
6735,6740,6737.5,1.34372e-05,6.71862e-05,1
6740,6745,6742.5,1.34372e-05,6.71862e-05,1
6745,6750,6747.5,1.34372e-05,6.71862e-05,1
6750,6755,6752.5,2.68745e-05,0.000134372,2
6755,6760,6757.5,2.68745e-05,0.000134372,2
6760,6765,6762.5,4.03117e-05,0.000201559,3
6765,6770,6767.5,2.68745e-05,0.000134372,2
6775,6780,6777.5,2.68745e-05,0.000134372,2
6780,6785,6782.5,2.68745e-05,0.000134372,2
6785,6790,6787.5,5.3749e-05,0.000268745,4
6790,6795,6792.5,1.34372e-05,6.71862e-05,1
6795,6800,6797.5,6.71862e-05,0.000335931,5
6800,6805,6802.5,6.71862e-05,0.000335931,5
6805,6810,6807.5,1.34372e-05,6.71862e-05,1
6810,6815,6812.5,1.34372e-05,6.71862e-05,1
6815,6820,6817.5,1.34372e-05,6.71862e-05,1
6825,6830,6827.5,1.34372e-05,6.71862e-05,1
6845,6850,6847.5,4.03117e-05,0.000201559,3
6850,6855,6852.5,4.03117e-05,0.000201559,3
6855,6860,6857.5,5.3749e-05,0.000268745,4
6865,6870,6867.5,1.34372e-05,6.71862e-05,1
6870,6875,6872.5,1.34372e-05,6.71862e-05,1
6875,6880,6877.5,1.34372e-05,6.71862e-05,1
6885,6890,6887.5,4.03117e-05,0.000201559,3
6890,6895,6892.5,2.68745e-05,0.000134372,2
6895,6900,6897.5,1.34372e-05,6.71862e-05,1
6900,6905,6902.5,1.34372e-05,6.71862e-05,1
6905,6910,6907.5,1.34372e-05,6.71862e-05,1
6910,6915,6912.5,2.68745e-05,0.000134372,2
6915,6920,6917.5,1.34372e-05,6.71862e-05,1
6920,6925,6922.5,1.34372e-05,6.71862e-05,1
6925,6930,6927.5,1.34372e-05,6.71862e-05,1
6930,6935,6932.5,1.34372e-05,6.71862e-05,1
6935,6940,6937.5,1.34372e-05,6.71862e-05,1
6940,6945,6942.5,4.03117e-05,0.000201559,3
6945,6950,6947.5,2.68745e-05,0.000134372,2
6950,6955,6952.5,4.03117e-05,0.000201559,3
6955,6960,6957.5,5.3749e-05,0.000268745,4
6965,6970,6967.5,2.68745e-05,0.000134372,2
6975,6980,6977.5,4.03117e-05,0.000201559,3
6980,6985,6982.5,1.34372e-05,6.71862e-05,1
6990,6995,6992.5,2.68745e-05,0.000134372,2
6995,7000,6997.5,4.03117e-05,0.000201559,3
7000,7005,7002.5,2.68745e-05,0.000134372,2
7005,7010,7007.5,1.34372e-05,6.71862e-05,1
7010,7015,7012.5,5.3749e-05,0.000268745,4
7015,7020,7017.5,1.34372e-05,6.71862e-05,1
7020,7025,7022.5,5.3749e-05,0.000268745,4
7025,7030,7027.5,1.34372e-05,6.71862e-05,1
7030,7035,7032.5,1.34372e-05,6.71862e-05,1
7035,7040,7037.5,1.34372e-05,6.71862e-05,1
7040,7045,7042.5,1.34372e-05,6.71862e-05,1
7045,7050,7047.5,1.34372e-05,6.71862e-05,1
7050,7055,7052.5,4.03117e-05,0.000201559,3
7055,7060,7057.5,2.68745e-05,0.000134372,2
7065,7070,7067.5,4.03117e-05,0.000201559,3
7080,7085,7082.5,1.34372e-05,6.71862e-05,1
7090,7095,7092.5,1.34372e-05,6.71862e-05,1
7095,7100,7097.5,1.34372e-05,6.71862e-05,1
7105,7110,7107.5,1.34372e-05,6.71862e-05,1
7110,7115,7112.5,2.68745e-05,0.000134372,2
7115,7120,7117.5,5.3749e-05,0.000268745,4
7120,7125,7122.5,4.03117e-05,0.000201559,3
7125,7130,7127.5,5.3749e-05,0.000268745,4
7130,7135,7132.5,5.3749e-05,0.000268745,4
7135,7140,7137.5,1.34372e-05,6.71862e-05,1
7140,7145,7142.5,4.03117e-05,0.000201559,3
7150,7155,7152.5,1.34372e-05,6.71862e-05,1
7165,7170,7167.5,1.34372e-05,6.71862e-05,1
7170,7175,7172.5,4.03117e-05,0.000201559,3
7175,7180,7177.5,1.34372e-05,6.71862e-05,1
7180,7185,7182.5,4.03117e-05,0.000201559,3
7195,7200,7197.5,2.68745e-05,0.000134372,2
7200,7205,7202.5,4.03117e-05,0.000201559,3
7205,7210,7207.5,1.34372e-05,6.71862e-05,1
7215,7220,7217.5,1.34372e-05,6.71862e-05,1
7225,7230,7227.5,2.68745e-05,0.000134372,2
7230,7235,7232.5,1.34372e-05,6.71862e-05,1
7250,7255,7252.5,2.68745e-05,0.000134372,2
7255,7260,7257.5,1.34372e-05,6.71862e-05,1
7265,7270,7267.5,1.34372e-05,6.71862e-05,1
7275,7280,7277.5,1.34372e-05,6.71862e-05,1
7280,7285,7282.5,4.03117e-05,0.000201559,3
7295,7300,7297.5,2.68745e-05,0.000134372,2
7300,7305,7302.5,2.68745e-05,0.000134372,2
7305,7310,7307.5,1.34372e-05,6.71862e-05,1
7315,7320,7317.5,4.03117e-05,0.000201559,3
7320,7325,7322.5,2.68745e-05,0.000134372,2
7325,7330,7327.5,1.34372e-05,6.71862e-05,1
7330,7335,7332.5,1.34372e-05,6.71862e-05,1
7335,7340,7337.5,2.68745e-05,0.000134372,2
7340,7345,7342.5,2.68745e-05,0.000134372,2
7345,7350,7347.5,2.68745e-05,0.000134372,2
7350,7355,7352.5,2.68745e-05,0.000134372,2
7355,7360,7357.5,2.68745e-05,0.000134372,2
7360,7365,7362.5,4.03117e-05,0.000201559,3
7365,7370,7367.5,1.34372e-05,6.71862e-05,1
7370,7375,7372.5,4.03117e-05,0.000201559,3
7380,7385,7382.5,1.34372e-05,6.71862e-05,1
7385,7390,7387.5,1.34372e-05,6.71862e-05,1
7390,7395,7392.5,1.34372e-05,6.71862e-05,1
7395,7400,7397.5,1.34372e-05,6.71862e-05,1
7405,7410,7407.5,2.68745e-05,0.000134372,2
7410,7415,7412.5,4.03117e-05,0.000201559,3
7415,7420,7417.5,1.34372e-05,6.71862e-05,1
7420,7425,7422.5,1.34372e-05,6.71862e-05,1
7425,7430,7427.5,1.34372e-05,6.71862e-05,1
7440,7445,7442.5,2.68745e-05,0.000134372,2
7445,7450,7447.5,2.68745e-05,0.000134372,2
7450,7455,7452.5,1.34372e-05,6.71862e-05,1
7460,7465,7462.5,1.34372e-05,6.71862e-05,1
7465,7470,7467.5,1.34372e-05,6.71862e-05,1
7470,7475,7472.5,2.68745e-05,0.000134372,2
7475,7480,7477.5,2.68745e-05,0.000134372,2
7485,7490,7487.5,1.34372e-05,6.71862e-05,1
7490,7495,7492.5,4.03117e-05,0.000201559,3
7500,7505,7502.5,2.68745e-05,0.000134372,2
7505,7510,7507.5,2.68745e-05,0.000134372,2
7510,7515,7512.5,1.34372e-05,6.71862e-05,1
7515,7520,7517.5,1.34372e-05,6.71862e-05,1
7525,7530,7527.5,1.34372e-05,6.71862e-05,1
7530,7535,7532.5,1.34372e-05,6.71862e-05,1
7535,7540,7537.5,1.34372e-05,6.71862e-05,1
7550,7555,7552.5,1.34372e-05,6.71862e-05,1
7570,7575,7572.5,2.68745e-05,0.000134372,2
7575,7580,7577.5,2.68745e-05,0.000134372,2
7585,7590,7587.5,1.34372e-05,6.71862e-05,1
7590,7595,7592.5,2.68745e-05,0.000134372,2
7595,7600,7597.5,2.68745e-05,0.000134372,2
7600,7605,7602.5,4.03117e-05,0.000201559,3
7610,7615,7612.5,4.03117e-05,0.000201559,3
7615,7620,7617.5,2.68745e-05,0.000134372,2
7625,7630,7627.5,1.34372e-05,6.71862e-05,1
7630,7635,7632.5,5.3749e-05,0.000268745,4
7640,7645,7642.5,1.34372e-05,6.71862e-05,1
7650,7655,7652.5,4.03117e-05,0.000201559,3
7660,7665,7662.5,1.34372e-05,6.71862e-05,1
7665,7670,7667.5,2.68745e-05,0.000134372,2
7680,7685,7682.5,1.34372e-05,6.71862e-05,1
7685,7690,7687.5,1.34372e-05,6.71862e-05,1
7690,7695,7692.5,1.34372e-05,6.71862e-05,1
7695,7700,7697.5,2.68745e-05,0.000134372,2
7710,7715,7712.5,2.68745e-05,0.000134372,2
7715,7720,7717.5,1.34372e-05,6.71862e-05,1
7720,7725,7722.5,4.03117e-05,0.000201559,3
7735,7740,7737.5,1.34372e-05,6.71862e-05,1
7745,7750,7747.5,1.34372e-05,6.71862e-05,1
7750,7755,7752.5,1.34372e-05,6.71862e-05,1
7755,7760,7757.5,1.34372e-05,6.71862e-05,1
7765,7770,7767.5,5.3749e-05,0.000268745,4
7770,7775,7772.5,1.34372e-05,6.71862e-05,1
7775,7780,7777.5,1.34372e-05,6.71862e-05,1
7785,7790,7787.5,1.34372e-05,6.71862e-05,1
7790,7795,7792.5,1.34372e-05,6.71862e-05,1
7795,7800,7797.5,1.34372e-05,6.71862e-05,1
7800,7805,7802.5,1.34372e-05,6.71862e-05,1
7805,7810,7807.5,1.34372e-05,6.71862e-05,1
7815,7820,7817.5,1.34372e-05,6.71862e-05,1
7820,7825,7822.5,1.34372e-05,6.71862e-05,1
7830,7835,7832.5,2.68745e-05,0.000134372,2
7835,7840,7837.5,1.34372e-05,6.71862e-05,1
7845,7850,7847.5,2.68745e-05,0.000134372,2
7850,7855,7852.5,1.34372e-05,6.71862e-05,1
7860,7865,7862.5,1.34372e-05,6.71862e-05,1
7865,7870,7867.5,2.68745e-05,0.000134372,2
7870,7875,7872.5,2.68745e-05,0.000134372,2
7875,7880,7877.5,1.34372e-05,6.71862e-05,1
7880,7885,7882.5,4.03117e-05,0.000201559,3
7885,7890,7887.5,1.34372e-05,6.71862e-05,1
7900,7905,7902.5,4.03117e-05,0.000201559,3
7905,7910,7907.5,1.34372e-05,6.71862e-05,1
7910,7915,7912.5,1.34372e-05,6.71862e-05,1
7915,7920,7917.5,1.34372e-05,6.71862e-05,1
7920,7925,7922.5,2.68745e-05,0.000134372,2
7925,7930,7927.5,2.68745e-05,0.000134372,2
7930,7935,7932.5,1.34372e-05,6.71862e-05,1
7945,7950,7947.5,2.68745e-05,0.000134372,2
7950,7955,7952.5,2.68745e-05,0.000134372,2
7955,7960,7957.5,2.68745e-05,0.000134372,2
7965,7970,7967.5,1.34372e-05,6.71862e-05,1
7970,7975,7972.5,1.34372e-05,6.71862e-05,1
7975,7980,7977.5,2.68745e-05,0.000134372,2
7980,7985,7982.5,1.34372e-05,6.71862e-05,1
7985,7990,7987.5,1.34372e-05,6.71862e-05,1
8010,8015,8012.5,1.34372e-05,6.71862e-05,1
8015,8020,8017.5,2.68745e-05,0.000134372,2
8025,8030,8027.5,5.3749e-05,0.000268745,4
8030,8035,8032.5,5.3749e-05,0.000268745,4
8040,8045,8042.5,2.68745e-05,0.000134372,2
8050,8055,8052.5,1.34372e-05,6.71862e-05,1
8055,8060,8057.5,1.34372e-05,6.71862e-05,1
8060,8065,8062.5,1.34372e-05,6.71862e-05,1
8070,8075,8072.5,4.03117e-05,0.000201559,3
8080,8085,8082.5,1.34372e-05,6.71862e-05,1
8085,8090,8087.5,1.34372e-05,6.71862e-05,1
8090,8095,8092.5,1.34372e-05,6.71862e-05,1
8105,8110,8107.5,1.34372e-05,6.71862e-05,1
8110,8115,8112.5,2.68745e-05,0.000134372,2
8115,8120,8117.5,4.03117e-05,0.000201559,3
8120,8125,8122.5,2.68745e-05,0.000134372,2
8125,8130,8127.5,2.68745e-05,0.000134372,2
8135,8140,8137.5,5.3749e-05,0.000268745,4
8145,8150,8147.5,2.68745e-05,0.000134372,2
8150,8155,8152.5,1.34372e-05,6.71862e-05,1
8160,8165,8162.5,2.68745e-05,0.000134372,2
8165,8170,8167.5,2.68745e-05,0.000134372,2
8175,8180,8177.5,1.34372e-05,6.71862e-05,1
8180,8185,8182.5,2.68745e-05,0.000134372,2
8190,8195,8192.5,2.68745e-05,0.000134372,2
8200,8205,8202.5,4.03117e-05,0.000201559,3
8210,8215,8212.5,2.68745e-05,0.000134372,2
8215,8220,8217.5,1.34372e-05,6.71862e-05,1
8220,8225,8222.5,2.68745e-05,0.000134372,2
8225,8230,8227.5,1.34372e-05,6.71862e-05,1
8230,8235,8232.5,2.68745e-05,0.000134372,2
8235,8240,8237.5,4.03117e-05,0.000201559,3
8245,8250,8247.5,2.68745e-05,0.000134372,2
8260,8265,8262.5,1.34372e-05,6.71862e-05,1
8265,8270,8267.5,1.34372e-05,6.71862e-05,1
8270,8275,8272.5,2.68745e-05,0.000134372,2
8275,8280,8277.5,1.34372e-05,6.71862e-05,1
8285,8290,8287.5,2.68745e-05,0.000134372,2
8290,8295,8292.5,1.34372e-05,6.71862e-05,1
8295,8300,8297.5,1.34372e-05,6.71862e-05,1
8305,8310,8307.5,1.34372e-05,6.71862e-05,1
8310,8315,8312.5,1.34372e-05,6.71862e-05,1
8315,8320,8317.5,2.68745e-05,0.000134372,2
8320,8325,8322.5,1.34372e-05,6.71862e-05,1
8325,8330,8327.5,1.34372e-05,6.71862e-05,1
8330,8335,8332.5,1.34372e-05,6.71862e-05,1
8335,8340,8337.5,1.34372e-05,6.71862e-05,1
8340,8345,8342.5,1.34372e-05,6.71862e-05,1
8345,8350,8347.5,1.34372e-05,6.71862e-05,1
8355,8360,8357.5,1.34372e-05,6.71862e-05,1
8360,8365,8362.5,4.03117e-05,0.000201559,3
8370,8375,8372.5,5.3749e-05,0.000268745,4
8380,8385,8382.5,1.34372e-05,6.71862e-05,1
8390,8395,8392.5,1.34372e-05,6.71862e-05,1
8395,8400,8397.5,1.34372e-05,6.71862e-05,1
8400,8405,8402.5,1.34372e-05,6.71862e-05,1
8405,8410,8407.5,1.34372e-05,6.71862e-05,1
8415,8420,8417.5,2.68745e-05,0.000134372,2
8420,8425,8422.5,1.34372e-05,6.71862e-05,1
8425,8430,8427.5,1.34372e-05,6.71862e-05,1
8430,8435,8432.5,1.34372e-05,6.71862e-05,1
8440,8445,8442.5,4.03117e-05,0.000201559,3
8445,8450,8447.5,5.3749e-05,0.000268745,4
8450,8455,8452.5,1.34372e-05,6.71862e-05,1
8465,8470,8467.5,4.03117e-05,0.000201559,3
8475,8480,8477.5,1.34372e-05,6.71862e-05,1
8485,8490,8487.5,2.68745e-05,0.000134372,2
8495,8500,8497.5,4.03117e-05,0.000201559,3
8505,8510,8507.5,2.68745e-05,0.000134372,2
8510,8515,8512.5,1.34372e-05,6.71862e-05,1
8515,8520,8517.5,2.68745e-05,0.000134372,2
8520,8525,8522.5,5.3749e-05,0.000268745,4
8530,8535,8532.5,1.34372e-05,6.71862e-05,1
8535,8540,8537.5,4.03117e-05,0.000201559,3
8545,8550,8547.5,1.34372e-05,6.71862e-05,1
8550,8555,8552.5,4.03117e-05,0.000201559,3
8555,8560,8557.5,1.34372e-05,6.71862e-05,1
8560,8565,8562.5,1.34372e-05,6.71862e-05,1
8565,8570,8567.5,1.34372e-05,6.71862e-05,1
8575,8580,8577.5,4.03117e-05,0.000201559,3
8580,8585,8582.5,2.68745e-05,0.000134372,2
8585,8590,8587.5,1.34372e-05,6.71862e-05,1
8590,8595,8592.5,1.34372e-05,6.71862e-05,1
8600,8605,8602.5,2.68745e-05,0.000134372,2
8605,8610,8607.5,1.34372e-05,6.71862e-05,1
8610,8615,8612.5,4.03117e-05,0.000201559,3
8620,8625,8622.5,1.34372e-05,6.71862e-05,1
8625,8630,8627.5,6.71862e-05,0.000335931,5
8630,8635,8632.5,2.68745e-05,0.000134372,2
8635,8640,8637.5,1.34372e-05,6.71862e-05,1
8640,8645,8642.5,1.34372e-05,6.71862e-05,1
8645,8650,8647.5,1.34372e-05,6.71862e-05,1
8650,8655,8652.5,1.34372e-05,6.71862e-05,1
8660,8665,8662.5,1.34372e-05,6.71862e-05,1
8665,8670,8667.5,1.34372e-05,6.71862e-05,1
8670,8675,8672.5,4.03117e-05,0.000201559,3
8675,8680,8677.5,1.34372e-05,6.71862e-05,1
8680,8685,8682.5,1.34372e-05,6.71862e-05,1
8685,8690,8687.5,1.34372e-05,6.71862e-05,1
8695,8700,8697.5,1.34372e-05,6.71862e-05,1
8705,8710,8707.5,1.34372e-05,6.71862e-05,1
8710,8715,8712.5,1.34372e-05,6.71862e-05,1
8715,8720,8717.5,1.34372e-05,6.71862e-05,1
8720,8725,8722.5,4.03117e-05,0.000201559,3
8725,8730,8727.5,2.68745e-05,0.000134372,2
8730,8735,8732.5,1.34372e-05,6.71862e-05,1
8735,8740,8737.5,1.34372e-05,6.71862e-05,1
8740,8745,8742.5,1.34372e-05,6.71862e-05,1
8745,8750,8747.5,2.68745e-05,0.000134372,2
8765,8770,8767.5,2.68745e-05,0.000134372,2
8770,8775,8772.5,2.68745e-05,0.000134372,2
8775,8780,8777.5,1.34372e-05,6.71862e-05,1
8785,8790,8787.5,1.34372e-05,6.71862e-05,1
8790,8795,8792.5,1.34372e-05,6.71862e-05,1
8795,8800,8797.5,1.34372e-05,6.71862e-05,1
8805,8810,8807.5,1.34372e-05,6.71862e-05,1
8810,8815,8812.5,2.68745e-05,0.000134372,2
8815,8820,8817.5,1.34372e-05,6.71862e-05,1
8820,8825,8822.5,1.34372e-05,6.71862e-05,1
8825,8830,8827.5,1.34372e-05,6.71862e-05,1
8830,8835,8832.5,1.34372e-05,6.71862e-05,1
8835,8840,8837.5,2.68745e-05,0.000134372,2
8840,8845,8842.5,1.34372e-05,6.71862e-05,1
8845,8850,8847.5,1.34372e-05,6.71862e-05,1
8865,8870,8867.5,2.68745e-05,0.000134372,2
8875,8880,8877.5,1.34372e-05,6.71862e-05,1
8885,8890,8887.5,1.34372e-05,6.71862e-05,1
8890,8895,8892.5,1.34372e-05,6.71862e-05,1
8895,8900,8897.5,2.68745e-05,0.000134372,2
8900,8905,8902.5,2.68745e-05,0.000134372,2
8905,8910,8907.5,4.03117e-05,0.000201559,3
8910,8915,8912.5,2.68745e-05,0.000134372,2
8920,8925,8922.5,1.34372e-05,6.71862e-05,1
8925,8930,8927.5,5.3749e-05,0.000268745,4
8930,8935,8932.5,1.34372e-05,6.71862e-05,1
8940,8945,8942.5,5.3749e-05,0.000268745,4
8945,8950,8947.5,2.68745e-05,0.000134372,2
8960,8965,8962.5,2.68745e-05,0.000134372,2
8970,8975,8972.5,4.03117e-05,0.000201559,3
8980,8985,8982.5,2.68745e-05,0.000134372,2
8985,8990,8987.5,1.34372e-05,6.71862e-05,1
8995,9000,8997.5,4.03117e-05,0.000201559,3
9000,9005,9002.5,1.34372e-05,6.71862e-05,1
9010,9015,9012.5,4.03117e-05,0.000201559,3
9015,9020,9017.5,2.68745e-05,0.000134372,2
9020,9025,9022.5,1.34372e-05,6.71862e-05,1
9025,9030,9027.5,2.68745e-05,0.000134372,2
9030,9035,9032.5,2.68745e-05,0.000134372,2
9035,9040,9037.5,1.34372e-05,6.71862e-05,1
9040,9045,9042.5,1.34372e-05,6.71862e-05,1
9050,9055,9052.5,2.68745e-05,0.000134372,2
9055,9060,9057.5,2.68745e-05,0.000134372,2
9065,9070,9067.5,2.68745e-05,0.000134372,2
9075,9080,9077.5,1.34372e-05,6.71862e-05,1
9080,9085,9082.5,1.34372e-05,6.71862e-05,1
9095,9100,9097.5,2.68745e-05,0.000134372,2
9100,9105,9102.5,5.3749e-05,0.000268745,4
9105,9110,9107.5,1.34372e-05,6.71862e-05,1
9110,9115,9112.5,4.03117e-05,0.000201559,3
9120,9125,9122.5,4.03117e-05,0.000201559,3
9125,9130,9127.5,1.34372e-05,6.71862e-05,1
9130,9135,9132.5,1.34372e-05,6.71862e-05,1
9145,9150,9147.5,1.34372e-05,6.71862e-05,1
9150,9155,9152.5,2.68745e-05,0.000134372,2
9155,9160,9157.5,1.34372e-05,6.71862e-05,1
9160,9165,9162.5,2.68745e-05,0.000134372,2
9165,9170,9167.5,1.34372e-05,6.71862e-05,1
9175,9180,9177.5,2.68745e-05,0.000134372,2
9180,9185,9182.5,4.03117e-05,0.000201559,3
9185,9190,9187.5,2.68745e-05,0.000134372,2
9190,9195,9192.5,2.68745e-05,0.000134372,2
9200,9205,9202.5,1.34372e-05,6.71862e-05,1
9205,9210,9207.5,4.03117e-05,0.000201559,3
9210,9215,9212.5,2.68745e-05,0.000134372,2
9215,9220,9217.5,1.34372e-05,6.71862e-05,1
9220,9225,9222.5,4.03117e-05,0.000201559,3
9225,9230,9227.5,1.34372e-05,6.71862e-05,1
9230,9235,9232.5,1.34372e-05,6.71862e-05,1
9235,9240,9237.5,1.34372e-05,6.71862e-05,1
9240,9245,9242.5,2.68745e-05,0.000134372,2
9250,9255,9252.5,2.68745e-05,0.000134372,2
9265,9270,9267.5,1.34372e-05,6.71862e-05,1
9270,9275,9272.5,4.03117e-05,0.000201559,3
9285,9290,9287.5,1.34372e-05,6.71862e-05,1
9290,9295,9292.5,2.68745e-05,0.000134372,2
9295,9300,9297.5,1.34372e-05,6.71862e-05,1
9305,9310,9307.5,1.34372e-05,6.71862e-05,1
9310,9315,9312.5,2.68745e-05,0.000134372,2
9315,9320,9317.5,1.34372e-05,6.71862e-05,1
9320,9325,9322.5,4.03117e-05,0.000201559,3
9325,9330,9327.5,2.68745e-05,0.000134372,2
9330,9335,9332.5,4.03117e-05,0.000201559,3
9335,9340,9337.5,1.34372e-05,6.71862e-05,1
9345,9350,9347.5,2.68745e-05,0.000134372,2
9350,9355,9352.5,1.34372e-05,6.71862e-05,1
9360,9365,9362.5,1.34372e-05,6.71862e-05,1
9370,9375,9372.5,2.68745e-05,0.000134372,2
9380,9385,9382.5,1.34372e-05,6.71862e-05,1
9385,9390,9387.5,2.68745e-05,0.000134372,2
9390,9395,9392.5,1.34372e-05,6.71862e-05,1
9400,9405,9402.5,4.03117e-05,0.000201559,3
9405,9410,9407.5,1.34372e-05,6.71862e-05,1
9410,9415,9412.5,4.03117e-05,0.000201559,3
9430,9435,9432.5,1.34372e-05,6.71862e-05,1
9435,9440,9437.5,2.68745e-05,0.000134372,2
9450,9455,9452.5,1.34372e-05,6.71862e-05,1
9455,9460,9457.5,2.68745e-05,0.000134372,2
9460,9465,9462.5,1.34372e-05,6.71862e-05,1
9465,9470,9467.5,1.34372e-05,6.71862e-05,1
9470,9475,9472.5,1.34372e-05,6.71862e-05,1
9475,9480,9477.5,2.68745e-05,0.000134372,2
9480,9485,9482.5,4.03117e-05,0.000201559,3
9485,9490,9487.5,1.34372e-05,6.71862e-05,1
9490,9495,9492.5,2.68745e-05,0.000134372,2
9495,9500,9497.5,1.34372e-05,6.71862e-05,1
9500,9505,9502.5,1.34372e-05,6.71862e-05,1
9515,9520,9517.5,2.68745e-05,0.000134372,2
9520,9525,9522.5,4.03117e-05,0.000201559,3
9540,9545,9542.5,2.68745e-05,0.000134372,2
9545,9550,9547.5,1.34372e-05,6.71862e-05,1
9560,9565,9562.5,4.03117e-05,0.000201559,3
9570,9575,9572.5,2.68745e-05,0.000134372,2
9595,9600,9597.5,1.34372e-05,6.71862e-05,1
9605,9610,9607.5,1.34372e-05,6.71862e-05,1
9620,9625,9622.5,2.68745e-05,0.000134372,2
9625,9630,9627.5,4.03117e-05,0.000201559,3
9630,9635,9632.5,1.34372e-05,6.71862e-05,1
9640,9645,9642.5,2.68745e-05,0.000134372,2
9655,9660,9657.5,1.34372e-05,6.71862e-05,1
9665,9670,9667.5,2.68745e-05,0.000134372,2
9670,9675,9672.5,1.34372e-05,6.71862e-05,1
9675,9680,9677.5,1.34372e-05,6.71862e-05,1
9680,9685,9682.5,2.68745e-05,0.000134372,2
9690,9695,9692.5,1.34372e-05,6.71862e-05,1
9705,9710,9707.5,2.68745e-05,0.000134372,2
9710,9715,9712.5,1.34372e-05,6.71862e-05,1
9715,9720,9717.5,2.68745e-05,0.000134372,2
9720,9725,9722.5,1.34372e-05,6.71862e-05,1
9725,9730,9727.5,4.03117e-05,0.000201559,3
9730,9735,9732.5,1.34372e-05,6.71862e-05,1
9735,9740,9737.5,4.03117e-05,0.000201559,3
9740,9745,9742.5,1.34372e-05,6.71862e-05,1
9745,9750,9747.5,1.34372e-05,6.71862e-05,1
9750,9755,9752.5,1.34372e-05,6.71862e-05,1
9765,9770,9767.5,2.68745e-05,0.000134372,2
9770,9775,9772.5,1.34372e-05,6.71862e-05,1
9775,9780,9777.5,1.34372e-05,6.71862e-05,1
9780,9785,9782.5,5.3749e-05,0.000268745,4
9785,9790,9787.5,2.68745e-05,0.000134372,2
9790,9795,9792.5,1.34372e-05,6.71862e-05,1
9795,9800,9797.5,1.34372e-05,6.71862e-05,1
9800,9805,9802.5,1.34372e-05,6.71862e-05,1
9805,9810,9807.5,1.34372e-05,6.71862e-05,1
9810,9815,9812.5,1.34372e-05,6.71862e-05,1
9815,9820,9817.5,1.34372e-05,6.71862e-05,1
9825,9830,9827.5,2.68745e-05,0.000134372,2
9830,9835,9832.5,1.34372e-05,6.71862e-05,1
9835,9840,9837.5,1.34372e-05,6.71862e-05,1
9845,9850,9847.5,5.3749e-05,0.000268745,4
9850,9855,9852.5,2.68745e-05,0.000134372,2
9855,9860,9857.5,2.68745e-05,0.000134372,2
9865,9870,9867.5,2.68745e-05,0.000134372,2
9870,9875,9872.5,1.34372e-05,6.71862e-05,1
9880,9885,9882.5,4.03117e-05,0.000201559,3
9885,9890,9887.5,1.34372e-05,6.71862e-05,1
9890,9895,9892.5,2.68745e-05,0.000134372,2
9900,9905,9902.5,1.34372e-05,6.71862e-05,1
9905,9910,9907.5,1.34372e-05,6.71862e-05,1
9920,9925,9922.5,1.34372e-05,6.71862e-05,1
9925,9930,9927.5,2.68745e-05,0.000134372,2
9940,9945,9942.5,1.34372e-05,6.71862e-05,1
9945,9950,9947.5,1.34372e-05,6.71862e-05,1
9970,9975,9972.5,1.34372e-05,6.71862e-05,1
9975,9980,9977.5,2.68745e-05,0.000134372,2
9980,9985,9982.5,1.34372e-05,6.71862e-05,1
9990,9995,9992.5,1.34372e-05,6.71862e-05,1
9995,10000,9997.5,1.34372e-05,6.71862e-05,1
10000,10005,10002.5,1.34372e-05,6.71862e-05,1
10005,10010,10007.5,1.34372e-05,6.71862e-05,1
10015,10020,10017.5,4.03117e-05,0.000201559,3
10020,10025,10022.5,2.68745e-05,0.000134372,2
10040,10045,10042.5,1.34372e-05,6.71862e-05,1
10045,10050,10047.5,6.71862e-05,0.000335931,5
10060,10065,10062.5,2.68745e-05,0.000134372,2
10065,10070,10067.5,1.34372e-05,6.71862e-05,1
10075,10080,10077.5,2.68745e-05,0.000134372,2
10080,10085,10082.5,1.34372e-05,6.71862e-05,1
10085,10090,10087.5,4.03117e-05,0.000201559,3
10090,10095,10092.5,1.34372e-05,6.71862e-05,1
10095,10100,10097.5,1.34372e-05,6.71862e-05,1
10115,10120,10117.5,2.68745e-05,0.000134372,2
10125,10130,10127.5,1.34372e-05,6.71862e-05,1
10130,10135,10132.5,1.34372e-05,6.71862e-05,1
10135,10140,10137.5,1.34372e-05,6.71862e-05,1
10140,10145,10142.5,1.34372e-05,6.71862e-05,1
10145,10150,10147.5,1.34372e-05,6.71862e-05,1
10150,10155,10152.5,4.03117e-05,0.000201559,3
10160,10165,10162.5,1.34372e-05,6.71862e-05,1
10170,10175,10172.5,2.68745e-05,0.000134372,2
10180,10185,10182.5,5.3749e-05,0.000268745,4
10185,10190,10187.5,4.03117e-05,0.000201559,3
10190,10195,10192.5,1.34372e-05,6.71862e-05,1
10200,10205,10202.5,4.03117e-05,0.000201559,3
10205,10210,10207.5,1.34372e-05,6.71862e-05,1
10230,10235,10232.5,2.68745e-05,0.000134372,2
10245,10250,10247.5,2.68745e-05,0.000134372,2
10255,10260,10257.5,4.03117e-05,0.000201559,3
10265,10270,10267.5,1.34372e-05,6.71862e-05,1
10270,10275,10272.5,1.34372e-05,6.71862e-05,1
10275,10280,10277.5,1.34372e-05,6.71862e-05,1
10285,10290,10287.5,1.34372e-05,6.71862e-05,1
10290,10295,10292.5,2.68745e-05,0.000134372,2
10300,10305,10302.5,1.34372e-05,6.71862e-05,1
10305,10310,10307.5,2.68745e-05,0.000134372,2
10315,10320,10317.5,4.03117e-05,0.000201559,3
10320,10325,10322.5,1.34372e-05,6.71862e-05,1
10325,10330,10327.5,1.34372e-05,6.71862e-05,1
10355,10360,10357.5,4.03117e-05,0.000201559,3
10360,10365,10362.5,2.68745e-05,0.000134372,2
10365,10370,10367.5,1.34372e-05,6.71862e-05,1
10375,10380,10377.5,4.03117e-05,0.000201559,3
10380,10385,10382.5,1.34372e-05,6.71862e-05,1
10385,10390,10387.5,2.68745e-05,0.000134372,2
10390,10395,10392.5,2.68745e-05,0.000134372,2
10405,10410,10407.5,2.68745e-05,0.000134372,2
10410,10415,10412.5,1.34372e-05,6.71862e-05,1
10425,10430,10427.5,5.3749e-05,0.000268745,4
10430,10435,10432.5,2.68745e-05,0.000134372,2
10435,10440,10437.5,2.68745e-05,0.000134372,2
10440,10445,10442.5,2.68745e-05,0.000134372,2
10450,10455,10452.5,2.68745e-05,0.000134372,2
10460,10465,10462.5,1.34372e-05,6.71862e-05,1
10465,10470,10467.5,1.34372e-05,6.71862e-05,1
10485,10490,10487.5,1.34372e-05,6.71862e-05,1
10490,10495,10492.5,1.34372e-05,6.71862e-05,1
10495,10500,10497.5,1.34372e-05,6.71862e-05,1
10500,10505,10502.5,4.03117e-05,0.000201559,3
10510,10515,10512.5,1.34372e-05,6.71862e-05,1
10515,10520,10517.5,1.34372e-05,6.71862e-05,1
10520,10525,10522.5,1.34372e-05,6.71862e-05,1
10525,10530,10527.5,1.34372e-05,6.71862e-05,1
10540,10545,10542.5,5.3749e-05,0.000268745,4
10555,10560,10557.5,1.34372e-05,6.71862e-05,1
10575,10580,10577.5,1.34372e-05,6.71862e-05,1
10595,10600,10597.5,2.68745e-05,0.000134372,2
10610,10615,10612.5,1.34372e-05,6.71862e-05,1
10620,10625,10622.5,1.34372e-05,6.71862e-05,1
10625,10630,10627.5,4.03117e-05,0.000201559,3
10640,10645,10642.5,2.68745e-05,0.000134372,2
10650,10655,10652.5,2.68745e-05,0.000134372,2
10655,10660,10657.5,1.34372e-05,6.71862e-05,1
10670,10675,10672.5,1.34372e-05,6.71862e-05,1
10675,10680,10677.5,2.68745e-05,0.000134372,2
10680,10685,10682.5,1.34372e-05,6.71862e-05,1
10685,10690,10687.5,1.34372e-05,6.71862e-05,1
10690,10695,10692.5,1.34372e-05,6.71862e-05,1
10695,10700,10697.5,1.34372e-05,6.71862e-05,1
10710,10715,10712.5,1.34372e-05,6.71862e-05,1
10720,10725,10722.5,1.34372e-05,6.71862e-05,1
10725,10730,10727.5,2.68745e-05,0.000134372,2
10730,10735,10732.5,1.34372e-05,6.71862e-05,1
10740,10745,10742.5,2.68745e-05,0.000134372,2
10745,10750,10747.5,1.34372e-05,6.71862e-05,1
10750,10755,10752.5,1.34372e-05,6.71862e-05,1
10755,10760,10757.5,1.34372e-05,6.71862e-05,1
10770,10775,10772.5,2.68745e-05,0.000134372,2
10775,10780,10777.5,1.34372e-05,6.71862e-05,1
10785,10790,10787.5,1.34372e-05,6.71862e-05,1
10795,10800,10797.5,2.68745e-05,0.000134372,2
10800,10805,10802.5,1.34372e-05,6.71862e-05,1
10805,10810,10807.5,1.34372e-05,6.71862e-05,1
10825,10830,10827.5,1.34372e-05,6.71862e-05,1
10830,10835,10832.5,2.68745e-05,0.000134372,2
10845,10850,10847.5,1.34372e-05,6.71862e-05,1
10850,10855,10852.5,4.03117e-05,0.000201559,3
10855,10860,10857.5,1.34372e-05,6.71862e-05,1
10860,10865,10862.5,1.34372e-05,6.71862e-05,1
10865,10870,10867.5,1.34372e-05,6.71862e-05,1
10890,10895,10892.5,1.34372e-05,6.71862e-05,1
10905,10910,10907.5,1.34372e-05,6.71862e-05,1
10910,10915,10912.5,1.34372e-05,6.71862e-05,1
10920,10925,10922.5,2.68745e-05,0.000134372,2
10930,10935,10932.5,1.34372e-05,6.71862e-05,1
10945,10950,10947.5,1.34372e-05,6.71862e-05,1
10950,10955,10952.5,1.34372e-05,6.71862e-05,1
10965,10970,10967.5,1.34372e-05,6.71862e-05,1
10975,10980,10977.5,1.34372e-05,6.71862e-05,1
10980,10985,10982.5,1.34372e-05,6.71862e-05,1
10985,10990,10987.5,1.34372e-05,6.71862e-05,1
11005,11010,11007.5,2.68745e-05,0.000134372,2
11025,11030,11027.5,2.68745e-05,0.000134372,2
11045,11050,11047.5,2.68745e-05,0.000134372,2
11050,11055,11052.5,1.34372e-05,6.71862e-05,1
11055,11060,11057.5,1.34372e-05,6.71862e-05,1
11065,11070,11067.5,2.68745e-05,0.000134372,2
11080,11085,11082.5,1.34372e-05,6.71862e-05,1
11085,11090,11087.5,2.68745e-05,0.000134372,2
11090,11095,11092.5,1.34372e-05,6.71862e-05,1
11110,11115,11112.5,1.34372e-05,6.71862e-05,1
11115,11120,11117.5,1.34372e-05,6.71862e-05,1
11125,11130,11127.5,1.34372e-05,6.71862e-05,1
11130,11135,11132.5,1.34372e-05,6.71862e-05,1
11135,11140,11137.5,2.68745e-05,0.000134372,2
11145,11150,11147.5,1.34372e-05,6.71862e-05,1
11160,11165,11162.5,1.34372e-05,6.71862e-05,1
11165,11170,11167.5,1.34372e-05,6.71862e-05,1
11180,11185,11182.5,1.34372e-05,6.71862e-05,1
11195,11200,11197.5,1.34372e-05,6.71862e-05,1
11200,11205,11202.5,1.34372e-05,6.71862e-05,1
11210,11215,11212.5,1.34372e-05,6.71862e-05,1
11220,11225,11222.5,2.68745e-05,0.000134372,2
11230,11235,11232.5,1.34372e-05,6.71862e-05,1
11235,11240,11237.5,1.34372e-05,6.71862e-05,1
11240,11245,11242.5,2.68745e-05,0.000134372,2
11245,11250,11247.5,1.34372e-05,6.71862e-05,1
11255,11260,11257.5,1.34372e-05,6.71862e-05,1
11260,11265,11262.5,1.34372e-05,6.71862e-05,1
11265,11270,11267.5,1.34372e-05,6.71862e-05,1
11285,11290,11287.5,4.03117e-05,0.000201559,3
11300,11305,11302.5,1.34372e-05,6.71862e-05,1
11315,11320,11317.5,1.34372e-05,6.71862e-05,1
11320,11325,11322.5,1.34372e-05,6.71862e-05,1
11340,11345,11342.5,1.34372e-05,6.71862e-05,1
11350,11355,11352.5,1.34372e-05,6.71862e-05,1
11375,11380,11377.5,1.34372e-05,6.71862e-05,1
11410,11415,11412.5,1.34372e-05,6.71862e-05,1
11440,11445,11442.5,1.34372e-05,6.71862e-05,1
11445,11450,11447.5,1.34372e-05,6.71862e-05,1
11465,11470,11467.5,2.68745e-05,0.000134372,2
11475,11480,11477.5,1.34372e-05,6.71862e-05,1
11480,11485,11482.5,1.34372e-05,6.71862e-05,1
11485,11490,11487.5,2.68745e-05,0.000134372,2
11500,11505,11502.5,1.34372e-05,6.71862e-05,1
11510,11515,11512.5,1.34372e-05,6.71862e-05,1
11520,11525,11522.5,1.34372e-05,6.71862e-05,1
11525,11530,11527.5,1.34372e-05,6.71862e-05,1
11550,11555,11552.5,1.34372e-05,6.71862e-05,1
11560,11565,11562.5,1.34372e-05,6.71862e-05,1
11575,11580,11577.5,1.34372e-05,6.71862e-05,1
11620,11625,11622.5,1.34372e-05,6.71862e-05,1
11625,11630,11627.5,1.34372e-05,6.71862e-05,1
11635,11640,11637.5,2.68745e-05,0.000134372,2
11650,11655,11652.5,1.34372e-05,6.71862e-05,1
11655,11660,11657.5,4.03117e-05,0.000201559,3
11675,11680,11677.5,1.34372e-05,6.71862e-05,1
11680,11685,11682.5,2.68745e-05,0.000134372,2
11685,11690,11687.5,2.68745e-05,0.000134372,2
11690,11695,11692.5,1.34372e-05,6.71862e-05,1
11710,11715,11712.5,1.34372e-05,6.71862e-05,1
11715,11720,11717.5,1.34372e-05,6.71862e-05,1
11725,11730,11727.5,1.34372e-05,6.71862e-05,1
11730,11735,11732.5,1.34372e-05,6.71862e-05,1
11735,11740,11737.5,2.68745e-05,0.000134372,2
11740,11745,11742.5,1.34372e-05,6.71862e-05,1
11765,11770,11767.5,1.34372e-05,6.71862e-05,1
11775,11780,11777.5,2.68745e-05,0.000134372,2
11780,11785,11782.5,1.34372e-05,6.71862e-05,1
11785,11790,11787.5,2.68745e-05,0.000134372,2
11790,11795,11792.5,2.68745e-05,0.000134372,2
11815,11820,11817.5,1.34372e-05,6.71862e-05,1
11825,11830,11827.5,1.34372e-05,6.71862e-05,1
11835,11840,11837.5,2.68745e-05,0.000134372,2
11840,11845,11842.5,2.68745e-05,0.000134372,2
11845,11850,11847.5,1.34372e-05,6.71862e-05,1
11850,11855,11852.5,2.68745e-05,0.000134372,2
11860,11865,11862.5,1.34372e-05,6.71862e-05,1
11870,11875,11872.5,1.34372e-05,6.71862e-05,1
11875,11880,11877.5,2.68745e-05,0.000134372,2
11890,11895,11892.5,4.03117e-05,0.000201559,3
11895,11900,11897.5,1.34372e-05,6.71862e-05,1
11900,11905,11902.5,4.03117e-05,0.000201559,3
11905,11910,11907.5,1.34372e-05,6.71862e-05,1
11915,11920,11917.5,1.34372e-05,6.71862e-05,1
11925,11930,11927.5,1.34372e-05,6.71862e-05,1
11940,11945,11942.5,1.34372e-05,6.71862e-05,1
11945,11950,11947.5,1.34372e-05,6.71862e-05,1
11960,11965,11962.5,4.03117e-05,0.000201559,3
11980,11985,11982.5,1.34372e-05,6.71862e-05,1
11985,11990,11987.5,1.34372e-05,6.71862e-05,1
11995,12000,11997.5,1.34372e-05,6.71862e-05,1
12000,12005,12002.5,1.34372e-05,6.71862e-05,1
12010,12015,12012.5,1.34372e-05,6.71862e-05,1
12020,12025,12022.5,1.34372e-05,6.71862e-05,1
12030,12035,12032.5,1.34372e-05,6.71862e-05,1
12035,12040,12037.5,1.34372e-05,6.71862e-05,1
12040,12045,12042.5,1.34372e-05,6.71862e-05,1
12075,12080,12077.5,1.34372e-05,6.71862e-05,1
12095,12100,12097.5,4.03117e-05,0.000201559,3
12105,12110,12107.5,4.03117e-05,0.000201559,3
12110,12115,12112.5,5.3749e-05,0.000268745,4
12115,12120,12117.5,1.34372e-05,6.71862e-05,1
12135,12140,12137.5,1.34372e-05,6.71862e-05,1
12140,12145,12142.5,1.34372e-05,6.71862e-05,1
12145,12150,12147.5,1.34372e-05,6.71862e-05,1
12160,12165,12162.5,1.34372e-05,6.71862e-05,1
12185,12190,12187.5,1.34372e-05,6.71862e-05,1
12190,12195,12192.5,1.34372e-05,6.71862e-05,1
12195,12200,12197.5,2.68745e-05,0.000134372,2
12200,12205,12202.5,1.34372e-05,6.71862e-05,1
12215,12220,12217.5,1.34372e-05,6.71862e-05,1
12245,12250,12247.5,1.34372e-05,6.71862e-05,1
12255,12260,12257.5,1.34372e-05,6.71862e-05,1
12265,12270,12267.5,1.34372e-05,6.71862e-05,1
12290,12295,12292.5,1.34372e-05,6.71862e-05,1
12295,12300,12297.5,1.34372e-05,6.71862e-05,1
12310,12315,12312.5,1.34372e-05,6.71862e-05,1
12315,12320,12317.5,2.68745e-05,0.000134372,2
12325,12330,12327.5,1.34372e-05,6.71862e-05,1
12335,12340,12337.5,1.34372e-05,6.71862e-05,1
12350,12355,12352.5,2.68745e-05,0.000134372,2
12355,12360,12357.5,1.34372e-05,6.71862e-05,1
12365,12370,12367.5,1.34372e-05,6.71862e-05,1
12375,12380,12377.5,1.34372e-05,6.71862e-05,1
12385,12390,12387.5,1.34372e-05,6.71862e-05,1
12390,12395,12392.5,2.68745e-05,0.000134372,2
12395,12400,12397.5,1.34372e-05,6.71862e-05,1
12400,12405,12402.5,1.34372e-05,6.71862e-05,1
12410,12415,12412.5,1.34372e-05,6.71862e-05,1
12415,12420,12417.5,1.34372e-05,6.71862e-05,1
12430,12435,12432.5,1.34372e-05,6.71862e-05,1
12440,12445,12442.5,1.34372e-05,6.71862e-05,1
12445,12450,12447.5,1.34372e-05,6.71862e-05,1
12460,12465,12462.5,1.34372e-05,6.71862e-05,1
12480,12485,12482.5,1.34372e-05,6.71862e-05,1
12485,12490,12487.5,1.34372e-05,6.71862e-05,1
12495,12500,12497.5,1.34372e-05,6.71862e-05,1
12525,12530,12527.5,1.34372e-05,6.71862e-05,1
12530,12535,12532.5,2.68745e-05,0.000134372,2
12545,12550,12547.5,1.34372e-05,6.71862e-05,1
12550,12555,12552.5,2.68745e-05,0.000134372,2
12565,12570,12567.5,1.34372e-05,6.71862e-05,1
12575,12580,12577.5,1.34372e-05,6.71862e-05,1
12585,12590,12587.5,1.34372e-05,6.71862e-05,1
12605,12610,12607.5,1.34372e-05,6.71862e-05,1
12615,12620,12617.5,2.68745e-05,0.000134372,2
12620,12625,12622.5,1.34372e-05,6.71862e-05,1
12655,12660,12657.5,1.34372e-05,6.71862e-05,1
12665,12670,12667.5,1.34372e-05,6.71862e-05,1
12680,12685,12682.5,1.34372e-05,6.71862e-05,1
12685,12690,12687.5,4.03117e-05,0.000201559,3
12695,12700,12697.5,1.34372e-05,6.71862e-05,1
12700,12705,12702.5,2.68745e-05,0.000134372,2
12710,12715,12712.5,1.34372e-05,6.71862e-05,1
12735,12740,12737.5,1.34372e-05,6.71862e-05,1
12745,12750,12747.5,2.68745e-05,0.000134372,2
12755,12760,12757.5,1.34372e-05,6.71862e-05,1
12775,12780,12777.5,1.34372e-05,6.71862e-05,1
12785,12790,12787.5,2.68745e-05,0.000134372,2
12790,12795,12792.5,1.34372e-05,6.71862e-05,1
12795,12800,12797.5,1.34372e-05,6.71862e-05,1
12815,12820,12817.5,1.34372e-05,6.71862e-05,1
12820,12825,12822.5,1.34372e-05,6.71862e-05,1
12825,12830,12827.5,1.34372e-05,6.71862e-05,1
12835,12840,12837.5,1.34372e-05,6.71862e-05,1
12860,12865,12862.5,1.34372e-05,6.71862e-05,1
12875,12880,12877.5,1.34372e-05,6.71862e-05,1
12880,12885,12882.5,1.34372e-05,6.71862e-05,1
12890,12895,12892.5,2.68745e-05,0.000134372,2
12910,12915,12912.5,1.34372e-05,6.71862e-05,1
12915,12920,12917.5,1.34372e-05,6.71862e-05,1
12920,12925,12922.5,1.34372e-05,6.71862e-05,1
12940,12945,12942.5,1.34372e-05,6.71862e-05,1
12995,13000,12997.5,1.34372e-05,6.71862e-05,1
13000,13005,13002.5,1.34372e-05,6.71862e-05,1
13005,13010,13007.5,1.34372e-05,6.71862e-05,1
13010,13015,13012.5,1.34372e-05,6.71862e-05,1
13020,13025,13022.5,1.34372e-05,6.71862e-05,1
13025,13030,13027.5,1.34372e-05,6.71862e-05,1
13060,13065,13062.5,1.34372e-05,6.71862e-05,1
13065,13070,13067.5,2.68745e-05,0.000134372,2
13070,13075,13072.5,1.34372e-05,6.71862e-05,1
13080,13085,13082.5,1.34372e-05,6.71862e-05,1
13105,13110,13107.5,1.34372e-05,6.71862e-05,1
13115,13120,13117.5,1.34372e-05,6.71862e-05,1
13130,13135,13132.5,2.68745e-05,0.000134372,2
13140,13145,13142.5,1.34372e-05,6.71862e-05,1
13170,13175,13172.5,1.34372e-05,6.71862e-05,1
13180,13185,13182.5,1.34372e-05,6.71862e-05,1
13190,13195,13192.5,1.34372e-05,6.71862e-05,1
13205,13210,13207.5,1.34372e-05,6.71862e-05,1
13215,13220,13217.5,1.34372e-05,6.71862e-05,1
13295,13300,13297.5,1.34372e-05,6.71862e-05,1
13325,13330,13327.5,1.34372e-05,6.71862e-05,1
13340,13345,13342.5,1.34372e-05,6.71862e-05,1
13345,13350,13347.5,2.68745e-05,0.000134372,2
13370,13375,13372.5,1.34372e-05,6.71862e-05,1
13410,13415,13412.5,1.34372e-05,6.71862e-05,1
13430,13435,13432.5,1.34372e-05,6.71862e-05,1
13435,13440,13437.5,2.68745e-05,0.000134372,2
13445,13450,13447.5,1.34372e-05,6.71862e-05,1
13480,13485,13482.5,1.34372e-05,6.71862e-05,1
13485,13490,13487.5,2.68745e-05,0.000134372,2
13490,13495,13492.5,1.34372e-05,6.71862e-05,1
13505,13510,13507.5,1.34372e-05,6.71862e-05,1
13510,13515,13512.5,1.34372e-05,6.71862e-05,1
13515,13520,13517.5,1.34372e-05,6.71862e-05,1
13520,13525,13522.5,1.34372e-05,6.71862e-05,1
13525,13530,13527.5,1.34372e-05,6.71862e-05,1
13530,13535,13532.5,1.34372e-05,6.71862e-05,1
13535,13540,13537.5,1.34372e-05,6.71862e-05,1
13555,13560,13557.5,1.34372e-05,6.71862e-05,1
13565,13570,13567.5,1.34372e-05,6.71862e-05,1
13600,13605,13602.5,1.34372e-05,6.71862e-05,1
13610,13615,13612.5,1.34372e-05,6.71862e-05,1
13615,13620,13617.5,1.34372e-05,6.71862e-05,1
13625,13630,13627.5,1.34372e-05,6.71862e-05,1
13650,13655,13652.5,1.34372e-05,6.71862e-05,1
13655,13660,13657.5,1.34372e-05,6.71862e-05,1
13670,13675,13672.5,1.34372e-05,6.71862e-05,1
13675,13680,13677.5,1.34372e-05,6.71862e-05,1
13685,13690,13687.5,1.34372e-05,6.71862e-05,1
13690,13695,13692.5,1.34372e-05,6.71862e-05,1
13700,13705,13702.5,1.34372e-05,6.71862e-05,1
13715,13720,13717.5,2.68745e-05,0.000134372,2
13730,13735,13732.5,1.34372e-05,6.71862e-05,1
13735,13740,13737.5,1.34372e-05,6.71862e-05,1
13750,13755,13752.5,1.34372e-05,6.71862e-05,1
13755,13760,13757.5,2.68745e-05,0.000134372,2
13790,13795,13792.5,1.34372e-05,6.71862e-05,1
13800,13805,13802.5,1.34372e-05,6.71862e-05,1
13820,13825,13822.5,1.34372e-05,6.71862e-05,1
13835,13840,13837.5,1.34372e-05,6.71862e-05,1
13850,13855,13852.5,1.34372e-05,6.71862e-05,1
13890,13895,13892.5,2.68745e-05,0.000134372,2
13900,13905,13902.5,1.34372e-05,6.71862e-05,1
13905,13910,13907.5,1.34372e-05,6.71862e-05,1
13915,13920,13917.5,1.34372e-05,6.71862e-05,1
13945,13950,13947.5,4.03117e-05,0.000201559,3
13965,13970,13967.5,2.68745e-05,0.000134372,2
13995,14000,13997.5,1.34372e-05,6.71862e-05,1
14000,14005,14002.5,1.34372e-05,6.71862e-05,1
14005,14010,14007.5,1.34372e-05,6.71862e-05,1
14015,14020,14017.5,1.34372e-05,6.71862e-05,1
14020,14025,14022.5,1.34372e-05,6.71862e-05,1
14030,14035,14032.5,1.34372e-05,6.71862e-05,1
14055,14060,14057.5,1.34372e-05,6.71862e-05,1
14075,14080,14077.5,1.34372e-05,6.71862e-05,1
14090,14095,14092.5,1.34372e-05,6.71862e-05,1
14105,14110,14107.5,1.34372e-05,6.71862e-05,1
14110,14115,14112.5,1.34372e-05,6.71862e-05,1
14155,14160,14157.5,1.34372e-05,6.71862e-05,1
14175,14180,14177.5,1.34372e-05,6.71862e-05,1
14185,14190,14187.5,1.34372e-05,6.71862e-05,1
14195,14200,14197.5,1.34372e-05,6.71862e-05,1
14210,14215,14212.5,1.34372e-05,6.71862e-05,1
14235,14240,14237.5,1.34372e-05,6.71862e-05,1
14255,14260,14257.5,4.03117e-05,0.000201559,3
14290,14295,14292.5,1.34372e-05,6.71862e-05,1
14315,14320,14317.5,1.34372e-05,6.71862e-05,1
14325,14330,14327.5,1.34372e-05,6.71862e-05,1
14370,14375,14372.5,1.34372e-05,6.71862e-05,1
14415,14420,14417.5,1.34372e-05,6.71862e-05,1
14450,14455,14452.5,1.34372e-05,6.71862e-05,1
14455,14460,14457.5,1.34372e-05,6.71862e-05,1
14470,14475,14472.5,1.34372e-05,6.71862e-05,1
14475,14480,14477.5,1.34372e-05,6.71862e-05,1
14485,14490,14487.5,2.68745e-05,0.000134372,2
14505,14510,14507.5,1.34372e-05,6.71862e-05,1
14535,14540,14537.5,1.34372e-05,6.71862e-05,1
14540,14545,14542.5,1.34372e-05,6.71862e-05,1
14560,14565,14562.5,1.34372e-05,6.71862e-05,1
14610,14615,14612.5,1.34372e-05,6.71862e-05,1
14640,14645,14642.5,1.34372e-05,6.71862e-05,1
14655,14660,14657.5,1.34372e-05,6.71862e-05,1
14715,14720,14717.5,2.68745e-05,0.000134372,2
14725,14730,14727.5,1.34372e-05,6.71862e-05,1
14785,14790,14787.5,1.34372e-05,6.71862e-05,1
14800,14805,14802.5,2.68745e-05,0.000134372,2
14815,14820,14817.5,1.34372e-05,6.71862e-05,1
14820,14825,14822.5,1.34372e-05,6.71862e-05,1
14845,14850,14847.5,1.34372e-05,6.71862e-05,1
14885,14890,14887.5,1.34372e-05,6.71862e-05,1
14900,14905,14902.5,1.34372e-05,6.71862e-05,1
14910,14915,14912.5,1.34372e-05,6.71862e-05,1
14940,14945,14942.5,1.34372e-05,6.71862e-05,1
14960,14965,14962.5,1.34372e-05,6.71862e-05,1
14985,14990,14987.5,1.34372e-05,6.71862e-05,1
15000,15005,15002.5,1.34372e-05,6.71862e-05,1
15025,15030,15027.5,1.34372e-05,6.71862e-05,1
15040,15045,15042.5,1.34372e-05,6.71862e-05,1
15090,15095,15092.5,1.34372e-05,6.71862e-05,1
15105,15110,15107.5,1.34372e-05,6.71862e-05,1
15210,15215,15212.5,2.68745e-05,0.000134372,2
15245,15250,15247.5,1.34372e-05,6.71862e-05,1
15270,15275,15272.5,1.34372e-05,6.71862e-05,1
15395,15400,15397.5,1.34372e-05,6.71862e-05,1
15400,15405,15402.5,1.34372e-05,6.71862e-05,1
15425,15430,15427.5,1.34372e-05,6.71862e-05,1
15440,15445,15442.5,1.34372e-05,6.71862e-05,1
15470,15475,15472.5,1.34372e-05,6.71862e-05,1
15485,15490,15487.5,1.34372e-05,6.71862e-05,1
15490,15495,15492.5,1.34372e-05,6.71862e-05,1
15510,15515,15512.5,1.34372e-05,6.71862e-05,1
15565,15570,15567.5,1.34372e-05,6.71862e-05,1
15615,15620,15617.5,1.34372e-05,6.71862e-05,1
15620,15625,15622.5,1.34372e-05,6.71862e-05,1
15715,15720,15717.5,1.34372e-05,6.71862e-05,1
15755,15760,15757.5,1.34372e-05,6.71862e-05,1
15765,15770,15767.5,1.34372e-05,6.71862e-05,1
15785,15790,15787.5,1.34372e-05,6.71862e-05,1
15825,15830,15827.5,1.34372e-05,6.71862e-05,1
15840,15845,15842.5,1.34372e-05,6.71862e-05,1
15855,15860,15857.5,1.34372e-05,6.71862e-05,1
15875,15880,15877.5,1.34372e-05,6.71862e-05,1
15925,15930,15927.5,1.34372e-05,6.71862e-05,1
16060,16065,16062.5,1.34372e-05,6.71862e-05,1
16085,16090,16087.5,1.34372e-05,6.71862e-05,1
16090,16095,16092.5,1.34372e-05,6.71862e-05,1
16100,16105,16102.5,1.34372e-05,6.71862e-05,1
16165,16170,16167.5,1.34372e-05,6.71862e-05,1
16225,16230,16227.5,1.34372e-05,6.71862e-05,1
16285,16290,16287.5,1.34372e-05,6.71862e-05,1
16405,16410,16407.5,1.34372e-05,6.71862e-05,1
16465,16470,16467.5,2.68745e-05,0.000134372,2
16540,16545,16542.5,1.34372e-05,6.71862e-05,1
16560,16565,16562.5,1.34372e-05,6.71862e-05,1
16675,16680,16677.5,1.34372e-05,6.71862e-05,1
16725,16730,16727.5,1.34372e-05,6.71862e-05,1
16910,16915,16912.5,1.34372e-05,6.71862e-05,1
16915,16920,16917.5,1.34372e-05,6.71862e-05,1
16930,16935,16932.5,1.34372e-05,6.71862e-05,1
16960,16965,16962.5,1.34372e-05,6.71862e-05,1
17015,17020,17017.5,1.34372e-05,6.71862e-05,1
17050,17055,17052.5,1.34372e-05,6.71862e-05,1
17220,17225,17222.5,1.34372e-05,6.71862e-05,1
17495,17500,17497.5,1.34372e-05,6.71862e-05,1
17525,17530,17527.5,1.34372e-05,6.71862e-05,1
17760,17765,17762.5,1.34372e-05,6.71862e-05,1
18295,18300,18297.5,1.34372e-05,6.71862e-05,1
18640,18645,18642.5,1.34372e-05,6.71862e-05,1
18740,18745,18742.5,1.34372e-05,6.71862e-05,1
18745,18750,18747.5,1.34372e-05,6.71862e-05,1
19010,19015,19012.5,1.34372e-05,6.71862e-05,1
19020,19025,19022.5,1.34372e-05,6.71862e-05,1
19055,19060,19057.5,1.34372e-05,6.71862e-05,1
19455,19460,19457.5,1.34372e-05,6.71862e-05,1
20700,20705,20702.5,1.34372e-05,6.71862e-05,1
VO Delay PDF CSV saved: scratch/delay_pdf/11be/adaptive_compare/edca_k0_s3.csv

--- EXTENDED_STATS_BEGIN ---
PEDCA_STA_SUCC_COUNT: 0
PEDCA_STA_FAIL_COUNT: 0
PEDCA_STA_ZERO_RETX: 0
LEGACY_STA_SUCC_COUNT: 14884
LEGACY_STA_FAIL_COUNT: 1741
LEGACY_STA_ZERO_RETX: 14884
LEGACY_STA_AVG_MAC_DELAY: 2634.32
LEGACY_STA_AVG_QUEUE_DELAY: 2313.36
LEGACY_STA_AVG_ACCESS_DELAY: 320.959
--- EXTENDED_STATS_END ---
