[INFO] std::clog redirected to: /dev/null

--- Per-STA P-EDCA Detail ---
  STA0: DS-CTS=145 S2Entry=145 S2Tx=92 PedcaOK=89 EdcaOK=157 FailCTS=1 FailColl=2 FailExp=0 Defer=0
  STA1: DS-CTS=2 S2Entry=2 S2Tx=2 PedcaOK=1 EdcaOK=5 FailCTS=1 FailColl=0 FailExp=0 Defer=0
  STA2: DS-CTS=208 S2Entry=208 S2Tx=141 PedcaOK=131 EdcaOK=245 FailCTS=3 FailColl=7 FailExp=0 Defer=0
  STA3: DS-CTS=167 S2Entry=167 S2Tx=120 PedcaOK=108 EdcaOK=314 FailCTS=3 FailColl=9 FailExp=0 Defer=0
  STA4: DS-CTS=2 S2Entry=2 S2Tx=2 PedcaOK=2 EdcaOK=1 FailCTS=0 FailColl=0 FailExp=0 Defer=0
  STA5: DS-CTS=1 S2Entry=1 S2Tx=1 PedcaOK=0 EdcaOK=1 FailCTS=1 FailColl=0 FailExp=0 Defer=0
  STA6: DS-CTS=156 S2Entry=156 S2Tx=127 PedcaOK=117 EdcaOK=427 FailCTS=2 FailColl=8 FailExp=0 Defer=0
  STA7: DS-CTS=199 S2Entry=199 S2Tx=153 PedcaOK=150 EdcaOK=530 FailCTS=1 FailColl=2 FailExp=0 Defer=0
  STA8: DS-CTS=83 S2Entry=83 S2Tx=66 PedcaOK=63 EdcaOK=469 FailCTS=2 FailColl=1 FailExp=0 Defer=0
  STA9: DS-CTS=79 S2Entry=79 S2Tx=62 PedcaOK=61 EdcaOK=437 FailCTS=1 FailColl=0 FailExp=0 Defer=0
  STA10: DS-CTS=241 S2Entry=241 S2Tx=174 PedcaOK=165 EdcaOK=462 FailCTS=3 FailColl=6 FailExp=0 Defer=0
  STA11: DS-CTS=148 S2Entry=148 S2Tx=101 PedcaOK=92 EdcaOK=210 FailCTS=7 FailColl=2 FailExp=0 Defer=0
  STA12: DS-CTS=1 S2Entry=1 S2Tx=1 PedcaOK=0 EdcaOK=1 FailCTS=1 FailColl=0 FailExp=0 Defer=0
  STA13: DS-CTS=2 S2Entry=2 S2Tx=2 PedcaOK=1 EdcaOK=2 FailCTS=1 FailColl=0 FailExp=0 Defer=0
  STA14: DS-CTS=209 S2Entry=209 S2Tx=147 PedcaOK=130 EdcaOK=286 FailCTS=1 FailColl=16 FailExp=0 Defer=0

=== General Statistics ===
P-EDCA Ratio: 0.5
P-EDCA STAs: 15/30
P-EDCA Share (Avg Per-STA P-EDCA Tx/Total Tx): 24.5977 %
Avg P-EDCA Attempt Success Rate: 59.0236 %
Global P-EDCA Tx Success: 1110
Global EDCA Tx Success: 3547
Global P-EDCA Attempt (DS-CTS Sent): 1643

--- P-EDCA Detailed Trace ---
Stage 2 Entered: 1643
Stage 2 TX Started: 1191
P-EDCA Fail RTS No CTS: 28
P-EDCA Fail RTS Collision: 53
P-EDCA Fail Timing Expired: 0
P-EDCA Fail Deferral: 0
Total VO TX (P-EDCA+EDCA): 4657
Global P-EDCA Share: 23.8351 %
Global EDCA Share: 76.1649 %
Channel Idle Time (AP): 25.4492 % (1.78144e+06 us / 7e+06 us)
Total Successes:       14322
Total Failures:        496
Total Retransmissions: 4

--- Per-AC Success Statistics ---
AC_BE:
  Successes:         50
  Throughput:        0.0571429 Mbps
  Packet Loss:       33.3333 %
  Avg Retx/MPDU:     0
  Avg Queue Delay:   -1.56468e+06 us (Enqueue->TxStart)
  Avg Access Delay:  1.66373e+06 us (TxStart->Ack)
  Avg MAC Delay:     99049 us (Total: Enqueue->Ack)

AC_VO:
  Successes:         14272
  Throughput:        16.3109 Mbps
  Packet Loss:       3.19474 %
  Avg Retx/MPDU:     0.000280269
  Avg Queue Delay:   2230.77 us (Enqueue->TxStart)
  Avg Access Delay:  317.634 us (TxStart->Ack)
  Avg MAC Delay:     2548.41 us (Total: Enqueue->Ack)

--- Per-AC Failure Statistics ---
AC_BE Failures: 25
AC_VO Failures: 471

--- Failure Reasons by AC ---
  AC_BE EXPIRED_LIFETIME: 25
  AC_VO RETRY_LIMIT: 471


=== Extended P-EDCA vs Legacy Statistics ===

--- [Stat 1] Delay by STA Type ---
P-EDCA STAs (15 STAs):
  Successes:         5452
  Failures:          69
  Throughput:        6.23086 Mbps
  Packet Loss:       1.24977 %
  Avg Queue Delay:   2557.98 us
  Avg Access Delay:  341.609 us
  Avg MAC Delay:     2899.59 us
  Median MAC Delay:  1772 us
  P95 MAC Delay:     9421 us
  P99 MAC Delay:     16003 us
Legacy EDCA STAs (15 STAs):
  Successes:         8820
  Failures:          402
  Throughput:        10.08 Mbps
  Packet Loss:       4.35914 %
  Avg Queue Delay:   2028.51 us
  Avg Access Delay:  302.814 us
  Avg MAC Delay:     2331.33 us
  Median MAC Delay:  1405 us
  P95 MAC Delay:     8186 us
  P99 MAC Delay:     13374 us

--- [Stat 2] Per-STA P-EDCA Attempt Count (DS-CTS Sent) ---
  STA0: 145 P-EDCA attempts
  STA1: 2 P-EDCA attempts
  STA2: 208 P-EDCA attempts
  STA3: 167 P-EDCA attempts
  STA4: 2 P-EDCA attempts
  STA5: 1 P-EDCA attempts
  STA6: 156 P-EDCA attempts
  STA7: 199 P-EDCA attempts
  STA8: 83 P-EDCA attempts
  STA9: 79 P-EDCA attempts
  STA10: 241 P-EDCA attempts
  STA11: 148 P-EDCA attempts
  STA12: 1 P-EDCA attempts
  STA13: 2 P-EDCA attempts
  STA14: 209 P-EDCA attempts
  Total: 1643 P-EDCA attempts across 15 P-EDCA STAs
  Avg per P-EDCA STA: 109.533

--- [Stat 3] P-EDCA One-Shot Success Probability ---
  P-EDCA Success / DS-CTS Sent:      1110 / 1643 = 67.5593 %
  P-EDCA Success / Stage2 TX Started: 1110 / 1191 = 93.199 %  (given RTS was actually sent)

--- [Stat 4] EDCA One-Shot Success Ratio (0 retransmissions) ---
  Legacy STAs: 8816 / 8820 = 99.9546 %
  P-EDCA STAs: 5452 / 5452 = 100 %  (MAC-level, includes both P-EDCA and EDCA paths)

--- [Stat 5] P-EDCA Kickback-to-EDCA Probability ---
  Total P-EDCA Failures: 81 / 1643 DS-CTS = 4.93001 %
    RTS No CTS:       28 (1.7042 %)
    RTS Collision:    53 (3.22581 %)
    Timing Expired:   0 (0 %)
    Deferral:         0 (0 %)

--- [Stat 6] P-EDCA RTS Collision Probability ---
  RTS Collision / Stage2 TX Started: 53 / 1191 = 4.45004 %
  RTS Collision / DS-CTS Sent:       53 / 1643 = 3.22581 %

--- [Stat 7] P-EDCA Attempts per Successful P-EDCA TX ---
  DS-CTS Sent / P-EDCA Success: 1643 / 1110 = 1.48018 attempts/success
  Stage2 TX / P-EDCA Success:   1191 / 1110 = 1.07297 RTS/success

--- VO Delay PDF (MAC Delay) ---
bin_start_us,bin_end_us,bin_mid_us,pdf_per_us,probability,count
210,215,212.5,1.40135e-05,7.00673e-05,1
215,220,217.5,5.60538e-05,0.000280269,4
220,225,222.5,4.20404e-05,0.000210202,3
225,230,227.5,0.000112108,0.000560538,8
230,235,232.5,9.80942e-05,0.000490471,7
235,240,237.5,9.80942e-05,0.000490471,7
240,245,242.5,7.00673e-05,0.000350336,5
245,250,247.5,7.00673e-05,0.000350336,5
250,255,252.5,7.00673e-05,0.000350336,5
255,260,257.5,9.80942e-05,0.000490471,7
260,265,262.5,0.000140135,0.000700673,10
265,270,267.5,0.000112108,0.000560538,8
270,275,272.5,5.60538e-05,0.000280269,4
275,280,277.5,8.40807e-05,0.000420404,6
280,285,282.5,0.000140135,0.000700673,10
285,290,287.5,0.000112108,0.000560538,8
290,295,292.5,0.000126121,0.000630605,9
295,300,297.5,7.00673e-05,0.000350336,5
300,305,302.5,8.40807e-05,0.000420404,6
305,310,307.5,0.000126121,0.000630605,9
310,315,312.5,5.60538e-05,0.000280269,4
315,320,317.5,8.40807e-05,0.000420404,6
320,325,322.5,0.000112108,0.000560538,8
325,330,327.5,7.00673e-05,0.000350336,5
330,335,332.5,5.60538e-05,0.000280269,4
335,340,337.5,7.00673e-05,0.000350336,5
340,345,342.5,0.00234025,0.0117012,167
345,350,347.5,0.00347534,0.0173767,248
350,355,352.5,0.00127522,0.00637612,91
355,360,357.5,0.000672646,0.00336323,48
360,365,362.5,0.000686659,0.0034333,49
365,370,367.5,0.000700673,0.00350336,50
370,375,372.5,0.000588565,0.00294283,42
375,380,377.5,0.00044843,0.00224215,32
380,385,382.5,0.000294283,0.00147141,21
385,390,387.5,0.00036435,0.00182175,26
390,395,392.5,0.00036435,0.00182175,26
395,400,397.5,0.000294283,0.00147141,21
400,405,402.5,0.000322309,0.00161155,23
405,410,407.5,0.000308296,0.00154148,22
410,415,412.5,0.000350336,0.00175168,25
415,420,417.5,0.000518498,0.00259249,37
420,425,422.5,0.000462444,0.00231222,33
425,430,427.5,0.000224215,0.00112108,16
430,435,432.5,0.000462444,0.00231222,33
435,440,437.5,0.000280269,0.00140135,20
440,445,442.5,0.000308296,0.00154148,22
445,450,447.5,0.000308296,0.00154148,22
450,455,452.5,0.0152466,0.0762332,1088
455,460,457.5,0.000196188,0.000980942,14
460,465,462.5,0.000350336,0.00175168,25
465,470,467.5,0.000350336,0.00175168,25
470,475,472.5,0.000336323,0.00168161,24
475,480,477.5,0.000294283,0.00147141,21
480,485,482.5,0.000378363,0.00189182,27
485,490,487.5,0.00036435,0.00182175,26
490,495,492.5,0.000420404,0.00210202,30
495,500,497.5,0.00036435,0.00182175,26
500,505,502.5,0.000266256,0.00133128,19
505,510,507.5,0.000504484,0.00252242,36
510,515,512.5,0.000294283,0.00147141,21
515,520,517.5,0.000378363,0.00189182,27
520,525,522.5,0.000336323,0.00168161,24
525,530,527.5,0.000322309,0.00161155,23
530,535,532.5,0.000294283,0.00147141,21
535,540,537.5,0.000252242,0.00126121,18
540,545,542.5,0.000266256,0.00133128,19
545,550,547.5,0.00040639,0.00203195,29
550,555,552.5,0.000266256,0.00133128,19
555,560,557.5,0.000378363,0.00189182,27
560,565,562.5,0.000560538,0.00280269,40
565,570,567.5,0.000322309,0.00161155,23
570,575,572.5,0.000322309,0.00161155,23
575,580,577.5,0.00036435,0.00182175,26
580,585,582.5,0.000518498,0.00259249,37
585,590,587.5,0.000266256,0.00133128,19
590,595,592.5,0.00036435,0.00182175,26
595,600,597.5,0.000322309,0.00161155,23
600,605,602.5,0.000602578,0.00301289,43
605,610,607.5,0.00044843,0.00224215,32
610,615,612.5,0.00036435,0.00182175,26
615,620,617.5,0.00044843,0.00224215,32
620,625,622.5,0.000392377,0.00196188,28
625,630,627.5,0.000266256,0.00133128,19
630,635,632.5,0.00036435,0.00182175,26
635,640,637.5,0.000322309,0.00161155,23
640,645,642.5,0.000392377,0.00196188,28
645,650,647.5,0.000336323,0.00168161,24
650,655,652.5,0.00044843,0.00224215,32
655,660,657.5,0.000336323,0.00168161,24
660,665,662.5,0.000252242,0.00126121,18
665,670,667.5,0.000294283,0.00147141,21
670,675,672.5,0.00503083,0.0251541,359
675,680,677.5,0.000322309,0.00161155,23
680,685,682.5,0.000322309,0.00161155,23
685,690,687.5,0.000252242,0.00126121,18
690,695,692.5,0.000238229,0.00119114,17
695,700,697.5,0.000378363,0.00189182,27
700,705,702.5,0.00044843,0.00224215,32
705,710,707.5,0.000280269,0.00140135,20
710,715,712.5,0.000238229,0.00119114,17
715,720,717.5,0.000294283,0.00147141,21
720,725,722.5,0.000308296,0.00154148,22
725,730,727.5,0.000434417,0.00217209,31
730,735,732.5,0.000392377,0.00196188,28
735,740,737.5,0.000434417,0.00217209,31
740,745,742.5,0.000308296,0.00154148,22
745,750,747.5,0.000378363,0.00189182,27
750,755,752.5,0.000378363,0.00189182,27
755,760,757.5,0.000420404,0.00210202,30
760,765,762.5,0.00040639,0.00203195,29
765,770,767.5,0.000294283,0.00147141,21
770,775,772.5,0.000504484,0.00252242,36
775,780,777.5,0.000336323,0.00168161,24
780,785,782.5,0.000938901,0.00469451,67
785,790,787.5,0.000322309,0.00161155,23
790,795,792.5,0.000224215,0.00112108,16
795,800,797.5,0.000252242,0.00126121,18
800,805,802.5,0.000154148,0.00077074,11
805,810,807.5,0.000112108,0.000560538,8
810,815,812.5,0.000154148,0.00077074,11
815,820,817.5,0.000224215,0.00112108,16
820,825,822.5,0.000238229,0.00119114,17
825,830,827.5,0.000224215,0.00112108,16
830,835,832.5,0.000140135,0.000700673,10
835,840,837.5,0.000280269,0.00140135,20
840,845,842.5,0.000336323,0.00168161,24
845,850,847.5,0.000238229,0.00119114,17
850,855,852.5,0.000266256,0.00133128,19
855,860,857.5,0.000224215,0.00112108,16
860,865,862.5,0.000434417,0.00217209,31
865,870,867.5,0.000336323,0.00168161,24
870,875,872.5,0.000322309,0.00161155,23
875,880,877.5,0.000224215,0.00112108,16
880,885,882.5,0.000294283,0.00147141,21
885,890,887.5,0.000224215,0.00112108,16
890,895,892.5,0.000756726,0.00378363,54
895,900,897.5,0.000392377,0.00196188,28
900,905,902.5,0.000182175,0.000910874,13
905,910,907.5,0.000224215,0.00112108,16
910,915,912.5,0.000168161,0.000840807,12
915,920,917.5,0.000238229,0.00119114,17
920,925,922.5,0.000280269,0.00140135,20
925,930,927.5,0.000224215,0.00112108,16
930,935,932.5,0.000280269,0.00140135,20
935,940,937.5,0.000224215,0.00112108,16
940,945,942.5,0.000294283,0.00147141,21
945,950,947.5,0.000294283,0.00147141,21
950,955,952.5,0.000322309,0.00161155,23
955,960,957.5,0.000238229,0.00119114,17
960,965,962.5,0.000252242,0.00126121,18
965,970,967.5,0.000140135,0.000700673,10
970,975,972.5,0.000196188,0.000980942,14
975,980,977.5,0.000252242,0.00126121,18
980,985,982.5,0.000574552,0.00287276,41
985,990,987.5,0.000224215,0.00112108,16
990,995,992.5,0.000308296,0.00154148,22
995,1000,997.5,0.000504484,0.00252242,36
1000,1005,1002.5,0.000378363,0.00189182,27
1005,1010,1007.5,0.000308296,0.00154148,22
1010,1015,1012.5,0.00036435,0.00182175,26
1015,1020,1017.5,0.000252242,0.00126121,18
1020,1025,1022.5,0.000322309,0.00161155,23
1025,1030,1027.5,0.000182175,0.000910874,13
1030,1035,1032.5,0.000322309,0.00161155,23
1035,1040,1037.5,0.000350336,0.00175168,25
1040,1045,1042.5,0.000266256,0.00133128,19
1045,1050,1047.5,0.000196188,0.000980942,14
1050,1055,1052.5,0.000182175,0.000910874,13
1055,1060,1057.5,0.000308296,0.00154148,22
1060,1065,1062.5,0.000126121,0.000630605,9
1065,1070,1067.5,0.00036435,0.00182175,26
1070,1075,1072.5,0.000224215,0.00112108,16
1075,1080,1077.5,0.000308296,0.00154148,22
1080,1085,1082.5,0.000266256,0.00133128,19
1085,1090,1087.5,0.00036435,0.00182175,26
1090,1095,1092.5,0.000322309,0.00161155,23
1095,1100,1097.5,0.000280269,0.00140135,20
1100,1105,1102.5,0.000308296,0.00154148,22
1105,1110,1107.5,0.000322309,0.00161155,23
1110,1115,1112.5,0.000266256,0.00133128,19
1115,1120,1117.5,0.000308296,0.00154148,22
1120,1125,1122.5,0.000238229,0.00119114,17
1125,1130,1127.5,0.000224215,0.00112108,16
1130,1135,1132.5,0.000280269,0.00140135,20
1135,1140,1137.5,0.000280269,0.00140135,20
1140,1145,1142.5,0.000252242,0.00126121,18
1145,1150,1147.5,0.000294283,0.00147141,21
1150,1155,1152.5,0.000252242,0.00126121,18
1155,1160,1157.5,0.000378363,0.00189182,27
1160,1165,1162.5,0.000434417,0.00217209,31
1165,1170,1167.5,0.000182175,0.000910874,13
1170,1175,1172.5,0.000294283,0.00147141,21
1175,1180,1177.5,0.000322309,0.00161155,23
1180,1185,1182.5,0.000210202,0.00105101,15
1185,1190,1187.5,0.00040639,0.00203195,29
1190,1195,1192.5,0.000336323,0.00168161,24
1195,1200,1197.5,0.000210202,0.00105101,15
1200,1205,1202.5,0.000434417,0.00217209,31
1205,1210,1207.5,0.000322309,0.00161155,23
1210,1215,1212.5,0.000308296,0.00154148,22
1215,1220,1217.5,0.000392377,0.00196188,28
1220,1225,1222.5,0.000266256,0.00133128,19
1225,1230,1227.5,0.000168161,0.000840807,12
1230,1235,1232.5,0.000252242,0.00126121,18
1235,1240,1237.5,0.000238229,0.00119114,17
1240,1245,1242.5,0.000182175,0.000910874,13
1245,1250,1247.5,0.000168161,0.000840807,12
1250,1255,1252.5,0.000196188,0.000980942,14
1255,1260,1257.5,0.000126121,0.000630605,9
1260,1265,1262.5,0.000224215,0.00112108,16
1265,1270,1267.5,0.000238229,0.00119114,17
1270,1275,1272.5,0.000210202,0.00105101,15
1275,1280,1277.5,0.000112108,0.000560538,8
1280,1285,1282.5,0.000294283,0.00147141,21
1285,1290,1287.5,0.000252242,0.00126121,18
1290,1295,1292.5,0.000252242,0.00126121,18
1295,1300,1297.5,0.000266256,0.00133128,19
1300,1305,1302.5,0.000280269,0.00140135,20
1305,1310,1307.5,0.000308296,0.00154148,22
1310,1315,1312.5,0.000154148,0.00077074,11
1315,1320,1317.5,0.000196188,0.000980942,14
1320,1325,1322.5,0.000182175,0.000910874,13
1325,1330,1327.5,0.000336323,0.00168161,24
1330,1335,1332.5,0.00036435,0.00182175,26
1335,1340,1337.5,0.000224215,0.00112108,16
1340,1345,1342.5,0.000294283,0.00147141,21
1345,1350,1347.5,0.000280269,0.00140135,20
1350,1355,1352.5,9.80942e-05,0.000490471,7
1355,1360,1357.5,0.000266256,0.00133128,19
1360,1365,1362.5,0.000336323,0.00168161,24
1365,1370,1367.5,0.000294283,0.00147141,21
1370,1375,1372.5,0.000210202,0.00105101,15
1375,1380,1377.5,0.000224215,0.00112108,16
1380,1385,1382.5,0.000126121,0.000630605,9
1385,1390,1387.5,0.000196188,0.000980942,14
1390,1395,1392.5,0.000182175,0.000910874,13
1395,1400,1397.5,0.000210202,0.00105101,15
1400,1405,1402.5,0.000322309,0.00161155,23
1405,1410,1407.5,0.000196188,0.000980942,14
1410,1415,1412.5,0.000196188,0.000980942,14
1415,1420,1417.5,0.000266256,0.00133128,19
1420,1425,1422.5,0.000168161,0.000840807,12
1425,1430,1427.5,0.000252242,0.00126121,18
1430,1435,1432.5,0.000266256,0.00133128,19
1435,1440,1437.5,0.000196188,0.000980942,14
1440,1445,1442.5,0.000140135,0.000700673,10
1445,1450,1447.5,0.00036435,0.00182175,26
1450,1455,1452.5,0.000154148,0.00077074,11
1455,1460,1457.5,0.000196188,0.000980942,14
1460,1465,1462.5,0.000140135,0.000700673,10
1465,1470,1467.5,0.000154148,0.00077074,11
1470,1475,1472.5,0.000182175,0.000910874,13
1475,1480,1477.5,0.000196188,0.000980942,14
1480,1485,1482.5,0.000154148,0.00077074,11
1485,1490,1487.5,0.000196188,0.000980942,14
1490,1495,1492.5,0.000140135,0.000700673,10
1495,1500,1497.5,0.000238229,0.00119114,17
1500,1505,1502.5,0.000294283,0.00147141,21
1505,1510,1507.5,0.000182175,0.000910874,13
1510,1515,1512.5,0.000308296,0.00154148,22
1515,1520,1517.5,0.000224215,0.00112108,16
1520,1525,1522.5,0.000238229,0.00119114,17
1525,1530,1527.5,0.000252242,0.00126121,18
1530,1535,1532.5,0.000210202,0.00105101,15
1535,1540,1537.5,0.000238229,0.00119114,17
1540,1545,1542.5,0.000322309,0.00161155,23
1545,1550,1547.5,0.000182175,0.000910874,13
1550,1555,1552.5,0.000266256,0.00133128,19
1555,1560,1557.5,0.000224215,0.00112108,16
1560,1565,1562.5,0.000224215,0.00112108,16
1565,1570,1567.5,0.000140135,0.000700673,10
1570,1575,1572.5,0.000182175,0.000910874,13
1575,1580,1577.5,9.80942e-05,0.000490471,7
1580,1585,1582.5,0.000238229,0.00119114,17
1585,1590,1587.5,0.000154148,0.00077074,11
1590,1595,1592.5,0.000168161,0.000840807,12
1595,1600,1597.5,0.000224215,0.00112108,16
1600,1605,1602.5,0.000196188,0.000980942,14
1605,1610,1607.5,0.000196188,0.000980942,14
1610,1615,1612.5,0.000224215,0.00112108,16
1615,1620,1617.5,0.000294283,0.00147141,21
1620,1625,1622.5,0.000308296,0.00154148,22
1625,1630,1627.5,0.000238229,0.00119114,17
1630,1635,1632.5,0.000168161,0.000840807,12
1635,1640,1637.5,0.000252242,0.00126121,18
1640,1645,1642.5,0.000224215,0.00112108,16
1645,1650,1647.5,0.000336323,0.00168161,24
1650,1655,1652.5,0.000182175,0.000910874,13
1655,1660,1657.5,0.000252242,0.00126121,18
1660,1665,1662.5,0.000252242,0.00126121,18
1665,1670,1667.5,0.000266256,0.00133128,19
1670,1675,1672.5,0.000238229,0.00119114,17
1675,1680,1677.5,0.000182175,0.000910874,13
1680,1685,1682.5,0.000196188,0.000980942,14
1685,1690,1687.5,9.80942e-05,0.000490471,7
1690,1695,1692.5,0.000196188,0.000980942,14
1695,1700,1697.5,0.000112108,0.000560538,8
1700,1705,1702.5,0.000196188,0.000980942,14
1705,1710,1707.5,0.000238229,0.00119114,17
1710,1715,1712.5,0.000196188,0.000980942,14
1715,1720,1717.5,0.000112108,0.000560538,8
1720,1725,1722.5,0.000154148,0.00077074,11
1725,1730,1727.5,0.000168161,0.000840807,12
1730,1735,1732.5,0.000168161,0.000840807,12
1735,1740,1737.5,0.000210202,0.00105101,15
1740,1745,1742.5,0.000168161,0.000840807,12
1745,1750,1747.5,0.000224215,0.00112108,16
1750,1755,1752.5,0.000224215,0.00112108,16
1755,1760,1757.5,0.000182175,0.000910874,13
1760,1765,1762.5,0.000196188,0.000980942,14
1765,1770,1767.5,0.000154148,0.00077074,11
1770,1775,1772.5,0.000294283,0.00147141,21
1775,1780,1777.5,0.000224215,0.00112108,16
1780,1785,1782.5,0.000182175,0.000910874,13
1785,1790,1787.5,0.000168161,0.000840807,12
1790,1795,1792.5,0.000112108,0.000560538,8
1795,1800,1797.5,9.80942e-05,0.000490471,7
1800,1805,1802.5,0.000126121,0.000630605,9
1805,1810,1807.5,0.000182175,0.000910874,13
1810,1815,1812.5,0.000140135,0.000700673,10
1815,1820,1817.5,0.000182175,0.000910874,13
1820,1825,1822.5,0.000112108,0.000560538,8
1825,1830,1827.5,0.000112108,0.000560538,8
1830,1835,1832.5,0.000210202,0.00105101,15
1835,1840,1837.5,0.000140135,0.000700673,10
1840,1845,1842.5,0.000238229,0.00119114,17
1845,1850,1847.5,0.000140135,0.000700673,10
1850,1855,1852.5,0.000182175,0.000910874,13
1855,1860,1857.5,0.000210202,0.00105101,15
1860,1865,1862.5,0.000224215,0.00112108,16
1865,1870,1867.5,0.000168161,0.000840807,12
1870,1875,1872.5,0.000196188,0.000980942,14
1875,1880,1877.5,0.000154148,0.00077074,11
1880,1885,1882.5,0.000112108,0.000560538,8
1885,1890,1887.5,0.000224215,0.00112108,16
1890,1895,1892.5,0.000196188,0.000980942,14
1895,1900,1897.5,0.000378363,0.00189182,27
1900,1905,1902.5,8.40807e-05,0.000420404,6
1905,1910,1907.5,0.000210202,0.00105101,15
1910,1915,1912.5,0.000238229,0.00119114,17
1915,1920,1917.5,0.000168161,0.000840807,12
1920,1925,1922.5,0.000266256,0.00133128,19
1925,1930,1927.5,0.000168161,0.000840807,12
1930,1935,1932.5,9.80942e-05,0.000490471,7
1935,1940,1937.5,0.000140135,0.000700673,10
1940,1945,1942.5,0.000168161,0.000840807,12
1945,1950,1947.5,0.000126121,0.000630605,9
1950,1955,1952.5,0.000266256,0.00133128,19
1955,1960,1957.5,0.000126121,0.000630605,9
1960,1965,1962.5,7.00673e-05,0.000350336,5
1965,1970,1967.5,0.000140135,0.000700673,10
1970,1975,1972.5,0.000210202,0.00105101,15
1975,1980,1977.5,0.000210202,0.00105101,15
1980,1985,1982.5,0.000140135,0.000700673,10
1985,1990,1987.5,0.000168161,0.000840807,12
1990,1995,1992.5,0.000126121,0.000630605,9
1995,2000,1997.5,0.000112108,0.000560538,8
2000,2005,2002.5,0.000112108,0.000560538,8
2005,2010,2007.5,0.000196188,0.000980942,14
2010,2015,2012.5,9.80942e-05,0.000490471,7
2015,2020,2017.5,0.000168161,0.000840807,12
2020,2025,2022.5,0.000140135,0.000700673,10
2025,2030,2027.5,0.000182175,0.000910874,13
2030,2035,2032.5,8.40807e-05,0.000420404,6
2035,2040,2037.5,0.000154148,0.00077074,11
2040,2045,2042.5,0.000182175,0.000910874,13
2045,2050,2047.5,0.000168161,0.000840807,12
2050,2055,2052.5,0.000224215,0.00112108,16
2055,2060,2057.5,0.000224215,0.00112108,16
2060,2065,2062.5,7.00673e-05,0.000350336,5
2065,2070,2067.5,0.000182175,0.000910874,13
2070,2075,2072.5,0.000168161,0.000840807,12
2075,2080,2077.5,9.80942e-05,0.000490471,7
2080,2085,2082.5,0.000154148,0.00077074,11
2085,2090,2087.5,0.000266256,0.00133128,19
2090,2095,2092.5,0.000210202,0.00105101,15
2095,2100,2097.5,0.000154148,0.00077074,11
2100,2105,2102.5,0.000210202,0.00105101,15
2105,2110,2107.5,0.000182175,0.000910874,13
2110,2115,2112.5,0.000140135,0.000700673,10
2115,2120,2117.5,0.000140135,0.000700673,10
2120,2125,2122.5,0.000196188,0.000980942,14
2125,2130,2127.5,0.000252242,0.00126121,18
2130,2135,2132.5,5.60538e-05,0.000280269,4
2135,2140,2137.5,0.000168161,0.000840807,12
2140,2145,2142.5,0.000154148,0.00077074,11
2145,2150,2147.5,9.80942e-05,0.000490471,7
2150,2155,2152.5,0.000210202,0.00105101,15
2155,2160,2157.5,0.000168161,0.000840807,12
2160,2165,2162.5,9.80942e-05,0.000490471,7
2165,2170,2167.5,0.000196188,0.000980942,14
2170,2175,2172.5,0.000140135,0.000700673,10
2175,2180,2177.5,0.000182175,0.000910874,13
2180,2185,2182.5,0.000196188,0.000980942,14
2185,2190,2187.5,0.000252242,0.00126121,18
2190,2195,2192.5,7.00673e-05,0.000350336,5
2195,2200,2197.5,0.000168161,0.000840807,12
2200,2205,2202.5,0.000140135,0.000700673,10
2205,2210,2207.5,9.80942e-05,0.000490471,7
2210,2215,2212.5,0.000168161,0.000840807,12
2215,2220,2217.5,0.000196188,0.000980942,14
2220,2225,2222.5,0.000140135,0.000700673,10
2225,2230,2227.5,0.000140135,0.000700673,10
2230,2235,2232.5,0.000182175,0.000910874,13
2235,2240,2237.5,7.00673e-05,0.000350336,5
2240,2245,2242.5,7.00673e-05,0.000350336,5
2245,2250,2247.5,0.000224215,0.00112108,16
2250,2255,2252.5,0.000112108,0.000560538,8
2255,2260,2257.5,0.000140135,0.000700673,10
2260,2265,2262.5,0.000140135,0.000700673,10
2265,2270,2267.5,9.80942e-05,0.000490471,7
2270,2275,2272.5,0.000168161,0.000840807,12
2275,2280,2277.5,9.80942e-05,0.000490471,7
2280,2285,2282.5,0.000126121,0.000630605,9
2285,2290,2287.5,0.000154148,0.00077074,11
2290,2295,2292.5,0.000112108,0.000560538,8
2295,2300,2297.5,0.000196188,0.000980942,14
2300,2305,2302.5,0.000210202,0.00105101,15
2305,2310,2307.5,5.60538e-05,0.000280269,4
2310,2315,2312.5,0.000224215,0.00112108,16
2315,2320,2317.5,7.00673e-05,0.000350336,5
2320,2325,2322.5,0.000182175,0.000910874,13
2325,2330,2327.5,0.000126121,0.000630605,9
2330,2335,2332.5,0.000126121,0.000630605,9
2335,2340,2337.5,0.000112108,0.000560538,8
2340,2345,2342.5,2.80269e-05,0.000140135,2
2345,2350,2347.5,0.000168161,0.000840807,12
2350,2355,2352.5,0.000140135,0.000700673,10
2355,2360,2357.5,7.00673e-05,0.000350336,5
2360,2365,2362.5,0.000126121,0.000630605,9
2365,2370,2367.5,8.40807e-05,0.000420404,6
2370,2375,2372.5,0.000126121,0.000630605,9
2375,2380,2377.5,0.000154148,0.00077074,11
2380,2385,2382.5,9.80942e-05,0.000490471,7
2385,2390,2387.5,0.000140135,0.000700673,10
2390,2395,2392.5,9.80942e-05,0.000490471,7
2395,2400,2397.5,0.000112108,0.000560538,8
2400,2405,2402.5,0.000182175,0.000910874,13
2405,2410,2407.5,9.80942e-05,0.000490471,7
2410,2415,2412.5,0.000112108,0.000560538,8
2415,2420,2417.5,0.000126121,0.000630605,9
2420,2425,2422.5,0.000154148,0.00077074,11
2425,2430,2427.5,0.000126121,0.000630605,9
2430,2435,2432.5,0.000154148,0.00077074,11
2435,2440,2437.5,8.40807e-05,0.000420404,6
2440,2445,2442.5,0.000140135,0.000700673,10
2445,2450,2447.5,4.20404e-05,0.000210202,3
2450,2455,2452.5,0.000154148,0.00077074,11
2455,2460,2457.5,0.000126121,0.000630605,9
2460,2465,2462.5,0.000126121,0.000630605,9
2465,2470,2467.5,0.000112108,0.000560538,8
2470,2475,2472.5,0.000196188,0.000980942,14
2475,2480,2477.5,0.000196188,0.000980942,14
2480,2485,2482.5,7.00673e-05,0.000350336,5
2485,2490,2487.5,0.000154148,0.00077074,11
2490,2495,2492.5,0.000140135,0.000700673,10
2495,2500,2497.5,5.60538e-05,0.000280269,4
2500,2505,2502.5,0.000112108,0.000560538,8
2505,2510,2507.5,0.000196188,0.000980942,14
2510,2515,2512.5,8.40807e-05,0.000420404,6
2515,2520,2517.5,0.000154148,0.00077074,11
2520,2525,2522.5,0.000126121,0.000630605,9
2525,2530,2527.5,9.80942e-05,0.000490471,7
2530,2535,2532.5,0.000182175,0.000910874,13
2535,2540,2537.5,8.40807e-05,0.000420404,6
2540,2545,2542.5,0.000126121,0.000630605,9
2545,2550,2547.5,0.000140135,0.000700673,10
2550,2555,2552.5,0.000112108,0.000560538,8
2555,2560,2557.5,9.80942e-05,0.000490471,7
2560,2565,2562.5,0.000168161,0.000840807,12
2565,2570,2567.5,0.000168161,0.000840807,12
2570,2575,2572.5,9.80942e-05,0.000490471,7
2575,2580,2577.5,7.00673e-05,0.000350336,5
2580,2585,2582.5,0.000140135,0.000700673,10
2585,2590,2587.5,0.000140135,0.000700673,10
2590,2595,2592.5,0.000154148,0.00077074,11
2595,2600,2597.5,8.40807e-05,0.000420404,6
2600,2605,2602.5,9.80942e-05,0.000490471,7
2605,2610,2607.5,8.40807e-05,0.000420404,6
2610,2615,2612.5,0.000112108,0.000560538,8
2615,2620,2617.5,0.000112108,0.000560538,8
2620,2625,2622.5,0.000168161,0.000840807,12
2625,2630,2627.5,0.000140135,0.000700673,10
2630,2635,2632.5,0.000112108,0.000560538,8
2635,2640,2637.5,9.80942e-05,0.000490471,7
2640,2645,2642.5,9.80942e-05,0.000490471,7
2645,2650,2647.5,0.000112108,0.000560538,8
2650,2655,2652.5,0.000196188,0.000980942,14
2655,2660,2657.5,9.80942e-05,0.000490471,7
2660,2665,2662.5,7.00673e-05,0.000350336,5
2665,2670,2667.5,8.40807e-05,0.000420404,6
2670,2675,2672.5,0.000168161,0.000840807,12
2675,2680,2677.5,7.00673e-05,0.000350336,5
2680,2685,2682.5,9.80942e-05,0.000490471,7
2685,2690,2687.5,0.000140135,0.000700673,10
2690,2695,2692.5,0.000168161,0.000840807,12
2695,2700,2697.5,0.000182175,0.000910874,13
2700,2705,2702.5,0.000196188,0.000980942,14
2705,2710,2707.5,7.00673e-05,0.000350336,5
2710,2715,2712.5,0.000154148,0.00077074,11
2715,2720,2717.5,0.000112108,0.000560538,8
2720,2725,2722.5,8.40807e-05,0.000420404,6
2725,2730,2727.5,5.60538e-05,0.000280269,4
2730,2735,2732.5,7.00673e-05,0.000350336,5
2735,2740,2737.5,0.000224215,0.00112108,16
2740,2745,2742.5,0.000126121,0.000630605,9
2745,2750,2747.5,0.000140135,0.000700673,10
2750,2755,2752.5,0.000168161,0.000840807,12
2755,2760,2757.5,0.000154148,0.00077074,11
2760,2765,2762.5,0.000168161,0.000840807,12
2765,2770,2767.5,0.000126121,0.000630605,9
2770,2775,2772.5,0.000210202,0.00105101,15
2775,2780,2777.5,9.80942e-05,0.000490471,7
2780,2785,2782.5,0.000210202,0.00105101,15
2785,2790,2787.5,0.000126121,0.000630605,9
2790,2795,2792.5,8.40807e-05,0.000420404,6
2795,2800,2797.5,2.80269e-05,0.000140135,2
2800,2805,2802.5,0.000140135,0.000700673,10
2810,2815,2812.5,0.000182175,0.000910874,13
2815,2820,2817.5,8.40807e-05,0.000420404,6
2820,2825,2822.5,8.40807e-05,0.000420404,6
2825,2830,2827.5,0.000126121,0.000630605,9
2830,2835,2832.5,0.000112108,0.000560538,8
2835,2840,2837.5,8.40807e-05,0.000420404,6
2840,2845,2842.5,0.000140135,0.000700673,10
2845,2850,2847.5,0.000126121,0.000630605,9
2850,2855,2852.5,0.000168161,0.000840807,12
2855,2860,2857.5,8.40807e-05,0.000420404,6
2860,2865,2862.5,0.000112108,0.000560538,8
2865,2870,2867.5,0.000140135,0.000700673,10
2870,2875,2872.5,0.000112108,0.000560538,8
2875,2880,2877.5,0.000224215,0.00112108,16
2880,2885,2882.5,0.000112108,0.000560538,8
2885,2890,2887.5,7.00673e-05,0.000350336,5
2890,2895,2892.5,7.00673e-05,0.000350336,5
2895,2900,2897.5,0.000140135,0.000700673,10
2900,2905,2902.5,0.000140135,0.000700673,10
2905,2910,2907.5,0.000126121,0.000630605,9
2910,2915,2912.5,7.00673e-05,0.000350336,5
2915,2920,2917.5,0.000126121,0.000630605,9
2920,2925,2922.5,0.000140135,0.000700673,10
2925,2930,2927.5,8.40807e-05,0.000420404,6
2930,2935,2932.5,8.40807e-05,0.000420404,6
2935,2940,2937.5,0.000168161,0.000840807,12
2940,2945,2942.5,0.000140135,0.000700673,10
2945,2950,2947.5,8.40807e-05,0.000420404,6
2950,2955,2952.5,9.80942e-05,0.000490471,7
2955,2960,2957.5,9.80942e-05,0.000490471,7
2960,2965,2962.5,9.80942e-05,0.000490471,7
2965,2970,2967.5,8.40807e-05,0.000420404,6
2970,2975,2972.5,0.000280269,0.00140135,20
2975,2980,2977.5,0.000182175,0.000910874,13
2980,2985,2982.5,0.000168161,0.000840807,12
2985,2990,2987.5,0.000112108,0.000560538,8
2990,2995,2992.5,0.000112108,0.000560538,8
2995,3000,2997.5,0.000112108,0.000560538,8
3000,3005,3002.5,8.40807e-05,0.000420404,6
3005,3010,3007.5,0.000112108,0.000560538,8
3010,3015,3012.5,0.000140135,0.000700673,10
3015,3020,3017.5,0.000112108,0.000560538,8
3020,3025,3022.5,8.40807e-05,0.000420404,6
3025,3030,3027.5,8.40807e-05,0.000420404,6
3030,3035,3032.5,7.00673e-05,0.000350336,5
3035,3040,3037.5,7.00673e-05,0.000350336,5
3040,3045,3042.5,7.00673e-05,0.000350336,5
3045,3050,3047.5,9.80942e-05,0.000490471,7
3050,3055,3052.5,7.00673e-05,0.000350336,5
3055,3060,3057.5,0.000126121,0.000630605,9
3060,3065,3062.5,9.80942e-05,0.000490471,7
3065,3070,3067.5,0.000182175,0.000910874,13
3070,3075,3072.5,8.40807e-05,0.000420404,6
3075,3080,3077.5,0.000112108,0.000560538,8
3080,3085,3082.5,0.000182175,0.000910874,13
3085,3090,3087.5,0.000168161,0.000840807,12
3090,3095,3092.5,0.000112108,0.000560538,8
3095,3100,3097.5,0.000126121,0.000630605,9
3100,3105,3102.5,8.40807e-05,0.000420404,6
3105,3110,3107.5,7.00673e-05,0.000350336,5
3110,3115,3112.5,0.000140135,0.000700673,10
3115,3120,3117.5,0.000154148,0.00077074,11
3120,3125,3122.5,9.80942e-05,0.000490471,7
3125,3130,3127.5,0.000112108,0.000560538,8
3130,3135,3132.5,7.00673e-05,0.000350336,5
3135,3140,3137.5,0.000126121,0.000630605,9
3140,3145,3142.5,0.000140135,0.000700673,10
3145,3150,3147.5,0.000154148,0.00077074,11
3150,3155,3152.5,7.00673e-05,0.000350336,5
3155,3160,3157.5,9.80942e-05,0.000490471,7
3160,3165,3162.5,8.40807e-05,0.000420404,6
3165,3170,3167.5,0.000140135,0.000700673,10
3170,3175,3172.5,1.40135e-05,7.00673e-05,1
3175,3180,3177.5,0.000154148,0.00077074,11
3180,3185,3182.5,0.000168161,0.000840807,12
3185,3190,3187.5,0.000112108,0.000560538,8
3190,3195,3192.5,9.80942e-05,0.000490471,7
3195,3200,3197.5,9.80942e-05,0.000490471,7
3200,3205,3202.5,0.000238229,0.00119114,17
3205,3210,3207.5,0.000126121,0.000630605,9
3210,3215,3212.5,0.000154148,0.00077074,11
3215,3220,3217.5,0.000140135,0.000700673,10
3220,3225,3222.5,0.000112108,0.000560538,8
3225,3230,3227.5,0.000126121,0.000630605,9
3230,3235,3232.5,9.80942e-05,0.000490471,7
3235,3240,3237.5,0.000112108,0.000560538,8
3240,3245,3242.5,7.00673e-05,0.000350336,5
3245,3250,3247.5,5.60538e-05,0.000280269,4
3250,3255,3252.5,0.000140135,0.000700673,10
3255,3260,3257.5,5.60538e-05,0.000280269,4
3260,3265,3262.5,7.00673e-05,0.000350336,5
3265,3270,3267.5,7.00673e-05,0.000350336,5
3270,3275,3272.5,0.000112108,0.000560538,8
3275,3280,3277.5,0.000126121,0.000630605,9
3280,3285,3282.5,0.000112108,0.000560538,8
3285,3290,3287.5,0.000126121,0.000630605,9
3290,3295,3292.5,0.000126121,0.000630605,9
3295,3300,3297.5,0.000112108,0.000560538,8
3300,3305,3302.5,4.20404e-05,0.000210202,3
3305,3310,3307.5,0.000126121,0.000630605,9
3310,3315,3312.5,0.000154148,0.00077074,11
3315,3320,3317.5,5.60538e-05,0.000280269,4
3320,3325,3322.5,0.000126121,0.000630605,9
3325,3330,3327.5,0.000140135,0.000700673,10
3330,3335,3332.5,9.80942e-05,0.000490471,7
3335,3340,3337.5,5.60538e-05,0.000280269,4
3340,3345,3342.5,0.000140135,0.000700673,10
3345,3350,3347.5,0.000126121,0.000630605,9
3350,3355,3352.5,2.80269e-05,0.000140135,2
3355,3360,3357.5,0.000126121,0.000630605,9
3360,3365,3362.5,8.40807e-05,0.000420404,6
3365,3370,3367.5,5.60538e-05,0.000280269,4
3370,3375,3372.5,8.40807e-05,0.000420404,6
3375,3380,3377.5,0.000126121,0.000630605,9
3380,3385,3382.5,4.20404e-05,0.000210202,3
3385,3390,3387.5,0.000126121,0.000630605,9
3390,3395,3392.5,2.80269e-05,0.000140135,2
3395,3400,3397.5,9.80942e-05,0.000490471,7
3400,3405,3402.5,8.40807e-05,0.000420404,6
3405,3410,3407.5,0.000140135,0.000700673,10
3410,3415,3412.5,0.000168161,0.000840807,12
3415,3420,3417.5,9.80942e-05,0.000490471,7
3420,3425,3422.5,5.60538e-05,0.000280269,4
3425,3430,3427.5,8.40807e-05,0.000420404,6
3430,3435,3432.5,0.000126121,0.000630605,9
3435,3440,3437.5,0.000126121,0.000630605,9
3440,3445,3442.5,9.80942e-05,0.000490471,7
3445,3450,3447.5,0.000168161,0.000840807,12
3450,3455,3452.5,8.40807e-05,0.000420404,6
3455,3460,3457.5,0.000126121,0.000630605,9
3460,3465,3462.5,5.60538e-05,0.000280269,4
3465,3470,3467.5,0.000112108,0.000560538,8
3470,3475,3472.5,0.000168161,0.000840807,12
3475,3480,3477.5,0.000196188,0.000980942,14
3480,3485,3482.5,0.000112108,0.000560538,8
3485,3490,3487.5,9.80942e-05,0.000490471,7
3490,3495,3492.5,8.40807e-05,0.000420404,6
3495,3500,3497.5,0.000126121,0.000630605,9
3500,3505,3502.5,0.000112108,0.000560538,8
3505,3510,3507.5,8.40807e-05,0.000420404,6
3510,3515,3512.5,0.000112108,0.000560538,8
3515,3520,3517.5,0.000126121,0.000630605,9
3520,3525,3522.5,0.000112108,0.000560538,8
3525,3530,3527.5,4.20404e-05,0.000210202,3
3530,3535,3532.5,9.80942e-05,0.000490471,7
3535,3540,3537.5,0.000196188,0.000980942,14
3540,3545,3542.5,0.000112108,0.000560538,8
3545,3550,3547.5,5.60538e-05,0.000280269,4
3550,3555,3552.5,7.00673e-05,0.000350336,5
3555,3560,3557.5,0.000126121,0.000630605,9
3560,3565,3562.5,9.80942e-05,0.000490471,7
3565,3570,3567.5,4.20404e-05,0.000210202,3
3570,3575,3572.5,7.00673e-05,0.000350336,5
3575,3580,3577.5,8.40807e-05,0.000420404,6
3580,3585,3582.5,9.80942e-05,0.000490471,7
3585,3590,3587.5,7.00673e-05,0.000350336,5
3590,3595,3592.5,9.80942e-05,0.000490471,7
3595,3600,3597.5,0.000140135,0.000700673,10
3600,3605,3602.5,0.000154148,0.00077074,11
3605,3610,3607.5,0.000140135,0.000700673,10
3610,3615,3612.5,0.000182175,0.000910874,13
3615,3620,3617.5,0.000126121,0.000630605,9
3620,3625,3622.5,0.000168161,0.000840807,12
3625,3630,3627.5,0.000126121,0.000630605,9
3630,3635,3632.5,9.80942e-05,0.000490471,7
3635,3640,3637.5,0.000112108,0.000560538,8
3640,3645,3642.5,0.000154148,0.00077074,11
3645,3650,3647.5,0.000154148,0.00077074,11
3650,3655,3652.5,0.000126121,0.000630605,9
3655,3660,3657.5,9.80942e-05,0.000490471,7
3660,3665,3662.5,0.000154148,0.00077074,11
3665,3670,3667.5,0.000112108,0.000560538,8
3670,3675,3672.5,7.00673e-05,0.000350336,5
3675,3680,3677.5,0.000154148,0.00077074,11
3680,3685,3682.5,0.000112108,0.000560538,8
3685,3690,3687.5,8.40807e-05,0.000420404,6
3690,3695,3692.5,4.20404e-05,0.000210202,3
3695,3700,3697.5,0.000140135,0.000700673,10
3700,3705,3702.5,7.00673e-05,0.000350336,5
3705,3710,3707.5,7.00673e-05,0.000350336,5
3710,3715,3712.5,0.000126121,0.000630605,9
3715,3720,3717.5,0.000140135,0.000700673,10
3720,3725,3722.5,9.80942e-05,0.000490471,7
3725,3730,3727.5,2.80269e-05,0.000140135,2
3730,3735,3732.5,7.00673e-05,0.000350336,5
3735,3740,3737.5,0.000140135,0.000700673,10
3740,3745,3742.5,0.000168161,0.000840807,12
3745,3750,3747.5,0.000126121,0.000630605,9
3750,3755,3752.5,0.000126121,0.000630605,9
3755,3760,3757.5,7.00673e-05,0.000350336,5
3760,3765,3762.5,9.80942e-05,0.000490471,7
3765,3770,3767.5,7.00673e-05,0.000350336,5
3770,3775,3772.5,0.000140135,0.000700673,10
3775,3780,3777.5,0.000112108,0.000560538,8
3780,3785,3782.5,9.80942e-05,0.000490471,7
3785,3790,3787.5,0.000112108,0.000560538,8
3790,3795,3792.5,0.000126121,0.000630605,9
3795,3800,3797.5,7.00673e-05,0.000350336,5
3800,3805,3802.5,0.000154148,0.00077074,11
3805,3810,3807.5,7.00673e-05,0.000350336,5
3810,3815,3812.5,7.00673e-05,0.000350336,5
3815,3820,3817.5,0.000112108,0.000560538,8
3820,3825,3822.5,7.00673e-05,0.000350336,5
3825,3830,3827.5,9.80942e-05,0.000490471,7
3830,3835,3832.5,0.000126121,0.000630605,9
3835,3840,3837.5,8.40807e-05,0.000420404,6
3840,3845,3842.5,5.60538e-05,0.000280269,4
3845,3850,3847.5,0.000126121,0.000630605,9
3850,3855,3852.5,5.60538e-05,0.000280269,4
3855,3860,3857.5,4.20404e-05,0.000210202,3
3860,3865,3862.5,9.80942e-05,0.000490471,7
3865,3870,3867.5,7.00673e-05,0.000350336,5
3870,3875,3872.5,0.000126121,0.000630605,9
3875,3880,3877.5,0.000168161,0.000840807,12
3880,3885,3882.5,5.60538e-05,0.000280269,4
3885,3890,3887.5,5.60538e-05,0.000280269,4
3890,3895,3892.5,0.000168161,0.000840807,12
3895,3900,3897.5,0.000112108,0.000560538,8
3900,3905,3902.5,0.000168161,0.000840807,12
3905,3910,3907.5,0.000140135,0.000700673,10
3910,3915,3912.5,7.00673e-05,0.000350336,5
3915,3920,3917.5,8.40807e-05,0.000420404,6
3920,3925,3922.5,0.000182175,0.000910874,13
3925,3930,3927.5,9.80942e-05,0.000490471,7
3930,3935,3932.5,0.000140135,0.000700673,10
3935,3940,3937.5,0.000168161,0.000840807,12
3940,3945,3942.5,8.40807e-05,0.000420404,6
3945,3950,3947.5,0.000140135,0.000700673,10
3950,3955,3952.5,8.40807e-05,0.000420404,6
3955,3960,3957.5,0.000112108,0.000560538,8
3960,3965,3962.5,7.00673e-05,0.000350336,5
3965,3970,3967.5,0.000112108,0.000560538,8
3970,3975,3972.5,8.40807e-05,0.000420404,6
3975,3980,3977.5,8.40807e-05,0.000420404,6
3980,3985,3982.5,9.80942e-05,0.000490471,7
3985,3990,3987.5,5.60538e-05,0.000280269,4
3990,3995,3992.5,5.60538e-05,0.000280269,4
3995,4000,3997.5,0.000126121,0.000630605,9
4000,4005,4002.5,9.80942e-05,0.000490471,7
4005,4010,4007.5,0.000168161,0.000840807,12
4010,4015,4012.5,5.60538e-05,0.000280269,4
4015,4020,4017.5,5.60538e-05,0.000280269,4
4020,4025,4022.5,9.80942e-05,0.000490471,7
4025,4030,4027.5,4.20404e-05,0.000210202,3
4030,4035,4032.5,0.000140135,0.000700673,10
4035,4040,4037.5,7.00673e-05,0.000350336,5
4040,4045,4042.5,5.60538e-05,0.000280269,4
4045,4050,4047.5,0.000140135,0.000700673,10
4050,4055,4052.5,0.000154148,0.00077074,11
4055,4060,4057.5,0.000112108,0.000560538,8
4060,4065,4062.5,0.000112108,0.000560538,8
4065,4070,4067.5,7.00673e-05,0.000350336,5
4070,4075,4072.5,0.000140135,0.000700673,10
4075,4080,4077.5,0.000112108,0.000560538,8
4080,4085,4082.5,5.60538e-05,0.000280269,4
4085,4090,4087.5,0.000112108,0.000560538,8
4090,4095,4092.5,0.000224215,0.00112108,16
4095,4100,4097.5,7.00673e-05,0.000350336,5
4100,4105,4102.5,4.20404e-05,0.000210202,3
4105,4110,4107.5,0.000140135,0.000700673,10
4110,4115,4112.5,8.40807e-05,0.000420404,6
4115,4120,4117.5,9.80942e-05,0.000490471,7
4120,4125,4122.5,0.000154148,0.00077074,11
4125,4130,4127.5,1.40135e-05,7.00673e-05,1
4130,4135,4132.5,4.20404e-05,0.000210202,3
4135,4140,4137.5,8.40807e-05,0.000420404,6
4140,4145,4142.5,8.40807e-05,0.000420404,6
4145,4150,4147.5,8.40807e-05,0.000420404,6
4150,4155,4152.5,7.00673e-05,0.000350336,5
4155,4160,4157.5,7.00673e-05,0.000350336,5
4160,4165,4162.5,9.80942e-05,0.000490471,7
4165,4170,4167.5,5.60538e-05,0.000280269,4
4170,4175,4172.5,0.000112108,0.000560538,8
4175,4180,4177.5,8.40807e-05,0.000420404,6
4180,4185,4182.5,1.40135e-05,7.00673e-05,1
4185,4190,4187.5,9.80942e-05,0.000490471,7
4190,4195,4192.5,9.80942e-05,0.000490471,7
4195,4200,4197.5,1.40135e-05,7.00673e-05,1
4200,4205,4202.5,8.40807e-05,0.000420404,6
4205,4210,4207.5,0.000112108,0.000560538,8
4210,4215,4212.5,4.20404e-05,0.000210202,3
4215,4220,4217.5,0.000126121,0.000630605,9
4220,4225,4222.5,7.00673e-05,0.000350336,5
4225,4230,4227.5,4.20404e-05,0.000210202,3
4230,4235,4232.5,0.000140135,0.000700673,10
4235,4240,4237.5,0.000140135,0.000700673,10
4240,4245,4242.5,0.000112108,0.000560538,8
4245,4250,4247.5,8.40807e-05,0.000420404,6
4250,4255,4252.5,7.00673e-05,0.000350336,5
4255,4260,4257.5,0.000126121,0.000630605,9
4260,4265,4262.5,7.00673e-05,0.000350336,5
4265,4270,4267.5,7.00673e-05,0.000350336,5
4270,4275,4272.5,5.60538e-05,0.000280269,4
4275,4280,4277.5,0.000112108,0.000560538,8
4280,4285,4282.5,8.40807e-05,0.000420404,6
4285,4290,4287.5,9.80942e-05,0.000490471,7
4290,4295,4292.5,8.40807e-05,0.000420404,6
4295,4300,4297.5,7.00673e-05,0.000350336,5
4300,4305,4302.5,5.60538e-05,0.000280269,4
4305,4310,4307.5,2.80269e-05,0.000140135,2
4310,4315,4312.5,0.000112108,0.000560538,8
4315,4320,4317.5,0.000126121,0.000630605,9
4320,4325,4322.5,5.60538e-05,0.000280269,4
4325,4330,4327.5,0.000112108,0.000560538,8
4330,4335,4332.5,4.20404e-05,0.000210202,3
4335,4340,4337.5,4.20404e-05,0.000210202,3
4340,4345,4342.5,4.20404e-05,0.000210202,3
4345,4350,4347.5,4.20404e-05,0.000210202,3
4350,4355,4352.5,1.40135e-05,7.00673e-05,1
4355,4360,4357.5,2.80269e-05,0.000140135,2
4360,4365,4362.5,4.20404e-05,0.000210202,3
4365,4370,4367.5,5.60538e-05,0.000280269,4
4370,4375,4372.5,2.80269e-05,0.000140135,2
4375,4380,4377.5,9.80942e-05,0.000490471,7
4380,4385,4382.5,2.80269e-05,0.000140135,2
4385,4390,4387.5,4.20404e-05,0.000210202,3
4390,4395,4392.5,1.40135e-05,7.00673e-05,1
4395,4400,4397.5,7.00673e-05,0.000350336,5
4400,4405,4402.5,7.00673e-05,0.000350336,5
4405,4410,4407.5,1.40135e-05,7.00673e-05,1
4410,4415,4412.5,1.40135e-05,7.00673e-05,1
4415,4420,4417.5,4.20404e-05,0.000210202,3
4420,4425,4422.5,4.20404e-05,0.000210202,3
4425,4430,4427.5,7.00673e-05,0.000350336,5
4430,4435,4432.5,4.20404e-05,0.000210202,3
4435,4440,4437.5,2.80269e-05,0.000140135,2
4440,4445,4442.5,4.20404e-05,0.000210202,3
4445,4450,4447.5,8.40807e-05,0.000420404,6
4450,4455,4452.5,1.40135e-05,7.00673e-05,1
4455,4460,4457.5,2.80269e-05,0.000140135,2
4460,4465,4462.5,2.80269e-05,0.000140135,2
4465,4470,4467.5,1.40135e-05,7.00673e-05,1
4470,4475,4472.5,2.80269e-05,0.000140135,2
4475,4480,4477.5,0.000112108,0.000560538,8
4480,4485,4482.5,2.80269e-05,0.000140135,2
4485,4490,4487.5,7.00673e-05,0.000350336,5
4490,4495,4492.5,2.80269e-05,0.000140135,2
4495,4500,4497.5,7.00673e-05,0.000350336,5
4500,4505,4502.5,4.20404e-05,0.000210202,3
4505,4510,4507.5,5.60538e-05,0.000280269,4
4510,4515,4512.5,4.20404e-05,0.000210202,3
4515,4520,4517.5,2.80269e-05,0.000140135,2
4520,4525,4522.5,2.80269e-05,0.000140135,2
4525,4530,4527.5,8.40807e-05,0.000420404,6
4530,4535,4532.5,2.80269e-05,0.000140135,2
4535,4540,4537.5,4.20404e-05,0.000210202,3
4540,4545,4542.5,4.20404e-05,0.000210202,3
4545,4550,4547.5,5.60538e-05,0.000280269,4
4555,4560,4557.5,2.80269e-05,0.000140135,2
4560,4565,4562.5,4.20404e-05,0.000210202,3
4575,4580,4577.5,1.40135e-05,7.00673e-05,1
4585,4590,4587.5,4.20404e-05,0.000210202,3
4590,4595,4592.5,2.80269e-05,0.000140135,2
4595,4600,4597.5,5.60538e-05,0.000280269,4
4600,4605,4602.5,1.40135e-05,7.00673e-05,1
4605,4610,4607.5,1.40135e-05,7.00673e-05,1
4610,4615,4612.5,1.40135e-05,7.00673e-05,1
4615,4620,4617.5,4.20404e-05,0.000210202,3
4620,4625,4622.5,5.60538e-05,0.000280269,4
4625,4630,4627.5,4.20404e-05,0.000210202,3
4630,4635,4632.5,2.80269e-05,0.000140135,2
4640,4645,4642.5,7.00673e-05,0.000350336,5
4645,4650,4647.5,2.80269e-05,0.000140135,2
4650,4655,4652.5,4.20404e-05,0.000210202,3
4655,4660,4657.5,4.20404e-05,0.000210202,3
4660,4665,4662.5,2.80269e-05,0.000140135,2
4665,4670,4667.5,5.60538e-05,0.000280269,4
4675,4680,4677.5,2.80269e-05,0.000140135,2
4680,4685,4682.5,2.80269e-05,0.000140135,2
4685,4690,4687.5,1.40135e-05,7.00673e-05,1
4690,4695,4692.5,4.20404e-05,0.000210202,3
4700,4705,4702.5,4.20404e-05,0.000210202,3
4705,4710,4707.5,5.60538e-05,0.000280269,4
4710,4715,4712.5,2.80269e-05,0.000140135,2
4715,4720,4717.5,5.60538e-05,0.000280269,4
4725,4730,4727.5,2.80269e-05,0.000140135,2
4735,4740,4737.5,4.20404e-05,0.000210202,3
4740,4745,4742.5,1.40135e-05,7.00673e-05,1
4745,4750,4747.5,4.20404e-05,0.000210202,3
4750,4755,4752.5,5.60538e-05,0.000280269,4
4755,4760,4757.5,1.40135e-05,7.00673e-05,1
4760,4765,4762.5,2.80269e-05,0.000140135,2
4765,4770,4767.5,2.80269e-05,0.000140135,2
4770,4775,4772.5,5.60538e-05,0.000280269,4
4775,4780,4777.5,1.40135e-05,7.00673e-05,1
4780,4785,4782.5,4.20404e-05,0.000210202,3
4785,4790,4787.5,2.80269e-05,0.000140135,2
4790,4795,4792.5,7.00673e-05,0.000350336,5
4795,4800,4797.5,1.40135e-05,7.00673e-05,1
4800,4805,4802.5,2.80269e-05,0.000140135,2
4810,4815,4812.5,2.80269e-05,0.000140135,2
4815,4820,4817.5,1.40135e-05,7.00673e-05,1
4820,4825,4822.5,5.60538e-05,0.000280269,4
4825,4830,4827.5,2.80269e-05,0.000140135,2
4830,4835,4832.5,1.40135e-05,7.00673e-05,1
4835,4840,4837.5,1.40135e-05,7.00673e-05,1
4840,4845,4842.5,1.40135e-05,7.00673e-05,1
4845,4850,4847.5,4.20404e-05,0.000210202,3
4850,4855,4852.5,2.80269e-05,0.000140135,2
4855,4860,4857.5,1.40135e-05,7.00673e-05,1
4865,4870,4867.5,1.40135e-05,7.00673e-05,1
4870,4875,4872.5,1.40135e-05,7.00673e-05,1
4875,4880,4877.5,1.40135e-05,7.00673e-05,1
4880,4885,4882.5,1.40135e-05,7.00673e-05,1
4885,4890,4887.5,4.20404e-05,0.000210202,3
4890,4895,4892.5,5.60538e-05,0.000280269,4
4895,4900,4897.5,2.80269e-05,0.000140135,2
4900,4905,4902.5,1.40135e-05,7.00673e-05,1
4905,4910,4907.5,4.20404e-05,0.000210202,3
4910,4915,4912.5,2.80269e-05,0.000140135,2
4915,4920,4917.5,1.40135e-05,7.00673e-05,1
4930,4935,4932.5,5.60538e-05,0.000280269,4
4935,4940,4937.5,1.40135e-05,7.00673e-05,1
4940,4945,4942.5,1.40135e-05,7.00673e-05,1
4945,4950,4947.5,4.20404e-05,0.000210202,3
4950,4955,4952.5,5.60538e-05,0.000280269,4
4955,4960,4957.5,1.40135e-05,7.00673e-05,1
4960,4965,4962.5,1.40135e-05,7.00673e-05,1
4965,4970,4967.5,1.40135e-05,7.00673e-05,1
4970,4975,4972.5,5.60538e-05,0.000280269,4
4975,4980,4977.5,1.40135e-05,7.00673e-05,1
4980,4985,4982.5,4.20404e-05,0.000210202,3
4985,4990,4987.5,2.80269e-05,0.000140135,2
4990,4995,4992.5,2.80269e-05,0.000140135,2
4995,5000,4997.5,2.80269e-05,0.000140135,2
5000,5005,5002.5,2.80269e-05,0.000140135,2
5010,5015,5012.5,1.40135e-05,7.00673e-05,1
5015,5020,5017.5,5.60538e-05,0.000280269,4
5025,5030,5027.5,2.80269e-05,0.000140135,2
5030,5035,5032.5,1.40135e-05,7.00673e-05,1
5035,5040,5037.5,2.80269e-05,0.000140135,2
5040,5045,5042.5,5.60538e-05,0.000280269,4
5045,5050,5047.5,1.40135e-05,7.00673e-05,1
5055,5060,5057.5,2.80269e-05,0.000140135,2
5060,5065,5062.5,2.80269e-05,0.000140135,2
5065,5070,5067.5,1.40135e-05,7.00673e-05,1
5070,5075,5072.5,5.60538e-05,0.000280269,4
5075,5080,5077.5,2.80269e-05,0.000140135,2
5080,5085,5082.5,5.60538e-05,0.000280269,4
5085,5090,5087.5,4.20404e-05,0.000210202,3
5090,5095,5092.5,1.40135e-05,7.00673e-05,1
5095,5100,5097.5,4.20404e-05,0.000210202,3
5100,5105,5102.5,5.60538e-05,0.000280269,4
5105,5110,5107.5,5.60538e-05,0.000280269,4
5110,5115,5112.5,1.40135e-05,7.00673e-05,1
5115,5120,5117.5,2.80269e-05,0.000140135,2
5120,5125,5122.5,1.40135e-05,7.00673e-05,1
5125,5130,5127.5,1.40135e-05,7.00673e-05,1
5130,5135,5132.5,1.40135e-05,7.00673e-05,1
5135,5140,5137.5,4.20404e-05,0.000210202,3
5145,5150,5147.5,2.80269e-05,0.000140135,2
5150,5155,5152.5,5.60538e-05,0.000280269,4
5155,5160,5157.5,1.40135e-05,7.00673e-05,1
5160,5165,5162.5,2.80269e-05,0.000140135,2
5175,5180,5177.5,5.60538e-05,0.000280269,4
5185,5190,5187.5,4.20404e-05,0.000210202,3
5190,5195,5192.5,2.80269e-05,0.000140135,2
5195,5200,5197.5,1.40135e-05,7.00673e-05,1
5200,5205,5202.5,4.20404e-05,0.000210202,3
5210,5215,5212.5,2.80269e-05,0.000140135,2
5215,5220,5217.5,2.80269e-05,0.000140135,2
5220,5225,5222.5,2.80269e-05,0.000140135,2
5225,5230,5227.5,4.20404e-05,0.000210202,3
5230,5235,5232.5,4.20404e-05,0.000210202,3
5240,5245,5242.5,1.40135e-05,7.00673e-05,1
5250,5255,5252.5,1.40135e-05,7.00673e-05,1
5255,5260,5257.5,2.80269e-05,0.000140135,2
5260,5265,5262.5,1.40135e-05,7.00673e-05,1
5270,5275,5272.5,1.40135e-05,7.00673e-05,1
5275,5280,5277.5,7.00673e-05,0.000350336,5
5280,5285,5282.5,2.80269e-05,0.000140135,2
5295,5300,5297.5,1.40135e-05,7.00673e-05,1
5300,5305,5302.5,4.20404e-05,0.000210202,3
5305,5310,5307.5,1.40135e-05,7.00673e-05,1
5310,5315,5312.5,5.60538e-05,0.000280269,4
5315,5320,5317.5,2.80269e-05,0.000140135,2
5320,5325,5322.5,1.40135e-05,7.00673e-05,1
5325,5330,5327.5,1.40135e-05,7.00673e-05,1
5335,5340,5337.5,2.80269e-05,0.000140135,2
5340,5345,5342.5,4.20404e-05,0.000210202,3
5345,5350,5347.5,1.40135e-05,7.00673e-05,1
5350,5355,5352.5,1.40135e-05,7.00673e-05,1
5360,5365,5362.5,1.40135e-05,7.00673e-05,1
5365,5370,5367.5,2.80269e-05,0.000140135,2
5370,5375,5372.5,1.40135e-05,7.00673e-05,1
5380,5385,5382.5,4.20404e-05,0.000210202,3
5385,5390,5387.5,4.20404e-05,0.000210202,3
5390,5395,5392.5,1.40135e-05,7.00673e-05,1
5395,5400,5397.5,2.80269e-05,0.000140135,2
5400,5405,5402.5,4.20404e-05,0.000210202,3
5405,5410,5407.5,1.40135e-05,7.00673e-05,1
5410,5415,5412.5,2.80269e-05,0.000140135,2
5430,5435,5432.5,1.40135e-05,7.00673e-05,1
5435,5440,5437.5,1.40135e-05,7.00673e-05,1
5440,5445,5442.5,1.40135e-05,7.00673e-05,1
5445,5450,5447.5,1.40135e-05,7.00673e-05,1
5460,5465,5462.5,1.40135e-05,7.00673e-05,1
5465,5470,5467.5,2.80269e-05,0.000140135,2
5475,5480,5477.5,2.80269e-05,0.000140135,2
5480,5485,5482.5,1.40135e-05,7.00673e-05,1
5485,5490,5487.5,1.40135e-05,7.00673e-05,1
5490,5495,5492.5,2.80269e-05,0.000140135,2
5495,5500,5497.5,2.80269e-05,0.000140135,2
5505,5510,5507.5,4.20404e-05,0.000210202,3
5510,5515,5512.5,4.20404e-05,0.000210202,3
5515,5520,5517.5,4.20404e-05,0.000210202,3
5520,5525,5522.5,5.60538e-05,0.000280269,4
5525,5530,5527.5,2.80269e-05,0.000140135,2
5530,5535,5532.5,2.80269e-05,0.000140135,2
5535,5540,5537.5,2.80269e-05,0.000140135,2
5540,5545,5542.5,2.80269e-05,0.000140135,2
5545,5550,5547.5,1.40135e-05,7.00673e-05,1
5550,5555,5552.5,4.20404e-05,0.000210202,3
5565,5570,5567.5,2.80269e-05,0.000140135,2
5570,5575,5572.5,1.40135e-05,7.00673e-05,1
5575,5580,5577.5,1.40135e-05,7.00673e-05,1
5580,5585,5582.5,2.80269e-05,0.000140135,2
5585,5590,5587.5,1.40135e-05,7.00673e-05,1
5590,5595,5592.5,2.80269e-05,0.000140135,2
5600,5605,5602.5,2.80269e-05,0.000140135,2
5605,5610,5607.5,2.80269e-05,0.000140135,2
5610,5615,5612.5,1.40135e-05,7.00673e-05,1
5615,5620,5617.5,2.80269e-05,0.000140135,2
5620,5625,5622.5,2.80269e-05,0.000140135,2
5625,5630,5627.5,1.40135e-05,7.00673e-05,1
5630,5635,5632.5,2.80269e-05,0.000140135,2
5640,5645,5642.5,1.40135e-05,7.00673e-05,1
5645,5650,5647.5,5.60538e-05,0.000280269,4
5650,5655,5652.5,4.20404e-05,0.000210202,3
5665,5670,5667.5,2.80269e-05,0.000140135,2
5670,5675,5672.5,4.20404e-05,0.000210202,3
5675,5680,5677.5,4.20404e-05,0.000210202,3
5685,5690,5687.5,1.40135e-05,7.00673e-05,1
5690,5695,5692.5,1.40135e-05,7.00673e-05,1
5695,5700,5697.5,4.20404e-05,0.000210202,3
5700,5705,5702.5,4.20404e-05,0.000210202,3
5705,5710,5707.5,4.20404e-05,0.000210202,3
5715,5720,5717.5,2.80269e-05,0.000140135,2
5720,5725,5722.5,1.40135e-05,7.00673e-05,1
5725,5730,5727.5,2.80269e-05,0.000140135,2
5730,5735,5732.5,2.80269e-05,0.000140135,2
5735,5740,5737.5,1.40135e-05,7.00673e-05,1
5740,5745,5742.5,2.80269e-05,0.000140135,2
5745,5750,5747.5,4.20404e-05,0.000210202,3
5750,5755,5752.5,2.80269e-05,0.000140135,2
5755,5760,5757.5,2.80269e-05,0.000140135,2
5760,5765,5762.5,1.40135e-05,7.00673e-05,1
5775,5780,5777.5,2.80269e-05,0.000140135,2
5780,5785,5782.5,1.40135e-05,7.00673e-05,1
5785,5790,5787.5,1.40135e-05,7.00673e-05,1
5790,5795,5792.5,1.40135e-05,7.00673e-05,1
5795,5800,5797.5,2.80269e-05,0.000140135,2
5800,5805,5802.5,2.80269e-05,0.000140135,2
5810,5815,5812.5,1.40135e-05,7.00673e-05,1
5815,5820,5817.5,2.80269e-05,0.000140135,2
5820,5825,5822.5,5.60538e-05,0.000280269,4
5825,5830,5827.5,1.40135e-05,7.00673e-05,1
5830,5835,5832.5,5.60538e-05,0.000280269,4
5835,5840,5837.5,4.20404e-05,0.000210202,3
5840,5845,5842.5,2.80269e-05,0.000140135,2
5845,5850,5847.5,1.40135e-05,7.00673e-05,1
5850,5855,5852.5,2.80269e-05,0.000140135,2
5855,5860,5857.5,1.40135e-05,7.00673e-05,1
5860,5865,5862.5,5.60538e-05,0.000280269,4
5865,5870,5867.5,1.40135e-05,7.00673e-05,1
5870,5875,5872.5,2.80269e-05,0.000140135,2
5880,5885,5882.5,5.60538e-05,0.000280269,4
5885,5890,5887.5,8.40807e-05,0.000420404,6
5890,5895,5892.5,5.60538e-05,0.000280269,4
5900,5905,5902.5,2.80269e-05,0.000140135,2
5910,5915,5912.5,4.20404e-05,0.000210202,3
5915,5920,5917.5,5.60538e-05,0.000280269,4
5920,5925,5922.5,1.40135e-05,7.00673e-05,1
5925,5930,5927.5,4.20404e-05,0.000210202,3
5930,5935,5932.5,4.20404e-05,0.000210202,3
5945,5950,5947.5,2.80269e-05,0.000140135,2
5950,5955,5952.5,2.80269e-05,0.000140135,2
5955,5960,5957.5,2.80269e-05,0.000140135,2
5960,5965,5962.5,1.40135e-05,7.00673e-05,1
5965,5970,5967.5,1.40135e-05,7.00673e-05,1
5970,5975,5972.5,2.80269e-05,0.000140135,2
5975,5980,5977.5,1.40135e-05,7.00673e-05,1
5980,5985,5982.5,1.40135e-05,7.00673e-05,1
5985,5990,5987.5,1.40135e-05,7.00673e-05,1
5990,5995,5992.5,1.40135e-05,7.00673e-05,1
6000,6005,6002.5,1.40135e-05,7.00673e-05,1
6005,6010,6007.5,4.20404e-05,0.000210202,3
6010,6015,6012.5,2.80269e-05,0.000140135,2
6015,6020,6017.5,1.40135e-05,7.00673e-05,1
6020,6025,6022.5,5.60538e-05,0.000280269,4
6025,6030,6027.5,4.20404e-05,0.000210202,3
6030,6035,6032.5,2.80269e-05,0.000140135,2
6035,6040,6037.5,1.40135e-05,7.00673e-05,1
6045,6050,6047.5,1.40135e-05,7.00673e-05,1
6050,6055,6052.5,2.80269e-05,0.000140135,2
6060,6065,6062.5,2.80269e-05,0.000140135,2
6065,6070,6067.5,1.40135e-05,7.00673e-05,1
6070,6075,6072.5,1.40135e-05,7.00673e-05,1
6080,6085,6082.5,1.40135e-05,7.00673e-05,1
6085,6090,6087.5,2.80269e-05,0.000140135,2
6095,6100,6097.5,1.40135e-05,7.00673e-05,1
6100,6105,6102.5,1.40135e-05,7.00673e-05,1
6105,6110,6107.5,2.80269e-05,0.000140135,2
6110,6115,6112.5,1.40135e-05,7.00673e-05,1
6115,6120,6117.5,1.40135e-05,7.00673e-05,1
6125,6130,6127.5,2.80269e-05,0.000140135,2
6130,6135,6132.5,2.80269e-05,0.000140135,2
6135,6140,6137.5,1.40135e-05,7.00673e-05,1
6140,6145,6142.5,2.80269e-05,0.000140135,2
6145,6150,6147.5,1.40135e-05,7.00673e-05,1
6155,6160,6157.5,2.80269e-05,0.000140135,2
6160,6165,6162.5,1.40135e-05,7.00673e-05,1
6165,6170,6167.5,1.40135e-05,7.00673e-05,1
6170,6175,6172.5,2.80269e-05,0.000140135,2
6190,6195,6192.5,4.20404e-05,0.000210202,3
6195,6200,6197.5,2.80269e-05,0.000140135,2
6200,6205,6202.5,1.40135e-05,7.00673e-05,1
6205,6210,6207.5,1.40135e-05,7.00673e-05,1
6210,6215,6212.5,5.60538e-05,0.000280269,4
6215,6220,6217.5,1.40135e-05,7.00673e-05,1
6230,6235,6232.5,1.40135e-05,7.00673e-05,1
6240,6245,6242.5,4.20404e-05,0.000210202,3
6245,6250,6247.5,1.40135e-05,7.00673e-05,1
6250,6255,6252.5,8.40807e-05,0.000420404,6
6260,6265,6262.5,2.80269e-05,0.000140135,2
6270,6275,6272.5,4.20404e-05,0.000210202,3
6275,6280,6277.5,1.40135e-05,7.00673e-05,1
6285,6290,6287.5,1.40135e-05,7.00673e-05,1
6290,6295,6292.5,5.60538e-05,0.000280269,4
6295,6300,6297.5,2.80269e-05,0.000140135,2
6305,6310,6307.5,2.80269e-05,0.000140135,2
6315,6320,6317.5,2.80269e-05,0.000140135,2
6320,6325,6322.5,2.80269e-05,0.000140135,2
6325,6330,6327.5,1.40135e-05,7.00673e-05,1
6330,6335,6332.5,2.80269e-05,0.000140135,2
6335,6340,6337.5,4.20404e-05,0.000210202,3
6345,6350,6347.5,1.40135e-05,7.00673e-05,1
6350,6355,6352.5,1.40135e-05,7.00673e-05,1
6360,6365,6362.5,2.80269e-05,0.000140135,2
6365,6370,6367.5,7.00673e-05,0.000350336,5
6370,6375,6372.5,1.40135e-05,7.00673e-05,1
6375,6380,6377.5,1.40135e-05,7.00673e-05,1
6380,6385,6382.5,2.80269e-05,0.000140135,2
6385,6390,6387.5,4.20404e-05,0.000210202,3
6390,6395,6392.5,1.40135e-05,7.00673e-05,1
6395,6400,6397.5,2.80269e-05,0.000140135,2
6400,6405,6402.5,1.40135e-05,7.00673e-05,1
6405,6410,6407.5,1.40135e-05,7.00673e-05,1
6410,6415,6412.5,2.80269e-05,0.000140135,2
6420,6425,6422.5,5.60538e-05,0.000280269,4
6425,6430,6427.5,5.60538e-05,0.000280269,4
6430,6435,6432.5,4.20404e-05,0.000210202,3
6440,6445,6442.5,1.40135e-05,7.00673e-05,1
6445,6450,6447.5,1.40135e-05,7.00673e-05,1
6450,6455,6452.5,2.80269e-05,0.000140135,2
6460,6465,6462.5,2.80269e-05,0.000140135,2
6465,6470,6467.5,1.40135e-05,7.00673e-05,1
6475,6480,6477.5,2.80269e-05,0.000140135,2
6480,6485,6482.5,2.80269e-05,0.000140135,2
6485,6490,6487.5,2.80269e-05,0.000140135,2
6490,6495,6492.5,1.40135e-05,7.00673e-05,1
6495,6500,6497.5,4.20404e-05,0.000210202,3
6500,6505,6502.5,4.20404e-05,0.000210202,3
6505,6510,6507.5,2.80269e-05,0.000140135,2
6510,6515,6512.5,4.20404e-05,0.000210202,3
6515,6520,6517.5,5.60538e-05,0.000280269,4
6530,6535,6532.5,1.40135e-05,7.00673e-05,1
6535,6540,6537.5,1.40135e-05,7.00673e-05,1
6540,6545,6542.5,2.80269e-05,0.000140135,2
6545,6550,6547.5,4.20404e-05,0.000210202,3
6550,6555,6552.5,1.40135e-05,7.00673e-05,1
6555,6560,6557.5,2.80269e-05,0.000140135,2
6560,6565,6562.5,1.40135e-05,7.00673e-05,1
6565,6570,6567.5,1.40135e-05,7.00673e-05,1
6575,6580,6577.5,1.40135e-05,7.00673e-05,1
6580,6585,6582.5,1.40135e-05,7.00673e-05,1
6585,6590,6587.5,2.80269e-05,0.000140135,2
6590,6595,6592.5,2.80269e-05,0.000140135,2
6595,6600,6597.5,5.60538e-05,0.000280269,4
6600,6605,6602.5,1.40135e-05,7.00673e-05,1
6605,6610,6607.5,2.80269e-05,0.000140135,2
6610,6615,6612.5,4.20404e-05,0.000210202,3
6615,6620,6617.5,1.40135e-05,7.00673e-05,1
6620,6625,6622.5,2.80269e-05,0.000140135,2
6625,6630,6627.5,2.80269e-05,0.000140135,2
6630,6635,6632.5,4.20404e-05,0.000210202,3
6635,6640,6637.5,2.80269e-05,0.000140135,2
6645,6650,6647.5,1.40135e-05,7.00673e-05,1
6650,6655,6652.5,1.40135e-05,7.00673e-05,1
6655,6660,6657.5,1.40135e-05,7.00673e-05,1
6660,6665,6662.5,1.40135e-05,7.00673e-05,1
6665,6670,6667.5,1.40135e-05,7.00673e-05,1
6670,6675,6672.5,2.80269e-05,0.000140135,2
6675,6680,6677.5,2.80269e-05,0.000140135,2
6685,6690,6687.5,1.40135e-05,7.00673e-05,1
6690,6695,6692.5,1.40135e-05,7.00673e-05,1
6700,6705,6702.5,1.40135e-05,7.00673e-05,1
6705,6710,6707.5,4.20404e-05,0.000210202,3
6720,6725,6722.5,1.40135e-05,7.00673e-05,1
6725,6730,6727.5,4.20404e-05,0.000210202,3
6730,6735,6732.5,1.40135e-05,7.00673e-05,1
6735,6740,6737.5,2.80269e-05,0.000140135,2
6750,6755,6752.5,4.20404e-05,0.000210202,3
6755,6760,6757.5,1.40135e-05,7.00673e-05,1
6760,6765,6762.5,2.80269e-05,0.000140135,2
6765,6770,6767.5,2.80269e-05,0.000140135,2
6770,6775,6772.5,2.80269e-05,0.000140135,2
6775,6780,6777.5,4.20404e-05,0.000210202,3
6780,6785,6782.5,2.80269e-05,0.000140135,2
6790,6795,6792.5,4.20404e-05,0.000210202,3
6795,6800,6797.5,1.40135e-05,7.00673e-05,1
6800,6805,6802.5,5.60538e-05,0.000280269,4
6810,6815,6812.5,2.80269e-05,0.000140135,2
6815,6820,6817.5,4.20404e-05,0.000210202,3
6830,6835,6832.5,4.20404e-05,0.000210202,3
6840,6845,6842.5,2.80269e-05,0.000140135,2
6845,6850,6847.5,1.40135e-05,7.00673e-05,1
6850,6855,6852.5,4.20404e-05,0.000210202,3
6860,6865,6862.5,1.40135e-05,7.00673e-05,1
6870,6875,6872.5,1.40135e-05,7.00673e-05,1
6875,6880,6877.5,4.20404e-05,0.000210202,3
6880,6885,6882.5,8.40807e-05,0.000420404,6
6885,6890,6887.5,1.40135e-05,7.00673e-05,1
6890,6895,6892.5,1.40135e-05,7.00673e-05,1
6905,6910,6907.5,2.80269e-05,0.000140135,2
6915,6920,6917.5,2.80269e-05,0.000140135,2
6920,6925,6922.5,2.80269e-05,0.000140135,2
6925,6930,6927.5,1.40135e-05,7.00673e-05,1
6930,6935,6932.5,1.40135e-05,7.00673e-05,1
6935,6940,6937.5,1.40135e-05,7.00673e-05,1
6965,6970,6967.5,1.40135e-05,7.00673e-05,1
6970,6975,6972.5,1.40135e-05,7.00673e-05,1
6975,6980,6977.5,2.80269e-05,0.000140135,2
6980,6985,6982.5,1.40135e-05,7.00673e-05,1
6985,6990,6987.5,4.20404e-05,0.000210202,3
6990,6995,6992.5,2.80269e-05,0.000140135,2
6995,7000,6997.5,1.40135e-05,7.00673e-05,1
7000,7005,7002.5,2.80269e-05,0.000140135,2
7005,7010,7007.5,9.80942e-05,0.000490471,7
7020,7025,7022.5,2.80269e-05,0.000140135,2
7025,7030,7027.5,1.40135e-05,7.00673e-05,1
7035,7040,7037.5,1.40135e-05,7.00673e-05,1
7040,7045,7042.5,1.40135e-05,7.00673e-05,1
7045,7050,7047.5,2.80269e-05,0.000140135,2
7050,7055,7052.5,2.80269e-05,0.000140135,2
7055,7060,7057.5,1.40135e-05,7.00673e-05,1
7060,7065,7062.5,2.80269e-05,0.000140135,2
7065,7070,7067.5,7.00673e-05,0.000350336,5
7075,7080,7077.5,2.80269e-05,0.000140135,2
7085,7090,7087.5,1.40135e-05,7.00673e-05,1
7090,7095,7092.5,1.40135e-05,7.00673e-05,1
7095,7100,7097.5,2.80269e-05,0.000140135,2
7105,7110,7107.5,1.40135e-05,7.00673e-05,1
7110,7115,7112.5,2.80269e-05,0.000140135,2
7115,7120,7117.5,1.40135e-05,7.00673e-05,1
7120,7125,7122.5,5.60538e-05,0.000280269,4
7125,7130,7127.5,1.40135e-05,7.00673e-05,1
7135,7140,7137.5,1.40135e-05,7.00673e-05,1
7145,7150,7147.5,2.80269e-05,0.000140135,2
7150,7155,7152.5,2.80269e-05,0.000140135,2
7155,7160,7157.5,4.20404e-05,0.000210202,3
7160,7165,7162.5,4.20404e-05,0.000210202,3
7165,7170,7167.5,2.80269e-05,0.000140135,2
7170,7175,7172.5,1.40135e-05,7.00673e-05,1
7175,7180,7177.5,1.40135e-05,7.00673e-05,1
7180,7185,7182.5,1.40135e-05,7.00673e-05,1
7190,7195,7192.5,1.40135e-05,7.00673e-05,1
7195,7200,7197.5,1.40135e-05,7.00673e-05,1
7200,7205,7202.5,2.80269e-05,0.000140135,2
7205,7210,7207.5,1.40135e-05,7.00673e-05,1
7215,7220,7217.5,1.40135e-05,7.00673e-05,1
7220,7225,7222.5,2.80269e-05,0.000140135,2
7230,7235,7232.5,1.40135e-05,7.00673e-05,1
7235,7240,7237.5,1.40135e-05,7.00673e-05,1
7240,7245,7242.5,2.80269e-05,0.000140135,2
7245,7250,7247.5,1.40135e-05,7.00673e-05,1
7250,7255,7252.5,5.60538e-05,0.000280269,4
7255,7260,7257.5,1.40135e-05,7.00673e-05,1
7260,7265,7262.5,2.80269e-05,0.000140135,2
7270,7275,7272.5,1.40135e-05,7.00673e-05,1
7275,7280,7277.5,4.20404e-05,0.000210202,3
7290,7295,7292.5,4.20404e-05,0.000210202,3
7295,7300,7297.5,1.40135e-05,7.00673e-05,1
7305,7310,7307.5,1.40135e-05,7.00673e-05,1
7310,7315,7312.5,4.20404e-05,0.000210202,3
7325,7330,7327.5,4.20404e-05,0.000210202,3
7335,7340,7337.5,4.20404e-05,0.000210202,3
7350,7355,7352.5,1.40135e-05,7.00673e-05,1
7360,7365,7362.5,2.80269e-05,0.000140135,2
7365,7370,7367.5,1.40135e-05,7.00673e-05,1
7370,7375,7372.5,2.80269e-05,0.000140135,2
7375,7380,7377.5,2.80269e-05,0.000140135,2
7380,7385,7382.5,2.80269e-05,0.000140135,2
7390,7395,7392.5,2.80269e-05,0.000140135,2
7400,7405,7402.5,2.80269e-05,0.000140135,2
7405,7410,7407.5,1.40135e-05,7.00673e-05,1
7410,7415,7412.5,4.20404e-05,0.000210202,3
7415,7420,7417.5,1.40135e-05,7.00673e-05,1
7425,7430,7427.5,2.80269e-05,0.000140135,2
7440,7445,7442.5,1.40135e-05,7.00673e-05,1
7445,7450,7447.5,4.20404e-05,0.000210202,3
7450,7455,7452.5,1.40135e-05,7.00673e-05,1
7455,7460,7457.5,2.80269e-05,0.000140135,2
7460,7465,7462.5,5.60538e-05,0.000280269,4
7465,7470,7467.5,1.40135e-05,7.00673e-05,1
7470,7475,7472.5,1.40135e-05,7.00673e-05,1
7475,7480,7477.5,4.20404e-05,0.000210202,3
7480,7485,7482.5,2.80269e-05,0.000140135,2
7485,7490,7487.5,2.80269e-05,0.000140135,2
7490,7495,7492.5,1.40135e-05,7.00673e-05,1
7495,7500,7497.5,1.40135e-05,7.00673e-05,1
7510,7515,7512.5,1.40135e-05,7.00673e-05,1
7515,7520,7517.5,4.20404e-05,0.000210202,3
7520,7525,7522.5,1.40135e-05,7.00673e-05,1
7530,7535,7532.5,1.40135e-05,7.00673e-05,1
7535,7540,7537.5,1.40135e-05,7.00673e-05,1
7540,7545,7542.5,2.80269e-05,0.000140135,2
7565,7570,7567.5,1.40135e-05,7.00673e-05,1
7575,7580,7577.5,2.80269e-05,0.000140135,2
7580,7585,7582.5,1.40135e-05,7.00673e-05,1
7590,7595,7592.5,1.40135e-05,7.00673e-05,1
7595,7600,7597.5,2.80269e-05,0.000140135,2
7605,7610,7607.5,1.40135e-05,7.00673e-05,1
7610,7615,7612.5,1.40135e-05,7.00673e-05,1
7615,7620,7617.5,2.80269e-05,0.000140135,2
7625,7630,7627.5,1.40135e-05,7.00673e-05,1
7630,7635,7632.5,5.60538e-05,0.000280269,4
7635,7640,7637.5,1.40135e-05,7.00673e-05,1
7640,7645,7642.5,4.20404e-05,0.000210202,3
7645,7650,7647.5,2.80269e-05,0.000140135,2
7655,7660,7657.5,1.40135e-05,7.00673e-05,1
7660,7665,7662.5,1.40135e-05,7.00673e-05,1
7665,7670,7667.5,2.80269e-05,0.000140135,2
7670,7675,7672.5,2.80269e-05,0.000140135,2
7675,7680,7677.5,4.20404e-05,0.000210202,3
7690,7695,7692.5,2.80269e-05,0.000140135,2
7695,7700,7697.5,1.40135e-05,7.00673e-05,1
7700,7705,7702.5,2.80269e-05,0.000140135,2
7705,7710,7707.5,1.40135e-05,7.00673e-05,1
7715,7720,7717.5,1.40135e-05,7.00673e-05,1
7725,7730,7727.5,1.40135e-05,7.00673e-05,1
7750,7755,7752.5,2.80269e-05,0.000140135,2
7760,7765,7762.5,2.80269e-05,0.000140135,2
7770,7775,7772.5,5.60538e-05,0.000280269,4
7775,7780,7777.5,1.40135e-05,7.00673e-05,1
7780,7785,7782.5,4.20404e-05,0.000210202,3
7785,7790,7787.5,1.40135e-05,7.00673e-05,1
7790,7795,7792.5,2.80269e-05,0.000140135,2
7795,7800,7797.5,1.40135e-05,7.00673e-05,1
7800,7805,7802.5,1.40135e-05,7.00673e-05,1
7805,7810,7807.5,1.40135e-05,7.00673e-05,1
7810,7815,7812.5,1.40135e-05,7.00673e-05,1
7820,7825,7822.5,2.80269e-05,0.000140135,2
7825,7830,7827.5,5.60538e-05,0.000280269,4
7830,7835,7832.5,4.20404e-05,0.000210202,3
7835,7840,7837.5,2.80269e-05,0.000140135,2
7840,7845,7842.5,1.40135e-05,7.00673e-05,1
7850,7855,7852.5,1.40135e-05,7.00673e-05,1
7860,7865,7862.5,1.40135e-05,7.00673e-05,1
7865,7870,7867.5,1.40135e-05,7.00673e-05,1
7875,7880,7877.5,4.20404e-05,0.000210202,3
7900,7905,7902.5,1.40135e-05,7.00673e-05,1
7905,7910,7907.5,1.40135e-05,7.00673e-05,1
7910,7915,7912.5,1.40135e-05,7.00673e-05,1
7915,7920,7917.5,1.40135e-05,7.00673e-05,1
7920,7925,7922.5,1.40135e-05,7.00673e-05,1
7930,7935,7932.5,2.80269e-05,0.000140135,2
7935,7940,7937.5,2.80269e-05,0.000140135,2
7940,7945,7942.5,1.40135e-05,7.00673e-05,1
7945,7950,7947.5,1.40135e-05,7.00673e-05,1
7950,7955,7952.5,4.20404e-05,0.000210202,3
7955,7960,7957.5,4.20404e-05,0.000210202,3
7960,7965,7962.5,1.40135e-05,7.00673e-05,1
7965,7970,7967.5,2.80269e-05,0.000140135,2
7970,7975,7972.5,1.40135e-05,7.00673e-05,1
7975,7980,7977.5,1.40135e-05,7.00673e-05,1
7980,7985,7982.5,1.40135e-05,7.00673e-05,1
7995,8000,7997.5,1.40135e-05,7.00673e-05,1
8005,8010,8007.5,1.40135e-05,7.00673e-05,1
8010,8015,8012.5,2.80269e-05,0.000140135,2
8015,8020,8017.5,1.40135e-05,7.00673e-05,1
8020,8025,8022.5,1.40135e-05,7.00673e-05,1
8030,8035,8032.5,4.20404e-05,0.000210202,3
8035,8040,8037.5,1.40135e-05,7.00673e-05,1
8040,8045,8042.5,2.80269e-05,0.000140135,2
8050,8055,8052.5,4.20404e-05,0.000210202,3
8055,8060,8057.5,4.20404e-05,0.000210202,3
8085,8090,8087.5,1.40135e-05,7.00673e-05,1
8090,8095,8092.5,1.40135e-05,7.00673e-05,1
8100,8105,8102.5,2.80269e-05,0.000140135,2
8110,8115,8112.5,1.40135e-05,7.00673e-05,1
8115,8120,8117.5,2.80269e-05,0.000140135,2
8120,8125,8122.5,1.40135e-05,7.00673e-05,1
8125,8130,8127.5,1.40135e-05,7.00673e-05,1
8145,8150,8147.5,1.40135e-05,7.00673e-05,1
8150,8155,8152.5,1.40135e-05,7.00673e-05,1
8165,8170,8167.5,1.40135e-05,7.00673e-05,1
8170,8175,8172.5,1.40135e-05,7.00673e-05,1
8180,8185,8182.5,1.40135e-05,7.00673e-05,1
8185,8190,8187.5,1.40135e-05,7.00673e-05,1
8190,8195,8192.5,1.40135e-05,7.00673e-05,1
8200,8205,8202.5,2.80269e-05,0.000140135,2
8210,8215,8212.5,2.80269e-05,0.000140135,2
8215,8220,8217.5,1.40135e-05,7.00673e-05,1
8220,8225,8222.5,1.40135e-05,7.00673e-05,1
8225,8230,8227.5,1.40135e-05,7.00673e-05,1
8240,8245,8242.5,1.40135e-05,7.00673e-05,1
8245,8250,8247.5,2.80269e-05,0.000140135,2
8250,8255,8252.5,1.40135e-05,7.00673e-05,1
8255,8260,8257.5,1.40135e-05,7.00673e-05,1
8260,8265,8262.5,2.80269e-05,0.000140135,2
8265,8270,8267.5,1.40135e-05,7.00673e-05,1
8270,8275,8272.5,1.40135e-05,7.00673e-05,1
8280,8285,8282.5,2.80269e-05,0.000140135,2
8295,8300,8297.5,1.40135e-05,7.00673e-05,1
8300,8305,8302.5,1.40135e-05,7.00673e-05,1
8305,8310,8307.5,1.40135e-05,7.00673e-05,1
8310,8315,8312.5,4.20404e-05,0.000210202,3
8320,8325,8322.5,2.80269e-05,0.000140135,2
8325,8330,8327.5,1.40135e-05,7.00673e-05,1
8330,8335,8332.5,1.40135e-05,7.00673e-05,1
8340,8345,8342.5,1.40135e-05,7.00673e-05,1
8350,8355,8352.5,1.40135e-05,7.00673e-05,1
8355,8360,8357.5,2.80269e-05,0.000140135,2
8360,8365,8362.5,4.20404e-05,0.000210202,3
8375,8380,8377.5,2.80269e-05,0.000140135,2
8380,8385,8382.5,2.80269e-05,0.000140135,2
8385,8390,8387.5,4.20404e-05,0.000210202,3
8395,8400,8397.5,1.40135e-05,7.00673e-05,1
8400,8405,8402.5,2.80269e-05,0.000140135,2
8405,8410,8407.5,2.80269e-05,0.000140135,2
8420,8425,8422.5,4.20404e-05,0.000210202,3
8430,8435,8432.5,1.40135e-05,7.00673e-05,1
8440,8445,8442.5,2.80269e-05,0.000140135,2
8445,8450,8447.5,1.40135e-05,7.00673e-05,1
8450,8455,8452.5,1.40135e-05,7.00673e-05,1
8455,8460,8457.5,1.40135e-05,7.00673e-05,1
8465,8470,8467.5,2.80269e-05,0.000140135,2
8470,8475,8472.5,1.40135e-05,7.00673e-05,1
8475,8480,8477.5,2.80269e-05,0.000140135,2
8480,8485,8482.5,2.80269e-05,0.000140135,2
8485,8490,8487.5,4.20404e-05,0.000210202,3
8490,8495,8492.5,1.40135e-05,7.00673e-05,1
8500,8505,8502.5,4.20404e-05,0.000210202,3
8510,8515,8512.5,1.40135e-05,7.00673e-05,1
8515,8520,8517.5,2.80269e-05,0.000140135,2
8520,8525,8522.5,1.40135e-05,7.00673e-05,1
8525,8530,8527.5,7.00673e-05,0.000350336,5
8530,8535,8532.5,1.40135e-05,7.00673e-05,1
8535,8540,8537.5,1.40135e-05,7.00673e-05,1
8545,8550,8547.5,1.40135e-05,7.00673e-05,1
8555,8560,8557.5,1.40135e-05,7.00673e-05,1
8565,8570,8567.5,2.80269e-05,0.000140135,2
8570,8575,8572.5,2.80269e-05,0.000140135,2
8575,8580,8577.5,1.40135e-05,7.00673e-05,1
8580,8585,8582.5,1.40135e-05,7.00673e-05,1
8585,8590,8587.5,2.80269e-05,0.000140135,2
8590,8595,8592.5,1.40135e-05,7.00673e-05,1
8600,8605,8602.5,1.40135e-05,7.00673e-05,1
8605,8610,8607.5,2.80269e-05,0.000140135,2
8630,8635,8632.5,1.40135e-05,7.00673e-05,1
8650,8655,8652.5,1.40135e-05,7.00673e-05,1
8660,8665,8662.5,2.80269e-05,0.000140135,2
8665,8670,8667.5,1.40135e-05,7.00673e-05,1
8675,8680,8677.5,1.40135e-05,7.00673e-05,1
8680,8685,8682.5,1.40135e-05,7.00673e-05,1
8700,8705,8702.5,2.80269e-05,0.000140135,2
8710,8715,8712.5,1.40135e-05,7.00673e-05,1
8715,8720,8717.5,2.80269e-05,0.000140135,2
8725,8730,8727.5,2.80269e-05,0.000140135,2
8730,8735,8732.5,1.40135e-05,7.00673e-05,1
8740,8745,8742.5,4.20404e-05,0.000210202,3
8745,8750,8747.5,1.40135e-05,7.00673e-05,1
8750,8755,8752.5,1.40135e-05,7.00673e-05,1
8760,8765,8762.5,1.40135e-05,7.00673e-05,1
8770,8775,8772.5,1.40135e-05,7.00673e-05,1
8780,8785,8782.5,1.40135e-05,7.00673e-05,1
8810,8815,8812.5,1.40135e-05,7.00673e-05,1
8815,8820,8817.5,1.40135e-05,7.00673e-05,1
8835,8840,8837.5,1.40135e-05,7.00673e-05,1
8840,8845,8842.5,1.40135e-05,7.00673e-05,1
8850,8855,8852.5,2.80269e-05,0.000140135,2
8855,8860,8857.5,2.80269e-05,0.000140135,2
8865,8870,8867.5,4.20404e-05,0.000210202,3
8870,8875,8872.5,2.80269e-05,0.000140135,2
8875,8880,8877.5,1.40135e-05,7.00673e-05,1
8880,8885,8882.5,2.80269e-05,0.000140135,2
8885,8890,8887.5,1.40135e-05,7.00673e-05,1
8890,8895,8892.5,2.80269e-05,0.000140135,2
8895,8900,8897.5,1.40135e-05,7.00673e-05,1
8900,8905,8902.5,1.40135e-05,7.00673e-05,1
8910,8915,8912.5,7.00673e-05,0.000350336,5
8935,8940,8937.5,1.40135e-05,7.00673e-05,1
8940,8945,8942.5,4.20404e-05,0.000210202,3
8955,8960,8957.5,1.40135e-05,7.00673e-05,1
8970,8975,8972.5,1.40135e-05,7.00673e-05,1
8975,8980,8977.5,1.40135e-05,7.00673e-05,1
8980,8985,8982.5,4.20404e-05,0.000210202,3
8985,8990,8987.5,1.40135e-05,7.00673e-05,1
8990,8995,8992.5,1.40135e-05,7.00673e-05,1
9000,9005,9002.5,1.40135e-05,7.00673e-05,1
9010,9015,9012.5,1.40135e-05,7.00673e-05,1
9015,9020,9017.5,1.40135e-05,7.00673e-05,1
9020,9025,9022.5,2.80269e-05,0.000140135,2
9025,9030,9027.5,1.40135e-05,7.00673e-05,1
9030,9035,9032.5,1.40135e-05,7.00673e-05,1
9050,9055,9052.5,1.40135e-05,7.00673e-05,1
9055,9060,9057.5,1.40135e-05,7.00673e-05,1
9060,9065,9062.5,1.40135e-05,7.00673e-05,1
9065,9070,9067.5,1.40135e-05,7.00673e-05,1
9090,9095,9092.5,1.40135e-05,7.00673e-05,1
9095,9100,9097.5,1.40135e-05,7.00673e-05,1
9100,9105,9102.5,1.40135e-05,7.00673e-05,1
9110,9115,9112.5,2.80269e-05,0.000140135,2
9115,9120,9117.5,2.80269e-05,0.000140135,2
9120,9125,9122.5,1.40135e-05,7.00673e-05,1
9125,9130,9127.5,1.40135e-05,7.00673e-05,1
9130,9135,9132.5,2.80269e-05,0.000140135,2
9135,9140,9137.5,2.80269e-05,0.000140135,2
9140,9145,9142.5,1.40135e-05,7.00673e-05,1
9150,9155,9152.5,1.40135e-05,7.00673e-05,1
9155,9160,9157.5,2.80269e-05,0.000140135,2
9165,9170,9167.5,1.40135e-05,7.00673e-05,1
9175,9180,9177.5,1.40135e-05,7.00673e-05,1
9190,9195,9192.5,2.80269e-05,0.000140135,2
9200,9205,9202.5,1.40135e-05,7.00673e-05,1
9210,9215,9212.5,2.80269e-05,0.000140135,2
9230,9235,9232.5,2.80269e-05,0.000140135,2
9235,9240,9237.5,1.40135e-05,7.00673e-05,1
9245,9250,9247.5,1.40135e-05,7.00673e-05,1
9250,9255,9252.5,5.60538e-05,0.000280269,4
9255,9260,9257.5,2.80269e-05,0.000140135,2
9260,9265,9262.5,2.80269e-05,0.000140135,2
9265,9270,9267.5,1.40135e-05,7.00673e-05,1
9275,9280,9277.5,2.80269e-05,0.000140135,2
9285,9290,9287.5,1.40135e-05,7.00673e-05,1
9295,9300,9297.5,2.80269e-05,0.000140135,2
9300,9305,9302.5,2.80269e-05,0.000140135,2
9315,9320,9317.5,4.20404e-05,0.000210202,3
9325,9330,9327.5,1.40135e-05,7.00673e-05,1
9330,9335,9332.5,2.80269e-05,0.000140135,2
9335,9340,9337.5,1.40135e-05,7.00673e-05,1
9340,9345,9342.5,1.40135e-05,7.00673e-05,1
9345,9350,9347.5,2.80269e-05,0.000140135,2
9355,9360,9357.5,2.80269e-05,0.000140135,2
9365,9370,9367.5,4.20404e-05,0.000210202,3
9370,9375,9372.5,1.40135e-05,7.00673e-05,1
9375,9380,9377.5,2.80269e-05,0.000140135,2
9380,9385,9382.5,2.80269e-05,0.000140135,2
9400,9405,9402.5,1.40135e-05,7.00673e-05,1
9405,9410,9407.5,1.40135e-05,7.00673e-05,1
9410,9415,9412.5,2.80269e-05,0.000140135,2
9415,9420,9417.5,1.40135e-05,7.00673e-05,1
9420,9425,9422.5,1.40135e-05,7.00673e-05,1
9425,9430,9427.5,2.80269e-05,0.000140135,2
9430,9435,9432.5,2.80269e-05,0.000140135,2
9450,9455,9452.5,1.40135e-05,7.00673e-05,1
9455,9460,9457.5,1.40135e-05,7.00673e-05,1
9460,9465,9462.5,1.40135e-05,7.00673e-05,1
9465,9470,9467.5,1.40135e-05,7.00673e-05,1
9470,9475,9472.5,2.80269e-05,0.000140135,2
9485,9490,9487.5,1.40135e-05,7.00673e-05,1
9505,9510,9507.5,1.40135e-05,7.00673e-05,1
9520,9525,9522.5,2.80269e-05,0.000140135,2
9530,9535,9532.5,4.20404e-05,0.000210202,3
9535,9540,9537.5,1.40135e-05,7.00673e-05,1
9550,9555,9552.5,1.40135e-05,7.00673e-05,1
9570,9575,9572.5,1.40135e-05,7.00673e-05,1
9585,9590,9587.5,1.40135e-05,7.00673e-05,1
9600,9605,9602.5,2.80269e-05,0.000140135,2
9605,9610,9607.5,1.40135e-05,7.00673e-05,1
9650,9655,9652.5,1.40135e-05,7.00673e-05,1
9665,9670,9667.5,2.80269e-05,0.000140135,2
9675,9680,9677.5,2.80269e-05,0.000140135,2
9715,9720,9717.5,1.40135e-05,7.00673e-05,1
9720,9725,9722.5,2.80269e-05,0.000140135,2
9730,9735,9732.5,1.40135e-05,7.00673e-05,1
9735,9740,9737.5,2.80269e-05,0.000140135,2
9745,9750,9747.5,1.40135e-05,7.00673e-05,1
9755,9760,9757.5,1.40135e-05,7.00673e-05,1
9760,9765,9762.5,2.80269e-05,0.000140135,2
9775,9780,9777.5,1.40135e-05,7.00673e-05,1
9795,9800,9797.5,2.80269e-05,0.000140135,2
9805,9810,9807.5,4.20404e-05,0.000210202,3
9825,9830,9827.5,1.40135e-05,7.00673e-05,1
9830,9835,9832.5,2.80269e-05,0.000140135,2
9835,9840,9837.5,4.20404e-05,0.000210202,3
9865,9870,9867.5,2.80269e-05,0.000140135,2
9885,9890,9887.5,1.40135e-05,7.00673e-05,1
9895,9900,9897.5,1.40135e-05,7.00673e-05,1
9905,9910,9907.5,1.40135e-05,7.00673e-05,1
9910,9915,9912.5,1.40135e-05,7.00673e-05,1
9920,9925,9922.5,2.80269e-05,0.000140135,2
9925,9930,9927.5,2.80269e-05,0.000140135,2
9930,9935,9932.5,1.40135e-05,7.00673e-05,1
9940,9945,9942.5,1.40135e-05,7.00673e-05,1
9945,9950,9947.5,2.80269e-05,0.000140135,2
9950,9955,9952.5,1.40135e-05,7.00673e-05,1
9980,9985,9982.5,2.80269e-05,0.000140135,2
9990,9995,9992.5,1.40135e-05,7.00673e-05,1
10000,10005,10002.5,1.40135e-05,7.00673e-05,1
10005,10010,10007.5,2.80269e-05,0.000140135,2
10010,10015,10012.5,2.80269e-05,0.000140135,2
10015,10020,10017.5,2.80269e-05,0.000140135,2
10050,10055,10052.5,1.40135e-05,7.00673e-05,1
10055,10060,10057.5,1.40135e-05,7.00673e-05,1
10075,10080,10077.5,1.40135e-05,7.00673e-05,1
10095,10100,10097.5,2.80269e-05,0.000140135,2
10100,10105,10102.5,4.20404e-05,0.000210202,3
10105,10110,10107.5,1.40135e-05,7.00673e-05,1
10115,10120,10117.5,1.40135e-05,7.00673e-05,1
10120,10125,10122.5,2.80269e-05,0.000140135,2
10125,10130,10127.5,1.40135e-05,7.00673e-05,1
10165,10170,10167.5,1.40135e-05,7.00673e-05,1
10185,10190,10187.5,1.40135e-05,7.00673e-05,1
10210,10215,10212.5,1.40135e-05,7.00673e-05,1
10215,10220,10217.5,2.80269e-05,0.000140135,2
10230,10235,10232.5,1.40135e-05,7.00673e-05,1
10235,10240,10237.5,1.40135e-05,7.00673e-05,1
10255,10260,10257.5,2.80269e-05,0.000140135,2
10285,10290,10287.5,1.40135e-05,7.00673e-05,1
10295,10300,10297.5,1.40135e-05,7.00673e-05,1
10300,10305,10302.5,1.40135e-05,7.00673e-05,1
10305,10310,10307.5,4.20404e-05,0.000210202,3
10310,10315,10312.5,1.40135e-05,7.00673e-05,1
10315,10320,10317.5,1.40135e-05,7.00673e-05,1
10325,10330,10327.5,2.80269e-05,0.000140135,2
10340,10345,10342.5,1.40135e-05,7.00673e-05,1
10345,10350,10347.5,1.40135e-05,7.00673e-05,1
10350,10355,10352.5,1.40135e-05,7.00673e-05,1
10360,10365,10362.5,2.80269e-05,0.000140135,2
10365,10370,10367.5,1.40135e-05,7.00673e-05,1
10375,10380,10377.5,2.80269e-05,0.000140135,2
10385,10390,10387.5,2.80269e-05,0.000140135,2
10400,10405,10402.5,2.80269e-05,0.000140135,2
10405,10410,10407.5,1.40135e-05,7.00673e-05,1
10430,10435,10432.5,5.60538e-05,0.000280269,4
10435,10440,10437.5,1.40135e-05,7.00673e-05,1
10440,10445,10442.5,1.40135e-05,7.00673e-05,1
10445,10450,10447.5,1.40135e-05,7.00673e-05,1
10455,10460,10457.5,1.40135e-05,7.00673e-05,1
10465,10470,10467.5,1.40135e-05,7.00673e-05,1
10475,10480,10477.5,1.40135e-05,7.00673e-05,1
10485,10490,10487.5,2.80269e-05,0.000140135,2
10490,10495,10492.5,2.80269e-05,0.000140135,2
10495,10500,10497.5,1.40135e-05,7.00673e-05,1
10510,10515,10512.5,1.40135e-05,7.00673e-05,1
10530,10535,10532.5,2.80269e-05,0.000140135,2
10560,10565,10562.5,2.80269e-05,0.000140135,2
10565,10570,10567.5,1.40135e-05,7.00673e-05,1
10600,10605,10602.5,2.80269e-05,0.000140135,2
10610,10615,10612.5,1.40135e-05,7.00673e-05,1
10615,10620,10617.5,1.40135e-05,7.00673e-05,1
10625,10630,10627.5,1.40135e-05,7.00673e-05,1
10630,10635,10632.5,1.40135e-05,7.00673e-05,1
10640,10645,10642.5,1.40135e-05,7.00673e-05,1
10655,10660,10657.5,2.80269e-05,0.000140135,2
10670,10675,10672.5,1.40135e-05,7.00673e-05,1
10680,10685,10682.5,1.40135e-05,7.00673e-05,1
10685,10690,10687.5,1.40135e-05,7.00673e-05,1
10690,10695,10692.5,1.40135e-05,7.00673e-05,1
10695,10700,10697.5,1.40135e-05,7.00673e-05,1
10705,10710,10707.5,1.40135e-05,7.00673e-05,1
10710,10715,10712.5,1.40135e-05,7.00673e-05,1
10725,10730,10727.5,1.40135e-05,7.00673e-05,1
10740,10745,10742.5,1.40135e-05,7.00673e-05,1
10745,10750,10747.5,1.40135e-05,7.00673e-05,1
10760,10765,10762.5,1.40135e-05,7.00673e-05,1
10775,10780,10777.5,2.80269e-05,0.000140135,2
10780,10785,10782.5,2.80269e-05,0.000140135,2
10785,10790,10787.5,2.80269e-05,0.000140135,2
10790,10795,10792.5,1.40135e-05,7.00673e-05,1
10800,10805,10802.5,1.40135e-05,7.00673e-05,1
10810,10815,10812.5,2.80269e-05,0.000140135,2
10835,10840,10837.5,4.20404e-05,0.000210202,3
10850,10855,10852.5,1.40135e-05,7.00673e-05,1
10860,10865,10862.5,1.40135e-05,7.00673e-05,1
10865,10870,10867.5,1.40135e-05,7.00673e-05,1
10870,10875,10872.5,1.40135e-05,7.00673e-05,1
10895,10900,10897.5,1.40135e-05,7.00673e-05,1
10900,10905,10902.5,1.40135e-05,7.00673e-05,1
10905,10910,10907.5,1.40135e-05,7.00673e-05,1
10910,10915,10912.5,2.80269e-05,0.000140135,2
10915,10920,10917.5,1.40135e-05,7.00673e-05,1
10920,10925,10922.5,4.20404e-05,0.000210202,3
10925,10930,10927.5,1.40135e-05,7.00673e-05,1
10950,10955,10952.5,1.40135e-05,7.00673e-05,1
10960,10965,10962.5,1.40135e-05,7.00673e-05,1
10980,10985,10982.5,1.40135e-05,7.00673e-05,1
10985,10990,10987.5,1.40135e-05,7.00673e-05,1
11005,11010,11007.5,2.80269e-05,0.000140135,2
11015,11020,11017.5,1.40135e-05,7.00673e-05,1
11020,11025,11022.5,1.40135e-05,7.00673e-05,1
11030,11035,11032.5,1.40135e-05,7.00673e-05,1
11035,11040,11037.5,1.40135e-05,7.00673e-05,1
11040,11045,11042.5,1.40135e-05,7.00673e-05,1
11050,11055,11052.5,1.40135e-05,7.00673e-05,1
11095,11100,11097.5,1.40135e-05,7.00673e-05,1
11105,11110,11107.5,2.80269e-05,0.000140135,2
11115,11120,11117.5,1.40135e-05,7.00673e-05,1
11120,11125,11122.5,1.40135e-05,7.00673e-05,1
11130,11135,11132.5,1.40135e-05,7.00673e-05,1
11145,11150,11147.5,1.40135e-05,7.00673e-05,1
11165,11170,11167.5,1.40135e-05,7.00673e-05,1
11170,11175,11172.5,1.40135e-05,7.00673e-05,1
11180,11185,11182.5,2.80269e-05,0.000140135,2
11200,11205,11202.5,1.40135e-05,7.00673e-05,1
11225,11230,11227.5,1.40135e-05,7.00673e-05,1
11230,11235,11232.5,2.80269e-05,0.000140135,2
11235,11240,11237.5,2.80269e-05,0.000140135,2
11240,11245,11242.5,2.80269e-05,0.000140135,2
11245,11250,11247.5,1.40135e-05,7.00673e-05,1
11255,11260,11257.5,1.40135e-05,7.00673e-05,1
11260,11265,11262.5,1.40135e-05,7.00673e-05,1
11265,11270,11267.5,1.40135e-05,7.00673e-05,1
11290,11295,11292.5,1.40135e-05,7.00673e-05,1
11295,11300,11297.5,1.40135e-05,7.00673e-05,1
11320,11325,11322.5,1.40135e-05,7.00673e-05,1
11330,11335,11332.5,1.40135e-05,7.00673e-05,1
11350,11355,11352.5,5.60538e-05,0.000280269,4
11370,11375,11372.5,1.40135e-05,7.00673e-05,1
11390,11395,11392.5,1.40135e-05,7.00673e-05,1
11400,11405,11402.5,1.40135e-05,7.00673e-05,1
11420,11425,11422.5,1.40135e-05,7.00673e-05,1
11430,11435,11432.5,1.40135e-05,7.00673e-05,1
11435,11440,11437.5,1.40135e-05,7.00673e-05,1
11445,11450,11447.5,1.40135e-05,7.00673e-05,1
11450,11455,11452.5,4.20404e-05,0.000210202,3
11455,11460,11457.5,1.40135e-05,7.00673e-05,1
11460,11465,11462.5,1.40135e-05,7.00673e-05,1
11485,11490,11487.5,2.80269e-05,0.000140135,2
11490,11495,11492.5,1.40135e-05,7.00673e-05,1
11495,11500,11497.5,1.40135e-05,7.00673e-05,1
11510,11515,11512.5,1.40135e-05,7.00673e-05,1
11515,11520,11517.5,1.40135e-05,7.00673e-05,1
11545,11550,11547.5,1.40135e-05,7.00673e-05,1
11550,11555,11552.5,1.40135e-05,7.00673e-05,1
11560,11565,11562.5,1.40135e-05,7.00673e-05,1
11565,11570,11567.5,2.80269e-05,0.000140135,2
11570,11575,11572.5,2.80269e-05,0.000140135,2
11575,11580,11577.5,1.40135e-05,7.00673e-05,1
11590,11595,11592.5,2.80269e-05,0.000140135,2
11605,11610,11607.5,1.40135e-05,7.00673e-05,1
11610,11615,11612.5,1.40135e-05,7.00673e-05,1
11615,11620,11617.5,1.40135e-05,7.00673e-05,1
11640,11645,11642.5,1.40135e-05,7.00673e-05,1
11665,11670,11667.5,1.40135e-05,7.00673e-05,1
11675,11680,11677.5,1.40135e-05,7.00673e-05,1
11685,11690,11687.5,1.40135e-05,7.00673e-05,1
11705,11710,11707.5,1.40135e-05,7.00673e-05,1
11720,11725,11722.5,1.40135e-05,7.00673e-05,1
11725,11730,11727.5,1.40135e-05,7.00673e-05,1
11765,11770,11767.5,1.40135e-05,7.00673e-05,1
11775,11780,11777.5,1.40135e-05,7.00673e-05,1
11780,11785,11782.5,1.40135e-05,7.00673e-05,1
11850,11855,11852.5,1.40135e-05,7.00673e-05,1
11885,11890,11887.5,1.40135e-05,7.00673e-05,1
11890,11895,11892.5,1.40135e-05,7.00673e-05,1
11905,11910,11907.5,1.40135e-05,7.00673e-05,1
11925,11930,11927.5,1.40135e-05,7.00673e-05,1
11930,11935,11932.5,2.80269e-05,0.000140135,2
11940,11945,11942.5,2.80269e-05,0.000140135,2
11950,11955,11952.5,1.40135e-05,7.00673e-05,1
11975,11980,11977.5,1.40135e-05,7.00673e-05,1
12030,12035,12032.5,1.40135e-05,7.00673e-05,1
12035,12040,12037.5,1.40135e-05,7.00673e-05,1
12055,12060,12057.5,1.40135e-05,7.00673e-05,1
12070,12075,12072.5,1.40135e-05,7.00673e-05,1
12095,12100,12097.5,2.80269e-05,0.000140135,2
12110,12115,12112.5,1.40135e-05,7.00673e-05,1
12115,12120,12117.5,1.40135e-05,7.00673e-05,1
12130,12135,12132.5,1.40135e-05,7.00673e-05,1
12145,12150,12147.5,1.40135e-05,7.00673e-05,1
12160,12165,12162.5,1.40135e-05,7.00673e-05,1
12165,12170,12167.5,1.40135e-05,7.00673e-05,1
12175,12180,12177.5,1.40135e-05,7.00673e-05,1
12180,12185,12182.5,1.40135e-05,7.00673e-05,1
12195,12200,12197.5,1.40135e-05,7.00673e-05,1
12210,12215,12212.5,1.40135e-05,7.00673e-05,1
12215,12220,12217.5,1.40135e-05,7.00673e-05,1
12255,12260,12257.5,1.40135e-05,7.00673e-05,1
12270,12275,12272.5,1.40135e-05,7.00673e-05,1
12280,12285,12282.5,1.40135e-05,7.00673e-05,1
12310,12315,12312.5,1.40135e-05,7.00673e-05,1
12330,12335,12332.5,1.40135e-05,7.00673e-05,1
12340,12345,12342.5,2.80269e-05,0.000140135,2
12350,12355,12352.5,1.40135e-05,7.00673e-05,1
12385,12390,12387.5,1.40135e-05,7.00673e-05,1
12435,12440,12437.5,1.40135e-05,7.00673e-05,1
12440,12445,12442.5,1.40135e-05,7.00673e-05,1
12445,12450,12447.5,1.40135e-05,7.00673e-05,1
12450,12455,12452.5,1.40135e-05,7.00673e-05,1
12460,12465,12462.5,1.40135e-05,7.00673e-05,1
12465,12470,12467.5,1.40135e-05,7.00673e-05,1
12495,12500,12497.5,1.40135e-05,7.00673e-05,1
12505,12510,12507.5,4.20404e-05,0.000210202,3
12510,12515,12512.5,2.80269e-05,0.000140135,2
12520,12525,12522.5,1.40135e-05,7.00673e-05,1
12535,12540,12537.5,1.40135e-05,7.00673e-05,1
12560,12565,12562.5,1.40135e-05,7.00673e-05,1
12565,12570,12567.5,1.40135e-05,7.00673e-05,1
12570,12575,12572.5,1.40135e-05,7.00673e-05,1
12585,12590,12587.5,1.40135e-05,7.00673e-05,1
12595,12600,12597.5,1.40135e-05,7.00673e-05,1
12600,12605,12602.5,1.40135e-05,7.00673e-05,1
12620,12625,12622.5,1.40135e-05,7.00673e-05,1
12630,12635,12632.5,1.40135e-05,7.00673e-05,1
12645,12650,12647.5,1.40135e-05,7.00673e-05,1
12650,12655,12652.5,1.40135e-05,7.00673e-05,1
12660,12665,12662.5,1.40135e-05,7.00673e-05,1
12675,12680,12677.5,1.40135e-05,7.00673e-05,1
12690,12695,12692.5,1.40135e-05,7.00673e-05,1
12750,12755,12752.5,1.40135e-05,7.00673e-05,1
12770,12775,12772.5,1.40135e-05,7.00673e-05,1
12775,12780,12777.5,1.40135e-05,7.00673e-05,1
12815,12820,12817.5,1.40135e-05,7.00673e-05,1
12845,12850,12847.5,1.40135e-05,7.00673e-05,1
12855,12860,12857.5,1.40135e-05,7.00673e-05,1
12860,12865,12862.5,1.40135e-05,7.00673e-05,1
12875,12880,12877.5,1.40135e-05,7.00673e-05,1
12900,12905,12902.5,1.40135e-05,7.00673e-05,1
12910,12915,12912.5,1.40135e-05,7.00673e-05,1
12915,12920,12917.5,1.40135e-05,7.00673e-05,1
12920,12925,12922.5,1.40135e-05,7.00673e-05,1
12925,12930,12927.5,1.40135e-05,7.00673e-05,1
12950,12955,12952.5,1.40135e-05,7.00673e-05,1
12960,12965,12962.5,2.80269e-05,0.000140135,2
12975,12980,12977.5,1.40135e-05,7.00673e-05,1
12985,12990,12987.5,1.40135e-05,7.00673e-05,1
12990,12995,12992.5,1.40135e-05,7.00673e-05,1
13010,13015,13012.5,1.40135e-05,7.00673e-05,1
13020,13025,13022.5,1.40135e-05,7.00673e-05,1
13040,13045,13042.5,1.40135e-05,7.00673e-05,1
13045,13050,13047.5,2.80269e-05,0.000140135,2
13060,13065,13062.5,1.40135e-05,7.00673e-05,1
13090,13095,13092.5,1.40135e-05,7.00673e-05,1
13105,13110,13107.5,1.40135e-05,7.00673e-05,1
13130,13135,13132.5,1.40135e-05,7.00673e-05,1
13135,13140,13137.5,1.40135e-05,7.00673e-05,1
13160,13165,13162.5,1.40135e-05,7.00673e-05,1
13175,13180,13177.5,1.40135e-05,7.00673e-05,1
13180,13185,13182.5,1.40135e-05,7.00673e-05,1
13205,13210,13207.5,1.40135e-05,7.00673e-05,1
13215,13220,13217.5,1.40135e-05,7.00673e-05,1
13230,13235,13232.5,1.40135e-05,7.00673e-05,1
13235,13240,13237.5,1.40135e-05,7.00673e-05,1
13240,13245,13242.5,1.40135e-05,7.00673e-05,1
13250,13255,13252.5,1.40135e-05,7.00673e-05,1
13260,13265,13262.5,1.40135e-05,7.00673e-05,1
13270,13275,13272.5,1.40135e-05,7.00673e-05,1
13295,13300,13297.5,1.40135e-05,7.00673e-05,1
13305,13310,13307.5,1.40135e-05,7.00673e-05,1
13330,13335,13332.5,1.40135e-05,7.00673e-05,1
13335,13340,13337.5,1.40135e-05,7.00673e-05,1
13350,13355,13352.5,1.40135e-05,7.00673e-05,1
13365,13370,13367.5,1.40135e-05,7.00673e-05,1
13370,13375,13372.5,2.80269e-05,0.000140135,2
13420,13425,13422.5,1.40135e-05,7.00673e-05,1
13425,13430,13427.5,2.80269e-05,0.000140135,2
13445,13450,13447.5,1.40135e-05,7.00673e-05,1
13450,13455,13452.5,1.40135e-05,7.00673e-05,1
13475,13480,13477.5,1.40135e-05,7.00673e-05,1
13500,13505,13502.5,1.40135e-05,7.00673e-05,1
13505,13510,13507.5,1.40135e-05,7.00673e-05,1
13535,13540,13537.5,1.40135e-05,7.00673e-05,1
13545,13550,13547.5,1.40135e-05,7.00673e-05,1
13560,13565,13562.5,1.40135e-05,7.00673e-05,1
13630,13635,13632.5,1.40135e-05,7.00673e-05,1
13645,13650,13647.5,1.40135e-05,7.00673e-05,1
13660,13665,13662.5,1.40135e-05,7.00673e-05,1
13675,13680,13677.5,1.40135e-05,7.00673e-05,1
13700,13705,13702.5,1.40135e-05,7.00673e-05,1
13705,13710,13707.5,1.40135e-05,7.00673e-05,1
13725,13730,13727.5,1.40135e-05,7.00673e-05,1
13730,13735,13732.5,1.40135e-05,7.00673e-05,1
13785,13790,13787.5,1.40135e-05,7.00673e-05,1
13820,13825,13822.5,1.40135e-05,7.00673e-05,1
13825,13830,13827.5,1.40135e-05,7.00673e-05,1
13870,13875,13872.5,1.40135e-05,7.00673e-05,1
13880,13885,13882.5,1.40135e-05,7.00673e-05,1
13885,13890,13887.5,1.40135e-05,7.00673e-05,1
13890,13895,13892.5,1.40135e-05,7.00673e-05,1
13930,13935,13932.5,1.40135e-05,7.00673e-05,1
13940,13945,13942.5,1.40135e-05,7.00673e-05,1
13945,13950,13947.5,1.40135e-05,7.00673e-05,1
14025,14030,14027.5,1.40135e-05,7.00673e-05,1
14060,14065,14062.5,1.40135e-05,7.00673e-05,1
14090,14095,14092.5,1.40135e-05,7.00673e-05,1
14115,14120,14117.5,1.40135e-05,7.00673e-05,1
14140,14145,14142.5,2.80269e-05,0.000140135,2
14145,14150,14147.5,1.40135e-05,7.00673e-05,1
14160,14165,14162.5,1.40135e-05,7.00673e-05,1
14180,14185,14182.5,1.40135e-05,7.00673e-05,1
14200,14205,14202.5,1.40135e-05,7.00673e-05,1
14235,14240,14237.5,1.40135e-05,7.00673e-05,1
14240,14245,14242.5,2.80269e-05,0.000140135,2
14250,14255,14252.5,2.80269e-05,0.000140135,2
14275,14280,14277.5,2.80269e-05,0.000140135,2
14290,14295,14292.5,1.40135e-05,7.00673e-05,1
14305,14310,14307.5,2.80269e-05,0.000140135,2
14325,14330,14327.5,1.40135e-05,7.00673e-05,1
14330,14335,14332.5,4.20404e-05,0.000210202,3
14340,14345,14342.5,1.40135e-05,7.00673e-05,1
14360,14365,14362.5,1.40135e-05,7.00673e-05,1
14385,14390,14387.5,1.40135e-05,7.00673e-05,1
14400,14405,14402.5,1.40135e-05,7.00673e-05,1
14410,14415,14412.5,1.40135e-05,7.00673e-05,1
14420,14425,14422.5,1.40135e-05,7.00673e-05,1
14430,14435,14432.5,2.80269e-05,0.000140135,2
14450,14455,14452.5,1.40135e-05,7.00673e-05,1
14470,14475,14472.5,1.40135e-05,7.00673e-05,1
14475,14480,14477.5,1.40135e-05,7.00673e-05,1
14500,14505,14502.5,1.40135e-05,7.00673e-05,1
14515,14520,14517.5,1.40135e-05,7.00673e-05,1
14540,14545,14542.5,1.40135e-05,7.00673e-05,1
14555,14560,14557.5,1.40135e-05,7.00673e-05,1
14610,14615,14612.5,2.80269e-05,0.000140135,2
14635,14640,14637.5,1.40135e-05,7.00673e-05,1
14655,14660,14657.5,1.40135e-05,7.00673e-05,1
14660,14665,14662.5,1.40135e-05,7.00673e-05,1
14685,14690,14687.5,1.40135e-05,7.00673e-05,1
14735,14740,14737.5,1.40135e-05,7.00673e-05,1
14775,14780,14777.5,1.40135e-05,7.00673e-05,1
14800,14805,14802.5,1.40135e-05,7.00673e-05,1
14825,14830,14827.5,1.40135e-05,7.00673e-05,1
14840,14845,14842.5,1.40135e-05,7.00673e-05,1
14860,14865,14862.5,2.80269e-05,0.000140135,2
14875,14880,14877.5,1.40135e-05,7.00673e-05,1
14925,14930,14927.5,1.40135e-05,7.00673e-05,1
14935,14940,14937.5,1.40135e-05,7.00673e-05,1
15090,15095,15092.5,1.40135e-05,7.00673e-05,1
15185,15190,15187.5,1.40135e-05,7.00673e-05,1
15195,15200,15197.5,1.40135e-05,7.00673e-05,1
15205,15210,15207.5,1.40135e-05,7.00673e-05,1
15210,15215,15212.5,1.40135e-05,7.00673e-05,1
15230,15235,15232.5,1.40135e-05,7.00673e-05,1
15260,15265,15262.5,1.40135e-05,7.00673e-05,1
15335,15340,15337.5,1.40135e-05,7.00673e-05,1
15345,15350,15347.5,1.40135e-05,7.00673e-05,1
15350,15355,15352.5,1.40135e-05,7.00673e-05,1
15365,15370,15367.5,1.40135e-05,7.00673e-05,1
15445,15450,15447.5,1.40135e-05,7.00673e-05,1
15455,15460,15457.5,1.40135e-05,7.00673e-05,1
15520,15525,15522.5,1.40135e-05,7.00673e-05,1
15530,15535,15532.5,1.40135e-05,7.00673e-05,1
15560,15565,15562.5,1.40135e-05,7.00673e-05,1
15580,15585,15582.5,1.40135e-05,7.00673e-05,1
15605,15610,15607.5,1.40135e-05,7.00673e-05,1
15615,15620,15617.5,1.40135e-05,7.00673e-05,1
15640,15645,15642.5,1.40135e-05,7.00673e-05,1
15705,15710,15707.5,1.40135e-05,7.00673e-05,1
15710,15715,15712.5,1.40135e-05,7.00673e-05,1
15720,15725,15722.5,2.80269e-05,0.000140135,2
15740,15745,15742.5,1.40135e-05,7.00673e-05,1
15745,15750,15747.5,1.40135e-05,7.00673e-05,1
15770,15775,15772.5,1.40135e-05,7.00673e-05,1
15945,15950,15947.5,2.80269e-05,0.000140135,2
15960,15965,15962.5,1.40135e-05,7.00673e-05,1
16000,16005,16002.5,2.80269e-05,0.000140135,2
16105,16110,16107.5,1.40135e-05,7.00673e-05,1
16120,16125,16122.5,1.40135e-05,7.00673e-05,1
16140,16145,16142.5,1.40135e-05,7.00673e-05,1
16150,16155,16152.5,1.40135e-05,7.00673e-05,1
16180,16185,16182.5,1.40135e-05,7.00673e-05,1
16370,16375,16372.5,1.40135e-05,7.00673e-05,1
16460,16465,16462.5,1.40135e-05,7.00673e-05,1
16480,16485,16482.5,1.40135e-05,7.00673e-05,1
16485,16490,16487.5,1.40135e-05,7.00673e-05,1
16555,16560,16557.5,1.40135e-05,7.00673e-05,1
16565,16570,16567.5,1.40135e-05,7.00673e-05,1
16570,16575,16572.5,1.40135e-05,7.00673e-05,1
16650,16655,16652.5,1.40135e-05,7.00673e-05,1
16760,16765,16762.5,1.40135e-05,7.00673e-05,1
16765,16770,16767.5,1.40135e-05,7.00673e-05,1
16865,16870,16867.5,1.40135e-05,7.00673e-05,1
16910,16915,16912.5,1.40135e-05,7.00673e-05,1
17020,17025,17022.5,1.40135e-05,7.00673e-05,1
17030,17035,17032.5,1.40135e-05,7.00673e-05,1
17070,17075,17072.5,1.40135e-05,7.00673e-05,1
17085,17090,17087.5,1.40135e-05,7.00673e-05,1
17205,17210,17207.5,1.40135e-05,7.00673e-05,1
17295,17300,17297.5,1.40135e-05,7.00673e-05,1
17445,17450,17447.5,1.40135e-05,7.00673e-05,1
17450,17455,17452.5,1.40135e-05,7.00673e-05,1
17510,17515,17512.5,1.40135e-05,7.00673e-05,1
17540,17545,17542.5,1.40135e-05,7.00673e-05,1
17580,17585,17582.5,1.40135e-05,7.00673e-05,1
17615,17620,17617.5,1.40135e-05,7.00673e-05,1
17670,17675,17672.5,1.40135e-05,7.00673e-05,1
17730,17735,17732.5,1.40135e-05,7.00673e-05,1
17750,17755,17752.5,1.40135e-05,7.00673e-05,1
17980,17985,17982.5,2.80269e-05,0.000140135,2
18050,18055,18052.5,1.40135e-05,7.00673e-05,1
18380,18385,18382.5,1.40135e-05,7.00673e-05,1
18470,18475,18472.5,1.40135e-05,7.00673e-05,1
18535,18540,18537.5,1.40135e-05,7.00673e-05,1
18615,18620,18617.5,1.40135e-05,7.00673e-05,1
18735,18740,18737.5,1.40135e-05,7.00673e-05,1
18820,18825,18822.5,1.40135e-05,7.00673e-05,1
19105,19110,19107.5,1.40135e-05,7.00673e-05,1
19180,19185,19182.5,1.40135e-05,7.00673e-05,1
19410,19415,19412.5,1.40135e-05,7.00673e-05,1
19425,19430,19427.5,1.40135e-05,7.00673e-05,1
19565,19570,19567.5,1.40135e-05,7.00673e-05,1
19630,19635,19632.5,1.40135e-05,7.00673e-05,1
19785,19790,19787.5,1.40135e-05,7.00673e-05,1
19825,19830,19827.5,1.40135e-05,7.00673e-05,1
20010,20015,20012.5,1.40135e-05,7.00673e-05,1
20365,20370,20367.5,1.40135e-05,7.00673e-05,1
20695,20700,20697.5,1.40135e-05,7.00673e-05,1
20730,20735,20732.5,1.40135e-05,7.00673e-05,1
20835,20840,20837.5,1.40135e-05,7.00673e-05,1
20935,20940,20937.5,1.40135e-05,7.00673e-05,1
20945,20950,20947.5,1.40135e-05,7.00673e-05,1
21245,21250,21247.5,1.40135e-05,7.00673e-05,1
21390,21395,21392.5,1.40135e-05,7.00673e-05,1
21700,21705,21702.5,1.40135e-05,7.00673e-05,1
22185,22190,22187.5,1.40135e-05,7.00673e-05,1
22645,22650,22647.5,1.40135e-05,7.00673e-05,1
22775,22780,22777.5,1.40135e-05,7.00673e-05,1
23260,23265,23262.5,1.40135e-05,7.00673e-05,1
23720,23725,23722.5,1.40135e-05,7.00673e-05,1
23835,23840,23837.5,1.40135e-05,7.00673e-05,1
24630,24635,24632.5,1.40135e-05,7.00673e-05,1
25310,25315,25312.5,1.40135e-05,7.00673e-05,1
25950,25955,25952.5,1.40135e-05,7.00673e-05,1
26100,26105,26102.5,1.40135e-05,7.00673e-05,1
26245,26250,26247.5,1.40135e-05,7.00673e-05,1
26295,26300,26297.5,1.40135e-05,7.00673e-05,1
26365,26370,26367.5,1.40135e-05,7.00673e-05,1
27460,27465,27462.5,1.40135e-05,7.00673e-05,1
27575,27580,27577.5,1.40135e-05,7.00673e-05,1
28470,28475,28472.5,1.40135e-05,7.00673e-05,1
28630,28635,28632.5,1.40135e-05,7.00673e-05,1
31750,31755,31752.5,1.40135e-05,7.00673e-05,1
32275,32280,32277.5,1.40135e-05,7.00673e-05,1
33325,33330,33327.5,1.40135e-05,7.00673e-05,1
33550,33555,33552.5,1.40135e-05,7.00673e-05,1
40345,40350,40347.5,1.40135e-05,7.00673e-05,1
VO Delay PDF CSV saved: scratch/delay_pdf/pedca_vo_delay_pdf.csv

P-EDCA STA Delay PDF CSV saved: /home/nathanlo/ns-3.45/scratch/delay_pdf/11be/adaptive_compare_burst/adaptive_k15_s2.csv
Legacy STA Delay PDF CSV saved: /home/nathanlo/ns-3.45/scratch/delay_pdf/11be/adaptive_compare_burst/adaptive_k15_s2_legacy.csv
--- EXTENDED_STATS_BEGIN ---
PEDCA_STA_SUCC_COUNT: 5452
PEDCA_STA_FAIL_COUNT: 69
PEDCA_STA_ZERO_RETX: 5452
LEGACY_STA_SUCC_COUNT: 8820
LEGACY_STA_FAIL_COUNT: 402
LEGACY_STA_ZERO_RETX: 8816
PEDCA_STA_AVG_MAC_DELAY: 2899.59
PEDCA_STA_AVG_QUEUE_DELAY: 2557.98
PEDCA_STA_AVG_ACCESS_DELAY: 341.609
LEGACY_STA_AVG_MAC_DELAY: 2331.33
LEGACY_STA_AVG_QUEUE_DELAY: 2028.51
LEGACY_STA_AVG_ACCESS_DELAY: 302.814
--- EXTENDED_STATS_END ---
