[INFO] std::clog redirected to: /dev/null

--- Per-STA P-EDCA Detail ---
  STA0: DS-CTS=228 S2Entry=228 S2Tx=162 PedcaOK=154 EdcaOK=432 FailCTS=4 FailColl=4 FailExp=0 Defer=0
  STA1: DS-CTS=44 S2Entry=44 S2Tx=36 PedcaOK=35 EdcaOK=603 FailCTS=1 FailColl=0 FailExp=0 Defer=0
  STA2: DS-CTS=174 S2Entry=174 S2Tx=134 PedcaOK=129 EdcaOK=319 FailCTS=3 FailColl=2 FailExp=0 Defer=0
  STA3: DS-CTS=114 S2Entry=114 S2Tx=96 PedcaOK=95 EdcaOK=535 FailCTS=0 FailColl=1 FailExp=0 Defer=0
  STA4: DS-CTS=24 S2Entry=24 S2Tx=17 PedcaOK=16 EdcaOK=726 FailCTS=1 FailColl=0 FailExp=0 Defer=0
  STA5: DS-CTS=164 S2Entry=164 S2Tx=120 PedcaOK=109 EdcaOK=309 FailCTS=5 FailColl=6 FailExp=0 Defer=0
  STA6: DS-CTS=31 S2Entry=31 S2Tx=26 PedcaOK=24 EdcaOK=709 FailCTS=1 FailColl=1 FailExp=0 Defer=0
  STA7: DS-CTS=5 S2Entry=5 S2Tx=5 PedcaOK=4 EdcaOK=3 FailCTS=1 FailColl=0 FailExp=0 Defer=0
  STA8: DS-CTS=182 S2Entry=182 S2Tx=145 PedcaOK=141 EdcaOK=458 FailCTS=1 FailColl=3 FailExp=0 Defer=0
  STA9: DS-CTS=4 S2Entry=4 S2Tx=4 PedcaOK=3 EdcaOK=2 FailCTS=1 FailColl=0 FailExp=0 Defer=0
  STA10: DS-CTS=34 S2Entry=34 S2Tx=31 PedcaOK=29 EdcaOK=593 FailCTS=1 FailColl=1 FailExp=0 Defer=0
  STA11: DS-CTS=228 S2Entry=228 S2Tx=181 PedcaOK=168 EdcaOK=348 FailCTS=4 FailColl=9 FailExp=0 Defer=0
  STA12: DS-CTS=79 S2Entry=79 S2Tx=69 PedcaOK=67 EdcaOK=452 FailCTS=0 FailColl=2 FailExp=0 Defer=0
  STA13: DS-CTS=84 S2Entry=84 S2Tx=65 PedcaOK=62 EdcaOK=557 FailCTS=2 FailColl=1 FailExp=0 Defer=0
  STA14: DS-CTS=5 S2Entry=5 S2Tx=5 PedcaOK=5 EdcaOK=0 FailCTS=0 FailColl=0 FailExp=0 Defer=0

=== General Statistics ===
P-EDCA Ratio: 0.5
P-EDCA STAs: 15/30
P-EDCA Share (Avg Per-STA P-EDCA Tx/Total Tx): 27.1983 %
Avg P-EDCA Attempt Success Rate: 77.6787 %
Global P-EDCA Tx Success: 1041
Global EDCA Tx Success: 6046
Global P-EDCA Attempt (DS-CTS Sent): 1400

--- P-EDCA Detailed Trace ---
Stage 2 Entered: 1400
Stage 2 TX Started: 1096
P-EDCA Fail RTS No CTS: 25
P-EDCA Fail RTS Collision: 30
P-EDCA Fail Timing Expired: 0
P-EDCA Fail Deferral: 0
Total VO TX (P-EDCA+EDCA): 7087
Global P-EDCA Share: 14.6889 %
Global EDCA Share: 85.3111 %
Channel Idle Time (AP): 25.4124 % (1.77887e+06 us / 7e+06 us)
Total Successes:       14288
Total Failures:        605
Total Retransmissions: 2

--- Per-AC Success Statistics ---
AC_BE:
  Successes:         52
  Throughput:        0.0594286 Mbps
  Packet Loss:       31.5789 %
  Avg Retx/MPDU:     0
  Avg Queue Delay:   -1.70412e+06 us (Enqueue->TxStart)
  Avg Access Delay:  1.76572e+06 us (TxStart->Ack)
  Avg MAC Delay:     61598.1 us (Total: Enqueue->Ack)

AC_VO:
  Successes:         14236
  Throughput:        16.2697 Mbps
  Packet Loss:       3.92117 %
  Avg Retx/MPDU:     0.000140489
  Avg Queue Delay:   2076.17 us (Enqueue->TxStart)
  Avg Access Delay:  302.65 us (TxStart->Ack)
  Avg MAC Delay:     2378.82 us (Total: Enqueue->Ack)

--- Per-AC Failure Statistics ---
AC_BE Failures: 24
AC_VO Failures: 581

--- Failure Reasons by AC ---
  AC_BE EXPIRED_LIFETIME: 24
  AC_VO RETRY_LIMIT: 581


=== Extended P-EDCA vs Legacy Statistics ===

--- [Stat 1] Delay by STA Type ---
P-EDCA STAs (15 STAs):
  Successes:         7586
  Failures:          12
  Throughput:        8.66971 Mbps
  Packet Loss:       0.157936 %
  Avg Queue Delay:   1776.19 us
  Avg Access Delay:  280.736 us
  Avg MAC Delay:     2056.92 us
  Median MAC Delay:  1339 us
  P95 MAC Delay:     5764 us
  P99 MAC Delay:     12175 us
Legacy EDCA STAs (15 STAs):
  Successes:         6652
  Failures:          569
  Throughput:        7.60229 Mbps
  Packet Loss:       7.8798 %
  Avg Queue Delay:   2418.55 us
  Avg Access Delay:  327.586 us
  Avg MAC Delay:     2746.13 us
  Median MAC Delay:  1717 us
  P95 MAC Delay:     9708 us
  P99 MAC Delay:     14305 us

--- [Stat 2] Per-STA P-EDCA Attempt Count (DS-CTS Sent) ---
  STA0: 228 P-EDCA attempts
  STA1: 44 P-EDCA attempts
  STA2: 174 P-EDCA attempts
  STA3: 114 P-EDCA attempts
  STA4: 24 P-EDCA attempts
  STA5: 164 P-EDCA attempts
  STA6: 31 P-EDCA attempts
  STA7: 5 P-EDCA attempts
  STA8: 182 P-EDCA attempts
  STA9: 4 P-EDCA attempts
  STA10: 34 P-EDCA attempts
  STA11: 228 P-EDCA attempts
  STA12: 79 P-EDCA attempts
  STA13: 84 P-EDCA attempts
  STA14: 5 P-EDCA attempts
  Total: 1400 P-EDCA attempts across 15 P-EDCA STAs
  Avg per P-EDCA STA: 93.3333

--- [Stat 3] P-EDCA One-Shot Success Probability ---
  P-EDCA Success / DS-CTS Sent:      1041 / 1400 = 74.3571 %
  P-EDCA Success / Stage2 TX Started: 1041 / 1096 = 94.9818 %  (given RTS was actually sent)

--- [Stat 4] EDCA One-Shot Success Ratio (0 retransmissions) ---
  Legacy STAs: 6652 / 6652 = 100 %
  P-EDCA STAs: 7584 / 7586 = 99.9736 %  (MAC-level, includes both P-EDCA and EDCA paths)

--- [Stat 5] P-EDCA Kickback-to-EDCA Probability ---
  Total P-EDCA Failures: 55 / 1400 DS-CTS = 3.92857 %
    RTS No CTS:       25 (1.78571 %)
    RTS Collision:    30 (2.14286 %)
    Timing Expired:   0 (0 %)
    Deferral:         0 (0 %)

--- [Stat 6] P-EDCA RTS Collision Probability ---
  RTS Collision / Stage2 TX Started: 30 / 1096 = 2.73723 %
  RTS Collision / DS-CTS Sent:       30 / 1400 = 2.14286 %

--- [Stat 7] P-EDCA Attempts per Successful P-EDCA TX ---
  DS-CTS Sent / P-EDCA Success: 1400 / 1041 = 1.34486 attempts/success
  Stage2 TX / P-EDCA Success:   1096 / 1041 = 1.05283 RTS/success

--- VO Delay PDF (MAC Delay) ---
bin_start_us,bin_end_us,bin_mid_us,pdf_per_us,probability,count
210,215,212.5,1.40489e-05,7.02445e-05,1
215,220,217.5,0.000112391,0.000561956,8
220,225,222.5,7.02445e-05,0.000351222,5
225,230,227.5,9.83422e-05,0.000491711,7
230,235,232.5,5.61956e-05,0.000280978,4
235,240,237.5,5.61956e-05,0.000280978,4
240,245,242.5,0.000112391,0.000561956,8
245,250,247.5,5.61956e-05,0.000280978,4
250,255,252.5,5.61956e-05,0.000280978,4
255,260,257.5,0.000112391,0.000561956,8
260,265,262.5,0.000112391,0.000561956,8
265,270,267.5,0.00012644,0.0006322,9
270,275,272.5,0.00012644,0.0006322,9
275,280,277.5,0.00012644,0.0006322,9
280,285,282.5,0.000112391,0.000561956,8
285,290,287.5,8.42933e-05,0.000421467,6
290,295,292.5,0.000168587,0.000842933,12
295,300,297.5,5.61956e-05,0.000280978,4
300,305,302.5,0.000196684,0.000983422,14
305,310,307.5,0.00012644,0.0006322,9
310,315,312.5,2.80978e-05,0.000140489,2
315,320,317.5,0.000168587,0.000842933,12
320,325,322.5,8.42933e-05,0.000421467,6
325,330,327.5,9.83422e-05,0.000491711,7
330,335,332.5,5.61956e-05,0.000280978,4
335,340,337.5,0.000154538,0.000772689,11
340,345,342.5,0.00177016,0.0088508,126
345,350,347.5,0.00238831,0.0119416,170
350,355,352.5,0.00133464,0.00667322,95
355,360,357.5,0.000786738,0.00393369,56
360,365,362.5,0.000828885,0.00414442,59
365,370,367.5,0.000660298,0.00330149,47
370,375,372.5,0.00106772,0.00533858,76
375,380,377.5,0.000365271,0.00182636,26
380,385,382.5,0.000238831,0.00119416,17
385,390,387.5,0.000280978,0.00140489,20
390,395,392.5,0.000393369,0.00196684,28
395,400,397.5,0.000421467,0.00210733,30
400,405,402.5,0.000351222,0.00175611,25
405,410,407.5,0.000365271,0.00182636,26
410,415,412.5,0.00037932,0.0018966,27
415,420,417.5,0.000323124,0.00161562,23
420,425,422.5,0.000295027,0.00147513,21
425,430,427.5,0.000491711,0.00245856,35
430,435,432.5,0.000238831,0.00119416,17
435,440,437.5,0.000280978,0.00140489,20
440,445,442.5,0.000337173,0.00168587,24
445,450,447.5,0.000295027,0.00147513,21
450,455,452.5,0.0151728,0.075864,1080
455,460,457.5,0.000323124,0.00161562,23
460,465,462.5,0.000421467,0.00210733,30
465,470,467.5,0.000351222,0.00175611,25
470,475,472.5,0.000365271,0.00182636,26
475,480,477.5,0.000393369,0.00196684,28
480,485,482.5,0.000463613,0.00231807,33
485,490,487.5,0.00037932,0.0018966,27
490,495,492.5,0.000393369,0.00196684,28
495,500,497.5,0.00037932,0.0018966,27
500,505,502.5,0.000421467,0.00210733,30
505,510,507.5,0.000407418,0.00203709,29
510,515,512.5,0.000449564,0.00224782,32
515,520,517.5,0.000323124,0.00161562,23
520,525,522.5,0.00037932,0.0018966,27
525,530,527.5,0.000407418,0.00203709,29
530,535,532.5,0.000449564,0.00224782,32
535,540,537.5,0.000295027,0.00147513,21
540,545,542.5,0.000407418,0.00203709,29
545,550,547.5,0.000491711,0.00245856,35
550,555,552.5,0.000463613,0.00231807,33
555,560,557.5,0.000449564,0.00224782,32
560,565,562.5,0.000730542,0.00365271,52
565,570,567.5,0.000351222,0.00175611,25
570,575,572.5,0.000519809,0.00259904,37
575,580,577.5,0.000323124,0.00161562,23
580,585,582.5,0.000547907,0.00273953,39
585,590,587.5,0.00025288,0.0012644,18
590,595,592.5,0.000646249,0.00323124,46
595,600,597.5,0.000337173,0.00168587,24
600,605,602.5,0.000435516,0.00217758,31
605,610,607.5,0.000477662,0.00238831,34
610,615,612.5,0.000154538,0.000772689,11
615,620,617.5,0.000393369,0.00196684,28
620,625,622.5,0.000435516,0.00217758,31
625,630,627.5,0.000463613,0.00231807,33
630,635,632.5,0.000477662,0.00238831,34
635,640,637.5,0.000449564,0.00224782,32
640,645,642.5,0.000351222,0.00175611,25
645,650,647.5,0.000323124,0.00161562,23
650,655,652.5,0.000590053,0.00295027,42
655,660,657.5,0.000280978,0.00140489,20
660,665,662.5,0.000407418,0.00203709,29
665,670,667.5,0.000435516,0.00217758,31
670,675,672.5,0.00369486,0.0184743,263
675,680,677.5,0.000295027,0.00147513,21
680,685,682.5,0.000421467,0.00210733,30
685,690,687.5,0.000337173,0.00168587,24
690,695,692.5,0.000280978,0.00140489,20
695,700,697.5,0.000280978,0.00140489,20
700,705,702.5,0.000393369,0.00196684,28
705,710,707.5,0.000323124,0.00161562,23
710,715,712.5,0.000337173,0.00168587,24
715,720,717.5,0.000463613,0.00231807,33
720,725,722.5,0.000309076,0.00154538,22
725,730,727.5,0.000323124,0.00161562,23
730,735,732.5,0.00025288,0.0012644,18
735,740,737.5,0.000337173,0.00168587,24
740,745,742.5,0.000295027,0.00147513,21
745,750,747.5,0.000337173,0.00168587,24
750,755,752.5,0.00025288,0.0012644,18
755,760,757.5,0.000421467,0.00210733,30
760,765,762.5,0.000323124,0.00161562,23
765,770,767.5,0.000365271,0.00182636,26
770,775,772.5,0.000393369,0.00196684,28
775,780,777.5,0.00025288,0.0012644,18
780,785,782.5,0.000983422,0.00491711,70
785,790,787.5,0.000309076,0.00154538,22
790,795,792.5,0.000168587,0.000842933,12
795,800,797.5,0.000196684,0.000983422,14
800,805,802.5,0.000154538,0.000772689,11
805,810,807.5,0.000337173,0.00168587,24
810,815,812.5,0.00025288,0.0012644,18
815,820,817.5,0.000168587,0.000842933,12
820,825,822.5,0.00025288,0.0012644,18
825,830,827.5,0.000210733,0.00105367,15
830,835,832.5,0.000154538,0.000772689,11
835,840,837.5,0.000365271,0.00182636,26
840,845,842.5,0.000280978,0.00140489,20
845,850,847.5,0.000295027,0.00147513,21
850,855,852.5,0.000337173,0.00168587,24
855,860,857.5,0.000266929,0.00133464,19
860,865,862.5,0.000182636,0.000913178,13
865,870,867.5,0.000224782,0.00112391,16
870,875,872.5,0.000210733,0.00105367,15
875,880,877.5,0.000210733,0.00105367,15
880,885,882.5,0.00037932,0.0018966,27
885,890,887.5,0.000309076,0.00154538,22
890,895,892.5,0.000828885,0.00414442,59
895,900,897.5,0.000449564,0.00224782,32
900,905,902.5,0.00025288,0.0012644,18
905,910,907.5,0.00012644,0.0006322,9
910,915,912.5,0.000140489,0.000702445,10
915,920,917.5,0.000280978,0.00140489,20
920,925,922.5,0.000365271,0.00182636,26
925,930,927.5,0.000309076,0.00154538,22
930,935,932.5,0.000280978,0.00140489,20
935,940,937.5,0.00025288,0.0012644,18
940,945,942.5,0.000280978,0.00140489,20
945,950,947.5,0.000309076,0.00154538,22
950,955,952.5,0.000421467,0.00210733,30
955,960,957.5,0.000309076,0.00154538,22
960,965,962.5,0.000280978,0.00140489,20
965,970,967.5,0.00025288,0.0012644,18
970,975,972.5,0.000295027,0.00147513,21
975,980,977.5,0.000351222,0.00175611,25
980,985,982.5,0.000561956,0.00280978,40
985,990,987.5,0.000407418,0.00203709,29
990,995,992.5,0.000407418,0.00203709,29
995,1000,997.5,0.00050576,0.0025288,36
1000,1005,1002.5,0.000337173,0.00168587,24
1005,1010,1007.5,0.000266929,0.00133464,19
1010,1015,1012.5,0.000238831,0.00119416,17
1015,1020,1017.5,0.000266929,0.00133464,19
1020,1025,1022.5,0.000196684,0.000983422,14
1025,1030,1027.5,0.000309076,0.00154538,22
1030,1035,1032.5,0.000266929,0.00133464,19
1035,1040,1037.5,0.000295027,0.00147513,21
1040,1045,1042.5,0.00037932,0.0018966,27
1045,1050,1047.5,0.00025288,0.0012644,18
1050,1055,1052.5,0.000280978,0.00140489,20
1055,1060,1057.5,0.000280978,0.00140489,20
1060,1065,1062.5,0.000280978,0.00140489,20
1065,1070,1067.5,0.000280978,0.00140489,20
1070,1075,1072.5,0.000238831,0.00119416,17
1075,1080,1077.5,0.000154538,0.000772689,11
1080,1085,1082.5,0.000224782,0.00112391,16
1085,1090,1087.5,0.000280978,0.00140489,20
1090,1095,1092.5,0.000435516,0.00217758,31
1095,1100,1097.5,0.000224782,0.00112391,16
1100,1105,1102.5,0.00037932,0.0018966,27
1105,1110,1107.5,0.000266929,0.00133464,19
1110,1115,1112.5,0.000224782,0.00112391,16
1115,1120,1117.5,0.000309076,0.00154538,22
1120,1125,1122.5,0.000168587,0.000842933,12
1125,1130,1127.5,0.000266929,0.00133464,19
1130,1135,1132.5,0.000210733,0.00105367,15
1135,1140,1137.5,0.00037932,0.0018966,27
1140,1145,1142.5,0.000112391,0.000561956,8
1145,1150,1147.5,0.000393369,0.00196684,28
1150,1155,1152.5,0.000309076,0.00154538,22
1155,1160,1157.5,0.000351222,0.00175611,25
1160,1165,1162.5,0.000224782,0.00112391,16
1165,1170,1167.5,0.00025288,0.0012644,18
1170,1175,1172.5,0.000323124,0.00161562,23
1175,1180,1177.5,0.000280978,0.00140489,20
1180,1185,1182.5,0.000266929,0.00133464,19
1185,1190,1187.5,0.000477662,0.00238831,34
1190,1195,1192.5,0.000323124,0.00161562,23
1195,1200,1197.5,0.000182636,0.000913178,13
1200,1205,1202.5,0.000393369,0.00196684,28
1205,1210,1207.5,0.000421467,0.00210733,30
1210,1215,1212.5,0.000309076,0.00154538,22
1215,1220,1217.5,0.000295027,0.00147513,21
1220,1225,1222.5,0.00037932,0.0018966,27
1225,1230,1227.5,0.000295027,0.00147513,21
1230,1235,1232.5,0.000224782,0.00112391,16
1235,1240,1237.5,0.000196684,0.000983422,14
1240,1245,1242.5,0.000309076,0.00154538,22
1245,1250,1247.5,0.000224782,0.00112391,16
1250,1255,1252.5,0.000238831,0.00119416,17
1255,1260,1257.5,0.000266929,0.00133464,19
1260,1265,1262.5,0.000280978,0.00140489,20
1265,1270,1267.5,0.000154538,0.000772689,11
1270,1275,1272.5,0.000210733,0.00105367,15
1275,1280,1277.5,0.000266929,0.00133464,19
1280,1285,1282.5,0.000210733,0.00105367,15
1285,1290,1287.5,0.000224782,0.00112391,16
1290,1295,1292.5,0.00025288,0.0012644,18
1295,1300,1297.5,0.000295027,0.00147513,21
1300,1305,1302.5,0.000238831,0.00119416,17
1305,1310,1307.5,0.000280978,0.00140489,20
1310,1315,1312.5,0.000266929,0.00133464,19
1315,1320,1317.5,0.000210733,0.00105367,15
1320,1325,1322.5,0.000266929,0.00133464,19
1325,1330,1327.5,0.000140489,0.000702445,10
1330,1335,1332.5,0.000238831,0.00119416,17
1335,1340,1337.5,0.000407418,0.00203709,29
1340,1345,1342.5,0.000154538,0.000772689,11
1345,1350,1347.5,0.000210733,0.00105367,15
1350,1355,1352.5,0.000182636,0.000913178,13
1355,1360,1357.5,0.000168587,0.000842933,12
1360,1365,1362.5,0.000280978,0.00140489,20
1365,1370,1367.5,0.000196684,0.000983422,14
1370,1375,1372.5,0.00025288,0.0012644,18
1375,1380,1377.5,0.000309076,0.00154538,22
1380,1385,1382.5,0.000154538,0.000772689,11
1385,1390,1387.5,0.000266929,0.00133464,19
1390,1395,1392.5,0.000295027,0.00147513,21
1395,1400,1397.5,0.00025288,0.0012644,18
1400,1405,1402.5,0.000238831,0.00119416,17
1405,1410,1407.5,0.000196684,0.000983422,14
1410,1415,1412.5,0.000266929,0.00133464,19
1415,1420,1417.5,0.000266929,0.00133464,19
1420,1425,1422.5,0.000309076,0.00154538,22
1425,1430,1427.5,0.000365271,0.00182636,26
1430,1435,1432.5,0.000323124,0.00161562,23
1435,1440,1437.5,0.000238831,0.00119416,17
1440,1445,1442.5,0.000238831,0.00119416,17
1445,1450,1447.5,0.000210733,0.00105367,15
1450,1455,1452.5,0.000309076,0.00154538,22
1455,1460,1457.5,0.000140489,0.000702445,10
1460,1465,1462.5,0.000196684,0.000983422,14
1465,1470,1467.5,0.000238831,0.00119416,17
1470,1475,1472.5,0.000224782,0.00112391,16
1475,1480,1477.5,0.000168587,0.000842933,12
1480,1485,1482.5,0.000238831,0.00119416,17
1485,1490,1487.5,0.000238831,0.00119416,17
1490,1495,1492.5,0.000196684,0.000983422,14
1495,1500,1497.5,0.000224782,0.00112391,16
1500,1505,1502.5,0.000238831,0.00119416,17
1505,1510,1507.5,0.000224782,0.00112391,16
1510,1515,1512.5,0.000280978,0.00140489,20
1515,1520,1517.5,0.000196684,0.000983422,14
1520,1525,1522.5,0.000266929,0.00133464,19
1525,1530,1527.5,0.000238831,0.00119416,17
1530,1535,1532.5,0.000295027,0.00147513,21
1535,1540,1537.5,0.000266929,0.00133464,19
1540,1545,1542.5,0.000196684,0.000983422,14
1545,1550,1547.5,0.000210733,0.00105367,15
1550,1555,1552.5,0.000224782,0.00112391,16
1555,1560,1557.5,0.000196684,0.000983422,14
1560,1565,1562.5,0.000295027,0.00147513,21
1565,1570,1567.5,0.000224782,0.00112391,16
1570,1575,1572.5,0.00012644,0.0006322,9
1575,1580,1577.5,0.000210733,0.00105367,15
1580,1585,1582.5,0.000196684,0.000983422,14
1585,1590,1587.5,0.000140489,0.000702445,10
1590,1595,1592.5,0.000196684,0.000983422,14
1595,1600,1597.5,0.000266929,0.00133464,19
1600,1605,1602.5,0.000280978,0.00140489,20
1605,1610,1607.5,0.000168587,0.000842933,12
1610,1615,1612.5,0.000154538,0.000772689,11
1615,1620,1617.5,0.00025288,0.0012644,18
1620,1625,1622.5,0.000168587,0.000842933,12
1625,1630,1627.5,0.000168587,0.000842933,12
1630,1635,1632.5,0.000168587,0.000842933,12
1635,1640,1637.5,0.000266929,0.00133464,19
1640,1645,1642.5,0.000266929,0.00133464,19
1645,1650,1647.5,0.000196684,0.000983422,14
1650,1655,1652.5,0.000210733,0.00105367,15
1655,1660,1657.5,0.000238831,0.00119416,17
1660,1665,1662.5,0.000238831,0.00119416,17
1665,1670,1667.5,0.000154538,0.000772689,11
1670,1675,1672.5,0.000196684,0.000983422,14
1675,1680,1677.5,0.00025288,0.0012644,18
1680,1685,1682.5,0.000196684,0.000983422,14
1685,1690,1687.5,0.000266929,0.00133464,19
1690,1695,1692.5,0.000196684,0.000983422,14
1695,1700,1697.5,0.000154538,0.000772689,11
1700,1705,1702.5,0.000196684,0.000983422,14
1705,1710,1707.5,0.000266929,0.00133464,19
1710,1715,1712.5,0.000280978,0.00140489,20
1715,1720,1717.5,0.000224782,0.00112391,16
1720,1725,1722.5,0.00025288,0.0012644,18
1725,1730,1727.5,0.000295027,0.00147513,21
1730,1735,1732.5,0.000238831,0.00119416,17
1735,1740,1737.5,0.000196684,0.000983422,14
1740,1745,1742.5,0.000224782,0.00112391,16
1745,1750,1747.5,0.000323124,0.00161562,23
1750,1755,1752.5,0.00012644,0.0006322,9
1755,1760,1757.5,0.000351222,0.00175611,25
1760,1765,1762.5,0.000182636,0.000913178,13
1765,1770,1767.5,0.000154538,0.000772689,11
1770,1775,1772.5,0.000154538,0.000772689,11
1775,1780,1777.5,0.000182636,0.000913178,13
1780,1785,1782.5,0.000168587,0.000842933,12
1785,1790,1787.5,0.000210733,0.00105367,15
1790,1795,1792.5,0.000224782,0.00112391,16
1795,1800,1797.5,0.000140489,0.000702445,10
1800,1805,1802.5,0.000182636,0.000913178,13
1805,1810,1807.5,0.000154538,0.000772689,11
1810,1815,1812.5,0.000196684,0.000983422,14
1815,1820,1817.5,9.83422e-05,0.000491711,7
1820,1825,1822.5,8.42933e-05,0.000421467,6
1825,1830,1827.5,0.000168587,0.000842933,12
1830,1835,1832.5,0.000168587,0.000842933,12
1835,1840,1837.5,0.000224782,0.00112391,16
1840,1845,1842.5,0.000168587,0.000842933,12
1845,1850,1847.5,0.000196684,0.000983422,14
1850,1855,1852.5,0.000196684,0.000983422,14
1855,1860,1857.5,0.000154538,0.000772689,11
1860,1865,1862.5,0.00025288,0.0012644,18
1865,1870,1867.5,0.000112391,0.000561956,8
1870,1875,1872.5,0.00025288,0.0012644,18
1875,1880,1877.5,0.00025288,0.0012644,18
1880,1885,1882.5,0.00012644,0.0006322,9
1885,1890,1887.5,0.000238831,0.00119416,17
1890,1895,1892.5,0.000238831,0.00119416,17
1895,1900,1897.5,0.00025288,0.0012644,18
1900,1905,1902.5,0.000238831,0.00119416,17
1905,1910,1907.5,0.000182636,0.000913178,13
1910,1915,1912.5,9.83422e-05,0.000491711,7
1915,1920,1917.5,0.000196684,0.000983422,14
1920,1925,1922.5,0.000140489,0.000702445,10
1925,1930,1927.5,0.00012644,0.0006322,9
1930,1935,1932.5,0.000140489,0.000702445,10
1935,1940,1937.5,9.83422e-05,0.000491711,7
1940,1945,1942.5,0.000168587,0.000842933,12
1945,1950,1947.5,0.000210733,0.00105367,15
1950,1955,1952.5,0.000238831,0.00119416,17
1955,1960,1957.5,0.000182636,0.000913178,13
1960,1965,1962.5,0.000224782,0.00112391,16
1965,1970,1967.5,0.000224782,0.00112391,16
1970,1975,1972.5,0.000168587,0.000842933,12
1975,1980,1977.5,0.000168587,0.000842933,12
1980,1985,1982.5,0.000210733,0.00105367,15
1985,1990,1987.5,0.000140489,0.000702445,10
1990,1995,1992.5,0.000266929,0.00133464,19
1995,2000,1997.5,0.000182636,0.000913178,13
2000,2005,2002.5,0.000154538,0.000772689,11
2005,2010,2007.5,0.000224782,0.00112391,16
2010,2015,2012.5,0.000140489,0.000702445,10
2015,2020,2017.5,0.000168587,0.000842933,12
2020,2025,2022.5,0.000154538,0.000772689,11
2025,2030,2027.5,5.61956e-05,0.000280978,4
2030,2035,2032.5,9.83422e-05,0.000491711,7
2035,2040,2037.5,0.000140489,0.000702445,10
2040,2045,2042.5,9.83422e-05,0.000491711,7
2045,2050,2047.5,0.000168587,0.000842933,12
2050,2055,2052.5,0.00012644,0.0006322,9
2055,2060,2057.5,0.000112391,0.000561956,8
2060,2065,2062.5,0.000196684,0.000983422,14
2065,2070,2067.5,0.000112391,0.000561956,8
2070,2075,2072.5,0.000182636,0.000913178,13
2075,2080,2077.5,0.000196684,0.000983422,14
2080,2085,2082.5,5.61956e-05,0.000280978,4
2085,2090,2087.5,0.000168587,0.000842933,12
2090,2095,2092.5,0.000224782,0.00112391,16
2095,2100,2097.5,0.000140489,0.000702445,10
2100,2105,2102.5,0.000154538,0.000772689,11
2105,2110,2107.5,0.000196684,0.000983422,14
2110,2115,2112.5,0.000196684,0.000983422,14
2115,2120,2117.5,0.000154538,0.000772689,11
2120,2125,2122.5,0.000112391,0.000561956,8
2125,2130,2127.5,0.000182636,0.000913178,13
2130,2135,2132.5,0.000154538,0.000772689,11
2135,2140,2137.5,9.83422e-05,0.000491711,7
2140,2145,2142.5,7.02445e-05,0.000351222,5
2145,2150,2147.5,0.000224782,0.00112391,16
2150,2155,2152.5,0.000196684,0.000983422,14
2155,2160,2157.5,0.000168587,0.000842933,12
2160,2165,2162.5,0.000154538,0.000772689,11
2165,2170,2167.5,0.000112391,0.000561956,8
2170,2175,2172.5,0.000140489,0.000702445,10
2175,2180,2177.5,0.00025288,0.0012644,18
2180,2185,2182.5,9.83422e-05,0.000491711,7
2185,2190,2187.5,0.000196684,0.000983422,14
2190,2195,2192.5,0.000168587,0.000842933,12
2195,2200,2197.5,0.000323124,0.00161562,23
2200,2205,2202.5,7.02445e-05,0.000351222,5
2205,2210,2207.5,0.000182636,0.000913178,13
2210,2215,2212.5,0.000238831,0.00119416,17
2215,2220,2217.5,0.000182636,0.000913178,13
2220,2225,2222.5,8.42933e-05,0.000421467,6
2225,2230,2227.5,0.000140489,0.000702445,10
2230,2235,2232.5,9.83422e-05,0.000491711,7
2235,2240,2237.5,0.000140489,0.000702445,10
2240,2245,2242.5,0.000168587,0.000842933,12
2245,2250,2247.5,0.000182636,0.000913178,13
2250,2255,2252.5,0.00012644,0.0006322,9
2255,2260,2257.5,0.000154538,0.000772689,11
2260,2265,2262.5,0.00012644,0.0006322,9
2265,2270,2267.5,0.000140489,0.000702445,10
2270,2275,2272.5,0.000182636,0.000913178,13
2275,2280,2277.5,0.00012644,0.0006322,9
2280,2285,2282.5,0.00012644,0.0006322,9
2285,2290,2287.5,0.000266929,0.00133464,19
2290,2295,2292.5,0.000182636,0.000913178,13
2295,2300,2297.5,0.00012644,0.0006322,9
2300,2305,2302.5,0.000168587,0.000842933,12
2305,2310,2307.5,0.000140489,0.000702445,10
2310,2315,2312.5,0.00012644,0.0006322,9
2315,2320,2317.5,0.00012644,0.0006322,9
2320,2325,2322.5,0.000168587,0.000842933,12
2325,2330,2327.5,0.000168587,0.000842933,12
2330,2335,2332.5,0.000112391,0.000561956,8
2335,2340,2337.5,5.61956e-05,0.000280978,4
2340,2345,2342.5,0.000140489,0.000702445,10
2345,2350,2347.5,0.000168587,0.000842933,12
2350,2355,2352.5,0.000182636,0.000913178,13
2355,2360,2357.5,0.000182636,0.000913178,13
2360,2365,2362.5,0.000140489,0.000702445,10
2365,2370,2367.5,0.000238831,0.00119416,17
2370,2375,2372.5,9.83422e-05,0.000491711,7
2375,2380,2377.5,0.000112391,0.000561956,8
2380,2385,2382.5,0.000112391,0.000561956,8
2385,2390,2387.5,0.000168587,0.000842933,12
2390,2395,2392.5,0.000154538,0.000772689,11
2395,2400,2397.5,0.000168587,0.000842933,12
2400,2405,2402.5,0.000112391,0.000561956,8
2405,2410,2407.5,0.00012644,0.0006322,9
2410,2415,2412.5,7.02445e-05,0.000351222,5
2415,2420,2417.5,0.000154538,0.000772689,11
2420,2425,2422.5,9.83422e-05,0.000491711,7
2425,2430,2427.5,0.000112391,0.000561956,8
2430,2435,2432.5,0.00012644,0.0006322,9
2435,2440,2437.5,0.000154538,0.000772689,11
2440,2445,2442.5,0.000168587,0.000842933,12
2445,2450,2447.5,9.83422e-05,0.000491711,7
2450,2455,2452.5,7.02445e-05,0.000351222,5
2455,2460,2457.5,5.61956e-05,0.000280978,4
2460,2465,2462.5,7.02445e-05,0.000351222,5
2465,2470,2467.5,0.000168587,0.000842933,12
2470,2475,2472.5,0.000140489,0.000702445,10
2475,2480,2477.5,5.61956e-05,0.000280978,4
2480,2485,2482.5,0.000112391,0.000561956,8
2485,2490,2487.5,0.00012644,0.0006322,9
2490,2495,2492.5,9.83422e-05,0.000491711,7
2495,2500,2497.5,0.000154538,0.000772689,11
2500,2505,2502.5,0.000154538,0.000772689,11
2505,2510,2507.5,0.000182636,0.000913178,13
2510,2515,2512.5,8.42933e-05,0.000421467,6
2515,2520,2517.5,8.42933e-05,0.000421467,6
2520,2525,2522.5,0.00012644,0.0006322,9
2525,2530,2527.5,0.000168587,0.000842933,12
2530,2535,2532.5,0.000168587,0.000842933,12
2535,2540,2537.5,9.83422e-05,0.000491711,7
2540,2545,2542.5,0.000182636,0.000913178,13
2545,2550,2547.5,0.000154538,0.000772689,11
2550,2555,2552.5,0.000140489,0.000702445,10
2555,2560,2557.5,8.42933e-05,0.000421467,6
2560,2565,2562.5,0.000154538,0.000772689,11
2565,2570,2567.5,0.00012644,0.0006322,9
2570,2575,2572.5,0.000154538,0.000772689,11
2575,2580,2577.5,0.000140489,0.000702445,10
2580,2585,2582.5,8.42933e-05,0.000421467,6
2585,2590,2587.5,9.83422e-05,0.000491711,7
2590,2595,2592.5,0.000224782,0.00112391,16
2595,2600,2597.5,8.42933e-05,0.000421467,6
2600,2605,2602.5,0.00012644,0.0006322,9
2605,2610,2607.5,9.83422e-05,0.000491711,7
2610,2615,2612.5,0.000140489,0.000702445,10
2615,2620,2617.5,0.000224782,0.00112391,16
2620,2625,2622.5,0.000154538,0.000772689,11
2625,2630,2627.5,0.000140489,0.000702445,10
2630,2635,2632.5,0.000238831,0.00119416,17
2635,2640,2637.5,0.000140489,0.000702445,10
2640,2645,2642.5,9.83422e-05,0.000491711,7
2645,2650,2647.5,0.000140489,0.000702445,10
2650,2655,2652.5,0.000112391,0.000561956,8
2655,2660,2657.5,0.000196684,0.000983422,14
2660,2665,2662.5,0.000168587,0.000842933,12
2665,2670,2667.5,0.000168587,0.000842933,12
2670,2675,2672.5,0.000140489,0.000702445,10
2675,2680,2677.5,7.02445e-05,0.000351222,5
2680,2685,2682.5,0.000154538,0.000772689,11
2685,2690,2687.5,5.61956e-05,0.000280978,4
2690,2695,2692.5,0.000224782,0.00112391,16
2695,2700,2697.5,8.42933e-05,0.000421467,6
2700,2705,2702.5,0.000140489,0.000702445,10
2705,2710,2707.5,8.42933e-05,0.000421467,6
2710,2715,2712.5,7.02445e-05,0.000351222,5
2715,2720,2717.5,0.000112391,0.000561956,8
2720,2725,2722.5,0.000210733,0.00105367,15
2725,2730,2727.5,9.83422e-05,0.000491711,7
2730,2735,2732.5,9.83422e-05,0.000491711,7
2735,2740,2737.5,0.000154538,0.000772689,11
2740,2745,2742.5,9.83422e-05,0.000491711,7
2745,2750,2747.5,0.00012644,0.0006322,9
2750,2755,2752.5,8.42933e-05,0.000421467,6
2755,2760,2757.5,8.42933e-05,0.000421467,6
2760,2765,2762.5,0.000182636,0.000913178,13
2765,2770,2767.5,7.02445e-05,0.000351222,5
2770,2775,2772.5,8.42933e-05,0.000421467,6
2775,2780,2777.5,0.000140489,0.000702445,10
2780,2785,2782.5,7.02445e-05,0.000351222,5
2785,2790,2787.5,0.000182636,0.000913178,13
2790,2795,2792.5,9.83422e-05,0.000491711,7
2795,2800,2797.5,0.000112391,0.000561956,8
2800,2805,2802.5,0.000140489,0.000702445,10
2805,2810,2807.5,0.000112391,0.000561956,8
2810,2815,2812.5,7.02445e-05,0.000351222,5
2815,2820,2817.5,8.42933e-05,0.000421467,6
2820,2825,2822.5,0.00012644,0.0006322,9
2825,2830,2827.5,0.000112391,0.000561956,8
2830,2835,2832.5,9.83422e-05,0.000491711,7
2835,2840,2837.5,0.000154538,0.000772689,11
2840,2845,2842.5,0.000112391,0.000561956,8
2845,2850,2847.5,0.000112391,0.000561956,8
2850,2855,2852.5,0.000224782,0.00112391,16
2855,2860,2857.5,0.000154538,0.000772689,11
2860,2865,2862.5,9.83422e-05,0.000491711,7
2865,2870,2867.5,8.42933e-05,0.000421467,6
2870,2875,2872.5,0.000112391,0.000561956,8
2875,2880,2877.5,0.00012644,0.0006322,9
2880,2885,2882.5,4.21467e-05,0.000210733,3
2885,2890,2887.5,0.000112391,0.000561956,8
2890,2895,2892.5,0.000168587,0.000842933,12
2895,2900,2897.5,0.00012644,0.0006322,9
2900,2905,2902.5,0.000154538,0.000772689,11
2905,2910,2907.5,9.83422e-05,0.000491711,7
2910,2915,2912.5,0.000140489,0.000702445,10
2915,2920,2917.5,0.000112391,0.000561956,8
2920,2925,2922.5,9.83422e-05,0.000491711,7
2925,2930,2927.5,0.000154538,0.000772689,11
2930,2935,2932.5,0.00012644,0.0006322,9
2935,2940,2937.5,0.000154538,0.000772689,11
2940,2945,2942.5,7.02445e-05,0.000351222,5
2945,2950,2947.5,0.000154538,0.000772689,11
2950,2955,2952.5,0.000154538,0.000772689,11
2955,2960,2957.5,9.83422e-05,0.000491711,7
2960,2965,2962.5,8.42933e-05,0.000421467,6
2965,2970,2967.5,0.000140489,0.000702445,10
2970,2975,2972.5,9.83422e-05,0.000491711,7
2975,2980,2977.5,8.42933e-05,0.000421467,6
2980,2985,2982.5,0.00012644,0.0006322,9
2985,2990,2987.5,7.02445e-05,0.000351222,5
2990,2995,2992.5,0.000154538,0.000772689,11
2995,3000,2997.5,9.83422e-05,0.000491711,7
3000,3005,3002.5,0.00012644,0.0006322,9
3005,3010,3007.5,0.000112391,0.000561956,8
3010,3015,3012.5,0.000140489,0.000702445,10
3015,3020,3017.5,0.000112391,0.000561956,8
3020,3025,3022.5,0.00012644,0.0006322,9
3025,3030,3027.5,0.000154538,0.000772689,11
3030,3035,3032.5,0.00012644,0.0006322,9
3035,3040,3037.5,0.000140489,0.000702445,10
3040,3045,3042.5,0.000154538,0.000772689,11
3045,3050,3047.5,0.000196684,0.000983422,14
3050,3055,3052.5,7.02445e-05,0.000351222,5
3055,3060,3057.5,0.000154538,0.000772689,11
3060,3065,3062.5,9.83422e-05,0.000491711,7
3065,3070,3067.5,0.000154538,0.000772689,11
3070,3075,3072.5,9.83422e-05,0.000491711,7
3075,3080,3077.5,0.000112391,0.000561956,8
3080,3085,3082.5,0.00012644,0.0006322,9
3085,3090,3087.5,0.000112391,0.000561956,8
3090,3095,3092.5,0.00012644,0.0006322,9
3095,3100,3097.5,0.000112391,0.000561956,8
3100,3105,3102.5,9.83422e-05,0.000491711,7
3105,3110,3107.5,8.42933e-05,0.000421467,6
3110,3115,3112.5,0.000168587,0.000842933,12
3115,3120,3117.5,0.00012644,0.0006322,9
3120,3125,3122.5,0.00012644,0.0006322,9
3125,3130,3127.5,0.00012644,0.0006322,9
3130,3135,3132.5,7.02445e-05,0.000351222,5
3135,3140,3137.5,0.000168587,0.000842933,12
3140,3145,3142.5,0.000154538,0.000772689,11
3145,3150,3147.5,8.42933e-05,0.000421467,6
3150,3155,3152.5,8.42933e-05,0.000421467,6
3155,3160,3157.5,0.000112391,0.000561956,8
3160,3165,3162.5,0.000168587,0.000842933,12
3165,3170,3167.5,0.00012644,0.0006322,9
3170,3175,3172.5,9.83422e-05,0.000491711,7
3175,3180,3177.5,9.83422e-05,0.000491711,7
3180,3185,3182.5,5.61956e-05,0.000280978,4
3185,3190,3187.5,0.000168587,0.000842933,12
3190,3195,3192.5,9.83422e-05,0.000491711,7
3195,3200,3197.5,0.000112391,0.000561956,8
3200,3205,3202.5,0.000168587,0.000842933,12
3205,3210,3207.5,0.000112391,0.000561956,8
3210,3215,3212.5,0.000154538,0.000772689,11
3215,3220,3217.5,9.83422e-05,0.000491711,7
3220,3225,3222.5,0.000112391,0.000561956,8
3225,3230,3227.5,8.42933e-05,0.000421467,6
3230,3235,3232.5,0.00012644,0.0006322,9
3235,3240,3237.5,0.000140489,0.000702445,10
3240,3245,3242.5,0.000154538,0.000772689,11
3245,3250,3247.5,9.83422e-05,0.000491711,7
3250,3255,3252.5,0.000154538,0.000772689,11
3255,3260,3257.5,0.000140489,0.000702445,10
3260,3265,3262.5,0.000112391,0.000561956,8
3265,3270,3267.5,9.83422e-05,0.000491711,7
3270,3275,3272.5,0.000112391,0.000561956,8
3275,3280,3277.5,0.000210733,0.00105367,15
3280,3285,3282.5,4.21467e-05,0.000210733,3
3285,3290,3287.5,0.000140489,0.000702445,10
3290,3295,3292.5,8.42933e-05,0.000421467,6
3295,3300,3297.5,0.000140489,0.000702445,10
3300,3305,3302.5,7.02445e-05,0.000351222,5
3305,3310,3307.5,0.000182636,0.000913178,13
3310,3315,3312.5,9.83422e-05,0.000491711,7
3315,3320,3317.5,7.02445e-05,0.000351222,5
3320,3325,3322.5,0.000112391,0.000561956,8
3325,3330,3327.5,0.000112391,0.000561956,8
3330,3335,3332.5,0.000112391,0.000561956,8
3335,3340,3337.5,0.000140489,0.000702445,10
3340,3345,3342.5,0.000140489,0.000702445,10
3345,3350,3347.5,4.21467e-05,0.000210733,3
3350,3355,3352.5,0.000112391,0.000561956,8
3355,3360,3357.5,0.000168587,0.000842933,12
3360,3365,3362.5,0.00012644,0.0006322,9
3365,3370,3367.5,4.21467e-05,0.000210733,3
3370,3375,3372.5,0.000112391,0.000561956,8
3375,3380,3377.5,9.83422e-05,0.000491711,7
3380,3385,3382.5,0.000112391,0.000561956,8
3385,3390,3387.5,0.000154538,0.000772689,11
3390,3395,3392.5,0.00012644,0.0006322,9
3395,3400,3397.5,4.21467e-05,0.000210733,3
3400,3405,3402.5,0.000112391,0.000561956,8
3405,3410,3407.5,5.61956e-05,0.000280978,4
3410,3415,3412.5,7.02445e-05,0.000351222,5
3415,3420,3417.5,7.02445e-05,0.000351222,5
3420,3425,3422.5,8.42933e-05,0.000421467,6
3425,3430,3427.5,0.000112391,0.000561956,8
3430,3435,3432.5,8.42933e-05,0.000421467,6
3435,3440,3437.5,0.000168587,0.000842933,12
3440,3445,3442.5,0.000154538,0.000772689,11
3445,3450,3447.5,0.000112391,0.000561956,8
3450,3455,3452.5,8.42933e-05,0.000421467,6
3455,3460,3457.5,9.83422e-05,0.000491711,7
3460,3465,3462.5,9.83422e-05,0.000491711,7
3465,3470,3467.5,8.42933e-05,0.000421467,6
3470,3475,3472.5,0.000196684,0.000983422,14
3475,3480,3477.5,7.02445e-05,0.000351222,5
3480,3485,3482.5,9.83422e-05,0.000491711,7
3485,3490,3487.5,0.000168587,0.000842933,12
3490,3495,3492.5,9.83422e-05,0.000491711,7
3495,3500,3497.5,9.83422e-05,0.000491711,7
3500,3505,3502.5,0.00012644,0.0006322,9
3505,3510,3507.5,0.00012644,0.0006322,9
3510,3515,3512.5,0.000182636,0.000913178,13
3515,3520,3517.5,7.02445e-05,0.000351222,5
3520,3525,3522.5,9.83422e-05,0.000491711,7
3525,3530,3527.5,0.000112391,0.000561956,8
3530,3535,3532.5,0.00012644,0.0006322,9
3535,3540,3537.5,0.000224782,0.00112391,16
3540,3545,3542.5,8.42933e-05,0.000421467,6
3545,3550,3547.5,0.00012644,0.0006322,9
3550,3555,3552.5,0.00012644,0.0006322,9
3555,3560,3557.5,4.21467e-05,0.000210733,3
3560,3565,3562.5,0.000140489,0.000702445,10
3565,3570,3567.5,7.02445e-05,0.000351222,5
3570,3575,3572.5,0.000140489,0.000702445,10
3575,3580,3577.5,0.000112391,0.000561956,8
3580,3585,3582.5,5.61956e-05,0.000280978,4
3585,3590,3587.5,0.00012644,0.0006322,9
3590,3595,3592.5,7.02445e-05,0.000351222,5
3595,3600,3597.5,9.83422e-05,0.000491711,7
3600,3605,3602.5,5.61956e-05,0.000280978,4
3605,3610,3607.5,0.000196684,0.000983422,14
3610,3615,3612.5,0.000112391,0.000561956,8
3615,3620,3617.5,7.02445e-05,0.000351222,5
3620,3625,3622.5,0.000112391,0.000561956,8
3625,3630,3627.5,5.61956e-05,0.000280978,4
3630,3635,3632.5,0.000112391,0.000561956,8
3635,3640,3637.5,9.83422e-05,0.000491711,7
3640,3645,3642.5,9.83422e-05,0.000491711,7
3645,3650,3647.5,5.61956e-05,0.000280978,4
3650,3655,3652.5,8.42933e-05,0.000421467,6
3655,3660,3657.5,0.00012644,0.0006322,9
3660,3665,3662.5,5.61956e-05,0.000280978,4
3665,3670,3667.5,8.42933e-05,0.000421467,6
3670,3675,3672.5,9.83422e-05,0.000491711,7
3675,3680,3677.5,0.000168587,0.000842933,12
3680,3685,3682.5,0.000182636,0.000913178,13
3685,3690,3687.5,0.000112391,0.000561956,8
3690,3695,3692.5,8.42933e-05,0.000421467,6
3695,3700,3697.5,7.02445e-05,0.000351222,5
3700,3705,3702.5,0.000112391,0.000561956,8
3705,3710,3707.5,0.00012644,0.0006322,9
3710,3715,3712.5,7.02445e-05,0.000351222,5
3715,3720,3717.5,0.000140489,0.000702445,10
3720,3725,3722.5,8.42933e-05,0.000421467,6
3725,3730,3727.5,7.02445e-05,0.000351222,5
3730,3735,3732.5,0.000182636,0.000913178,13
3735,3740,3737.5,8.42933e-05,0.000421467,6
3740,3745,3742.5,0.000112391,0.000561956,8
3745,3750,3747.5,0.000154538,0.000772689,11
3750,3755,3752.5,7.02445e-05,0.000351222,5
3755,3760,3757.5,5.61956e-05,0.000280978,4
3760,3765,3762.5,8.42933e-05,0.000421467,6
3765,3770,3767.5,0.000168587,0.000842933,12
3770,3775,3772.5,0.000140489,0.000702445,10
3775,3780,3777.5,4.21467e-05,0.000210733,3
3780,3785,3782.5,5.61956e-05,0.000280978,4
3785,3790,3787.5,5.61956e-05,0.000280978,4
3790,3795,3792.5,9.83422e-05,0.000491711,7
3795,3800,3797.5,0.00012644,0.0006322,9
3800,3805,3802.5,0.00012644,0.0006322,9
3805,3810,3807.5,0.000140489,0.000702445,10
3810,3815,3812.5,5.61956e-05,0.000280978,4
3815,3820,3817.5,0.000112391,0.000561956,8
3820,3825,3822.5,0.00012644,0.0006322,9
3825,3830,3827.5,4.21467e-05,0.000210733,3
3830,3835,3832.5,4.21467e-05,0.000210733,3
3835,3840,3837.5,9.83422e-05,0.000491711,7
3840,3845,3842.5,9.83422e-05,0.000491711,7
3845,3850,3847.5,7.02445e-05,0.000351222,5
3850,3855,3852.5,0.000182636,0.000913178,13
3855,3860,3857.5,0.000140489,0.000702445,10
3860,3865,3862.5,0.000112391,0.000561956,8
3865,3870,3867.5,9.83422e-05,0.000491711,7
3870,3875,3872.5,8.42933e-05,0.000421467,6
3875,3880,3877.5,4.21467e-05,0.000210733,3
3880,3885,3882.5,7.02445e-05,0.000351222,5
3885,3890,3887.5,7.02445e-05,0.000351222,5
3890,3895,3892.5,9.83422e-05,0.000491711,7
3895,3900,3897.5,0.000182636,0.000913178,13
3900,3905,3902.5,9.83422e-05,0.000491711,7
3905,3910,3907.5,8.42933e-05,0.000421467,6
3910,3915,3912.5,7.02445e-05,0.000351222,5
3915,3920,3917.5,9.83422e-05,0.000491711,7
3920,3925,3922.5,5.61956e-05,0.000280978,4
3925,3930,3927.5,7.02445e-05,0.000351222,5
3930,3935,3932.5,4.21467e-05,0.000210733,3
3935,3940,3937.5,0.00012644,0.0006322,9
3940,3945,3942.5,8.42933e-05,0.000421467,6
3945,3950,3947.5,0.00012644,0.0006322,9
3950,3955,3952.5,7.02445e-05,0.000351222,5
3955,3960,3957.5,8.42933e-05,0.000421467,6
3960,3965,3962.5,0.000168587,0.000842933,12
3965,3970,3967.5,0.00012644,0.0006322,9
3970,3975,3972.5,0.00012644,0.0006322,9
3975,3980,3977.5,8.42933e-05,0.000421467,6
3980,3985,3982.5,4.21467e-05,0.000210733,3
3985,3990,3987.5,4.21467e-05,0.000210733,3
3990,3995,3992.5,0.000112391,0.000561956,8
3995,4000,3997.5,9.83422e-05,0.000491711,7
4000,4005,4002.5,4.21467e-05,0.000210733,3
4005,4010,4007.5,9.83422e-05,0.000491711,7
4010,4015,4012.5,2.80978e-05,0.000140489,2
4015,4020,4017.5,1.40489e-05,7.02445e-05,1
4020,4025,4022.5,4.21467e-05,0.000210733,3
4025,4030,4027.5,5.61956e-05,0.000280978,4
4030,4035,4032.5,0.000140489,0.000702445,10
4035,4040,4037.5,0.00012644,0.0006322,9
4040,4045,4042.5,0.000140489,0.000702445,10
4045,4050,4047.5,0.000112391,0.000561956,8
4050,4055,4052.5,8.42933e-05,0.000421467,6
4055,4060,4057.5,7.02445e-05,0.000351222,5
4060,4065,4062.5,0.00012644,0.0006322,9
4065,4070,4067.5,7.02445e-05,0.000351222,5
4070,4075,4072.5,0.000154538,0.000772689,11
4075,4080,4077.5,9.83422e-05,0.000491711,7
4080,4085,4082.5,8.42933e-05,0.000421467,6
4085,4090,4087.5,0.000154538,0.000772689,11
4090,4095,4092.5,8.42933e-05,0.000421467,6
4095,4100,4097.5,2.80978e-05,0.000140489,2
4100,4105,4102.5,2.80978e-05,0.000140489,2
4105,4110,4107.5,0.00012644,0.0006322,9
4110,4115,4112.5,0.000168587,0.000842933,12
4115,4120,4117.5,5.61956e-05,0.000280978,4
4120,4125,4122.5,0.00012644,0.0006322,9
4125,4130,4127.5,0.00012644,0.0006322,9
4130,4135,4132.5,0.000168587,0.000842933,12
4135,4140,4137.5,0.000112391,0.000561956,8
4140,4145,4142.5,5.61956e-05,0.000280978,4
4145,4150,4147.5,9.83422e-05,0.000491711,7
4150,4155,4152.5,7.02445e-05,0.000351222,5
4155,4160,4157.5,0.00012644,0.0006322,9
4160,4165,4162.5,9.83422e-05,0.000491711,7
4165,4170,4167.5,9.83422e-05,0.000491711,7
4170,4175,4172.5,0.000196684,0.000983422,14
4175,4180,4177.5,9.83422e-05,0.000491711,7
4180,4185,4182.5,0.00012644,0.0006322,9
4185,4190,4187.5,2.80978e-05,0.000140489,2
4190,4195,4192.5,0.000112391,0.000561956,8
4195,4200,4197.5,0.00012644,0.0006322,9
4200,4205,4202.5,0.000112391,0.000561956,8
4205,4210,4207.5,0.000112391,0.000561956,8
4210,4215,4212.5,0.000154538,0.000772689,11
4215,4220,4217.5,0.000154538,0.000772689,11
4220,4225,4222.5,8.42933e-05,0.000421467,6
4225,4230,4227.5,9.83422e-05,0.000491711,7
4230,4235,4232.5,0.00012644,0.0006322,9
4235,4240,4237.5,8.42933e-05,0.000421467,6
4240,4245,4242.5,9.83422e-05,0.000491711,7
4245,4250,4247.5,0.000112391,0.000561956,8
4250,4255,4252.5,0.00012644,0.0006322,9
4255,4260,4257.5,9.83422e-05,0.000491711,7
4260,4265,4262.5,2.80978e-05,0.000140489,2
4265,4270,4267.5,9.83422e-05,0.000491711,7
4270,4275,4272.5,9.83422e-05,0.000491711,7
4275,4280,4277.5,9.83422e-05,0.000491711,7
4280,4285,4282.5,9.83422e-05,0.000491711,7
4285,4290,4287.5,7.02445e-05,0.000351222,5
4290,4295,4292.5,0.00012644,0.0006322,9
4295,4300,4297.5,9.83422e-05,0.000491711,7
4300,4305,4302.5,0.000112391,0.000561956,8
4305,4310,4307.5,5.61956e-05,0.000280978,4
4310,4315,4312.5,0.00012644,0.0006322,9
4315,4320,4317.5,9.83422e-05,0.000491711,7
4320,4325,4322.5,0.000112391,0.000561956,8
4325,4330,4327.5,8.42933e-05,0.000421467,6
4330,4335,4332.5,9.83422e-05,0.000491711,7
4335,4340,4337.5,9.83422e-05,0.000491711,7
4340,4345,4342.5,0.000140489,0.000702445,10
4350,4355,4352.5,5.61956e-05,0.000280978,4
4355,4360,4357.5,2.80978e-05,0.000140489,2
4360,4365,4362.5,9.83422e-05,0.000491711,7
4365,4370,4367.5,1.40489e-05,7.02445e-05,1
4370,4375,4372.5,2.80978e-05,0.000140489,2
4375,4380,4377.5,7.02445e-05,0.000351222,5
4385,4390,4387.5,1.40489e-05,7.02445e-05,1
4390,4395,4392.5,4.21467e-05,0.000210733,3
4395,4400,4397.5,8.42933e-05,0.000421467,6
4400,4405,4402.5,7.02445e-05,0.000351222,5
4405,4410,4407.5,9.83422e-05,0.000491711,7
4410,4415,4412.5,4.21467e-05,0.000210733,3
4415,4420,4417.5,2.80978e-05,0.000140489,2
4420,4425,4422.5,4.21467e-05,0.000210733,3
4425,4430,4427.5,2.80978e-05,0.000140489,2
4430,4435,4432.5,2.80978e-05,0.000140489,2
4435,4440,4437.5,2.80978e-05,0.000140489,2
4440,4445,4442.5,4.21467e-05,0.000210733,3
4445,4450,4447.5,2.80978e-05,0.000140489,2
4450,4455,4452.5,4.21467e-05,0.000210733,3
4455,4460,4457.5,7.02445e-05,0.000351222,5
4460,4465,4462.5,4.21467e-05,0.000210733,3
4465,4470,4467.5,1.40489e-05,7.02445e-05,1
4470,4475,4472.5,7.02445e-05,0.000351222,5
4475,4480,4477.5,2.80978e-05,0.000140489,2
4480,4485,4482.5,2.80978e-05,0.000140489,2
4485,4490,4487.5,2.80978e-05,0.000140489,2
4490,4495,4492.5,4.21467e-05,0.000210733,3
4495,4500,4497.5,4.21467e-05,0.000210733,3
4500,4505,4502.5,2.80978e-05,0.000140489,2
4505,4510,4507.5,5.61956e-05,0.000280978,4
4515,4520,4517.5,4.21467e-05,0.000210733,3
4520,4525,4522.5,1.40489e-05,7.02445e-05,1
4525,4530,4527.5,5.61956e-05,0.000280978,4
4535,4540,4537.5,1.40489e-05,7.02445e-05,1
4540,4545,4542.5,2.80978e-05,0.000140489,2
4545,4550,4547.5,5.61956e-05,0.000280978,4
4550,4555,4552.5,5.61956e-05,0.000280978,4
4560,4565,4562.5,4.21467e-05,0.000210733,3
4565,4570,4567.5,7.02445e-05,0.000351222,5
4570,4575,4572.5,1.40489e-05,7.02445e-05,1
4575,4580,4577.5,4.21467e-05,0.000210733,3
4580,4585,4582.5,7.02445e-05,0.000351222,5
4585,4590,4587.5,2.80978e-05,0.000140489,2
4590,4595,4592.5,1.40489e-05,7.02445e-05,1
4595,4600,4597.5,5.61956e-05,0.000280978,4
4600,4605,4602.5,1.40489e-05,7.02445e-05,1
4605,4610,4607.5,7.02445e-05,0.000351222,5
4610,4615,4612.5,5.61956e-05,0.000280978,4
4615,4620,4617.5,4.21467e-05,0.000210733,3
4620,4625,4622.5,2.80978e-05,0.000140489,2
4625,4630,4627.5,1.40489e-05,7.02445e-05,1
4630,4635,4632.5,5.61956e-05,0.000280978,4
4635,4640,4637.5,4.21467e-05,0.000210733,3
4640,4645,4642.5,5.61956e-05,0.000280978,4
4645,4650,4647.5,2.80978e-05,0.000140489,2
4650,4655,4652.5,2.80978e-05,0.000140489,2
4655,4660,4657.5,4.21467e-05,0.000210733,3
4660,4665,4662.5,4.21467e-05,0.000210733,3
4665,4670,4667.5,4.21467e-05,0.000210733,3
4670,4675,4672.5,4.21467e-05,0.000210733,3
4675,4680,4677.5,4.21467e-05,0.000210733,3
4680,4685,4682.5,4.21467e-05,0.000210733,3
4690,4695,4692.5,2.80978e-05,0.000140489,2
4695,4700,4697.5,2.80978e-05,0.000140489,2
4700,4705,4702.5,2.80978e-05,0.000140489,2
4705,4710,4707.5,1.40489e-05,7.02445e-05,1
4710,4715,4712.5,2.80978e-05,0.000140489,2
4715,4720,4717.5,1.40489e-05,7.02445e-05,1
4720,4725,4722.5,1.40489e-05,7.02445e-05,1
4725,4730,4727.5,1.40489e-05,7.02445e-05,1
4730,4735,4732.5,4.21467e-05,0.000210733,3
4735,4740,4737.5,2.80978e-05,0.000140489,2
4740,4745,4742.5,2.80978e-05,0.000140489,2
4745,4750,4747.5,5.61956e-05,0.000280978,4
4755,4760,4757.5,7.02445e-05,0.000351222,5
4760,4765,4762.5,2.80978e-05,0.000140489,2
4765,4770,4767.5,5.61956e-05,0.000280978,4
4770,4775,4772.5,2.80978e-05,0.000140489,2
4775,4780,4777.5,2.80978e-05,0.000140489,2
4780,4785,4782.5,2.80978e-05,0.000140489,2
4785,4790,4787.5,1.40489e-05,7.02445e-05,1
4790,4795,4792.5,2.80978e-05,0.000140489,2
4795,4800,4797.5,2.80978e-05,0.000140489,2
4800,4805,4802.5,1.40489e-05,7.02445e-05,1
4810,4815,4812.5,2.80978e-05,0.000140489,2
4815,4820,4817.5,4.21467e-05,0.000210733,3
4820,4825,4822.5,5.61956e-05,0.000280978,4
4825,4830,4827.5,4.21467e-05,0.000210733,3
4830,4835,4832.5,2.80978e-05,0.000140489,2
4835,4840,4837.5,2.80978e-05,0.000140489,2
4850,4855,4852.5,1.40489e-05,7.02445e-05,1
4855,4860,4857.5,1.40489e-05,7.02445e-05,1
4860,4865,4862.5,2.80978e-05,0.000140489,2
4870,4875,4872.5,1.40489e-05,7.02445e-05,1
4875,4880,4877.5,2.80978e-05,0.000140489,2
4880,4885,4882.5,2.80978e-05,0.000140489,2
4885,4890,4887.5,2.80978e-05,0.000140489,2
4895,4900,4897.5,1.40489e-05,7.02445e-05,1
4900,4905,4902.5,2.80978e-05,0.000140489,2
4905,4910,4907.5,1.40489e-05,7.02445e-05,1
4910,4915,4912.5,1.40489e-05,7.02445e-05,1
4920,4925,4922.5,1.40489e-05,7.02445e-05,1
4930,4935,4932.5,2.80978e-05,0.000140489,2
4955,4960,4957.5,1.40489e-05,7.02445e-05,1
4960,4965,4962.5,1.40489e-05,7.02445e-05,1
4965,4970,4967.5,1.40489e-05,7.02445e-05,1
4970,4975,4972.5,8.42933e-05,0.000421467,6
4975,4980,4977.5,1.40489e-05,7.02445e-05,1
4985,4990,4987.5,1.40489e-05,7.02445e-05,1
4990,4995,4992.5,4.21467e-05,0.000210733,3
4995,5000,4997.5,1.40489e-05,7.02445e-05,1
5005,5010,5007.5,2.80978e-05,0.000140489,2
5010,5015,5012.5,2.80978e-05,0.000140489,2
5020,5025,5022.5,4.21467e-05,0.000210733,3
5030,5035,5032.5,1.40489e-05,7.02445e-05,1
5040,5045,5042.5,4.21467e-05,0.000210733,3
5045,5050,5047.5,1.40489e-05,7.02445e-05,1
5060,5065,5062.5,1.40489e-05,7.02445e-05,1
5065,5070,5067.5,1.40489e-05,7.02445e-05,1
5070,5075,5072.5,1.40489e-05,7.02445e-05,1
5080,5085,5082.5,1.40489e-05,7.02445e-05,1
5085,5090,5087.5,1.40489e-05,7.02445e-05,1
5090,5095,5092.5,1.40489e-05,7.02445e-05,1
5095,5100,5097.5,2.80978e-05,0.000140489,2
5100,5105,5102.5,1.40489e-05,7.02445e-05,1
5110,5115,5112.5,2.80978e-05,0.000140489,2
5115,5120,5117.5,1.40489e-05,7.02445e-05,1
5125,5130,5127.5,2.80978e-05,0.000140489,2
5130,5135,5132.5,2.80978e-05,0.000140489,2
5145,5150,5147.5,1.40489e-05,7.02445e-05,1
5150,5155,5152.5,1.40489e-05,7.02445e-05,1
5160,5165,5162.5,1.40489e-05,7.02445e-05,1
5170,5175,5172.5,4.21467e-05,0.000210733,3
5175,5180,5177.5,2.80978e-05,0.000140489,2
5185,5190,5187.5,4.21467e-05,0.000210733,3
5195,5200,5197.5,1.40489e-05,7.02445e-05,1
5200,5205,5202.5,1.40489e-05,7.02445e-05,1
5205,5210,5207.5,1.40489e-05,7.02445e-05,1
5215,5220,5217.5,2.80978e-05,0.000140489,2
5220,5225,5222.5,2.80978e-05,0.000140489,2
5225,5230,5227.5,8.42933e-05,0.000421467,6
5230,5235,5232.5,1.40489e-05,7.02445e-05,1
5235,5240,5237.5,1.40489e-05,7.02445e-05,1
5240,5245,5242.5,4.21467e-05,0.000210733,3
5245,5250,5247.5,2.80978e-05,0.000140489,2
5255,5260,5257.5,2.80978e-05,0.000140489,2
5260,5265,5262.5,2.80978e-05,0.000140489,2
5270,5275,5272.5,2.80978e-05,0.000140489,2
5275,5280,5277.5,2.80978e-05,0.000140489,2
5280,5285,5282.5,1.40489e-05,7.02445e-05,1
5295,5300,5297.5,2.80978e-05,0.000140489,2
5300,5305,5302.5,2.80978e-05,0.000140489,2
5310,5315,5312.5,4.21467e-05,0.000210733,3
5315,5320,5317.5,1.40489e-05,7.02445e-05,1
5320,5325,5322.5,2.80978e-05,0.000140489,2
5340,5345,5342.5,1.40489e-05,7.02445e-05,1
5345,5350,5347.5,4.21467e-05,0.000210733,3
5350,5355,5352.5,1.40489e-05,7.02445e-05,1
5360,5365,5362.5,2.80978e-05,0.000140489,2
5365,5370,5367.5,1.40489e-05,7.02445e-05,1
5370,5375,5372.5,4.21467e-05,0.000210733,3
5375,5380,5377.5,2.80978e-05,0.000140489,2
5380,5385,5382.5,1.40489e-05,7.02445e-05,1
5385,5390,5387.5,1.40489e-05,7.02445e-05,1
5395,5400,5397.5,4.21467e-05,0.000210733,3
5400,5405,5402.5,1.40489e-05,7.02445e-05,1
5405,5410,5407.5,7.02445e-05,0.000351222,5
5415,5420,5417.5,1.40489e-05,7.02445e-05,1
5420,5425,5422.5,7.02445e-05,0.000351222,5
5425,5430,5427.5,1.40489e-05,7.02445e-05,1
5430,5435,5432.5,1.40489e-05,7.02445e-05,1
5435,5440,5437.5,5.61956e-05,0.000280978,4
5440,5445,5442.5,1.40489e-05,7.02445e-05,1
5445,5450,5447.5,4.21467e-05,0.000210733,3
5450,5455,5452.5,2.80978e-05,0.000140489,2
5470,5475,5472.5,1.40489e-05,7.02445e-05,1
5480,5485,5482.5,1.40489e-05,7.02445e-05,1
5485,5490,5487.5,5.61956e-05,0.000280978,4
5490,5495,5492.5,2.80978e-05,0.000140489,2
5495,5500,5497.5,1.40489e-05,7.02445e-05,1
5500,5505,5502.5,5.61956e-05,0.000280978,4
5505,5510,5507.5,7.02445e-05,0.000351222,5
5510,5515,5512.5,1.40489e-05,7.02445e-05,1
5520,5525,5522.5,2.80978e-05,0.000140489,2
5530,5535,5532.5,1.40489e-05,7.02445e-05,1
5535,5540,5537.5,2.80978e-05,0.000140489,2
5540,5545,5542.5,1.40489e-05,7.02445e-05,1
5545,5550,5547.5,1.40489e-05,7.02445e-05,1
5550,5555,5552.5,1.40489e-05,7.02445e-05,1
5555,5560,5557.5,5.61956e-05,0.000280978,4
5565,5570,5567.5,5.61956e-05,0.000280978,4
5570,5575,5572.5,7.02445e-05,0.000351222,5
5575,5580,5577.5,1.40489e-05,7.02445e-05,1
5580,5585,5582.5,2.80978e-05,0.000140489,2
5590,5595,5592.5,2.80978e-05,0.000140489,2
5595,5600,5597.5,1.40489e-05,7.02445e-05,1
5600,5605,5602.5,1.40489e-05,7.02445e-05,1
5605,5610,5607.5,5.61956e-05,0.000280978,4
5610,5615,5612.5,1.40489e-05,7.02445e-05,1
5625,5630,5627.5,1.40489e-05,7.02445e-05,1
5630,5635,5632.5,1.40489e-05,7.02445e-05,1
5650,5655,5652.5,1.40489e-05,7.02445e-05,1
5655,5660,5657.5,5.61956e-05,0.000280978,4
5660,5665,5662.5,1.40489e-05,7.02445e-05,1
5670,5675,5672.5,2.80978e-05,0.000140489,2
5675,5680,5677.5,4.21467e-05,0.000210733,3
5680,5685,5682.5,1.40489e-05,7.02445e-05,1
5685,5690,5687.5,1.40489e-05,7.02445e-05,1
5690,5695,5692.5,2.80978e-05,0.000140489,2
5695,5700,5697.5,4.21467e-05,0.000210733,3
5705,5710,5707.5,2.80978e-05,0.000140489,2
5710,5715,5712.5,5.61956e-05,0.000280978,4
5715,5720,5717.5,1.40489e-05,7.02445e-05,1
5720,5725,5722.5,4.21467e-05,0.000210733,3
5725,5730,5727.5,2.80978e-05,0.000140489,2
5730,5735,5732.5,1.40489e-05,7.02445e-05,1
5760,5765,5762.5,4.21467e-05,0.000210733,3
5765,5770,5767.5,1.40489e-05,7.02445e-05,1
5770,5775,5772.5,2.80978e-05,0.000140489,2
5775,5780,5777.5,1.40489e-05,7.02445e-05,1
5780,5785,5782.5,1.40489e-05,7.02445e-05,1
5785,5790,5787.5,1.40489e-05,7.02445e-05,1
5795,5800,5797.5,1.40489e-05,7.02445e-05,1
5805,5810,5807.5,1.40489e-05,7.02445e-05,1
5810,5815,5812.5,2.80978e-05,0.000140489,2
5815,5820,5817.5,2.80978e-05,0.000140489,2
5820,5825,5822.5,2.80978e-05,0.000140489,2
5825,5830,5827.5,2.80978e-05,0.000140489,2
5835,5840,5837.5,2.80978e-05,0.000140489,2
5840,5845,5842.5,1.40489e-05,7.02445e-05,1
5850,5855,5852.5,5.61956e-05,0.000280978,4
5860,5865,5862.5,2.80978e-05,0.000140489,2
5870,5875,5872.5,1.40489e-05,7.02445e-05,1
5875,5880,5877.5,4.21467e-05,0.000210733,3
5880,5885,5882.5,2.80978e-05,0.000140489,2
5885,5890,5887.5,1.40489e-05,7.02445e-05,1
5890,5895,5892.5,1.40489e-05,7.02445e-05,1
5895,5900,5897.5,1.40489e-05,7.02445e-05,1
5900,5905,5902.5,2.80978e-05,0.000140489,2
5915,5920,5917.5,4.21467e-05,0.000210733,3
5920,5925,5922.5,2.80978e-05,0.000140489,2
5925,5930,5927.5,1.40489e-05,7.02445e-05,1
5935,5940,5937.5,2.80978e-05,0.000140489,2
5945,5950,5947.5,2.80978e-05,0.000140489,2
5950,5955,5952.5,1.40489e-05,7.02445e-05,1
5955,5960,5957.5,2.80978e-05,0.000140489,2
5960,5965,5962.5,1.40489e-05,7.02445e-05,1
5965,5970,5967.5,2.80978e-05,0.000140489,2
5970,5975,5972.5,2.80978e-05,0.000140489,2
5985,5990,5987.5,1.40489e-05,7.02445e-05,1
5990,5995,5992.5,2.80978e-05,0.000140489,2
5995,6000,5997.5,1.40489e-05,7.02445e-05,1
6000,6005,6002.5,1.40489e-05,7.02445e-05,1
6005,6010,6007.5,1.40489e-05,7.02445e-05,1
6015,6020,6017.5,1.40489e-05,7.02445e-05,1
6020,6025,6022.5,1.40489e-05,7.02445e-05,1
6025,6030,6027.5,2.80978e-05,0.000140489,2
6030,6035,6032.5,1.40489e-05,7.02445e-05,1
6035,6040,6037.5,4.21467e-05,0.000210733,3
6040,6045,6042.5,5.61956e-05,0.000280978,4
6045,6050,6047.5,4.21467e-05,0.000210733,3
6050,6055,6052.5,1.40489e-05,7.02445e-05,1
6060,6065,6062.5,1.40489e-05,7.02445e-05,1
6065,6070,6067.5,2.80978e-05,0.000140489,2
6070,6075,6072.5,1.40489e-05,7.02445e-05,1
6075,6080,6077.5,1.40489e-05,7.02445e-05,1
6080,6085,6082.5,1.40489e-05,7.02445e-05,1
6085,6090,6087.5,4.21467e-05,0.000210733,3
6090,6095,6092.5,2.80978e-05,0.000140489,2
6095,6100,6097.5,1.40489e-05,7.02445e-05,1
6105,6110,6107.5,1.40489e-05,7.02445e-05,1
6115,6120,6117.5,2.80978e-05,0.000140489,2
6120,6125,6122.5,1.40489e-05,7.02445e-05,1
6125,6130,6127.5,2.80978e-05,0.000140489,2
6130,6135,6132.5,1.40489e-05,7.02445e-05,1
6135,6140,6137.5,2.80978e-05,0.000140489,2
6140,6145,6142.5,4.21467e-05,0.000210733,3
6145,6150,6147.5,1.40489e-05,7.02445e-05,1
6150,6155,6152.5,2.80978e-05,0.000140489,2
6155,6160,6157.5,1.40489e-05,7.02445e-05,1
6160,6165,6162.5,1.40489e-05,7.02445e-05,1
6165,6170,6167.5,2.80978e-05,0.000140489,2
6170,6175,6172.5,1.40489e-05,7.02445e-05,1
6175,6180,6177.5,1.40489e-05,7.02445e-05,1
6180,6185,6182.5,4.21467e-05,0.000210733,3
6185,6190,6187.5,1.40489e-05,7.02445e-05,1
6190,6195,6192.5,4.21467e-05,0.000210733,3
6195,6200,6197.5,1.40489e-05,7.02445e-05,1
6200,6205,6202.5,4.21467e-05,0.000210733,3
6205,6210,6207.5,1.40489e-05,7.02445e-05,1
6210,6215,6212.5,2.80978e-05,0.000140489,2
6215,6220,6217.5,2.80978e-05,0.000140489,2
6230,6235,6232.5,2.80978e-05,0.000140489,2
6250,6255,6252.5,1.40489e-05,7.02445e-05,1
6255,6260,6257.5,1.40489e-05,7.02445e-05,1
6260,6265,6262.5,2.80978e-05,0.000140489,2
6265,6270,6267.5,1.40489e-05,7.02445e-05,1
6270,6275,6272.5,1.40489e-05,7.02445e-05,1
6275,6280,6277.5,4.21467e-05,0.000210733,3
6280,6285,6282.5,5.61956e-05,0.000280978,4
6290,6295,6292.5,4.21467e-05,0.000210733,3
6295,6300,6297.5,4.21467e-05,0.000210733,3
6300,6305,6302.5,1.40489e-05,7.02445e-05,1
6305,6310,6307.5,1.40489e-05,7.02445e-05,1
6310,6315,6312.5,1.40489e-05,7.02445e-05,1
6315,6320,6317.5,2.80978e-05,0.000140489,2
6320,6325,6322.5,1.40489e-05,7.02445e-05,1
6325,6330,6327.5,1.40489e-05,7.02445e-05,1
6330,6335,6332.5,1.40489e-05,7.02445e-05,1
6335,6340,6337.5,5.61956e-05,0.000280978,4
6345,6350,6347.5,4.21467e-05,0.000210733,3
6355,6360,6357.5,4.21467e-05,0.000210733,3
6360,6365,6362.5,2.80978e-05,0.000140489,2
6365,6370,6367.5,1.40489e-05,7.02445e-05,1
6375,6380,6377.5,2.80978e-05,0.000140489,2
6385,6390,6387.5,4.21467e-05,0.000210733,3
6395,6400,6397.5,1.40489e-05,7.02445e-05,1
6405,6410,6407.5,1.40489e-05,7.02445e-05,1
6410,6415,6412.5,1.40489e-05,7.02445e-05,1
6415,6420,6417.5,2.80978e-05,0.000140489,2
6430,6435,6432.5,1.40489e-05,7.02445e-05,1
6435,6440,6437.5,1.40489e-05,7.02445e-05,1
6450,6455,6452.5,1.40489e-05,7.02445e-05,1
6460,6465,6462.5,1.40489e-05,7.02445e-05,1
6470,6475,6472.5,2.80978e-05,0.000140489,2
6475,6480,6477.5,1.40489e-05,7.02445e-05,1
6480,6485,6482.5,2.80978e-05,0.000140489,2
6500,6505,6502.5,1.40489e-05,7.02445e-05,1
6505,6510,6507.5,2.80978e-05,0.000140489,2
6515,6520,6517.5,1.40489e-05,7.02445e-05,1
6535,6540,6537.5,2.80978e-05,0.000140489,2
6540,6545,6542.5,7.02445e-05,0.000351222,5
6545,6550,6547.5,1.40489e-05,7.02445e-05,1
6555,6560,6557.5,1.40489e-05,7.02445e-05,1
6560,6565,6562.5,1.40489e-05,7.02445e-05,1
6570,6575,6572.5,4.21467e-05,0.000210733,3
6575,6580,6577.5,1.40489e-05,7.02445e-05,1
6585,6590,6587.5,1.40489e-05,7.02445e-05,1
6590,6595,6592.5,1.40489e-05,7.02445e-05,1
6595,6600,6597.5,4.21467e-05,0.000210733,3
6600,6605,6602.5,4.21467e-05,0.000210733,3
6605,6610,6607.5,2.80978e-05,0.000140489,2
6615,6620,6617.5,2.80978e-05,0.000140489,2
6620,6625,6622.5,4.21467e-05,0.000210733,3
6625,6630,6627.5,1.40489e-05,7.02445e-05,1
6630,6635,6632.5,2.80978e-05,0.000140489,2
6635,6640,6637.5,1.40489e-05,7.02445e-05,1
6650,6655,6652.5,5.61956e-05,0.000280978,4
6660,6665,6662.5,1.40489e-05,7.02445e-05,1
6670,6675,6672.5,1.40489e-05,7.02445e-05,1
6675,6680,6677.5,1.40489e-05,7.02445e-05,1
6680,6685,6682.5,1.40489e-05,7.02445e-05,1
6695,6700,6697.5,2.80978e-05,0.000140489,2
6705,6710,6707.5,1.40489e-05,7.02445e-05,1
6720,6725,6722.5,1.40489e-05,7.02445e-05,1
6725,6730,6727.5,1.40489e-05,7.02445e-05,1
6730,6735,6732.5,4.21467e-05,0.000210733,3
6735,6740,6737.5,4.21467e-05,0.000210733,3
6765,6770,6767.5,4.21467e-05,0.000210733,3
6775,6780,6777.5,2.80978e-05,0.000140489,2
6780,6785,6782.5,1.40489e-05,7.02445e-05,1
6790,6795,6792.5,2.80978e-05,0.000140489,2
6795,6800,6797.5,1.40489e-05,7.02445e-05,1
6800,6805,6802.5,1.40489e-05,7.02445e-05,1
6810,6815,6812.5,1.40489e-05,7.02445e-05,1
6820,6825,6822.5,4.21467e-05,0.000210733,3
6840,6845,6842.5,5.61956e-05,0.000280978,4
6845,6850,6847.5,4.21467e-05,0.000210733,3
6860,6865,6862.5,5.61956e-05,0.000280978,4
6880,6885,6882.5,1.40489e-05,7.02445e-05,1
6885,6890,6887.5,2.80978e-05,0.000140489,2
6890,6895,6892.5,4.21467e-05,0.000210733,3
6895,6900,6897.5,1.40489e-05,7.02445e-05,1
6900,6905,6902.5,2.80978e-05,0.000140489,2
6905,6910,6907.5,1.40489e-05,7.02445e-05,1
6910,6915,6912.5,1.40489e-05,7.02445e-05,1
6915,6920,6917.5,2.80978e-05,0.000140489,2
6920,6925,6922.5,2.80978e-05,0.000140489,2
6925,6930,6927.5,1.40489e-05,7.02445e-05,1
6930,6935,6932.5,5.61956e-05,0.000280978,4
6940,6945,6942.5,1.40489e-05,7.02445e-05,1
6945,6950,6947.5,2.80978e-05,0.000140489,2
6955,6960,6957.5,1.40489e-05,7.02445e-05,1
6965,6970,6967.5,1.40489e-05,7.02445e-05,1
6970,6975,6972.5,4.21467e-05,0.000210733,3
6980,6985,6982.5,4.21467e-05,0.000210733,3
6990,6995,6992.5,4.21467e-05,0.000210733,3
7000,7005,7002.5,5.61956e-05,0.000280978,4
7005,7010,7007.5,1.40489e-05,7.02445e-05,1
7030,7035,7032.5,1.40489e-05,7.02445e-05,1
7035,7040,7037.5,1.40489e-05,7.02445e-05,1
7040,7045,7042.5,1.40489e-05,7.02445e-05,1
7050,7055,7052.5,1.40489e-05,7.02445e-05,1
7055,7060,7057.5,1.40489e-05,7.02445e-05,1
7060,7065,7062.5,1.40489e-05,7.02445e-05,1
7070,7075,7072.5,1.40489e-05,7.02445e-05,1
7075,7080,7077.5,1.40489e-05,7.02445e-05,1
7080,7085,7082.5,2.80978e-05,0.000140489,2
7090,7095,7092.5,2.80978e-05,0.000140489,2
7100,7105,7102.5,4.21467e-05,0.000210733,3
7110,7115,7112.5,2.80978e-05,0.000140489,2
7135,7140,7137.5,1.40489e-05,7.02445e-05,1
7140,7145,7142.5,1.40489e-05,7.02445e-05,1
7145,7150,7147.5,1.40489e-05,7.02445e-05,1
7150,7155,7152.5,2.80978e-05,0.000140489,2
7155,7160,7157.5,2.80978e-05,0.000140489,2
7180,7185,7182.5,1.40489e-05,7.02445e-05,1
7185,7190,7187.5,4.21467e-05,0.000210733,3
7190,7195,7192.5,4.21467e-05,0.000210733,3
7200,7205,7202.5,2.80978e-05,0.000140489,2
7205,7210,7207.5,1.40489e-05,7.02445e-05,1
7210,7215,7212.5,2.80978e-05,0.000140489,2
7220,7225,7222.5,2.80978e-05,0.000140489,2
7230,7235,7232.5,1.40489e-05,7.02445e-05,1
7235,7240,7237.5,1.40489e-05,7.02445e-05,1
7250,7255,7252.5,2.80978e-05,0.000140489,2
7260,7265,7262.5,1.40489e-05,7.02445e-05,1
7285,7290,7287.5,1.40489e-05,7.02445e-05,1
7290,7295,7292.5,1.40489e-05,7.02445e-05,1
7295,7300,7297.5,5.61956e-05,0.000280978,4
7300,7305,7302.5,1.40489e-05,7.02445e-05,1
7305,7310,7307.5,1.40489e-05,7.02445e-05,1
7310,7315,7312.5,1.40489e-05,7.02445e-05,1
7320,7325,7322.5,1.40489e-05,7.02445e-05,1
7325,7330,7327.5,1.40489e-05,7.02445e-05,1
7345,7350,7347.5,2.80978e-05,0.000140489,2
7350,7355,7352.5,1.40489e-05,7.02445e-05,1
7355,7360,7357.5,1.40489e-05,7.02445e-05,1
7360,7365,7362.5,1.40489e-05,7.02445e-05,1
7365,7370,7367.5,2.80978e-05,0.000140489,2
7370,7375,7372.5,1.40489e-05,7.02445e-05,1
7375,7380,7377.5,2.80978e-05,0.000140489,2
7380,7385,7382.5,4.21467e-05,0.000210733,3
7385,7390,7387.5,1.40489e-05,7.02445e-05,1
7400,7405,7402.5,2.80978e-05,0.000140489,2
7405,7410,7407.5,1.40489e-05,7.02445e-05,1
7430,7435,7432.5,2.80978e-05,0.000140489,2
7435,7440,7437.5,1.40489e-05,7.02445e-05,1
7440,7445,7442.5,4.21467e-05,0.000210733,3
7460,7465,7462.5,2.80978e-05,0.000140489,2
7470,7475,7472.5,5.61956e-05,0.000280978,4
7475,7480,7477.5,1.40489e-05,7.02445e-05,1
7480,7485,7482.5,1.40489e-05,7.02445e-05,1
7515,7520,7517.5,1.40489e-05,7.02445e-05,1
7520,7525,7522.5,1.40489e-05,7.02445e-05,1
7530,7535,7532.5,2.80978e-05,0.000140489,2
7540,7545,7542.5,4.21467e-05,0.000210733,3
7545,7550,7547.5,1.40489e-05,7.02445e-05,1
7550,7555,7552.5,2.80978e-05,0.000140489,2
7555,7560,7557.5,1.40489e-05,7.02445e-05,1
7565,7570,7567.5,1.40489e-05,7.02445e-05,1
7590,7595,7592.5,2.80978e-05,0.000140489,2
7595,7600,7597.5,1.40489e-05,7.02445e-05,1
7605,7610,7607.5,2.80978e-05,0.000140489,2
7610,7615,7612.5,1.40489e-05,7.02445e-05,1
7615,7620,7617.5,1.40489e-05,7.02445e-05,1
7620,7625,7622.5,1.40489e-05,7.02445e-05,1
7625,7630,7627.5,1.40489e-05,7.02445e-05,1
7630,7635,7632.5,1.40489e-05,7.02445e-05,1
7645,7650,7647.5,2.80978e-05,0.000140489,2
7660,7665,7662.5,2.80978e-05,0.000140489,2
7665,7670,7667.5,2.80978e-05,0.000140489,2
7675,7680,7677.5,1.40489e-05,7.02445e-05,1
7685,7690,7687.5,1.40489e-05,7.02445e-05,1
7700,7705,7702.5,2.80978e-05,0.000140489,2
7705,7710,7707.5,1.40489e-05,7.02445e-05,1
7710,7715,7712.5,1.40489e-05,7.02445e-05,1
7720,7725,7722.5,1.40489e-05,7.02445e-05,1
7725,7730,7727.5,1.40489e-05,7.02445e-05,1
7735,7740,7737.5,1.40489e-05,7.02445e-05,1
7745,7750,7747.5,2.80978e-05,0.000140489,2
7755,7760,7757.5,2.80978e-05,0.000140489,2
7765,7770,7767.5,2.80978e-05,0.000140489,2
7780,7785,7782.5,2.80978e-05,0.000140489,2
7785,7790,7787.5,2.80978e-05,0.000140489,2
7790,7795,7792.5,2.80978e-05,0.000140489,2
7795,7800,7797.5,1.40489e-05,7.02445e-05,1
7825,7830,7827.5,2.80978e-05,0.000140489,2
7845,7850,7847.5,1.40489e-05,7.02445e-05,1
7855,7860,7857.5,2.80978e-05,0.000140489,2
7870,7875,7872.5,1.40489e-05,7.02445e-05,1
7875,7880,7877.5,1.40489e-05,7.02445e-05,1
7885,7890,7887.5,1.40489e-05,7.02445e-05,1
7895,7900,7897.5,1.40489e-05,7.02445e-05,1
7900,7905,7902.5,1.40489e-05,7.02445e-05,1
7905,7910,7907.5,1.40489e-05,7.02445e-05,1
7925,7930,7927.5,1.40489e-05,7.02445e-05,1
7935,7940,7937.5,1.40489e-05,7.02445e-05,1
7940,7945,7942.5,1.40489e-05,7.02445e-05,1
7955,7960,7957.5,4.21467e-05,0.000210733,3
7965,7970,7967.5,1.40489e-05,7.02445e-05,1
7970,7975,7972.5,1.40489e-05,7.02445e-05,1
7975,7980,7977.5,1.40489e-05,7.02445e-05,1
7980,7985,7982.5,1.40489e-05,7.02445e-05,1
7990,7995,7992.5,1.40489e-05,7.02445e-05,1
7995,8000,7997.5,1.40489e-05,7.02445e-05,1
8000,8005,8002.5,4.21467e-05,0.000210733,3
8010,8015,8012.5,1.40489e-05,7.02445e-05,1
8015,8020,8017.5,1.40489e-05,7.02445e-05,1
8020,8025,8022.5,2.80978e-05,0.000140489,2
8035,8040,8037.5,1.40489e-05,7.02445e-05,1
8050,8055,8052.5,1.40489e-05,7.02445e-05,1
8055,8060,8057.5,1.40489e-05,7.02445e-05,1
8060,8065,8062.5,1.40489e-05,7.02445e-05,1
8065,8070,8067.5,2.80978e-05,0.000140489,2
8075,8080,8077.5,1.40489e-05,7.02445e-05,1
8080,8085,8082.5,4.21467e-05,0.000210733,3
8095,8100,8097.5,2.80978e-05,0.000140489,2
8105,8110,8107.5,2.80978e-05,0.000140489,2
8110,8115,8112.5,1.40489e-05,7.02445e-05,1
8120,8125,8122.5,1.40489e-05,7.02445e-05,1
8135,8140,8137.5,2.80978e-05,0.000140489,2
8140,8145,8142.5,4.21467e-05,0.000210733,3
8150,8155,8152.5,2.80978e-05,0.000140489,2
8155,8160,8157.5,1.40489e-05,7.02445e-05,1
8160,8165,8162.5,1.40489e-05,7.02445e-05,1
8165,8170,8167.5,1.40489e-05,7.02445e-05,1
8170,8175,8172.5,2.80978e-05,0.000140489,2
8180,8185,8182.5,2.80978e-05,0.000140489,2
8185,8190,8187.5,4.21467e-05,0.000210733,3
8195,8200,8197.5,1.40489e-05,7.02445e-05,1
8205,8210,8207.5,1.40489e-05,7.02445e-05,1
8210,8215,8212.5,1.40489e-05,7.02445e-05,1
8215,8220,8217.5,2.80978e-05,0.000140489,2
8220,8225,8222.5,1.40489e-05,7.02445e-05,1
8235,8240,8237.5,1.40489e-05,7.02445e-05,1
8240,8245,8242.5,1.40489e-05,7.02445e-05,1
8245,8250,8247.5,1.40489e-05,7.02445e-05,1
8275,8280,8277.5,1.40489e-05,7.02445e-05,1
8290,8295,8292.5,1.40489e-05,7.02445e-05,1
8295,8300,8297.5,2.80978e-05,0.000140489,2
8310,8315,8312.5,2.80978e-05,0.000140489,2
8315,8320,8317.5,4.21467e-05,0.000210733,3
8320,8325,8322.5,2.80978e-05,0.000140489,2
8340,8345,8342.5,1.40489e-05,7.02445e-05,1
8375,8380,8377.5,1.40489e-05,7.02445e-05,1
8380,8385,8382.5,1.40489e-05,7.02445e-05,1
8395,8400,8397.5,1.40489e-05,7.02445e-05,1
8400,8405,8402.5,1.40489e-05,7.02445e-05,1
8405,8410,8407.5,2.80978e-05,0.000140489,2
8425,8430,8427.5,5.61956e-05,0.000280978,4
8435,8440,8437.5,1.40489e-05,7.02445e-05,1
8440,8445,8442.5,1.40489e-05,7.02445e-05,1
8450,8455,8452.5,2.80978e-05,0.000140489,2
8475,8480,8477.5,2.80978e-05,0.000140489,2
8480,8485,8482.5,2.80978e-05,0.000140489,2
8485,8490,8487.5,2.80978e-05,0.000140489,2
8495,8500,8497.5,1.40489e-05,7.02445e-05,1
8505,8510,8507.5,2.80978e-05,0.000140489,2
8520,8525,8522.5,4.21467e-05,0.000210733,3
8525,8530,8527.5,1.40489e-05,7.02445e-05,1
8530,8535,8532.5,2.80978e-05,0.000140489,2
8540,8545,8542.5,1.40489e-05,7.02445e-05,1
8550,8555,8552.5,1.40489e-05,7.02445e-05,1
8555,8560,8557.5,1.40489e-05,7.02445e-05,1
8580,8585,8582.5,1.40489e-05,7.02445e-05,1
8600,8605,8602.5,1.40489e-05,7.02445e-05,1
8605,8610,8607.5,1.40489e-05,7.02445e-05,1
8640,8645,8642.5,5.61956e-05,0.000280978,4
8655,8660,8657.5,1.40489e-05,7.02445e-05,1
8665,8670,8667.5,1.40489e-05,7.02445e-05,1
8680,8685,8682.5,1.40489e-05,7.02445e-05,1
8700,8705,8702.5,2.80978e-05,0.000140489,2
8710,8715,8712.5,5.61956e-05,0.000280978,4
8720,8725,8722.5,1.40489e-05,7.02445e-05,1
8725,8730,8727.5,4.21467e-05,0.000210733,3
8740,8745,8742.5,2.80978e-05,0.000140489,2
8750,8755,8752.5,1.40489e-05,7.02445e-05,1
8755,8760,8757.5,1.40489e-05,7.02445e-05,1
8765,8770,8767.5,4.21467e-05,0.000210733,3
8775,8780,8777.5,1.40489e-05,7.02445e-05,1
8780,8785,8782.5,1.40489e-05,7.02445e-05,1
8800,8805,8802.5,4.21467e-05,0.000210733,3
8805,8810,8807.5,1.40489e-05,7.02445e-05,1
8840,8845,8842.5,1.40489e-05,7.02445e-05,1
8845,8850,8847.5,4.21467e-05,0.000210733,3
8850,8855,8852.5,1.40489e-05,7.02445e-05,1
8855,8860,8857.5,1.40489e-05,7.02445e-05,1
8865,8870,8867.5,2.80978e-05,0.000140489,2
8870,8875,8872.5,1.40489e-05,7.02445e-05,1
8885,8890,8887.5,1.40489e-05,7.02445e-05,1
8890,8895,8892.5,4.21467e-05,0.000210733,3
8915,8920,8917.5,1.40489e-05,7.02445e-05,1
8920,8925,8922.5,1.40489e-05,7.02445e-05,1
8930,8935,8932.5,1.40489e-05,7.02445e-05,1
8935,8940,8937.5,1.40489e-05,7.02445e-05,1
8945,8950,8947.5,1.40489e-05,7.02445e-05,1
8955,8960,8957.5,2.80978e-05,0.000140489,2
8965,8970,8967.5,1.40489e-05,7.02445e-05,1
8970,8975,8972.5,1.40489e-05,7.02445e-05,1
8980,8985,8982.5,1.40489e-05,7.02445e-05,1
8985,8990,8987.5,1.40489e-05,7.02445e-05,1
9000,9005,9002.5,1.40489e-05,7.02445e-05,1
9005,9010,9007.5,2.80978e-05,0.000140489,2
9010,9015,9012.5,1.40489e-05,7.02445e-05,1
9015,9020,9017.5,2.80978e-05,0.000140489,2
9020,9025,9022.5,1.40489e-05,7.02445e-05,1
9025,9030,9027.5,1.40489e-05,7.02445e-05,1
9040,9045,9042.5,2.80978e-05,0.000140489,2
9065,9070,9067.5,2.80978e-05,0.000140489,2
9075,9080,9077.5,1.40489e-05,7.02445e-05,1
9085,9090,9087.5,1.40489e-05,7.02445e-05,1
9105,9110,9107.5,1.40489e-05,7.02445e-05,1
9110,9115,9112.5,1.40489e-05,7.02445e-05,1
9130,9135,9132.5,2.80978e-05,0.000140489,2
9150,9155,9152.5,1.40489e-05,7.02445e-05,1
9155,9160,9157.5,1.40489e-05,7.02445e-05,1
9185,9190,9187.5,2.80978e-05,0.000140489,2
9190,9195,9192.5,1.40489e-05,7.02445e-05,1
9195,9200,9197.5,1.40489e-05,7.02445e-05,1
9205,9210,9207.5,1.40489e-05,7.02445e-05,1
9215,9220,9217.5,4.21467e-05,0.000210733,3
9220,9225,9222.5,2.80978e-05,0.000140489,2
9225,9230,9227.5,2.80978e-05,0.000140489,2
9245,9250,9247.5,2.80978e-05,0.000140489,2
9250,9255,9252.5,2.80978e-05,0.000140489,2
9255,9260,9257.5,1.40489e-05,7.02445e-05,1
9260,9265,9262.5,1.40489e-05,7.02445e-05,1
9270,9275,9272.5,1.40489e-05,7.02445e-05,1
9280,9285,9282.5,2.80978e-05,0.000140489,2
9300,9305,9302.5,1.40489e-05,7.02445e-05,1
9305,9310,9307.5,2.80978e-05,0.000140489,2
9310,9315,9312.5,2.80978e-05,0.000140489,2
9325,9330,9327.5,2.80978e-05,0.000140489,2
9330,9335,9332.5,1.40489e-05,7.02445e-05,1
9380,9385,9382.5,1.40489e-05,7.02445e-05,1
9385,9390,9387.5,2.80978e-05,0.000140489,2
9400,9405,9402.5,2.80978e-05,0.000140489,2
9420,9425,9422.5,2.80978e-05,0.000140489,2
9425,9430,9427.5,2.80978e-05,0.000140489,2
9430,9435,9432.5,1.40489e-05,7.02445e-05,1
9450,9455,9452.5,1.40489e-05,7.02445e-05,1
9460,9465,9462.5,1.40489e-05,7.02445e-05,1
9485,9490,9487.5,4.21467e-05,0.000210733,3
9505,9510,9507.5,1.40489e-05,7.02445e-05,1
9510,9515,9512.5,1.40489e-05,7.02445e-05,1
9520,9525,9522.5,1.40489e-05,7.02445e-05,1
9530,9535,9532.5,1.40489e-05,7.02445e-05,1
9535,9540,9537.5,2.80978e-05,0.000140489,2
9545,9550,9547.5,2.80978e-05,0.000140489,2
9565,9570,9567.5,1.40489e-05,7.02445e-05,1
9570,9575,9572.5,2.80978e-05,0.000140489,2
9580,9585,9582.5,1.40489e-05,7.02445e-05,1
9595,9600,9597.5,2.80978e-05,0.000140489,2
9600,9605,9602.5,1.40489e-05,7.02445e-05,1
9605,9610,9607.5,1.40489e-05,7.02445e-05,1
9610,9615,9612.5,1.40489e-05,7.02445e-05,1
9635,9640,9637.5,1.40489e-05,7.02445e-05,1
9650,9655,9652.5,1.40489e-05,7.02445e-05,1
9655,9660,9657.5,1.40489e-05,7.02445e-05,1
9660,9665,9662.5,1.40489e-05,7.02445e-05,1
9670,9675,9672.5,1.40489e-05,7.02445e-05,1
9675,9680,9677.5,2.80978e-05,0.000140489,2
9685,9690,9687.5,2.80978e-05,0.000140489,2
9690,9695,9692.5,2.80978e-05,0.000140489,2
9705,9710,9707.5,1.40489e-05,7.02445e-05,1
9710,9715,9712.5,2.80978e-05,0.000140489,2
9720,9725,9722.5,1.40489e-05,7.02445e-05,1
9730,9735,9732.5,1.40489e-05,7.02445e-05,1
9745,9750,9747.5,1.40489e-05,7.02445e-05,1
9750,9755,9752.5,1.40489e-05,7.02445e-05,1
9760,9765,9762.5,1.40489e-05,7.02445e-05,1
9770,9775,9772.5,1.40489e-05,7.02445e-05,1
9800,9805,9802.5,1.40489e-05,7.02445e-05,1
9805,9810,9807.5,1.40489e-05,7.02445e-05,1
9810,9815,9812.5,1.40489e-05,7.02445e-05,1
9830,9835,9832.5,1.40489e-05,7.02445e-05,1
9845,9850,9847.5,1.40489e-05,7.02445e-05,1
9865,9870,9867.5,5.61956e-05,0.000280978,4
9870,9875,9872.5,2.80978e-05,0.000140489,2
9915,9920,9917.5,4.21467e-05,0.000210733,3
9930,9935,9932.5,1.40489e-05,7.02445e-05,1
9935,9940,9937.5,1.40489e-05,7.02445e-05,1
9950,9955,9952.5,1.40489e-05,7.02445e-05,1
9955,9960,9957.5,1.40489e-05,7.02445e-05,1
9960,9965,9962.5,1.40489e-05,7.02445e-05,1
9965,9970,9967.5,1.40489e-05,7.02445e-05,1
9970,9975,9972.5,1.40489e-05,7.02445e-05,1
9985,9990,9987.5,1.40489e-05,7.02445e-05,1
9990,9995,9992.5,1.40489e-05,7.02445e-05,1
10000,10005,10002.5,2.80978e-05,0.000140489,2
10005,10010,10007.5,1.40489e-05,7.02445e-05,1
10010,10015,10012.5,4.21467e-05,0.000210733,3
10030,10035,10032.5,1.40489e-05,7.02445e-05,1
10040,10045,10042.5,4.21467e-05,0.000210733,3
10045,10050,10047.5,2.80978e-05,0.000140489,2
10050,10055,10052.5,1.40489e-05,7.02445e-05,1
10055,10060,10057.5,2.80978e-05,0.000140489,2
10060,10065,10062.5,2.80978e-05,0.000140489,2
10065,10070,10067.5,1.40489e-05,7.02445e-05,1
10070,10075,10072.5,1.40489e-05,7.02445e-05,1
10085,10090,10087.5,1.40489e-05,7.02445e-05,1
10095,10100,10097.5,1.40489e-05,7.02445e-05,1
10100,10105,10102.5,1.40489e-05,7.02445e-05,1
10125,10130,10127.5,1.40489e-05,7.02445e-05,1
10130,10135,10132.5,1.40489e-05,7.02445e-05,1
10150,10155,10152.5,2.80978e-05,0.000140489,2
10175,10180,10177.5,2.80978e-05,0.000140489,2
10180,10185,10182.5,2.80978e-05,0.000140489,2
10190,10195,10192.5,1.40489e-05,7.02445e-05,1
10195,10200,10197.5,1.40489e-05,7.02445e-05,1
10200,10205,10202.5,1.40489e-05,7.02445e-05,1
10205,10210,10207.5,1.40489e-05,7.02445e-05,1
10210,10215,10212.5,1.40489e-05,7.02445e-05,1
10220,10225,10222.5,1.40489e-05,7.02445e-05,1
10225,10230,10227.5,1.40489e-05,7.02445e-05,1
10230,10235,10232.5,1.40489e-05,7.02445e-05,1
10240,10245,10242.5,1.40489e-05,7.02445e-05,1
10255,10260,10257.5,1.40489e-05,7.02445e-05,1
10270,10275,10272.5,1.40489e-05,7.02445e-05,1
10275,10280,10277.5,1.40489e-05,7.02445e-05,1
10280,10285,10282.5,1.40489e-05,7.02445e-05,1
10290,10295,10292.5,2.80978e-05,0.000140489,2
10305,10310,10307.5,1.40489e-05,7.02445e-05,1
10320,10325,10322.5,1.40489e-05,7.02445e-05,1
10345,10350,10347.5,1.40489e-05,7.02445e-05,1
10350,10355,10352.5,1.40489e-05,7.02445e-05,1
10355,10360,10357.5,1.40489e-05,7.02445e-05,1
10370,10375,10372.5,1.40489e-05,7.02445e-05,1
10385,10390,10387.5,1.40489e-05,7.02445e-05,1
10390,10395,10392.5,1.40489e-05,7.02445e-05,1
10415,10420,10417.5,2.80978e-05,0.000140489,2
10420,10425,10422.5,1.40489e-05,7.02445e-05,1
10435,10440,10437.5,1.40489e-05,7.02445e-05,1
10440,10445,10442.5,1.40489e-05,7.02445e-05,1
10445,10450,10447.5,4.21467e-05,0.000210733,3
10450,10455,10452.5,1.40489e-05,7.02445e-05,1
10470,10475,10472.5,1.40489e-05,7.02445e-05,1
10490,10495,10492.5,2.80978e-05,0.000140489,2
10520,10525,10522.5,1.40489e-05,7.02445e-05,1
10525,10530,10527.5,1.40489e-05,7.02445e-05,1
10530,10535,10532.5,1.40489e-05,7.02445e-05,1
10535,10540,10537.5,1.40489e-05,7.02445e-05,1
10555,10560,10557.5,1.40489e-05,7.02445e-05,1
10565,10570,10567.5,2.80978e-05,0.000140489,2
10570,10575,10572.5,1.40489e-05,7.02445e-05,1
10595,10600,10597.5,1.40489e-05,7.02445e-05,1
10605,10610,10607.5,1.40489e-05,7.02445e-05,1
10620,10625,10622.5,2.80978e-05,0.000140489,2
10655,10660,10657.5,2.80978e-05,0.000140489,2
10660,10665,10662.5,2.80978e-05,0.000140489,2
10670,10675,10672.5,2.80978e-05,0.000140489,2
10685,10690,10687.5,1.40489e-05,7.02445e-05,1
10720,10725,10722.5,1.40489e-05,7.02445e-05,1
10725,10730,10727.5,1.40489e-05,7.02445e-05,1
10745,10750,10747.5,1.40489e-05,7.02445e-05,1
10755,10760,10757.5,1.40489e-05,7.02445e-05,1
10765,10770,10767.5,1.40489e-05,7.02445e-05,1
10775,10780,10777.5,1.40489e-05,7.02445e-05,1
10780,10785,10782.5,4.21467e-05,0.000210733,3
10785,10790,10787.5,1.40489e-05,7.02445e-05,1
10790,10795,10792.5,2.80978e-05,0.000140489,2
10810,10815,10812.5,1.40489e-05,7.02445e-05,1
10815,10820,10817.5,1.40489e-05,7.02445e-05,1
10825,10830,10827.5,1.40489e-05,7.02445e-05,1
10835,10840,10837.5,1.40489e-05,7.02445e-05,1
10845,10850,10847.5,1.40489e-05,7.02445e-05,1
10850,10855,10852.5,1.40489e-05,7.02445e-05,1
10865,10870,10867.5,2.80978e-05,0.000140489,2
10885,10890,10887.5,1.40489e-05,7.02445e-05,1
10925,10930,10927.5,2.80978e-05,0.000140489,2
10940,10945,10942.5,1.40489e-05,7.02445e-05,1
10950,10955,10952.5,4.21467e-05,0.000210733,3
10960,10965,10962.5,2.80978e-05,0.000140489,2
10965,10970,10967.5,1.40489e-05,7.02445e-05,1
10975,10980,10977.5,1.40489e-05,7.02445e-05,1
11000,11005,11002.5,1.40489e-05,7.02445e-05,1
11005,11010,11007.5,2.80978e-05,0.000140489,2
11010,11015,11012.5,1.40489e-05,7.02445e-05,1
11055,11060,11057.5,2.80978e-05,0.000140489,2
11075,11080,11077.5,1.40489e-05,7.02445e-05,1
11080,11085,11082.5,1.40489e-05,7.02445e-05,1
11085,11090,11087.5,1.40489e-05,7.02445e-05,1
11110,11115,11112.5,1.40489e-05,7.02445e-05,1
11130,11135,11132.5,1.40489e-05,7.02445e-05,1
11145,11150,11147.5,1.40489e-05,7.02445e-05,1
11150,11155,11152.5,2.80978e-05,0.000140489,2
11155,11160,11157.5,4.21467e-05,0.000210733,3
11160,11165,11162.5,1.40489e-05,7.02445e-05,1
11180,11185,11182.5,1.40489e-05,7.02445e-05,1
11205,11210,11207.5,1.40489e-05,7.02445e-05,1
11230,11235,11232.5,1.40489e-05,7.02445e-05,1
11240,11245,11242.5,1.40489e-05,7.02445e-05,1
11245,11250,11247.5,1.40489e-05,7.02445e-05,1
11250,11255,11252.5,1.40489e-05,7.02445e-05,1
11260,11265,11262.5,1.40489e-05,7.02445e-05,1
11280,11285,11282.5,1.40489e-05,7.02445e-05,1
11285,11290,11287.5,1.40489e-05,7.02445e-05,1
11290,11295,11292.5,1.40489e-05,7.02445e-05,1
11295,11300,11297.5,1.40489e-05,7.02445e-05,1
11310,11315,11312.5,1.40489e-05,7.02445e-05,1
11345,11350,11347.5,1.40489e-05,7.02445e-05,1
11350,11355,11352.5,1.40489e-05,7.02445e-05,1
11375,11380,11377.5,1.40489e-05,7.02445e-05,1
11405,11410,11407.5,1.40489e-05,7.02445e-05,1
11410,11415,11412.5,5.61956e-05,0.000280978,4
11415,11420,11417.5,1.40489e-05,7.02445e-05,1
11420,11425,11422.5,1.40489e-05,7.02445e-05,1
11455,11460,11457.5,1.40489e-05,7.02445e-05,1
11460,11465,11462.5,2.80978e-05,0.000140489,2
11470,11475,11472.5,1.40489e-05,7.02445e-05,1
11525,11530,11527.5,1.40489e-05,7.02445e-05,1
11575,11580,11577.5,1.40489e-05,7.02445e-05,1
11585,11590,11587.5,1.40489e-05,7.02445e-05,1
11595,11600,11597.5,1.40489e-05,7.02445e-05,1
11640,11645,11642.5,1.40489e-05,7.02445e-05,1
11655,11660,11657.5,1.40489e-05,7.02445e-05,1
11660,11665,11662.5,1.40489e-05,7.02445e-05,1
11675,11680,11677.5,1.40489e-05,7.02445e-05,1
11695,11700,11697.5,1.40489e-05,7.02445e-05,1
11710,11715,11712.5,1.40489e-05,7.02445e-05,1
11740,11745,11742.5,1.40489e-05,7.02445e-05,1
11755,11760,11757.5,1.40489e-05,7.02445e-05,1
11765,11770,11767.5,1.40489e-05,7.02445e-05,1
11770,11775,11772.5,1.40489e-05,7.02445e-05,1
11775,11780,11777.5,1.40489e-05,7.02445e-05,1
11800,11805,11802.5,2.80978e-05,0.000140489,2
11820,11825,11822.5,1.40489e-05,7.02445e-05,1
11830,11835,11832.5,1.40489e-05,7.02445e-05,1
11845,11850,11847.5,2.80978e-05,0.000140489,2
11860,11865,11862.5,1.40489e-05,7.02445e-05,1
11880,11885,11882.5,1.40489e-05,7.02445e-05,1
11885,11890,11887.5,1.40489e-05,7.02445e-05,1
11890,11895,11892.5,1.40489e-05,7.02445e-05,1
11895,11900,11897.5,4.21467e-05,0.000210733,3
11925,11930,11927.5,1.40489e-05,7.02445e-05,1
11930,11935,11932.5,1.40489e-05,7.02445e-05,1
11935,11940,11937.5,1.40489e-05,7.02445e-05,1
11965,11970,11967.5,1.40489e-05,7.02445e-05,1
11980,11985,11982.5,1.40489e-05,7.02445e-05,1
12005,12010,12007.5,1.40489e-05,7.02445e-05,1
12020,12025,12022.5,1.40489e-05,7.02445e-05,1
12035,12040,12037.5,1.40489e-05,7.02445e-05,1
12040,12045,12042.5,1.40489e-05,7.02445e-05,1
12045,12050,12047.5,1.40489e-05,7.02445e-05,1
12070,12075,12072.5,1.40489e-05,7.02445e-05,1
12075,12080,12077.5,1.40489e-05,7.02445e-05,1
12090,12095,12092.5,2.80978e-05,0.000140489,2
12130,12135,12132.5,1.40489e-05,7.02445e-05,1
12155,12160,12157.5,1.40489e-05,7.02445e-05,1
12170,12175,12172.5,1.40489e-05,7.02445e-05,1
12175,12180,12177.5,2.80978e-05,0.000140489,2
12180,12185,12182.5,1.40489e-05,7.02445e-05,1
12185,12190,12187.5,1.40489e-05,7.02445e-05,1
12200,12205,12202.5,1.40489e-05,7.02445e-05,1
12205,12210,12207.5,2.80978e-05,0.000140489,2
12215,12220,12217.5,1.40489e-05,7.02445e-05,1
12235,12240,12237.5,1.40489e-05,7.02445e-05,1
12240,12245,12242.5,1.40489e-05,7.02445e-05,1
12250,12255,12252.5,1.40489e-05,7.02445e-05,1
12330,12335,12332.5,1.40489e-05,7.02445e-05,1
12340,12345,12342.5,1.40489e-05,7.02445e-05,1
12360,12365,12362.5,1.40489e-05,7.02445e-05,1
12390,12395,12392.5,1.40489e-05,7.02445e-05,1
12400,12405,12402.5,1.40489e-05,7.02445e-05,1
12415,12420,12417.5,1.40489e-05,7.02445e-05,1
12435,12440,12437.5,1.40489e-05,7.02445e-05,1
12440,12445,12442.5,1.40489e-05,7.02445e-05,1
12450,12455,12452.5,1.40489e-05,7.02445e-05,1
12475,12480,12477.5,1.40489e-05,7.02445e-05,1
12515,12520,12517.5,1.40489e-05,7.02445e-05,1
12520,12525,12522.5,2.80978e-05,0.000140489,2
12535,12540,12537.5,1.40489e-05,7.02445e-05,1
12575,12580,12577.5,2.80978e-05,0.000140489,2
12590,12595,12592.5,2.80978e-05,0.000140489,2
12620,12625,12622.5,1.40489e-05,7.02445e-05,1
12625,12630,12627.5,1.40489e-05,7.02445e-05,1
12640,12645,12642.5,1.40489e-05,7.02445e-05,1
12650,12655,12652.5,1.40489e-05,7.02445e-05,1
12660,12665,12662.5,1.40489e-05,7.02445e-05,1
12665,12670,12667.5,1.40489e-05,7.02445e-05,1
12675,12680,12677.5,1.40489e-05,7.02445e-05,1
12695,12700,12697.5,1.40489e-05,7.02445e-05,1
12725,12730,12727.5,1.40489e-05,7.02445e-05,1
12730,12735,12732.5,1.40489e-05,7.02445e-05,1
12735,12740,12737.5,1.40489e-05,7.02445e-05,1
12740,12745,12742.5,1.40489e-05,7.02445e-05,1
12765,12770,12767.5,1.40489e-05,7.02445e-05,1
12770,12775,12772.5,1.40489e-05,7.02445e-05,1
12775,12780,12777.5,1.40489e-05,7.02445e-05,1
12845,12850,12847.5,1.40489e-05,7.02445e-05,1
12875,12880,12877.5,1.40489e-05,7.02445e-05,1
12900,12905,12902.5,1.40489e-05,7.02445e-05,1
12905,12910,12907.5,1.40489e-05,7.02445e-05,1
12910,12915,12912.5,2.80978e-05,0.000140489,2
12915,12920,12917.5,2.80978e-05,0.000140489,2
12965,12970,12967.5,1.40489e-05,7.02445e-05,1
12975,12980,12977.5,2.80978e-05,0.000140489,2
12995,13000,12997.5,1.40489e-05,7.02445e-05,1
13000,13005,13002.5,1.40489e-05,7.02445e-05,1
13010,13015,13012.5,1.40489e-05,7.02445e-05,1
13015,13020,13017.5,2.80978e-05,0.000140489,2
13035,13040,13037.5,1.40489e-05,7.02445e-05,1
13050,13055,13052.5,1.40489e-05,7.02445e-05,1
13055,13060,13057.5,1.40489e-05,7.02445e-05,1
13145,13150,13147.5,1.40489e-05,7.02445e-05,1
13160,13165,13162.5,2.80978e-05,0.000140489,2
13180,13185,13182.5,1.40489e-05,7.02445e-05,1
13200,13205,13202.5,1.40489e-05,7.02445e-05,1
13215,13220,13217.5,1.40489e-05,7.02445e-05,1
13280,13285,13282.5,1.40489e-05,7.02445e-05,1
13290,13295,13292.5,1.40489e-05,7.02445e-05,1
13345,13350,13347.5,1.40489e-05,7.02445e-05,1
13355,13360,13357.5,1.40489e-05,7.02445e-05,1
13370,13375,13372.5,1.40489e-05,7.02445e-05,1
13415,13420,13417.5,1.40489e-05,7.02445e-05,1
13440,13445,13442.5,1.40489e-05,7.02445e-05,1
13475,13480,13477.5,1.40489e-05,7.02445e-05,1
13530,13535,13532.5,1.40489e-05,7.02445e-05,1
13595,13600,13597.5,1.40489e-05,7.02445e-05,1
13645,13650,13647.5,1.40489e-05,7.02445e-05,1
13690,13695,13692.5,1.40489e-05,7.02445e-05,1
13705,13710,13707.5,5.61956e-05,0.000280978,4
13710,13715,13712.5,2.80978e-05,0.000140489,2
13720,13725,13722.5,1.40489e-05,7.02445e-05,1
13725,13730,13727.5,1.40489e-05,7.02445e-05,1
13745,13750,13747.5,1.40489e-05,7.02445e-05,1
13795,13800,13797.5,4.21467e-05,0.000210733,3
13820,13825,13822.5,1.40489e-05,7.02445e-05,1
13825,13830,13827.5,1.40489e-05,7.02445e-05,1
13835,13840,13837.5,1.40489e-05,7.02445e-05,1
13840,13845,13842.5,2.80978e-05,0.000140489,2
13870,13875,13872.5,1.40489e-05,7.02445e-05,1
13900,13905,13902.5,1.40489e-05,7.02445e-05,1
13915,13920,13917.5,1.40489e-05,7.02445e-05,1
13920,13925,13922.5,1.40489e-05,7.02445e-05,1
13930,13935,13932.5,1.40489e-05,7.02445e-05,1
13940,13945,13942.5,1.40489e-05,7.02445e-05,1
13950,13955,13952.5,1.40489e-05,7.02445e-05,1
13955,13960,13957.5,1.40489e-05,7.02445e-05,1
13995,14000,13997.5,1.40489e-05,7.02445e-05,1
14000,14005,14002.5,1.40489e-05,7.02445e-05,1
14020,14025,14022.5,1.40489e-05,7.02445e-05,1
14040,14045,14042.5,1.40489e-05,7.02445e-05,1
14140,14145,14142.5,1.40489e-05,7.02445e-05,1
14150,14155,14152.5,1.40489e-05,7.02445e-05,1
14165,14170,14167.5,4.21467e-05,0.000210733,3
14230,14235,14232.5,1.40489e-05,7.02445e-05,1
14235,14240,14237.5,1.40489e-05,7.02445e-05,1
14290,14295,14292.5,1.40489e-05,7.02445e-05,1
14305,14310,14307.5,1.40489e-05,7.02445e-05,1
14310,14315,14312.5,1.40489e-05,7.02445e-05,1
14345,14350,14347.5,1.40489e-05,7.02445e-05,1
14385,14390,14387.5,1.40489e-05,7.02445e-05,1
14415,14420,14417.5,1.40489e-05,7.02445e-05,1
14425,14430,14427.5,1.40489e-05,7.02445e-05,1
14430,14435,14432.5,1.40489e-05,7.02445e-05,1
14440,14445,14442.5,1.40489e-05,7.02445e-05,1
14455,14460,14457.5,1.40489e-05,7.02445e-05,1
14470,14475,14472.5,1.40489e-05,7.02445e-05,1
14490,14495,14492.5,2.80978e-05,0.000140489,2
14495,14500,14497.5,1.40489e-05,7.02445e-05,1
14605,14610,14607.5,1.40489e-05,7.02445e-05,1
14615,14620,14617.5,1.40489e-05,7.02445e-05,1
14655,14660,14657.5,1.40489e-05,7.02445e-05,1
14675,14680,14677.5,1.40489e-05,7.02445e-05,1
14690,14695,14692.5,1.40489e-05,7.02445e-05,1
14710,14715,14712.5,1.40489e-05,7.02445e-05,1
14720,14725,14722.5,1.40489e-05,7.02445e-05,1
14725,14730,14727.5,1.40489e-05,7.02445e-05,1
14745,14750,14747.5,1.40489e-05,7.02445e-05,1
14810,14815,14812.5,1.40489e-05,7.02445e-05,1
14870,14875,14872.5,1.40489e-05,7.02445e-05,1
14875,14880,14877.5,2.80978e-05,0.000140489,2
14990,14995,14992.5,1.40489e-05,7.02445e-05,1
15005,15010,15007.5,1.40489e-05,7.02445e-05,1
15030,15035,15032.5,1.40489e-05,7.02445e-05,1
15120,15125,15122.5,1.40489e-05,7.02445e-05,1
15185,15190,15187.5,1.40489e-05,7.02445e-05,1
15225,15230,15227.5,1.40489e-05,7.02445e-05,1
15250,15255,15252.5,1.40489e-05,7.02445e-05,1
15410,15415,15412.5,2.80978e-05,0.000140489,2
15450,15455,15452.5,1.40489e-05,7.02445e-05,1
15530,15535,15532.5,1.40489e-05,7.02445e-05,1
15565,15570,15567.5,1.40489e-05,7.02445e-05,1
15670,15675,15672.5,1.40489e-05,7.02445e-05,1
15720,15725,15722.5,1.40489e-05,7.02445e-05,1
15730,15735,15732.5,1.40489e-05,7.02445e-05,1
15740,15745,15742.5,1.40489e-05,7.02445e-05,1
15750,15755,15752.5,1.40489e-05,7.02445e-05,1
15795,15800,15797.5,2.80978e-05,0.000140489,2
15895,15900,15897.5,1.40489e-05,7.02445e-05,1
15935,15940,15937.5,1.40489e-05,7.02445e-05,1
15990,15995,15992.5,1.40489e-05,7.02445e-05,1
16070,16075,16072.5,1.40489e-05,7.02445e-05,1
16075,16080,16077.5,2.80978e-05,0.000140489,2
16105,16110,16107.5,1.40489e-05,7.02445e-05,1
16115,16120,16117.5,2.80978e-05,0.000140489,2
16165,16170,16167.5,1.40489e-05,7.02445e-05,1
16175,16180,16177.5,1.40489e-05,7.02445e-05,1
16225,16230,16227.5,1.40489e-05,7.02445e-05,1
16360,16365,16362.5,1.40489e-05,7.02445e-05,1
16365,16370,16367.5,1.40489e-05,7.02445e-05,1
16395,16400,16397.5,1.40489e-05,7.02445e-05,1
16475,16480,16477.5,1.40489e-05,7.02445e-05,1
16505,16510,16507.5,1.40489e-05,7.02445e-05,1
16665,16670,16667.5,1.40489e-05,7.02445e-05,1
16685,16690,16687.5,1.40489e-05,7.02445e-05,1
16770,16775,16772.5,1.40489e-05,7.02445e-05,1
16955,16960,16957.5,1.40489e-05,7.02445e-05,1
16985,16990,16987.5,1.40489e-05,7.02445e-05,1
16990,16995,16992.5,1.40489e-05,7.02445e-05,1
17050,17055,17052.5,1.40489e-05,7.02445e-05,1
17085,17090,17087.5,1.40489e-05,7.02445e-05,1
17090,17095,17092.5,1.40489e-05,7.02445e-05,1
17100,17105,17102.5,1.40489e-05,7.02445e-05,1
17165,17170,17167.5,1.40489e-05,7.02445e-05,1
17280,17285,17282.5,1.40489e-05,7.02445e-05,1
17310,17315,17312.5,1.40489e-05,7.02445e-05,1
17380,17385,17382.5,1.40489e-05,7.02445e-05,1
17390,17395,17392.5,1.40489e-05,7.02445e-05,1
17480,17485,17482.5,1.40489e-05,7.02445e-05,1
18010,18015,18012.5,1.40489e-05,7.02445e-05,1
18470,18475,18472.5,1.40489e-05,7.02445e-05,1
18490,18495,18492.5,1.40489e-05,7.02445e-05,1
18505,18510,18507.5,1.40489e-05,7.02445e-05,1
18675,18680,18677.5,1.40489e-05,7.02445e-05,1
19030,19035,19032.5,1.40489e-05,7.02445e-05,1
19150,19155,19152.5,1.40489e-05,7.02445e-05,1
19220,19225,19222.5,1.40489e-05,7.02445e-05,1
19250,19255,19252.5,1.40489e-05,7.02445e-05,1
19345,19350,19347.5,1.40489e-05,7.02445e-05,1
19430,19435,19432.5,1.40489e-05,7.02445e-05,1
20265,20270,20267.5,1.40489e-05,7.02445e-05,1
20685,20690,20687.5,1.40489e-05,7.02445e-05,1
20820,20825,20822.5,1.40489e-05,7.02445e-05,1
20855,20860,20857.5,1.40489e-05,7.02445e-05,1
20945,20950,20947.5,1.40489e-05,7.02445e-05,1
21105,21110,21107.5,1.40489e-05,7.02445e-05,1
21200,21205,21202.5,1.40489e-05,7.02445e-05,1
21455,21460,21457.5,1.40489e-05,7.02445e-05,1
23080,23085,23082.5,1.40489e-05,7.02445e-05,1
23555,23560,23557.5,1.40489e-05,7.02445e-05,1
24615,24620,24617.5,1.40489e-05,7.02445e-05,1
24745,24750,24747.5,1.40489e-05,7.02445e-05,1
25140,25145,25142.5,1.40489e-05,7.02445e-05,1
25410,25415,25412.5,1.40489e-05,7.02445e-05,1
25705,25710,25707.5,1.40489e-05,7.02445e-05,1
27710,27715,27712.5,1.40489e-05,7.02445e-05,1
27770,27775,27772.5,1.40489e-05,7.02445e-05,1
28195,28200,28197.5,1.40489e-05,7.02445e-05,1
28375,28380,28377.5,1.40489e-05,7.02445e-05,1
31180,31185,31182.5,1.40489e-05,7.02445e-05,1
33255,33260,33257.5,1.40489e-05,7.02445e-05,1
VO Delay PDF CSV saved: scratch/delay_pdf/pedca_vo_delay_pdf.csv

P-EDCA STA Delay PDF CSV saved: /home/nathanlo/ns-3.45/scratch/delay_pdf/11be/adaptive_compare_burst/adaptive_k15_s1.csv
Legacy STA Delay PDF CSV saved: /home/nathanlo/ns-3.45/scratch/delay_pdf/11be/adaptive_compare_burst/adaptive_k15_s1_legacy.csv
--- EXTENDED_STATS_BEGIN ---
PEDCA_STA_SUCC_COUNT: 7586
PEDCA_STA_FAIL_COUNT: 12
PEDCA_STA_ZERO_RETX: 7584
LEGACY_STA_SUCC_COUNT: 6652
LEGACY_STA_FAIL_COUNT: 569
LEGACY_STA_ZERO_RETX: 6652
PEDCA_STA_AVG_MAC_DELAY: 2056.92
PEDCA_STA_AVG_QUEUE_DELAY: 1776.19
PEDCA_STA_AVG_ACCESS_DELAY: 280.736
LEGACY_STA_AVG_MAC_DELAY: 2746.13
LEGACY_STA_AVG_QUEUE_DELAY: 2418.55
LEGACY_STA_AVG_ACCESS_DELAY: 327.586
--- EXTENDED_STATS_END ---
