[INFO] std::clog redirected to: /dev/null

--- Per-STA P-EDCA Detail ---
  STA0: DS-CTS=168 S2Entry=168 S2Tx=110 PedcaOK=103 EdcaOK=155 FailCTS=3 FailColl=4 FailExp=0 Defer=0
  STA1: DS-CTS=36 S2Entry=36 S2Tx=33 PedcaOK=32 EdcaOK=677 FailCTS=1 FailColl=0 FailExp=0 Defer=0
  STA2: DS-CTS=223 S2Entry=223 S2Tx=153 PedcaOK=141 EdcaOK=268 FailCTS=5 FailColl=7 FailExp=0 Defer=0
  STA3: DS-CTS=175 S2Entry=175 S2Tx=116 PedcaOK=110 EdcaOK=359 FailCTS=3 FailColl=3 FailExp=0 Defer=0
  STA4: DS-CTS=5 S2Entry=5 S2Tx=5 PedcaOK=5 EdcaOK=2 FailCTS=0 FailColl=0 FailExp=0 Defer=0
  STA5: DS-CTS=138 S2Entry=138 S2Tx=99 PedcaOK=93 EdcaOK=307 FailCTS=2 FailColl=4 FailExp=0 Defer=0
  STA6: DS-CTS=208 S2Entry=208 S2Tx=146 PedcaOK=136 EdcaOK=416 FailCTS=6 FailColl=4 FailExp=0 Defer=0
  STA7: DS-CTS=186 S2Entry=186 S2Tx=138 PedcaOK=135 EdcaOK=575 FailCTS=1 FailColl=2 FailExp=0 Defer=0
  STA8: DS-CTS=109 S2Entry=109 S2Tx=84 PedcaOK=80 EdcaOK=353 FailCTS=1 FailColl=3 FailExp=0 Defer=0
  STA9: DS-CTS=2 S2Entry=2 S2Tx=2 PedcaOK=2 EdcaOK=1 FailCTS=0 FailColl=0 FailExp=0 Defer=0
  STA10: DS-CTS=270 S2Entry=270 S2Tx=172 PedcaOK=155 EdcaOK=446 FailCTS=6 FailColl=11 FailExp=0 Defer=0
  STA11: DS-CTS=4 S2Entry=4 S2Tx=4 PedcaOK=1 EdcaOK=4 FailCTS=3 FailColl=0 FailExp=0 Defer=0
  STA12: DS-CTS=80 S2Entry=80 S2Tx=63 PedcaOK=60 EdcaOK=206 FailCTS=2 FailColl=1 FailExp=0 Defer=0
  STA13: DS-CTS=4 S2Entry=4 S2Tx=4 PedcaOK=3 EdcaOK=2 FailCTS=1 FailColl=0 FailExp=0 Defer=0
  STA14: DS-CTS=266 S2Entry=266 S2Tx=173 PedcaOK=158 EdcaOK=418 FailCTS=4 FailColl=11 FailExp=0 Defer=0

=== General Statistics ===
P-EDCA Ratio: 0.5
P-EDCA STAs: 15/30
P-EDCA Share (Avg Per-STA P-EDCA Tx/Total Tx): 32.1076 %
Avg P-EDCA Attempt Success Rate: 69.7894 %
Global P-EDCA Tx Success: 1214
Global EDCA Tx Success: 4189
Global P-EDCA Attempt (DS-CTS Sent): 1874

--- P-EDCA Detailed Trace ---
Stage 2 Entered: 1874
Stage 2 TX Started: 1302
P-EDCA Fail RTS No CTS: 38
P-EDCA Fail RTS Collision: 50
P-EDCA Fail Timing Expired: 0
P-EDCA Fail Deferral: 0
Total VO TX (P-EDCA+EDCA): 5403
Global P-EDCA Share: 22.469 %
Global EDCA Share: 77.531 %
Channel Idle Time (AP): 25.6801 % (1.79761e+06 us / 7e+06 us)
Total Successes:       14268
Total Failures:        472
Total Retransmissions: 5

--- Per-AC Success Statistics ---
AC_BE:
  Successes:         55
  Throughput:        0.0628571 Mbps
  Packet Loss:       37.5 %
  Avg Retx/MPDU:     0
  Avg Queue Delay:   -1.99515e+06 us (Enqueue->TxStart)
  Avg Access Delay:  2.0713e+06 us (TxStart->Ack)
  Avg MAC Delay:     76146.7 us (Total: Enqueue->Ack)

AC_VO:
  Successes:         14213
  Throughput:        16.2434 Mbps
  Packet Loss:       2.99618 %
  Avg Retx/MPDU:     0.000351791
  Avg Queue Delay:   2122.28 us (Enqueue->TxStart)
  Avg Access Delay:  309.759 us (TxStart->Ack)
  Avg MAC Delay:     2432.03 us (Total: Enqueue->Ack)

--- Per-AC Failure Statistics ---
AC_BE Failures: 33
AC_VO Failures: 439

--- Failure Reasons by AC ---
  AC_BE EXPIRED_LIFETIME: 33
  AC_VO RETRY_LIMIT: 439


=== Extended P-EDCA vs Legacy Statistics ===

--- [Stat 1] Delay by STA Type ---
P-EDCA STAs (15 STAs):
  Successes:         6115
  Failures:          69
  Throughput:        6.98857 Mbps
  Packet Loss:       1.11578 %
  Avg Queue Delay:   2236.31 us
  Avg Access Delay:  321.38 us
  Avg MAC Delay:     2557.69 us
  Median MAC Delay:  1581 us
  P95 MAC Delay:     8203 us
  P99 MAC Delay:     15374 us
Legacy EDCA STAs (15 STAs):
  Successes:         8099
  Failures:          370
  Throughput:        9.256 Mbps
  Packet Loss:       4.36887 %
  Avg Queue Delay:   2035.93 us
  Avg Access Delay:  300.961 us
  Avg MAC Delay:     2336.89 us
  Median MAC Delay:  1383 us
  P95 MAC Delay:     8200 us
  P99 MAC Delay:     13563 us

--- [Stat 2] Per-STA P-EDCA Attempt Count (DS-CTS Sent) ---
  STA0: 168 P-EDCA attempts
  STA1: 36 P-EDCA attempts
  STA2: 223 P-EDCA attempts
  STA3: 175 P-EDCA attempts
  STA4: 5 P-EDCA attempts
  STA5: 138 P-EDCA attempts
  STA6: 208 P-EDCA attempts
  STA7: 186 P-EDCA attempts
  STA8: 109 P-EDCA attempts
  STA9: 2 P-EDCA attempts
  STA10: 270 P-EDCA attempts
  STA11: 4 P-EDCA attempts
  STA12: 80 P-EDCA attempts
  STA13: 4 P-EDCA attempts
  STA14: 266 P-EDCA attempts
  Total: 1874 P-EDCA attempts across 15 P-EDCA STAs
  Avg per P-EDCA STA: 124.933

--- [Stat 3] P-EDCA One-Shot Success Probability ---
  P-EDCA Success / DS-CTS Sent:      1214 / 1874 = 64.7812 %
  P-EDCA Success / Stage2 TX Started: 1214 / 1302 = 93.2412 %  (given RTS was actually sent)

--- [Stat 4] EDCA One-Shot Success Ratio (0 retransmissions) ---
  Legacy STAs: 8096 / 8099 = 99.963 %
  P-EDCA STAs: 6113 / 6115 = 99.9673 %  (MAC-level, includes both P-EDCA and EDCA paths)

--- [Stat 5] P-EDCA Kickback-to-EDCA Probability ---
  Total P-EDCA Failures: 88 / 1874 DS-CTS = 4.69584 %
    RTS No CTS:       38 (2.02775 %)
    RTS Collision:    50 (2.66809 %)
    Timing Expired:   0 (0 %)
    Deferral:         0 (0 %)

--- [Stat 6] P-EDCA RTS Collision Probability ---
  RTS Collision / Stage2 TX Started: 50 / 1302 = 3.84025 %
  RTS Collision / DS-CTS Sent:       50 / 1874 = 2.66809 %

--- [Stat 7] P-EDCA Attempts per Successful P-EDCA TX ---
  DS-CTS Sent / P-EDCA Success: 1874 / 1214 = 1.54366 attempts/success
  Stage2 TX / P-EDCA Success:   1302 / 1214 = 1.07249 RTS/success

--- VO Delay PDF (MAC Delay) ---
bin_start_us,bin_end_us,bin_mid_us,pdf_per_us,probability,count
215,220,217.5,8.44297e-05,0.000422149,6
220,225,222.5,4.22149e-05,0.000211074,3
225,230,227.5,0.000112573,0.000562865,8
230,235,232.5,7.03581e-05,0.000351791,5
235,240,237.5,0.000140716,0.000703581,10
240,245,242.5,0.000182931,0.000914656,13
245,250,247.5,0.000126645,0.000633223,9
250,255,252.5,4.22149e-05,0.000211074,3
255,260,257.5,8.44297e-05,0.000422149,6
260,265,262.5,5.62865e-05,0.000281432,4
265,270,267.5,8.44297e-05,0.000422149,6
270,275,272.5,0.000126645,0.000633223,9
275,280,277.5,5.62865e-05,0.000281432,4
280,285,282.5,8.44297e-05,0.000422149,6
285,290,287.5,7.03581e-05,0.000351791,5
290,295,292.5,0.000112573,0.000562865,8
295,300,297.5,0.000112573,0.000562865,8
300,305,302.5,0.000154788,0.000773939,11
305,310,307.5,9.85014e-05,0.000492507,7
310,315,312.5,9.85014e-05,0.000492507,7
315,320,317.5,0.000112573,0.000562865,8
320,325,322.5,0.000154788,0.000773939,11
325,330,327.5,0.000112573,0.000562865,8
330,335,332.5,9.85014e-05,0.000492507,7
335,340,337.5,0.000168859,0.000844297,12
340,345,342.5,0.00236403,0.0118202,168
345,350,347.5,0.00388377,0.0194188,276
350,355,352.5,0.00128052,0.00640259,91
355,360,357.5,0.000717653,0.00358826,51
360,365,362.5,0.000675438,0.00337719,48
365,370,367.5,0.000844297,0.00422149,60
370,375,372.5,0.000788011,0.00394005,56
375,380,377.5,0.000379934,0.00189967,27
380,385,382.5,0.000309576,0.00154788,22
385,390,387.5,0.000309576,0.00154788,22
390,395,392.5,0.000394005,0.00197003,28
395,400,397.5,0.000408077,0.00204039,29
400,405,402.5,0.000351791,0.00175895,25
405,410,407.5,0.000379934,0.00189967,27
410,415,412.5,0.000464364,0.00232182,33
415,420,417.5,0.000450292,0.00225146,32
420,425,422.5,0.000464364,0.00232182,33
425,430,427.5,0.00043622,0.0021811,31
430,435,432.5,0.000422149,0.00211074,30
435,440,437.5,0.000408077,0.00204039,29
440,445,442.5,0.000379934,0.00189967,27
445,450,447.5,0.000267361,0.0013368,19
450,455,452.5,0.0150285,0.0751425,1068
455,460,457.5,0.000309576,0.00154788,22
460,465,462.5,0.000464364,0.00232182,33
465,470,467.5,0.000408077,0.00204039,29
470,475,472.5,0.000478435,0.00239218,34
475,480,477.5,0.000365862,0.00182931,26
480,485,482.5,0.000478435,0.00239218,34
485,490,487.5,0.000408077,0.00204039,29
490,495,492.5,0.000379934,0.00189967,27
495,500,497.5,0.000267361,0.0013368,19
500,505,502.5,0.00052065,0.00260325,37
505,510,507.5,0.000492507,0.00246253,35
510,515,512.5,0.000394005,0.00197003,28
515,520,517.5,0.000422149,0.00211074,30
520,525,522.5,0.00043622,0.0021811,31
525,530,527.5,0.000323647,0.00161824,23
530,535,532.5,0.000408077,0.00204039,29
535,540,537.5,0.000408077,0.00204039,29
540,545,542.5,0.000126645,0.000633223,9
545,550,547.5,0.000239218,0.00119609,17
550,555,552.5,0.000379934,0.00189967,27
555,560,557.5,0.000337719,0.00168859,24
560,565,562.5,0.000591008,0.00295504,42
565,570,567.5,0.000351791,0.00175895,25
570,575,572.5,0.000422149,0.00211074,30
575,580,577.5,0.000309576,0.00154788,22
580,585,582.5,0.00043622,0.0021811,31
585,590,587.5,0.000478435,0.00239218,34
590,595,592.5,0.00043622,0.0021811,31
595,600,597.5,0.000379934,0.00189967,27
600,605,602.5,0.000591008,0.00295504,42
605,610,607.5,0.000323647,0.00161824,23
610,615,612.5,0.00043622,0.0021811,31
615,620,617.5,0.000337719,0.00168859,24
620,625,622.5,0.000506578,0.00253289,36
625,630,627.5,0.000351791,0.00175895,25
630,635,632.5,0.00052065,0.00260325,37
635,640,637.5,0.000309576,0.00154788,22
640,645,642.5,0.000506578,0.00253289,36
645,650,647.5,0.000351791,0.00175895,25
650,655,652.5,0.000492507,0.00246253,35
655,660,657.5,0.000253289,0.00126645,18
660,665,662.5,0.000323647,0.00161824,23
665,670,667.5,0.000365862,0.00182931,26
670,675,672.5,0.00453106,0.0226553,322
675,680,677.5,0.000267361,0.0013368,19
680,685,682.5,0.00043622,0.0021811,31
685,690,687.5,0.000478435,0.00239218,34
690,695,692.5,0.000267361,0.0013368,19
695,700,697.5,0.000394005,0.00197003,28
700,705,702.5,0.000337719,0.00168859,24
705,710,707.5,0.000323647,0.00161824,23
710,715,712.5,0.000337719,0.00168859,24
715,720,717.5,0.000394005,0.00197003,28
720,725,722.5,0.000422149,0.00211074,30
725,730,727.5,0.000281432,0.00140716,20
730,735,732.5,0.000478435,0.00239218,34
735,740,737.5,0.000422149,0.00211074,30
740,745,742.5,0.000295504,0.00147752,21
745,750,747.5,0.000365862,0.00182931,26
750,755,752.5,0.000464364,0.00232182,33
755,760,757.5,0.000394005,0.00197003,28
760,765,762.5,0.000408077,0.00204039,29
765,770,767.5,0.000239218,0.00119609,17
770,775,772.5,0.000562865,0.00281432,40
775,780,777.5,0.000351791,0.00175895,25
780,785,782.5,0.00105537,0.00527686,75
785,790,787.5,0.000379934,0.00189967,27
790,795,792.5,0.000126645,0.000633223,9
795,800,797.5,0.000239218,0.00119609,17
800,805,802.5,0.000337719,0.00168859,24
805,810,807.5,0.000253289,0.00126645,18
810,815,812.5,0.000168859,0.000844297,12
815,820,817.5,0.000140716,0.000703581,10
820,825,822.5,0.000281432,0.00140716,20
825,830,827.5,0.000197003,0.000985014,14
830,835,832.5,0.000225146,0.00112573,16
835,840,837.5,0.000309576,0.00154788,22
840,845,842.5,0.000309576,0.00154788,22
845,850,847.5,0.000365862,0.00182931,26
850,855,852.5,0.000253289,0.00126645,18
855,860,857.5,0.000281432,0.00140716,20
860,865,862.5,0.000295504,0.00147752,21
865,870,867.5,0.000281432,0.00140716,20
870,875,872.5,0.000239218,0.00119609,17
875,880,877.5,0.000197003,0.000985014,14
880,885,882.5,0.000253289,0.00126645,18
885,890,887.5,0.000197003,0.000985014,14
890,895,892.5,0.000703581,0.00351791,50
895,900,897.5,0.000323647,0.00161824,23
900,905,902.5,0.000295504,0.00147752,21
905,910,907.5,0.000394005,0.00197003,28
910,915,912.5,0.000225146,0.00112573,16
915,920,917.5,0.000211074,0.00105537,15
920,925,922.5,0.000281432,0.00140716,20
925,930,927.5,0.000211074,0.00105537,15
930,935,932.5,0.000182931,0.000914656,13
935,940,937.5,0.000140716,0.000703581,10
940,945,942.5,0.000225146,0.00112573,16
945,950,947.5,0.000225146,0.00112573,16
950,955,952.5,0.000253289,0.00126645,18
955,960,957.5,0.000267361,0.0013368,19
960,965,962.5,0.000309576,0.00154788,22
965,970,967.5,0.000253289,0.00126645,18
970,975,972.5,0.000168859,0.000844297,12
975,980,977.5,0.000267361,0.0013368,19
980,985,982.5,0.000422149,0.00211074,30
985,990,987.5,0.000337719,0.00168859,24
990,995,992.5,0.000323647,0.00161824,23
995,1000,997.5,0.000267361,0.0013368,19
1000,1005,1002.5,0.000337719,0.00168859,24
1005,1010,1007.5,0.00043622,0.0021811,31
1010,1015,1012.5,0.000337719,0.00168859,24
1015,1020,1017.5,0.000154788,0.000773939,11
1020,1025,1022.5,0.000267361,0.0013368,19
1025,1030,1027.5,0.000323647,0.00161824,23
1030,1035,1032.5,0.000309576,0.00154788,22
1035,1040,1037.5,0.000281432,0.00140716,20
1040,1045,1042.5,0.000323647,0.00161824,23
1045,1050,1047.5,0.000267361,0.0013368,19
1050,1055,1052.5,0.000253289,0.00126645,18
1055,1060,1057.5,0.000239218,0.00119609,17
1060,1065,1062.5,0.000478435,0.00239218,34
1065,1070,1067.5,0.000394005,0.00197003,28
1070,1075,1072.5,0.000211074,0.00105537,15
1075,1080,1077.5,0.000295504,0.00147752,21
1080,1085,1082.5,0.000281432,0.00140716,20
1085,1090,1087.5,0.000197003,0.000985014,14
1090,1095,1092.5,0.000253289,0.00126645,18
1095,1100,1097.5,0.000253289,0.00126645,18
1100,1105,1102.5,0.000253289,0.00126645,18
1105,1110,1107.5,0.000211074,0.00105537,15
1110,1115,1112.5,0.000281432,0.00140716,20
1115,1120,1117.5,0.000351791,0.00175895,25
1120,1125,1122.5,0.000422149,0.00211074,30
1125,1130,1127.5,0.000309576,0.00154788,22
1130,1135,1132.5,0.000197003,0.000985014,14
1135,1140,1137.5,0.000365862,0.00182931,26
1140,1145,1142.5,0.000154788,0.000773939,11
1145,1150,1147.5,0.000323647,0.00161824,23
1150,1155,1152.5,0.000225146,0.00112573,16
1155,1160,1157.5,0.000239218,0.00119609,17
1160,1165,1162.5,0.000239218,0.00119609,17
1165,1170,1167.5,0.000225146,0.00112573,16
1170,1175,1172.5,0.000253289,0.00126645,18
1175,1180,1177.5,0.000323647,0.00161824,23
1180,1185,1182.5,0.000239218,0.00119609,17
1185,1190,1187.5,0.000239218,0.00119609,17
1190,1195,1192.5,0.000197003,0.000985014,14
1195,1200,1197.5,0.000281432,0.00140716,20
1200,1205,1202.5,0.000408077,0.00204039,29
1205,1210,1207.5,0.000281432,0.00140716,20
1210,1215,1212.5,0.000281432,0.00140716,20
1215,1220,1217.5,0.000295504,0.00147752,21
1220,1225,1222.5,0.000394005,0.00197003,28
1225,1230,1227.5,0.000211074,0.00105537,15
1230,1235,1232.5,0.000225146,0.00112573,16
1235,1240,1237.5,0.000211074,0.00105537,15
1240,1245,1242.5,0.000309576,0.00154788,22
1245,1250,1247.5,0.000337719,0.00168859,24
1250,1255,1252.5,0.000323647,0.00161824,23
1255,1260,1257.5,0.000211074,0.00105537,15
1260,1265,1262.5,0.000267361,0.0013368,19
1265,1270,1267.5,0.000211074,0.00105537,15
1270,1275,1272.5,0.000197003,0.000985014,14
1275,1280,1277.5,0.000239218,0.00119609,17
1280,1285,1282.5,0.000225146,0.00112573,16
1285,1290,1287.5,0.000211074,0.00105537,15
1290,1295,1292.5,0.000239218,0.00119609,17
1295,1300,1297.5,0.000211074,0.00105537,15
1300,1305,1302.5,0.000225146,0.00112573,16
1305,1310,1307.5,0.000281432,0.00140716,20
1310,1315,1312.5,0.000253289,0.00126645,18
1315,1320,1317.5,0.000239218,0.00119609,17
1320,1325,1322.5,0.000182931,0.000914656,13
1325,1330,1327.5,0.000253289,0.00126645,18
1330,1335,1332.5,0.000253289,0.00126645,18
1335,1340,1337.5,0.000267361,0.0013368,19
1340,1345,1342.5,0.000168859,0.000844297,12
1345,1350,1347.5,0.000225146,0.00112573,16
1350,1355,1352.5,0.000112573,0.000562865,8
1355,1360,1357.5,0.000309576,0.00154788,22
1360,1365,1362.5,0.000112573,0.000562865,8
1365,1370,1367.5,0.000225146,0.00112573,16
1370,1375,1372.5,9.85014e-05,0.000492507,7
1375,1380,1377.5,0.000239218,0.00119609,17
1380,1385,1382.5,0.000295504,0.00147752,21
1385,1390,1387.5,0.000126645,0.000633223,9
1390,1395,1392.5,0.000253289,0.00126645,18
1395,1400,1397.5,0.000295504,0.00147752,21
1400,1405,1402.5,0.000197003,0.000985014,14
1405,1410,1407.5,0.000239218,0.00119609,17
1410,1415,1412.5,0.000182931,0.000914656,13
1415,1420,1417.5,0.000126645,0.000633223,9
1420,1425,1422.5,0.000211074,0.00105537,15
1425,1430,1427.5,0.000337719,0.00168859,24
1430,1435,1432.5,0.000197003,0.000985014,14
1435,1440,1437.5,0.000281432,0.00140716,20
1440,1445,1442.5,0.000239218,0.00119609,17
1445,1450,1447.5,0.000253289,0.00126645,18
1450,1455,1452.5,0.000182931,0.000914656,13
1455,1460,1457.5,0.000239218,0.00119609,17
1460,1465,1462.5,0.000309576,0.00154788,22
1465,1470,1467.5,0.000140716,0.000703581,10
1470,1475,1472.5,0.000295504,0.00147752,21
1475,1480,1477.5,0.000140716,0.000703581,10
1480,1485,1482.5,0.000168859,0.000844297,12
1485,1490,1487.5,0.000211074,0.00105537,15
1490,1495,1492.5,0.000126645,0.000633223,9
1495,1500,1497.5,0.000197003,0.000985014,14
1500,1505,1502.5,0.000253289,0.00126645,18
1505,1510,1507.5,0.000197003,0.000985014,14
1510,1515,1512.5,0.000281432,0.00140716,20
1515,1520,1517.5,0.000239218,0.00119609,17
1520,1525,1522.5,0.000197003,0.000985014,14
1525,1530,1527.5,0.000211074,0.00105537,15
1530,1535,1532.5,0.000239218,0.00119609,17
1535,1540,1537.5,0.000182931,0.000914656,13
1540,1545,1542.5,0.000267361,0.0013368,19
1545,1550,1547.5,0.000112573,0.000562865,8
1550,1555,1552.5,0.000168859,0.000844297,12
1555,1560,1557.5,0.000182931,0.000914656,13
1560,1565,1562.5,0.000225146,0.00112573,16
1565,1570,1567.5,0.000295504,0.00147752,21
1570,1575,1572.5,0.000253289,0.00126645,18
1575,1580,1577.5,0.000225146,0.00112573,16
1580,1585,1582.5,0.000211074,0.00105537,15
1585,1590,1587.5,0.000239218,0.00119609,17
1590,1595,1592.5,0.000253289,0.00126645,18
1595,1600,1597.5,0.000197003,0.000985014,14
1600,1605,1602.5,0.000267361,0.0013368,19
1605,1610,1607.5,0.000239218,0.00119609,17
1610,1615,1612.5,0.000253289,0.00126645,18
1615,1620,1617.5,0.000211074,0.00105537,15
1620,1625,1622.5,0.000309576,0.00154788,22
1625,1630,1627.5,0.000211074,0.00105537,15
1630,1635,1632.5,0.000225146,0.00112573,16
1635,1640,1637.5,0.000337719,0.00168859,24
1640,1645,1642.5,0.000253289,0.00126645,18
1645,1650,1647.5,0.000253289,0.00126645,18
1650,1655,1652.5,0.000211074,0.00105537,15
1655,1660,1657.5,0.000323647,0.00161824,23
1660,1665,1662.5,0.000239218,0.00119609,17
1665,1670,1667.5,0.000225146,0.00112573,16
1670,1675,1672.5,0.000225146,0.00112573,16
1675,1680,1677.5,0.000154788,0.000773939,11
1680,1685,1682.5,0.000211074,0.00105537,15
1685,1690,1687.5,0.000267361,0.0013368,19
1690,1695,1692.5,0.000182931,0.000914656,13
1695,1700,1697.5,0.000182931,0.000914656,13
1700,1705,1702.5,0.000140716,0.000703581,10
1705,1710,1707.5,7.03581e-05,0.000351791,5
1710,1715,1712.5,0.000182931,0.000914656,13
1715,1720,1717.5,0.000211074,0.00105537,15
1720,1725,1722.5,0.000140716,0.000703581,10
1725,1730,1727.5,0.000267361,0.0013368,19
1730,1735,1732.5,0.000182931,0.000914656,13
1735,1740,1737.5,0.000168859,0.000844297,12
1740,1745,1742.5,0.000225146,0.00112573,16
1745,1750,1747.5,0.000267361,0.0013368,19
1750,1755,1752.5,0.000211074,0.00105537,15
1755,1760,1757.5,0.000239218,0.00119609,17
1760,1765,1762.5,0.000267361,0.0013368,19
1765,1770,1767.5,0.000154788,0.000773939,11
1770,1775,1772.5,0.000140716,0.000703581,10
1775,1780,1777.5,0.000112573,0.000562865,8
1780,1785,1782.5,0.000168859,0.000844297,12
1785,1790,1787.5,0.000168859,0.000844297,12
1790,1795,1792.5,0.000168859,0.000844297,12
1795,1800,1797.5,0.000211074,0.00105537,15
1800,1805,1802.5,0.000126645,0.000633223,9
1805,1810,1807.5,0.000154788,0.000773939,11
1810,1815,1812.5,0.000182931,0.000914656,13
1815,1820,1817.5,0.000182931,0.000914656,13
1820,1825,1822.5,4.22149e-05,0.000211074,3
1825,1830,1827.5,0.000253289,0.00126645,18
1830,1835,1832.5,0.000140716,0.000703581,10
1835,1840,1837.5,0.000140716,0.000703581,10
1840,1845,1842.5,0.000197003,0.000985014,14
1845,1850,1847.5,0.000239218,0.00119609,17
1850,1855,1852.5,0.000168859,0.000844297,12
1855,1860,1857.5,0.000112573,0.000562865,8
1860,1865,1862.5,0.000182931,0.000914656,13
1865,1870,1867.5,0.000309576,0.00154788,22
1870,1875,1872.5,0.000154788,0.000773939,11
1875,1880,1877.5,8.44297e-05,0.000422149,6
1880,1885,1882.5,9.85014e-05,0.000492507,7
1885,1890,1887.5,0.000197003,0.000985014,14
1890,1895,1892.5,0.000126645,0.000633223,9
1895,1900,1897.5,0.000253289,0.00126645,18
1900,1905,1902.5,0.000126645,0.000633223,9
1905,1910,1907.5,0.000182931,0.000914656,13
1910,1915,1912.5,0.000140716,0.000703581,10
1915,1920,1917.5,0.000140716,0.000703581,10
1920,1925,1922.5,0.000140716,0.000703581,10
1925,1930,1927.5,0.000168859,0.000844297,12
1930,1935,1932.5,0.000239218,0.00119609,17
1935,1940,1937.5,0.000197003,0.000985014,14
1940,1945,1942.5,0.000182931,0.000914656,13
1945,1950,1947.5,0.000182931,0.000914656,13
1950,1955,1952.5,0.000168859,0.000844297,12
1955,1960,1957.5,0.000154788,0.000773939,11
1960,1965,1962.5,0.000168859,0.000844297,12
1965,1970,1967.5,0.000112573,0.000562865,8
1970,1975,1972.5,0.000140716,0.000703581,10
1975,1980,1977.5,0.000267361,0.0013368,19
1980,1985,1982.5,0.000197003,0.000985014,14
1985,1990,1987.5,0.000154788,0.000773939,11
1990,1995,1992.5,0.000168859,0.000844297,12
1995,2000,1997.5,0.000112573,0.000562865,8
2000,2005,2002.5,0.000182931,0.000914656,13
2005,2010,2007.5,0.000168859,0.000844297,12
2010,2015,2012.5,0.000126645,0.000633223,9
2015,2020,2017.5,0.000112573,0.000562865,8
2020,2025,2022.5,0.000126645,0.000633223,9
2025,2030,2027.5,0.000112573,0.000562865,8
2030,2035,2032.5,0.000197003,0.000985014,14
2035,2040,2037.5,0.000112573,0.000562865,8
2040,2045,2042.5,0.000182931,0.000914656,13
2045,2050,2047.5,5.62865e-05,0.000281432,4
2050,2055,2052.5,0.000168859,0.000844297,12
2055,2060,2057.5,0.000168859,0.000844297,12
2060,2065,2062.5,0.000211074,0.00105537,15
2065,2070,2067.5,0.000168859,0.000844297,12
2070,2075,2072.5,0.000197003,0.000985014,14
2075,2080,2077.5,0.000182931,0.000914656,13
2080,2085,2082.5,8.44297e-05,0.000422149,6
2085,2090,2087.5,0.000154788,0.000773939,11
2090,2095,2092.5,0.000140716,0.000703581,10
2095,2100,2097.5,0.000197003,0.000985014,14
2100,2105,2102.5,0.000197003,0.000985014,14
2105,2110,2107.5,0.000126645,0.000633223,9
2110,2115,2112.5,0.000182931,0.000914656,13
2115,2120,2117.5,0.000168859,0.000844297,12
2120,2125,2122.5,9.85014e-05,0.000492507,7
2125,2130,2127.5,2.81432e-05,0.000140716,2
2130,2135,2132.5,0.000126645,0.000633223,9
2135,2140,2137.5,0.000168859,0.000844297,12
2140,2145,2142.5,5.62865e-05,0.000281432,4
2145,2150,2147.5,0.000140716,0.000703581,10
2150,2155,2152.5,0.000140716,0.000703581,10
2155,2160,2157.5,7.03581e-05,0.000351791,5
2160,2165,2162.5,0.000182931,0.000914656,13
2165,2170,2167.5,9.85014e-05,0.000492507,7
2170,2175,2172.5,0.000112573,0.000562865,8
2175,2180,2177.5,0.000239218,0.00119609,17
2180,2185,2182.5,0.000211074,0.00105537,15
2185,2190,2187.5,0.000211074,0.00105537,15
2190,2195,2192.5,0.000168859,0.000844297,12
2195,2200,2197.5,0.000154788,0.000773939,11
2200,2205,2202.5,8.44297e-05,0.000422149,6
2205,2210,2207.5,0.000154788,0.000773939,11
2210,2215,2212.5,0.000140716,0.000703581,10
2215,2220,2217.5,0.000168859,0.000844297,12
2220,2225,2222.5,0.000168859,0.000844297,12
2225,2230,2227.5,0.000112573,0.000562865,8
2230,2235,2232.5,0.000126645,0.000633223,9
2235,2240,2237.5,9.85014e-05,0.000492507,7
2240,2245,2242.5,0.000154788,0.000773939,11
2245,2250,2247.5,0.000140716,0.000703581,10
2250,2255,2252.5,5.62865e-05,0.000281432,4
2255,2260,2257.5,0.000154788,0.000773939,11
2260,2265,2262.5,0.000112573,0.000562865,8
2265,2270,2267.5,0.000225146,0.00112573,16
2270,2275,2272.5,9.85014e-05,0.000492507,7
2275,2280,2277.5,0.000112573,0.000562865,8
2280,2285,2282.5,0.000211074,0.00105537,15
2285,2290,2287.5,0.000154788,0.000773939,11
2290,2295,2292.5,0.000168859,0.000844297,12
2295,2300,2297.5,0.000168859,0.000844297,12
2300,2305,2302.5,0.000154788,0.000773939,11
2305,2310,2307.5,0.000253289,0.00126645,18
2310,2315,2312.5,0.000154788,0.000773939,11
2315,2320,2317.5,0.000112573,0.000562865,8
2320,2325,2322.5,0.000126645,0.000633223,9
2325,2330,2327.5,5.62865e-05,0.000281432,4
2330,2335,2332.5,8.44297e-05,0.000422149,6
2335,2340,2337.5,7.03581e-05,0.000351791,5
2340,2345,2342.5,0.000154788,0.000773939,11
2345,2350,2347.5,8.44297e-05,0.000422149,6
2350,2355,2352.5,7.03581e-05,0.000351791,5
2355,2360,2357.5,0.000126645,0.000633223,9
2360,2365,2362.5,0.000112573,0.000562865,8
2365,2370,2367.5,0.000112573,0.000562865,8
2370,2375,2372.5,0.000168859,0.000844297,12
2375,2380,2377.5,0.000168859,0.000844297,12
2380,2385,2382.5,0.000112573,0.000562865,8
2385,2390,2387.5,0.000112573,0.000562865,8
2390,2395,2392.5,0.000112573,0.000562865,8
2395,2400,2397.5,7.03581e-05,0.000351791,5
2400,2405,2402.5,0.000140716,0.000703581,10
2405,2410,2407.5,0.000197003,0.000985014,14
2410,2415,2412.5,8.44297e-05,0.000422149,6
2415,2420,2417.5,0.000126645,0.000633223,9
2420,2425,2422.5,0.000112573,0.000562865,8
2425,2430,2427.5,0.000211074,0.00105537,15
2430,2435,2432.5,0.000140716,0.000703581,10
2435,2440,2437.5,0.000182931,0.000914656,13
2440,2445,2442.5,0.000168859,0.000844297,12
2445,2450,2447.5,0.000197003,0.000985014,14
2450,2455,2452.5,0.000182931,0.000914656,13
2455,2460,2457.5,9.85014e-05,0.000492507,7
2460,2465,2462.5,0.000168859,0.000844297,12
2465,2470,2467.5,0.000112573,0.000562865,8
2470,2475,2472.5,0.000168859,0.000844297,12
2475,2480,2477.5,9.85014e-05,0.000492507,7
2480,2485,2482.5,9.85014e-05,0.000492507,7
2485,2490,2487.5,0.000154788,0.000773939,11
2490,2495,2492.5,9.85014e-05,0.000492507,7
2495,2500,2497.5,0.000154788,0.000773939,11
2500,2505,2502.5,0.000112573,0.000562865,8
2505,2510,2507.5,0.000168859,0.000844297,12
2510,2515,2512.5,0.000140716,0.000703581,10
2515,2520,2517.5,0.000168859,0.000844297,12
2520,2525,2522.5,5.62865e-05,0.000281432,4
2525,2530,2527.5,0.000182931,0.000914656,13
2530,2535,2532.5,0.000154788,0.000773939,11
2535,2540,2537.5,0.000126645,0.000633223,9
2540,2545,2542.5,0.000154788,0.000773939,11
2545,2550,2547.5,8.44297e-05,0.000422149,6
2550,2555,2552.5,0.000126645,0.000633223,9
2555,2560,2557.5,7.03581e-05,0.000351791,5
2560,2565,2562.5,0.000112573,0.000562865,8
2565,2570,2567.5,0.000126645,0.000633223,9
2570,2575,2572.5,0.000140716,0.000703581,10
2575,2580,2577.5,5.62865e-05,0.000281432,4
2580,2585,2582.5,2.81432e-05,0.000140716,2
2585,2590,2587.5,9.85014e-05,0.000492507,7
2590,2595,2592.5,0.000112573,0.000562865,8
2595,2600,2597.5,7.03581e-05,0.000351791,5
2600,2605,2602.5,0.000140716,0.000703581,10
2605,2610,2607.5,0.000154788,0.000773939,11
2610,2615,2612.5,7.03581e-05,0.000351791,5
2615,2620,2617.5,8.44297e-05,0.000422149,6
2620,2625,2622.5,8.44297e-05,0.000422149,6
2625,2630,2627.5,0.000168859,0.000844297,12
2630,2635,2632.5,8.44297e-05,0.000422149,6
2635,2640,2637.5,8.44297e-05,0.000422149,6
2640,2645,2642.5,0.000154788,0.000773939,11
2645,2650,2647.5,7.03581e-05,0.000351791,5
2650,2655,2652.5,0.000154788,0.000773939,11
2655,2660,2657.5,0.000126645,0.000633223,9
2660,2665,2662.5,0.000126645,0.000633223,9
2665,2670,2667.5,0.000126645,0.000633223,9
2670,2675,2672.5,0.000281432,0.00140716,20
2675,2680,2677.5,7.03581e-05,0.000351791,5
2680,2685,2682.5,0.000112573,0.000562865,8
2685,2690,2687.5,0.000182931,0.000914656,13
2690,2695,2692.5,0.000126645,0.000633223,9
2695,2700,2697.5,9.85014e-05,0.000492507,7
2700,2705,2702.5,8.44297e-05,0.000422149,6
2705,2710,2707.5,9.85014e-05,0.000492507,7
2710,2715,2712.5,9.85014e-05,0.000492507,7
2715,2720,2717.5,0.000112573,0.000562865,8
2720,2725,2722.5,0.000112573,0.000562865,8
2725,2730,2727.5,0.000126645,0.000633223,9
2730,2735,2732.5,7.03581e-05,0.000351791,5
2735,2740,2737.5,7.03581e-05,0.000351791,5
2740,2745,2742.5,8.44297e-05,0.000422149,6
2745,2750,2747.5,9.85014e-05,0.000492507,7
2750,2755,2752.5,0.000168859,0.000844297,12
2755,2760,2757.5,0.000112573,0.000562865,8
2760,2765,2762.5,0.000154788,0.000773939,11
2765,2770,2767.5,8.44297e-05,0.000422149,6
2770,2775,2772.5,0.000168859,0.000844297,12
2775,2780,2777.5,0.000140716,0.000703581,10
2780,2785,2782.5,0.000112573,0.000562865,8
2785,2790,2787.5,0.000112573,0.000562865,8
2790,2795,2792.5,4.22149e-05,0.000211074,3
2795,2800,2797.5,4.22149e-05,0.000211074,3
2800,2805,2802.5,0.000140716,0.000703581,10
2805,2810,2807.5,7.03581e-05,0.000351791,5
2810,2815,2812.5,0.000168859,0.000844297,12
2815,2820,2817.5,0.000126645,0.000633223,9
2820,2825,2822.5,7.03581e-05,0.000351791,5
2825,2830,2827.5,8.44297e-05,0.000422149,6
2830,2835,2832.5,8.44297e-05,0.000422149,6
2835,2840,2837.5,0.000126645,0.000633223,9
2840,2845,2842.5,7.03581e-05,0.000351791,5
2845,2850,2847.5,0.000126645,0.000633223,9
2850,2855,2852.5,7.03581e-05,0.000351791,5
2855,2860,2857.5,8.44297e-05,0.000422149,6
2860,2865,2862.5,9.85014e-05,0.000492507,7
2865,2870,2867.5,5.62865e-05,0.000281432,4
2870,2875,2872.5,9.85014e-05,0.000492507,7
2875,2880,2877.5,8.44297e-05,0.000422149,6
2880,2885,2882.5,8.44297e-05,0.000422149,6
2885,2890,2887.5,0.000182931,0.000914656,13
2890,2895,2892.5,9.85014e-05,0.000492507,7
2895,2900,2897.5,8.44297e-05,0.000422149,6
2900,2905,2902.5,0.000154788,0.000773939,11
2905,2910,2907.5,5.62865e-05,0.000281432,4
2910,2915,2912.5,8.44297e-05,0.000422149,6
2915,2920,2917.5,0.000154788,0.000773939,11
2920,2925,2922.5,9.85014e-05,0.000492507,7
2925,2930,2927.5,0.000211074,0.00105537,15
2930,2935,2932.5,0.000140716,0.000703581,10
2935,2940,2937.5,9.85014e-05,0.000492507,7
2940,2945,2942.5,0.000112573,0.000562865,8
2945,2950,2947.5,9.85014e-05,0.000492507,7
2950,2955,2952.5,5.62865e-05,0.000281432,4
2955,2960,2957.5,0.000154788,0.000773939,11
2960,2965,2962.5,0.000112573,0.000562865,8
2965,2970,2967.5,0.000112573,0.000562865,8
2970,2975,2972.5,4.22149e-05,0.000211074,3
2975,2980,2977.5,9.85014e-05,0.000492507,7
2980,2985,2982.5,9.85014e-05,0.000492507,7
2985,2990,2987.5,0.000140716,0.000703581,10
2990,2995,2992.5,0.000154788,0.000773939,11
2995,3000,2997.5,8.44297e-05,0.000422149,6
3000,3005,3002.5,9.85014e-05,0.000492507,7
3005,3010,3007.5,9.85014e-05,0.000492507,7
3010,3015,3012.5,0.000126645,0.000633223,9
3015,3020,3017.5,0.000140716,0.000703581,10
3020,3025,3022.5,8.44297e-05,0.000422149,6
3025,3030,3027.5,8.44297e-05,0.000422149,6
3030,3035,3032.5,0.000211074,0.00105537,15
3035,3040,3037.5,0.000112573,0.000562865,8
3040,3045,3042.5,7.03581e-05,0.000351791,5
3045,3050,3047.5,0.000112573,0.000562865,8
3050,3055,3052.5,8.44297e-05,0.000422149,6
3055,3060,3057.5,0.000140716,0.000703581,10
3060,3065,3062.5,0.000154788,0.000773939,11
3065,3070,3067.5,0.000112573,0.000562865,8
3070,3075,3072.5,8.44297e-05,0.000422149,6
3075,3080,3077.5,9.85014e-05,0.000492507,7
3080,3085,3082.5,0.000112573,0.000562865,8
3085,3090,3087.5,9.85014e-05,0.000492507,7
3090,3095,3092.5,5.62865e-05,0.000281432,4
3095,3100,3097.5,9.85014e-05,0.000492507,7
3100,3105,3102.5,0.000140716,0.000703581,10
3105,3110,3107.5,0.000126645,0.000633223,9
3110,3115,3112.5,0.000168859,0.000844297,12
3115,3120,3117.5,0.000126645,0.000633223,9
3120,3125,3122.5,4.22149e-05,0.000211074,3
3125,3130,3127.5,2.81432e-05,0.000140716,2
3130,3135,3132.5,1.40716e-05,7.03581e-05,1
3135,3140,3137.5,5.62865e-05,0.000281432,4
3140,3145,3142.5,0.000154788,0.000773939,11
3145,3150,3147.5,0.000182931,0.000914656,13
3150,3155,3152.5,9.85014e-05,0.000492507,7
3155,3160,3157.5,0.000211074,0.00105537,15
3160,3165,3162.5,0.000140716,0.000703581,10
3165,3170,3167.5,0.000112573,0.000562865,8
3170,3175,3172.5,9.85014e-05,0.000492507,7
3175,3180,3177.5,8.44297e-05,0.000422149,6
3180,3185,3182.5,8.44297e-05,0.000422149,6
3185,3190,3187.5,2.81432e-05,0.000140716,2
3190,3195,3192.5,0.000126645,0.000633223,9
3195,3200,3197.5,7.03581e-05,0.000351791,5
3200,3205,3202.5,0.000140716,0.000703581,10
3205,3210,3207.5,0.000197003,0.000985014,14
3210,3215,3212.5,8.44297e-05,0.000422149,6
3215,3220,3217.5,0.000168859,0.000844297,12
3220,3225,3222.5,0.000154788,0.000773939,11
3225,3230,3227.5,8.44297e-05,0.000422149,6
3230,3235,3232.5,8.44297e-05,0.000422149,6
3235,3240,3237.5,8.44297e-05,0.000422149,6
3240,3245,3242.5,9.85014e-05,0.000492507,7
3245,3250,3247.5,0.000112573,0.000562865,8
3250,3255,3252.5,0.000140716,0.000703581,10
3255,3260,3257.5,0.000140716,0.000703581,10
3260,3265,3262.5,8.44297e-05,0.000422149,6
3265,3270,3267.5,0.000112573,0.000562865,8
3270,3275,3272.5,7.03581e-05,0.000351791,5
3275,3280,3277.5,9.85014e-05,0.000492507,7
3280,3285,3282.5,0.000126645,0.000633223,9
3285,3290,3287.5,7.03581e-05,0.000351791,5
3290,3295,3292.5,9.85014e-05,0.000492507,7
3295,3300,3297.5,0.000239218,0.00119609,17
3300,3305,3302.5,0.000154788,0.000773939,11
3305,3310,3307.5,0.000140716,0.000703581,10
3310,3315,3312.5,0.000140716,0.000703581,10
3315,3320,3317.5,0.000112573,0.000562865,8
3320,3325,3322.5,0.000126645,0.000633223,9
3325,3330,3327.5,9.85014e-05,0.000492507,7
3330,3335,3332.5,8.44297e-05,0.000422149,6
3335,3340,3337.5,0.000126645,0.000633223,9
3340,3345,3342.5,0.000154788,0.000773939,11
3345,3350,3347.5,8.44297e-05,0.000422149,6
3350,3355,3352.5,0.000126645,0.000633223,9
3355,3360,3357.5,0.000168859,0.000844297,12
3360,3365,3362.5,0.000126645,0.000633223,9
3365,3370,3367.5,5.62865e-05,0.000281432,4
3370,3375,3372.5,0.000140716,0.000703581,10
3375,3380,3377.5,0.000112573,0.000562865,8
3380,3385,3382.5,0.000112573,0.000562865,8
3385,3390,3387.5,8.44297e-05,0.000422149,6
3390,3395,3392.5,0.000140716,0.000703581,10
3395,3400,3397.5,0.000140716,0.000703581,10
3400,3405,3402.5,0.000182931,0.000914656,13
3405,3410,3407.5,5.62865e-05,0.000281432,4
3410,3415,3412.5,0.000126645,0.000633223,9
3415,3420,3417.5,4.22149e-05,0.000211074,3
3420,3425,3422.5,0.000112573,0.000562865,8
3425,3430,3427.5,7.03581e-05,0.000351791,5
3430,3435,3432.5,0.000154788,0.000773939,11
3435,3440,3437.5,0.000126645,0.000633223,9
3440,3445,3442.5,8.44297e-05,0.000422149,6
3445,3450,3447.5,9.85014e-05,0.000492507,7
3450,3455,3452.5,9.85014e-05,0.000492507,7
3455,3460,3457.5,9.85014e-05,0.000492507,7
3460,3465,3462.5,0.000154788,0.000773939,11
3465,3470,3467.5,2.81432e-05,0.000140716,2
3470,3475,3472.5,4.22149e-05,0.000211074,3
3475,3480,3477.5,5.62865e-05,0.000281432,4
3480,3485,3482.5,0.000225146,0.00112573,16
3485,3490,3487.5,5.62865e-05,0.000281432,4
3490,3495,3492.5,0.000168859,0.000844297,12
3495,3500,3497.5,5.62865e-05,0.000281432,4
3500,3505,3502.5,0.000140716,0.000703581,10
3505,3510,3507.5,5.62865e-05,0.000281432,4
3510,3515,3512.5,9.85014e-05,0.000492507,7
3515,3520,3517.5,0.000154788,0.000773939,11
3520,3525,3522.5,8.44297e-05,0.000422149,6
3525,3530,3527.5,8.44297e-05,0.000422149,6
3530,3535,3532.5,8.44297e-05,0.000422149,6
3535,3540,3537.5,9.85014e-05,0.000492507,7
3540,3545,3542.5,0.000126645,0.000633223,9
3545,3550,3547.5,0.000112573,0.000562865,8
3550,3555,3552.5,0.000126645,0.000633223,9
3555,3560,3557.5,0.000112573,0.000562865,8
3560,3565,3562.5,0.000112573,0.000562865,8
3565,3570,3567.5,0.000140716,0.000703581,10
3570,3575,3572.5,7.03581e-05,0.000351791,5
3575,3580,3577.5,4.22149e-05,0.000211074,3
3580,3585,3582.5,0.000126645,0.000633223,9
3585,3590,3587.5,1.40716e-05,7.03581e-05,1
3590,3595,3592.5,7.03581e-05,0.000351791,5
3595,3600,3597.5,9.85014e-05,0.000492507,7
3600,3605,3602.5,0.000154788,0.000773939,11
3605,3610,3607.5,4.22149e-05,0.000211074,3
3610,3615,3612.5,9.85014e-05,0.000492507,7
3615,3620,3617.5,0.000211074,0.00105537,15
3620,3625,3622.5,0.000168859,0.000844297,12
3625,3630,3627.5,0.000182931,0.000914656,13
3630,3635,3632.5,8.44297e-05,0.000422149,6
3635,3640,3637.5,9.85014e-05,0.000492507,7
3640,3645,3642.5,0.000126645,0.000633223,9
3645,3650,3647.5,4.22149e-05,0.000211074,3
3650,3655,3652.5,0.000154788,0.000773939,11
3655,3660,3657.5,9.85014e-05,0.000492507,7
3660,3665,3662.5,9.85014e-05,0.000492507,7
3665,3670,3667.5,0.000197003,0.000985014,14
3670,3675,3672.5,0.000140716,0.000703581,10
3675,3680,3677.5,0.000126645,0.000633223,9
3680,3685,3682.5,7.03581e-05,0.000351791,5
3685,3690,3687.5,0.000112573,0.000562865,8
3690,3695,3692.5,0.000168859,0.000844297,12
3695,3700,3697.5,0.000112573,0.000562865,8
3700,3705,3702.5,2.81432e-05,0.000140716,2
3705,3710,3707.5,9.85014e-05,0.000492507,7
3710,3715,3712.5,9.85014e-05,0.000492507,7
3715,3720,3717.5,0.000112573,0.000562865,8
3720,3725,3722.5,0.000112573,0.000562865,8
3725,3730,3727.5,0.000154788,0.000773939,11
3730,3735,3732.5,8.44297e-05,0.000422149,6
3735,3740,3737.5,8.44297e-05,0.000422149,6
3740,3745,3742.5,0.000112573,0.000562865,8
3745,3750,3747.5,8.44297e-05,0.000422149,6
3750,3755,3752.5,8.44297e-05,0.000422149,6
3755,3760,3757.5,0.000154788,0.000773939,11
3760,3765,3762.5,8.44297e-05,0.000422149,6
3765,3770,3767.5,8.44297e-05,0.000422149,6
3770,3775,3772.5,0.000154788,0.000773939,11
3775,3780,3777.5,9.85014e-05,0.000492507,7
3780,3785,3782.5,9.85014e-05,0.000492507,7
3785,3790,3787.5,2.81432e-05,0.000140716,2
3790,3795,3792.5,9.85014e-05,0.000492507,7
3795,3800,3797.5,0.000126645,0.000633223,9
3800,3805,3802.5,0.000154788,0.000773939,11
3805,3810,3807.5,5.62865e-05,0.000281432,4
3810,3815,3812.5,7.03581e-05,0.000351791,5
3815,3820,3817.5,9.85014e-05,0.000492507,7
3820,3825,3822.5,5.62865e-05,0.000281432,4
3825,3830,3827.5,8.44297e-05,0.000422149,6
3830,3835,3832.5,7.03581e-05,0.000351791,5
3835,3840,3837.5,0.000112573,0.000562865,8
3840,3845,3842.5,7.03581e-05,0.000351791,5
3845,3850,3847.5,0.000126645,0.000633223,9
3850,3855,3852.5,0.000140716,0.000703581,10
3855,3860,3857.5,0.000126645,0.000633223,9
3860,3865,3862.5,8.44297e-05,0.000422149,6
3865,3870,3867.5,5.62865e-05,0.000281432,4
3870,3875,3872.5,7.03581e-05,0.000351791,5
3875,3880,3877.5,5.62865e-05,0.000281432,4
3880,3885,3882.5,0.000154788,0.000773939,11
3885,3890,3887.5,0.000126645,0.000633223,9
3890,3895,3892.5,0.000126645,0.000633223,9
3895,3900,3897.5,5.62865e-05,0.000281432,4
3900,3905,3902.5,9.85014e-05,0.000492507,7
3905,3910,3907.5,7.03581e-05,0.000351791,5
3910,3915,3912.5,8.44297e-05,0.000422149,6
3915,3920,3917.5,0.000168859,0.000844297,12
3920,3925,3922.5,4.22149e-05,0.000211074,3
3925,3930,3927.5,7.03581e-05,0.000351791,5
3930,3935,3932.5,5.62865e-05,0.000281432,4
3935,3940,3937.5,0.000182931,0.000914656,13
3940,3945,3942.5,7.03581e-05,0.000351791,5
3945,3950,3947.5,5.62865e-05,0.000281432,4
3950,3955,3952.5,8.44297e-05,0.000422149,6
3955,3960,3957.5,7.03581e-05,0.000351791,5
3960,3965,3962.5,0.000126645,0.000633223,9
3965,3970,3967.5,7.03581e-05,0.000351791,5
3970,3975,3972.5,4.22149e-05,0.000211074,3
3975,3980,3977.5,7.03581e-05,0.000351791,5
3980,3985,3982.5,0.000126645,0.000633223,9
3985,3990,3987.5,8.44297e-05,0.000422149,6
3990,3995,3992.5,5.62865e-05,0.000281432,4
3995,4000,3997.5,7.03581e-05,0.000351791,5
4000,4005,4002.5,8.44297e-05,0.000422149,6
4005,4010,4007.5,0.000211074,0.00105537,15
4010,4015,4012.5,0.000168859,0.000844297,12
4015,4020,4017.5,0.000112573,0.000562865,8
4020,4025,4022.5,2.81432e-05,0.000140716,2
4025,4030,4027.5,9.85014e-05,0.000492507,7
4030,4035,4032.5,7.03581e-05,0.000351791,5
4035,4040,4037.5,8.44297e-05,0.000422149,6
4040,4045,4042.5,0.000182931,0.000914656,13
4045,4050,4047.5,5.62865e-05,0.000281432,4
4050,4055,4052.5,0.000126645,0.000633223,9
4055,4060,4057.5,9.85014e-05,0.000492507,7
4060,4065,4062.5,0.000112573,0.000562865,8
4065,4070,4067.5,0.000140716,0.000703581,10
4070,4075,4072.5,8.44297e-05,0.000422149,6
4075,4080,4077.5,8.44297e-05,0.000422149,6
4080,4085,4082.5,7.03581e-05,0.000351791,5
4085,4090,4087.5,9.85014e-05,0.000492507,7
4090,4095,4092.5,0.000126645,0.000633223,9
4095,4100,4097.5,9.85014e-05,0.000492507,7
4100,4105,4102.5,9.85014e-05,0.000492507,7
4105,4110,4107.5,0.000126645,0.000633223,9
4110,4115,4112.5,8.44297e-05,0.000422149,6
4115,4120,4117.5,0.000168859,0.000844297,12
4120,4125,4122.5,0.000126645,0.000633223,9
4130,4135,4132.5,7.03581e-05,0.000351791,5
4135,4140,4137.5,0.000168859,0.000844297,12
4140,4145,4142.5,8.44297e-05,0.000422149,6
4145,4150,4147.5,7.03581e-05,0.000351791,5
4150,4155,4152.5,8.44297e-05,0.000422149,6
4155,4160,4157.5,5.62865e-05,0.000281432,4
4160,4165,4162.5,0.000126645,0.000633223,9
4165,4170,4167.5,5.62865e-05,0.000281432,4
4170,4175,4172.5,0.000112573,0.000562865,8
4175,4180,4177.5,0.000140716,0.000703581,10
4180,4185,4182.5,0.000112573,0.000562865,8
4185,4190,4187.5,7.03581e-05,0.000351791,5
4190,4195,4192.5,0.000168859,0.000844297,12
4195,4200,4197.5,0.000140716,0.000703581,10
4200,4205,4202.5,0.000126645,0.000633223,9
4205,4210,4207.5,5.62865e-05,0.000281432,4
4210,4215,4212.5,2.81432e-05,0.000140716,2
4215,4220,4217.5,8.44297e-05,0.000422149,6
4220,4225,4222.5,0.000112573,0.000562865,8
4225,4230,4227.5,9.85014e-05,0.000492507,7
4230,4235,4232.5,9.85014e-05,0.000492507,7
4235,4240,4237.5,0.000126645,0.000633223,9
4240,4245,4242.5,0.000126645,0.000633223,9
4245,4250,4247.5,0.000126645,0.000633223,9
4250,4255,4252.5,8.44297e-05,0.000422149,6
4255,4260,4257.5,0.000112573,0.000562865,8
4260,4265,4262.5,5.62865e-05,0.000281432,4
4265,4270,4267.5,9.85014e-05,0.000492507,7
4270,4275,4272.5,9.85014e-05,0.000492507,7
4275,4280,4277.5,0.000126645,0.000633223,9
4280,4285,4282.5,7.03581e-05,0.000351791,5
4285,4290,4287.5,9.85014e-05,0.000492507,7
4290,4295,4292.5,8.44297e-05,0.000422149,6
4295,4300,4297.5,9.85014e-05,0.000492507,7
4300,4305,4302.5,8.44297e-05,0.000422149,6
4305,4310,4307.5,0.000126645,0.000633223,9
4310,4315,4312.5,2.81432e-05,0.000140716,2
4315,4320,4317.5,2.81432e-05,0.000140716,2
4320,4325,4322.5,5.62865e-05,0.000281432,4
4325,4330,4327.5,7.03581e-05,0.000351791,5
4330,4335,4332.5,8.44297e-05,0.000422149,6
4335,4340,4337.5,5.62865e-05,0.000281432,4
4340,4345,4342.5,7.03581e-05,0.000351791,5
4345,4350,4347.5,1.40716e-05,7.03581e-05,1
4350,4355,4352.5,2.81432e-05,0.000140716,2
4355,4360,4357.5,5.62865e-05,0.000281432,4
4360,4365,4362.5,8.44297e-05,0.000422149,6
4370,4375,4372.5,2.81432e-05,0.000140716,2
4375,4380,4377.5,2.81432e-05,0.000140716,2
4380,4385,4382.5,2.81432e-05,0.000140716,2
4385,4390,4387.5,1.40716e-05,7.03581e-05,1
4390,4395,4392.5,2.81432e-05,0.000140716,2
4395,4400,4397.5,4.22149e-05,0.000211074,3
4400,4405,4402.5,1.40716e-05,7.03581e-05,1
4405,4410,4407.5,4.22149e-05,0.000211074,3
4410,4415,4412.5,5.62865e-05,0.000281432,4
4415,4420,4417.5,7.03581e-05,0.000351791,5
4420,4425,4422.5,1.40716e-05,7.03581e-05,1
4425,4430,4427.5,4.22149e-05,0.000211074,3
4430,4435,4432.5,5.62865e-05,0.000281432,4
4435,4440,4437.5,8.44297e-05,0.000422149,6
4440,4445,4442.5,2.81432e-05,0.000140716,2
4445,4450,4447.5,1.40716e-05,7.03581e-05,1
4450,4455,4452.5,5.62865e-05,0.000281432,4
4455,4460,4457.5,4.22149e-05,0.000211074,3
4465,4470,4467.5,8.44297e-05,0.000422149,6
4470,4475,4472.5,4.22149e-05,0.000211074,3
4475,4480,4477.5,7.03581e-05,0.000351791,5
4480,4485,4482.5,2.81432e-05,0.000140716,2
4485,4490,4487.5,2.81432e-05,0.000140716,2
4490,4495,4492.5,2.81432e-05,0.000140716,2
4495,4500,4497.5,5.62865e-05,0.000281432,4
4500,4505,4502.5,1.40716e-05,7.03581e-05,1
4505,4510,4507.5,7.03581e-05,0.000351791,5
4515,4520,4517.5,2.81432e-05,0.000140716,2
4520,4525,4522.5,7.03581e-05,0.000351791,5
4525,4530,4527.5,5.62865e-05,0.000281432,4
4530,4535,4532.5,4.22149e-05,0.000211074,3
4535,4540,4537.5,2.81432e-05,0.000140716,2
4540,4545,4542.5,4.22149e-05,0.000211074,3
4545,4550,4547.5,1.40716e-05,7.03581e-05,1
4550,4555,4552.5,7.03581e-05,0.000351791,5
4555,4560,4557.5,4.22149e-05,0.000211074,3
4560,4565,4562.5,1.40716e-05,7.03581e-05,1
4565,4570,4567.5,4.22149e-05,0.000211074,3
4575,4580,4577.5,2.81432e-05,0.000140716,2
4585,4590,4587.5,5.62865e-05,0.000281432,4
4590,4595,4592.5,2.81432e-05,0.000140716,2
4595,4600,4597.5,5.62865e-05,0.000281432,4
4600,4605,4602.5,1.40716e-05,7.03581e-05,1
4605,4610,4607.5,1.40716e-05,7.03581e-05,1
4610,4615,4612.5,2.81432e-05,0.000140716,2
4615,4620,4617.5,2.81432e-05,0.000140716,2
4620,4625,4622.5,1.40716e-05,7.03581e-05,1
4625,4630,4627.5,7.03581e-05,0.000351791,5
4630,4635,4632.5,2.81432e-05,0.000140716,2
4635,4640,4637.5,2.81432e-05,0.000140716,2
4640,4645,4642.5,1.40716e-05,7.03581e-05,1
4645,4650,4647.5,2.81432e-05,0.000140716,2
4650,4655,4652.5,4.22149e-05,0.000211074,3
4655,4660,4657.5,1.40716e-05,7.03581e-05,1
4660,4665,4662.5,2.81432e-05,0.000140716,2
4670,4675,4672.5,1.40716e-05,7.03581e-05,1
4675,4680,4677.5,5.62865e-05,0.000281432,4
4680,4685,4682.5,2.81432e-05,0.000140716,2
4685,4690,4687.5,2.81432e-05,0.000140716,2
4690,4695,4692.5,1.40716e-05,7.03581e-05,1
4695,4700,4697.5,2.81432e-05,0.000140716,2
4700,4705,4702.5,2.81432e-05,0.000140716,2
4705,4710,4707.5,1.40716e-05,7.03581e-05,1
4710,4715,4712.5,2.81432e-05,0.000140716,2
4715,4720,4717.5,2.81432e-05,0.000140716,2
4720,4725,4722.5,4.22149e-05,0.000211074,3
4725,4730,4727.5,5.62865e-05,0.000281432,4
4730,4735,4732.5,2.81432e-05,0.000140716,2
4735,4740,4737.5,1.40716e-05,7.03581e-05,1
4745,4750,4747.5,4.22149e-05,0.000211074,3
4750,4755,4752.5,1.40716e-05,7.03581e-05,1
4755,4760,4757.5,1.40716e-05,7.03581e-05,1
4760,4765,4762.5,1.40716e-05,7.03581e-05,1
4765,4770,4767.5,1.40716e-05,7.03581e-05,1
4770,4775,4772.5,4.22149e-05,0.000211074,3
4775,4780,4777.5,2.81432e-05,0.000140716,2
4780,4785,4782.5,8.44297e-05,0.000422149,6
4785,4790,4787.5,1.40716e-05,7.03581e-05,1
4790,4795,4792.5,1.40716e-05,7.03581e-05,1
4805,4810,4807.5,4.22149e-05,0.000211074,3
4810,4815,4812.5,1.40716e-05,7.03581e-05,1
4820,4825,4822.5,7.03581e-05,0.000351791,5
4825,4830,4827.5,7.03581e-05,0.000351791,5
4830,4835,4832.5,2.81432e-05,0.000140716,2
4835,4840,4837.5,8.44297e-05,0.000422149,6
4840,4845,4842.5,4.22149e-05,0.000211074,3
4845,4850,4847.5,5.62865e-05,0.000281432,4
4850,4855,4852.5,2.81432e-05,0.000140716,2
4855,4860,4857.5,2.81432e-05,0.000140716,2
4860,4865,4862.5,7.03581e-05,0.000351791,5
4865,4870,4867.5,5.62865e-05,0.000281432,4
4870,4875,4872.5,4.22149e-05,0.000211074,3
4875,4880,4877.5,2.81432e-05,0.000140716,2
4880,4885,4882.5,2.81432e-05,0.000140716,2
4885,4890,4887.5,1.40716e-05,7.03581e-05,1
4890,4895,4892.5,1.40716e-05,7.03581e-05,1
4905,4910,4907.5,4.22149e-05,0.000211074,3
4910,4915,4912.5,2.81432e-05,0.000140716,2
4915,4920,4917.5,4.22149e-05,0.000211074,3
4920,4925,4922.5,5.62865e-05,0.000281432,4
4925,4930,4927.5,5.62865e-05,0.000281432,4
4935,4940,4937.5,1.40716e-05,7.03581e-05,1
4940,4945,4942.5,1.40716e-05,7.03581e-05,1
4950,4955,4952.5,2.81432e-05,0.000140716,2
4955,4960,4957.5,4.22149e-05,0.000211074,3
4960,4965,4962.5,2.81432e-05,0.000140716,2
4965,4970,4967.5,8.44297e-05,0.000422149,6
4970,4975,4972.5,1.40716e-05,7.03581e-05,1
4975,4980,4977.5,2.81432e-05,0.000140716,2
4980,4985,4982.5,2.81432e-05,0.000140716,2
4985,4990,4987.5,5.62865e-05,0.000281432,4
4990,4995,4992.5,1.40716e-05,7.03581e-05,1
4995,5000,4997.5,1.40716e-05,7.03581e-05,1
5000,5005,5002.5,2.81432e-05,0.000140716,2
5005,5010,5007.5,2.81432e-05,0.000140716,2
5015,5020,5017.5,5.62865e-05,0.000281432,4
5025,5030,5027.5,5.62865e-05,0.000281432,4
5030,5035,5032.5,2.81432e-05,0.000140716,2
5035,5040,5037.5,1.40716e-05,7.03581e-05,1
5040,5045,5042.5,1.40716e-05,7.03581e-05,1
5045,5050,5047.5,4.22149e-05,0.000211074,3
5050,5055,5052.5,4.22149e-05,0.000211074,3
5055,5060,5057.5,1.40716e-05,7.03581e-05,1
5060,5065,5062.5,4.22149e-05,0.000211074,3
5065,5070,5067.5,4.22149e-05,0.000211074,3
5075,5080,5077.5,4.22149e-05,0.000211074,3
5080,5085,5082.5,5.62865e-05,0.000281432,4
5085,5090,5087.5,1.40716e-05,7.03581e-05,1
5090,5095,5092.5,2.81432e-05,0.000140716,2
5100,5105,5102.5,1.40716e-05,7.03581e-05,1
5105,5110,5107.5,2.81432e-05,0.000140716,2
5115,5120,5117.5,2.81432e-05,0.000140716,2
5120,5125,5122.5,4.22149e-05,0.000211074,3
5130,5135,5132.5,4.22149e-05,0.000211074,3
5135,5140,5137.5,1.40716e-05,7.03581e-05,1
5140,5145,5142.5,4.22149e-05,0.000211074,3
5145,5150,5147.5,1.40716e-05,7.03581e-05,1
5150,5155,5152.5,2.81432e-05,0.000140716,2
5155,5160,5157.5,4.22149e-05,0.000211074,3
5160,5165,5162.5,1.40716e-05,7.03581e-05,1
5165,5170,5167.5,2.81432e-05,0.000140716,2
5170,5175,5172.5,2.81432e-05,0.000140716,2
5175,5180,5177.5,1.40716e-05,7.03581e-05,1
5180,5185,5182.5,2.81432e-05,0.000140716,2
5190,5195,5192.5,4.22149e-05,0.000211074,3
5195,5200,5197.5,4.22149e-05,0.000211074,3
5200,5205,5202.5,2.81432e-05,0.000140716,2
5215,5220,5217.5,1.40716e-05,7.03581e-05,1
5220,5225,5222.5,1.40716e-05,7.03581e-05,1
5225,5230,5227.5,5.62865e-05,0.000281432,4
5230,5235,5232.5,4.22149e-05,0.000211074,3
5235,5240,5237.5,2.81432e-05,0.000140716,2
5240,5245,5242.5,4.22149e-05,0.000211074,3
5245,5250,5247.5,4.22149e-05,0.000211074,3
5260,5265,5262.5,2.81432e-05,0.000140716,2
5265,5270,5267.5,2.81432e-05,0.000140716,2
5270,5275,5272.5,1.40716e-05,7.03581e-05,1
5275,5280,5277.5,1.40716e-05,7.03581e-05,1
5280,5285,5282.5,1.40716e-05,7.03581e-05,1
5285,5290,5287.5,5.62865e-05,0.000281432,4
5290,5295,5292.5,1.40716e-05,7.03581e-05,1
5295,5300,5297.5,2.81432e-05,0.000140716,2
5305,5310,5307.5,1.40716e-05,7.03581e-05,1
5310,5315,5312.5,1.40716e-05,7.03581e-05,1
5315,5320,5317.5,2.81432e-05,0.000140716,2
5320,5325,5322.5,2.81432e-05,0.000140716,2
5330,5335,5332.5,1.40716e-05,7.03581e-05,1
5335,5340,5337.5,2.81432e-05,0.000140716,2
5340,5345,5342.5,1.40716e-05,7.03581e-05,1
5350,5355,5352.5,2.81432e-05,0.000140716,2
5355,5360,5357.5,4.22149e-05,0.000211074,3
5360,5365,5362.5,2.81432e-05,0.000140716,2
5365,5370,5367.5,2.81432e-05,0.000140716,2
5370,5375,5372.5,2.81432e-05,0.000140716,2
5375,5380,5377.5,1.40716e-05,7.03581e-05,1
5385,5390,5387.5,1.40716e-05,7.03581e-05,1
5390,5395,5392.5,2.81432e-05,0.000140716,2
5395,5400,5397.5,1.40716e-05,7.03581e-05,1
5400,5405,5402.5,1.40716e-05,7.03581e-05,1
5405,5410,5407.5,1.40716e-05,7.03581e-05,1
5410,5415,5412.5,1.40716e-05,7.03581e-05,1
5415,5420,5417.5,1.40716e-05,7.03581e-05,1
5420,5425,5422.5,1.40716e-05,7.03581e-05,1
5425,5430,5427.5,1.40716e-05,7.03581e-05,1
5430,5435,5432.5,4.22149e-05,0.000211074,3
5435,5440,5437.5,1.40716e-05,7.03581e-05,1
5445,5450,5447.5,2.81432e-05,0.000140716,2
5450,5455,5452.5,1.40716e-05,7.03581e-05,1
5460,5465,5462.5,2.81432e-05,0.000140716,2
5465,5470,5467.5,1.40716e-05,7.03581e-05,1
5470,5475,5472.5,2.81432e-05,0.000140716,2
5475,5480,5477.5,1.40716e-05,7.03581e-05,1
5480,5485,5482.5,2.81432e-05,0.000140716,2
5485,5490,5487.5,1.40716e-05,7.03581e-05,1
5490,5495,5492.5,1.40716e-05,7.03581e-05,1
5495,5500,5497.5,2.81432e-05,0.000140716,2
5500,5505,5502.5,2.81432e-05,0.000140716,2
5505,5510,5507.5,1.40716e-05,7.03581e-05,1
5510,5515,5512.5,5.62865e-05,0.000281432,4
5515,5520,5517.5,1.40716e-05,7.03581e-05,1
5520,5525,5522.5,1.40716e-05,7.03581e-05,1
5525,5530,5527.5,1.40716e-05,7.03581e-05,1
5530,5535,5532.5,1.40716e-05,7.03581e-05,1
5535,5540,5537.5,4.22149e-05,0.000211074,3
5545,5550,5547.5,1.40716e-05,7.03581e-05,1
5550,5555,5552.5,5.62865e-05,0.000281432,4
5555,5560,5557.5,5.62865e-05,0.000281432,4
5560,5565,5562.5,1.40716e-05,7.03581e-05,1
5570,5575,5572.5,4.22149e-05,0.000211074,3
5575,5580,5577.5,2.81432e-05,0.000140716,2
5580,5585,5582.5,1.40716e-05,7.03581e-05,1
5585,5590,5587.5,5.62865e-05,0.000281432,4
5590,5595,5592.5,2.81432e-05,0.000140716,2
5595,5600,5597.5,1.40716e-05,7.03581e-05,1
5600,5605,5602.5,1.40716e-05,7.03581e-05,1
5605,5610,5607.5,1.40716e-05,7.03581e-05,1
5610,5615,5612.5,1.40716e-05,7.03581e-05,1
5620,5625,5622.5,1.40716e-05,7.03581e-05,1
5625,5630,5627.5,2.81432e-05,0.000140716,2
5630,5635,5632.5,1.40716e-05,7.03581e-05,1
5635,5640,5637.5,1.40716e-05,7.03581e-05,1
5640,5645,5642.5,2.81432e-05,0.000140716,2
5645,5650,5647.5,2.81432e-05,0.000140716,2
5650,5655,5652.5,5.62865e-05,0.000281432,4
5655,5660,5657.5,4.22149e-05,0.000211074,3
5660,5665,5662.5,2.81432e-05,0.000140716,2
5665,5670,5667.5,1.40716e-05,7.03581e-05,1
5670,5675,5672.5,2.81432e-05,0.000140716,2
5675,5680,5677.5,1.40716e-05,7.03581e-05,1
5685,5690,5687.5,1.40716e-05,7.03581e-05,1
5695,5700,5697.5,1.40716e-05,7.03581e-05,1
5700,5705,5702.5,1.40716e-05,7.03581e-05,1
5710,5715,5712.5,2.81432e-05,0.000140716,2
5715,5720,5717.5,1.40716e-05,7.03581e-05,1
5725,5730,5727.5,4.22149e-05,0.000211074,3
5745,5750,5747.5,5.62865e-05,0.000281432,4
5750,5755,5752.5,2.81432e-05,0.000140716,2
5755,5760,5757.5,1.40716e-05,7.03581e-05,1
5760,5765,5762.5,1.40716e-05,7.03581e-05,1
5770,5775,5772.5,2.81432e-05,0.000140716,2
5775,5780,5777.5,1.40716e-05,7.03581e-05,1
5780,5785,5782.5,1.40716e-05,7.03581e-05,1
5785,5790,5787.5,2.81432e-05,0.000140716,2
5790,5795,5792.5,4.22149e-05,0.000211074,3
5795,5800,5797.5,2.81432e-05,0.000140716,2
5800,5805,5802.5,1.40716e-05,7.03581e-05,1
5805,5810,5807.5,1.40716e-05,7.03581e-05,1
5810,5815,5812.5,4.22149e-05,0.000211074,3
5815,5820,5817.5,1.40716e-05,7.03581e-05,1
5820,5825,5822.5,1.40716e-05,7.03581e-05,1
5825,5830,5827.5,1.40716e-05,7.03581e-05,1
5835,5840,5837.5,1.40716e-05,7.03581e-05,1
5850,5855,5852.5,1.40716e-05,7.03581e-05,1
5855,5860,5857.5,1.40716e-05,7.03581e-05,1
5860,5865,5862.5,5.62865e-05,0.000281432,4
5865,5870,5867.5,1.40716e-05,7.03581e-05,1
5870,5875,5872.5,2.81432e-05,0.000140716,2
5875,5880,5877.5,4.22149e-05,0.000211074,3
5880,5885,5882.5,1.40716e-05,7.03581e-05,1
5885,5890,5887.5,5.62865e-05,0.000281432,4
5890,5895,5892.5,1.40716e-05,7.03581e-05,1
5895,5900,5897.5,2.81432e-05,0.000140716,2
5900,5905,5902.5,4.22149e-05,0.000211074,3
5905,5910,5907.5,1.40716e-05,7.03581e-05,1
5915,5920,5917.5,2.81432e-05,0.000140716,2
5925,5930,5927.5,2.81432e-05,0.000140716,2
5935,5940,5937.5,4.22149e-05,0.000211074,3
5940,5945,5942.5,1.40716e-05,7.03581e-05,1
5955,5960,5957.5,5.62865e-05,0.000281432,4
5965,5970,5967.5,1.40716e-05,7.03581e-05,1
5970,5975,5972.5,2.81432e-05,0.000140716,2
5975,5980,5977.5,4.22149e-05,0.000211074,3
5980,5985,5982.5,1.40716e-05,7.03581e-05,1
5985,5990,5987.5,1.40716e-05,7.03581e-05,1
5990,5995,5992.5,2.81432e-05,0.000140716,2
5995,6000,5997.5,1.40716e-05,7.03581e-05,1
6005,6010,6007.5,4.22149e-05,0.000211074,3
6010,6015,6012.5,1.40716e-05,7.03581e-05,1
6015,6020,6017.5,2.81432e-05,0.000140716,2
6025,6030,6027.5,2.81432e-05,0.000140716,2
6030,6035,6032.5,2.81432e-05,0.000140716,2
6035,6040,6037.5,2.81432e-05,0.000140716,2
6045,6050,6047.5,2.81432e-05,0.000140716,2
6055,6060,6057.5,4.22149e-05,0.000211074,3
6065,6070,6067.5,1.40716e-05,7.03581e-05,1
6070,6075,6072.5,2.81432e-05,0.000140716,2
6075,6080,6077.5,1.40716e-05,7.03581e-05,1
6080,6085,6082.5,4.22149e-05,0.000211074,3
6085,6090,6087.5,1.40716e-05,7.03581e-05,1
6090,6095,6092.5,1.40716e-05,7.03581e-05,1
6095,6100,6097.5,5.62865e-05,0.000281432,4
6100,6105,6102.5,1.40716e-05,7.03581e-05,1
6105,6110,6107.5,2.81432e-05,0.000140716,2
6110,6115,6112.5,4.22149e-05,0.000211074,3
6115,6120,6117.5,1.40716e-05,7.03581e-05,1
6120,6125,6122.5,1.40716e-05,7.03581e-05,1
6125,6130,6127.5,1.40716e-05,7.03581e-05,1
6130,6135,6132.5,2.81432e-05,0.000140716,2
6140,6145,6142.5,4.22149e-05,0.000211074,3
6155,6160,6157.5,1.40716e-05,7.03581e-05,1
6160,6165,6162.5,4.22149e-05,0.000211074,3
6165,6170,6167.5,4.22149e-05,0.000211074,3
6170,6175,6172.5,2.81432e-05,0.000140716,2
6175,6180,6177.5,1.40716e-05,7.03581e-05,1
6180,6185,6182.5,2.81432e-05,0.000140716,2
6195,6200,6197.5,1.40716e-05,7.03581e-05,1
6200,6205,6202.5,1.40716e-05,7.03581e-05,1
6205,6210,6207.5,2.81432e-05,0.000140716,2
6210,6215,6212.5,4.22149e-05,0.000211074,3
6215,6220,6217.5,1.40716e-05,7.03581e-05,1
6220,6225,6222.5,1.40716e-05,7.03581e-05,1
6225,6230,6227.5,1.40716e-05,7.03581e-05,1
6230,6235,6232.5,1.40716e-05,7.03581e-05,1
6235,6240,6237.5,1.40716e-05,7.03581e-05,1
6240,6245,6242.5,1.40716e-05,7.03581e-05,1
6250,6255,6252.5,1.40716e-05,7.03581e-05,1
6255,6260,6257.5,1.40716e-05,7.03581e-05,1
6260,6265,6262.5,1.40716e-05,7.03581e-05,1
6265,6270,6267.5,5.62865e-05,0.000281432,4
6270,6275,6272.5,1.40716e-05,7.03581e-05,1
6275,6280,6277.5,1.40716e-05,7.03581e-05,1
6280,6285,6282.5,1.40716e-05,7.03581e-05,1
6290,6295,6292.5,1.40716e-05,7.03581e-05,1
6295,6300,6297.5,4.22149e-05,0.000211074,3
6305,6310,6307.5,4.22149e-05,0.000211074,3
6320,6325,6322.5,4.22149e-05,0.000211074,3
6325,6330,6327.5,1.40716e-05,7.03581e-05,1
6330,6335,6332.5,1.40716e-05,7.03581e-05,1
6335,6340,6337.5,4.22149e-05,0.000211074,3
6340,6345,6342.5,1.40716e-05,7.03581e-05,1
6345,6350,6347.5,1.40716e-05,7.03581e-05,1
6350,6355,6352.5,4.22149e-05,0.000211074,3
6355,6360,6357.5,1.40716e-05,7.03581e-05,1
6360,6365,6362.5,4.22149e-05,0.000211074,3
6365,6370,6367.5,2.81432e-05,0.000140716,2
6370,6375,6372.5,2.81432e-05,0.000140716,2
6375,6380,6377.5,1.40716e-05,7.03581e-05,1
6380,6385,6382.5,4.22149e-05,0.000211074,3
6385,6390,6387.5,4.22149e-05,0.000211074,3
6390,6395,6392.5,4.22149e-05,0.000211074,3
6395,6400,6397.5,1.40716e-05,7.03581e-05,1
6400,6405,6402.5,1.40716e-05,7.03581e-05,1
6405,6410,6407.5,1.40716e-05,7.03581e-05,1
6410,6415,6412.5,1.40716e-05,7.03581e-05,1
6415,6420,6417.5,1.40716e-05,7.03581e-05,1
6420,6425,6422.5,2.81432e-05,0.000140716,2
6425,6430,6427.5,1.40716e-05,7.03581e-05,1
6435,6440,6437.5,1.40716e-05,7.03581e-05,1
6440,6445,6442.5,5.62865e-05,0.000281432,4
6445,6450,6447.5,2.81432e-05,0.000140716,2
6450,6455,6452.5,1.40716e-05,7.03581e-05,1
6455,6460,6457.5,4.22149e-05,0.000211074,3
6460,6465,6462.5,1.40716e-05,7.03581e-05,1
6465,6470,6467.5,5.62865e-05,0.000281432,4
6480,6485,6482.5,1.40716e-05,7.03581e-05,1
6485,6490,6487.5,1.40716e-05,7.03581e-05,1
6490,6495,6492.5,2.81432e-05,0.000140716,2
6495,6500,6497.5,1.40716e-05,7.03581e-05,1
6510,6515,6512.5,1.40716e-05,7.03581e-05,1
6515,6520,6517.5,1.40716e-05,7.03581e-05,1
6520,6525,6522.5,1.40716e-05,7.03581e-05,1
6530,6535,6532.5,1.40716e-05,7.03581e-05,1
6535,6540,6537.5,4.22149e-05,0.000211074,3
6540,6545,6542.5,4.22149e-05,0.000211074,3
6545,6550,6547.5,4.22149e-05,0.000211074,3
6550,6555,6552.5,1.40716e-05,7.03581e-05,1
6555,6560,6557.5,1.40716e-05,7.03581e-05,1
6560,6565,6562.5,2.81432e-05,0.000140716,2
6565,6570,6567.5,1.40716e-05,7.03581e-05,1
6570,6575,6572.5,1.40716e-05,7.03581e-05,1
6580,6585,6582.5,2.81432e-05,0.000140716,2
6585,6590,6587.5,1.40716e-05,7.03581e-05,1
6590,6595,6592.5,1.40716e-05,7.03581e-05,1
6600,6605,6602.5,5.62865e-05,0.000281432,4
6615,6620,6617.5,1.40716e-05,7.03581e-05,1
6620,6625,6622.5,1.40716e-05,7.03581e-05,1
6625,6630,6627.5,4.22149e-05,0.000211074,3
6630,6635,6632.5,1.40716e-05,7.03581e-05,1
6635,6640,6637.5,4.22149e-05,0.000211074,3
6640,6645,6642.5,1.40716e-05,7.03581e-05,1
6650,6655,6652.5,2.81432e-05,0.000140716,2
6670,6675,6672.5,1.40716e-05,7.03581e-05,1
6675,6680,6677.5,1.40716e-05,7.03581e-05,1
6680,6685,6682.5,2.81432e-05,0.000140716,2
6685,6690,6687.5,1.40716e-05,7.03581e-05,1
6690,6695,6692.5,2.81432e-05,0.000140716,2
6705,6710,6707.5,1.40716e-05,7.03581e-05,1
6710,6715,6712.5,1.40716e-05,7.03581e-05,1
6725,6730,6727.5,4.22149e-05,0.000211074,3
6740,6745,6742.5,1.40716e-05,7.03581e-05,1
6745,6750,6747.5,2.81432e-05,0.000140716,2
6750,6755,6752.5,1.40716e-05,7.03581e-05,1
6755,6760,6757.5,1.40716e-05,7.03581e-05,1
6760,6765,6762.5,1.40716e-05,7.03581e-05,1
6770,6775,6772.5,4.22149e-05,0.000211074,3
6780,6785,6782.5,1.40716e-05,7.03581e-05,1
6785,6790,6787.5,4.22149e-05,0.000211074,3
6795,6800,6797.5,2.81432e-05,0.000140716,2
6815,6820,6817.5,2.81432e-05,0.000140716,2
6820,6825,6822.5,1.40716e-05,7.03581e-05,1
6825,6830,6827.5,1.40716e-05,7.03581e-05,1
6830,6835,6832.5,1.40716e-05,7.03581e-05,1
6835,6840,6837.5,1.40716e-05,7.03581e-05,1
6840,6845,6842.5,5.62865e-05,0.000281432,4
6850,6855,6852.5,2.81432e-05,0.000140716,2
6860,6865,6862.5,4.22149e-05,0.000211074,3
6865,6870,6867.5,2.81432e-05,0.000140716,2
6870,6875,6872.5,1.40716e-05,7.03581e-05,1
6875,6880,6877.5,4.22149e-05,0.000211074,3
6880,6885,6882.5,5.62865e-05,0.000281432,4
6890,6895,6892.5,2.81432e-05,0.000140716,2
6915,6920,6917.5,1.40716e-05,7.03581e-05,1
6920,6925,6922.5,1.40716e-05,7.03581e-05,1
6935,6940,6937.5,2.81432e-05,0.000140716,2
6940,6945,6942.5,1.40716e-05,7.03581e-05,1
6955,6960,6957.5,1.40716e-05,7.03581e-05,1
6960,6965,6962.5,1.40716e-05,7.03581e-05,1
6965,6970,6967.5,4.22149e-05,0.000211074,3
6970,6975,6972.5,1.40716e-05,7.03581e-05,1
6975,6980,6977.5,2.81432e-05,0.000140716,2
6980,6985,6982.5,4.22149e-05,0.000211074,3
6985,6990,6987.5,1.40716e-05,7.03581e-05,1
6990,6995,6992.5,2.81432e-05,0.000140716,2
7010,7015,7012.5,2.81432e-05,0.000140716,2
7015,7020,7017.5,5.62865e-05,0.000281432,4
7020,7025,7022.5,2.81432e-05,0.000140716,2
7035,7040,7037.5,4.22149e-05,0.000211074,3
7040,7045,7042.5,1.40716e-05,7.03581e-05,1
7050,7055,7052.5,2.81432e-05,0.000140716,2
7055,7060,7057.5,7.03581e-05,0.000351791,5
7075,7080,7077.5,4.22149e-05,0.000211074,3
7085,7090,7087.5,1.40716e-05,7.03581e-05,1
7105,7110,7107.5,1.40716e-05,7.03581e-05,1
7110,7115,7112.5,1.40716e-05,7.03581e-05,1
7115,7120,7117.5,1.40716e-05,7.03581e-05,1
7120,7125,7122.5,1.40716e-05,7.03581e-05,1
7125,7130,7127.5,5.62865e-05,0.000281432,4
7135,7140,7137.5,4.22149e-05,0.000211074,3
7140,7145,7142.5,1.40716e-05,7.03581e-05,1
7145,7150,7147.5,4.22149e-05,0.000211074,3
7150,7155,7152.5,5.62865e-05,0.000281432,4
7155,7160,7157.5,4.22149e-05,0.000211074,3
7160,7165,7162.5,2.81432e-05,0.000140716,2
7175,7180,7177.5,4.22149e-05,0.000211074,3
7180,7185,7182.5,1.40716e-05,7.03581e-05,1
7185,7190,7187.5,1.40716e-05,7.03581e-05,1
7195,7200,7197.5,2.81432e-05,0.000140716,2
7200,7205,7202.5,1.40716e-05,7.03581e-05,1
7205,7210,7207.5,1.40716e-05,7.03581e-05,1
7215,7220,7217.5,2.81432e-05,0.000140716,2
7220,7225,7222.5,4.22149e-05,0.000211074,3
7225,7230,7227.5,4.22149e-05,0.000211074,3
7230,7235,7232.5,1.40716e-05,7.03581e-05,1
7235,7240,7237.5,4.22149e-05,0.000211074,3
7240,7245,7242.5,1.40716e-05,7.03581e-05,1
7245,7250,7247.5,1.40716e-05,7.03581e-05,1
7250,7255,7252.5,1.40716e-05,7.03581e-05,1
7255,7260,7257.5,1.40716e-05,7.03581e-05,1
7260,7265,7262.5,4.22149e-05,0.000211074,3
7265,7270,7267.5,1.40716e-05,7.03581e-05,1
7275,7280,7277.5,2.81432e-05,0.000140716,2
7280,7285,7282.5,2.81432e-05,0.000140716,2
7285,7290,7287.5,2.81432e-05,0.000140716,2
7305,7310,7307.5,2.81432e-05,0.000140716,2
7315,7320,7317.5,2.81432e-05,0.000140716,2
7320,7325,7322.5,1.40716e-05,7.03581e-05,1
7325,7330,7327.5,1.40716e-05,7.03581e-05,1
7330,7335,7332.5,4.22149e-05,0.000211074,3
7340,7345,7342.5,1.40716e-05,7.03581e-05,1
7350,7355,7352.5,1.40716e-05,7.03581e-05,1
7360,7365,7362.5,1.40716e-05,7.03581e-05,1
7365,7370,7367.5,4.22149e-05,0.000211074,3
7370,7375,7372.5,1.40716e-05,7.03581e-05,1
7380,7385,7382.5,2.81432e-05,0.000140716,2
7390,7395,7392.5,2.81432e-05,0.000140716,2
7395,7400,7397.5,2.81432e-05,0.000140716,2
7400,7405,7402.5,5.62865e-05,0.000281432,4
7405,7410,7407.5,1.40716e-05,7.03581e-05,1
7410,7415,7412.5,1.40716e-05,7.03581e-05,1
7415,7420,7417.5,1.40716e-05,7.03581e-05,1
7420,7425,7422.5,2.81432e-05,0.000140716,2
7425,7430,7427.5,1.40716e-05,7.03581e-05,1
7430,7435,7432.5,2.81432e-05,0.000140716,2
7435,7440,7437.5,1.40716e-05,7.03581e-05,1
7445,7450,7447.5,1.40716e-05,7.03581e-05,1
7450,7455,7452.5,1.40716e-05,7.03581e-05,1
7460,7465,7462.5,1.40716e-05,7.03581e-05,1
7465,7470,7467.5,1.40716e-05,7.03581e-05,1
7470,7475,7472.5,2.81432e-05,0.000140716,2
7475,7480,7477.5,1.40716e-05,7.03581e-05,1
7485,7490,7487.5,2.81432e-05,0.000140716,2
7490,7495,7492.5,2.81432e-05,0.000140716,2
7495,7500,7497.5,1.40716e-05,7.03581e-05,1
7500,7505,7502.5,2.81432e-05,0.000140716,2
7505,7510,7507.5,2.81432e-05,0.000140716,2
7525,7530,7527.5,1.40716e-05,7.03581e-05,1
7530,7535,7532.5,1.40716e-05,7.03581e-05,1
7535,7540,7537.5,4.22149e-05,0.000211074,3
7540,7545,7542.5,1.40716e-05,7.03581e-05,1
7545,7550,7547.5,1.40716e-05,7.03581e-05,1
7550,7555,7552.5,1.40716e-05,7.03581e-05,1
7555,7560,7557.5,4.22149e-05,0.000211074,3
7570,7575,7572.5,1.40716e-05,7.03581e-05,1
7580,7585,7582.5,2.81432e-05,0.000140716,2
7585,7590,7587.5,2.81432e-05,0.000140716,2
7590,7595,7592.5,1.40716e-05,7.03581e-05,1
7595,7600,7597.5,1.40716e-05,7.03581e-05,1
7605,7610,7607.5,1.40716e-05,7.03581e-05,1
7620,7625,7622.5,2.81432e-05,0.000140716,2
7625,7630,7627.5,1.40716e-05,7.03581e-05,1
7630,7635,7632.5,1.40716e-05,7.03581e-05,1
7640,7645,7642.5,1.40716e-05,7.03581e-05,1
7655,7660,7657.5,1.40716e-05,7.03581e-05,1
7665,7670,7667.5,2.81432e-05,0.000140716,2
7675,7680,7677.5,1.40716e-05,7.03581e-05,1
7685,7690,7687.5,2.81432e-05,0.000140716,2
7695,7700,7697.5,1.40716e-05,7.03581e-05,1
7700,7705,7702.5,2.81432e-05,0.000140716,2
7710,7715,7712.5,2.81432e-05,0.000140716,2
7715,7720,7717.5,1.40716e-05,7.03581e-05,1
7720,7725,7722.5,1.40716e-05,7.03581e-05,1
7725,7730,7727.5,1.40716e-05,7.03581e-05,1
7730,7735,7732.5,1.40716e-05,7.03581e-05,1
7745,7750,7747.5,4.22149e-05,0.000211074,3
7750,7755,7752.5,2.81432e-05,0.000140716,2
7765,7770,7767.5,1.40716e-05,7.03581e-05,1
7770,7775,7772.5,1.40716e-05,7.03581e-05,1
7775,7780,7777.5,1.40716e-05,7.03581e-05,1
7780,7785,7782.5,2.81432e-05,0.000140716,2
7790,7795,7792.5,1.40716e-05,7.03581e-05,1
7795,7800,7797.5,2.81432e-05,0.000140716,2
7815,7820,7817.5,2.81432e-05,0.000140716,2
7820,7825,7822.5,1.40716e-05,7.03581e-05,1
7830,7835,7832.5,1.40716e-05,7.03581e-05,1
7840,7845,7842.5,4.22149e-05,0.000211074,3
7845,7850,7847.5,1.40716e-05,7.03581e-05,1
7860,7865,7862.5,1.40716e-05,7.03581e-05,1
7865,7870,7867.5,2.81432e-05,0.000140716,2
7870,7875,7872.5,1.40716e-05,7.03581e-05,1
7875,7880,7877.5,1.40716e-05,7.03581e-05,1
7885,7890,7887.5,1.40716e-05,7.03581e-05,1
7895,7900,7897.5,1.40716e-05,7.03581e-05,1
7900,7905,7902.5,1.40716e-05,7.03581e-05,1
7905,7910,7907.5,1.40716e-05,7.03581e-05,1
7910,7915,7912.5,1.40716e-05,7.03581e-05,1
7915,7920,7917.5,1.40716e-05,7.03581e-05,1
7920,7925,7922.5,2.81432e-05,0.000140716,2
7925,7930,7927.5,1.40716e-05,7.03581e-05,1
7935,7940,7937.5,2.81432e-05,0.000140716,2
7940,7945,7942.5,5.62865e-05,0.000281432,4
7965,7970,7967.5,2.81432e-05,0.000140716,2
7985,7990,7987.5,1.40716e-05,7.03581e-05,1
7990,7995,7992.5,1.40716e-05,7.03581e-05,1
8000,8005,8002.5,1.40716e-05,7.03581e-05,1
8005,8010,8007.5,4.22149e-05,0.000211074,3
8020,8025,8022.5,2.81432e-05,0.000140716,2
8025,8030,8027.5,1.40716e-05,7.03581e-05,1
8030,8035,8032.5,1.40716e-05,7.03581e-05,1
8040,8045,8042.5,1.40716e-05,7.03581e-05,1
8045,8050,8047.5,1.40716e-05,7.03581e-05,1
8060,8065,8062.5,2.81432e-05,0.000140716,2
8070,8075,8072.5,1.40716e-05,7.03581e-05,1
8075,8080,8077.5,2.81432e-05,0.000140716,2
8080,8085,8082.5,1.40716e-05,7.03581e-05,1
8085,8090,8087.5,1.40716e-05,7.03581e-05,1
8100,8105,8102.5,4.22149e-05,0.000211074,3
8105,8110,8107.5,1.40716e-05,7.03581e-05,1
8115,8120,8117.5,1.40716e-05,7.03581e-05,1
8120,8125,8122.5,1.40716e-05,7.03581e-05,1
8125,8130,8127.5,1.40716e-05,7.03581e-05,1
8130,8135,8132.5,2.81432e-05,0.000140716,2
8135,8140,8137.5,2.81432e-05,0.000140716,2
8145,8150,8147.5,1.40716e-05,7.03581e-05,1
8155,8160,8157.5,1.40716e-05,7.03581e-05,1
8160,8165,8162.5,1.40716e-05,7.03581e-05,1
8165,8170,8167.5,2.81432e-05,0.000140716,2
8175,8180,8177.5,1.40716e-05,7.03581e-05,1
8180,8185,8182.5,1.40716e-05,7.03581e-05,1
8185,8190,8187.5,1.40716e-05,7.03581e-05,1
8190,8195,8192.5,2.81432e-05,0.000140716,2
8200,8205,8202.5,4.22149e-05,0.000211074,3
8205,8210,8207.5,1.40716e-05,7.03581e-05,1
8230,8235,8232.5,1.40716e-05,7.03581e-05,1
8240,8245,8242.5,1.40716e-05,7.03581e-05,1
8255,8260,8257.5,1.40716e-05,7.03581e-05,1
8260,8265,8262.5,1.40716e-05,7.03581e-05,1
8265,8270,8267.5,2.81432e-05,0.000140716,2
8270,8275,8272.5,2.81432e-05,0.000140716,2
8275,8280,8277.5,1.40716e-05,7.03581e-05,1
8285,8290,8287.5,1.40716e-05,7.03581e-05,1
8295,8300,8297.5,1.40716e-05,7.03581e-05,1
8305,8310,8307.5,1.40716e-05,7.03581e-05,1
8310,8315,8312.5,1.40716e-05,7.03581e-05,1
8315,8320,8317.5,1.40716e-05,7.03581e-05,1
8320,8325,8322.5,1.40716e-05,7.03581e-05,1
8325,8330,8327.5,1.40716e-05,7.03581e-05,1
8335,8340,8337.5,1.40716e-05,7.03581e-05,1
8340,8345,8342.5,1.40716e-05,7.03581e-05,1
8350,8355,8352.5,2.81432e-05,0.000140716,2
8355,8360,8357.5,1.40716e-05,7.03581e-05,1
8365,8370,8367.5,1.40716e-05,7.03581e-05,1
8370,8375,8372.5,1.40716e-05,7.03581e-05,1
8375,8380,8377.5,4.22149e-05,0.000211074,3
8380,8385,8382.5,1.40716e-05,7.03581e-05,1
8395,8400,8397.5,1.40716e-05,7.03581e-05,1
8400,8405,8402.5,1.40716e-05,7.03581e-05,1
8410,8415,8412.5,1.40716e-05,7.03581e-05,1
8415,8420,8417.5,1.40716e-05,7.03581e-05,1
8420,8425,8422.5,1.40716e-05,7.03581e-05,1
8430,8435,8432.5,5.62865e-05,0.000281432,4
8435,8440,8437.5,1.40716e-05,7.03581e-05,1
8450,8455,8452.5,2.81432e-05,0.000140716,2
8460,8465,8462.5,4.22149e-05,0.000211074,3
8470,8475,8472.5,2.81432e-05,0.000140716,2
8480,8485,8482.5,1.40716e-05,7.03581e-05,1
8485,8490,8487.5,1.40716e-05,7.03581e-05,1
8495,8500,8497.5,1.40716e-05,7.03581e-05,1
8500,8505,8502.5,1.40716e-05,7.03581e-05,1
8515,8520,8517.5,4.22149e-05,0.000211074,3
8520,8525,8522.5,1.40716e-05,7.03581e-05,1
8525,8530,8527.5,1.40716e-05,7.03581e-05,1
8530,8535,8532.5,2.81432e-05,0.000140716,2
8540,8545,8542.5,2.81432e-05,0.000140716,2
8545,8550,8547.5,4.22149e-05,0.000211074,3
8555,8560,8557.5,1.40716e-05,7.03581e-05,1
8570,8575,8572.5,2.81432e-05,0.000140716,2
8585,8590,8587.5,2.81432e-05,0.000140716,2
8590,8595,8592.5,1.40716e-05,7.03581e-05,1
8595,8600,8597.5,1.40716e-05,7.03581e-05,1
8600,8605,8602.5,1.40716e-05,7.03581e-05,1
8615,8620,8617.5,1.40716e-05,7.03581e-05,1
8620,8625,8622.5,1.40716e-05,7.03581e-05,1
8625,8630,8627.5,2.81432e-05,0.000140716,2
8630,8635,8632.5,1.40716e-05,7.03581e-05,1
8640,8645,8642.5,1.40716e-05,7.03581e-05,1
8645,8650,8647.5,2.81432e-05,0.000140716,2
8655,8660,8657.5,1.40716e-05,7.03581e-05,1
8665,8670,8667.5,1.40716e-05,7.03581e-05,1
8680,8685,8682.5,2.81432e-05,0.000140716,2
8685,8690,8687.5,1.40716e-05,7.03581e-05,1
8690,8695,8692.5,1.40716e-05,7.03581e-05,1
8695,8700,8697.5,4.22149e-05,0.000211074,3
8700,8705,8702.5,1.40716e-05,7.03581e-05,1
8705,8710,8707.5,2.81432e-05,0.000140716,2
8740,8745,8742.5,2.81432e-05,0.000140716,2
8745,8750,8747.5,2.81432e-05,0.000140716,2
8750,8755,8752.5,2.81432e-05,0.000140716,2
8755,8760,8757.5,1.40716e-05,7.03581e-05,1
8760,8765,8762.5,1.40716e-05,7.03581e-05,1
8770,8775,8772.5,2.81432e-05,0.000140716,2
8780,8785,8782.5,1.40716e-05,7.03581e-05,1
8805,8810,8807.5,1.40716e-05,7.03581e-05,1
8810,8815,8812.5,1.40716e-05,7.03581e-05,1
8830,8835,8832.5,2.81432e-05,0.000140716,2
8845,8850,8847.5,2.81432e-05,0.000140716,2
8865,8870,8867.5,1.40716e-05,7.03581e-05,1
8880,8885,8882.5,1.40716e-05,7.03581e-05,1
8885,8890,8887.5,1.40716e-05,7.03581e-05,1
8890,8895,8892.5,1.40716e-05,7.03581e-05,1
8895,8900,8897.5,2.81432e-05,0.000140716,2
8905,8910,8907.5,2.81432e-05,0.000140716,2
8915,8920,8917.5,1.40716e-05,7.03581e-05,1
8920,8925,8922.5,2.81432e-05,0.000140716,2
8935,8940,8937.5,2.81432e-05,0.000140716,2
8940,8945,8942.5,4.22149e-05,0.000211074,3
8945,8950,8947.5,1.40716e-05,7.03581e-05,1
8950,8955,8952.5,1.40716e-05,7.03581e-05,1
8955,8960,8957.5,1.40716e-05,7.03581e-05,1
8960,8965,8962.5,4.22149e-05,0.000211074,3
8970,8975,8972.5,1.40716e-05,7.03581e-05,1
8980,8985,8982.5,1.40716e-05,7.03581e-05,1
8985,8990,8987.5,1.40716e-05,7.03581e-05,1
8995,9000,8997.5,2.81432e-05,0.000140716,2
9000,9005,9002.5,1.40716e-05,7.03581e-05,1
9025,9030,9027.5,2.81432e-05,0.000140716,2
9030,9035,9032.5,1.40716e-05,7.03581e-05,1
9035,9040,9037.5,1.40716e-05,7.03581e-05,1
9050,9055,9052.5,1.40716e-05,7.03581e-05,1
9060,9065,9062.5,1.40716e-05,7.03581e-05,1
9065,9070,9067.5,1.40716e-05,7.03581e-05,1
9075,9080,9077.5,1.40716e-05,7.03581e-05,1
9080,9085,9082.5,2.81432e-05,0.000140716,2
9090,9095,9092.5,1.40716e-05,7.03581e-05,1
9095,9100,9097.5,1.40716e-05,7.03581e-05,1
9110,9115,9112.5,2.81432e-05,0.000140716,2
9115,9120,9117.5,2.81432e-05,0.000140716,2
9120,9125,9122.5,1.40716e-05,7.03581e-05,1
9125,9130,9127.5,1.40716e-05,7.03581e-05,1
9130,9135,9132.5,1.40716e-05,7.03581e-05,1
9145,9150,9147.5,1.40716e-05,7.03581e-05,1
9160,9165,9162.5,1.40716e-05,7.03581e-05,1
9175,9180,9177.5,1.40716e-05,7.03581e-05,1
9180,9185,9182.5,2.81432e-05,0.000140716,2
9190,9195,9192.5,1.40716e-05,7.03581e-05,1
9195,9200,9197.5,1.40716e-05,7.03581e-05,1
9205,9210,9207.5,1.40716e-05,7.03581e-05,1
9220,9225,9222.5,1.40716e-05,7.03581e-05,1
9225,9230,9227.5,1.40716e-05,7.03581e-05,1
9235,9240,9237.5,1.40716e-05,7.03581e-05,1
9240,9245,9242.5,1.40716e-05,7.03581e-05,1
9250,9255,9252.5,1.40716e-05,7.03581e-05,1
9265,9270,9267.5,1.40716e-05,7.03581e-05,1
9270,9275,9272.5,1.40716e-05,7.03581e-05,1
9285,9290,9287.5,4.22149e-05,0.000211074,3
9295,9300,9297.5,2.81432e-05,0.000140716,2
9300,9305,9302.5,1.40716e-05,7.03581e-05,1
9305,9310,9307.5,1.40716e-05,7.03581e-05,1
9310,9315,9312.5,1.40716e-05,7.03581e-05,1
9315,9320,9317.5,1.40716e-05,7.03581e-05,1
9320,9325,9322.5,1.40716e-05,7.03581e-05,1
9330,9335,9332.5,1.40716e-05,7.03581e-05,1
9335,9340,9337.5,1.40716e-05,7.03581e-05,1
9360,9365,9362.5,1.40716e-05,7.03581e-05,1
9365,9370,9367.5,1.40716e-05,7.03581e-05,1
9380,9385,9382.5,1.40716e-05,7.03581e-05,1
9405,9410,9407.5,2.81432e-05,0.000140716,2
9410,9415,9412.5,2.81432e-05,0.000140716,2
9415,9420,9417.5,2.81432e-05,0.000140716,2
9455,9460,9457.5,1.40716e-05,7.03581e-05,1
9485,9490,9487.5,1.40716e-05,7.03581e-05,1
9490,9495,9492.5,2.81432e-05,0.000140716,2
9500,9505,9502.5,4.22149e-05,0.000211074,3
9515,9520,9517.5,2.81432e-05,0.000140716,2
9525,9530,9527.5,1.40716e-05,7.03581e-05,1
9530,9535,9532.5,2.81432e-05,0.000140716,2
9545,9550,9547.5,1.40716e-05,7.03581e-05,1
9550,9555,9552.5,1.40716e-05,7.03581e-05,1
9555,9560,9557.5,1.40716e-05,7.03581e-05,1
9575,9580,9577.5,1.40716e-05,7.03581e-05,1
9585,9590,9587.5,1.40716e-05,7.03581e-05,1
9595,9600,9597.5,4.22149e-05,0.000211074,3
9610,9615,9612.5,1.40716e-05,7.03581e-05,1
9615,9620,9617.5,1.40716e-05,7.03581e-05,1
9625,9630,9627.5,1.40716e-05,7.03581e-05,1
9645,9650,9647.5,1.40716e-05,7.03581e-05,1
9650,9655,9652.5,1.40716e-05,7.03581e-05,1
9655,9660,9657.5,2.81432e-05,0.000140716,2
9670,9675,9672.5,1.40716e-05,7.03581e-05,1
9685,9690,9687.5,2.81432e-05,0.000140716,2
9705,9710,9707.5,2.81432e-05,0.000140716,2
9720,9725,9722.5,2.81432e-05,0.000140716,2
9745,9750,9747.5,1.40716e-05,7.03581e-05,1
9750,9755,9752.5,1.40716e-05,7.03581e-05,1
9755,9760,9757.5,2.81432e-05,0.000140716,2
9760,9765,9762.5,1.40716e-05,7.03581e-05,1
9765,9770,9767.5,1.40716e-05,7.03581e-05,1
9770,9775,9772.5,2.81432e-05,0.000140716,2
9795,9800,9797.5,1.40716e-05,7.03581e-05,1
9800,9805,9802.5,4.22149e-05,0.000211074,3
9805,9810,9807.5,2.81432e-05,0.000140716,2
9830,9835,9832.5,1.40716e-05,7.03581e-05,1
9835,9840,9837.5,4.22149e-05,0.000211074,3
9840,9845,9842.5,2.81432e-05,0.000140716,2
9845,9850,9847.5,1.40716e-05,7.03581e-05,1
9855,9860,9857.5,1.40716e-05,7.03581e-05,1
9880,9885,9882.5,1.40716e-05,7.03581e-05,1
9900,9905,9902.5,4.22149e-05,0.000211074,3
9930,9935,9932.5,1.40716e-05,7.03581e-05,1
9935,9940,9937.5,1.40716e-05,7.03581e-05,1
9945,9950,9947.5,1.40716e-05,7.03581e-05,1
9950,9955,9952.5,1.40716e-05,7.03581e-05,1
9955,9960,9957.5,1.40716e-05,7.03581e-05,1
9965,9970,9967.5,2.81432e-05,0.000140716,2
9970,9975,9972.5,1.40716e-05,7.03581e-05,1
9975,9980,9977.5,2.81432e-05,0.000140716,2
9980,9985,9982.5,1.40716e-05,7.03581e-05,1
9995,10000,9997.5,1.40716e-05,7.03581e-05,1
10000,10005,10002.5,1.40716e-05,7.03581e-05,1
10005,10010,10007.5,1.40716e-05,7.03581e-05,1
10010,10015,10012.5,1.40716e-05,7.03581e-05,1
10030,10035,10032.5,1.40716e-05,7.03581e-05,1
10035,10040,10037.5,1.40716e-05,7.03581e-05,1
10040,10045,10042.5,1.40716e-05,7.03581e-05,1
10045,10050,10047.5,1.40716e-05,7.03581e-05,1
10060,10065,10062.5,1.40716e-05,7.03581e-05,1
10070,10075,10072.5,1.40716e-05,7.03581e-05,1
10090,10095,10092.5,1.40716e-05,7.03581e-05,1
10100,10105,10102.5,1.40716e-05,7.03581e-05,1
10110,10115,10112.5,1.40716e-05,7.03581e-05,1
10115,10120,10117.5,2.81432e-05,0.000140716,2
10125,10130,10127.5,1.40716e-05,7.03581e-05,1
10130,10135,10132.5,1.40716e-05,7.03581e-05,1
10135,10140,10137.5,1.40716e-05,7.03581e-05,1
10160,10165,10162.5,1.40716e-05,7.03581e-05,1
10165,10170,10167.5,1.40716e-05,7.03581e-05,1
10170,10175,10172.5,2.81432e-05,0.000140716,2
10205,10210,10207.5,1.40716e-05,7.03581e-05,1
10220,10225,10222.5,1.40716e-05,7.03581e-05,1
10230,10235,10232.5,2.81432e-05,0.000140716,2
10235,10240,10237.5,1.40716e-05,7.03581e-05,1
10270,10275,10272.5,1.40716e-05,7.03581e-05,1
10290,10295,10292.5,1.40716e-05,7.03581e-05,1
10310,10315,10312.5,1.40716e-05,7.03581e-05,1
10325,10330,10327.5,1.40716e-05,7.03581e-05,1
10330,10335,10332.5,1.40716e-05,7.03581e-05,1
10335,10340,10337.5,1.40716e-05,7.03581e-05,1
10355,10360,10357.5,1.40716e-05,7.03581e-05,1
10365,10370,10367.5,1.40716e-05,7.03581e-05,1
10370,10375,10372.5,1.40716e-05,7.03581e-05,1
10375,10380,10377.5,1.40716e-05,7.03581e-05,1
10380,10385,10382.5,1.40716e-05,7.03581e-05,1
10395,10400,10397.5,1.40716e-05,7.03581e-05,1
10400,10405,10402.5,1.40716e-05,7.03581e-05,1
10410,10415,10412.5,1.40716e-05,7.03581e-05,1
10415,10420,10417.5,1.40716e-05,7.03581e-05,1
10430,10435,10432.5,2.81432e-05,0.000140716,2
10435,10440,10437.5,1.40716e-05,7.03581e-05,1
10460,10465,10462.5,1.40716e-05,7.03581e-05,1
10480,10485,10482.5,1.40716e-05,7.03581e-05,1
10510,10515,10512.5,1.40716e-05,7.03581e-05,1
10515,10520,10517.5,1.40716e-05,7.03581e-05,1
10520,10525,10522.5,1.40716e-05,7.03581e-05,1
10540,10545,10542.5,1.40716e-05,7.03581e-05,1
10580,10585,10582.5,1.40716e-05,7.03581e-05,1
10595,10600,10597.5,1.40716e-05,7.03581e-05,1
10600,10605,10602.5,1.40716e-05,7.03581e-05,1
10615,10620,10617.5,1.40716e-05,7.03581e-05,1
10625,10630,10627.5,1.40716e-05,7.03581e-05,1
10695,10700,10697.5,1.40716e-05,7.03581e-05,1
10700,10705,10702.5,1.40716e-05,7.03581e-05,1
10720,10725,10722.5,1.40716e-05,7.03581e-05,1
10725,10730,10727.5,1.40716e-05,7.03581e-05,1
10730,10735,10732.5,4.22149e-05,0.000211074,3
10745,10750,10747.5,1.40716e-05,7.03581e-05,1
10750,10755,10752.5,1.40716e-05,7.03581e-05,1
10760,10765,10762.5,1.40716e-05,7.03581e-05,1
10765,10770,10767.5,1.40716e-05,7.03581e-05,1
10770,10775,10772.5,1.40716e-05,7.03581e-05,1
10780,10785,10782.5,1.40716e-05,7.03581e-05,1
10790,10795,10792.5,2.81432e-05,0.000140716,2
10800,10805,10802.5,2.81432e-05,0.000140716,2
10805,10810,10807.5,1.40716e-05,7.03581e-05,1
10815,10820,10817.5,1.40716e-05,7.03581e-05,1
10820,10825,10822.5,1.40716e-05,7.03581e-05,1
10845,10850,10847.5,1.40716e-05,7.03581e-05,1
10850,10855,10852.5,1.40716e-05,7.03581e-05,1
10860,10865,10862.5,2.81432e-05,0.000140716,2
10880,10885,10882.5,1.40716e-05,7.03581e-05,1
10885,10890,10887.5,1.40716e-05,7.03581e-05,1
10895,10900,10897.5,2.81432e-05,0.000140716,2
10905,10910,10907.5,1.40716e-05,7.03581e-05,1
10920,10925,10922.5,1.40716e-05,7.03581e-05,1
10940,10945,10942.5,1.40716e-05,7.03581e-05,1
10955,10960,10957.5,1.40716e-05,7.03581e-05,1
10980,10985,10982.5,2.81432e-05,0.000140716,2
10985,10990,10987.5,1.40716e-05,7.03581e-05,1
11005,11010,11007.5,1.40716e-05,7.03581e-05,1
11015,11020,11017.5,1.40716e-05,7.03581e-05,1
11035,11040,11037.5,1.40716e-05,7.03581e-05,1
11045,11050,11047.5,1.40716e-05,7.03581e-05,1
11050,11055,11052.5,1.40716e-05,7.03581e-05,1
11080,11085,11082.5,1.40716e-05,7.03581e-05,1
11085,11090,11087.5,1.40716e-05,7.03581e-05,1
11100,11105,11102.5,1.40716e-05,7.03581e-05,1
11105,11110,11107.5,1.40716e-05,7.03581e-05,1
11110,11115,11112.5,2.81432e-05,0.000140716,2
11115,11120,11117.5,2.81432e-05,0.000140716,2
11130,11135,11132.5,1.40716e-05,7.03581e-05,1
11135,11140,11137.5,1.40716e-05,7.03581e-05,1
11155,11160,11157.5,1.40716e-05,7.03581e-05,1
11165,11170,11167.5,1.40716e-05,7.03581e-05,1
11175,11180,11177.5,1.40716e-05,7.03581e-05,1
11185,11190,11187.5,2.81432e-05,0.000140716,2
11215,11220,11217.5,1.40716e-05,7.03581e-05,1
11225,11230,11227.5,1.40716e-05,7.03581e-05,1
11245,11250,11247.5,1.40716e-05,7.03581e-05,1
11250,11255,11252.5,1.40716e-05,7.03581e-05,1
11265,11270,11267.5,2.81432e-05,0.000140716,2
11315,11320,11317.5,1.40716e-05,7.03581e-05,1
11345,11350,11347.5,2.81432e-05,0.000140716,2
11355,11360,11357.5,4.22149e-05,0.000211074,3
11360,11365,11362.5,1.40716e-05,7.03581e-05,1
11370,11375,11372.5,1.40716e-05,7.03581e-05,1
11415,11420,11417.5,1.40716e-05,7.03581e-05,1
11430,11435,11432.5,1.40716e-05,7.03581e-05,1
11435,11440,11437.5,1.40716e-05,7.03581e-05,1
11440,11445,11442.5,2.81432e-05,0.000140716,2
11455,11460,11457.5,1.40716e-05,7.03581e-05,1
11465,11470,11467.5,1.40716e-05,7.03581e-05,1
11495,11500,11497.5,2.81432e-05,0.000140716,2
11500,11505,11502.5,1.40716e-05,7.03581e-05,1
11505,11510,11507.5,1.40716e-05,7.03581e-05,1
11530,11535,11532.5,1.40716e-05,7.03581e-05,1
11540,11545,11542.5,1.40716e-05,7.03581e-05,1
11555,11560,11557.5,2.81432e-05,0.000140716,2
11565,11570,11567.5,1.40716e-05,7.03581e-05,1
11615,11620,11617.5,1.40716e-05,7.03581e-05,1
11640,11645,11642.5,1.40716e-05,7.03581e-05,1
11645,11650,11647.5,1.40716e-05,7.03581e-05,1
11655,11660,11657.5,2.81432e-05,0.000140716,2
11670,11675,11672.5,1.40716e-05,7.03581e-05,1
11690,11695,11692.5,1.40716e-05,7.03581e-05,1
11760,11765,11762.5,1.40716e-05,7.03581e-05,1
11770,11775,11772.5,1.40716e-05,7.03581e-05,1
11785,11790,11787.5,1.40716e-05,7.03581e-05,1
11795,11800,11797.5,1.40716e-05,7.03581e-05,1
11800,11805,11802.5,2.81432e-05,0.000140716,2
11810,11815,11812.5,2.81432e-05,0.000140716,2
11840,11845,11842.5,1.40716e-05,7.03581e-05,1
11875,11880,11877.5,1.40716e-05,7.03581e-05,1
11885,11890,11887.5,1.40716e-05,7.03581e-05,1
11890,11895,11892.5,1.40716e-05,7.03581e-05,1
11900,11905,11902.5,1.40716e-05,7.03581e-05,1
11915,11920,11917.5,1.40716e-05,7.03581e-05,1
11930,11935,11932.5,1.40716e-05,7.03581e-05,1
11935,11940,11937.5,4.22149e-05,0.000211074,3
11940,11945,11942.5,1.40716e-05,7.03581e-05,1
11945,11950,11947.5,1.40716e-05,7.03581e-05,1
11965,11970,11967.5,1.40716e-05,7.03581e-05,1
11995,12000,11997.5,1.40716e-05,7.03581e-05,1
12000,12005,12002.5,1.40716e-05,7.03581e-05,1
12015,12020,12017.5,1.40716e-05,7.03581e-05,1
12045,12050,12047.5,1.40716e-05,7.03581e-05,1
12055,12060,12057.5,1.40716e-05,7.03581e-05,1
12075,12080,12077.5,1.40716e-05,7.03581e-05,1
12080,12085,12082.5,1.40716e-05,7.03581e-05,1
12095,12100,12097.5,1.40716e-05,7.03581e-05,1
12110,12115,12112.5,2.81432e-05,0.000140716,2
12120,12125,12122.5,1.40716e-05,7.03581e-05,1
12135,12140,12137.5,1.40716e-05,7.03581e-05,1
12140,12145,12142.5,1.40716e-05,7.03581e-05,1
12160,12165,12162.5,2.81432e-05,0.000140716,2
12175,12180,12177.5,1.40716e-05,7.03581e-05,1
12185,12190,12187.5,1.40716e-05,7.03581e-05,1
12195,12200,12197.5,1.40716e-05,7.03581e-05,1
12205,12210,12207.5,1.40716e-05,7.03581e-05,1
12240,12245,12242.5,1.40716e-05,7.03581e-05,1
12265,12270,12267.5,1.40716e-05,7.03581e-05,1
12300,12305,12302.5,1.40716e-05,7.03581e-05,1
12340,12345,12342.5,1.40716e-05,7.03581e-05,1
12345,12350,12347.5,1.40716e-05,7.03581e-05,1
12350,12355,12352.5,1.40716e-05,7.03581e-05,1
12360,12365,12362.5,1.40716e-05,7.03581e-05,1
12400,12405,12402.5,2.81432e-05,0.000140716,2
12445,12450,12447.5,1.40716e-05,7.03581e-05,1
12465,12470,12467.5,1.40716e-05,7.03581e-05,1
12475,12480,12477.5,1.40716e-05,7.03581e-05,1
12480,12485,12482.5,1.40716e-05,7.03581e-05,1
12485,12490,12487.5,1.40716e-05,7.03581e-05,1
12490,12495,12492.5,1.40716e-05,7.03581e-05,1
12495,12500,12497.5,2.81432e-05,0.000140716,2
12515,12520,12517.5,1.40716e-05,7.03581e-05,1
12530,12535,12532.5,1.40716e-05,7.03581e-05,1
12545,12550,12547.5,1.40716e-05,7.03581e-05,1
12560,12565,12562.5,1.40716e-05,7.03581e-05,1
12565,12570,12567.5,1.40716e-05,7.03581e-05,1
12575,12580,12577.5,1.40716e-05,7.03581e-05,1
12600,12605,12602.5,2.81432e-05,0.000140716,2
12610,12615,12612.5,1.40716e-05,7.03581e-05,1
12615,12620,12617.5,1.40716e-05,7.03581e-05,1
12640,12645,12642.5,1.40716e-05,7.03581e-05,1
12645,12650,12647.5,1.40716e-05,7.03581e-05,1
12725,12730,12727.5,2.81432e-05,0.000140716,2
12735,12740,12737.5,1.40716e-05,7.03581e-05,1
12740,12745,12742.5,1.40716e-05,7.03581e-05,1
12760,12765,12762.5,1.40716e-05,7.03581e-05,1
12770,12775,12772.5,1.40716e-05,7.03581e-05,1
12785,12790,12787.5,1.40716e-05,7.03581e-05,1
12800,12805,12802.5,1.40716e-05,7.03581e-05,1
12805,12810,12807.5,1.40716e-05,7.03581e-05,1
12815,12820,12817.5,1.40716e-05,7.03581e-05,1
12855,12860,12857.5,1.40716e-05,7.03581e-05,1
12860,12865,12862.5,1.40716e-05,7.03581e-05,1
12870,12875,12872.5,1.40716e-05,7.03581e-05,1
12885,12890,12887.5,1.40716e-05,7.03581e-05,1
12890,12895,12892.5,1.40716e-05,7.03581e-05,1
12895,12900,12897.5,1.40716e-05,7.03581e-05,1
12925,12930,12927.5,1.40716e-05,7.03581e-05,1
12930,12935,12932.5,1.40716e-05,7.03581e-05,1
12970,12975,12972.5,1.40716e-05,7.03581e-05,1
12980,12985,12982.5,1.40716e-05,7.03581e-05,1
12990,12995,12992.5,1.40716e-05,7.03581e-05,1
13015,13020,13017.5,1.40716e-05,7.03581e-05,1
13070,13075,13072.5,1.40716e-05,7.03581e-05,1
13080,13085,13082.5,1.40716e-05,7.03581e-05,1
13085,13090,13087.5,1.40716e-05,7.03581e-05,1
13095,13100,13097.5,1.40716e-05,7.03581e-05,1
13115,13120,13117.5,1.40716e-05,7.03581e-05,1
13160,13165,13162.5,1.40716e-05,7.03581e-05,1
13175,13180,13177.5,1.40716e-05,7.03581e-05,1
13180,13185,13182.5,1.40716e-05,7.03581e-05,1
13210,13215,13212.5,1.40716e-05,7.03581e-05,1
13220,13225,13222.5,1.40716e-05,7.03581e-05,1
13225,13230,13227.5,1.40716e-05,7.03581e-05,1
13235,13240,13237.5,2.81432e-05,0.000140716,2
13270,13275,13272.5,1.40716e-05,7.03581e-05,1
13290,13295,13292.5,1.40716e-05,7.03581e-05,1
13305,13310,13307.5,1.40716e-05,7.03581e-05,1
13315,13320,13317.5,2.81432e-05,0.000140716,2
13325,13330,13327.5,2.81432e-05,0.000140716,2
13340,13345,13342.5,2.81432e-05,0.000140716,2
13345,13350,13347.5,1.40716e-05,7.03581e-05,1
13370,13375,13372.5,1.40716e-05,7.03581e-05,1
13385,13390,13387.5,2.81432e-05,0.000140716,2
13430,13435,13432.5,1.40716e-05,7.03581e-05,1
13435,13440,13437.5,1.40716e-05,7.03581e-05,1
13440,13445,13442.5,1.40716e-05,7.03581e-05,1
13455,13460,13457.5,1.40716e-05,7.03581e-05,1
13480,13485,13482.5,1.40716e-05,7.03581e-05,1
13495,13500,13497.5,1.40716e-05,7.03581e-05,1
13500,13505,13502.5,1.40716e-05,7.03581e-05,1
13510,13515,13512.5,2.81432e-05,0.000140716,2
13540,13545,13542.5,1.40716e-05,7.03581e-05,1
13560,13565,13562.5,1.40716e-05,7.03581e-05,1
13630,13635,13632.5,1.40716e-05,7.03581e-05,1
13645,13650,13647.5,1.40716e-05,7.03581e-05,1
13655,13660,13657.5,1.40716e-05,7.03581e-05,1
13660,13665,13662.5,1.40716e-05,7.03581e-05,1
13665,13670,13667.5,1.40716e-05,7.03581e-05,1
13675,13680,13677.5,1.40716e-05,7.03581e-05,1
13680,13685,13682.5,1.40716e-05,7.03581e-05,1
13705,13710,13707.5,1.40716e-05,7.03581e-05,1
13715,13720,13717.5,1.40716e-05,7.03581e-05,1
13735,13740,13737.5,1.40716e-05,7.03581e-05,1
13855,13860,13857.5,1.40716e-05,7.03581e-05,1
13900,13905,13902.5,1.40716e-05,7.03581e-05,1
13910,13915,13912.5,1.40716e-05,7.03581e-05,1
13925,13930,13927.5,1.40716e-05,7.03581e-05,1
13975,13980,13977.5,1.40716e-05,7.03581e-05,1
13985,13990,13987.5,1.40716e-05,7.03581e-05,1
14035,14040,14037.5,1.40716e-05,7.03581e-05,1
14040,14045,14042.5,1.40716e-05,7.03581e-05,1
14075,14080,14077.5,1.40716e-05,7.03581e-05,1
14095,14100,14097.5,1.40716e-05,7.03581e-05,1
14110,14115,14112.5,1.40716e-05,7.03581e-05,1
14115,14120,14117.5,1.40716e-05,7.03581e-05,1
14245,14250,14247.5,1.40716e-05,7.03581e-05,1
14280,14285,14282.5,1.40716e-05,7.03581e-05,1
14310,14315,14312.5,1.40716e-05,7.03581e-05,1
14370,14375,14372.5,1.40716e-05,7.03581e-05,1
14400,14405,14402.5,1.40716e-05,7.03581e-05,1
14410,14415,14412.5,1.40716e-05,7.03581e-05,1
14460,14465,14462.5,1.40716e-05,7.03581e-05,1
14475,14480,14477.5,1.40716e-05,7.03581e-05,1
14515,14520,14517.5,1.40716e-05,7.03581e-05,1
14525,14530,14527.5,1.40716e-05,7.03581e-05,1
14545,14550,14547.5,1.40716e-05,7.03581e-05,1
14560,14565,14562.5,1.40716e-05,7.03581e-05,1
14570,14575,14572.5,1.40716e-05,7.03581e-05,1
14580,14585,14582.5,1.40716e-05,7.03581e-05,1
14590,14595,14592.5,1.40716e-05,7.03581e-05,1
14610,14615,14612.5,1.40716e-05,7.03581e-05,1
14640,14645,14642.5,1.40716e-05,7.03581e-05,1
14650,14655,14652.5,1.40716e-05,7.03581e-05,1
14655,14660,14657.5,1.40716e-05,7.03581e-05,1
14690,14695,14692.5,1.40716e-05,7.03581e-05,1
14730,14735,14732.5,1.40716e-05,7.03581e-05,1
14735,14740,14737.5,1.40716e-05,7.03581e-05,1
14760,14765,14762.5,1.40716e-05,7.03581e-05,1
14785,14790,14787.5,1.40716e-05,7.03581e-05,1
14805,14810,14807.5,1.40716e-05,7.03581e-05,1
14835,14840,14837.5,1.40716e-05,7.03581e-05,1
14880,14885,14882.5,1.40716e-05,7.03581e-05,1
14905,14910,14907.5,1.40716e-05,7.03581e-05,1
14935,14940,14937.5,1.40716e-05,7.03581e-05,1
14940,14945,14942.5,1.40716e-05,7.03581e-05,1
14945,14950,14947.5,1.40716e-05,7.03581e-05,1
14970,14975,14972.5,2.81432e-05,0.000140716,2
14990,14995,14992.5,1.40716e-05,7.03581e-05,1
15020,15025,15022.5,1.40716e-05,7.03581e-05,1
15155,15160,15157.5,1.40716e-05,7.03581e-05,1
15175,15180,15177.5,1.40716e-05,7.03581e-05,1
15190,15195,15192.5,1.40716e-05,7.03581e-05,1
15195,15200,15197.5,1.40716e-05,7.03581e-05,1
15215,15220,15217.5,2.81432e-05,0.000140716,2
15220,15225,15222.5,1.40716e-05,7.03581e-05,1
15230,15235,15232.5,1.40716e-05,7.03581e-05,1
15235,15240,15237.5,1.40716e-05,7.03581e-05,1
15245,15250,15247.5,1.40716e-05,7.03581e-05,1
15250,15255,15252.5,1.40716e-05,7.03581e-05,1
15270,15275,15272.5,1.40716e-05,7.03581e-05,1
15325,15330,15327.5,1.40716e-05,7.03581e-05,1
15330,15335,15332.5,1.40716e-05,7.03581e-05,1
15350,15355,15352.5,1.40716e-05,7.03581e-05,1
15370,15375,15372.5,1.40716e-05,7.03581e-05,1
15490,15495,15492.5,1.40716e-05,7.03581e-05,1
15525,15530,15527.5,2.81432e-05,0.000140716,2
15530,15535,15532.5,2.81432e-05,0.000140716,2
15570,15575,15572.5,1.40716e-05,7.03581e-05,1
15600,15605,15602.5,1.40716e-05,7.03581e-05,1
15625,15630,15627.5,1.40716e-05,7.03581e-05,1
15680,15685,15682.5,1.40716e-05,7.03581e-05,1
15685,15690,15687.5,1.40716e-05,7.03581e-05,1
15710,15715,15712.5,1.40716e-05,7.03581e-05,1
15715,15720,15717.5,1.40716e-05,7.03581e-05,1
15735,15740,15737.5,1.40716e-05,7.03581e-05,1
15770,15775,15772.5,1.40716e-05,7.03581e-05,1
15800,15805,15802.5,1.40716e-05,7.03581e-05,1
15825,15830,15827.5,1.40716e-05,7.03581e-05,1
15870,15875,15872.5,1.40716e-05,7.03581e-05,1
15890,15895,15892.5,1.40716e-05,7.03581e-05,1
15985,15990,15987.5,1.40716e-05,7.03581e-05,1
15995,16000,15997.5,1.40716e-05,7.03581e-05,1
16070,16075,16072.5,1.40716e-05,7.03581e-05,1
16115,16120,16117.5,1.40716e-05,7.03581e-05,1
16155,16160,16157.5,1.40716e-05,7.03581e-05,1
16225,16230,16227.5,1.40716e-05,7.03581e-05,1
16270,16275,16272.5,2.81432e-05,0.000140716,2
16305,16310,16307.5,1.40716e-05,7.03581e-05,1
16315,16320,16317.5,1.40716e-05,7.03581e-05,1
16335,16340,16337.5,1.40716e-05,7.03581e-05,1
16355,16360,16357.5,1.40716e-05,7.03581e-05,1
16390,16395,16392.5,1.40716e-05,7.03581e-05,1
16395,16400,16397.5,1.40716e-05,7.03581e-05,1
16430,16435,16432.5,1.40716e-05,7.03581e-05,1
16495,16500,16497.5,1.40716e-05,7.03581e-05,1
16560,16565,16562.5,1.40716e-05,7.03581e-05,1
16575,16580,16577.5,1.40716e-05,7.03581e-05,1
16605,16610,16607.5,1.40716e-05,7.03581e-05,1
16625,16630,16627.5,1.40716e-05,7.03581e-05,1
16675,16680,16677.5,1.40716e-05,7.03581e-05,1
16830,16835,16832.5,1.40716e-05,7.03581e-05,1
16895,16900,16897.5,1.40716e-05,7.03581e-05,1
16900,16905,16902.5,1.40716e-05,7.03581e-05,1
16935,16940,16937.5,1.40716e-05,7.03581e-05,1
16940,16945,16942.5,1.40716e-05,7.03581e-05,1
17075,17080,17077.5,1.40716e-05,7.03581e-05,1
17160,17165,17162.5,1.40716e-05,7.03581e-05,1
17195,17200,17197.5,1.40716e-05,7.03581e-05,1
17220,17225,17222.5,1.40716e-05,7.03581e-05,1
17225,17230,17227.5,1.40716e-05,7.03581e-05,1
17245,17250,17247.5,1.40716e-05,7.03581e-05,1
17285,17290,17287.5,1.40716e-05,7.03581e-05,1
17300,17305,17302.5,1.40716e-05,7.03581e-05,1
17395,17400,17397.5,1.40716e-05,7.03581e-05,1
17450,17455,17452.5,1.40716e-05,7.03581e-05,1
17590,17595,17592.5,1.40716e-05,7.03581e-05,1
17605,17610,17607.5,1.40716e-05,7.03581e-05,1
17705,17710,17707.5,1.40716e-05,7.03581e-05,1
17800,17805,17802.5,1.40716e-05,7.03581e-05,1
17850,17855,17852.5,1.40716e-05,7.03581e-05,1
17875,17880,17877.5,1.40716e-05,7.03581e-05,1
18060,18065,18062.5,1.40716e-05,7.03581e-05,1
18175,18180,18177.5,1.40716e-05,7.03581e-05,1
18305,18310,18307.5,1.40716e-05,7.03581e-05,1
18390,18395,18392.5,1.40716e-05,7.03581e-05,1
18435,18440,18437.5,1.40716e-05,7.03581e-05,1
18540,18545,18542.5,1.40716e-05,7.03581e-05,1
18545,18550,18547.5,1.40716e-05,7.03581e-05,1
18585,18590,18587.5,1.40716e-05,7.03581e-05,1
18595,18600,18597.5,1.40716e-05,7.03581e-05,1
18715,18720,18717.5,1.40716e-05,7.03581e-05,1
19095,19100,19097.5,1.40716e-05,7.03581e-05,1
19170,19175,19172.5,1.40716e-05,7.03581e-05,1
19260,19265,19262.5,1.40716e-05,7.03581e-05,1
19265,19270,19267.5,1.40716e-05,7.03581e-05,1
19320,19325,19322.5,1.40716e-05,7.03581e-05,1
19960,19965,19962.5,1.40716e-05,7.03581e-05,1
20210,20215,20212.5,1.40716e-05,7.03581e-05,1
20370,20375,20372.5,1.40716e-05,7.03581e-05,1
20765,20770,20767.5,1.40716e-05,7.03581e-05,1
20990,20995,20992.5,1.40716e-05,7.03581e-05,1
22190,22195,22192.5,1.40716e-05,7.03581e-05,1
22235,22240,22237.5,1.40716e-05,7.03581e-05,1
22465,22470,22467.5,1.40716e-05,7.03581e-05,1
22805,22810,22807.5,1.40716e-05,7.03581e-05,1
23335,23340,23337.5,1.40716e-05,7.03581e-05,1
23880,23885,23882.5,1.40716e-05,7.03581e-05,1
24475,24480,24477.5,1.40716e-05,7.03581e-05,1
25105,25110,25107.5,1.40716e-05,7.03581e-05,1
25460,25465,25462.5,1.40716e-05,7.03581e-05,1
26345,26350,26347.5,1.40716e-05,7.03581e-05,1
26525,26530,26527.5,1.40716e-05,7.03581e-05,1
26960,26965,26962.5,1.40716e-05,7.03581e-05,1
27560,27565,27562.5,1.40716e-05,7.03581e-05,1
28645,28650,28647.5,1.40716e-05,7.03581e-05,1
30275,30280,30277.5,1.40716e-05,7.03581e-05,1
32745,32750,32747.5,1.40716e-05,7.03581e-05,1
34710,34715,34712.5,1.40716e-05,7.03581e-05,1
38855,38860,38857.5,1.40716e-05,7.03581e-05,1
43090,43095,43092.5,1.40716e-05,7.03581e-05,1
VO Delay PDF CSV saved: /home/nathanlo/ns-3.45/scratch/delay_pdf/11be/adaptive_compare_burst/adaptive_knownk_k15_s2_all.csv

P-EDCA STA Delay PDF CSV saved: /home/nathanlo/ns-3.45/scratch/delay_pdf/11be/adaptive_compare_burst/adaptive_knownk_k15_s2.csv
Legacy STA Delay PDF CSV saved: /home/nathanlo/ns-3.45/scratch/delay_pdf/11be/adaptive_compare_burst/adaptive_knownk_k15_s2_legacy.csv
--- EXTENDED_STATS_BEGIN ---
PEDCA_STA_SUCC_COUNT: 6115
PEDCA_STA_FAIL_COUNT: 69
PEDCA_STA_ZERO_RETX: 6113
LEGACY_STA_SUCC_COUNT: 8099
LEGACY_STA_FAIL_COUNT: 370
LEGACY_STA_ZERO_RETX: 8096
PEDCA_STA_AVG_MAC_DELAY: 2557.69
PEDCA_STA_AVG_QUEUE_DELAY: 2236.31
PEDCA_STA_AVG_ACCESS_DELAY: 321.38
LEGACY_STA_AVG_MAC_DELAY: 2336.89
LEGACY_STA_AVG_QUEUE_DELAY: 2035.93
LEGACY_STA_AVG_ACCESS_DELAY: 300.961
--- EXTENDED_STATS_END ---
