[INFO] std::clog redirected to: /dev/null

--- Per-STA P-EDCA Detail ---
  STA0: DS-CTS=175 S2Entry=175 S2Tx=104 PedcaOK=96 EdcaOK=171 FailCTS=2 FailColl=6 FailExp=0 Defer=0
  STA1: DS-CTS=2 S2Entry=2 S2Tx=2 PedcaOK=1 EdcaOK=5 FailCTS=1 FailColl=0 FailExp=0 Defer=0
  STA2: DS-CTS=222 S2Entry=222 S2Tx=154 PedcaOK=135 EdcaOK=251 FailCTS=6 FailColl=13 FailExp=0 Defer=0
  STA3: DS-CTS=181 S2Entry=181 S2Tx=134 PedcaOK=125 EdcaOK=323 FailCTS=6 FailColl=3 FailExp=0 Defer=2
  STA4: DS-CTS=2 S2Entry=2 S2Tx=2 PedcaOK=2 EdcaOK=1 FailCTS=0 FailColl=0 FailExp=0 Defer=0
  STA5: DS-CTS=1 S2Entry=1 S2Tx=1 PedcaOK=0 EdcaOK=1 FailCTS=1 FailColl=0 FailExp=0 Defer=0
  STA6: DS-CTS=210 S2Entry=210 S2Tx=145 PedcaOK=136 EdcaOK=409 FailCTS=2 FailColl=7 FailExp=0 Defer=0
  STA7: DS-CTS=227 S2Entry=227 S2Tx=177 PedcaOK=171 EdcaOK=522 FailCTS=2 FailColl=4 FailExp=0 Defer=0
  STA8: DS-CTS=114 S2Entry=114 S2Tx=90 PedcaOK=86 EdcaOK=459 FailCTS=2 FailColl=2 FailExp=0 Defer=0
  STA9: DS-CTS=101 S2Entry=101 S2Tx=87 PedcaOK=83 EdcaOK=416 FailCTS=1 FailColl=3 FailExp=0 Defer=0
  STA10: DS-CTS=261 S2Entry=261 S2Tx=185 PedcaOK=174 EdcaOK=472 FailCTS=3 FailColl=8 FailExp=0 Defer=0
  STA11: DS-CTS=175 S2Entry=175 S2Tx=116 PedcaOK=99 EdcaOK=190 FailCTS=9 FailColl=8 FailExp=0 Defer=0
  STA12: DS-CTS=1 S2Entry=1 S2Tx=1 PedcaOK=0 EdcaOK=1 FailCTS=1 FailColl=0 FailExp=0 Defer=0
  STA13: DS-CTS=2 S2Entry=2 S2Tx=2 PedcaOK=1 EdcaOK=2 FailCTS=1 FailColl=0 FailExp=0 Defer=0
  STA14: DS-CTS=236 S2Entry=236 S2Tx=173 PedcaOK=160 EdcaOK=292 FailCTS=2 FailColl=11 FailExp=0 Defer=0

=== General Statistics ===
P-EDCA Ratio: 0.5
P-EDCA STAs: 15/30
P-EDCA Share (Avg Per-STA P-EDCA Tx/Total Tx): 26.2753 %
Avg P-EDCA Attempt Success Rate: 58.2315 %
Global P-EDCA Tx Success: 1269
Global EDCA Tx Success: 3515
Global P-EDCA Attempt (DS-CTS Sent): 1910

--- P-EDCA Detailed Trace ---
Stage 2 Entered: 1910
Stage 2 TX Started: 1373
P-EDCA Fail RTS No CTS: 39
P-EDCA Fail RTS Collision: 65
P-EDCA Fail Timing Expired: 0
P-EDCA Fail Deferral: 2
Total VO TX (P-EDCA+EDCA): 4784
Global P-EDCA Share: 26.5259 %
Global EDCA Share: 73.4741 %
Channel Idle Time (AP): 25.4865 % (1.78406e+06 us / 7e+06 us)
Total Successes:       14236
Total Failures:        549
Total Retransmissions: 1

--- Per-AC Success Statistics ---
AC_BE:
  Successes:         50
  Throughput:        0.0571429 Mbps
  Packet Loss:       33.3333 %
  Avg Retx/MPDU:     0
  Avg Queue Delay:   -1.55841e+06 us (Enqueue->TxStart)
  Avg Access Delay:  1.65746e+06 us (TxStart->Ack)
  Avg MAC Delay:     99049 us (Total: Enqueue->Ack)

AC_VO:
  Successes:         14186
  Throughput:        16.2126 Mbps
  Packet Loss:       3.5622 %
  Avg Retx/MPDU:     7.0492e-05
  Avg Queue Delay:   2159.65 us (Enqueue->TxStart)
  Avg Access Delay:  311.983 us (TxStart->Ack)
  Avg MAC Delay:     2471.63 us (Total: Enqueue->Ack)

--- Per-AC Failure Statistics ---
AC_BE Failures: 25
AC_VO Failures: 524

--- Failure Reasons by AC ---
  AC_BE EXPIRED_LIFETIME: 25
  AC_VO RETRY_LIMIT: 524


=== Extended P-EDCA vs Legacy Statistics ===

--- [Stat 1] Delay by STA Type ---
P-EDCA STAs (15 STAs):
  Successes:         5427
  Failures:          109
  Throughput:        6.20229 Mbps
  Packet Loss:       1.96893 %
  Avg Queue Delay:   2315.8 us
  Avg Access Delay:  326.694 us
  Avg MAC Delay:     2642.49 us
  Median MAC Delay:  1619 us
  P95 MAC Delay:     8597 us
  P99 MAC Delay:     15811 us
Legacy EDCA STAs (15 STAs):
  Successes:         8759
  Failures:          415
  Throughput:        10.0103 Mbps
  Packet Loss:       4.52365 %
  Avg Queue Delay:   2062.9 us
  Avg Access Delay:  302.868 us
  Avg MAC Delay:     2365.77 us
  Median MAC Delay:  1399 us
  P95 MAC Delay:     8513 us
  P99 MAC Delay:     13352 us

--- [Stat 2] Per-STA P-EDCA Attempt Count (DS-CTS Sent) ---
  STA0: 175 P-EDCA attempts
  STA1: 2 P-EDCA attempts
  STA2: 222 P-EDCA attempts
  STA3: 181 P-EDCA attempts
  STA4: 2 P-EDCA attempts
  STA5: 1 P-EDCA attempts
  STA6: 210 P-EDCA attempts
  STA7: 227 P-EDCA attempts
  STA8: 114 P-EDCA attempts
  STA9: 101 P-EDCA attempts
  STA10: 261 P-EDCA attempts
  STA11: 175 P-EDCA attempts
  STA12: 1 P-EDCA attempts
  STA13: 2 P-EDCA attempts
  STA14: 236 P-EDCA attempts
  Total: 1910 P-EDCA attempts across 15 P-EDCA STAs
  Avg per P-EDCA STA: 127.333

--- [Stat 3] P-EDCA One-Shot Success Probability ---
  P-EDCA Success / DS-CTS Sent:      1269 / 1910 = 66.4398 %
  P-EDCA Success / Stage2 TX Started: 1269 / 1373 = 92.4253 %  (given RTS was actually sent)

--- [Stat 4] EDCA One-Shot Success Ratio (0 retransmissions) ---
  Legacy STAs: 8758 / 8759 = 99.9886 %
  P-EDCA STAs: 5427 / 5427 = 100 %  (MAC-level, includes both P-EDCA and EDCA paths)

--- [Stat 5] P-EDCA Kickback-to-EDCA Probability ---
  Total P-EDCA Failures: 106 / 1910 DS-CTS = 5.54974 %
    RTS No CTS:       39 (2.04188 %)
    RTS Collision:    65 (3.40314 %)
    Timing Expired:   0 (0 %)
    Deferral:         2 (0.104712 %)

--- [Stat 6] P-EDCA RTS Collision Probability ---
  RTS Collision / Stage2 TX Started: 65 / 1373 = 4.73416 %
  RTS Collision / DS-CTS Sent:       65 / 1910 = 3.40314 %

--- [Stat 7] P-EDCA Attempts per Successful P-EDCA TX ---
  DS-CTS Sent / P-EDCA Success: 1910 / 1269 = 1.50512 attempts/success
  Stage2 TX / P-EDCA Success:   1373 / 1269 = 1.08195 RTS/success

--- VO Delay PDF (MAC Delay) ---
bin_start_us,bin_end_us,bin_mid_us,pdf_per_us,probability,count
210,215,212.5,1.40984e-05,7.0492e-05,1
215,220,217.5,2.81968e-05,0.000140984,2
220,225,222.5,0.000155082,0.000775412,11
225,230,227.5,0.000169181,0.000845904,12
230,235,232.5,0.000112787,0.000563936,8
235,240,237.5,0.000183279,0.000916396,13
240,245,242.5,7.0492e-05,0.00035246,5
245,250,247.5,7.0492e-05,0.00035246,5
250,255,252.5,8.45904e-05,0.000422952,6
255,260,257.5,9.86888e-05,0.000493444,7
260,265,262.5,8.45904e-05,0.000422952,6
265,270,267.5,0.000112787,0.000563936,8
270,275,272.5,8.45904e-05,0.000422952,6
275,280,277.5,0.000140984,0.00070492,10
280,285,282.5,9.86888e-05,0.000493444,7
285,290,287.5,8.45904e-05,0.000422952,6
290,295,292.5,0.000155082,0.000775412,11
295,300,297.5,7.0492e-05,0.00035246,5
300,305,302.5,9.86888e-05,0.000493444,7
305,310,307.5,0.000126886,0.000634428,9
310,315,312.5,8.45904e-05,0.000422952,6
315,320,317.5,5.63936e-05,0.000281968,4
320,325,322.5,8.45904e-05,0.000422952,6
325,330,327.5,5.63936e-05,0.000281968,4
330,335,332.5,8.45904e-05,0.000422952,6
335,340,337.5,9.86888e-05,0.000493444,7
340,345,342.5,0.00226984,0.0113492,161
345,350,347.5,0.0035246,0.017623,250
350,355,352.5,0.00115607,0.00578035,82
355,360,357.5,0.000676724,0.00338362,48
360,365,362.5,0.00070492,0.0035246,50
365,370,367.5,0.000592133,0.00296067,42
370,375,372.5,0.000563936,0.00281968,40
375,380,377.5,0.000338362,0.00169181,24
380,385,382.5,0.000310165,0.00155082,22
385,390,387.5,0.000408854,0.00204427,29
390,395,392.5,0.000437051,0.00218525,31
395,400,397.5,0.000296067,0.00148033,21
400,405,402.5,0.000338362,0.00169181,24
405,410,407.5,0.000239673,0.00119836,17
410,415,412.5,0.000366559,0.00183279,26
415,420,417.5,0.000422952,0.00211476,30
420,425,422.5,0.000422952,0.00211476,30
425,430,427.5,0.000380657,0.00190328,27
430,435,432.5,0.000422952,0.00211476,30
435,440,437.5,0.000239673,0.00119836,17
440,445,442.5,0.000366559,0.00183279,26
445,450,447.5,0.000366559,0.00183279,26
450,455,452.5,0.0160017,0.0800085,1135
455,460,457.5,0.000253771,0.00126886,18
460,465,462.5,0.000324263,0.00162132,23
465,470,467.5,0.000366559,0.00183279,26
470,475,472.5,0.00035246,0.0017623,25
475,480,477.5,0.000281968,0.00140984,20
480,485,482.5,0.00035246,0.0017623,25
485,490,487.5,0.000324263,0.00162132,23
490,495,492.5,0.000380657,0.00190328,27
495,500,497.5,0.000507543,0.00253771,36
500,505,502.5,0.000253771,0.00126886,18
505,510,507.5,0.00035246,0.0017623,25
510,515,512.5,0.000324263,0.00162132,23
515,520,517.5,0.00035246,0.0017623,25
520,525,522.5,0.000281968,0.00140984,20
525,530,527.5,0.000310165,0.00155082,22
530,535,532.5,0.000324263,0.00162132,23
535,540,537.5,0.000310165,0.00155082,22
540,545,542.5,0.000324263,0.00162132,23
545,550,547.5,0.000422952,0.00211476,30
550,555,552.5,0.000310165,0.00155082,22
555,560,557.5,0.00035246,0.0017623,25
560,565,562.5,0.000634428,0.00317214,45
565,570,567.5,0.000422952,0.00211476,30
570,575,572.5,0.000338362,0.00169181,24
575,580,577.5,0.000380657,0.00190328,27
580,585,582.5,0.000451149,0.00225575,32
585,590,587.5,0.000380657,0.00190328,27
590,595,592.5,0.000338362,0.00169181,24
595,600,597.5,0.000338362,0.00169181,24
600,605,602.5,0.000563936,0.00281968,40
605,610,607.5,0.000479346,0.00239673,34
610,615,612.5,0.000408854,0.00204427,29
615,620,617.5,0.000437051,0.00218525,31
620,625,622.5,0.00035246,0.0017623,25
625,630,627.5,0.000366559,0.00183279,26
630,635,632.5,0.000437051,0.00218525,31
635,640,637.5,0.000451149,0.00225575,32
640,645,642.5,0.000535739,0.0026787,38
645,650,647.5,0.000324263,0.00162132,23
650,655,652.5,0.000437051,0.00218525,31
655,660,657.5,0.00035246,0.0017623,25
660,665,662.5,0.000296067,0.00148033,21
665,670,667.5,0.000324263,0.00162132,23
670,675,672.5,0.00466657,0.0233329,331
675,680,677.5,0.00035246,0.0017623,25
680,685,682.5,0.000281968,0.00140984,20
685,690,687.5,0.000253771,0.00126886,18
690,695,692.5,0.000296067,0.00148033,21
695,700,697.5,0.000281968,0.00140984,20
700,705,702.5,0.000408854,0.00204427,29
705,710,707.5,0.000253771,0.00126886,18
710,715,712.5,0.000281968,0.00140984,20
715,720,717.5,0.00035246,0.0017623,25
720,725,722.5,0.000310165,0.00155082,22
725,730,727.5,0.000394755,0.00197378,28
730,735,732.5,0.000324263,0.00162132,23
735,740,737.5,0.000437051,0.00218525,31
740,745,742.5,0.000437051,0.00218525,31
745,750,747.5,0.000408854,0.00204427,29
750,755,752.5,0.000296067,0.00148033,21
755,760,757.5,0.000493444,0.00246722,35
760,765,762.5,0.000380657,0.00190328,27
765,770,767.5,0.000324263,0.00162132,23
770,775,772.5,0.000493444,0.00246722,35
775,780,777.5,0.000380657,0.00190328,27
780,785,782.5,0.000845904,0.00422952,60
785,790,787.5,0.00035246,0.0017623,25
790,795,792.5,0.000239673,0.00119836,17
795,800,797.5,0.00026787,0.00133935,19
800,805,802.5,0.000239673,0.00119836,17
805,810,807.5,0.000183279,0.000916396,13
810,815,812.5,0.000169181,0.000845904,12
815,820,817.5,0.000225575,0.00112787,16
820,825,822.5,0.000239673,0.00119836,17
825,830,827.5,0.000183279,0.000916396,13
830,835,832.5,0.000281968,0.00140984,20
835,840,837.5,0.000253771,0.00126886,18
840,845,842.5,0.000310165,0.00155082,22
845,850,847.5,0.000225575,0.00112787,16
850,855,852.5,0.000310165,0.00155082,22
855,860,857.5,0.00035246,0.0017623,25
860,865,862.5,0.000296067,0.00148033,21
865,870,867.5,0.000338362,0.00169181,24
870,875,872.5,0.00026787,0.00133935,19
875,880,877.5,0.000197378,0.000986888,14
880,885,882.5,0.00026787,0.00133935,19
885,890,887.5,0.000225575,0.00112787,16
890,895,892.5,0.00070492,0.0035246,50
895,900,897.5,0.000380657,0.00190328,27
900,905,902.5,0.000225575,0.00112787,16
905,910,907.5,0.000183279,0.000916396,13
910,915,912.5,0.000211476,0.00105738,15
915,920,917.5,0.000296067,0.00148033,21
920,925,922.5,0.000281968,0.00140984,20
925,930,927.5,0.000281968,0.00140984,20
930,935,932.5,0.000169181,0.000845904,12
935,940,937.5,0.000211476,0.00105738,15
940,945,942.5,0.000281968,0.00140984,20
945,950,947.5,0.000239673,0.00119836,17
950,955,952.5,0.000338362,0.00169181,24
955,960,957.5,0.000253771,0.00126886,18
960,965,962.5,0.000253771,0.00126886,18
965,970,967.5,0.00026787,0.00133935,19
970,975,972.5,0.000211476,0.00105738,15
975,980,977.5,0.000197378,0.000986888,14
980,985,982.5,0.000578035,0.00289017,41
985,990,987.5,0.000211476,0.00105738,15
990,995,992.5,0.000422952,0.00211476,30
995,1000,997.5,0.00035246,0.0017623,25
1000,1005,1002.5,0.000338362,0.00169181,24
1005,1010,1007.5,0.000281968,0.00140984,20
1010,1015,1012.5,0.000296067,0.00148033,21
1015,1020,1017.5,0.000310165,0.00155082,22
1020,1025,1022.5,0.000296067,0.00148033,21
1025,1030,1027.5,0.000310165,0.00155082,22
1030,1035,1032.5,0.000366559,0.00183279,26
1035,1040,1037.5,0.000380657,0.00190328,27
1040,1045,1042.5,0.000281968,0.00140984,20
1045,1050,1047.5,0.000225575,0.00112787,16
1050,1055,1052.5,0.000310165,0.00155082,22
1055,1060,1057.5,0.000211476,0.00105738,15
1060,1065,1062.5,0.000169181,0.000845904,12
1065,1070,1067.5,0.000380657,0.00190328,27
1070,1075,1072.5,0.000296067,0.00148033,21
1075,1080,1077.5,0.000366559,0.00183279,26
1080,1085,1082.5,0.000253771,0.00126886,18
1085,1090,1087.5,0.000422952,0.00211476,30
1090,1095,1092.5,0.000296067,0.00148033,21
1095,1100,1097.5,0.000310165,0.00155082,22
1100,1105,1102.5,0.000366559,0.00183279,26
1105,1110,1107.5,0.000310165,0.00155082,22
1110,1115,1112.5,0.000338362,0.00169181,24
1115,1120,1117.5,0.000380657,0.00190328,27
1120,1125,1122.5,0.00026787,0.00133935,19
1125,1130,1127.5,0.00026787,0.00133935,19
1130,1135,1132.5,0.00026787,0.00133935,19
1135,1140,1137.5,0.000338362,0.00169181,24
1140,1145,1142.5,0.000183279,0.000916396,13
1145,1150,1147.5,0.000296067,0.00148033,21
1150,1155,1152.5,0.000197378,0.000986888,14
1155,1160,1157.5,0.000422952,0.00211476,30
1160,1165,1162.5,0.00035246,0.0017623,25
1165,1170,1167.5,0.000169181,0.000845904,12
1170,1175,1172.5,0.00026787,0.00133935,19
1175,1180,1177.5,0.000296067,0.00148033,21
1180,1185,1182.5,0.000253771,0.00126886,18
1185,1190,1187.5,0.000310165,0.00155082,22
1190,1195,1192.5,0.000366559,0.00183279,26
1195,1200,1197.5,0.00026787,0.00133935,19
1200,1205,1202.5,0.000394755,0.00197378,28
1205,1210,1207.5,0.000296067,0.00148033,21
1210,1215,1212.5,0.000225575,0.00112787,16
1215,1220,1217.5,0.000324263,0.00162132,23
1220,1225,1222.5,0.000197378,0.000986888,14
1225,1230,1227.5,0.00026787,0.00133935,19
1230,1235,1232.5,0.000225575,0.00112787,16
1235,1240,1237.5,0.000183279,0.000916396,13
1240,1245,1242.5,0.000155082,0.000775412,11
1245,1250,1247.5,0.000239673,0.00119836,17
1250,1255,1252.5,0.000239673,0.00119836,17
1255,1260,1257.5,0.000239673,0.00119836,17
1260,1265,1262.5,0.000225575,0.00112787,16
1265,1270,1267.5,0.00026787,0.00133935,19
1270,1275,1272.5,0.000169181,0.000845904,12
1275,1280,1277.5,0.000169181,0.000845904,12
1280,1285,1282.5,0.000324263,0.00162132,23
1285,1290,1287.5,0.000225575,0.00112787,16
1290,1295,1292.5,0.000225575,0.00112787,16
1295,1300,1297.5,0.000366559,0.00183279,26
1300,1305,1302.5,0.00026787,0.00133935,19
1305,1310,1307.5,0.000253771,0.00126886,18
1310,1315,1312.5,0.000211476,0.00105738,15
1315,1320,1317.5,0.00026787,0.00133935,19
1320,1325,1322.5,0.000211476,0.00105738,15
1325,1330,1327.5,0.000296067,0.00148033,21
1330,1335,1332.5,0.000253771,0.00126886,18
1335,1340,1337.5,0.00026787,0.00133935,19
1340,1345,1342.5,0.000239673,0.00119836,17
1345,1350,1347.5,0.000239673,0.00119836,17
1350,1355,1352.5,0.000126886,0.000634428,9
1355,1360,1357.5,0.000197378,0.000986888,14
1360,1365,1362.5,0.000183279,0.000916396,13
1365,1370,1367.5,0.000324263,0.00162132,23
1370,1375,1372.5,0.000140984,0.00070492,10
1375,1380,1377.5,0.00026787,0.00133935,19
1380,1385,1382.5,0.000324263,0.00162132,23
1385,1390,1387.5,0.000225575,0.00112787,16
1390,1395,1392.5,0.000239673,0.00119836,17
1395,1400,1397.5,0.000253771,0.00126886,18
1400,1405,1402.5,0.000211476,0.00105738,15
1405,1410,1407.5,0.000155082,0.000775412,11
1410,1415,1412.5,0.00035246,0.0017623,25
1415,1420,1417.5,0.000169181,0.000845904,12
1420,1425,1422.5,0.000225575,0.00112787,16
1425,1430,1427.5,0.000197378,0.000986888,14
1430,1435,1432.5,0.000239673,0.00119836,17
1435,1440,1437.5,0.000281968,0.00140984,20
1440,1445,1442.5,0.000197378,0.000986888,14
1445,1450,1447.5,0.000324263,0.00162132,23
1450,1455,1452.5,0.000225575,0.00112787,16
1455,1460,1457.5,0.000253771,0.00126886,18
1460,1465,1462.5,0.000197378,0.000986888,14
1465,1470,1467.5,0.000126886,0.000634428,9
1470,1475,1472.5,0.000281968,0.00140984,20
1475,1480,1477.5,0.000197378,0.000986888,14
1480,1485,1482.5,0.000183279,0.000916396,13
1485,1490,1487.5,0.000140984,0.00070492,10
1490,1495,1492.5,0.000183279,0.000916396,13
1495,1500,1497.5,0.000253771,0.00126886,18
1500,1505,1502.5,0.00026787,0.00133935,19
1505,1510,1507.5,0.000155082,0.000775412,11
1510,1515,1512.5,0.000380657,0.00190328,27
1515,1520,1517.5,0.000225575,0.00112787,16
1520,1525,1522.5,0.000211476,0.00105738,15
1525,1530,1527.5,0.000239673,0.00119836,17
1530,1535,1532.5,0.000253771,0.00126886,18
1535,1540,1537.5,0.000239673,0.00119836,17
1540,1545,1542.5,0.000338362,0.00169181,24
1545,1550,1547.5,0.000183279,0.000916396,13
1550,1555,1552.5,0.000183279,0.000916396,13
1555,1560,1557.5,0.000197378,0.000986888,14
1560,1565,1562.5,0.000239673,0.00119836,17
1565,1570,1567.5,0.000197378,0.000986888,14
1570,1575,1572.5,0.000197378,0.000986888,14
1575,1580,1577.5,0.000169181,0.000845904,12
1580,1585,1582.5,0.000338362,0.00169181,24
1585,1590,1587.5,0.000126886,0.000634428,9
1590,1595,1592.5,0.000169181,0.000845904,12
1595,1600,1597.5,0.000169181,0.000845904,12
1600,1605,1602.5,0.000197378,0.000986888,14
1605,1610,1607.5,0.000155082,0.000775412,11
1610,1615,1612.5,0.000197378,0.000986888,14
1615,1620,1617.5,0.000366559,0.00183279,26
1620,1625,1622.5,0.000225575,0.00112787,16
1625,1630,1627.5,0.000197378,0.000986888,14
1630,1635,1632.5,0.000183279,0.000916396,13
1635,1640,1637.5,0.000225575,0.00112787,16
1640,1645,1642.5,0.000310165,0.00155082,22
1645,1650,1647.5,0.000281968,0.00140984,20
1650,1655,1652.5,0.000183279,0.000916396,13
1655,1660,1657.5,0.000239673,0.00119836,17
1660,1665,1662.5,0.000211476,0.00105738,15
1665,1670,1667.5,0.000169181,0.000845904,12
1670,1675,1672.5,0.000197378,0.000986888,14
1675,1680,1677.5,0.000197378,0.000986888,14
1680,1685,1682.5,0.000155082,0.000775412,11
1685,1690,1687.5,0.000169181,0.000845904,12
1690,1695,1692.5,0.000155082,0.000775412,11
1695,1700,1697.5,0.000239673,0.00119836,17
1700,1705,1702.5,0.000112787,0.000563936,8
1705,1710,1707.5,0.000155082,0.000775412,11
1710,1715,1712.5,0.000197378,0.000986888,14
1715,1720,1717.5,5.63936e-05,0.000281968,4
1720,1725,1722.5,0.000225575,0.00112787,16
1725,1730,1727.5,0.000197378,0.000986888,14
1730,1735,1732.5,0.000140984,0.00070492,10
1735,1740,1737.5,9.86888e-05,0.000493444,7
1740,1745,1742.5,0.000197378,0.000986888,14
1745,1750,1747.5,0.000126886,0.000634428,9
1750,1755,1752.5,0.000225575,0.00112787,16
1755,1760,1757.5,0.000338362,0.00169181,24
1760,1765,1762.5,0.000225575,0.00112787,16
1765,1770,1767.5,8.45904e-05,0.000422952,6
1770,1775,1772.5,0.000211476,0.00105738,15
1775,1780,1777.5,0.000169181,0.000845904,12
1780,1785,1782.5,0.000169181,0.000845904,12
1785,1790,1787.5,0.000197378,0.000986888,14
1790,1795,1792.5,0.000155082,0.000775412,11
1795,1800,1797.5,0.000155082,0.000775412,11
1800,1805,1802.5,0.000126886,0.000634428,9
1805,1810,1807.5,0.000155082,0.000775412,11
1810,1815,1812.5,0.000155082,0.000775412,11
1815,1820,1817.5,0.000197378,0.000986888,14
1820,1825,1822.5,0.000197378,0.000986888,14
1825,1830,1827.5,0.000140984,0.00070492,10
1830,1835,1832.5,0.000155082,0.000775412,11
1835,1840,1837.5,7.0492e-05,0.00035246,5
1840,1845,1842.5,0.000211476,0.00105738,15
1845,1850,1847.5,8.45904e-05,0.000422952,6
1850,1855,1852.5,0.000253771,0.00126886,18
1855,1860,1857.5,0.000169181,0.000845904,12
1860,1865,1862.5,0.000211476,0.00105738,15
1865,1870,1867.5,0.000169181,0.000845904,12
1870,1875,1872.5,0.000239673,0.00119836,17
1875,1880,1877.5,0.000126886,0.000634428,9
1880,1885,1882.5,0.000140984,0.00070492,10
1885,1890,1887.5,0.000211476,0.00105738,15
1890,1895,1892.5,0.000183279,0.000916396,13
1895,1900,1897.5,0.00035246,0.0017623,25
1900,1905,1902.5,0.000169181,0.000845904,12
1905,1910,1907.5,0.000197378,0.000986888,14
1910,1915,1912.5,0.000253771,0.00126886,18
1915,1920,1917.5,0.000155082,0.000775412,11
1920,1925,1922.5,0.000324263,0.00162132,23
1925,1930,1927.5,0.000140984,0.00070492,10
1930,1935,1932.5,0.000126886,0.000634428,9
1935,1940,1937.5,0.000155082,0.000775412,11
1940,1945,1942.5,0.000112787,0.000563936,8
1945,1950,1947.5,0.000140984,0.00070492,10
1950,1955,1952.5,0.000126886,0.000634428,9
1955,1960,1957.5,0.000183279,0.000916396,13
1960,1965,1962.5,0.000126886,0.000634428,9
1965,1970,1967.5,0.000112787,0.000563936,8
1970,1975,1972.5,0.000281968,0.00140984,20
1975,1980,1977.5,0.000169181,0.000845904,12
1980,1985,1982.5,0.000140984,0.00070492,10
1985,1990,1987.5,0.000140984,0.00070492,10
1990,1995,1992.5,0.000155082,0.000775412,11
1995,2000,1997.5,0.000140984,0.00070492,10
2000,2005,2002.5,0.000126886,0.000634428,9
2005,2010,2007.5,0.000239673,0.00119836,17
2010,2015,2012.5,0.000126886,0.000634428,9
2015,2020,2017.5,0.000281968,0.00140984,20
2020,2025,2022.5,8.45904e-05,0.000422952,6
2025,2030,2027.5,0.00026787,0.00133935,19
2030,2035,2032.5,0.000112787,0.000563936,8
2035,2040,2037.5,0.000197378,0.000986888,14
2040,2045,2042.5,0.00026787,0.00133935,19
2045,2050,2047.5,0.000112787,0.000563936,8
2050,2055,2052.5,0.000183279,0.000916396,13
2055,2060,2057.5,0.000126886,0.000634428,9
2060,2065,2062.5,0.000197378,0.000986888,14
2065,2070,2067.5,0.000169181,0.000845904,12
2070,2075,2072.5,0.000211476,0.00105738,15
2075,2080,2077.5,9.86888e-05,0.000493444,7
2080,2085,2082.5,0.000211476,0.00105738,15
2085,2090,2087.5,0.000140984,0.00070492,10
2090,2095,2092.5,0.000169181,0.000845904,12
2095,2100,2097.5,0.000155082,0.000775412,11
2100,2105,2102.5,0.000239673,0.00119836,17
2105,2110,2107.5,0.00026787,0.00133935,19
2110,2115,2112.5,9.86888e-05,0.000493444,7
2115,2120,2117.5,8.45904e-05,0.000422952,6
2120,2125,2122.5,0.000112787,0.000563936,8
2125,2130,2127.5,0.000155082,0.000775412,11
2130,2135,2132.5,0.000126886,0.000634428,9
2135,2140,2137.5,0.000183279,0.000916396,13
2140,2145,2142.5,0.000140984,0.00070492,10
2145,2150,2147.5,0.000140984,0.00070492,10
2150,2155,2152.5,0.000140984,0.00070492,10
2155,2160,2157.5,0.000183279,0.000916396,13
2160,2165,2162.5,0.000112787,0.000563936,8
2165,2170,2167.5,0.000112787,0.000563936,8
2170,2175,2172.5,0.000183279,0.000916396,13
2175,2180,2177.5,0.000126886,0.000634428,9
2180,2185,2182.5,0.000169181,0.000845904,12
2185,2190,2187.5,0.000183279,0.000916396,13
2190,2195,2192.5,7.0492e-05,0.00035246,5
2195,2200,2197.5,0.000112787,0.000563936,8
2200,2205,2202.5,0.000126886,0.000634428,9
2205,2210,2207.5,0.000140984,0.00070492,10
2210,2215,2212.5,0.000155082,0.000775412,11
2215,2220,2217.5,0.000183279,0.000916396,13
2220,2225,2222.5,0.000140984,0.00070492,10
2225,2230,2227.5,0.000183279,0.000916396,13
2230,2235,2232.5,7.0492e-05,0.00035246,5
2235,2240,2237.5,9.86888e-05,0.000493444,7
2240,2245,2242.5,7.0492e-05,0.00035246,5
2245,2250,2247.5,0.000140984,0.00070492,10
2250,2255,2252.5,0.000126886,0.000634428,9
2255,2260,2257.5,8.45904e-05,0.000422952,6
2260,2265,2262.5,0.000155082,0.000775412,11
2265,2270,2267.5,0.000155082,0.000775412,11
2270,2275,2272.5,8.45904e-05,0.000422952,6
2275,2280,2277.5,9.86888e-05,0.000493444,7
2280,2285,2282.5,5.63936e-05,0.000281968,4
2285,2290,2287.5,0.000169181,0.000845904,12
2290,2295,2292.5,9.86888e-05,0.000493444,7
2295,2300,2297.5,0.000183279,0.000916396,13
2300,2305,2302.5,0.000140984,0.00070492,10
2305,2310,2307.5,9.86888e-05,0.000493444,7
2310,2315,2312.5,0.000155082,0.000775412,11
2315,2320,2317.5,0.000155082,0.000775412,11
2320,2325,2322.5,0.000183279,0.000916396,13
2325,2330,2327.5,0.000169181,0.000845904,12
2330,2335,2332.5,0.000140984,0.00070492,10
2335,2340,2337.5,0.000183279,0.000916396,13
2340,2345,2342.5,5.63936e-05,0.000281968,4
2345,2350,2347.5,0.000155082,0.000775412,11
2350,2355,2352.5,0.000197378,0.000986888,14
2355,2360,2357.5,9.86888e-05,0.000493444,7
2360,2365,2362.5,0.000126886,0.000634428,9
2365,2370,2367.5,0.000126886,0.000634428,9
2370,2375,2372.5,0.000169181,0.000845904,12
2375,2380,2377.5,0.000155082,0.000775412,11
2380,2385,2382.5,4.22952e-05,0.000211476,3
2385,2390,2387.5,0.000112787,0.000563936,8
2390,2395,2392.5,2.81968e-05,0.000140984,2
2395,2400,2397.5,0.000112787,0.000563936,8
2400,2405,2402.5,0.000183279,0.000916396,13
2405,2410,2407.5,7.0492e-05,0.00035246,5
2410,2415,2412.5,0.000126886,0.000634428,9
2415,2420,2417.5,8.45904e-05,0.000422952,6
2420,2425,2422.5,9.86888e-05,0.000493444,7
2425,2430,2427.5,0.000140984,0.00070492,10
2430,2435,2432.5,5.63936e-05,0.000281968,4
2435,2440,2437.5,0.000155082,0.000775412,11
2440,2445,2442.5,9.86888e-05,0.000493444,7
2445,2450,2447.5,0.000183279,0.000916396,13
2450,2455,2452.5,0.000140984,0.00070492,10
2455,2460,2457.5,0.000197378,0.000986888,14
2460,2465,2462.5,9.86888e-05,0.000493444,7
2465,2470,2467.5,8.45904e-05,0.000422952,6
2470,2475,2472.5,0.000183279,0.000916396,13
2475,2480,2477.5,0.000155082,0.000775412,11
2480,2485,2482.5,0.000126886,0.000634428,9
2485,2490,2487.5,0.000225575,0.00112787,16
2490,2495,2492.5,4.22952e-05,0.000211476,3
2495,2500,2497.5,0.000112787,0.000563936,8
2500,2505,2502.5,0.000183279,0.000916396,13
2505,2510,2507.5,0.000225575,0.00112787,16
2510,2515,2512.5,0.000155082,0.000775412,11
2515,2520,2517.5,0.000126886,0.000634428,9
2520,2525,2522.5,8.45904e-05,0.000422952,6
2525,2530,2527.5,7.0492e-05,0.00035246,5
2530,2535,2532.5,7.0492e-05,0.00035246,5
2535,2540,2537.5,0.000140984,0.00070492,10
2540,2545,2542.5,0.000126886,0.000634428,9
2545,2550,2547.5,0.000225575,0.00112787,16
2550,2555,2552.5,0.000126886,0.000634428,9
2555,2560,2557.5,5.63936e-05,0.000281968,4
2560,2565,2562.5,0.000112787,0.000563936,8
2565,2570,2567.5,0.000140984,0.00070492,10
2570,2575,2572.5,0.000155082,0.000775412,11
2575,2580,2577.5,0.000140984,0.00070492,10
2580,2585,2582.5,0.000155082,0.000775412,11
2585,2590,2587.5,0.000169181,0.000845904,12
2590,2595,2592.5,0.000155082,0.000775412,11
2595,2600,2597.5,0.000169181,0.000845904,12
2600,2605,2602.5,0.000140984,0.00070492,10
2605,2610,2607.5,8.45904e-05,0.000422952,6
2610,2615,2612.5,0.000155082,0.000775412,11
2615,2620,2617.5,0.000169181,0.000845904,12
2620,2625,2622.5,9.86888e-05,0.000493444,7
2625,2630,2627.5,0.000155082,0.000775412,11
2630,2635,2632.5,0.000112787,0.000563936,8
2635,2640,2637.5,8.45904e-05,0.000422952,6
2640,2645,2642.5,0.000140984,0.00070492,10
2645,2650,2647.5,0.000112787,0.000563936,8
2650,2655,2652.5,0.000211476,0.00105738,15
2655,2660,2657.5,0.000126886,0.000634428,9
2660,2665,2662.5,8.45904e-05,0.000422952,6
2665,2670,2667.5,8.45904e-05,0.000422952,6
2670,2675,2672.5,0.000126886,0.000634428,9
2675,2680,2677.5,7.0492e-05,0.00035246,5
2680,2685,2682.5,9.86888e-05,0.000493444,7
2685,2690,2687.5,0.000140984,0.00070492,10
2690,2695,2692.5,0.000112787,0.000563936,8
2695,2700,2697.5,0.000112787,0.000563936,8
2700,2705,2702.5,0.000140984,0.00070492,10
2705,2710,2707.5,8.45904e-05,0.000422952,6
2710,2715,2712.5,9.86888e-05,0.000493444,7
2715,2720,2717.5,0.000197378,0.000986888,14
2720,2725,2722.5,9.86888e-05,0.000493444,7
2725,2730,2727.5,5.63936e-05,0.000281968,4
2730,2735,2732.5,9.86888e-05,0.000493444,7
2735,2740,2737.5,9.86888e-05,0.000493444,7
2740,2745,2742.5,0.000126886,0.000634428,9
2745,2750,2747.5,5.63936e-05,0.000281968,4
2750,2755,2752.5,0.000126886,0.000634428,9
2755,2760,2757.5,0.000183279,0.000916396,13
2760,2765,2762.5,0.000155082,0.000775412,11
2765,2770,2767.5,9.86888e-05,0.000493444,7
2770,2775,2772.5,0.000169181,0.000845904,12
2775,2780,2777.5,8.45904e-05,0.000422952,6
2780,2785,2782.5,0.000169181,0.000845904,12
2785,2790,2787.5,9.86888e-05,0.000493444,7
2790,2795,2792.5,8.45904e-05,0.000422952,6
2795,2800,2797.5,0.000155082,0.000775412,11
2800,2805,2802.5,0.000140984,0.00070492,10
2805,2810,2807.5,9.86888e-05,0.000493444,7
2810,2815,2812.5,0.000169181,0.000845904,12
2815,2820,2817.5,0.000155082,0.000775412,11
2820,2825,2822.5,8.45904e-05,0.000422952,6
2825,2830,2827.5,0.000112787,0.000563936,8
2830,2835,2832.5,7.0492e-05,0.00035246,5
2835,2840,2837.5,0.000169181,0.000845904,12
2840,2845,2842.5,0.000140984,0.00070492,10
2845,2850,2847.5,9.86888e-05,0.000493444,7
2850,2855,2852.5,0.000155082,0.000775412,11
2855,2860,2857.5,8.45904e-05,0.000422952,6
2860,2865,2862.5,0.000155082,0.000775412,11
2865,2870,2867.5,9.86888e-05,0.000493444,7
2870,2875,2872.5,8.45904e-05,0.000422952,6
2875,2880,2877.5,0.000112787,0.000563936,8
2880,2885,2882.5,0.000169181,0.000845904,12
2885,2890,2887.5,0.000112787,0.000563936,8
2890,2895,2892.5,7.0492e-05,0.00035246,5
2895,2900,2897.5,9.86888e-05,0.000493444,7
2900,2905,2902.5,0.000112787,0.000563936,8
2905,2910,2907.5,8.45904e-05,0.000422952,6
2910,2915,2912.5,0.000126886,0.000634428,9
2915,2920,2917.5,0.000126886,0.000634428,9
2920,2925,2922.5,0.000112787,0.000563936,8
2925,2930,2927.5,0.000197378,0.000986888,14
2930,2935,2932.5,0.000155082,0.000775412,11
2935,2940,2937.5,9.86888e-05,0.000493444,7
2940,2945,2942.5,9.86888e-05,0.000493444,7
2945,2950,2947.5,8.45904e-05,0.000422952,6
2950,2955,2952.5,0.000112787,0.000563936,8
2955,2960,2957.5,8.45904e-05,0.000422952,6
2960,2965,2962.5,9.86888e-05,0.000493444,7
2965,2970,2967.5,0.000155082,0.000775412,11
2970,2975,2972.5,0.000183279,0.000916396,13
2975,2980,2977.5,8.45904e-05,0.000422952,6
2980,2985,2982.5,0.000197378,0.000986888,14
2985,2990,2987.5,5.63936e-05,0.000281968,4
2990,2995,2992.5,8.45904e-05,0.000422952,6
2995,3000,2997.5,8.45904e-05,0.000422952,6
3000,3005,3002.5,0.000112787,0.000563936,8
3005,3010,3007.5,0.000155082,0.000775412,11
3010,3015,3012.5,5.63936e-05,0.000281968,4
3015,3020,3017.5,0.000112787,0.000563936,8
3020,3025,3022.5,8.45904e-05,0.000422952,6
3025,3030,3027.5,0.000155082,0.000775412,11
3030,3035,3032.5,9.86888e-05,0.000493444,7
3035,3040,3037.5,5.63936e-05,0.000281968,4
3040,3045,3042.5,5.63936e-05,0.000281968,4
3045,3050,3047.5,7.0492e-05,0.00035246,5
3050,3055,3052.5,8.45904e-05,0.000422952,6
3055,3060,3057.5,9.86888e-05,0.000493444,7
3060,3065,3062.5,8.45904e-05,0.000422952,6
3065,3070,3067.5,0.000126886,0.000634428,9
3070,3075,3072.5,0.000112787,0.000563936,8
3075,3080,3077.5,0.000112787,0.000563936,8
3080,3085,3082.5,0.000169181,0.000845904,12
3085,3090,3087.5,5.63936e-05,0.000281968,4
3090,3095,3092.5,9.86888e-05,0.000493444,7
3095,3100,3097.5,8.45904e-05,0.000422952,6
3100,3105,3102.5,0.000112787,0.000563936,8
3105,3110,3107.5,9.86888e-05,0.000493444,7
3110,3115,3112.5,0.000169181,0.000845904,12
3115,3120,3117.5,0.000140984,0.00070492,10
3120,3125,3122.5,0.000112787,0.000563936,8
3125,3130,3127.5,0.000155082,0.000775412,11
3130,3135,3132.5,2.81968e-05,0.000140984,2
3135,3140,3137.5,0.000140984,0.00070492,10
3140,3145,3142.5,9.86888e-05,0.000493444,7
3145,3150,3147.5,0.000140984,0.00070492,10
3150,3155,3152.5,0.000126886,0.000634428,9
3155,3160,3157.5,9.86888e-05,0.000493444,7
3160,3165,3162.5,9.86888e-05,0.000493444,7
3165,3170,3167.5,9.86888e-05,0.000493444,7
3170,3175,3172.5,9.86888e-05,0.000493444,7
3175,3180,3177.5,0.000140984,0.00070492,10
3180,3185,3182.5,0.000126886,0.000634428,9
3185,3190,3187.5,0.000126886,0.000634428,9
3190,3195,3192.5,7.0492e-05,0.00035246,5
3195,3200,3197.5,0.000112787,0.000563936,8
3200,3205,3202.5,0.000140984,0.00070492,10
3205,3210,3207.5,0.000183279,0.000916396,13
3210,3215,3212.5,5.63936e-05,0.000281968,4
3215,3220,3217.5,0.000126886,0.000634428,9
3220,3225,3222.5,0.000112787,0.000563936,8
3225,3230,3227.5,0.000112787,0.000563936,8
3230,3235,3232.5,7.0492e-05,0.00035246,5
3235,3240,3237.5,8.45904e-05,0.000422952,6
3240,3245,3242.5,0.000169181,0.000845904,12
3245,3250,3247.5,0.000155082,0.000775412,11
3250,3255,3252.5,0.000140984,0.00070492,10
3255,3260,3257.5,7.0492e-05,0.00035246,5
3260,3265,3262.5,7.0492e-05,0.00035246,5
3265,3270,3267.5,2.81968e-05,0.000140984,2
3270,3275,3272.5,7.0492e-05,0.00035246,5
3275,3280,3277.5,8.45904e-05,0.000422952,6
3280,3285,3282.5,0.000126886,0.000634428,9
3285,3290,3287.5,2.81968e-05,0.000140984,2
3290,3295,3292.5,0.000112787,0.000563936,8
3295,3300,3297.5,0.000140984,0.00070492,10
3300,3305,3302.5,9.86888e-05,0.000493444,7
3305,3310,3307.5,0.000126886,0.000634428,9
3310,3315,3312.5,9.86888e-05,0.000493444,7
3315,3320,3317.5,5.63936e-05,0.000281968,4
3320,3325,3322.5,0.000112787,0.000563936,8
3325,3330,3327.5,0.000126886,0.000634428,9
3330,3335,3332.5,7.0492e-05,0.00035246,5
3335,3340,3337.5,0.000112787,0.000563936,8
3340,3345,3342.5,0.000126886,0.000634428,9
3345,3350,3347.5,9.86888e-05,0.000493444,7
3350,3355,3352.5,7.0492e-05,0.00035246,5
3355,3360,3357.5,0.000140984,0.00070492,10
3360,3365,3362.5,8.45904e-05,0.000422952,6
3365,3370,3367.5,7.0492e-05,0.00035246,5
3370,3375,3372.5,8.45904e-05,0.000422952,6
3375,3380,3377.5,9.86888e-05,0.000493444,7
3380,3385,3382.5,8.45904e-05,0.000422952,6
3385,3390,3387.5,0.000155082,0.000775412,11
3390,3395,3392.5,7.0492e-05,0.00035246,5
3395,3400,3397.5,7.0492e-05,0.00035246,5
3400,3405,3402.5,0.000112787,0.000563936,8
3405,3410,3407.5,0.000155082,0.000775412,11
3410,3415,3412.5,8.45904e-05,0.000422952,6
3415,3420,3417.5,0.000155082,0.000775412,11
3420,3425,3422.5,0.000155082,0.000775412,11
3425,3430,3427.5,9.86888e-05,0.000493444,7
3430,3435,3432.5,0.000112787,0.000563936,8
3435,3440,3437.5,8.45904e-05,0.000422952,6
3440,3445,3442.5,0.000140984,0.00070492,10
3445,3450,3447.5,9.86888e-05,0.000493444,7
3450,3455,3452.5,5.63936e-05,0.000281968,4
3455,3460,3457.5,9.86888e-05,0.000493444,7
3460,3465,3462.5,5.63936e-05,0.000281968,4
3465,3470,3467.5,0.000155082,0.000775412,11
3470,3475,3472.5,0.000140984,0.00070492,10
3475,3480,3477.5,0.000126886,0.000634428,9
3480,3485,3482.5,8.45904e-05,0.000422952,6
3485,3490,3487.5,9.86888e-05,0.000493444,7
3490,3495,3492.5,8.45904e-05,0.000422952,6
3495,3500,3497.5,0.000169181,0.000845904,12
3500,3505,3502.5,0.000126886,0.000634428,9
3505,3510,3507.5,0.000126886,0.000634428,9
3510,3515,3512.5,0.000112787,0.000563936,8
3515,3520,3517.5,8.45904e-05,0.000422952,6
3520,3525,3522.5,7.0492e-05,0.00035246,5
3525,3530,3527.5,9.86888e-05,0.000493444,7
3530,3535,3532.5,7.0492e-05,0.00035246,5
3535,3540,3537.5,0.000211476,0.00105738,15
3540,3545,3542.5,0.000169181,0.000845904,12
3545,3550,3547.5,0.000126886,0.000634428,9
3550,3555,3552.5,0.000126886,0.000634428,9
3555,3560,3557.5,9.86888e-05,0.000493444,7
3560,3565,3562.5,2.81968e-05,0.000140984,2
3565,3570,3567.5,4.22952e-05,0.000211476,3
3570,3575,3572.5,7.0492e-05,0.00035246,5
3575,3580,3577.5,0.000112787,0.000563936,8
3580,3585,3582.5,4.22952e-05,0.000211476,3
3585,3590,3587.5,0.000112787,0.000563936,8
3590,3595,3592.5,0.000126886,0.000634428,9
3595,3600,3597.5,9.86888e-05,0.000493444,7
3600,3605,3602.5,0.000169181,0.000845904,12
3605,3610,3607.5,0.000155082,0.000775412,11
3610,3615,3612.5,0.000126886,0.000634428,9
3615,3620,3617.5,9.86888e-05,0.000493444,7
3620,3625,3622.5,0.000140984,0.00070492,10
3625,3630,3627.5,0.000112787,0.000563936,8
3630,3635,3632.5,0.000140984,0.00070492,10
3635,3640,3637.5,0.000126886,0.000634428,9
3640,3645,3642.5,0.000112787,0.000563936,8
3645,3650,3647.5,7.0492e-05,0.00035246,5
3650,3655,3652.5,0.000112787,0.000563936,8
3655,3660,3657.5,9.86888e-05,0.000493444,7
3660,3665,3662.5,7.0492e-05,0.00035246,5
3665,3670,3667.5,8.45904e-05,0.000422952,6
3670,3675,3672.5,7.0492e-05,0.00035246,5
3675,3680,3677.5,8.45904e-05,0.000422952,6
3680,3685,3682.5,8.45904e-05,0.000422952,6
3685,3690,3687.5,9.86888e-05,0.000493444,7
3690,3695,3692.5,0.000112787,0.000563936,8
3695,3700,3697.5,0.000183279,0.000916396,13
3700,3705,3702.5,7.0492e-05,0.00035246,5
3705,3710,3707.5,0.000112787,0.000563936,8
3710,3715,3712.5,9.86888e-05,0.000493444,7
3715,3720,3717.5,0.000126886,0.000634428,9
3720,3725,3722.5,0.000155082,0.000775412,11
3725,3730,3727.5,4.22952e-05,0.000211476,3
3730,3735,3732.5,7.0492e-05,0.00035246,5
3735,3740,3737.5,9.86888e-05,0.000493444,7
3740,3745,3742.5,9.86888e-05,0.000493444,7
3745,3750,3747.5,0.000126886,0.000634428,9
3750,3755,3752.5,8.45904e-05,0.000422952,6
3755,3760,3757.5,8.45904e-05,0.000422952,6
3760,3765,3762.5,9.86888e-05,0.000493444,7
3765,3770,3767.5,9.86888e-05,0.000493444,7
3770,3775,3772.5,0.000140984,0.00070492,10
3775,3780,3777.5,0.000126886,0.000634428,9
3780,3785,3782.5,7.0492e-05,0.00035246,5
3785,3790,3787.5,0.000155082,0.000775412,11
3790,3795,3792.5,5.63936e-05,0.000281968,4
3795,3800,3797.5,0.000112787,0.000563936,8
3800,3805,3802.5,0.000155082,0.000775412,11
3805,3810,3807.5,7.0492e-05,0.00035246,5
3810,3815,3812.5,9.86888e-05,0.000493444,7
3815,3820,3817.5,8.45904e-05,0.000422952,6
3820,3825,3822.5,0.000126886,0.000634428,9
3825,3830,3827.5,0.000112787,0.000563936,8
3830,3835,3832.5,8.45904e-05,0.000422952,6
3835,3840,3837.5,8.45904e-05,0.000422952,6
3840,3845,3842.5,4.22952e-05,0.000211476,3
3845,3850,3847.5,0.000112787,0.000563936,8
3850,3855,3852.5,0.000140984,0.00070492,10
3855,3860,3857.5,0.000126886,0.000634428,9
3860,3865,3862.5,0.000126886,0.000634428,9
3865,3870,3867.5,0.000126886,0.000634428,9
3870,3875,3872.5,0.000155082,0.000775412,11
3875,3880,3877.5,0.000112787,0.000563936,8
3880,3885,3882.5,5.63936e-05,0.000281968,4
3885,3890,3887.5,0.000112787,0.000563936,8
3890,3895,3892.5,0.000112787,0.000563936,8
3895,3900,3897.5,0.000112787,0.000563936,8
3900,3905,3902.5,0.000112787,0.000563936,8
3905,3910,3907.5,0.000140984,0.00070492,10
3910,3915,3912.5,8.45904e-05,0.000422952,6
3915,3920,3917.5,5.63936e-05,0.000281968,4
3920,3925,3922.5,9.86888e-05,0.000493444,7
3925,3930,3927.5,9.86888e-05,0.000493444,7
3930,3935,3932.5,0.000126886,0.000634428,9
3935,3940,3937.5,8.45904e-05,0.000422952,6
3940,3945,3942.5,0.000126886,0.000634428,9
3945,3950,3947.5,0.000140984,0.00070492,10
3950,3955,3952.5,8.45904e-05,0.000422952,6
3955,3960,3957.5,0.000140984,0.00070492,10
3960,3965,3962.5,9.86888e-05,0.000493444,7
3965,3970,3967.5,8.45904e-05,0.000422952,6
3970,3975,3972.5,9.86888e-05,0.000493444,7
3975,3980,3977.5,7.0492e-05,0.00035246,5
3980,3985,3982.5,0.000126886,0.000634428,9
3985,3990,3987.5,2.81968e-05,0.000140984,2
3990,3995,3992.5,0.000183279,0.000916396,13
3995,4000,3997.5,0.000155082,0.000775412,11
4000,4005,4002.5,9.86888e-05,0.000493444,7
4005,4010,4007.5,0.000211476,0.00105738,15
4010,4015,4012.5,5.63936e-05,0.000281968,4
4015,4020,4017.5,9.86888e-05,0.000493444,7
4020,4025,4022.5,0.000112787,0.000563936,8
4025,4030,4027.5,4.22952e-05,0.000211476,3
4030,4035,4032.5,8.45904e-05,0.000422952,6
4035,4040,4037.5,7.0492e-05,0.00035246,5
4040,4045,4042.5,0.000112787,0.000563936,8
4045,4050,4047.5,0.000112787,0.000563936,8
4050,4055,4052.5,0.000112787,0.000563936,8
4055,4060,4057.5,9.86888e-05,0.000493444,7
4060,4065,4062.5,0.000140984,0.00070492,10
4065,4070,4067.5,0.000140984,0.00070492,10
4070,4075,4072.5,9.86888e-05,0.000493444,7
4075,4080,4077.5,0.000140984,0.00070492,10
4080,4085,4082.5,5.63936e-05,0.000281968,4
4085,4090,4087.5,0.000126886,0.000634428,9
4090,4095,4092.5,0.000140984,0.00070492,10
4095,4100,4097.5,4.22952e-05,0.000211476,3
4100,4105,4102.5,9.86888e-05,0.000493444,7
4105,4110,4107.5,0.000112787,0.000563936,8
4110,4115,4112.5,0.000112787,0.000563936,8
4115,4120,4117.5,0.000169181,0.000845904,12
4120,4125,4122.5,0.000126886,0.000634428,9
4125,4130,4127.5,0.000112787,0.000563936,8
4130,4135,4132.5,7.0492e-05,0.00035246,5
4135,4140,4137.5,0.000112787,0.000563936,8
4140,4145,4142.5,7.0492e-05,0.00035246,5
4145,4150,4147.5,4.22952e-05,0.000211476,3
4150,4155,4152.5,9.86888e-05,0.000493444,7
4155,4160,4157.5,8.45904e-05,0.000422952,6
4160,4165,4162.5,9.86888e-05,0.000493444,7
4165,4170,4167.5,7.0492e-05,0.00035246,5
4170,4175,4172.5,2.81968e-05,0.000140984,2
4175,4180,4177.5,0.000140984,0.00070492,10
4180,4185,4182.5,4.22952e-05,0.000211476,3
4185,4190,4187.5,7.0492e-05,0.00035246,5
4190,4195,4192.5,4.22952e-05,0.000211476,3
4195,4200,4197.5,9.86888e-05,0.000493444,7
4200,4205,4202.5,0.000112787,0.000563936,8
4205,4210,4207.5,0.000112787,0.000563936,8
4210,4215,4212.5,0.000112787,0.000563936,8
4215,4220,4217.5,0.000155082,0.000775412,11
4220,4225,4222.5,8.45904e-05,0.000422952,6
4225,4230,4227.5,7.0492e-05,0.00035246,5
4230,4235,4232.5,7.0492e-05,0.00035246,5
4235,4240,4237.5,7.0492e-05,0.00035246,5
4240,4245,4242.5,8.45904e-05,0.000422952,6
4245,4250,4247.5,8.45904e-05,0.000422952,6
4250,4255,4252.5,5.63936e-05,0.000281968,4
4255,4260,4257.5,9.86888e-05,0.000493444,7
4260,4265,4262.5,9.86888e-05,0.000493444,7
4265,4270,4267.5,0.000126886,0.000634428,9
4270,4275,4272.5,9.86888e-05,0.000493444,7
4275,4280,4277.5,5.63936e-05,0.000281968,4
4280,4285,4282.5,7.0492e-05,0.00035246,5
4285,4290,4287.5,2.81968e-05,0.000140984,2
4290,4295,4292.5,4.22952e-05,0.000211476,3
4295,4300,4297.5,0.000112787,0.000563936,8
4300,4305,4302.5,5.63936e-05,0.000281968,4
4305,4310,4307.5,9.86888e-05,0.000493444,7
4310,4315,4312.5,0.000112787,0.000563936,8
4315,4320,4317.5,0.000140984,0.00070492,10
4320,4325,4322.5,9.86888e-05,0.000493444,7
4325,4330,4327.5,0.000140984,0.00070492,10
4330,4335,4332.5,7.0492e-05,0.00035246,5
4335,4340,4337.5,5.63936e-05,0.000281968,4
4340,4345,4342.5,7.0492e-05,0.00035246,5
4345,4350,4347.5,2.81968e-05,0.000140984,2
4350,4355,4352.5,1.40984e-05,7.0492e-05,1
4355,4360,4357.5,2.81968e-05,0.000140984,2
4360,4365,4362.5,2.81968e-05,0.000140984,2
4365,4370,4367.5,7.0492e-05,0.00035246,5
4370,4375,4372.5,1.40984e-05,7.0492e-05,1
4375,4380,4377.5,5.63936e-05,0.000281968,4
4380,4385,4382.5,4.22952e-05,0.000211476,3
4385,4390,4387.5,4.22952e-05,0.000211476,3
4390,4395,4392.5,5.63936e-05,0.000281968,4
4395,4400,4397.5,4.22952e-05,0.000211476,3
4400,4405,4402.5,2.81968e-05,0.000140984,2
4405,4410,4407.5,1.40984e-05,7.0492e-05,1
4410,4415,4412.5,4.22952e-05,0.000211476,3
4415,4420,4417.5,4.22952e-05,0.000211476,3
4420,4425,4422.5,5.63936e-05,0.000281968,4
4425,4430,4427.5,5.63936e-05,0.000281968,4
4430,4435,4432.5,2.81968e-05,0.000140984,2
4435,4440,4437.5,1.40984e-05,7.0492e-05,1
4440,4445,4442.5,2.81968e-05,0.000140984,2
4445,4450,4447.5,7.0492e-05,0.00035246,5
4450,4455,4452.5,4.22952e-05,0.000211476,3
4455,4460,4457.5,2.81968e-05,0.000140984,2
4460,4465,4462.5,4.22952e-05,0.000211476,3
4465,4470,4467.5,5.63936e-05,0.000281968,4
4470,4475,4472.5,2.81968e-05,0.000140984,2
4475,4480,4477.5,7.0492e-05,0.00035246,5
4480,4485,4482.5,2.81968e-05,0.000140984,2
4485,4490,4487.5,5.63936e-05,0.000281968,4
4490,4495,4492.5,2.81968e-05,0.000140984,2
4495,4500,4497.5,4.22952e-05,0.000211476,3
4500,4505,4502.5,4.22952e-05,0.000211476,3
4505,4510,4507.5,4.22952e-05,0.000211476,3
4510,4515,4512.5,7.0492e-05,0.00035246,5
4515,4520,4517.5,2.81968e-05,0.000140984,2
4520,4525,4522.5,5.63936e-05,0.000281968,4
4525,4530,4527.5,7.0492e-05,0.00035246,5
4530,4535,4532.5,2.81968e-05,0.000140984,2
4540,4545,4542.5,2.81968e-05,0.000140984,2
4545,4550,4547.5,5.63936e-05,0.000281968,4
4550,4555,4552.5,2.81968e-05,0.000140984,2
4555,4560,4557.5,4.22952e-05,0.000211476,3
4560,4565,4562.5,5.63936e-05,0.000281968,4
4575,4580,4577.5,8.45904e-05,0.000422952,6
4580,4585,4582.5,1.40984e-05,7.0492e-05,1
4585,4590,4587.5,2.81968e-05,0.000140984,2
4595,4600,4597.5,4.22952e-05,0.000211476,3
4600,4605,4602.5,1.40984e-05,7.0492e-05,1
4605,4610,4607.5,2.81968e-05,0.000140984,2
4610,4615,4612.5,4.22952e-05,0.000211476,3
4615,4620,4617.5,7.0492e-05,0.00035246,5
4620,4625,4622.5,2.81968e-05,0.000140984,2
4625,4630,4627.5,2.81968e-05,0.000140984,2
4630,4635,4632.5,1.40984e-05,7.0492e-05,1
4635,4640,4637.5,1.40984e-05,7.0492e-05,1
4640,4645,4642.5,8.45904e-05,0.000422952,6
4645,4650,4647.5,2.81968e-05,0.000140984,2
4650,4655,4652.5,2.81968e-05,0.000140984,2
4655,4660,4657.5,1.40984e-05,7.0492e-05,1
4665,4670,4667.5,1.40984e-05,7.0492e-05,1
4670,4675,4672.5,1.40984e-05,7.0492e-05,1
4675,4680,4677.5,4.22952e-05,0.000211476,3
4680,4685,4682.5,1.40984e-05,7.0492e-05,1
4685,4690,4687.5,1.40984e-05,7.0492e-05,1
4690,4695,4692.5,1.40984e-05,7.0492e-05,1
4695,4700,4697.5,1.40984e-05,7.0492e-05,1
4700,4705,4702.5,2.81968e-05,0.000140984,2
4705,4710,4707.5,4.22952e-05,0.000211476,3
4710,4715,4712.5,1.40984e-05,7.0492e-05,1
4715,4720,4717.5,4.22952e-05,0.000211476,3
4720,4725,4722.5,4.22952e-05,0.000211476,3
4730,4735,4732.5,2.81968e-05,0.000140984,2
4735,4740,4737.5,4.22952e-05,0.000211476,3
4740,4745,4742.5,1.40984e-05,7.0492e-05,1
4745,4750,4747.5,1.40984e-05,7.0492e-05,1
4750,4755,4752.5,5.63936e-05,0.000281968,4
4760,4765,4762.5,4.22952e-05,0.000211476,3
4770,4775,4772.5,1.40984e-05,7.0492e-05,1
4775,4780,4777.5,2.81968e-05,0.000140984,2
4785,4790,4787.5,4.22952e-05,0.000211476,3
4790,4795,4792.5,1.40984e-05,7.0492e-05,1
4795,4800,4797.5,4.22952e-05,0.000211476,3
4800,4805,4802.5,4.22952e-05,0.000211476,3
4805,4810,4807.5,1.40984e-05,7.0492e-05,1
4810,4815,4812.5,2.81968e-05,0.000140984,2
4815,4820,4817.5,1.40984e-05,7.0492e-05,1
4820,4825,4822.5,4.22952e-05,0.000211476,3
4825,4830,4827.5,1.40984e-05,7.0492e-05,1
4830,4835,4832.5,1.40984e-05,7.0492e-05,1
4835,4840,4837.5,4.22952e-05,0.000211476,3
4840,4845,4842.5,2.81968e-05,0.000140984,2
4845,4850,4847.5,2.81968e-05,0.000140984,2
4850,4855,4852.5,5.63936e-05,0.000281968,4
4855,4860,4857.5,2.81968e-05,0.000140984,2
4860,4865,4862.5,1.40984e-05,7.0492e-05,1
4865,4870,4867.5,4.22952e-05,0.000211476,3
4870,4875,4872.5,4.22952e-05,0.000211476,3
4875,4880,4877.5,1.40984e-05,7.0492e-05,1
4880,4885,4882.5,1.40984e-05,7.0492e-05,1
4890,4895,4892.5,2.81968e-05,0.000140984,2
4895,4900,4897.5,1.40984e-05,7.0492e-05,1
4905,4910,4907.5,1.40984e-05,7.0492e-05,1
4910,4915,4912.5,1.40984e-05,7.0492e-05,1
4915,4920,4917.5,1.40984e-05,7.0492e-05,1
4925,4930,4927.5,4.22952e-05,0.000211476,3
4930,4935,4932.5,5.63936e-05,0.000281968,4
4935,4940,4937.5,1.40984e-05,7.0492e-05,1
4945,4950,4947.5,1.40984e-05,7.0492e-05,1
4950,4955,4952.5,7.0492e-05,0.00035246,5
4955,4960,4957.5,4.22952e-05,0.000211476,3
4960,4965,4962.5,4.22952e-05,0.000211476,3
4970,4975,4972.5,4.22952e-05,0.000211476,3
4980,4985,4982.5,2.81968e-05,0.000140984,2
4985,4990,4987.5,8.45904e-05,0.000422952,6
4990,4995,4992.5,2.81968e-05,0.000140984,2
4995,5000,4997.5,5.63936e-05,0.000281968,4
5000,5005,5002.5,4.22952e-05,0.000211476,3
5005,5010,5007.5,1.40984e-05,7.0492e-05,1
5015,5020,5017.5,5.63936e-05,0.000281968,4
5020,5025,5022.5,1.40984e-05,7.0492e-05,1
5025,5030,5027.5,2.81968e-05,0.000140984,2
5030,5035,5032.5,1.40984e-05,7.0492e-05,1
5035,5040,5037.5,1.40984e-05,7.0492e-05,1
5040,5045,5042.5,1.40984e-05,7.0492e-05,1
5045,5050,5047.5,7.0492e-05,0.00035246,5
5050,5055,5052.5,1.40984e-05,7.0492e-05,1
5055,5060,5057.5,1.40984e-05,7.0492e-05,1
5060,5065,5062.5,1.40984e-05,7.0492e-05,1
5065,5070,5067.5,2.81968e-05,0.000140984,2
5070,5075,5072.5,4.22952e-05,0.000211476,3
5075,5080,5077.5,1.40984e-05,7.0492e-05,1
5080,5085,5082.5,5.63936e-05,0.000281968,4
5085,5090,5087.5,2.81968e-05,0.000140984,2
5090,5095,5092.5,2.81968e-05,0.000140984,2
5095,5100,5097.5,5.63936e-05,0.000281968,4
5100,5105,5102.5,4.22952e-05,0.000211476,3
5105,5110,5107.5,8.45904e-05,0.000422952,6
5115,5120,5117.5,2.81968e-05,0.000140984,2
5120,5125,5122.5,1.40984e-05,7.0492e-05,1
5125,5130,5127.5,2.81968e-05,0.000140984,2
5130,5135,5132.5,4.22952e-05,0.000211476,3
5135,5140,5137.5,4.22952e-05,0.000211476,3
5140,5145,5142.5,1.40984e-05,7.0492e-05,1
5145,5150,5147.5,1.40984e-05,7.0492e-05,1
5155,5160,5157.5,2.81968e-05,0.000140984,2
5160,5165,5162.5,1.40984e-05,7.0492e-05,1
5165,5170,5167.5,2.81968e-05,0.000140984,2
5170,5175,5172.5,1.40984e-05,7.0492e-05,1
5175,5180,5177.5,1.40984e-05,7.0492e-05,1
5180,5185,5182.5,1.40984e-05,7.0492e-05,1
5185,5190,5187.5,2.81968e-05,0.000140984,2
5190,5195,5192.5,1.40984e-05,7.0492e-05,1
5195,5200,5197.5,1.40984e-05,7.0492e-05,1
5200,5205,5202.5,2.81968e-05,0.000140984,2
5210,5215,5212.5,4.22952e-05,0.000211476,3
5215,5220,5217.5,2.81968e-05,0.000140984,2
5220,5225,5222.5,1.40984e-05,7.0492e-05,1
5225,5230,5227.5,2.81968e-05,0.000140984,2
5230,5235,5232.5,2.81968e-05,0.000140984,2
5240,5245,5242.5,5.63936e-05,0.000281968,4
5245,5250,5247.5,4.22952e-05,0.000211476,3
5250,5255,5252.5,4.22952e-05,0.000211476,3
5255,5260,5257.5,1.40984e-05,7.0492e-05,1
5260,5265,5262.5,4.22952e-05,0.000211476,3
5265,5270,5267.5,1.40984e-05,7.0492e-05,1
5270,5275,5272.5,2.81968e-05,0.000140984,2
5280,5285,5282.5,2.81968e-05,0.000140984,2
5285,5290,5287.5,1.40984e-05,7.0492e-05,1
5290,5295,5292.5,1.40984e-05,7.0492e-05,1
5300,5305,5302.5,4.22952e-05,0.000211476,3
5310,5315,5312.5,2.81968e-05,0.000140984,2
5315,5320,5317.5,1.40984e-05,7.0492e-05,1
5320,5325,5322.5,1.40984e-05,7.0492e-05,1
5325,5330,5327.5,2.81968e-05,0.000140984,2
5330,5335,5332.5,4.22952e-05,0.000211476,3
5335,5340,5337.5,2.81968e-05,0.000140984,2
5340,5345,5342.5,2.81968e-05,0.000140984,2
5345,5350,5347.5,2.81968e-05,0.000140984,2
5355,5360,5357.5,1.40984e-05,7.0492e-05,1
5365,5370,5367.5,2.81968e-05,0.000140984,2
5375,5380,5377.5,1.40984e-05,7.0492e-05,1
5380,5385,5382.5,1.40984e-05,7.0492e-05,1
5390,5395,5392.5,1.40984e-05,7.0492e-05,1
5395,5400,5397.5,1.40984e-05,7.0492e-05,1
5400,5405,5402.5,1.40984e-05,7.0492e-05,1
5405,5410,5407.5,1.40984e-05,7.0492e-05,1
5410,5415,5412.5,1.40984e-05,7.0492e-05,1
5415,5420,5417.5,1.40984e-05,7.0492e-05,1
5420,5425,5422.5,2.81968e-05,0.000140984,2
5430,5435,5432.5,2.81968e-05,0.000140984,2
5435,5440,5437.5,1.40984e-05,7.0492e-05,1
5440,5445,5442.5,1.40984e-05,7.0492e-05,1
5445,5450,5447.5,2.81968e-05,0.000140984,2
5450,5455,5452.5,2.81968e-05,0.000140984,2
5455,5460,5457.5,5.63936e-05,0.000281968,4
5465,5470,5467.5,2.81968e-05,0.000140984,2
5470,5475,5472.5,2.81968e-05,0.000140984,2
5475,5480,5477.5,1.40984e-05,7.0492e-05,1
5480,5485,5482.5,1.40984e-05,7.0492e-05,1
5485,5490,5487.5,1.40984e-05,7.0492e-05,1
5490,5495,5492.5,1.40984e-05,7.0492e-05,1
5495,5500,5497.5,1.40984e-05,7.0492e-05,1
5500,5505,5502.5,1.40984e-05,7.0492e-05,1
5505,5510,5507.5,4.22952e-05,0.000211476,3
5510,5515,5512.5,4.22952e-05,0.000211476,3
5515,5520,5517.5,2.81968e-05,0.000140984,2
5525,5530,5527.5,1.40984e-05,7.0492e-05,1
5530,5535,5532.5,1.40984e-05,7.0492e-05,1
5535,5540,5537.5,4.22952e-05,0.000211476,3
5540,5545,5542.5,1.40984e-05,7.0492e-05,1
5545,5550,5547.5,4.22952e-05,0.000211476,3
5550,5555,5552.5,5.63936e-05,0.000281968,4
5555,5560,5557.5,1.40984e-05,7.0492e-05,1
5565,5570,5567.5,1.40984e-05,7.0492e-05,1
5570,5575,5572.5,1.40984e-05,7.0492e-05,1
5575,5580,5577.5,2.81968e-05,0.000140984,2
5580,5585,5582.5,2.81968e-05,0.000140984,2
5585,5590,5587.5,2.81968e-05,0.000140984,2
5590,5595,5592.5,1.40984e-05,7.0492e-05,1
5595,5600,5597.5,1.40984e-05,7.0492e-05,1
5600,5605,5602.5,7.0492e-05,0.00035246,5
5605,5610,5607.5,2.81968e-05,0.000140984,2
5610,5615,5612.5,1.40984e-05,7.0492e-05,1
5615,5620,5617.5,2.81968e-05,0.000140984,2
5620,5625,5622.5,1.40984e-05,7.0492e-05,1
5625,5630,5627.5,2.81968e-05,0.000140984,2
5630,5635,5632.5,5.63936e-05,0.000281968,4
5635,5640,5637.5,1.40984e-05,7.0492e-05,1
5640,5645,5642.5,2.81968e-05,0.000140984,2
5645,5650,5647.5,5.63936e-05,0.000281968,4
5655,5660,5657.5,2.81968e-05,0.000140984,2
5670,5675,5672.5,2.81968e-05,0.000140984,2
5675,5680,5677.5,4.22952e-05,0.000211476,3
5680,5685,5682.5,2.81968e-05,0.000140984,2
5685,5690,5687.5,2.81968e-05,0.000140984,2
5690,5695,5692.5,2.81968e-05,0.000140984,2
5695,5700,5697.5,2.81968e-05,0.000140984,2
5710,5715,5712.5,4.22952e-05,0.000211476,3
5715,5720,5717.5,1.40984e-05,7.0492e-05,1
5720,5725,5722.5,2.81968e-05,0.000140984,2
5730,5735,5732.5,1.40984e-05,7.0492e-05,1
5735,5740,5737.5,1.40984e-05,7.0492e-05,1
5740,5745,5742.5,1.40984e-05,7.0492e-05,1
5745,5750,5747.5,2.81968e-05,0.000140984,2
5750,5755,5752.5,1.40984e-05,7.0492e-05,1
5755,5760,5757.5,1.40984e-05,7.0492e-05,1
5760,5765,5762.5,2.81968e-05,0.000140984,2
5765,5770,5767.5,1.40984e-05,7.0492e-05,1
5775,5780,5777.5,1.40984e-05,7.0492e-05,1
5780,5785,5782.5,1.40984e-05,7.0492e-05,1
5785,5790,5787.5,4.22952e-05,0.000211476,3
5795,5800,5797.5,4.22952e-05,0.000211476,3
5800,5805,5802.5,5.63936e-05,0.000281968,4
5810,5815,5812.5,2.81968e-05,0.000140984,2
5815,5820,5817.5,2.81968e-05,0.000140984,2
5820,5825,5822.5,2.81968e-05,0.000140984,2
5825,5830,5827.5,2.81968e-05,0.000140984,2
5830,5835,5832.5,4.22952e-05,0.000211476,3
5835,5840,5837.5,2.81968e-05,0.000140984,2
5840,5845,5842.5,2.81968e-05,0.000140984,2
5845,5850,5847.5,4.22952e-05,0.000211476,3
5865,5870,5867.5,1.40984e-05,7.0492e-05,1
5870,5875,5872.5,4.22952e-05,0.000211476,3
5875,5880,5877.5,1.40984e-05,7.0492e-05,1
5880,5885,5882.5,5.63936e-05,0.000281968,4
5885,5890,5887.5,7.0492e-05,0.00035246,5
5890,5895,5892.5,2.81968e-05,0.000140984,2
5905,5910,5907.5,2.81968e-05,0.000140984,2
5910,5915,5912.5,1.40984e-05,7.0492e-05,1
5915,5920,5917.5,2.81968e-05,0.000140984,2
5925,5930,5927.5,1.40984e-05,7.0492e-05,1
5935,5940,5937.5,4.22952e-05,0.000211476,3
5940,5945,5942.5,1.40984e-05,7.0492e-05,1
5950,5955,5952.5,1.40984e-05,7.0492e-05,1
5955,5960,5957.5,2.81968e-05,0.000140984,2
5960,5965,5962.5,1.40984e-05,7.0492e-05,1
5965,5970,5967.5,4.22952e-05,0.000211476,3
5970,5975,5972.5,1.40984e-05,7.0492e-05,1
5975,5980,5977.5,1.40984e-05,7.0492e-05,1
5980,5985,5982.5,4.22952e-05,0.000211476,3
5985,5990,5987.5,2.81968e-05,0.000140984,2
5990,5995,5992.5,2.81968e-05,0.000140984,2
5995,6000,5997.5,1.40984e-05,7.0492e-05,1
6000,6005,6002.5,2.81968e-05,0.000140984,2
6005,6010,6007.5,2.81968e-05,0.000140984,2
6015,6020,6017.5,1.40984e-05,7.0492e-05,1
6020,6025,6022.5,1.40984e-05,7.0492e-05,1
6025,6030,6027.5,1.40984e-05,7.0492e-05,1
6030,6035,6032.5,4.22952e-05,0.000211476,3
6035,6040,6037.5,1.40984e-05,7.0492e-05,1
6040,6045,6042.5,1.40984e-05,7.0492e-05,1
6045,6050,6047.5,1.40984e-05,7.0492e-05,1
6050,6055,6052.5,1.40984e-05,7.0492e-05,1
6055,6060,6057.5,2.81968e-05,0.000140984,2
6060,6065,6062.5,2.81968e-05,0.000140984,2
6065,6070,6067.5,2.81968e-05,0.000140984,2
6070,6075,6072.5,1.40984e-05,7.0492e-05,1
6075,6080,6077.5,2.81968e-05,0.000140984,2
6080,6085,6082.5,1.40984e-05,7.0492e-05,1
6085,6090,6087.5,1.40984e-05,7.0492e-05,1
6090,6095,6092.5,4.22952e-05,0.000211476,3
6095,6100,6097.5,5.63936e-05,0.000281968,4
6100,6105,6102.5,1.40984e-05,7.0492e-05,1
6105,6110,6107.5,1.40984e-05,7.0492e-05,1
6110,6115,6112.5,2.81968e-05,0.000140984,2
6115,6120,6117.5,2.81968e-05,0.000140984,2
6125,6130,6127.5,5.63936e-05,0.000281968,4
6130,6135,6132.5,1.40984e-05,7.0492e-05,1
6140,6145,6142.5,1.40984e-05,7.0492e-05,1
6145,6150,6147.5,2.81968e-05,0.000140984,2
6150,6155,6152.5,1.40984e-05,7.0492e-05,1
6155,6160,6157.5,1.40984e-05,7.0492e-05,1
6160,6165,6162.5,4.22952e-05,0.000211476,3
6165,6170,6167.5,2.81968e-05,0.000140984,2
6170,6175,6172.5,2.81968e-05,0.000140984,2
6175,6180,6177.5,4.22952e-05,0.000211476,3
6185,6190,6187.5,2.81968e-05,0.000140984,2
6190,6195,6192.5,1.40984e-05,7.0492e-05,1
6195,6200,6197.5,2.81968e-05,0.000140984,2
6200,6205,6202.5,1.40984e-05,7.0492e-05,1
6210,6215,6212.5,1.40984e-05,7.0492e-05,1
6235,6240,6237.5,1.40984e-05,7.0492e-05,1
6240,6245,6242.5,1.40984e-05,7.0492e-05,1
6245,6250,6247.5,1.40984e-05,7.0492e-05,1
6250,6255,6252.5,2.81968e-05,0.000140984,2
6260,6265,6262.5,2.81968e-05,0.000140984,2
6270,6275,6272.5,2.81968e-05,0.000140984,2
6275,6280,6277.5,1.40984e-05,7.0492e-05,1
6285,6290,6287.5,2.81968e-05,0.000140984,2
6290,6295,6292.5,2.81968e-05,0.000140984,2
6295,6300,6297.5,1.40984e-05,7.0492e-05,1
6300,6305,6302.5,2.81968e-05,0.000140984,2
6305,6310,6307.5,1.40984e-05,7.0492e-05,1
6310,6315,6312.5,1.40984e-05,7.0492e-05,1
6315,6320,6317.5,1.40984e-05,7.0492e-05,1
6340,6345,6342.5,1.40984e-05,7.0492e-05,1
6345,6350,6347.5,4.22952e-05,0.000211476,3
6350,6355,6352.5,1.40984e-05,7.0492e-05,1
6375,6380,6377.5,1.40984e-05,7.0492e-05,1
6380,6385,6382.5,1.40984e-05,7.0492e-05,1
6385,6390,6387.5,2.81968e-05,0.000140984,2
6390,6395,6392.5,1.40984e-05,7.0492e-05,1
6405,6410,6407.5,1.40984e-05,7.0492e-05,1
6410,6415,6412.5,4.22952e-05,0.000211476,3
6415,6420,6417.5,2.81968e-05,0.000140984,2
6420,6425,6422.5,1.40984e-05,7.0492e-05,1
6425,6430,6427.5,2.81968e-05,0.000140984,2
6430,6435,6432.5,1.40984e-05,7.0492e-05,1
6435,6440,6437.5,1.40984e-05,7.0492e-05,1
6445,6450,6447.5,1.40984e-05,7.0492e-05,1
6450,6455,6452.5,1.40984e-05,7.0492e-05,1
6455,6460,6457.5,1.40984e-05,7.0492e-05,1
6460,6465,6462.5,5.63936e-05,0.000281968,4
6480,6485,6482.5,1.40984e-05,7.0492e-05,1
6490,6495,6492.5,2.81968e-05,0.000140984,2
6495,6500,6497.5,1.40984e-05,7.0492e-05,1
6500,6505,6502.5,4.22952e-05,0.000211476,3
6510,6515,6512.5,4.22952e-05,0.000211476,3
6515,6520,6517.5,5.63936e-05,0.000281968,4
6520,6525,6522.5,4.22952e-05,0.000211476,3
6530,6535,6532.5,2.81968e-05,0.000140984,2
6540,6545,6542.5,2.81968e-05,0.000140984,2
6545,6550,6547.5,2.81968e-05,0.000140984,2
6550,6555,6552.5,5.63936e-05,0.000281968,4
6555,6560,6557.5,1.40984e-05,7.0492e-05,1
6565,6570,6567.5,4.22952e-05,0.000211476,3
6570,6575,6572.5,2.81968e-05,0.000140984,2
6580,6585,6582.5,1.40984e-05,7.0492e-05,1
6585,6590,6587.5,1.40984e-05,7.0492e-05,1
6595,6600,6597.5,4.22952e-05,0.000211476,3
6605,6610,6607.5,2.81968e-05,0.000140984,2
6660,6665,6662.5,4.22952e-05,0.000211476,3
6665,6670,6667.5,2.81968e-05,0.000140984,2
6670,6675,6672.5,4.22952e-05,0.000211476,3
6675,6680,6677.5,1.40984e-05,7.0492e-05,1
6695,6700,6697.5,1.40984e-05,7.0492e-05,1
6700,6705,6702.5,1.40984e-05,7.0492e-05,1
6705,6710,6707.5,2.81968e-05,0.000140984,2
6715,6720,6717.5,2.81968e-05,0.000140984,2
6720,6725,6722.5,5.63936e-05,0.000281968,4
6725,6730,6727.5,1.40984e-05,7.0492e-05,1
6730,6735,6732.5,1.40984e-05,7.0492e-05,1
6735,6740,6737.5,2.81968e-05,0.000140984,2
6745,6750,6747.5,1.40984e-05,7.0492e-05,1
6755,6760,6757.5,1.40984e-05,7.0492e-05,1
6760,6765,6762.5,2.81968e-05,0.000140984,2
6765,6770,6767.5,1.40984e-05,7.0492e-05,1
6770,6775,6772.5,1.40984e-05,7.0492e-05,1
6775,6780,6777.5,2.81968e-05,0.000140984,2
6780,6785,6782.5,4.22952e-05,0.000211476,3
6785,6790,6787.5,2.81968e-05,0.000140984,2
6790,6795,6792.5,1.40984e-05,7.0492e-05,1
6795,6800,6797.5,1.40984e-05,7.0492e-05,1
6800,6805,6802.5,7.0492e-05,0.00035246,5
6805,6810,6807.5,2.81968e-05,0.000140984,2
6815,6820,6817.5,2.81968e-05,0.000140984,2
6820,6825,6822.5,1.40984e-05,7.0492e-05,1
6825,6830,6827.5,4.22952e-05,0.000211476,3
6830,6835,6832.5,2.81968e-05,0.000140984,2
6835,6840,6837.5,1.40984e-05,7.0492e-05,1
6840,6845,6842.5,4.22952e-05,0.000211476,3
6850,6855,6852.5,1.40984e-05,7.0492e-05,1
6855,6860,6857.5,1.40984e-05,7.0492e-05,1
6860,6865,6862.5,2.81968e-05,0.000140984,2
6870,6875,6872.5,2.81968e-05,0.000140984,2
6880,6885,6882.5,4.22952e-05,0.000211476,3
6885,6890,6887.5,1.40984e-05,7.0492e-05,1
6890,6895,6892.5,1.40984e-05,7.0492e-05,1
6915,6920,6917.5,1.40984e-05,7.0492e-05,1
6925,6930,6927.5,1.40984e-05,7.0492e-05,1
6935,6940,6937.5,2.81968e-05,0.000140984,2
6950,6955,6952.5,2.81968e-05,0.000140984,2
6955,6960,6957.5,1.40984e-05,7.0492e-05,1
6960,6965,6962.5,1.40984e-05,7.0492e-05,1
6970,6975,6972.5,1.40984e-05,7.0492e-05,1
6975,6980,6977.5,4.22952e-05,0.000211476,3
6980,6985,6982.5,1.40984e-05,7.0492e-05,1
6985,6990,6987.5,1.40984e-05,7.0492e-05,1
6990,6995,6992.5,1.40984e-05,7.0492e-05,1
6995,7000,6997.5,1.40984e-05,7.0492e-05,1
7000,7005,7002.5,1.40984e-05,7.0492e-05,1
7005,7010,7007.5,2.81968e-05,0.000140984,2
7010,7015,7012.5,1.40984e-05,7.0492e-05,1
7015,7020,7017.5,1.40984e-05,7.0492e-05,1
7020,7025,7022.5,1.40984e-05,7.0492e-05,1
7035,7040,7037.5,1.40984e-05,7.0492e-05,1
7045,7050,7047.5,4.22952e-05,0.000211476,3
7060,7065,7062.5,4.22952e-05,0.000211476,3
7065,7070,7067.5,1.40984e-05,7.0492e-05,1
7080,7085,7082.5,1.40984e-05,7.0492e-05,1
7085,7090,7087.5,1.40984e-05,7.0492e-05,1
7095,7100,7097.5,4.22952e-05,0.000211476,3
7110,7115,7112.5,1.40984e-05,7.0492e-05,1
7115,7120,7117.5,2.81968e-05,0.000140984,2
7120,7125,7122.5,4.22952e-05,0.000211476,3
7125,7130,7127.5,1.40984e-05,7.0492e-05,1
7135,7140,7137.5,1.40984e-05,7.0492e-05,1
7140,7145,7142.5,1.40984e-05,7.0492e-05,1
7155,7160,7157.5,2.81968e-05,0.000140984,2
7160,7165,7162.5,2.81968e-05,0.000140984,2
7165,7170,7167.5,4.22952e-05,0.000211476,3
7175,7180,7177.5,1.40984e-05,7.0492e-05,1
7180,7185,7182.5,1.40984e-05,7.0492e-05,1
7195,7200,7197.5,2.81968e-05,0.000140984,2
7200,7205,7202.5,1.40984e-05,7.0492e-05,1
7205,7210,7207.5,2.81968e-05,0.000140984,2
7220,7225,7222.5,1.40984e-05,7.0492e-05,1
7225,7230,7227.5,2.81968e-05,0.000140984,2
7230,7235,7232.5,1.40984e-05,7.0492e-05,1
7235,7240,7237.5,1.40984e-05,7.0492e-05,1
7240,7245,7242.5,1.40984e-05,7.0492e-05,1
7245,7250,7247.5,1.40984e-05,7.0492e-05,1
7250,7255,7252.5,4.22952e-05,0.000211476,3
7255,7260,7257.5,2.81968e-05,0.000140984,2
7260,7265,7262.5,1.40984e-05,7.0492e-05,1
7265,7270,7267.5,1.40984e-05,7.0492e-05,1
7270,7275,7272.5,1.40984e-05,7.0492e-05,1
7280,7285,7282.5,1.40984e-05,7.0492e-05,1
7295,7300,7297.5,1.40984e-05,7.0492e-05,1
7310,7315,7312.5,2.81968e-05,0.000140984,2
7315,7320,7317.5,1.40984e-05,7.0492e-05,1
7325,7330,7327.5,5.63936e-05,0.000281968,4
7335,7340,7337.5,2.81968e-05,0.000140984,2
7340,7345,7342.5,1.40984e-05,7.0492e-05,1
7350,7355,7352.5,1.40984e-05,7.0492e-05,1
7355,7360,7357.5,2.81968e-05,0.000140984,2
7370,7375,7372.5,4.22952e-05,0.000211476,3
7375,7380,7377.5,1.40984e-05,7.0492e-05,1
7380,7385,7382.5,1.40984e-05,7.0492e-05,1
7395,7400,7397.5,1.40984e-05,7.0492e-05,1
7400,7405,7402.5,2.81968e-05,0.000140984,2
7410,7415,7412.5,2.81968e-05,0.000140984,2
7415,7420,7417.5,1.40984e-05,7.0492e-05,1
7420,7425,7422.5,1.40984e-05,7.0492e-05,1
7425,7430,7427.5,1.40984e-05,7.0492e-05,1
7430,7435,7432.5,1.40984e-05,7.0492e-05,1
7445,7450,7447.5,1.40984e-05,7.0492e-05,1
7450,7455,7452.5,1.40984e-05,7.0492e-05,1
7455,7460,7457.5,4.22952e-05,0.000211476,3
7460,7465,7462.5,2.81968e-05,0.000140984,2
7465,7470,7467.5,1.40984e-05,7.0492e-05,1
7475,7480,7477.5,1.40984e-05,7.0492e-05,1
7485,7490,7487.5,1.40984e-05,7.0492e-05,1
7490,7495,7492.5,1.40984e-05,7.0492e-05,1
7495,7500,7497.5,2.81968e-05,0.000140984,2
7500,7505,7502.5,1.40984e-05,7.0492e-05,1
7505,7510,7507.5,1.40984e-05,7.0492e-05,1
7515,7520,7517.5,1.40984e-05,7.0492e-05,1
7520,7525,7522.5,2.81968e-05,0.000140984,2
7530,7535,7532.5,1.40984e-05,7.0492e-05,1
7540,7545,7542.5,1.40984e-05,7.0492e-05,1
7550,7555,7552.5,1.40984e-05,7.0492e-05,1
7555,7560,7557.5,2.81968e-05,0.000140984,2
7560,7565,7562.5,2.81968e-05,0.000140984,2
7570,7575,7572.5,1.40984e-05,7.0492e-05,1
7575,7580,7577.5,4.22952e-05,0.000211476,3
7580,7585,7582.5,1.40984e-05,7.0492e-05,1
7585,7590,7587.5,2.81968e-05,0.000140984,2
7595,7600,7597.5,1.40984e-05,7.0492e-05,1
7605,7610,7607.5,2.81968e-05,0.000140984,2
7610,7615,7612.5,1.40984e-05,7.0492e-05,1
7615,7620,7617.5,1.40984e-05,7.0492e-05,1
7625,7630,7627.5,2.81968e-05,0.000140984,2
7630,7635,7632.5,1.40984e-05,7.0492e-05,1
7635,7640,7637.5,1.40984e-05,7.0492e-05,1
7640,7645,7642.5,2.81968e-05,0.000140984,2
7655,7660,7657.5,1.40984e-05,7.0492e-05,1
7660,7665,7662.5,1.40984e-05,7.0492e-05,1
7665,7670,7667.5,2.81968e-05,0.000140984,2
7670,7675,7672.5,1.40984e-05,7.0492e-05,1
7675,7680,7677.5,4.22952e-05,0.000211476,3
7690,7695,7692.5,1.40984e-05,7.0492e-05,1
7695,7700,7697.5,1.40984e-05,7.0492e-05,1
7700,7705,7702.5,2.81968e-05,0.000140984,2
7705,7710,7707.5,1.40984e-05,7.0492e-05,1
7710,7715,7712.5,2.81968e-05,0.000140984,2
7715,7720,7717.5,1.40984e-05,7.0492e-05,1
7730,7735,7732.5,4.22952e-05,0.000211476,3
7740,7745,7742.5,2.81968e-05,0.000140984,2
7745,7750,7747.5,1.40984e-05,7.0492e-05,1
7750,7755,7752.5,1.40984e-05,7.0492e-05,1
7770,7775,7772.5,1.40984e-05,7.0492e-05,1
7775,7780,7777.5,1.40984e-05,7.0492e-05,1
7780,7785,7782.5,1.40984e-05,7.0492e-05,1
7785,7790,7787.5,1.40984e-05,7.0492e-05,1
7790,7795,7792.5,2.81968e-05,0.000140984,2
7805,7810,7807.5,1.40984e-05,7.0492e-05,1
7820,7825,7822.5,4.22952e-05,0.000211476,3
7825,7830,7827.5,2.81968e-05,0.000140984,2
7830,7835,7832.5,1.40984e-05,7.0492e-05,1
7840,7845,7842.5,2.81968e-05,0.000140984,2
7845,7850,7847.5,1.40984e-05,7.0492e-05,1
7850,7855,7852.5,1.40984e-05,7.0492e-05,1
7860,7865,7862.5,1.40984e-05,7.0492e-05,1
7865,7870,7867.5,2.81968e-05,0.000140984,2
7870,7875,7872.5,1.40984e-05,7.0492e-05,1
7880,7885,7882.5,1.40984e-05,7.0492e-05,1
7885,7890,7887.5,1.40984e-05,7.0492e-05,1
7890,7895,7892.5,1.40984e-05,7.0492e-05,1
7895,7900,7897.5,1.40984e-05,7.0492e-05,1
7900,7905,7902.5,1.40984e-05,7.0492e-05,1
7905,7910,7907.5,2.81968e-05,0.000140984,2
7910,7915,7912.5,1.40984e-05,7.0492e-05,1
7915,7920,7917.5,1.40984e-05,7.0492e-05,1
7920,7925,7922.5,1.40984e-05,7.0492e-05,1
7930,7935,7932.5,1.40984e-05,7.0492e-05,1
7935,7940,7937.5,4.22952e-05,0.000211476,3
7940,7945,7942.5,1.40984e-05,7.0492e-05,1
7955,7960,7957.5,1.40984e-05,7.0492e-05,1
7965,7970,7967.5,1.40984e-05,7.0492e-05,1
7975,7980,7977.5,1.40984e-05,7.0492e-05,1
7985,7990,7987.5,1.40984e-05,7.0492e-05,1
7990,7995,7992.5,1.40984e-05,7.0492e-05,1
8000,8005,8002.5,2.81968e-05,0.000140984,2
8005,8010,8007.5,1.40984e-05,7.0492e-05,1
8025,8030,8027.5,1.40984e-05,7.0492e-05,1
8030,8035,8032.5,1.40984e-05,7.0492e-05,1
8035,8040,8037.5,5.63936e-05,0.000281968,4
8045,8050,8047.5,1.40984e-05,7.0492e-05,1
8050,8055,8052.5,4.22952e-05,0.000211476,3
8055,8060,8057.5,1.40984e-05,7.0492e-05,1
8075,8080,8077.5,1.40984e-05,7.0492e-05,1
8090,8095,8092.5,2.81968e-05,0.000140984,2
8100,8105,8102.5,4.22952e-05,0.000211476,3
8110,8115,8112.5,2.81968e-05,0.000140984,2
8115,8120,8117.5,1.40984e-05,7.0492e-05,1
8120,8125,8122.5,1.40984e-05,7.0492e-05,1
8130,8135,8132.5,1.40984e-05,7.0492e-05,1
8150,8155,8152.5,7.0492e-05,0.00035246,5
8155,8160,8157.5,1.40984e-05,7.0492e-05,1
8170,8175,8172.5,2.81968e-05,0.000140984,2
8175,8180,8177.5,1.40984e-05,7.0492e-05,1
8180,8185,8182.5,1.40984e-05,7.0492e-05,1
8190,8195,8192.5,1.40984e-05,7.0492e-05,1
8200,8205,8202.5,4.22952e-05,0.000211476,3
8205,8210,8207.5,1.40984e-05,7.0492e-05,1
8210,8215,8212.5,5.63936e-05,0.000281968,4
8215,8220,8217.5,1.40984e-05,7.0492e-05,1
8220,8225,8222.5,1.40984e-05,7.0492e-05,1
8225,8230,8227.5,1.40984e-05,7.0492e-05,1
8230,8235,8232.5,1.40984e-05,7.0492e-05,1
8235,8240,8237.5,4.22952e-05,0.000211476,3
8240,8245,8242.5,1.40984e-05,7.0492e-05,1
8245,8250,8247.5,2.81968e-05,0.000140984,2
8255,8260,8257.5,1.40984e-05,7.0492e-05,1
8260,8265,8262.5,1.40984e-05,7.0492e-05,1
8270,8275,8272.5,1.40984e-05,7.0492e-05,1
8275,8280,8277.5,1.40984e-05,7.0492e-05,1
8295,8300,8297.5,4.22952e-05,0.000211476,3
8300,8305,8302.5,1.40984e-05,7.0492e-05,1
8305,8310,8307.5,2.81968e-05,0.000140984,2
8310,8315,8312.5,1.40984e-05,7.0492e-05,1
8325,8330,8327.5,1.40984e-05,7.0492e-05,1
8330,8335,8332.5,1.40984e-05,7.0492e-05,1
8350,8355,8352.5,2.81968e-05,0.000140984,2
8360,8365,8362.5,1.40984e-05,7.0492e-05,1
8375,8380,8377.5,1.40984e-05,7.0492e-05,1
8380,8385,8382.5,1.40984e-05,7.0492e-05,1
8385,8390,8387.5,1.40984e-05,7.0492e-05,1
8390,8395,8392.5,1.40984e-05,7.0492e-05,1
8405,8410,8407.5,1.40984e-05,7.0492e-05,1
8420,8425,8422.5,2.81968e-05,0.000140984,2
8430,8435,8432.5,1.40984e-05,7.0492e-05,1
8440,8445,8442.5,2.81968e-05,0.000140984,2
8445,8450,8447.5,1.40984e-05,7.0492e-05,1
8450,8455,8452.5,1.40984e-05,7.0492e-05,1
8455,8460,8457.5,4.22952e-05,0.000211476,3
8460,8465,8462.5,1.40984e-05,7.0492e-05,1
8465,8470,8467.5,2.81968e-05,0.000140984,2
8475,8480,8477.5,1.40984e-05,7.0492e-05,1
8485,8490,8487.5,1.40984e-05,7.0492e-05,1
8490,8495,8492.5,1.40984e-05,7.0492e-05,1
8495,8500,8497.5,2.81968e-05,0.000140984,2
8500,8505,8502.5,4.22952e-05,0.000211476,3
8505,8510,8507.5,1.40984e-05,7.0492e-05,1
8510,8515,8512.5,1.40984e-05,7.0492e-05,1
8515,8520,8517.5,4.22952e-05,0.000211476,3
8520,8525,8522.5,2.81968e-05,0.000140984,2
8525,8530,8527.5,5.63936e-05,0.000281968,4
8535,8540,8537.5,1.40984e-05,7.0492e-05,1
8545,8550,8547.5,1.40984e-05,7.0492e-05,1
8555,8560,8557.5,2.81968e-05,0.000140984,2
8590,8595,8592.5,1.40984e-05,7.0492e-05,1
8595,8600,8597.5,1.40984e-05,7.0492e-05,1
8600,8605,8602.5,1.40984e-05,7.0492e-05,1
8635,8640,8637.5,1.40984e-05,7.0492e-05,1
8650,8655,8652.5,1.40984e-05,7.0492e-05,1
8660,8665,8662.5,4.22952e-05,0.000211476,3
8670,8675,8672.5,2.81968e-05,0.000140984,2
8685,8690,8687.5,1.40984e-05,7.0492e-05,1
8695,8700,8697.5,1.40984e-05,7.0492e-05,1
8700,8705,8702.5,5.63936e-05,0.000281968,4
8710,8715,8712.5,1.40984e-05,7.0492e-05,1
8715,8720,8717.5,2.81968e-05,0.000140984,2
8720,8725,8722.5,1.40984e-05,7.0492e-05,1
8725,8730,8727.5,2.81968e-05,0.000140984,2
8730,8735,8732.5,1.40984e-05,7.0492e-05,1
8740,8745,8742.5,5.63936e-05,0.000281968,4
8750,8755,8752.5,5.63936e-05,0.000281968,4
8755,8760,8757.5,1.40984e-05,7.0492e-05,1
8765,8770,8767.5,1.40984e-05,7.0492e-05,1
8770,8775,8772.5,1.40984e-05,7.0492e-05,1
8780,8785,8782.5,4.22952e-05,0.000211476,3
8785,8790,8787.5,1.40984e-05,7.0492e-05,1
8790,8795,8792.5,2.81968e-05,0.000140984,2
8795,8800,8797.5,1.40984e-05,7.0492e-05,1
8805,8810,8807.5,2.81968e-05,0.000140984,2
8810,8815,8812.5,1.40984e-05,7.0492e-05,1
8820,8825,8822.5,2.81968e-05,0.000140984,2
8840,8845,8842.5,1.40984e-05,7.0492e-05,1
8845,8850,8847.5,2.81968e-05,0.000140984,2
8865,8870,8867.5,1.40984e-05,7.0492e-05,1
8870,8875,8872.5,2.81968e-05,0.000140984,2
8880,8885,8882.5,4.22952e-05,0.000211476,3
8885,8890,8887.5,1.40984e-05,7.0492e-05,1
8890,8895,8892.5,1.40984e-05,7.0492e-05,1
8895,8900,8897.5,2.81968e-05,0.000140984,2
8905,8910,8907.5,2.81968e-05,0.000140984,2
8910,8915,8912.5,2.81968e-05,0.000140984,2
8915,8920,8917.5,2.81968e-05,0.000140984,2
8920,8925,8922.5,4.22952e-05,0.000211476,3
8925,8930,8927.5,1.40984e-05,7.0492e-05,1
8935,8940,8937.5,2.81968e-05,0.000140984,2
8940,8945,8942.5,1.40984e-05,7.0492e-05,1
8950,8955,8952.5,1.40984e-05,7.0492e-05,1
8960,8965,8962.5,1.40984e-05,7.0492e-05,1
8965,8970,8967.5,1.40984e-05,7.0492e-05,1
8970,8975,8972.5,2.81968e-05,0.000140984,2
8980,8985,8982.5,2.81968e-05,0.000140984,2
8985,8990,8987.5,1.40984e-05,7.0492e-05,1
9005,9010,9007.5,2.81968e-05,0.000140984,2
9015,9020,9017.5,1.40984e-05,7.0492e-05,1
9030,9035,9032.5,2.81968e-05,0.000140984,2
9035,9040,9037.5,2.81968e-05,0.000140984,2
9040,9045,9042.5,1.40984e-05,7.0492e-05,1
9045,9050,9047.5,1.40984e-05,7.0492e-05,1
9050,9055,9052.5,1.40984e-05,7.0492e-05,1
9060,9065,9062.5,4.22952e-05,0.000211476,3
9065,9070,9067.5,1.40984e-05,7.0492e-05,1
9070,9075,9072.5,1.40984e-05,7.0492e-05,1
9075,9080,9077.5,2.81968e-05,0.000140984,2
9090,9095,9092.5,1.40984e-05,7.0492e-05,1
9095,9100,9097.5,4.22952e-05,0.000211476,3
9110,9115,9112.5,1.40984e-05,7.0492e-05,1
9115,9120,9117.5,1.40984e-05,7.0492e-05,1
9135,9140,9137.5,4.22952e-05,0.000211476,3
9140,9145,9142.5,1.40984e-05,7.0492e-05,1
9145,9150,9147.5,2.81968e-05,0.000140984,2
9150,9155,9152.5,1.40984e-05,7.0492e-05,1
9160,9165,9162.5,1.40984e-05,7.0492e-05,1
9190,9195,9192.5,1.40984e-05,7.0492e-05,1
9200,9205,9202.5,2.81968e-05,0.000140984,2
9205,9210,9207.5,1.40984e-05,7.0492e-05,1
9210,9215,9212.5,2.81968e-05,0.000140984,2
9215,9220,9217.5,1.40984e-05,7.0492e-05,1
9245,9250,9247.5,1.40984e-05,7.0492e-05,1
9250,9255,9252.5,1.40984e-05,7.0492e-05,1
9255,9260,9257.5,2.81968e-05,0.000140984,2
9260,9265,9262.5,1.40984e-05,7.0492e-05,1
9265,9270,9267.5,1.40984e-05,7.0492e-05,1
9270,9275,9272.5,1.40984e-05,7.0492e-05,1
9275,9280,9277.5,1.40984e-05,7.0492e-05,1
9290,9295,9292.5,1.40984e-05,7.0492e-05,1
9295,9300,9297.5,1.40984e-05,7.0492e-05,1
9300,9305,9302.5,2.81968e-05,0.000140984,2
9305,9310,9307.5,1.40984e-05,7.0492e-05,1
9315,9320,9317.5,2.81968e-05,0.000140984,2
9320,9325,9322.5,2.81968e-05,0.000140984,2
9325,9330,9327.5,1.40984e-05,7.0492e-05,1
9330,9335,9332.5,2.81968e-05,0.000140984,2
9335,9340,9337.5,1.40984e-05,7.0492e-05,1
9345,9350,9347.5,1.40984e-05,7.0492e-05,1
9350,9355,9352.5,1.40984e-05,7.0492e-05,1
9360,9365,9362.5,1.40984e-05,7.0492e-05,1
9365,9370,9367.5,4.22952e-05,0.000211476,3
9375,9380,9377.5,1.40984e-05,7.0492e-05,1
9380,9385,9382.5,2.81968e-05,0.000140984,2
9390,9395,9392.5,1.40984e-05,7.0492e-05,1
9395,9400,9397.5,1.40984e-05,7.0492e-05,1
9400,9405,9402.5,1.40984e-05,7.0492e-05,1
9405,9410,9407.5,1.40984e-05,7.0492e-05,1
9425,9430,9427.5,1.40984e-05,7.0492e-05,1
9430,9435,9432.5,2.81968e-05,0.000140984,2
9435,9440,9437.5,1.40984e-05,7.0492e-05,1
9455,9460,9457.5,2.81968e-05,0.000140984,2
9485,9490,9487.5,1.40984e-05,7.0492e-05,1
9515,9520,9517.5,1.40984e-05,7.0492e-05,1
9520,9525,9522.5,4.22952e-05,0.000211476,3
9525,9530,9527.5,1.40984e-05,7.0492e-05,1
9530,9535,9532.5,2.81968e-05,0.000140984,2
9535,9540,9537.5,4.22952e-05,0.000211476,3
9540,9545,9542.5,2.81968e-05,0.000140984,2
9550,9555,9552.5,2.81968e-05,0.000140984,2
9575,9580,9577.5,1.40984e-05,7.0492e-05,1
9590,9595,9592.5,1.40984e-05,7.0492e-05,1
9600,9605,9602.5,1.40984e-05,7.0492e-05,1
9605,9610,9607.5,1.40984e-05,7.0492e-05,1
9610,9615,9612.5,1.40984e-05,7.0492e-05,1
9625,9630,9627.5,1.40984e-05,7.0492e-05,1
9645,9650,9647.5,1.40984e-05,7.0492e-05,1
9650,9655,9652.5,1.40984e-05,7.0492e-05,1
9655,9660,9657.5,4.22952e-05,0.000211476,3
9660,9665,9662.5,1.40984e-05,7.0492e-05,1
9680,9685,9682.5,1.40984e-05,7.0492e-05,1
9685,9690,9687.5,2.81968e-05,0.000140984,2
9730,9735,9732.5,1.40984e-05,7.0492e-05,1
9735,9740,9737.5,1.40984e-05,7.0492e-05,1
9745,9750,9747.5,2.81968e-05,0.000140984,2
9765,9770,9767.5,2.81968e-05,0.000140984,2
9770,9775,9772.5,1.40984e-05,7.0492e-05,1
9780,9785,9782.5,1.40984e-05,7.0492e-05,1
9785,9790,9787.5,2.81968e-05,0.000140984,2
9805,9810,9807.5,1.40984e-05,7.0492e-05,1
9815,9820,9817.5,1.40984e-05,7.0492e-05,1
9825,9830,9827.5,1.40984e-05,7.0492e-05,1
9830,9835,9832.5,2.81968e-05,0.000140984,2
9845,9850,9847.5,1.40984e-05,7.0492e-05,1
9850,9855,9852.5,1.40984e-05,7.0492e-05,1
9860,9865,9862.5,1.40984e-05,7.0492e-05,1
9865,9870,9867.5,2.81968e-05,0.000140984,2
9870,9875,9872.5,2.81968e-05,0.000140984,2
9875,9880,9877.5,2.81968e-05,0.000140984,2
9890,9895,9892.5,1.40984e-05,7.0492e-05,1
9895,9900,9897.5,1.40984e-05,7.0492e-05,1
9900,9905,9902.5,2.81968e-05,0.000140984,2
9915,9920,9917.5,1.40984e-05,7.0492e-05,1
9925,9930,9927.5,1.40984e-05,7.0492e-05,1
9930,9935,9932.5,1.40984e-05,7.0492e-05,1
9940,9945,9942.5,1.40984e-05,7.0492e-05,1
9950,9955,9952.5,2.81968e-05,0.000140984,2
9955,9960,9957.5,4.22952e-05,0.000211476,3
9965,9970,9967.5,1.40984e-05,7.0492e-05,1
9970,9975,9972.5,1.40984e-05,7.0492e-05,1
9975,9980,9977.5,1.40984e-05,7.0492e-05,1
9980,9985,9982.5,2.81968e-05,0.000140984,2
9985,9990,9987.5,1.40984e-05,7.0492e-05,1
9990,9995,9992.5,1.40984e-05,7.0492e-05,1
10000,10005,10002.5,2.81968e-05,0.000140984,2
10010,10015,10012.5,1.40984e-05,7.0492e-05,1
10015,10020,10017.5,1.40984e-05,7.0492e-05,1
10020,10025,10022.5,1.40984e-05,7.0492e-05,1
10025,10030,10027.5,1.40984e-05,7.0492e-05,1
10030,10035,10032.5,1.40984e-05,7.0492e-05,1
10040,10045,10042.5,1.40984e-05,7.0492e-05,1
10045,10050,10047.5,1.40984e-05,7.0492e-05,1
10050,10055,10052.5,1.40984e-05,7.0492e-05,1
10065,10070,10067.5,2.81968e-05,0.000140984,2
10075,10080,10077.5,2.81968e-05,0.000140984,2
10080,10085,10082.5,1.40984e-05,7.0492e-05,1
10085,10090,10087.5,1.40984e-05,7.0492e-05,1
10090,10095,10092.5,1.40984e-05,7.0492e-05,1
10095,10100,10097.5,1.40984e-05,7.0492e-05,1
10100,10105,10102.5,2.81968e-05,0.000140984,2
10105,10110,10107.5,1.40984e-05,7.0492e-05,1
10110,10115,10112.5,1.40984e-05,7.0492e-05,1
10125,10130,10127.5,1.40984e-05,7.0492e-05,1
10130,10135,10132.5,2.81968e-05,0.000140984,2
10140,10145,10142.5,1.40984e-05,7.0492e-05,1
10145,10150,10147.5,2.81968e-05,0.000140984,2
10165,10170,10167.5,1.40984e-05,7.0492e-05,1
10175,10180,10177.5,1.40984e-05,7.0492e-05,1
10180,10185,10182.5,2.81968e-05,0.000140984,2
10200,10205,10202.5,1.40984e-05,7.0492e-05,1
10205,10210,10207.5,1.40984e-05,7.0492e-05,1
10210,10215,10212.5,1.40984e-05,7.0492e-05,1
10215,10220,10217.5,2.81968e-05,0.000140984,2
10250,10255,10252.5,1.40984e-05,7.0492e-05,1
10255,10260,10257.5,2.81968e-05,0.000140984,2
10285,10290,10287.5,1.40984e-05,7.0492e-05,1
10295,10300,10297.5,1.40984e-05,7.0492e-05,1
10300,10305,10302.5,1.40984e-05,7.0492e-05,1
10305,10310,10307.5,1.40984e-05,7.0492e-05,1
10310,10315,10312.5,2.81968e-05,0.000140984,2
10325,10330,10327.5,1.40984e-05,7.0492e-05,1
10330,10335,10332.5,1.40984e-05,7.0492e-05,1
10345,10350,10347.5,1.40984e-05,7.0492e-05,1
10350,10355,10352.5,1.40984e-05,7.0492e-05,1
10360,10365,10362.5,2.81968e-05,0.000140984,2
10365,10370,10367.5,1.40984e-05,7.0492e-05,1
10385,10390,10387.5,1.40984e-05,7.0492e-05,1
10390,10395,10392.5,1.40984e-05,7.0492e-05,1
10400,10405,10402.5,1.40984e-05,7.0492e-05,1
10405,10410,10407.5,1.40984e-05,7.0492e-05,1
10410,10415,10412.5,1.40984e-05,7.0492e-05,1
10430,10435,10432.5,2.81968e-05,0.000140984,2
10445,10450,10447.5,1.40984e-05,7.0492e-05,1
10450,10455,10452.5,1.40984e-05,7.0492e-05,1
10460,10465,10462.5,1.40984e-05,7.0492e-05,1
10480,10485,10482.5,1.40984e-05,7.0492e-05,1
10490,10495,10492.5,1.40984e-05,7.0492e-05,1
10505,10510,10507.5,1.40984e-05,7.0492e-05,1
10510,10515,10512.5,1.40984e-05,7.0492e-05,1
10560,10565,10562.5,1.40984e-05,7.0492e-05,1
10590,10595,10592.5,1.40984e-05,7.0492e-05,1
10595,10600,10597.5,1.40984e-05,7.0492e-05,1
10600,10605,10602.5,2.81968e-05,0.000140984,2
10605,10610,10607.5,2.81968e-05,0.000140984,2
10610,10615,10612.5,2.81968e-05,0.000140984,2
10620,10625,10622.5,1.40984e-05,7.0492e-05,1
10640,10645,10642.5,1.40984e-05,7.0492e-05,1
10645,10650,10647.5,1.40984e-05,7.0492e-05,1
10660,10665,10662.5,1.40984e-05,7.0492e-05,1
10670,10675,10672.5,1.40984e-05,7.0492e-05,1
10675,10680,10677.5,2.81968e-05,0.000140984,2
10685,10690,10687.5,2.81968e-05,0.000140984,2
10690,10695,10692.5,1.40984e-05,7.0492e-05,1
10695,10700,10697.5,1.40984e-05,7.0492e-05,1
10700,10705,10702.5,1.40984e-05,7.0492e-05,1
10725,10730,10727.5,2.81968e-05,0.000140984,2
10730,10735,10732.5,2.81968e-05,0.000140984,2
10735,10740,10737.5,1.40984e-05,7.0492e-05,1
10740,10745,10742.5,1.40984e-05,7.0492e-05,1
10765,10770,10767.5,1.40984e-05,7.0492e-05,1
10770,10775,10772.5,1.40984e-05,7.0492e-05,1
10775,10780,10777.5,1.40984e-05,7.0492e-05,1
10800,10805,10802.5,2.81968e-05,0.000140984,2
10815,10820,10817.5,1.40984e-05,7.0492e-05,1
10820,10825,10822.5,1.40984e-05,7.0492e-05,1
10830,10835,10832.5,1.40984e-05,7.0492e-05,1
10835,10840,10837.5,1.40984e-05,7.0492e-05,1
10840,10845,10842.5,1.40984e-05,7.0492e-05,1
10850,10855,10852.5,1.40984e-05,7.0492e-05,1
10865,10870,10867.5,1.40984e-05,7.0492e-05,1
10875,10880,10877.5,4.22952e-05,0.000211476,3
10900,10905,10902.5,1.40984e-05,7.0492e-05,1
10915,10920,10917.5,1.40984e-05,7.0492e-05,1
10920,10925,10922.5,1.40984e-05,7.0492e-05,1
10950,10955,10952.5,1.40984e-05,7.0492e-05,1
10960,10965,10962.5,1.40984e-05,7.0492e-05,1
10965,10970,10967.5,1.40984e-05,7.0492e-05,1
10970,10975,10972.5,1.40984e-05,7.0492e-05,1
10985,10990,10987.5,2.81968e-05,0.000140984,2
11005,11010,11007.5,1.40984e-05,7.0492e-05,1
11015,11020,11017.5,1.40984e-05,7.0492e-05,1
11025,11030,11027.5,2.81968e-05,0.000140984,2
11035,11040,11037.5,2.81968e-05,0.000140984,2
11050,11055,11052.5,1.40984e-05,7.0492e-05,1
11055,11060,11057.5,1.40984e-05,7.0492e-05,1
11070,11075,11072.5,1.40984e-05,7.0492e-05,1
11075,11080,11077.5,2.81968e-05,0.000140984,2
11095,11100,11097.5,1.40984e-05,7.0492e-05,1
11110,11115,11112.5,1.40984e-05,7.0492e-05,1
11140,11145,11142.5,1.40984e-05,7.0492e-05,1
11145,11150,11147.5,1.40984e-05,7.0492e-05,1
11160,11165,11162.5,1.40984e-05,7.0492e-05,1
11165,11170,11167.5,1.40984e-05,7.0492e-05,1
11175,11180,11177.5,2.81968e-05,0.000140984,2
11180,11185,11182.5,1.40984e-05,7.0492e-05,1
11185,11190,11187.5,1.40984e-05,7.0492e-05,1
11200,11205,11202.5,1.40984e-05,7.0492e-05,1
11210,11215,11212.5,1.40984e-05,7.0492e-05,1
11215,11220,11217.5,1.40984e-05,7.0492e-05,1
11230,11235,11232.5,1.40984e-05,7.0492e-05,1
11235,11240,11237.5,1.40984e-05,7.0492e-05,1
11240,11245,11242.5,1.40984e-05,7.0492e-05,1
11250,11255,11252.5,1.40984e-05,7.0492e-05,1
11265,11270,11267.5,1.40984e-05,7.0492e-05,1
11270,11275,11272.5,1.40984e-05,7.0492e-05,1
11290,11295,11292.5,1.40984e-05,7.0492e-05,1
11300,11305,11302.5,2.81968e-05,0.000140984,2
11305,11310,11307.5,1.40984e-05,7.0492e-05,1
11310,11315,11312.5,1.40984e-05,7.0492e-05,1
11315,11320,11317.5,1.40984e-05,7.0492e-05,1
11340,11345,11342.5,1.40984e-05,7.0492e-05,1
11350,11355,11352.5,2.81968e-05,0.000140984,2
11365,11370,11367.5,2.81968e-05,0.000140984,2
11380,11385,11382.5,1.40984e-05,7.0492e-05,1
11390,11395,11392.5,1.40984e-05,7.0492e-05,1
11415,11420,11417.5,1.40984e-05,7.0492e-05,1
11440,11445,11442.5,1.40984e-05,7.0492e-05,1
11450,11455,11452.5,1.40984e-05,7.0492e-05,1
11460,11465,11462.5,2.81968e-05,0.000140984,2
11465,11470,11467.5,1.40984e-05,7.0492e-05,1
11480,11485,11482.5,1.40984e-05,7.0492e-05,1
11485,11490,11487.5,2.81968e-05,0.000140984,2
11495,11500,11497.5,1.40984e-05,7.0492e-05,1
11515,11520,11517.5,1.40984e-05,7.0492e-05,1
11525,11530,11527.5,1.40984e-05,7.0492e-05,1
11530,11535,11532.5,1.40984e-05,7.0492e-05,1
11540,11545,11542.5,1.40984e-05,7.0492e-05,1
11550,11555,11552.5,1.40984e-05,7.0492e-05,1
11565,11570,11567.5,1.40984e-05,7.0492e-05,1
11575,11580,11577.5,2.81968e-05,0.000140984,2
11585,11590,11587.5,1.40984e-05,7.0492e-05,1
11590,11595,11592.5,1.40984e-05,7.0492e-05,1
11615,11620,11617.5,1.40984e-05,7.0492e-05,1
11625,11630,11627.5,2.81968e-05,0.000140984,2
11665,11670,11667.5,1.40984e-05,7.0492e-05,1
11695,11700,11697.5,1.40984e-05,7.0492e-05,1
11705,11710,11707.5,1.40984e-05,7.0492e-05,1
11720,11725,11722.5,1.40984e-05,7.0492e-05,1
11760,11765,11762.5,2.81968e-05,0.000140984,2
11765,11770,11767.5,2.81968e-05,0.000140984,2
11770,11775,11772.5,1.40984e-05,7.0492e-05,1
11775,11780,11777.5,2.81968e-05,0.000140984,2
11780,11785,11782.5,2.81968e-05,0.000140984,2
11785,11790,11787.5,1.40984e-05,7.0492e-05,1
11795,11800,11797.5,1.40984e-05,7.0492e-05,1
11815,11820,11817.5,1.40984e-05,7.0492e-05,1
11835,11840,11837.5,1.40984e-05,7.0492e-05,1
11855,11860,11857.5,1.40984e-05,7.0492e-05,1
11880,11885,11882.5,2.81968e-05,0.000140984,2
11905,11910,11907.5,1.40984e-05,7.0492e-05,1
11940,11945,11942.5,1.40984e-05,7.0492e-05,1
11945,11950,11947.5,1.40984e-05,7.0492e-05,1
11955,11960,11957.5,1.40984e-05,7.0492e-05,1
12000,12005,12002.5,1.40984e-05,7.0492e-05,1
12035,12040,12037.5,1.40984e-05,7.0492e-05,1
12045,12050,12047.5,1.40984e-05,7.0492e-05,1
12050,12055,12052.5,2.81968e-05,0.000140984,2
12110,12115,12112.5,1.40984e-05,7.0492e-05,1
12125,12130,12127.5,1.40984e-05,7.0492e-05,1
12135,12140,12137.5,1.40984e-05,7.0492e-05,1
12165,12170,12167.5,2.81968e-05,0.000140984,2
12170,12175,12172.5,1.40984e-05,7.0492e-05,1
12175,12180,12177.5,1.40984e-05,7.0492e-05,1
12180,12185,12182.5,1.40984e-05,7.0492e-05,1
12185,12190,12187.5,1.40984e-05,7.0492e-05,1
12195,12200,12197.5,1.40984e-05,7.0492e-05,1
12200,12205,12202.5,1.40984e-05,7.0492e-05,1
12210,12215,12212.5,2.81968e-05,0.000140984,2
12220,12225,12222.5,1.40984e-05,7.0492e-05,1
12235,12240,12237.5,1.40984e-05,7.0492e-05,1
12245,12250,12247.5,1.40984e-05,7.0492e-05,1
12255,12260,12257.5,1.40984e-05,7.0492e-05,1
12265,12270,12267.5,1.40984e-05,7.0492e-05,1
12280,12285,12282.5,1.40984e-05,7.0492e-05,1
12290,12295,12292.5,1.40984e-05,7.0492e-05,1
12310,12315,12312.5,1.40984e-05,7.0492e-05,1
12315,12320,12317.5,1.40984e-05,7.0492e-05,1
12320,12325,12322.5,1.40984e-05,7.0492e-05,1
12340,12345,12342.5,1.40984e-05,7.0492e-05,1
12360,12365,12362.5,2.81968e-05,0.000140984,2
12370,12375,12372.5,1.40984e-05,7.0492e-05,1
12380,12385,12382.5,1.40984e-05,7.0492e-05,1
12390,12395,12392.5,1.40984e-05,7.0492e-05,1
12400,12405,12402.5,1.40984e-05,7.0492e-05,1
12405,12410,12407.5,1.40984e-05,7.0492e-05,1
12410,12415,12412.5,1.40984e-05,7.0492e-05,1
12415,12420,12417.5,1.40984e-05,7.0492e-05,1
12425,12430,12427.5,1.40984e-05,7.0492e-05,1
12440,12445,12442.5,1.40984e-05,7.0492e-05,1
12450,12455,12452.5,1.40984e-05,7.0492e-05,1
12460,12465,12462.5,1.40984e-05,7.0492e-05,1
12505,12510,12507.5,2.81968e-05,0.000140984,2
12535,12540,12537.5,2.81968e-05,0.000140984,2
12570,12575,12572.5,1.40984e-05,7.0492e-05,1
12620,12625,12622.5,1.40984e-05,7.0492e-05,1
12650,12655,12652.5,1.40984e-05,7.0492e-05,1
12675,12680,12677.5,1.40984e-05,7.0492e-05,1
12690,12695,12692.5,1.40984e-05,7.0492e-05,1
12715,12720,12717.5,1.40984e-05,7.0492e-05,1
12720,12725,12722.5,1.40984e-05,7.0492e-05,1
12750,12755,12752.5,1.40984e-05,7.0492e-05,1
12780,12785,12782.5,1.40984e-05,7.0492e-05,1
12785,12790,12787.5,1.40984e-05,7.0492e-05,1
12825,12830,12827.5,1.40984e-05,7.0492e-05,1
12840,12845,12842.5,1.40984e-05,7.0492e-05,1
12875,12880,12877.5,1.40984e-05,7.0492e-05,1
12900,12905,12902.5,1.40984e-05,7.0492e-05,1
12930,12935,12932.5,1.40984e-05,7.0492e-05,1
12940,12945,12942.5,2.81968e-05,0.000140984,2
12955,12960,12957.5,1.40984e-05,7.0492e-05,1
12960,12965,12962.5,1.40984e-05,7.0492e-05,1
12975,12980,12977.5,1.40984e-05,7.0492e-05,1
12980,12985,12982.5,1.40984e-05,7.0492e-05,1
12995,13000,12997.5,1.40984e-05,7.0492e-05,1
13000,13005,13002.5,1.40984e-05,7.0492e-05,1
13010,13015,13012.5,1.40984e-05,7.0492e-05,1
13060,13065,13062.5,1.40984e-05,7.0492e-05,1
13105,13110,13107.5,1.40984e-05,7.0492e-05,1
13150,13155,13152.5,1.40984e-05,7.0492e-05,1
13155,13160,13157.5,1.40984e-05,7.0492e-05,1
13180,13185,13182.5,1.40984e-05,7.0492e-05,1
13210,13215,13212.5,1.40984e-05,7.0492e-05,1
13220,13225,13222.5,2.81968e-05,0.000140984,2
13240,13245,13242.5,1.40984e-05,7.0492e-05,1
13295,13300,13297.5,1.40984e-05,7.0492e-05,1
13315,13320,13317.5,1.40984e-05,7.0492e-05,1
13335,13340,13337.5,2.81968e-05,0.000140984,2
13345,13350,13347.5,2.81968e-05,0.000140984,2
13350,13355,13352.5,1.40984e-05,7.0492e-05,1
13415,13420,13417.5,1.40984e-05,7.0492e-05,1
13420,13425,13422.5,1.40984e-05,7.0492e-05,1
13425,13430,13427.5,1.40984e-05,7.0492e-05,1
13480,13485,13482.5,1.40984e-05,7.0492e-05,1
13500,13505,13502.5,1.40984e-05,7.0492e-05,1
13510,13515,13512.5,1.40984e-05,7.0492e-05,1
13515,13520,13517.5,1.40984e-05,7.0492e-05,1
13520,13525,13522.5,1.40984e-05,7.0492e-05,1
13545,13550,13547.5,1.40984e-05,7.0492e-05,1
13590,13595,13592.5,1.40984e-05,7.0492e-05,1
13630,13635,13632.5,1.40984e-05,7.0492e-05,1
13635,13640,13637.5,1.40984e-05,7.0492e-05,1
13645,13650,13647.5,1.40984e-05,7.0492e-05,1
13690,13695,13692.5,1.40984e-05,7.0492e-05,1
13695,13700,13697.5,1.40984e-05,7.0492e-05,1
13700,13705,13702.5,1.40984e-05,7.0492e-05,1
13705,13710,13707.5,1.40984e-05,7.0492e-05,1
13710,13715,13712.5,1.40984e-05,7.0492e-05,1
13725,13730,13727.5,2.81968e-05,0.000140984,2
13735,13740,13737.5,1.40984e-05,7.0492e-05,1
13770,13775,13772.5,2.81968e-05,0.000140984,2
13795,13800,13797.5,1.40984e-05,7.0492e-05,1
13800,13805,13802.5,1.40984e-05,7.0492e-05,1
13810,13815,13812.5,1.40984e-05,7.0492e-05,1
13820,13825,13822.5,1.40984e-05,7.0492e-05,1
13880,13885,13882.5,1.40984e-05,7.0492e-05,1
13890,13895,13892.5,1.40984e-05,7.0492e-05,1
13910,13915,13912.5,1.40984e-05,7.0492e-05,1
13960,13965,13962.5,1.40984e-05,7.0492e-05,1
13985,13990,13987.5,1.40984e-05,7.0492e-05,1
14050,14055,14052.5,1.40984e-05,7.0492e-05,1
14070,14075,14072.5,2.81968e-05,0.000140984,2
14080,14085,14082.5,1.40984e-05,7.0492e-05,1
14125,14130,14127.5,1.40984e-05,7.0492e-05,1
14215,14220,14217.5,1.40984e-05,7.0492e-05,1
14250,14255,14252.5,2.81968e-05,0.000140984,2
14290,14295,14292.5,1.40984e-05,7.0492e-05,1
14380,14385,14382.5,1.40984e-05,7.0492e-05,1
14490,14495,14492.5,1.40984e-05,7.0492e-05,1
14500,14505,14502.5,1.40984e-05,7.0492e-05,1
14515,14520,14517.5,2.81968e-05,0.000140984,2
14540,14545,14542.5,1.40984e-05,7.0492e-05,1
14550,14555,14552.5,1.40984e-05,7.0492e-05,1
14610,14615,14612.5,1.40984e-05,7.0492e-05,1
14635,14640,14637.5,1.40984e-05,7.0492e-05,1
14655,14660,14657.5,1.40984e-05,7.0492e-05,1
14660,14665,14662.5,1.40984e-05,7.0492e-05,1
14685,14690,14687.5,1.40984e-05,7.0492e-05,1
14690,14695,14692.5,1.40984e-05,7.0492e-05,1
14700,14705,14702.5,1.40984e-05,7.0492e-05,1
14710,14715,14712.5,1.40984e-05,7.0492e-05,1
14720,14725,14722.5,2.81968e-05,0.000140984,2
14725,14730,14727.5,1.40984e-05,7.0492e-05,1
14730,14735,14732.5,1.40984e-05,7.0492e-05,1
14820,14825,14822.5,1.40984e-05,7.0492e-05,1
14860,14865,14862.5,1.40984e-05,7.0492e-05,1
14875,14880,14877.5,1.40984e-05,7.0492e-05,1
14900,14905,14902.5,1.40984e-05,7.0492e-05,1
14980,14985,14982.5,2.81968e-05,0.000140984,2
14990,14995,14992.5,1.40984e-05,7.0492e-05,1
15020,15025,15022.5,1.40984e-05,7.0492e-05,1
15035,15040,15037.5,1.40984e-05,7.0492e-05,1
15055,15060,15057.5,1.40984e-05,7.0492e-05,1
15125,15130,15127.5,1.40984e-05,7.0492e-05,1
15160,15165,15162.5,1.40984e-05,7.0492e-05,1
15180,15185,15182.5,1.40984e-05,7.0492e-05,1
15185,15190,15187.5,1.40984e-05,7.0492e-05,1
15295,15300,15297.5,1.40984e-05,7.0492e-05,1
15335,15340,15337.5,1.40984e-05,7.0492e-05,1
15345,15350,15347.5,2.81968e-05,0.000140984,2
15350,15355,15352.5,1.40984e-05,7.0492e-05,1
15430,15435,15432.5,1.40984e-05,7.0492e-05,1
15445,15450,15447.5,1.40984e-05,7.0492e-05,1
15450,15455,15452.5,1.40984e-05,7.0492e-05,1
15480,15485,15482.5,1.40984e-05,7.0492e-05,1
15530,15535,15532.5,1.40984e-05,7.0492e-05,1
15560,15565,15562.5,1.40984e-05,7.0492e-05,1
15650,15655,15652.5,1.40984e-05,7.0492e-05,1
15665,15670,15667.5,1.40984e-05,7.0492e-05,1
15720,15725,15722.5,1.40984e-05,7.0492e-05,1
15770,15775,15772.5,1.40984e-05,7.0492e-05,1
15810,15815,15812.5,1.40984e-05,7.0492e-05,1
15845,15850,15847.5,1.40984e-05,7.0492e-05,1
15860,15865,15862.5,1.40984e-05,7.0492e-05,1
15895,15900,15897.5,1.40984e-05,7.0492e-05,1
15905,15910,15907.5,1.40984e-05,7.0492e-05,1
15935,15940,15937.5,1.40984e-05,7.0492e-05,1
15945,15950,15947.5,1.40984e-05,7.0492e-05,1
16085,16090,16087.5,1.40984e-05,7.0492e-05,1
16135,16140,16137.5,1.40984e-05,7.0492e-05,1
16140,16145,16142.5,1.40984e-05,7.0492e-05,1
16150,16155,16152.5,1.40984e-05,7.0492e-05,1
16155,16160,16157.5,1.40984e-05,7.0492e-05,1
16160,16165,16162.5,1.40984e-05,7.0492e-05,1
16320,16325,16322.5,1.40984e-05,7.0492e-05,1
16400,16405,16402.5,1.40984e-05,7.0492e-05,1
16570,16575,16572.5,1.40984e-05,7.0492e-05,1
16590,16595,16592.5,1.40984e-05,7.0492e-05,1
16645,16650,16647.5,1.40984e-05,7.0492e-05,1
16725,16730,16727.5,1.40984e-05,7.0492e-05,1
16810,16815,16812.5,1.40984e-05,7.0492e-05,1
16865,16870,16867.5,1.40984e-05,7.0492e-05,1
16930,16935,16932.5,1.40984e-05,7.0492e-05,1
17005,17010,17007.5,1.40984e-05,7.0492e-05,1
17010,17015,17012.5,1.40984e-05,7.0492e-05,1
17020,17025,17022.5,1.40984e-05,7.0492e-05,1
17070,17075,17072.5,1.40984e-05,7.0492e-05,1
17165,17170,17167.5,1.40984e-05,7.0492e-05,1
17260,17265,17262.5,1.40984e-05,7.0492e-05,1
17380,17385,17382.5,1.40984e-05,7.0492e-05,1
17400,17405,17402.5,1.40984e-05,7.0492e-05,1
17445,17450,17447.5,1.40984e-05,7.0492e-05,1
17495,17500,17497.5,1.40984e-05,7.0492e-05,1
17545,17550,17547.5,1.40984e-05,7.0492e-05,1
17550,17555,17552.5,1.40984e-05,7.0492e-05,1
17580,17585,17582.5,1.40984e-05,7.0492e-05,1
17720,17725,17722.5,1.40984e-05,7.0492e-05,1
17895,17900,17897.5,1.40984e-05,7.0492e-05,1
17925,17930,17927.5,1.40984e-05,7.0492e-05,1
18005,18010,18007.5,1.40984e-05,7.0492e-05,1
18040,18045,18042.5,1.40984e-05,7.0492e-05,1
18050,18055,18052.5,1.40984e-05,7.0492e-05,1
18095,18100,18097.5,1.40984e-05,7.0492e-05,1
18210,18215,18212.5,1.40984e-05,7.0492e-05,1
18235,18240,18237.5,1.40984e-05,7.0492e-05,1
18365,18370,18367.5,1.40984e-05,7.0492e-05,1
18435,18440,18437.5,1.40984e-05,7.0492e-05,1
18500,18505,18502.5,1.40984e-05,7.0492e-05,1
18640,18645,18642.5,2.81968e-05,0.000140984,2
18800,18805,18802.5,1.40984e-05,7.0492e-05,1
18870,18875,18872.5,1.40984e-05,7.0492e-05,1
19225,19230,19227.5,1.40984e-05,7.0492e-05,1
19415,19420,19417.5,1.40984e-05,7.0492e-05,1
19540,19545,19542.5,1.40984e-05,7.0492e-05,1
19695,19700,19697.5,1.40984e-05,7.0492e-05,1
19700,19705,19702.5,1.40984e-05,7.0492e-05,1
19780,19785,19782.5,1.40984e-05,7.0492e-05,1
19825,19830,19827.5,1.40984e-05,7.0492e-05,1
20030,20035,20032.5,1.40984e-05,7.0492e-05,1
20130,20135,20132.5,1.40984e-05,7.0492e-05,1
20315,20320,20317.5,1.40984e-05,7.0492e-05,1
20390,20395,20392.5,1.40984e-05,7.0492e-05,1
20635,20640,20637.5,1.40984e-05,7.0492e-05,1
20900,20905,20902.5,1.40984e-05,7.0492e-05,1
21290,21295,21292.5,1.40984e-05,7.0492e-05,1
21390,21395,21392.5,1.40984e-05,7.0492e-05,1
21795,21800,21797.5,1.40984e-05,7.0492e-05,1
21990,21995,21992.5,1.40984e-05,7.0492e-05,1
22195,22200,22197.5,1.40984e-05,7.0492e-05,1
22230,22235,22232.5,1.40984e-05,7.0492e-05,1
22260,22265,22262.5,1.40984e-05,7.0492e-05,1
22905,22910,22907.5,1.40984e-05,7.0492e-05,1
23210,23215,23212.5,1.40984e-05,7.0492e-05,1
23405,23410,23407.5,1.40984e-05,7.0492e-05,1
24175,24180,24177.5,1.40984e-05,7.0492e-05,1
24265,24270,24267.5,1.40984e-05,7.0492e-05,1
24700,24705,24702.5,1.40984e-05,7.0492e-05,1
25280,25285,25282.5,1.40984e-05,7.0492e-05,1
25665,25670,25667.5,1.40984e-05,7.0492e-05,1
26050,26055,26052.5,1.40984e-05,7.0492e-05,1
26280,26285,26282.5,1.40984e-05,7.0492e-05,1
27025,27030,27027.5,1.40984e-05,7.0492e-05,1
28235,28240,28237.5,1.40984e-05,7.0492e-05,1
29140,29145,29142.5,1.40984e-05,7.0492e-05,1
33400,33405,33402.5,1.40984e-05,7.0492e-05,1
35760,35765,35762.5,1.40984e-05,7.0492e-05,1
37465,37470,37467.5,1.40984e-05,7.0492e-05,1
41205,41210,41207.5,1.40984e-05,7.0492e-05,1
43475,43480,43477.5,1.40984e-05,7.0492e-05,1
VO Delay PDF CSV saved: /home/nathanlo/ns-3.45/scratch/delay_pdf/11be/adaptive_compare_burst/adaptive2_k15_s2_all.csv

P-EDCA STA Delay PDF CSV saved: /home/nathanlo/ns-3.45/scratch/delay_pdf/11be/adaptive_compare_burst/adaptive2_k15_s2.csv
Legacy STA Delay PDF CSV saved: /home/nathanlo/ns-3.45/scratch/delay_pdf/11be/adaptive_compare_burst/adaptive2_k15_s2_legacy.csv
--- EXTENDED_STATS_BEGIN ---
PEDCA_STA_SUCC_COUNT: 5427
PEDCA_STA_FAIL_COUNT: 109
PEDCA_STA_ZERO_RETX: 5427
LEGACY_STA_SUCC_COUNT: 8759
LEGACY_STA_FAIL_COUNT: 415
LEGACY_STA_ZERO_RETX: 8758
PEDCA_STA_AVG_MAC_DELAY: 2642.49
PEDCA_STA_AVG_QUEUE_DELAY: 2315.8
PEDCA_STA_AVG_ACCESS_DELAY: 326.694
LEGACY_STA_AVG_MAC_DELAY: 2365.77
LEGACY_STA_AVG_QUEUE_DELAY: 2062.9
LEGACY_STA_AVG_ACCESS_DELAY: 302.868
--- EXTENDED_STATS_END ---
