[INFO] std::clog redirected to: /dev/null

--- Per-STA P-EDCA Detail ---
  STA0: DS-CTS=3 S2Entry=3 S2Tx=3 PedcaOK=3 EdcaOK=0 FailCTS=0 FailColl=0 FailExp=0 Defer=0
  STA1: DS-CTS=61 S2Entry=61 S2Tx=56 PedcaOK=56 EdcaOK=478 FailCTS=0 FailColl=0 FailExp=0 Defer=0
  STA2: DS-CTS=283 S2Entry=283 S2Tx=202 PedcaOK=194 EdcaOK=237 FailCTS=2 FailColl=6 FailExp=0 Defer=0
  STA3: DS-CTS=220 S2Entry=220 S2Tx=178 PedcaOK=172 EdcaOK=351 FailCTS=5 FailColl=1 FailExp=0 Defer=0
  STA4: DS-CTS=214 S2Entry=214 S2Tx=184 PedcaOK=180 EdcaOK=419 FailCTS=4 FailColl=0 FailExp=0 Defer=0

=== General Statistics ===
P-EDCA Ratio: 0.1667
P-EDCA STAs: 5/30
P-EDCA Share (Avg Per-STA P-EDCA Tx/Total Tx): 43.6872 %
Avg P-EDCA Attempt Success Rate: 84.5297 %
Global P-EDCA Tx Success: 605
Global EDCA Tx Success: 1485
Global P-EDCA Attempt (DS-CTS Sent): 781

--- P-EDCA Detailed Trace ---
Stage 2 Entered: 781
Stage 2 TX Started: 623
P-EDCA Fail RTS No CTS: 11
P-EDCA Fail RTS Collision: 7
P-EDCA Fail Timing Expired: 0
P-EDCA Fail Deferral: 0
Total VO TX (P-EDCA+EDCA): 2090
Global P-EDCA Share: 28.9474 %
Global EDCA Share: 71.0526 %
Channel Idle Time (AP): 26.3399 % (1.84379e+06 us / 7e+06 us)
Total Successes:       14199
Total Failures:        641
Total Retransmissions: 1

--- Per-AC Success Statistics ---
AC_BE:
  Successes:         50
  Throughput:        0.0571429 Mbps
  Packet Loss:       38.2716 %
  Avg Retx/MPDU:     0
  Avg Queue Delay:   -1.72089e+06 us (Enqueue->TxStart)
  Avg Access Delay:  1.80612e+06 us (TxStart->Ack)
  Avg MAC Delay:     85226.7 us (Total: Enqueue->Ack)

AC_VO:
  Successes:         14149
  Throughput:        16.1703 Mbps
  Packet Loss:       4.13307 %
  Avg Retx/MPDU:     7.06764e-05
  Avg Queue Delay:   1943.65 us (Enqueue->TxStart)
  Avg Access Delay:  292.33 us (TxStart->Ack)
  Avg MAC Delay:     2235.98 us (Total: Enqueue->Ack)

--- Per-AC Failure Statistics ---
AC_BE Failures: 31
AC_VO Failures: 610

--- Failure Reasons by AC ---
  AC_BE EXPIRED_LIFETIME: 31
  AC_VO RETRY_LIMIT: 610


=== Extended P-EDCA vs Legacy Statistics ===

--- [Stat 1] Delay by STA Type ---
P-EDCA STAs (5 STAs):
  Successes:         2222
  Failures:          3
  Throughput:        2.53943 Mbps
  Packet Loss:       0.134831 %
  Avg Queue Delay:   1691.02 us
  Avg Access Delay:  281.772 us
  Avg MAC Delay:     1972.79 us
  Median MAC Delay:  1291 us
  P95 MAC Delay:     4961 us
  P99 MAC Delay:     11442 us
Legacy EDCA STAs (25 STAs):
  Successes:         11927
  Failures:          607
  Throughput:        13.6309 Mbps
  Packet Loss:       4.84283 %
  Avg Queue Delay:   1990.71 us
  Avg Access Delay:  294.297 us
  Avg MAC Delay:     2285.01 us
  Median MAC Delay:  1432 us
  P95 MAC Delay:     7802 us
  P99 MAC Delay:     12374 us

--- [Stat 2] Per-STA P-EDCA Attempt Count (DS-CTS Sent) ---
  STA0: 3 P-EDCA attempts
  STA1: 61 P-EDCA attempts
  STA2: 283 P-EDCA attempts
  STA3: 220 P-EDCA attempts
  STA4: 214 P-EDCA attempts
  Total: 781 P-EDCA attempts across 5 P-EDCA STAs
  Avg per P-EDCA STA: 156.2

--- [Stat 3] P-EDCA One-Shot Success Probability ---
  P-EDCA Success / DS-CTS Sent:      605 / 781 = 77.4648 %
  P-EDCA Success / Stage2 TX Started: 605 / 623 = 97.1108 %  (given RTS was actually sent)

--- [Stat 4] EDCA One-Shot Success Ratio (0 retransmissions) ---
  Legacy STAs: 11927 / 11927 = 100 %
  P-EDCA STAs: 2221 / 2222 = 99.955 %  (MAC-level, includes both P-EDCA and EDCA paths)

--- [Stat 5] P-EDCA Kickback-to-EDCA Probability ---
  Total P-EDCA Failures: 18 / 781 DS-CTS = 2.30474 %
    RTS No CTS:       11 (1.40845 %)
    RTS Collision:    7 (0.896287 %)
    Timing Expired:   0 (0 %)
    Deferral:         0 (0 %)

--- [Stat 6] P-EDCA RTS Collision Probability ---
  RTS Collision / Stage2 TX Started: 7 / 623 = 1.1236 %
  RTS Collision / DS-CTS Sent:       7 / 781 = 0.896287 %

--- [Stat 7] P-EDCA Attempts per Successful P-EDCA TX ---
  DS-CTS Sent / P-EDCA Success: 781 / 605 = 1.29091 attempts/success
  Stage2 TX / P-EDCA Success:   623 / 605 = 1.02975 RTS/success

--- VO Delay PDF (MAC Delay) ---
bin_start_us,bin_end_us,bin_mid_us,pdf_per_us,probability,count
210,215,212.5,8.48116e-05,0.000424058,6
215,220,217.5,0.000127217,0.000636087,9
220,225,222.5,7.06764e-05,0.000353382,5
225,230,227.5,0.000155488,0.00077744,11
230,235,232.5,2.82705e-05,0.000141353,2
235,240,237.5,5.65411e-05,0.000282705,4
240,245,242.5,0.000113082,0.000565411,8
245,250,247.5,5.65411e-05,0.000282705,4
250,255,252.5,0.000141353,0.000706764,10
255,260,257.5,0.000127217,0.000636087,9
260,265,262.5,1.41353e-05,7.06764e-05,1
265,270,267.5,0.000127217,0.000636087,9
270,275,272.5,7.06764e-05,0.000353382,5
275,280,277.5,8.48116e-05,0.000424058,6
280,285,282.5,4.24058e-05,0.000212029,3
285,290,287.5,8.48116e-05,0.000424058,6
290,295,292.5,0.000155488,0.00077744,11
295,300,297.5,0.000127217,0.000636087,9
300,305,302.5,9.89469e-05,0.000494735,7
305,310,307.5,0.000155488,0.00077744,11
310,315,312.5,8.48116e-05,0.000424058,6
315,320,317.5,0.000127217,0.000636087,9
320,325,322.5,9.89469e-05,0.000494735,7
325,330,327.5,5.65411e-05,0.000282705,4
330,335,332.5,0.000169623,0.000848116,12
335,340,337.5,7.06764e-05,0.000353382,5
340,345,342.5,0.002403,0.012015,170
345,350,347.5,0.00339247,0.0169623,240
350,355,352.5,0.00134285,0.00671426,95
355,360,357.5,0.000833981,0.00416991,59
360,365,362.5,0.000692628,0.00346314,49
365,370,367.5,0.000848116,0.00424058,60
370,375,372.5,0.000890522,0.00445261,63
375,380,377.5,0.000367517,0.00183759,26
380,385,382.5,0.000226164,0.00113082,16
385,390,387.5,0.000466464,0.00233232,33
390,395,392.5,0.000381652,0.00190826,27
395,400,397.5,0.000282705,0.00141353,20
400,405,402.5,0.000409923,0.00204961,29
405,410,407.5,0.000494735,0.00247367,35
410,415,412.5,0.000381652,0.00190826,27
415,420,417.5,0.000579546,0.00289773,41
420,425,422.5,0.000523005,0.00261503,37
425,430,427.5,0.000353382,0.00176691,25
430,435,432.5,0.000494735,0.00247367,35
435,440,437.5,0.00026857,0.00134285,19
440,445,442.5,0.000480599,0.002403,34
445,450,447.5,0.000339247,0.00169623,24
450,455,452.5,0.0147714,0.0738568,1045
455,460,457.5,0.000339247,0.00169623,24
460,465,462.5,0.000367517,0.00183759,26
465,470,467.5,0.000325111,0.00162556,23
470,475,472.5,0.000339247,0.00169623,24
475,480,477.5,0.000325111,0.00162556,23
480,485,482.5,0.000395788,0.00197894,28
485,490,487.5,0.000310976,0.00155488,22
490,495,492.5,0.000395788,0.00197894,28
495,500,497.5,0.000353382,0.00176691,25
500,505,502.5,0.000438194,0.00219097,31
505,510,507.5,0.000452329,0.00226164,32
510,515,512.5,0.000494735,0.00247367,35
515,520,517.5,0.000466464,0.00233232,33
520,525,522.5,0.000494735,0.00247367,35
525,530,527.5,0.000593682,0.00296841,42
530,535,532.5,0.000636087,0.00318044,45
535,540,537.5,0.000367517,0.00183759,26
540,545,542.5,0.000282705,0.00141353,20
545,550,547.5,0.000339247,0.00169623,24
550,555,552.5,0.000367517,0.00183759,26
555,560,557.5,0.000438194,0.00219097,31
560,565,562.5,0.000735034,0.00367517,52
565,570,567.5,0.000339247,0.00169623,24
570,575,572.5,0.000409923,0.00204961,29
575,580,577.5,0.000339247,0.00169623,24
580,585,582.5,0.000579546,0.00289773,41
585,590,587.5,0.000424058,0.00212029,30
590,595,592.5,0.000466464,0.00233232,33
595,600,597.5,0.000296841,0.0014842,21
600,605,602.5,0.000381652,0.00190826,27
605,610,607.5,0.000452329,0.00226164,32
610,615,612.5,0.00053714,0.0026857,38
615,620,617.5,0.000395788,0.00197894,28
620,625,622.5,0.000466464,0.00233232,33
625,630,627.5,0.000339247,0.00169623,24
630,635,632.5,0.000367517,0.00183759,26
635,640,637.5,0.000310976,0.00155488,22
640,645,642.5,0.000353382,0.00176691,25
645,650,647.5,0.000466464,0.00233232,33
650,655,652.5,0.000409923,0.00204961,29
655,660,657.5,0.000438194,0.00219097,31
660,665,662.5,0.000339247,0.00169623,24
665,670,667.5,0.00050887,0.00254435,36
670,675,672.5,0.0036045,0.0180225,255
675,680,677.5,0.000424058,0.00212029,30
680,685,682.5,0.000395788,0.00197894,28
685,690,687.5,0.000381652,0.00190826,27
690,695,692.5,0.000381652,0.00190826,27
695,700,697.5,0.000466464,0.00233232,33
700,705,702.5,0.000438194,0.00219097,31
705,710,707.5,0.000226164,0.00113082,16
710,715,712.5,0.000254435,0.00127217,18
715,720,717.5,0.000409923,0.00204961,29
720,725,722.5,0.000254435,0.00127217,18
725,730,727.5,0.000466464,0.00233232,33
730,735,732.5,0.000409923,0.00204961,29
735,740,737.5,0.000282705,0.00141353,20
740,745,742.5,0.000226164,0.00113082,16
745,750,747.5,0.000395788,0.00197894,28
750,755,752.5,0.000551276,0.00275638,39
755,760,757.5,0.000466464,0.00233232,33
760,765,762.5,0.000282705,0.00141353,20
765,770,767.5,0.000212029,0.00106015,15
770,775,772.5,0.000593682,0.00296841,42
775,780,777.5,0.000367517,0.00183759,26
780,785,782.5,0.000678493,0.00339247,48
785,790,787.5,0.000254435,0.00127217,18
790,795,792.5,0.000254435,0.00127217,18
795,800,797.5,0.000155488,0.00077744,11
800,805,802.5,0.000296841,0.0014842,21
805,810,807.5,0.000197894,0.000989469,14
810,815,812.5,0.000183759,0.000918793,13
815,820,817.5,0.000169623,0.000848116,12
820,825,822.5,0.000254435,0.00127217,18
825,830,827.5,0.000155488,0.00077744,11
830,835,832.5,0.00026857,0.00134285,19
835,840,837.5,0.000254435,0.00127217,18
840,845,842.5,0.000339247,0.00169623,24
845,850,847.5,0.000325111,0.00162556,23
850,855,852.5,0.000367517,0.00183759,26
855,860,857.5,0.000424058,0.00212029,30
860,865,862.5,0.000310976,0.00155488,22
865,870,867.5,0.000353382,0.00176691,25
870,875,872.5,0.000282705,0.00141353,20
875,880,877.5,0.0002403,0.0012015,17
880,885,882.5,0.000226164,0.00113082,16
885,890,887.5,0.000282705,0.00141353,20
890,895,892.5,0.000353382,0.00176691,25
895,900,897.5,0.000409923,0.00204961,29
900,905,902.5,0.000325111,0.00162556,23
905,910,907.5,0.000296841,0.0014842,21
910,915,912.5,0.000212029,0.00106015,15
915,920,917.5,0.000367517,0.00183759,26
920,925,922.5,0.000353382,0.00176691,25
925,930,927.5,0.0002403,0.0012015,17
930,935,932.5,0.0002403,0.0012015,17
935,940,937.5,0.000183759,0.000918793,13
940,945,942.5,0.000254435,0.00127217,18
945,950,947.5,0.000254435,0.00127217,18
950,955,952.5,0.000226164,0.00113082,16
955,960,957.5,0.000282705,0.00141353,20
960,965,962.5,0.000197894,0.000989469,14
965,970,967.5,0.000254435,0.00127217,18
970,975,972.5,0.000296841,0.0014842,21
975,980,977.5,0.000381652,0.00190826,27
980,985,982.5,0.000706764,0.00353382,50
985,990,987.5,0.00026857,0.00134285,19
990,995,992.5,0.000282705,0.00141353,20
995,1000,997.5,0.00026857,0.00134285,19
1000,1005,1002.5,0.000296841,0.0014842,21
1005,1010,1007.5,0.000381652,0.00190826,27
1010,1015,1012.5,0.000197894,0.000989469,14
1015,1020,1017.5,0.000367517,0.00183759,26
1020,1025,1022.5,0.000325111,0.00162556,23
1025,1030,1027.5,0.00026857,0.00134285,19
1030,1035,1032.5,0.000353382,0.00176691,25
1035,1040,1037.5,0.000254435,0.00127217,18
1040,1045,1042.5,0.000339247,0.00169623,24
1045,1050,1047.5,0.000353382,0.00176691,25
1050,1055,1052.5,0.000367517,0.00183759,26
1055,1060,1057.5,0.000325111,0.00162556,23
1060,1065,1062.5,0.000353382,0.00176691,25
1065,1070,1067.5,0.000325111,0.00162556,23
1070,1075,1072.5,0.000339247,0.00169623,24
1075,1080,1077.5,0.000452329,0.00226164,32
1080,1085,1082.5,0.00026857,0.00134285,19
1085,1090,1087.5,0.000409923,0.00204961,29
1090,1095,1092.5,0.00050887,0.00254435,36
1095,1100,1097.5,0.000353382,0.00176691,25
1100,1105,1102.5,0.000339247,0.00169623,24
1105,1110,1107.5,0.000310976,0.00155488,22
1110,1115,1112.5,0.000395788,0.00197894,28
1115,1120,1117.5,0.000282705,0.00141353,20
1120,1125,1122.5,0.000310976,0.00155488,22
1125,1130,1127.5,0.000226164,0.00113082,16
1130,1135,1132.5,0.000254435,0.00127217,18
1135,1140,1137.5,0.000353382,0.00176691,25
1140,1145,1142.5,0.000282705,0.00141353,20
1145,1150,1147.5,0.000296841,0.0014842,21
1150,1155,1152.5,0.000367517,0.00183759,26
1155,1160,1157.5,0.000282705,0.00141353,20
1160,1165,1162.5,0.000367517,0.00183759,26
1165,1170,1167.5,0.000155488,0.00077744,11
1170,1175,1172.5,0.000254435,0.00127217,18
1175,1180,1177.5,0.000282705,0.00141353,20
1180,1185,1182.5,0.0002403,0.0012015,17
1185,1190,1187.5,0.000353382,0.00176691,25
1190,1195,1192.5,0.000395788,0.00197894,28
1195,1200,1197.5,0.000254435,0.00127217,18
1200,1205,1202.5,0.000353382,0.00176691,25
1205,1210,1207.5,0.000310976,0.00155488,22
1210,1215,1212.5,0.000409923,0.00204961,29
1215,1220,1217.5,0.000353382,0.00176691,25
1220,1225,1222.5,0.000353382,0.00176691,25
1225,1230,1227.5,0.000353382,0.00176691,25
1230,1235,1232.5,0.000212029,0.00106015,15
1235,1240,1237.5,0.000282705,0.00141353,20
1240,1245,1242.5,0.000113082,0.000565411,8
1245,1250,1247.5,0.000367517,0.00183759,26
1250,1255,1252.5,0.000282705,0.00141353,20
1255,1260,1257.5,0.000254435,0.00127217,18
1260,1265,1262.5,0.000183759,0.000918793,13
1265,1270,1267.5,0.000254435,0.00127217,18
1270,1275,1272.5,0.000197894,0.000989469,14
1275,1280,1277.5,0.000212029,0.00106015,15
1280,1285,1282.5,0.000155488,0.00077744,11
1285,1290,1287.5,0.000296841,0.0014842,21
1290,1295,1292.5,0.0002403,0.0012015,17
1295,1300,1297.5,0.000212029,0.00106015,15
1300,1305,1302.5,0.000226164,0.00113082,16
1305,1310,1307.5,0.00026857,0.00134285,19
1310,1315,1312.5,0.000226164,0.00113082,16
1315,1320,1317.5,0.000282705,0.00141353,20
1320,1325,1322.5,0.000367517,0.00183759,26
1325,1330,1327.5,0.000169623,0.000848116,12
1330,1335,1332.5,0.00026857,0.00134285,19
1335,1340,1337.5,0.000254435,0.00127217,18
1340,1345,1342.5,0.000381652,0.00190826,27
1345,1350,1347.5,0.000226164,0.00113082,16
1350,1355,1352.5,0.000282705,0.00141353,20
1355,1360,1357.5,0.000226164,0.00113082,16
1360,1365,1362.5,0.000197894,0.000989469,14
1365,1370,1367.5,0.000296841,0.0014842,21
1370,1375,1372.5,0.000155488,0.00077744,11
1375,1380,1377.5,0.0002403,0.0012015,17
1380,1385,1382.5,0.000212029,0.00106015,15
1385,1390,1387.5,0.000226164,0.00113082,16
1390,1395,1392.5,0.000254435,0.00127217,18
1395,1400,1397.5,0.000310976,0.00155488,22
1400,1405,1402.5,0.0002403,0.0012015,17
1405,1410,1407.5,0.000282705,0.00141353,20
1410,1415,1412.5,0.000325111,0.00162556,23
1415,1420,1417.5,0.000212029,0.00106015,15
1420,1425,1422.5,0.000183759,0.000918793,13
1425,1430,1427.5,0.000395788,0.00197894,28
1430,1435,1432.5,0.000296841,0.0014842,21
1435,1440,1437.5,0.000155488,0.00077744,11
1440,1445,1442.5,0.000353382,0.00176691,25
1445,1450,1447.5,0.000169623,0.000848116,12
1450,1455,1452.5,0.000212029,0.00106015,15
1455,1460,1457.5,0.000226164,0.00113082,16
1460,1465,1462.5,0.000197894,0.000989469,14
1465,1470,1467.5,0.000339247,0.00169623,24
1470,1475,1472.5,0.000310976,0.00155488,22
1475,1480,1477.5,0.000169623,0.000848116,12
1480,1485,1482.5,0.000310976,0.00155488,22
1485,1490,1487.5,0.000155488,0.00077744,11
1490,1495,1492.5,0.00026857,0.00134285,19
1495,1500,1497.5,0.000226164,0.00113082,16
1500,1505,1502.5,0.000310976,0.00155488,22
1505,1510,1507.5,0.000325111,0.00162556,23
1510,1515,1512.5,0.000296841,0.0014842,21
1515,1520,1517.5,0.000169623,0.000848116,12
1520,1525,1522.5,0.000296841,0.0014842,21
1525,1530,1527.5,0.000169623,0.000848116,12
1530,1535,1532.5,0.000296841,0.0014842,21
1535,1540,1537.5,0.000282705,0.00141353,20
1540,1545,1542.5,0.000169623,0.000848116,12
1545,1550,1547.5,0.000310976,0.00155488,22
1550,1555,1552.5,0.000197894,0.000989469,14
1555,1560,1557.5,0.000127217,0.000636087,9
1560,1565,1562.5,0.000254435,0.00127217,18
1565,1570,1567.5,0.00026857,0.00134285,19
1570,1575,1572.5,0.000282705,0.00141353,20
1575,1580,1577.5,0.0002403,0.0012015,17
1580,1585,1582.5,0.00026857,0.00134285,19
1585,1590,1587.5,0.000113082,0.000565411,8
1590,1595,1592.5,0.000169623,0.000848116,12
1595,1600,1597.5,0.00026857,0.00134285,19
1600,1605,1602.5,0.000141353,0.000706764,10
1605,1610,1607.5,0.000169623,0.000848116,12
1610,1615,1612.5,0.000141353,0.000706764,10
1615,1620,1617.5,0.000212029,0.00106015,15
1620,1625,1622.5,0.000212029,0.00106015,15
1625,1630,1627.5,0.000212029,0.00106015,15
1630,1635,1632.5,0.000212029,0.00106015,15
1635,1640,1637.5,0.000183759,0.000918793,13
1640,1645,1642.5,0.000197894,0.000989469,14
1645,1650,1647.5,0.000212029,0.00106015,15
1650,1655,1652.5,0.00026857,0.00134285,19
1655,1660,1657.5,0.000226164,0.00113082,16
1660,1665,1662.5,0.000296841,0.0014842,21
1665,1670,1667.5,0.000254435,0.00127217,18
1670,1675,1672.5,0.000127217,0.000636087,9
1675,1680,1677.5,0.000155488,0.00077744,11
1680,1685,1682.5,0.000113082,0.000565411,8
1685,1690,1687.5,0.000183759,0.000918793,13
1690,1695,1692.5,0.000197894,0.000989469,14
1695,1700,1697.5,0.000310976,0.00155488,22
1700,1705,1702.5,0.000325111,0.00162556,23
1705,1710,1707.5,0.000183759,0.000918793,13
1710,1715,1712.5,0.000183759,0.000918793,13
1715,1720,1717.5,0.000197894,0.000989469,14
1720,1725,1722.5,0.000197894,0.000989469,14
1725,1730,1727.5,0.000197894,0.000989469,14
1730,1735,1732.5,0.000296841,0.0014842,21
1735,1740,1737.5,0.000113082,0.000565411,8
1740,1745,1742.5,0.000141353,0.000706764,10
1745,1750,1747.5,0.000169623,0.000848116,12
1750,1755,1752.5,0.000226164,0.00113082,16
1755,1760,1757.5,0.000183759,0.000918793,13
1760,1765,1762.5,0.000282705,0.00141353,20
1765,1770,1767.5,0.000169623,0.000848116,12
1770,1775,1772.5,0.000169623,0.000848116,12
1775,1780,1777.5,0.000197894,0.000989469,14
1780,1785,1782.5,0.000169623,0.000848116,12
1785,1790,1787.5,0.000113082,0.000565411,8
1790,1795,1792.5,0.000197894,0.000989469,14
1795,1800,1797.5,0.000169623,0.000848116,12
1800,1805,1802.5,0.000226164,0.00113082,16
1805,1810,1807.5,0.000226164,0.00113082,16
1810,1815,1812.5,0.000197894,0.000989469,14
1815,1820,1817.5,0.000169623,0.000848116,12
1820,1825,1822.5,0.000169623,0.000848116,12
1825,1830,1827.5,0.000169623,0.000848116,12
1830,1835,1832.5,0.0002403,0.0012015,17
1835,1840,1837.5,0.000296841,0.0014842,21
1840,1845,1842.5,0.000127217,0.000636087,9
1845,1850,1847.5,0.000183759,0.000918793,13
1850,1855,1852.5,0.000127217,0.000636087,9
1855,1860,1857.5,0.000197894,0.000989469,14
1860,1865,1862.5,0.000183759,0.000918793,13
1865,1870,1867.5,9.89469e-05,0.000494735,7
1870,1875,1872.5,0.000183759,0.000918793,13
1875,1880,1877.5,0.000282705,0.00141353,20
1880,1885,1882.5,0.000141353,0.000706764,10
1885,1890,1887.5,0.000183759,0.000918793,13
1890,1895,1892.5,0.000183759,0.000918793,13
1895,1900,1897.5,0.0002403,0.0012015,17
1900,1905,1902.5,0.000155488,0.00077744,11
1905,1910,1907.5,0.000197894,0.000989469,14
1910,1915,1912.5,0.000113082,0.000565411,8
1915,1920,1917.5,7.06764e-05,0.000353382,5
1920,1925,1922.5,0.000212029,0.00106015,15
1925,1930,1927.5,0.000155488,0.00077744,11
1930,1935,1932.5,0.000169623,0.000848116,12
1935,1940,1937.5,0.000155488,0.00077744,11
1940,1945,1942.5,0.000141353,0.000706764,10
1945,1950,1947.5,9.89469e-05,0.000494735,7
1950,1955,1952.5,0.000127217,0.000636087,9
1955,1960,1957.5,0.000197894,0.000989469,14
1960,1965,1962.5,0.000226164,0.00113082,16
1965,1970,1967.5,0.0002403,0.0012015,17
1970,1975,1972.5,0.000183759,0.000918793,13
1975,1980,1977.5,0.000127217,0.000636087,9
1980,1985,1982.5,0.000183759,0.000918793,13
1985,1990,1987.5,9.89469e-05,0.000494735,7
1990,1995,1992.5,0.000183759,0.000918793,13
1995,2000,1997.5,0.000141353,0.000706764,10
2000,2005,2002.5,0.000212029,0.00106015,15
2005,2010,2007.5,0.000127217,0.000636087,9
2010,2015,2012.5,0.000197894,0.000989469,14
2015,2020,2017.5,0.000155488,0.00077744,11
2020,2025,2022.5,0.000197894,0.000989469,14
2025,2030,2027.5,0.000141353,0.000706764,10
2030,2035,2032.5,7.06764e-05,0.000353382,5
2035,2040,2037.5,0.000169623,0.000848116,12
2040,2045,2042.5,0.000155488,0.00077744,11
2045,2050,2047.5,0.000127217,0.000636087,9
2050,2055,2052.5,0.000155488,0.00077744,11
2055,2060,2057.5,0.000141353,0.000706764,10
2060,2065,2062.5,0.000226164,0.00113082,16
2065,2070,2067.5,0.000169623,0.000848116,12
2070,2075,2072.5,0.000169623,0.000848116,12
2075,2080,2077.5,0.000127217,0.000636087,9
2080,2085,2082.5,0.000169623,0.000848116,12
2085,2090,2087.5,0.000183759,0.000918793,13
2090,2095,2092.5,0.000141353,0.000706764,10
2095,2100,2097.5,7.06764e-05,0.000353382,5
2100,2105,2102.5,0.000212029,0.00106015,15
2105,2110,2107.5,0.000141353,0.000706764,10
2110,2115,2112.5,0.000155488,0.00077744,11
2115,2120,2117.5,0.000127217,0.000636087,9
2120,2125,2122.5,0.000169623,0.000848116,12
2125,2130,2127.5,8.48116e-05,0.000424058,6
2130,2135,2132.5,0.000155488,0.00077744,11
2135,2140,2137.5,0.000169623,0.000848116,12
2140,2145,2142.5,8.48116e-05,0.000424058,6
2145,2150,2147.5,0.000113082,0.000565411,8
2150,2155,2152.5,0.000155488,0.00077744,11
2155,2160,2157.5,0.000113082,0.000565411,8
2160,2165,2162.5,8.48116e-05,0.000424058,6
2165,2170,2167.5,0.000141353,0.000706764,10
2170,2175,2172.5,0.000169623,0.000848116,12
2175,2180,2177.5,0.000113082,0.000565411,8
2180,2185,2182.5,0.000141353,0.000706764,10
2185,2190,2187.5,9.89469e-05,0.000494735,7
2190,2195,2192.5,0.000127217,0.000636087,9
2195,2200,2197.5,0.000141353,0.000706764,10
2200,2205,2202.5,0.000197894,0.000989469,14
2205,2210,2207.5,0.000254435,0.00127217,18
2210,2215,2212.5,0.000141353,0.000706764,10
2215,2220,2217.5,0.000155488,0.00077744,11
2220,2225,2222.5,0.000127217,0.000636087,9
2225,2230,2227.5,0.000155488,0.00077744,11
2230,2235,2232.5,0.000155488,0.00077744,11
2235,2240,2237.5,0.000197894,0.000989469,14
2240,2245,2242.5,0.000127217,0.000636087,9
2245,2250,2247.5,0.000127217,0.000636087,9
2250,2255,2252.5,5.65411e-05,0.000282705,4
2255,2260,2257.5,0.000155488,0.00077744,11
2260,2265,2262.5,0.000155488,0.00077744,11
2265,2270,2267.5,0.000226164,0.00113082,16
2270,2275,2272.5,0.000197894,0.000989469,14
2275,2280,2277.5,5.65411e-05,0.000282705,4
2280,2285,2282.5,5.65411e-05,0.000282705,4
2285,2290,2287.5,0.000155488,0.00077744,11
2290,2295,2292.5,0.000169623,0.000848116,12
2295,2300,2297.5,0.000169623,0.000848116,12
2300,2305,2302.5,9.89469e-05,0.000494735,7
2305,2310,2307.5,0.000155488,0.00077744,11
2310,2315,2312.5,0.000155488,0.00077744,11
2315,2320,2317.5,0.000169623,0.000848116,12
2320,2325,2322.5,0.000141353,0.000706764,10
2325,2330,2327.5,0.000113082,0.000565411,8
2330,2335,2332.5,0.000127217,0.000636087,9
2335,2340,2337.5,0.000155488,0.00077744,11
2340,2345,2342.5,9.89469e-05,0.000494735,7
2345,2350,2347.5,0.000155488,0.00077744,11
2350,2355,2352.5,5.65411e-05,0.000282705,4
2355,2360,2357.5,0.000169623,0.000848116,12
2360,2365,2362.5,0.000127217,0.000636087,9
2365,2370,2367.5,0.000141353,0.000706764,10
2370,2375,2372.5,9.89469e-05,0.000494735,7
2375,2380,2377.5,7.06764e-05,0.000353382,5
2380,2385,2382.5,0.000127217,0.000636087,9
2385,2390,2387.5,0.000141353,0.000706764,10
2390,2395,2392.5,0.000127217,0.000636087,9
2395,2400,2397.5,0.000226164,0.00113082,16
2400,2405,2402.5,0.000212029,0.00106015,15
2405,2410,2407.5,0.000127217,0.000636087,9
2410,2415,2412.5,0.000155488,0.00077744,11
2415,2420,2417.5,9.89469e-05,0.000494735,7
2420,2425,2422.5,0.000127217,0.000636087,9
2425,2430,2427.5,9.89469e-05,0.000494735,7
2430,2435,2432.5,0.000226164,0.00113082,16
2435,2440,2437.5,0.000169623,0.000848116,12
2440,2445,2442.5,0.000197894,0.000989469,14
2445,2450,2447.5,7.06764e-05,0.000353382,5
2450,2455,2452.5,8.48116e-05,0.000424058,6
2455,2460,2457.5,0.000141353,0.000706764,10
2460,2465,2462.5,0.000197894,0.000989469,14
2465,2470,2467.5,0.000212029,0.00106015,15
2470,2475,2472.5,9.89469e-05,0.000494735,7
2475,2480,2477.5,0.000155488,0.00077744,11
2480,2485,2482.5,9.89469e-05,0.000494735,7
2485,2490,2487.5,9.89469e-05,0.000494735,7
2490,2495,2492.5,0.000113082,0.000565411,8
2495,2500,2497.5,0.000155488,0.00077744,11
2500,2505,2502.5,0.000212029,0.00106015,15
2505,2510,2507.5,0.000127217,0.000636087,9
2510,2515,2512.5,0.000169623,0.000848116,12
2515,2520,2517.5,5.65411e-05,0.000282705,4
2520,2525,2522.5,8.48116e-05,0.000424058,6
2525,2530,2527.5,0.000113082,0.000565411,8
2530,2535,2532.5,4.24058e-05,0.000212029,3
2535,2540,2537.5,0.000141353,0.000706764,10
2540,2545,2542.5,9.89469e-05,0.000494735,7
2545,2550,2547.5,0.000155488,0.00077744,11
2550,2555,2552.5,0.0002403,0.0012015,17
2555,2560,2557.5,0.000127217,0.000636087,9
2560,2565,2562.5,0.000127217,0.000636087,9
2565,2570,2567.5,0.000169623,0.000848116,12
2570,2575,2572.5,0.000169623,0.000848116,12
2575,2580,2577.5,9.89469e-05,0.000494735,7
2580,2585,2582.5,0.000197894,0.000989469,14
2585,2590,2587.5,7.06764e-05,0.000353382,5
2590,2595,2592.5,0.000254435,0.00127217,18
2595,2600,2597.5,8.48116e-05,0.000424058,6
2600,2605,2602.5,0.000127217,0.000636087,9
2605,2610,2607.5,0.000155488,0.00077744,11
2610,2615,2612.5,0.000127217,0.000636087,9
2615,2620,2617.5,0.000113082,0.000565411,8
2620,2625,2622.5,8.48116e-05,0.000424058,6
2625,2630,2627.5,0.000155488,0.00077744,11
2630,2635,2632.5,0.000183759,0.000918793,13
2635,2640,2637.5,0.000169623,0.000848116,12
2640,2645,2642.5,0.000127217,0.000636087,9
2645,2650,2647.5,5.65411e-05,0.000282705,4
2650,2655,2652.5,0.000113082,0.000565411,8
2655,2660,2657.5,0.000226164,0.00113082,16
2660,2665,2662.5,0.000169623,0.000848116,12
2665,2670,2667.5,0.000155488,0.00077744,11
2670,2675,2672.5,0.000155488,0.00077744,11
2675,2680,2677.5,8.48116e-05,0.000424058,6
2680,2685,2682.5,8.48116e-05,0.000424058,6
2685,2690,2687.5,5.65411e-05,0.000282705,4
2690,2695,2692.5,8.48116e-05,0.000424058,6
2695,2700,2697.5,0.000127217,0.000636087,9
2700,2705,2702.5,8.48116e-05,0.000424058,6
2705,2710,2707.5,0.000169623,0.000848116,12
2710,2715,2712.5,5.65411e-05,0.000282705,4
2715,2720,2717.5,5.65411e-05,0.000282705,4
2720,2725,2722.5,7.06764e-05,0.000353382,5
2725,2730,2727.5,9.89469e-05,0.000494735,7
2730,2735,2732.5,0.000155488,0.00077744,11
2735,2740,2737.5,0.000113082,0.000565411,8
2740,2745,2742.5,7.06764e-05,0.000353382,5
2745,2750,2747.5,0.000141353,0.000706764,10
2750,2755,2752.5,0.000169623,0.000848116,12
2755,2760,2757.5,9.89469e-05,0.000494735,7
2760,2765,2762.5,5.65411e-05,0.000282705,4
2765,2770,2767.5,0.000141353,0.000706764,10
2770,2775,2772.5,0.000155488,0.00077744,11
2775,2780,2777.5,0.000169623,0.000848116,12
2780,2785,2782.5,0.000183759,0.000918793,13
2785,2790,2787.5,0.000197894,0.000989469,14
2790,2795,2792.5,0.000155488,0.00077744,11
2795,2800,2797.5,7.06764e-05,0.000353382,5
2800,2805,2802.5,0.000169623,0.000848116,12
2805,2810,2807.5,0.000183759,0.000918793,13
2810,2815,2812.5,0.000141353,0.000706764,10
2815,2820,2817.5,0.000127217,0.000636087,9
2820,2825,2822.5,0.000113082,0.000565411,8
2825,2830,2827.5,0.000127217,0.000636087,9
2830,2835,2832.5,8.48116e-05,0.000424058,6
2835,2840,2837.5,0.000127217,0.000636087,9
2840,2845,2842.5,0.000197894,0.000989469,14
2845,2850,2847.5,0.000113082,0.000565411,8
2850,2855,2852.5,0.000141353,0.000706764,10
2855,2860,2857.5,0.000127217,0.000636087,9
2860,2865,2862.5,0.000155488,0.00077744,11
2865,2870,2867.5,9.89469e-05,0.000494735,7
2870,2875,2872.5,0.000113082,0.000565411,8
2875,2880,2877.5,5.65411e-05,0.000282705,4
2880,2885,2882.5,0.000113082,0.000565411,8
2885,2890,2887.5,0.0002403,0.0012015,17
2890,2895,2892.5,0.000155488,0.00077744,11
2895,2900,2897.5,5.65411e-05,0.000282705,4
2900,2905,2902.5,8.48116e-05,0.000424058,6
2905,2910,2907.5,0.000113082,0.000565411,8
2910,2915,2912.5,0.000141353,0.000706764,10
2915,2920,2917.5,0.000197894,0.000989469,14
2920,2925,2922.5,9.89469e-05,0.000494735,7
2925,2930,2927.5,7.06764e-05,0.000353382,5
2930,2935,2932.5,0.000127217,0.000636087,9
2935,2940,2937.5,7.06764e-05,0.000353382,5
2940,2945,2942.5,8.48116e-05,0.000424058,6
2945,2950,2947.5,8.48116e-05,0.000424058,6
2950,2955,2952.5,0.000127217,0.000636087,9
2955,2960,2957.5,9.89469e-05,0.000494735,7
2960,2965,2962.5,5.65411e-05,0.000282705,4
2965,2970,2967.5,7.06764e-05,0.000353382,5
2970,2975,2972.5,0.000113082,0.000565411,8
2975,2980,2977.5,8.48116e-05,0.000424058,6
2980,2985,2982.5,0.000155488,0.00077744,11
2985,2990,2987.5,8.48116e-05,0.000424058,6
2990,2995,2992.5,8.48116e-05,0.000424058,6
2995,3000,2997.5,0.000183759,0.000918793,13
3000,3005,3002.5,0.000226164,0.00113082,16
3005,3010,3007.5,5.65411e-05,0.000282705,4
3010,3015,3012.5,9.89469e-05,0.000494735,7
3015,3020,3017.5,0.000127217,0.000636087,9
3020,3025,3022.5,0.000127217,0.000636087,9
3025,3030,3027.5,8.48116e-05,0.000424058,6
3030,3035,3032.5,0.000127217,0.000636087,9
3035,3040,3037.5,0.000197894,0.000989469,14
3040,3045,3042.5,8.48116e-05,0.000424058,6
3045,3050,3047.5,8.48116e-05,0.000424058,6
3050,3055,3052.5,9.89469e-05,0.000494735,7
3055,3060,3057.5,0.000155488,0.00077744,11
3060,3065,3062.5,5.65411e-05,0.000282705,4
3065,3070,3067.5,9.89469e-05,0.000494735,7
3070,3075,3072.5,8.48116e-05,0.000424058,6
3075,3080,3077.5,9.89469e-05,0.000494735,7
3080,3085,3082.5,5.65411e-05,0.000282705,4
3085,3090,3087.5,8.48116e-05,0.000424058,6
3090,3095,3092.5,0.000113082,0.000565411,8
3095,3100,3097.5,0.000127217,0.000636087,9
3100,3105,3102.5,8.48116e-05,0.000424058,6
3105,3110,3107.5,0.000155488,0.00077744,11
3110,3115,3112.5,0.000127217,0.000636087,9
3115,3120,3117.5,0.000113082,0.000565411,8
3120,3125,3122.5,9.89469e-05,0.000494735,7
3125,3130,3127.5,0.000141353,0.000706764,10
3130,3135,3132.5,0.000113082,0.000565411,8
3135,3140,3137.5,7.06764e-05,0.000353382,5
3140,3145,3142.5,0.000141353,0.000706764,10
3145,3150,3147.5,0.000113082,0.000565411,8
3150,3155,3152.5,0.000197894,0.000989469,14
3155,3160,3157.5,9.89469e-05,0.000494735,7
3160,3165,3162.5,8.48116e-05,0.000424058,6
3165,3170,3167.5,0.000127217,0.000636087,9
3170,3175,3172.5,4.24058e-05,0.000212029,3
3175,3180,3177.5,7.06764e-05,0.000353382,5
3180,3185,3182.5,5.65411e-05,0.000282705,4
3185,3190,3187.5,0.000141353,0.000706764,10
3190,3195,3192.5,9.89469e-05,0.000494735,7
3195,3200,3197.5,0.000127217,0.000636087,9
3200,3205,3202.5,5.65411e-05,0.000282705,4
3205,3210,3207.5,4.24058e-05,0.000212029,3
3210,3215,3212.5,7.06764e-05,0.000353382,5
3215,3220,3217.5,0.000197894,0.000989469,14
3220,3225,3222.5,0.000127217,0.000636087,9
3225,3230,3227.5,0.000113082,0.000565411,8
3230,3235,3232.5,9.89469e-05,0.000494735,7
3235,3240,3237.5,0.000212029,0.00106015,15
3240,3245,3242.5,0.000127217,0.000636087,9
3245,3250,3247.5,5.65411e-05,0.000282705,4
3250,3255,3252.5,0.000127217,0.000636087,9
3255,3260,3257.5,0.000226164,0.00113082,16
3260,3265,3262.5,5.65411e-05,0.000282705,4
3265,3270,3267.5,7.06764e-05,0.000353382,5
3270,3275,3272.5,0.000141353,0.000706764,10
3275,3280,3277.5,0.000141353,0.000706764,10
3280,3285,3282.5,0.000141353,0.000706764,10
3285,3290,3287.5,9.89469e-05,0.000494735,7
3290,3295,3292.5,0.000155488,0.00077744,11
3295,3300,3297.5,7.06764e-05,0.000353382,5
3300,3305,3302.5,0.000113082,0.000565411,8
3305,3310,3307.5,8.48116e-05,0.000424058,6
3310,3315,3312.5,0.000141353,0.000706764,10
3315,3320,3317.5,0.000141353,0.000706764,10
3320,3325,3322.5,0.000169623,0.000848116,12
3325,3330,3327.5,0.000141353,0.000706764,10
3330,3335,3332.5,0.000113082,0.000565411,8
3335,3340,3337.5,0.000113082,0.000565411,8
3340,3345,3342.5,0.000113082,0.000565411,8
3345,3350,3347.5,0.000141353,0.000706764,10
3350,3355,3352.5,0.000127217,0.000636087,9
3355,3360,3357.5,0.000141353,0.000706764,10
3360,3365,3362.5,0.000141353,0.000706764,10
3365,3370,3367.5,0.000155488,0.00077744,11
3370,3375,3372.5,0.000197894,0.000989469,14
3375,3380,3377.5,9.89469e-05,0.000494735,7
3380,3385,3382.5,0.000141353,0.000706764,10
3385,3390,3387.5,0.000141353,0.000706764,10
3390,3395,3392.5,0.000155488,0.00077744,11
3395,3400,3397.5,0.000141353,0.000706764,10
3400,3405,3402.5,0.000127217,0.000636087,9
3405,3410,3407.5,2.82705e-05,0.000141353,2
3410,3415,3412.5,0.000113082,0.000565411,8
3415,3420,3417.5,9.89469e-05,0.000494735,7
3420,3425,3422.5,8.48116e-05,0.000424058,6
3425,3430,3427.5,8.48116e-05,0.000424058,6
3430,3435,3432.5,0.000183759,0.000918793,13
3435,3440,3437.5,8.48116e-05,0.000424058,6
3440,3445,3442.5,0.000113082,0.000565411,8
3445,3450,3447.5,8.48116e-05,0.000424058,6
3450,3455,3452.5,7.06764e-05,0.000353382,5
3455,3460,3457.5,7.06764e-05,0.000353382,5
3460,3465,3462.5,9.89469e-05,0.000494735,7
3465,3470,3467.5,0.000127217,0.000636087,9
3470,3475,3472.5,8.48116e-05,0.000424058,6
3475,3480,3477.5,9.89469e-05,0.000494735,7
3480,3485,3482.5,9.89469e-05,0.000494735,7
3485,3490,3487.5,0.000183759,0.000918793,13
3490,3495,3492.5,0.000155488,0.00077744,11
3495,3500,3497.5,7.06764e-05,0.000353382,5
3500,3505,3502.5,0.000141353,0.000706764,10
3505,3510,3507.5,9.89469e-05,0.000494735,7
3510,3515,3512.5,0.000113082,0.000565411,8
3515,3520,3517.5,0.000141353,0.000706764,10
3520,3525,3522.5,0.000127217,0.000636087,9
3525,3530,3527.5,0.000113082,0.000565411,8
3530,3535,3532.5,0.000113082,0.000565411,8
3535,3540,3537.5,0.000127217,0.000636087,9
3540,3545,3542.5,0.000169623,0.000848116,12
3545,3550,3547.5,0.000212029,0.00106015,15
3550,3555,3552.5,4.24058e-05,0.000212029,3
3555,3560,3557.5,0.000113082,0.000565411,8
3560,3565,3562.5,2.82705e-05,0.000141353,2
3565,3570,3567.5,9.89469e-05,0.000494735,7
3570,3575,3572.5,9.89469e-05,0.000494735,7
3575,3580,3577.5,7.06764e-05,0.000353382,5
3580,3585,3582.5,0.000141353,0.000706764,10
3585,3590,3587.5,1.41353e-05,7.06764e-05,1
3590,3595,3592.5,5.65411e-05,0.000282705,4
3595,3600,3597.5,0.000113082,0.000565411,8
3600,3605,3602.5,0.000141353,0.000706764,10
3605,3610,3607.5,0.000141353,0.000706764,10
3610,3615,3612.5,7.06764e-05,0.000353382,5
3615,3620,3617.5,4.24058e-05,0.000212029,3
3620,3625,3622.5,5.65411e-05,0.000282705,4
3625,3630,3627.5,0.000113082,0.000565411,8
3630,3635,3632.5,0.000155488,0.00077744,11
3635,3640,3637.5,0.000127217,0.000636087,9
3640,3645,3642.5,8.48116e-05,0.000424058,6
3645,3650,3647.5,5.65411e-05,0.000282705,4
3650,3655,3652.5,0.000141353,0.000706764,10
3655,3660,3657.5,9.89469e-05,0.000494735,7
3660,3665,3662.5,0.000127217,0.000636087,9
3665,3670,3667.5,8.48116e-05,0.000424058,6
3670,3675,3672.5,0.000127217,0.000636087,9
3675,3680,3677.5,9.89469e-05,0.000494735,7
3680,3685,3682.5,7.06764e-05,0.000353382,5
3685,3690,3687.5,5.65411e-05,0.000282705,4
3690,3695,3692.5,0.000113082,0.000565411,8
3695,3700,3697.5,5.65411e-05,0.000282705,4
3700,3705,3702.5,0.000169623,0.000848116,12
3705,3710,3707.5,0.000127217,0.000636087,9
3710,3715,3712.5,0.000155488,0.00077744,11
3715,3720,3717.5,0.000141353,0.000706764,10
3720,3725,3722.5,8.48116e-05,0.000424058,6
3725,3730,3727.5,8.48116e-05,0.000424058,6
3730,3735,3732.5,7.06764e-05,0.000353382,5
3735,3740,3737.5,0.000113082,0.000565411,8
3740,3745,3742.5,9.89469e-05,0.000494735,7
3745,3750,3747.5,8.48116e-05,0.000424058,6
3750,3755,3752.5,8.48116e-05,0.000424058,6
3755,3760,3757.5,0.000127217,0.000636087,9
3760,3765,3762.5,0.000183759,0.000918793,13
3765,3770,3767.5,0.000169623,0.000848116,12
3770,3775,3772.5,4.24058e-05,0.000212029,3
3775,3780,3777.5,0.000141353,0.000706764,10
3780,3785,3782.5,0.000169623,0.000848116,12
3785,3790,3787.5,5.65411e-05,0.000282705,4
3790,3795,3792.5,9.89469e-05,0.000494735,7
3795,3800,3797.5,5.65411e-05,0.000282705,4
3800,3805,3802.5,7.06764e-05,0.000353382,5
3805,3810,3807.5,7.06764e-05,0.000353382,5
3810,3815,3812.5,8.48116e-05,0.000424058,6
3815,3820,3817.5,0.000155488,0.00077744,11
3820,3825,3822.5,0.000155488,0.00077744,11
3825,3830,3827.5,7.06764e-05,0.000353382,5
3830,3835,3832.5,0.000113082,0.000565411,8
3835,3840,3837.5,7.06764e-05,0.000353382,5
3840,3845,3842.5,9.89469e-05,0.000494735,7
3845,3850,3847.5,4.24058e-05,0.000212029,3
3850,3855,3852.5,4.24058e-05,0.000212029,3
3855,3860,3857.5,8.48116e-05,0.000424058,6
3860,3865,3862.5,9.89469e-05,0.000494735,7
3865,3870,3867.5,5.65411e-05,0.000282705,4
3870,3875,3872.5,7.06764e-05,0.000353382,5
3875,3880,3877.5,9.89469e-05,0.000494735,7
3880,3885,3882.5,0.000113082,0.000565411,8
3885,3890,3887.5,9.89469e-05,0.000494735,7
3890,3895,3892.5,0.000113082,0.000565411,8
3895,3900,3897.5,9.89469e-05,0.000494735,7
3900,3905,3902.5,0.000127217,0.000636087,9
3905,3910,3907.5,2.82705e-05,0.000141353,2
3910,3915,3912.5,7.06764e-05,0.000353382,5
3915,3920,3917.5,5.65411e-05,0.000282705,4
3920,3925,3922.5,8.48116e-05,0.000424058,6
3925,3930,3927.5,4.24058e-05,0.000212029,3
3930,3935,3932.5,0.000141353,0.000706764,10
3935,3940,3937.5,0.000183759,0.000918793,13
3940,3945,3942.5,9.89469e-05,0.000494735,7
3945,3950,3947.5,0.000127217,0.000636087,9
3950,3955,3952.5,5.65411e-05,0.000282705,4
3955,3960,3957.5,9.89469e-05,0.000494735,7
3960,3965,3962.5,0.000141353,0.000706764,10
3965,3970,3967.5,0.000155488,0.00077744,11
3970,3975,3972.5,9.89469e-05,0.000494735,7
3975,3980,3977.5,9.89469e-05,0.000494735,7
3980,3985,3982.5,0.000127217,0.000636087,9
3985,3990,3987.5,7.06764e-05,0.000353382,5
3990,3995,3992.5,8.48116e-05,0.000424058,6
3995,4000,3997.5,0.000169623,0.000848116,12
4000,4005,4002.5,1.41353e-05,7.06764e-05,1
4005,4010,4007.5,2.82705e-05,0.000141353,2
4010,4015,4012.5,8.48116e-05,0.000424058,6
4015,4020,4017.5,5.65411e-05,0.000282705,4
4020,4025,4022.5,0.000183759,0.000918793,13
4025,4030,4027.5,9.89469e-05,0.000494735,7
4030,4035,4032.5,5.65411e-05,0.000282705,4
4035,4040,4037.5,9.89469e-05,0.000494735,7
4040,4045,4042.5,7.06764e-05,0.000353382,5
4045,4050,4047.5,5.65411e-05,0.000282705,4
4050,4055,4052.5,2.82705e-05,0.000141353,2
4055,4060,4057.5,5.65411e-05,0.000282705,4
4060,4065,4062.5,0.000141353,0.000706764,10
4065,4070,4067.5,0.000113082,0.000565411,8
4070,4075,4072.5,9.89469e-05,0.000494735,7
4075,4080,4077.5,0.000127217,0.000636087,9
4080,4085,4082.5,5.65411e-05,0.000282705,4
4085,4090,4087.5,4.24058e-05,0.000212029,3
4090,4095,4092.5,8.48116e-05,0.000424058,6
4095,4100,4097.5,0.000113082,0.000565411,8
4100,4105,4102.5,0.000169623,0.000848116,12
4105,4110,4107.5,7.06764e-05,0.000353382,5
4110,4115,4112.5,5.65411e-05,0.000282705,4
4115,4120,4117.5,7.06764e-05,0.000353382,5
4120,4125,4122.5,9.89469e-05,0.000494735,7
4125,4130,4127.5,9.89469e-05,0.000494735,7
4130,4135,4132.5,0.000127217,0.000636087,9
4135,4140,4137.5,0.000127217,0.000636087,9
4140,4145,4142.5,8.48116e-05,0.000424058,6
4145,4150,4147.5,0.000197894,0.000989469,14
4150,4155,4152.5,9.89469e-05,0.000494735,7
4155,4160,4157.5,0.000113082,0.000565411,8
4160,4165,4162.5,9.89469e-05,0.000494735,7
4165,4170,4167.5,4.24058e-05,0.000212029,3
4170,4175,4172.5,9.89469e-05,0.000494735,7
4175,4180,4177.5,0.000155488,0.00077744,11
4180,4185,4182.5,9.89469e-05,0.000494735,7
4185,4190,4187.5,9.89469e-05,0.000494735,7
4190,4195,4192.5,5.65411e-05,0.000282705,4
4195,4200,4197.5,7.06764e-05,0.000353382,5
4200,4205,4202.5,0.000113082,0.000565411,8
4205,4210,4207.5,7.06764e-05,0.000353382,5
4210,4215,4212.5,5.65411e-05,0.000282705,4
4215,4220,4217.5,9.89469e-05,0.000494735,7
4220,4225,4222.5,0.000127217,0.000636087,9
4225,4230,4227.5,5.65411e-05,0.000282705,4
4230,4235,4232.5,8.48116e-05,0.000424058,6
4235,4240,4237.5,0.000113082,0.000565411,8
4240,4245,4242.5,2.82705e-05,0.000141353,2
4245,4250,4247.5,9.89469e-05,0.000494735,7
4250,4255,4252.5,2.82705e-05,0.000141353,2
4255,4260,4257.5,2.82705e-05,0.000141353,2
4260,4265,4262.5,0.000113082,0.000565411,8
4265,4270,4267.5,9.89469e-05,0.000494735,7
4270,4275,4272.5,0.000113082,0.000565411,8
4275,4280,4277.5,9.89469e-05,0.000494735,7
4280,4285,4282.5,9.89469e-05,0.000494735,7
4285,4290,4287.5,7.06764e-05,0.000353382,5
4290,4295,4292.5,0.000169623,0.000848116,12
4295,4300,4297.5,9.89469e-05,0.000494735,7
4300,4305,4302.5,0.000113082,0.000565411,8
4305,4310,4307.5,5.65411e-05,0.000282705,4
4310,4315,4312.5,7.06764e-05,0.000353382,5
4315,4320,4317.5,9.89469e-05,0.000494735,7
4320,4325,4322.5,7.06764e-05,0.000353382,5
4325,4330,4327.5,8.48116e-05,0.000424058,6
4330,4335,4332.5,0.000141353,0.000706764,10
4335,4340,4337.5,7.06764e-05,0.000353382,5
4340,4345,4342.5,2.82705e-05,0.000141353,2
4345,4350,4347.5,2.82705e-05,0.000141353,2
4350,4355,4352.5,2.82705e-05,0.000141353,2
4355,4360,4357.5,2.82705e-05,0.000141353,2
4360,4365,4362.5,5.65411e-05,0.000282705,4
4365,4370,4367.5,9.89469e-05,0.000494735,7
4370,4375,4372.5,5.65411e-05,0.000282705,4
4375,4380,4377.5,5.65411e-05,0.000282705,4
4380,4385,4382.5,2.82705e-05,0.000141353,2
4385,4390,4387.5,4.24058e-05,0.000212029,3
4390,4395,4392.5,8.48116e-05,0.000424058,6
4395,4400,4397.5,8.48116e-05,0.000424058,6
4400,4405,4402.5,2.82705e-05,0.000141353,2
4405,4410,4407.5,2.82705e-05,0.000141353,2
4410,4415,4412.5,2.82705e-05,0.000141353,2
4415,4420,4417.5,1.41353e-05,7.06764e-05,1
4420,4425,4422.5,2.82705e-05,0.000141353,2
4425,4430,4427.5,8.48116e-05,0.000424058,6
4435,4440,4437.5,1.41353e-05,7.06764e-05,1
4440,4445,4442.5,1.41353e-05,7.06764e-05,1
4450,4455,4452.5,4.24058e-05,0.000212029,3
4455,4460,4457.5,2.82705e-05,0.000141353,2
4460,4465,4462.5,2.82705e-05,0.000141353,2
4465,4470,4467.5,2.82705e-05,0.000141353,2
4470,4475,4472.5,4.24058e-05,0.000212029,3
4475,4480,4477.5,2.82705e-05,0.000141353,2
4485,4490,4487.5,1.41353e-05,7.06764e-05,1
4490,4495,4492.5,4.24058e-05,0.000212029,3
4495,4500,4497.5,2.82705e-05,0.000141353,2
4505,4510,4507.5,1.41353e-05,7.06764e-05,1
4510,4515,4512.5,4.24058e-05,0.000212029,3
4515,4520,4517.5,4.24058e-05,0.000212029,3
4520,4525,4522.5,2.82705e-05,0.000141353,2
4525,4530,4527.5,1.41353e-05,7.06764e-05,1
4530,4535,4532.5,2.82705e-05,0.000141353,2
4540,4545,4542.5,2.82705e-05,0.000141353,2
4545,4550,4547.5,1.41353e-05,7.06764e-05,1
4550,4555,4552.5,4.24058e-05,0.000212029,3
4555,4560,4557.5,1.41353e-05,7.06764e-05,1
4560,4565,4562.5,0.000141353,0.000706764,10
4565,4570,4567.5,1.41353e-05,7.06764e-05,1
4570,4575,4572.5,4.24058e-05,0.000212029,3
4575,4580,4577.5,4.24058e-05,0.000212029,3
4580,4585,4582.5,2.82705e-05,0.000141353,2
4585,4590,4587.5,1.41353e-05,7.06764e-05,1
4590,4595,4592.5,1.41353e-05,7.06764e-05,1
4595,4600,4597.5,1.41353e-05,7.06764e-05,1
4605,4610,4607.5,1.41353e-05,7.06764e-05,1
4610,4615,4612.5,1.41353e-05,7.06764e-05,1
4620,4625,4622.5,2.82705e-05,0.000141353,2
4630,4635,4632.5,4.24058e-05,0.000212029,3
4635,4640,4637.5,1.41353e-05,7.06764e-05,1
4640,4645,4642.5,7.06764e-05,0.000353382,5
4645,4650,4647.5,1.41353e-05,7.06764e-05,1
4650,4655,4652.5,2.82705e-05,0.000141353,2
4655,4660,4657.5,1.41353e-05,7.06764e-05,1
4665,4670,4667.5,1.41353e-05,7.06764e-05,1
4670,4675,4672.5,1.41353e-05,7.06764e-05,1
4675,4680,4677.5,1.41353e-05,7.06764e-05,1
4680,4685,4682.5,1.41353e-05,7.06764e-05,1
4685,4690,4687.5,5.65411e-05,0.000282705,4
4690,4695,4692.5,2.82705e-05,0.000141353,2
4700,4705,4702.5,4.24058e-05,0.000212029,3
4705,4710,4707.5,1.41353e-05,7.06764e-05,1
4710,4715,4712.5,1.41353e-05,7.06764e-05,1
4715,4720,4717.5,2.82705e-05,0.000141353,2
4730,4735,4732.5,4.24058e-05,0.000212029,3
4735,4740,4737.5,4.24058e-05,0.000212029,3
4740,4745,4742.5,5.65411e-05,0.000282705,4
4750,4755,4752.5,1.41353e-05,7.06764e-05,1
4755,4760,4757.5,5.65411e-05,0.000282705,4
4760,4765,4762.5,1.41353e-05,7.06764e-05,1
4765,4770,4767.5,7.06764e-05,0.000353382,5
4770,4775,4772.5,2.82705e-05,0.000141353,2
4775,4780,4777.5,2.82705e-05,0.000141353,2
4780,4785,4782.5,1.41353e-05,7.06764e-05,1
4785,4790,4787.5,5.65411e-05,0.000282705,4
4790,4795,4792.5,1.41353e-05,7.06764e-05,1
4795,4800,4797.5,2.82705e-05,0.000141353,2
4800,4805,4802.5,2.82705e-05,0.000141353,2
4805,4810,4807.5,1.41353e-05,7.06764e-05,1
4810,4815,4812.5,1.41353e-05,7.06764e-05,1
4815,4820,4817.5,2.82705e-05,0.000141353,2
4825,4830,4827.5,1.41353e-05,7.06764e-05,1
4830,4835,4832.5,8.48116e-05,0.000424058,6
4835,4840,4837.5,2.82705e-05,0.000141353,2
4840,4845,4842.5,2.82705e-05,0.000141353,2
4850,4855,4852.5,1.41353e-05,7.06764e-05,1
4855,4860,4857.5,2.82705e-05,0.000141353,2
4860,4865,4862.5,1.41353e-05,7.06764e-05,1
4865,4870,4867.5,2.82705e-05,0.000141353,2
4870,4875,4872.5,2.82705e-05,0.000141353,2
4895,4900,4897.5,2.82705e-05,0.000141353,2
4910,4915,4912.5,7.06764e-05,0.000353382,5
4915,4920,4917.5,1.41353e-05,7.06764e-05,1
4925,4930,4927.5,2.82705e-05,0.000141353,2
4930,4935,4932.5,2.82705e-05,0.000141353,2
4935,4940,4937.5,1.41353e-05,7.06764e-05,1
4940,4945,4942.5,1.41353e-05,7.06764e-05,1
4945,4950,4947.5,1.41353e-05,7.06764e-05,1
4950,4955,4952.5,4.24058e-05,0.000212029,3
4955,4960,4957.5,2.82705e-05,0.000141353,2
4960,4965,4962.5,2.82705e-05,0.000141353,2
4965,4970,4967.5,2.82705e-05,0.000141353,2
4970,4975,4972.5,4.24058e-05,0.000212029,3
4975,4980,4977.5,1.41353e-05,7.06764e-05,1
4980,4985,4982.5,2.82705e-05,0.000141353,2
4985,4990,4987.5,7.06764e-05,0.000353382,5
4990,4995,4992.5,1.41353e-05,7.06764e-05,1
4995,5000,4997.5,1.41353e-05,7.06764e-05,1
5000,5005,5002.5,1.41353e-05,7.06764e-05,1
5005,5010,5007.5,1.41353e-05,7.06764e-05,1
5015,5020,5017.5,1.41353e-05,7.06764e-05,1
5020,5025,5022.5,4.24058e-05,0.000212029,3
5025,5030,5027.5,2.82705e-05,0.000141353,2
5030,5035,5032.5,1.41353e-05,7.06764e-05,1
5040,5045,5042.5,1.41353e-05,7.06764e-05,1
5045,5050,5047.5,5.65411e-05,0.000282705,4
5050,5055,5052.5,1.41353e-05,7.06764e-05,1
5055,5060,5057.5,1.41353e-05,7.06764e-05,1
5060,5065,5062.5,8.48116e-05,0.000424058,6
5065,5070,5067.5,1.41353e-05,7.06764e-05,1
5070,5075,5072.5,2.82705e-05,0.000141353,2
5075,5080,5077.5,1.41353e-05,7.06764e-05,1
5080,5085,5082.5,1.41353e-05,7.06764e-05,1
5090,5095,5092.5,1.41353e-05,7.06764e-05,1
5095,5100,5097.5,2.82705e-05,0.000141353,2
5100,5105,5102.5,1.41353e-05,7.06764e-05,1
5105,5110,5107.5,4.24058e-05,0.000212029,3
5110,5115,5112.5,1.41353e-05,7.06764e-05,1
5115,5120,5117.5,1.41353e-05,7.06764e-05,1
5120,5125,5122.5,1.41353e-05,7.06764e-05,1
5130,5135,5132.5,5.65411e-05,0.000282705,4
5135,5140,5137.5,1.41353e-05,7.06764e-05,1
5150,5155,5152.5,1.41353e-05,7.06764e-05,1
5160,5165,5162.5,1.41353e-05,7.06764e-05,1
5165,5170,5167.5,4.24058e-05,0.000212029,3
5170,5175,5172.5,1.41353e-05,7.06764e-05,1
5175,5180,5177.5,2.82705e-05,0.000141353,2
5180,5185,5182.5,5.65411e-05,0.000282705,4
5190,5195,5192.5,2.82705e-05,0.000141353,2
5195,5200,5197.5,4.24058e-05,0.000212029,3
5200,5205,5202.5,2.82705e-05,0.000141353,2
5205,5210,5207.5,4.24058e-05,0.000212029,3
5210,5215,5212.5,1.41353e-05,7.06764e-05,1
5215,5220,5217.5,2.82705e-05,0.000141353,2
5220,5225,5222.5,2.82705e-05,0.000141353,2
5230,5235,5232.5,1.41353e-05,7.06764e-05,1
5250,5255,5252.5,1.41353e-05,7.06764e-05,1
5255,5260,5257.5,2.82705e-05,0.000141353,2
5265,5270,5267.5,1.41353e-05,7.06764e-05,1
5270,5275,5272.5,1.41353e-05,7.06764e-05,1
5275,5280,5277.5,5.65411e-05,0.000282705,4
5285,5290,5287.5,4.24058e-05,0.000212029,3
5290,5295,5292.5,2.82705e-05,0.000141353,2
5295,5300,5297.5,4.24058e-05,0.000212029,3
5300,5305,5302.5,1.41353e-05,7.06764e-05,1
5310,5315,5312.5,4.24058e-05,0.000212029,3
5320,5325,5322.5,1.41353e-05,7.06764e-05,1
5330,5335,5332.5,1.41353e-05,7.06764e-05,1
5335,5340,5337.5,2.82705e-05,0.000141353,2
5345,5350,5347.5,1.41353e-05,7.06764e-05,1
5355,5360,5357.5,2.82705e-05,0.000141353,2
5360,5365,5362.5,1.41353e-05,7.06764e-05,1
5375,5380,5377.5,1.41353e-05,7.06764e-05,1
5400,5405,5402.5,2.82705e-05,0.000141353,2
5405,5410,5407.5,1.41353e-05,7.06764e-05,1
5410,5415,5412.5,2.82705e-05,0.000141353,2
5420,5425,5422.5,2.82705e-05,0.000141353,2
5425,5430,5427.5,4.24058e-05,0.000212029,3
5430,5435,5432.5,8.48116e-05,0.000424058,6
5435,5440,5437.5,1.41353e-05,7.06764e-05,1
5440,5445,5442.5,1.41353e-05,7.06764e-05,1
5445,5450,5447.5,1.41353e-05,7.06764e-05,1
5450,5455,5452.5,1.41353e-05,7.06764e-05,1
5465,5470,5467.5,2.82705e-05,0.000141353,2
5485,5490,5487.5,2.82705e-05,0.000141353,2
5490,5495,5492.5,1.41353e-05,7.06764e-05,1
5500,5505,5502.5,1.41353e-05,7.06764e-05,1
5505,5510,5507.5,1.41353e-05,7.06764e-05,1
5510,5515,5512.5,1.41353e-05,7.06764e-05,1
5520,5525,5522.5,2.82705e-05,0.000141353,2
5530,5535,5532.5,5.65411e-05,0.000282705,4
5540,5545,5542.5,1.41353e-05,7.06764e-05,1
5545,5550,5547.5,2.82705e-05,0.000141353,2
5555,5560,5557.5,1.41353e-05,7.06764e-05,1
5565,5570,5567.5,1.41353e-05,7.06764e-05,1
5570,5575,5572.5,8.48116e-05,0.000424058,6
5575,5580,5577.5,1.41353e-05,7.06764e-05,1
5585,5590,5587.5,1.41353e-05,7.06764e-05,1
5590,5595,5592.5,1.41353e-05,7.06764e-05,1
5595,5600,5597.5,1.41353e-05,7.06764e-05,1
5600,5605,5602.5,2.82705e-05,0.000141353,2
5610,5615,5612.5,1.41353e-05,7.06764e-05,1
5620,5625,5622.5,7.06764e-05,0.000353382,5
5630,5635,5632.5,1.41353e-05,7.06764e-05,1
5635,5640,5637.5,1.41353e-05,7.06764e-05,1
5640,5645,5642.5,4.24058e-05,0.000212029,3
5650,5655,5652.5,2.82705e-05,0.000141353,2
5655,5660,5657.5,2.82705e-05,0.000141353,2
5660,5665,5662.5,4.24058e-05,0.000212029,3
5665,5670,5667.5,4.24058e-05,0.000212029,3
5675,5680,5677.5,2.82705e-05,0.000141353,2
5680,5685,5682.5,7.06764e-05,0.000353382,5
5690,5695,5692.5,1.41353e-05,7.06764e-05,1
5695,5700,5697.5,1.41353e-05,7.06764e-05,1
5700,5705,5702.5,1.41353e-05,7.06764e-05,1
5705,5710,5707.5,5.65411e-05,0.000282705,4
5715,5720,5717.5,2.82705e-05,0.000141353,2
5720,5725,5722.5,1.41353e-05,7.06764e-05,1
5725,5730,5727.5,5.65411e-05,0.000282705,4
5735,5740,5737.5,2.82705e-05,0.000141353,2
5740,5745,5742.5,2.82705e-05,0.000141353,2
5750,5755,5752.5,1.41353e-05,7.06764e-05,1
5760,5765,5762.5,1.41353e-05,7.06764e-05,1
5765,5770,5767.5,2.82705e-05,0.000141353,2
5775,5780,5777.5,1.41353e-05,7.06764e-05,1
5780,5785,5782.5,1.41353e-05,7.06764e-05,1
5785,5790,5787.5,2.82705e-05,0.000141353,2
5790,5795,5792.5,7.06764e-05,0.000353382,5
5800,5805,5802.5,1.41353e-05,7.06764e-05,1
5810,5815,5812.5,1.41353e-05,7.06764e-05,1
5815,5820,5817.5,1.41353e-05,7.06764e-05,1
5820,5825,5822.5,1.41353e-05,7.06764e-05,1
5825,5830,5827.5,2.82705e-05,0.000141353,2
5830,5835,5832.5,1.41353e-05,7.06764e-05,1
5835,5840,5837.5,1.41353e-05,7.06764e-05,1
5840,5845,5842.5,1.41353e-05,7.06764e-05,1
5845,5850,5847.5,1.41353e-05,7.06764e-05,1
5850,5855,5852.5,2.82705e-05,0.000141353,2
5855,5860,5857.5,4.24058e-05,0.000212029,3
5860,5865,5862.5,1.41353e-05,7.06764e-05,1
5880,5885,5882.5,5.65411e-05,0.000282705,4
5890,5895,5892.5,1.41353e-05,7.06764e-05,1
5895,5900,5897.5,2.82705e-05,0.000141353,2
5900,5905,5902.5,1.41353e-05,7.06764e-05,1
5915,5920,5917.5,1.41353e-05,7.06764e-05,1
5920,5925,5922.5,4.24058e-05,0.000212029,3
5925,5930,5927.5,4.24058e-05,0.000212029,3
5935,5940,5937.5,1.41353e-05,7.06764e-05,1
5940,5945,5942.5,2.82705e-05,0.000141353,2
5950,5955,5952.5,1.41353e-05,7.06764e-05,1
5955,5960,5957.5,5.65411e-05,0.000282705,4
5960,5965,5962.5,1.41353e-05,7.06764e-05,1
5965,5970,5967.5,2.82705e-05,0.000141353,2
5970,5975,5972.5,1.41353e-05,7.06764e-05,1
5975,5980,5977.5,4.24058e-05,0.000212029,3
5985,5990,5987.5,4.24058e-05,0.000212029,3
5990,5995,5992.5,1.41353e-05,7.06764e-05,1
5995,6000,5997.5,2.82705e-05,0.000141353,2
6000,6005,6002.5,1.41353e-05,7.06764e-05,1
6005,6010,6007.5,1.41353e-05,7.06764e-05,1
6010,6015,6012.5,1.41353e-05,7.06764e-05,1
6015,6020,6017.5,2.82705e-05,0.000141353,2
6020,6025,6022.5,1.41353e-05,7.06764e-05,1
6025,6030,6027.5,1.41353e-05,7.06764e-05,1
6030,6035,6032.5,1.41353e-05,7.06764e-05,1
6035,6040,6037.5,1.41353e-05,7.06764e-05,1
6040,6045,6042.5,1.41353e-05,7.06764e-05,1
6050,6055,6052.5,4.24058e-05,0.000212029,3
6055,6060,6057.5,1.41353e-05,7.06764e-05,1
6060,6065,6062.5,2.82705e-05,0.000141353,2
6070,6075,6072.5,4.24058e-05,0.000212029,3
6075,6080,6077.5,2.82705e-05,0.000141353,2
6080,6085,6082.5,1.41353e-05,7.06764e-05,1
6085,6090,6087.5,1.41353e-05,7.06764e-05,1
6090,6095,6092.5,2.82705e-05,0.000141353,2
6095,6100,6097.5,1.41353e-05,7.06764e-05,1
6100,6105,6102.5,1.41353e-05,7.06764e-05,1
6105,6110,6107.5,1.41353e-05,7.06764e-05,1
6110,6115,6112.5,1.41353e-05,7.06764e-05,1
6120,6125,6122.5,1.41353e-05,7.06764e-05,1
6125,6130,6127.5,1.41353e-05,7.06764e-05,1
6130,6135,6132.5,1.41353e-05,7.06764e-05,1
6135,6140,6137.5,1.41353e-05,7.06764e-05,1
6140,6145,6142.5,1.41353e-05,7.06764e-05,1
6145,6150,6147.5,1.41353e-05,7.06764e-05,1
6160,6165,6162.5,2.82705e-05,0.000141353,2
6165,6170,6167.5,2.82705e-05,0.000141353,2
6170,6175,6172.5,1.41353e-05,7.06764e-05,1
6180,6185,6182.5,2.82705e-05,0.000141353,2
6190,6195,6192.5,1.41353e-05,7.06764e-05,1
6200,6205,6202.5,1.41353e-05,7.06764e-05,1
6205,6210,6207.5,4.24058e-05,0.000212029,3
6210,6215,6212.5,2.82705e-05,0.000141353,2
6215,6220,6217.5,4.24058e-05,0.000212029,3
6220,6225,6222.5,5.65411e-05,0.000282705,4
6225,6230,6227.5,2.82705e-05,0.000141353,2
6235,6240,6237.5,1.41353e-05,7.06764e-05,1
6240,6245,6242.5,1.41353e-05,7.06764e-05,1
6250,6255,6252.5,1.41353e-05,7.06764e-05,1
6255,6260,6257.5,1.41353e-05,7.06764e-05,1
6270,6275,6272.5,1.41353e-05,7.06764e-05,1
6275,6280,6277.5,2.82705e-05,0.000141353,2
6280,6285,6282.5,1.41353e-05,7.06764e-05,1
6290,6295,6292.5,1.41353e-05,7.06764e-05,1
6305,6310,6307.5,2.82705e-05,0.000141353,2
6310,6315,6312.5,4.24058e-05,0.000212029,3
6315,6320,6317.5,1.41353e-05,7.06764e-05,1
6325,6330,6327.5,2.82705e-05,0.000141353,2
6335,6340,6337.5,1.41353e-05,7.06764e-05,1
6345,6350,6347.5,1.41353e-05,7.06764e-05,1
6350,6355,6352.5,1.41353e-05,7.06764e-05,1
6355,6360,6357.5,1.41353e-05,7.06764e-05,1
6365,6370,6367.5,2.82705e-05,0.000141353,2
6375,6380,6377.5,1.41353e-05,7.06764e-05,1
6380,6385,6382.5,2.82705e-05,0.000141353,2
6395,6400,6397.5,4.24058e-05,0.000212029,3
6410,6415,6412.5,2.82705e-05,0.000141353,2
6415,6420,6417.5,2.82705e-05,0.000141353,2
6430,6435,6432.5,1.41353e-05,7.06764e-05,1
6435,6440,6437.5,4.24058e-05,0.000212029,3
6445,6450,6447.5,1.41353e-05,7.06764e-05,1
6450,6455,6452.5,2.82705e-05,0.000141353,2
6460,6465,6462.5,1.41353e-05,7.06764e-05,1
6470,6475,6472.5,2.82705e-05,0.000141353,2
6475,6480,6477.5,1.41353e-05,7.06764e-05,1
6480,6485,6482.5,4.24058e-05,0.000212029,3
6490,6495,6492.5,1.41353e-05,7.06764e-05,1
6495,6500,6497.5,1.41353e-05,7.06764e-05,1
6500,6505,6502.5,4.24058e-05,0.000212029,3
6505,6510,6507.5,4.24058e-05,0.000212029,3
6510,6515,6512.5,1.41353e-05,7.06764e-05,1
6520,6525,6522.5,1.41353e-05,7.06764e-05,1
6525,6530,6527.5,1.41353e-05,7.06764e-05,1
6535,6540,6537.5,1.41353e-05,7.06764e-05,1
6540,6545,6542.5,1.41353e-05,7.06764e-05,1
6545,6550,6547.5,2.82705e-05,0.000141353,2
6565,6570,6567.5,1.41353e-05,7.06764e-05,1
6570,6575,6572.5,4.24058e-05,0.000212029,3
6575,6580,6577.5,1.41353e-05,7.06764e-05,1
6595,6600,6597.5,1.41353e-05,7.06764e-05,1
6600,6605,6602.5,2.82705e-05,0.000141353,2
6610,6615,6612.5,2.82705e-05,0.000141353,2
6615,6620,6617.5,4.24058e-05,0.000212029,3
6625,6630,6627.5,2.82705e-05,0.000141353,2
6630,6635,6632.5,1.41353e-05,7.06764e-05,1
6640,6645,6642.5,4.24058e-05,0.000212029,3
6645,6650,6647.5,2.82705e-05,0.000141353,2
6650,6655,6652.5,1.41353e-05,7.06764e-05,1
6660,6665,6662.5,2.82705e-05,0.000141353,2
6665,6670,6667.5,1.41353e-05,7.06764e-05,1
6680,6685,6682.5,2.82705e-05,0.000141353,2
6690,6695,6692.5,1.41353e-05,7.06764e-05,1
6705,6710,6707.5,2.82705e-05,0.000141353,2
6710,6715,6712.5,2.82705e-05,0.000141353,2
6715,6720,6717.5,1.41353e-05,7.06764e-05,1
6725,6730,6727.5,1.41353e-05,7.06764e-05,1
6735,6740,6737.5,1.41353e-05,7.06764e-05,1
6750,6755,6752.5,1.41353e-05,7.06764e-05,1
6755,6760,6757.5,1.41353e-05,7.06764e-05,1
6760,6765,6762.5,1.41353e-05,7.06764e-05,1
6765,6770,6767.5,1.41353e-05,7.06764e-05,1
6785,6790,6787.5,1.41353e-05,7.06764e-05,1
6790,6795,6792.5,1.41353e-05,7.06764e-05,1
6805,6810,6807.5,2.82705e-05,0.000141353,2
6810,6815,6812.5,1.41353e-05,7.06764e-05,1
6830,6835,6832.5,4.24058e-05,0.000212029,3
6835,6840,6837.5,1.41353e-05,7.06764e-05,1
6845,6850,6847.5,1.41353e-05,7.06764e-05,1
6850,6855,6852.5,1.41353e-05,7.06764e-05,1
6855,6860,6857.5,2.82705e-05,0.000141353,2
6860,6865,6862.5,1.41353e-05,7.06764e-05,1
6880,6885,6882.5,1.41353e-05,7.06764e-05,1
6885,6890,6887.5,2.82705e-05,0.000141353,2
6890,6895,6892.5,1.41353e-05,7.06764e-05,1
6895,6900,6897.5,1.41353e-05,7.06764e-05,1
6900,6905,6902.5,2.82705e-05,0.000141353,2
6905,6910,6907.5,1.41353e-05,7.06764e-05,1
6910,6915,6912.5,1.41353e-05,7.06764e-05,1
6915,6920,6917.5,2.82705e-05,0.000141353,2
6920,6925,6922.5,1.41353e-05,7.06764e-05,1
6925,6930,6927.5,1.41353e-05,7.06764e-05,1
6930,6935,6932.5,1.41353e-05,7.06764e-05,1
6940,6945,6942.5,1.41353e-05,7.06764e-05,1
6950,6955,6952.5,1.41353e-05,7.06764e-05,1
6955,6960,6957.5,2.82705e-05,0.000141353,2
6960,6965,6962.5,2.82705e-05,0.000141353,2
6965,6970,6967.5,1.41353e-05,7.06764e-05,1
6970,6975,6972.5,2.82705e-05,0.000141353,2
7000,7005,7002.5,2.82705e-05,0.000141353,2
7010,7015,7012.5,1.41353e-05,7.06764e-05,1
7015,7020,7017.5,1.41353e-05,7.06764e-05,1
7020,7025,7022.5,5.65411e-05,0.000282705,4
7025,7030,7027.5,1.41353e-05,7.06764e-05,1
7035,7040,7037.5,1.41353e-05,7.06764e-05,1
7050,7055,7052.5,4.24058e-05,0.000212029,3
7055,7060,7057.5,1.41353e-05,7.06764e-05,1
7065,7070,7067.5,1.41353e-05,7.06764e-05,1
7070,7075,7072.5,7.06764e-05,0.000353382,5
7080,7085,7082.5,1.41353e-05,7.06764e-05,1
7090,7095,7092.5,1.41353e-05,7.06764e-05,1
7095,7100,7097.5,2.82705e-05,0.000141353,2
7105,7110,7107.5,1.41353e-05,7.06764e-05,1
7115,7120,7117.5,1.41353e-05,7.06764e-05,1
7120,7125,7122.5,5.65411e-05,0.000282705,4
7125,7130,7127.5,2.82705e-05,0.000141353,2
7130,7135,7132.5,1.41353e-05,7.06764e-05,1
7135,7140,7137.5,2.82705e-05,0.000141353,2
7140,7145,7142.5,2.82705e-05,0.000141353,2
7155,7160,7157.5,2.82705e-05,0.000141353,2
7160,7165,7162.5,4.24058e-05,0.000212029,3
7175,7180,7177.5,2.82705e-05,0.000141353,2
7180,7185,7182.5,1.41353e-05,7.06764e-05,1
7190,7195,7192.5,4.24058e-05,0.000212029,3
7195,7200,7197.5,1.41353e-05,7.06764e-05,1
7205,7210,7207.5,1.41353e-05,7.06764e-05,1
7225,7230,7227.5,1.41353e-05,7.06764e-05,1
7245,7250,7247.5,1.41353e-05,7.06764e-05,1
7250,7255,7252.5,1.41353e-05,7.06764e-05,1
7255,7260,7257.5,2.82705e-05,0.000141353,2
7265,7270,7267.5,2.82705e-05,0.000141353,2
7275,7280,7277.5,1.41353e-05,7.06764e-05,1
7280,7285,7282.5,1.41353e-05,7.06764e-05,1
7285,7290,7287.5,1.41353e-05,7.06764e-05,1
7290,7295,7292.5,1.41353e-05,7.06764e-05,1
7320,7325,7322.5,2.82705e-05,0.000141353,2
7325,7330,7327.5,1.41353e-05,7.06764e-05,1
7330,7335,7332.5,2.82705e-05,0.000141353,2
7340,7345,7342.5,1.41353e-05,7.06764e-05,1
7345,7350,7347.5,1.41353e-05,7.06764e-05,1
7360,7365,7362.5,2.82705e-05,0.000141353,2
7365,7370,7367.5,1.41353e-05,7.06764e-05,1
7385,7390,7387.5,1.41353e-05,7.06764e-05,1
7400,7405,7402.5,2.82705e-05,0.000141353,2
7405,7410,7407.5,1.41353e-05,7.06764e-05,1
7415,7420,7417.5,2.82705e-05,0.000141353,2
7420,7425,7422.5,1.41353e-05,7.06764e-05,1
7425,7430,7427.5,4.24058e-05,0.000212029,3
7430,7435,7432.5,5.65411e-05,0.000282705,4
7435,7440,7437.5,2.82705e-05,0.000141353,2
7440,7445,7442.5,1.41353e-05,7.06764e-05,1
7450,7455,7452.5,1.41353e-05,7.06764e-05,1
7455,7460,7457.5,1.41353e-05,7.06764e-05,1
7465,7470,7467.5,1.41353e-05,7.06764e-05,1
7470,7475,7472.5,1.41353e-05,7.06764e-05,1
7480,7485,7482.5,2.82705e-05,0.000141353,2
7490,7495,7492.5,2.82705e-05,0.000141353,2
7500,7505,7502.5,1.41353e-05,7.06764e-05,1
7505,7510,7507.5,1.41353e-05,7.06764e-05,1
7510,7515,7512.5,1.41353e-05,7.06764e-05,1
7520,7525,7522.5,1.41353e-05,7.06764e-05,1
7530,7535,7532.5,2.82705e-05,0.000141353,2
7535,7540,7537.5,1.41353e-05,7.06764e-05,1
7545,7550,7547.5,1.41353e-05,7.06764e-05,1
7550,7555,7552.5,2.82705e-05,0.000141353,2
7570,7575,7572.5,1.41353e-05,7.06764e-05,1
7575,7580,7577.5,1.41353e-05,7.06764e-05,1
7580,7585,7582.5,1.41353e-05,7.06764e-05,1
7585,7590,7587.5,1.41353e-05,7.06764e-05,1
7600,7605,7602.5,1.41353e-05,7.06764e-05,1
7610,7615,7612.5,2.82705e-05,0.000141353,2
7615,7620,7617.5,1.41353e-05,7.06764e-05,1
7625,7630,7627.5,1.41353e-05,7.06764e-05,1
7640,7645,7642.5,1.41353e-05,7.06764e-05,1
7645,7650,7647.5,1.41353e-05,7.06764e-05,1
7650,7655,7652.5,1.41353e-05,7.06764e-05,1
7660,7665,7662.5,2.82705e-05,0.000141353,2
7665,7670,7667.5,1.41353e-05,7.06764e-05,1
7670,7675,7672.5,2.82705e-05,0.000141353,2
7680,7685,7682.5,1.41353e-05,7.06764e-05,1
7685,7690,7687.5,1.41353e-05,7.06764e-05,1
7715,7720,7717.5,5.65411e-05,0.000282705,4
7720,7725,7722.5,4.24058e-05,0.000212029,3
7725,7730,7727.5,1.41353e-05,7.06764e-05,1
7735,7740,7737.5,2.82705e-05,0.000141353,2
7750,7755,7752.5,1.41353e-05,7.06764e-05,1
7755,7760,7757.5,2.82705e-05,0.000141353,2
7760,7765,7762.5,1.41353e-05,7.06764e-05,1
7770,7775,7772.5,1.41353e-05,7.06764e-05,1
7785,7790,7787.5,1.41353e-05,7.06764e-05,1
7800,7805,7802.5,2.82705e-05,0.000141353,2
7805,7810,7807.5,1.41353e-05,7.06764e-05,1
7810,7815,7812.5,1.41353e-05,7.06764e-05,1
7820,7825,7822.5,2.82705e-05,0.000141353,2
7825,7830,7827.5,1.41353e-05,7.06764e-05,1
7830,7835,7832.5,2.82705e-05,0.000141353,2
7840,7845,7842.5,1.41353e-05,7.06764e-05,1
7845,7850,7847.5,1.41353e-05,7.06764e-05,1
7850,7855,7852.5,1.41353e-05,7.06764e-05,1
7855,7860,7857.5,1.41353e-05,7.06764e-05,1
7860,7865,7862.5,1.41353e-05,7.06764e-05,1
7865,7870,7867.5,2.82705e-05,0.000141353,2
7870,7875,7872.5,1.41353e-05,7.06764e-05,1
7875,7880,7877.5,1.41353e-05,7.06764e-05,1
7880,7885,7882.5,1.41353e-05,7.06764e-05,1
7885,7890,7887.5,1.41353e-05,7.06764e-05,1
7890,7895,7892.5,2.82705e-05,0.000141353,2
7900,7905,7902.5,1.41353e-05,7.06764e-05,1
7915,7920,7917.5,1.41353e-05,7.06764e-05,1
7920,7925,7922.5,1.41353e-05,7.06764e-05,1
7930,7935,7932.5,1.41353e-05,7.06764e-05,1
7935,7940,7937.5,1.41353e-05,7.06764e-05,1
7940,7945,7942.5,1.41353e-05,7.06764e-05,1
7950,7955,7952.5,1.41353e-05,7.06764e-05,1
7955,7960,7957.5,1.41353e-05,7.06764e-05,1
7980,7985,7982.5,1.41353e-05,7.06764e-05,1
7985,7990,7987.5,1.41353e-05,7.06764e-05,1
8000,8005,8002.5,2.82705e-05,0.000141353,2
8010,8015,8012.5,1.41353e-05,7.06764e-05,1
8020,8025,8022.5,1.41353e-05,7.06764e-05,1
8030,8035,8032.5,1.41353e-05,7.06764e-05,1
8035,8040,8037.5,1.41353e-05,7.06764e-05,1
8045,8050,8047.5,2.82705e-05,0.000141353,2
8055,8060,8057.5,2.82705e-05,0.000141353,2
8060,8065,8062.5,2.82705e-05,0.000141353,2
8065,8070,8067.5,1.41353e-05,7.06764e-05,1
8070,8075,8072.5,1.41353e-05,7.06764e-05,1
8075,8080,8077.5,1.41353e-05,7.06764e-05,1
8090,8095,8092.5,1.41353e-05,7.06764e-05,1
8095,8100,8097.5,1.41353e-05,7.06764e-05,1
8100,8105,8102.5,1.41353e-05,7.06764e-05,1
8105,8110,8107.5,2.82705e-05,0.000141353,2
8110,8115,8112.5,1.41353e-05,7.06764e-05,1
8115,8120,8117.5,2.82705e-05,0.000141353,2
8120,8125,8122.5,1.41353e-05,7.06764e-05,1
8125,8130,8127.5,2.82705e-05,0.000141353,2
8130,8135,8132.5,4.24058e-05,0.000212029,3
8145,8150,8147.5,1.41353e-05,7.06764e-05,1
8150,8155,8152.5,4.24058e-05,0.000212029,3
8155,8160,8157.5,4.24058e-05,0.000212029,3
8160,8165,8162.5,1.41353e-05,7.06764e-05,1
8205,8210,8207.5,2.82705e-05,0.000141353,2
8235,8240,8237.5,1.41353e-05,7.06764e-05,1
8240,8245,8242.5,1.41353e-05,7.06764e-05,1
8250,8255,8252.5,1.41353e-05,7.06764e-05,1
8260,8265,8262.5,1.41353e-05,7.06764e-05,1
8270,8275,8272.5,1.41353e-05,7.06764e-05,1
8275,8280,8277.5,1.41353e-05,7.06764e-05,1
8280,8285,8282.5,1.41353e-05,7.06764e-05,1
8285,8290,8287.5,2.82705e-05,0.000141353,2
8295,8300,8297.5,2.82705e-05,0.000141353,2
8300,8305,8302.5,1.41353e-05,7.06764e-05,1
8310,8315,8312.5,1.41353e-05,7.06764e-05,1
8315,8320,8317.5,2.82705e-05,0.000141353,2
8320,8325,8322.5,1.41353e-05,7.06764e-05,1
8325,8330,8327.5,1.41353e-05,7.06764e-05,1
8350,8355,8352.5,1.41353e-05,7.06764e-05,1
8355,8360,8357.5,1.41353e-05,7.06764e-05,1
8365,8370,8367.5,1.41353e-05,7.06764e-05,1
8380,8385,8382.5,1.41353e-05,7.06764e-05,1
8385,8390,8387.5,1.41353e-05,7.06764e-05,1
8410,8415,8412.5,1.41353e-05,7.06764e-05,1
8415,8420,8417.5,1.41353e-05,7.06764e-05,1
8425,8430,8427.5,2.82705e-05,0.000141353,2
8455,8460,8457.5,1.41353e-05,7.06764e-05,1
8460,8465,8462.5,4.24058e-05,0.000212029,3
8465,8470,8467.5,2.82705e-05,0.000141353,2
8480,8485,8482.5,1.41353e-05,7.06764e-05,1
8485,8490,8487.5,1.41353e-05,7.06764e-05,1
8490,8495,8492.5,1.41353e-05,7.06764e-05,1
8495,8500,8497.5,2.82705e-05,0.000141353,2
8510,8515,8512.5,1.41353e-05,7.06764e-05,1
8535,8540,8537.5,1.41353e-05,7.06764e-05,1
8540,8545,8542.5,5.65411e-05,0.000282705,4
8545,8550,8547.5,1.41353e-05,7.06764e-05,1
8550,8555,8552.5,1.41353e-05,7.06764e-05,1
8570,8575,8572.5,2.82705e-05,0.000141353,2
8575,8580,8577.5,2.82705e-05,0.000141353,2
8585,8590,8587.5,1.41353e-05,7.06764e-05,1
8590,8595,8592.5,4.24058e-05,0.000212029,3
8605,8610,8607.5,1.41353e-05,7.06764e-05,1
8620,8625,8622.5,1.41353e-05,7.06764e-05,1
8625,8630,8627.5,1.41353e-05,7.06764e-05,1
8635,8640,8637.5,1.41353e-05,7.06764e-05,1
8640,8645,8642.5,1.41353e-05,7.06764e-05,1
8650,8655,8652.5,2.82705e-05,0.000141353,2
8660,8665,8662.5,2.82705e-05,0.000141353,2
8680,8685,8682.5,2.82705e-05,0.000141353,2
8685,8690,8687.5,1.41353e-05,7.06764e-05,1
8695,8700,8697.5,2.82705e-05,0.000141353,2
8700,8705,8702.5,1.41353e-05,7.06764e-05,1
8710,8715,8712.5,1.41353e-05,7.06764e-05,1
8720,8725,8722.5,1.41353e-05,7.06764e-05,1
8725,8730,8727.5,1.41353e-05,7.06764e-05,1
8730,8735,8732.5,1.41353e-05,7.06764e-05,1
8740,8745,8742.5,2.82705e-05,0.000141353,2
8750,8755,8752.5,1.41353e-05,7.06764e-05,1
8755,8760,8757.5,1.41353e-05,7.06764e-05,1
8760,8765,8762.5,1.41353e-05,7.06764e-05,1
8765,8770,8767.5,1.41353e-05,7.06764e-05,1
8770,8775,8772.5,1.41353e-05,7.06764e-05,1
8775,8780,8777.5,1.41353e-05,7.06764e-05,1
8785,8790,8787.5,2.82705e-05,0.000141353,2
8800,8805,8802.5,2.82705e-05,0.000141353,2
8805,8810,8807.5,2.82705e-05,0.000141353,2
8810,8815,8812.5,1.41353e-05,7.06764e-05,1
8815,8820,8817.5,1.41353e-05,7.06764e-05,1
8820,8825,8822.5,4.24058e-05,0.000212029,3
8830,8835,8832.5,2.82705e-05,0.000141353,2
8840,8845,8842.5,2.82705e-05,0.000141353,2
8845,8850,8847.5,4.24058e-05,0.000212029,3
8855,8860,8857.5,1.41353e-05,7.06764e-05,1
8875,8880,8877.5,1.41353e-05,7.06764e-05,1
8900,8905,8902.5,1.41353e-05,7.06764e-05,1
8905,8910,8907.5,2.82705e-05,0.000141353,2
8915,8920,8917.5,1.41353e-05,7.06764e-05,1
8920,8925,8922.5,1.41353e-05,7.06764e-05,1
8930,8935,8932.5,1.41353e-05,7.06764e-05,1
8940,8945,8942.5,1.41353e-05,7.06764e-05,1
8950,8955,8952.5,1.41353e-05,7.06764e-05,1
8960,8965,8962.5,1.41353e-05,7.06764e-05,1
8970,8975,8972.5,2.82705e-05,0.000141353,2
8975,8980,8977.5,1.41353e-05,7.06764e-05,1
8980,8985,8982.5,2.82705e-05,0.000141353,2
8995,9000,8997.5,1.41353e-05,7.06764e-05,1
9010,9015,9012.5,4.24058e-05,0.000212029,3
9020,9025,9022.5,2.82705e-05,0.000141353,2
9030,9035,9032.5,1.41353e-05,7.06764e-05,1
9050,9055,9052.5,2.82705e-05,0.000141353,2
9070,9075,9072.5,1.41353e-05,7.06764e-05,1
9090,9095,9092.5,1.41353e-05,7.06764e-05,1
9100,9105,9102.5,1.41353e-05,7.06764e-05,1
9110,9115,9112.5,1.41353e-05,7.06764e-05,1
9125,9130,9127.5,2.82705e-05,0.000141353,2
9135,9140,9137.5,1.41353e-05,7.06764e-05,1
9140,9145,9142.5,1.41353e-05,7.06764e-05,1
9145,9150,9147.5,2.82705e-05,0.000141353,2
9150,9155,9152.5,1.41353e-05,7.06764e-05,1
9170,9175,9172.5,2.82705e-05,0.000141353,2
9180,9185,9182.5,1.41353e-05,7.06764e-05,1
9185,9190,9187.5,1.41353e-05,7.06764e-05,1
9190,9195,9192.5,1.41353e-05,7.06764e-05,1
9195,9200,9197.5,1.41353e-05,7.06764e-05,1
9200,9205,9202.5,1.41353e-05,7.06764e-05,1
9210,9215,9212.5,1.41353e-05,7.06764e-05,1
9225,9230,9227.5,1.41353e-05,7.06764e-05,1
9230,9235,9232.5,1.41353e-05,7.06764e-05,1
9240,9245,9242.5,1.41353e-05,7.06764e-05,1
9250,9255,9252.5,1.41353e-05,7.06764e-05,1
9260,9265,9262.5,1.41353e-05,7.06764e-05,1
9265,9270,9267.5,1.41353e-05,7.06764e-05,1
9275,9280,9277.5,1.41353e-05,7.06764e-05,1
9280,9285,9282.5,1.41353e-05,7.06764e-05,1
9285,9290,9287.5,2.82705e-05,0.000141353,2
9300,9305,9302.5,2.82705e-05,0.000141353,2
9325,9330,9327.5,1.41353e-05,7.06764e-05,1
9345,9350,9347.5,2.82705e-05,0.000141353,2
9350,9355,9352.5,1.41353e-05,7.06764e-05,1
9360,9365,9362.5,1.41353e-05,7.06764e-05,1
9365,9370,9367.5,1.41353e-05,7.06764e-05,1
9380,9385,9382.5,2.82705e-05,0.000141353,2
9400,9405,9402.5,1.41353e-05,7.06764e-05,1
9405,9410,9407.5,2.82705e-05,0.000141353,2
9410,9415,9412.5,1.41353e-05,7.06764e-05,1
9420,9425,9422.5,1.41353e-05,7.06764e-05,1
9425,9430,9427.5,1.41353e-05,7.06764e-05,1
9430,9435,9432.5,1.41353e-05,7.06764e-05,1
9435,9440,9437.5,1.41353e-05,7.06764e-05,1
9440,9445,9442.5,1.41353e-05,7.06764e-05,1
9445,9450,9447.5,1.41353e-05,7.06764e-05,1
9455,9460,9457.5,1.41353e-05,7.06764e-05,1
9465,9470,9467.5,4.24058e-05,0.000212029,3
9475,9480,9477.5,1.41353e-05,7.06764e-05,1
9490,9495,9492.5,4.24058e-05,0.000212029,3
9495,9500,9497.5,1.41353e-05,7.06764e-05,1
9505,9510,9507.5,1.41353e-05,7.06764e-05,1
9545,9550,9547.5,2.82705e-05,0.000141353,2
9555,9560,9557.5,1.41353e-05,7.06764e-05,1
9565,9570,9567.5,1.41353e-05,7.06764e-05,1
9575,9580,9577.5,2.82705e-05,0.000141353,2
9595,9600,9597.5,2.82705e-05,0.000141353,2
9605,9610,9607.5,1.41353e-05,7.06764e-05,1
9610,9615,9612.5,2.82705e-05,0.000141353,2
9620,9625,9622.5,2.82705e-05,0.000141353,2
9630,9635,9632.5,1.41353e-05,7.06764e-05,1
9635,9640,9637.5,1.41353e-05,7.06764e-05,1
9645,9650,9647.5,4.24058e-05,0.000212029,3
9650,9655,9652.5,5.65411e-05,0.000282705,4
9655,9660,9657.5,1.41353e-05,7.06764e-05,1
9680,9685,9682.5,1.41353e-05,7.06764e-05,1
9685,9690,9687.5,1.41353e-05,7.06764e-05,1
9690,9695,9692.5,1.41353e-05,7.06764e-05,1
9700,9705,9702.5,4.24058e-05,0.000212029,3
9705,9710,9707.5,1.41353e-05,7.06764e-05,1
9710,9715,9712.5,1.41353e-05,7.06764e-05,1
9720,9725,9722.5,1.41353e-05,7.06764e-05,1
9730,9735,9732.5,2.82705e-05,0.000141353,2
9740,9745,9742.5,1.41353e-05,7.06764e-05,1
9745,9750,9747.5,1.41353e-05,7.06764e-05,1
9765,9770,9767.5,2.82705e-05,0.000141353,2
9785,9790,9787.5,1.41353e-05,7.06764e-05,1
9815,9820,9817.5,1.41353e-05,7.06764e-05,1
9845,9850,9847.5,1.41353e-05,7.06764e-05,1
9860,9865,9862.5,4.24058e-05,0.000212029,3
9865,9870,9867.5,1.41353e-05,7.06764e-05,1
9875,9880,9877.5,2.82705e-05,0.000141353,2
9885,9890,9887.5,1.41353e-05,7.06764e-05,1
9895,9900,9897.5,1.41353e-05,7.06764e-05,1
9910,9915,9912.5,1.41353e-05,7.06764e-05,1
9920,9925,9922.5,1.41353e-05,7.06764e-05,1
9930,9935,9932.5,1.41353e-05,7.06764e-05,1
9935,9940,9937.5,1.41353e-05,7.06764e-05,1
9940,9945,9942.5,1.41353e-05,7.06764e-05,1
9950,9955,9952.5,1.41353e-05,7.06764e-05,1
9960,9965,9962.5,1.41353e-05,7.06764e-05,1
9970,9975,9972.5,1.41353e-05,7.06764e-05,1
9985,9990,9987.5,1.41353e-05,7.06764e-05,1
9995,10000,9997.5,2.82705e-05,0.000141353,2
10000,10005,10002.5,1.41353e-05,7.06764e-05,1
10015,10020,10017.5,2.82705e-05,0.000141353,2
10040,10045,10042.5,1.41353e-05,7.06764e-05,1
10045,10050,10047.5,1.41353e-05,7.06764e-05,1
10050,10055,10052.5,2.82705e-05,0.000141353,2
10055,10060,10057.5,2.82705e-05,0.000141353,2
10065,10070,10067.5,1.41353e-05,7.06764e-05,1
10115,10120,10117.5,4.24058e-05,0.000212029,3
10125,10130,10127.5,1.41353e-05,7.06764e-05,1
10145,10150,10147.5,1.41353e-05,7.06764e-05,1
10165,10170,10167.5,1.41353e-05,7.06764e-05,1
10170,10175,10172.5,4.24058e-05,0.000212029,3
10190,10195,10192.5,1.41353e-05,7.06764e-05,1
10215,10220,10217.5,2.82705e-05,0.000141353,2
10220,10225,10222.5,2.82705e-05,0.000141353,2
10225,10230,10227.5,2.82705e-05,0.000141353,2
10235,10240,10237.5,1.41353e-05,7.06764e-05,1
10245,10250,10247.5,1.41353e-05,7.06764e-05,1
10250,10255,10252.5,1.41353e-05,7.06764e-05,1
10255,10260,10257.5,1.41353e-05,7.06764e-05,1
10260,10265,10262.5,1.41353e-05,7.06764e-05,1
10270,10275,10272.5,1.41353e-05,7.06764e-05,1
10295,10300,10297.5,1.41353e-05,7.06764e-05,1
10310,10315,10312.5,2.82705e-05,0.000141353,2
10330,10335,10332.5,1.41353e-05,7.06764e-05,1
10335,10340,10337.5,1.41353e-05,7.06764e-05,1
10345,10350,10347.5,1.41353e-05,7.06764e-05,1
10350,10355,10352.5,1.41353e-05,7.06764e-05,1
10365,10370,10367.5,1.41353e-05,7.06764e-05,1
10370,10375,10372.5,1.41353e-05,7.06764e-05,1
10375,10380,10377.5,1.41353e-05,7.06764e-05,1
10380,10385,10382.5,1.41353e-05,7.06764e-05,1
10395,10400,10397.5,1.41353e-05,7.06764e-05,1
10400,10405,10402.5,1.41353e-05,7.06764e-05,1
10405,10410,10407.5,1.41353e-05,7.06764e-05,1
10445,10450,10447.5,1.41353e-05,7.06764e-05,1
10455,10460,10457.5,2.82705e-05,0.000141353,2
10460,10465,10462.5,1.41353e-05,7.06764e-05,1
10470,10475,10472.5,1.41353e-05,7.06764e-05,1
10480,10485,10482.5,1.41353e-05,7.06764e-05,1
10495,10500,10497.5,1.41353e-05,7.06764e-05,1
10510,10515,10512.5,1.41353e-05,7.06764e-05,1
10515,10520,10517.5,1.41353e-05,7.06764e-05,1
10545,10550,10547.5,1.41353e-05,7.06764e-05,1
10550,10555,10552.5,1.41353e-05,7.06764e-05,1
10560,10565,10562.5,1.41353e-05,7.06764e-05,1
10600,10605,10602.5,2.82705e-05,0.000141353,2
10610,10615,10612.5,1.41353e-05,7.06764e-05,1
10620,10625,10622.5,1.41353e-05,7.06764e-05,1
10625,10630,10627.5,1.41353e-05,7.06764e-05,1
10640,10645,10642.5,4.24058e-05,0.000212029,3
10665,10670,10667.5,1.41353e-05,7.06764e-05,1
10675,10680,10677.5,1.41353e-05,7.06764e-05,1
10685,10690,10687.5,1.41353e-05,7.06764e-05,1
10710,10715,10712.5,1.41353e-05,7.06764e-05,1
10725,10730,10727.5,1.41353e-05,7.06764e-05,1
10730,10735,10732.5,1.41353e-05,7.06764e-05,1
10745,10750,10747.5,2.82705e-05,0.000141353,2
10775,10780,10777.5,1.41353e-05,7.06764e-05,1
10790,10795,10792.5,2.82705e-05,0.000141353,2
10795,10800,10797.5,1.41353e-05,7.06764e-05,1
10800,10805,10802.5,1.41353e-05,7.06764e-05,1
10830,10835,10832.5,1.41353e-05,7.06764e-05,1
10835,10840,10837.5,1.41353e-05,7.06764e-05,1
10855,10860,10857.5,1.41353e-05,7.06764e-05,1
10860,10865,10862.5,1.41353e-05,7.06764e-05,1
10865,10870,10867.5,2.82705e-05,0.000141353,2
10880,10885,10882.5,1.41353e-05,7.06764e-05,1
10890,10895,10892.5,1.41353e-05,7.06764e-05,1
10895,10900,10897.5,4.24058e-05,0.000212029,3
10905,10910,10907.5,4.24058e-05,0.000212029,3
10910,10915,10912.5,1.41353e-05,7.06764e-05,1
10930,10935,10932.5,1.41353e-05,7.06764e-05,1
10935,10940,10937.5,1.41353e-05,7.06764e-05,1
10960,10965,10962.5,1.41353e-05,7.06764e-05,1
10965,10970,10967.5,1.41353e-05,7.06764e-05,1
10970,10975,10972.5,1.41353e-05,7.06764e-05,1
10995,11000,10997.5,1.41353e-05,7.06764e-05,1
11000,11005,11002.5,2.82705e-05,0.000141353,2
11005,11010,11007.5,1.41353e-05,7.06764e-05,1
11020,11025,11022.5,1.41353e-05,7.06764e-05,1
11030,11035,11032.5,1.41353e-05,7.06764e-05,1
11045,11050,11047.5,1.41353e-05,7.06764e-05,1
11055,11060,11057.5,1.41353e-05,7.06764e-05,1
11060,11065,11062.5,1.41353e-05,7.06764e-05,1
11065,11070,11067.5,1.41353e-05,7.06764e-05,1
11090,11095,11092.5,1.41353e-05,7.06764e-05,1
11120,11125,11122.5,2.82705e-05,0.000141353,2
11130,11135,11132.5,1.41353e-05,7.06764e-05,1
11160,11165,11162.5,5.65411e-05,0.000282705,4
11165,11170,11167.5,1.41353e-05,7.06764e-05,1
11185,11190,11187.5,1.41353e-05,7.06764e-05,1
11245,11250,11247.5,1.41353e-05,7.06764e-05,1
11255,11260,11257.5,2.82705e-05,0.000141353,2
11345,11350,11347.5,4.24058e-05,0.000212029,3
11380,11385,11382.5,1.41353e-05,7.06764e-05,1
11410,11415,11412.5,1.41353e-05,7.06764e-05,1
11430,11435,11432.5,1.41353e-05,7.06764e-05,1
11440,11445,11442.5,1.41353e-05,7.06764e-05,1
11445,11450,11447.5,1.41353e-05,7.06764e-05,1
11460,11465,11462.5,1.41353e-05,7.06764e-05,1
11480,11485,11482.5,1.41353e-05,7.06764e-05,1
11495,11500,11497.5,1.41353e-05,7.06764e-05,1
11535,11540,11537.5,1.41353e-05,7.06764e-05,1
11565,11570,11567.5,1.41353e-05,7.06764e-05,1
11570,11575,11572.5,1.41353e-05,7.06764e-05,1
11580,11585,11582.5,2.82705e-05,0.000141353,2
11595,11600,11597.5,1.41353e-05,7.06764e-05,1
11615,11620,11617.5,1.41353e-05,7.06764e-05,1
11625,11630,11627.5,1.41353e-05,7.06764e-05,1
11635,11640,11637.5,2.82705e-05,0.000141353,2
11645,11650,11647.5,1.41353e-05,7.06764e-05,1
11650,11655,11652.5,2.82705e-05,0.000141353,2
11655,11660,11657.5,1.41353e-05,7.06764e-05,1
11665,11670,11667.5,1.41353e-05,7.06764e-05,1
11670,11675,11672.5,1.41353e-05,7.06764e-05,1
11690,11695,11692.5,1.41353e-05,7.06764e-05,1
11695,11700,11697.5,1.41353e-05,7.06764e-05,1
11700,11705,11702.5,1.41353e-05,7.06764e-05,1
11755,11760,11757.5,1.41353e-05,7.06764e-05,1
11770,11775,11772.5,1.41353e-05,7.06764e-05,1
11780,11785,11782.5,1.41353e-05,7.06764e-05,1
11800,11805,11802.5,1.41353e-05,7.06764e-05,1
11805,11810,11807.5,1.41353e-05,7.06764e-05,1
11815,11820,11817.5,1.41353e-05,7.06764e-05,1
11825,11830,11827.5,1.41353e-05,7.06764e-05,1
11850,11855,11852.5,1.41353e-05,7.06764e-05,1
11875,11880,11877.5,2.82705e-05,0.000141353,2
11880,11885,11882.5,1.41353e-05,7.06764e-05,1
11890,11895,11892.5,2.82705e-05,0.000141353,2
11910,11915,11912.5,2.82705e-05,0.000141353,2
11915,11920,11917.5,1.41353e-05,7.06764e-05,1
11930,11935,11932.5,2.82705e-05,0.000141353,2
11935,11940,11937.5,1.41353e-05,7.06764e-05,1
11950,11955,11952.5,1.41353e-05,7.06764e-05,1
11955,11960,11957.5,1.41353e-05,7.06764e-05,1
11960,11965,11962.5,1.41353e-05,7.06764e-05,1
11980,11985,11982.5,1.41353e-05,7.06764e-05,1
11990,11995,11992.5,1.41353e-05,7.06764e-05,1
11995,12000,11997.5,2.82705e-05,0.000141353,2
12000,12005,12002.5,1.41353e-05,7.06764e-05,1
12015,12020,12017.5,1.41353e-05,7.06764e-05,1
12020,12025,12022.5,1.41353e-05,7.06764e-05,1
12055,12060,12057.5,2.82705e-05,0.000141353,2
12155,12160,12157.5,1.41353e-05,7.06764e-05,1
12165,12170,12167.5,1.41353e-05,7.06764e-05,1
12220,12225,12222.5,1.41353e-05,7.06764e-05,1
12250,12255,12252.5,1.41353e-05,7.06764e-05,1
12265,12270,12267.5,1.41353e-05,7.06764e-05,1
12285,12290,12287.5,1.41353e-05,7.06764e-05,1
12305,12310,12307.5,1.41353e-05,7.06764e-05,1
12325,12330,12327.5,1.41353e-05,7.06764e-05,1
12330,12335,12332.5,4.24058e-05,0.000212029,3
12345,12350,12347.5,1.41353e-05,7.06764e-05,1
12350,12355,12352.5,1.41353e-05,7.06764e-05,1
12355,12360,12357.5,1.41353e-05,7.06764e-05,1
12365,12370,12367.5,1.41353e-05,7.06764e-05,1
12370,12375,12372.5,1.41353e-05,7.06764e-05,1
12405,12410,12407.5,1.41353e-05,7.06764e-05,1
12455,12460,12457.5,1.41353e-05,7.06764e-05,1
12470,12475,12472.5,1.41353e-05,7.06764e-05,1
12490,12495,12492.5,1.41353e-05,7.06764e-05,1
12525,12530,12527.5,1.41353e-05,7.06764e-05,1
12540,12545,12542.5,2.82705e-05,0.000141353,2
12570,12575,12572.5,1.41353e-05,7.06764e-05,1
12575,12580,12577.5,1.41353e-05,7.06764e-05,1
12580,12585,12582.5,1.41353e-05,7.06764e-05,1
12585,12590,12587.5,1.41353e-05,7.06764e-05,1
12600,12605,12602.5,1.41353e-05,7.06764e-05,1
12675,12680,12677.5,1.41353e-05,7.06764e-05,1
12695,12700,12697.5,1.41353e-05,7.06764e-05,1
12700,12705,12702.5,2.82705e-05,0.000141353,2
12710,12715,12712.5,1.41353e-05,7.06764e-05,1
12725,12730,12727.5,1.41353e-05,7.06764e-05,1
12740,12745,12742.5,1.41353e-05,7.06764e-05,1
12755,12760,12757.5,1.41353e-05,7.06764e-05,1
12795,12800,12797.5,1.41353e-05,7.06764e-05,1
12800,12805,12802.5,1.41353e-05,7.06764e-05,1
12820,12825,12822.5,1.41353e-05,7.06764e-05,1
12845,12850,12847.5,1.41353e-05,7.06764e-05,1
12850,12855,12852.5,1.41353e-05,7.06764e-05,1
12860,12865,12862.5,1.41353e-05,7.06764e-05,1
12895,12900,12897.5,1.41353e-05,7.06764e-05,1
12930,12935,12932.5,1.41353e-05,7.06764e-05,1
12945,12950,12947.5,1.41353e-05,7.06764e-05,1
12970,12975,12972.5,1.41353e-05,7.06764e-05,1
13020,13025,13022.5,1.41353e-05,7.06764e-05,1
13025,13030,13027.5,1.41353e-05,7.06764e-05,1
13035,13040,13037.5,1.41353e-05,7.06764e-05,1
13045,13050,13047.5,1.41353e-05,7.06764e-05,1
13060,13065,13062.5,1.41353e-05,7.06764e-05,1
13075,13080,13077.5,1.41353e-05,7.06764e-05,1
13080,13085,13082.5,1.41353e-05,7.06764e-05,1
13155,13160,13157.5,1.41353e-05,7.06764e-05,1
13160,13165,13162.5,1.41353e-05,7.06764e-05,1
13175,13180,13177.5,1.41353e-05,7.06764e-05,1
13270,13275,13272.5,1.41353e-05,7.06764e-05,1
13325,13330,13327.5,1.41353e-05,7.06764e-05,1
13335,13340,13337.5,1.41353e-05,7.06764e-05,1
13340,13345,13342.5,1.41353e-05,7.06764e-05,1
13345,13350,13347.5,1.41353e-05,7.06764e-05,1
13355,13360,13357.5,2.82705e-05,0.000141353,2
13365,13370,13367.5,1.41353e-05,7.06764e-05,1
13380,13385,13382.5,1.41353e-05,7.06764e-05,1
13400,13405,13402.5,1.41353e-05,7.06764e-05,1
13455,13460,13457.5,1.41353e-05,7.06764e-05,1
13465,13470,13467.5,1.41353e-05,7.06764e-05,1
13480,13485,13482.5,1.41353e-05,7.06764e-05,1
13495,13500,13497.5,1.41353e-05,7.06764e-05,1
13555,13560,13557.5,1.41353e-05,7.06764e-05,1
13565,13570,13567.5,1.41353e-05,7.06764e-05,1
13570,13575,13572.5,1.41353e-05,7.06764e-05,1
13590,13595,13592.5,1.41353e-05,7.06764e-05,1
13600,13605,13602.5,1.41353e-05,7.06764e-05,1
13605,13610,13607.5,1.41353e-05,7.06764e-05,1
13655,13660,13657.5,1.41353e-05,7.06764e-05,1
13715,13720,13717.5,1.41353e-05,7.06764e-05,1
13755,13760,13757.5,1.41353e-05,7.06764e-05,1
13805,13810,13807.5,1.41353e-05,7.06764e-05,1
13810,13815,13812.5,1.41353e-05,7.06764e-05,1
13825,13830,13827.5,1.41353e-05,7.06764e-05,1
13970,13975,13972.5,1.41353e-05,7.06764e-05,1
14040,14045,14042.5,1.41353e-05,7.06764e-05,1
14100,14105,14102.5,1.41353e-05,7.06764e-05,1
14110,14115,14112.5,1.41353e-05,7.06764e-05,1
14125,14130,14127.5,1.41353e-05,7.06764e-05,1
14195,14200,14197.5,1.41353e-05,7.06764e-05,1
14355,14360,14357.5,2.82705e-05,0.000141353,2
14415,14420,14417.5,1.41353e-05,7.06764e-05,1
14490,14495,14492.5,1.41353e-05,7.06764e-05,1
14540,14545,14542.5,1.41353e-05,7.06764e-05,1
14545,14550,14547.5,1.41353e-05,7.06764e-05,1
14560,14565,14562.5,1.41353e-05,7.06764e-05,1
14595,14600,14597.5,1.41353e-05,7.06764e-05,1
14625,14630,14627.5,1.41353e-05,7.06764e-05,1
14645,14650,14647.5,1.41353e-05,7.06764e-05,1
14660,14665,14662.5,1.41353e-05,7.06764e-05,1
14695,14700,14697.5,1.41353e-05,7.06764e-05,1
14700,14705,14702.5,1.41353e-05,7.06764e-05,1
14705,14710,14707.5,1.41353e-05,7.06764e-05,1
14755,14760,14757.5,1.41353e-05,7.06764e-05,1
15005,15010,15007.5,1.41353e-05,7.06764e-05,1
15025,15030,15027.5,1.41353e-05,7.06764e-05,1
15045,15050,15047.5,1.41353e-05,7.06764e-05,1
15070,15075,15072.5,1.41353e-05,7.06764e-05,1
15080,15085,15082.5,1.41353e-05,7.06764e-05,1
15160,15165,15162.5,1.41353e-05,7.06764e-05,1
15195,15200,15197.5,1.41353e-05,7.06764e-05,1
15280,15285,15282.5,1.41353e-05,7.06764e-05,1
15300,15305,15302.5,1.41353e-05,7.06764e-05,1
15310,15315,15312.5,1.41353e-05,7.06764e-05,1
15385,15390,15387.5,2.82705e-05,0.000141353,2
15410,15415,15412.5,1.41353e-05,7.06764e-05,1
15480,15485,15482.5,1.41353e-05,7.06764e-05,1
15580,15585,15582.5,1.41353e-05,7.06764e-05,1
15640,15645,15642.5,1.41353e-05,7.06764e-05,1
15655,15660,15657.5,1.41353e-05,7.06764e-05,1
15730,15735,15732.5,1.41353e-05,7.06764e-05,1
15740,15745,15742.5,1.41353e-05,7.06764e-05,1
15845,15850,15847.5,1.41353e-05,7.06764e-05,1
15910,15915,15912.5,1.41353e-05,7.06764e-05,1
15925,15930,15927.5,1.41353e-05,7.06764e-05,1
16275,16280,16277.5,1.41353e-05,7.06764e-05,1
16330,16335,16332.5,1.41353e-05,7.06764e-05,1
16375,16380,16377.5,1.41353e-05,7.06764e-05,1
16480,16485,16482.5,1.41353e-05,7.06764e-05,1
16610,16615,16612.5,1.41353e-05,7.06764e-05,1
16630,16635,16632.5,1.41353e-05,7.06764e-05,1
16780,16785,16782.5,1.41353e-05,7.06764e-05,1
16790,16795,16792.5,1.41353e-05,7.06764e-05,1
16895,16900,16897.5,1.41353e-05,7.06764e-05,1
17000,17005,17002.5,1.41353e-05,7.06764e-05,1
17100,17105,17102.5,1.41353e-05,7.06764e-05,1
17145,17150,17147.5,1.41353e-05,7.06764e-05,1
17170,17175,17172.5,1.41353e-05,7.06764e-05,1
17300,17305,17302.5,1.41353e-05,7.06764e-05,1
17425,17430,17427.5,1.41353e-05,7.06764e-05,1
17590,17595,17592.5,1.41353e-05,7.06764e-05,1
17775,17780,17777.5,1.41353e-05,7.06764e-05,1
18130,18135,18132.5,1.41353e-05,7.06764e-05,1
19185,19190,19187.5,1.41353e-05,7.06764e-05,1
19890,19895,19892.5,1.41353e-05,7.06764e-05,1
20005,20010,20007.5,1.41353e-05,7.06764e-05,1
20025,20030,20027.5,1.41353e-05,7.06764e-05,1
20780,20785,20782.5,1.41353e-05,7.06764e-05,1
23095,23100,23097.5,1.41353e-05,7.06764e-05,1
VO Delay PDF CSV saved: /home/nathanlo/ns-3.45/scratch/delay_pdf/11be/adaptive_compare_burst/adaptive_knownk_k5_s2_all.csv

P-EDCA STA Delay PDF CSV saved: /home/nathanlo/ns-3.45/scratch/delay_pdf/11be/adaptive_compare_burst/adaptive_knownk_k5_s2.csv
Legacy STA Delay PDF CSV saved: /home/nathanlo/ns-3.45/scratch/delay_pdf/11be/adaptive_compare_burst/adaptive_knownk_k5_s2_legacy.csv
--- EXTENDED_STATS_BEGIN ---
PEDCA_STA_SUCC_COUNT: 2222
PEDCA_STA_FAIL_COUNT: 3
PEDCA_STA_ZERO_RETX: 2221
LEGACY_STA_SUCC_COUNT: 11927
LEGACY_STA_FAIL_COUNT: 607
LEGACY_STA_ZERO_RETX: 11927
PEDCA_STA_AVG_MAC_DELAY: 1972.79
PEDCA_STA_AVG_QUEUE_DELAY: 1691.02
PEDCA_STA_AVG_ACCESS_DELAY: 281.772
LEGACY_STA_AVG_MAC_DELAY: 2285.01
LEGACY_STA_AVG_QUEUE_DELAY: 1990.71
LEGACY_STA_AVG_ACCESS_DELAY: 294.297
--- EXTENDED_STATS_END ---
