[INFO] std::clog redirected to: /dev/null

--- Per-STA P-EDCA Detail ---
  STA0: DS-CTS=243 S2Entry=243 S2Tx=143 PedcaOK=123 EdcaOK=268 FailCTS=9 FailColl=11 FailExp=0 Defer=4
  STA1: DS-CTS=43 S2Entry=43 S2Tx=34 PedcaOK=32 EdcaOK=433 FailCTS=0 FailColl=2 FailExp=0 Defer=0
  STA2: DS-CTS=199 S2Entry=199 S2Tx=128 PedcaOK=120 EdcaOK=345 FailCTS=1 FailColl=7 FailExp=0 Defer=0
  STA3: DS-CTS=123 S2Entry=123 S2Tx=85 PedcaOK=81 EdcaOK=374 FailCTS=2 FailColl=2 FailExp=0 Defer=1
  STA4: DS-CTS=50 S2Entry=50 S2Tx=33 PedcaOK=32 EdcaOK=651 FailCTS=1 FailColl=0 FailExp=0 Defer=0
  STA5: DS-CTS=167 S2Entry=167 S2Tx=112 PedcaOK=98 EdcaOK=246 FailCTS=2 FailColl=12 FailExp=0 Defer=0
  STA6: DS-CTS=46 S2Entry=46 S2Tx=38 PedcaOK=36 EdcaOK=644 FailCTS=2 FailColl=0 FailExp=0 Defer=0
  STA7: DS-CTS=167 S2Entry=167 S2Tx=108 PedcaOK=92 EdcaOK=384 FailCTS=3 FailColl=13 FailExp=0 Defer=0
  STA8: DS-CTS=185 S2Entry=185 S2Tx=127 PedcaOK=110 EdcaOK=441 FailCTS=5 FailColl=12 FailExp=0 Defer=0
  STA9: DS-CTS=231 S2Entry=231 S2Tx=151 PedcaOK=140 EdcaOK=324 FailCTS=4 FailColl=7 FailExp=0 Defer=0
  STA10: DS-CTS=59 S2Entry=59 S2Tx=43 PedcaOK=43 EdcaOK=533 FailCTS=0 FailColl=0 FailExp=0 Defer=3
  STA11: DS-CTS=215 S2Entry=215 S2Tx=138 PedcaOK=127 EdcaOK=319 FailCTS=1 FailColl=10 FailExp=0 Defer=0
  STA12: DS-CTS=107 S2Entry=107 S2Tx=70 PedcaOK=66 EdcaOK=423 FailCTS=2 FailColl=2 FailExp=0 Defer=0
  STA13: DS-CTS=112 S2Entry=112 S2Tx=81 PedcaOK=75 EdcaOK=428 FailCTS=2 FailColl=4 FailExp=0 Defer=0
  STA14: DS-CTS=226 S2Entry=226 S2Tx=137 PedcaOK=122 EdcaOK=331 FailCTS=4 FailColl=11 FailExp=0 Defer=0
  STA15: DS-CTS=67 S2Entry=67 S2Tx=42 PedcaOK=40 EdcaOK=602 FailCTS=1 FailColl=1 FailExp=0 Defer=2
  STA16: DS-CTS=3 S2Entry=3 S2Tx=3 PedcaOK=2 EdcaOK=1 FailCTS=1 FailColl=0 FailExp=0 Defer=0
  STA17: DS-CTS=1 S2Entry=1 S2Tx=1 PedcaOK=0 EdcaOK=1 FailCTS=1 FailColl=0 FailExp=0 Defer=0
  STA18: DS-CTS=225 S2Entry=225 S2Tx=142 PedcaOK=118 EdcaOK=330 FailCTS=5 FailColl=19 FailExp=0 Defer=0
  STA19: DS-CTS=88 S2Entry=88 S2Tx=66 PedcaOK=62 EdcaOK=465 FailCTS=1 FailColl=3 FailExp=0 Defer=0
  STA20: DS-CTS=241 S2Entry=241 S2Tx=147 PedcaOK=127 EdcaOK=369 FailCTS=6 FailColl=14 FailExp=0 Defer=3
  STA21: DS-CTS=200 S2Entry=200 S2Tx=126 PedcaOK=112 EdcaOK=312 FailCTS=3 FailColl=11 FailExp=0 Defer=0
  STA22: DS-CTS=144 S2Entry=144 S2Tx=108 PedcaOK=98 EdcaOK=451 FailCTS=4 FailColl=6 FailExp=0 Defer=8
  STA23: DS-CTS=3 S2Entry=3 S2Tx=3 PedcaOK=3 EdcaOK=0 FailCTS=0 FailColl=0 FailExp=0 Defer=0
  STA24: DS-CTS=138 S2Entry=138 S2Tx=87 PedcaOK=69 EdcaOK=149 FailCTS=6 FailColl=12 FailExp=0 Defer=1
  STA25: DS-CTS=120 S2Entry=120 S2Tx=80 PedcaOK=73 EdcaOK=525 FailCTS=2 FailColl=5 FailExp=0 Defer=0
  STA26: DS-CTS=1 S2Entry=1 S2Tx=1 PedcaOK=0 EdcaOK=4 FailCTS=1 FailColl=0 FailExp=0 Defer=0
  STA27: DS-CTS=1 S2Entry=1 S2Tx=1 PedcaOK=0 EdcaOK=3 FailCTS=1 FailColl=0 FailExp=0 Defer=0
  STA28: DS-CTS=220 S2Entry=220 S2Tx=126 PedcaOK=112 EdcaOK=367 FailCTS=3 FailColl=11 FailExp=0 Defer=0
  STA29: DS-CTS=194 S2Entry=194 S2Tx=128 PedcaOK=119 EdcaOK=382 FailCTS=4 FailColl=5 FailExp=0 Defer=7

=== General Statistics ===
P-EDCA Ratio: 1
P-EDCA STAs: 30/30
P-EDCA Share (Avg Per-STA P-EDCA Tx/Total Tx): 21.7675 %
Avg P-EDCA Attempt Success Rate: 56.3657 %
Global P-EDCA Tx Success: 2232
Global EDCA Tx Success: 10105
Global P-EDCA Attempt (DS-CTS Sent): 3819

--- P-EDCA Detailed Trace ---
Stage 2 Entered: 3819
Stage 2 TX Started: 2489
P-EDCA Fail RTS No CTS: 77
P-EDCA Fail RTS Collision: 180
P-EDCA Fail Timing Expired: 0
P-EDCA Fail Deferral: 29
Total VO TX (P-EDCA+EDCA): 12337
Global P-EDCA Share: 18.0919 %
Global EDCA Share: 81.9081 %
Channel Idle Time (AP): 25.1557 % (1.7609e+06 us / 7e+06 us)
Total Successes:       14030
Total Failures:        281
Total Retransmissions: 15

--- Per-AC Success Statistics ---
AC_BE:
  Successes:         49
  Throughput:        0.056 Mbps
  Packet Loss:       33.7838 %
  Avg Retx/MPDU:     0
  Avg Queue Delay:   -1.43662e+06 us (Enqueue->TxStart)
  Avg Access Delay:  1.55867e+06 us (TxStart->Ack)
  Avg MAC Delay:     122052 us (Total: Enqueue->Ack)

AC_VO:
  Successes:         13981
  Throughput:        15.9783 Mbps
  Packet Loss:       1.79813 %
  Avg Retx/MPDU:     0.00107288
  Avg Queue Delay:   2178.18 us (Enqueue->TxStart)
  Avg Access Delay:  321.489 us (TxStart->Ack)
  Avg MAC Delay:     2499.67 us (Total: Enqueue->Ack)

--- Per-AC Failure Statistics ---
AC_BE Failures: 25
AC_VO Failures: 256

--- Failure Reasons by AC ---
  AC_BE EXPIRED_LIFETIME: 25
  AC_VO RETRY_LIMIT: 256


=== Extended P-EDCA vs Legacy Statistics ===

--- [Stat 1] Delay by STA Type ---
P-EDCA STAs (30 STAs):
  Successes:         13981
  Failures:          257
  Throughput:        15.9783 Mbps
  Packet Loss:       1.80503 %
  Avg Queue Delay:   2178.18 us
  Avg Access Delay:  321.489 us
  Avg MAC Delay:     2499.67 us
  Median MAC Delay:  1511 us
  P95 MAC Delay:     8192 us
  P99 MAC Delay:     16296 us
Legacy EDCA STAs (0 STAs):
  Successes:         0
  Failures:          0
  Throughput:        0 Mbps
  Packet Loss:       0 %
  Avg Queue Delay:   0 us
  Avg Access Delay:  0 us
  Avg MAC Delay:     0 us

--- [Stat 2] Per-STA P-EDCA Attempt Count (DS-CTS Sent) ---
  STA0: 243 P-EDCA attempts
  STA1: 43 P-EDCA attempts
  STA2: 199 P-EDCA attempts
  STA3: 123 P-EDCA attempts
  STA4: 50 P-EDCA attempts
  STA5: 167 P-EDCA attempts
  STA6: 46 P-EDCA attempts
  STA7: 167 P-EDCA attempts
  STA8: 185 P-EDCA attempts
  STA9: 231 P-EDCA attempts
  STA10: 59 P-EDCA attempts
  STA11: 215 P-EDCA attempts
  STA12: 107 P-EDCA attempts
  STA13: 112 P-EDCA attempts
  STA14: 226 P-EDCA attempts
  STA15: 67 P-EDCA attempts
  STA16: 3 P-EDCA attempts
  STA17: 1 P-EDCA attempts
  STA18: 225 P-EDCA attempts
  STA19: 88 P-EDCA attempts
  STA20: 241 P-EDCA attempts
  STA21: 200 P-EDCA attempts
  STA22: 144 P-EDCA attempts
  STA23: 3 P-EDCA attempts
  STA24: 138 P-EDCA attempts
  STA25: 120 P-EDCA attempts
  STA26: 1 P-EDCA attempts
  STA27: 1 P-EDCA attempts
  STA28: 220 P-EDCA attempts
  STA29: 194 P-EDCA attempts
  Total: 3819 P-EDCA attempts across 30 P-EDCA STAs
  Avg per P-EDCA STA: 127.3

--- [Stat 3] P-EDCA One-Shot Success Probability ---
  P-EDCA Success / DS-CTS Sent:      2232 / 3819 = 58.4446 %
  P-EDCA Success / Stage2 TX Started: 2232 / 2489 = 89.6746 %  (given RTS was actually sent)

--- [Stat 4] EDCA One-Shot Success Ratio (0 retransmissions) ---
  Legacy STAs: 0 / 0 = 0 %
  P-EDCA STAs: 13966 / 13981 = 99.8927 %  (MAC-level, includes both P-EDCA and EDCA paths)

--- [Stat 5] P-EDCA Kickback-to-EDCA Probability ---
  Total P-EDCA Failures: 286 / 3819 DS-CTS = 7.48887 %
    RTS No CTS:       77 (2.01623 %)
    RTS Collision:    180 (4.71328 %)
    Timing Expired:   0 (0 %)
    Deferral:         29 (0.759361 %)

--- [Stat 6] P-EDCA RTS Collision Probability ---
  RTS Collision / Stage2 TX Started: 180 / 2489 = 7.23182 %
  RTS Collision / DS-CTS Sent:       180 / 3819 = 4.71328 %

--- [Stat 7] P-EDCA Attempts per Successful P-EDCA TX ---
  DS-CTS Sent / P-EDCA Success: 3819 / 2232 = 1.71102 attempts/success
  Stage2 TX / P-EDCA Success:   2489 / 2232 = 1.11514 RTS/success

--- VO Delay PDF (MAC Delay) ---
bin_start_us,bin_end_us,bin_mid_us,pdf_per_us,probability,count
215,220,217.5,8.58308e-05,0.000429154,6
220,225,222.5,0.000100136,0.000500679,7
225,230,227.5,4.29154e-05,0.000214577,3
230,235,232.5,4.29154e-05,0.000214577,3
235,240,237.5,5.72205e-05,0.000286103,4
240,245,242.5,8.58308e-05,0.000429154,6
245,250,247.5,8.58308e-05,0.000429154,6
250,255,252.5,5.72205e-05,0.000286103,4
255,260,257.5,0.000114441,0.000572205,8
260,265,262.5,0.000185967,0.000929833,13
265,270,267.5,0.000143051,0.000715256,10
270,275,272.5,5.72205e-05,0.000286103,4
275,280,277.5,0.000128746,0.000643731,9
280,285,282.5,0.000100136,0.000500679,7
285,290,287.5,0.000100136,0.000500679,7
290,295,292.5,0.000100136,0.000500679,7
295,300,297.5,0.000114441,0.000572205,8
300,305,302.5,0.000114441,0.000572205,8
305,310,307.5,0.000128746,0.000643731,9
310,315,312.5,0.000157356,0.000786782,11
315,320,317.5,0.000100136,0.000500679,7
320,325,322.5,0.000100136,0.000500679,7
325,330,327.5,4.29154e-05,0.000214577,3
330,335,332.5,0.000143051,0.000715256,10
335,340,337.5,7.15256e-05,0.000357628,5
340,345,342.5,0.00180245,0.00901223,126
345,350,347.5,0.00294686,0.0147343,206
350,355,352.5,0.00125885,0.00629426,88
355,360,357.5,0.000772477,0.00386238,54
360,365,362.5,0.000929833,0.00464917,65
365,370,367.5,0.000729562,0.00364781,51
370,375,372.5,0.000872613,0.00436306,61
375,380,377.5,0.000357628,0.00178814,25
380,385,382.5,0.000286103,0.00143051,20
385,390,387.5,0.000185967,0.000929833,13
390,395,392.5,0.000429154,0.00214577,30
395,400,397.5,0.000400544,0.00200272,28
400,405,402.5,0.000271797,0.00135899,19
405,410,407.5,0.000457764,0.00228882,32
410,415,412.5,0.000386238,0.00193119,27
415,420,417.5,0.000357628,0.00178814,25
420,425,422.5,0.000500679,0.0025034,35
425,430,427.5,0.000414849,0.00207424,29
430,435,432.5,0.000457764,0.00228882,32
435,440,437.5,0.000257492,0.00128746,18
440,445,442.5,0.000329018,0.00164509,23
445,450,447.5,0.000386238,0.00193119,27
450,455,452.5,0.0161791,0.0808955,1131
455,460,457.5,0.000343323,0.00171662,24
460,465,462.5,0.000228882,0.00114441,16
465,470,467.5,0.000357628,0.00178814,25
470,475,472.5,0.000243187,0.00121594,17
475,480,477.5,0.000257492,0.00128746,18
480,485,482.5,0.000357628,0.00178814,25
485,490,487.5,0.000343323,0.00171662,24
490,495,492.5,0.000286103,0.00143051,20
495,500,497.5,0.000414849,0.00207424,29
500,505,502.5,0.000329018,0.00164509,23
505,510,507.5,0.000329018,0.00164509,23
510,515,512.5,0.000386238,0.00193119,27
515,520,517.5,0.000457764,0.00228882,32
520,525,522.5,0.000386238,0.00193119,27
525,530,527.5,0.000429154,0.00214577,30
530,535,532.5,0.000329018,0.00164509,23
535,540,537.5,0.000329018,0.00164509,23
540,545,542.5,0.000300408,0.00150204,21
545,550,547.5,0.000429154,0.00214577,30
550,555,552.5,0.000400544,0.00200272,28
555,560,557.5,0.000386238,0.00193119,27
560,565,562.5,0.000858308,0.00429154,60
565,570,567.5,0.000400544,0.00200272,28
570,575,572.5,0.000371933,0.00185967,26
575,580,577.5,0.000329018,0.00164509,23
580,585,582.5,0.000443459,0.00221729,31
585,590,587.5,0.000357628,0.00178814,25
590,595,592.5,0.000400544,0.00200272,28
595,600,597.5,0.000429154,0.00214577,30
600,605,602.5,0.000400544,0.00200272,28
605,610,607.5,0.000500679,0.0025034,35
610,615,612.5,0.000171662,0.000858308,12
615,620,617.5,0.000457764,0.00228882,32
620,625,622.5,0.000472069,0.00236035,33
625,630,627.5,0.000343323,0.00171662,24
630,635,632.5,0.000371933,0.00185967,26
635,640,637.5,0.000371933,0.00185967,26
640,645,642.5,0.000228882,0.00114441,16
645,650,647.5,0.000314713,0.00157356,22
650,655,652.5,0.000300408,0.00150204,21
655,660,657.5,0.000457764,0.00228882,32
660,665,662.5,0.000314713,0.00157356,22
665,670,667.5,0.000429154,0.00214577,30
670,675,672.5,0.0044632,0.022316,312
675,680,677.5,0.000486374,0.00243187,34
680,685,682.5,0.000343323,0.00171662,24
685,690,687.5,0.000243187,0.00121594,17
690,695,692.5,0.000228882,0.00114441,16
695,700,697.5,0.000443459,0.00221729,31
700,705,702.5,0.000357628,0.00178814,25
705,710,707.5,0.000314713,0.00157356,22
710,715,712.5,0.000371933,0.00185967,26
715,720,717.5,0.000300408,0.00150204,21
720,725,722.5,0.000343323,0.00171662,24
725,730,727.5,0.000400544,0.00200272,28
730,735,732.5,0.000357628,0.00178814,25
735,740,737.5,0.000357628,0.00178814,25
740,745,742.5,0.000271797,0.00135899,19
745,750,747.5,0.000343323,0.00171662,24
750,755,752.5,0.000357628,0.00178814,25
755,760,757.5,0.000257492,0.00128746,18
760,765,762.5,0.000386238,0.00193119,27
765,770,767.5,0.000386238,0.00193119,27
770,775,772.5,0.000286103,0.00143051,20
775,780,777.5,0.000357628,0.00178814,25
780,785,782.5,0.0014019,0.00700951,98
785,790,787.5,0.000371933,0.00185967,26
790,795,792.5,0.000286103,0.00143051,20
795,800,797.5,0.000185967,0.000929833,13
800,805,802.5,0.000171662,0.000858308,12
805,810,807.5,0.000214577,0.00107288,15
810,815,812.5,0.000185967,0.000929833,13
815,820,817.5,7.15256e-05,0.000357628,5
820,825,822.5,0.000185967,0.000929833,13
825,830,827.5,0.000114441,0.000572205,8
830,835,832.5,0.000286103,0.00143051,20
835,840,837.5,0.000314713,0.00157356,22
840,845,842.5,0.000300408,0.00150204,21
845,850,847.5,0.000243187,0.00121594,17
850,855,852.5,0.000214577,0.00107288,15
855,860,857.5,0.000329018,0.00164509,23
860,865,862.5,0.000286103,0.00143051,20
865,870,867.5,0.000143051,0.000715256,10
870,875,872.5,0.000214577,0.00107288,15
875,880,877.5,0.000343323,0.00171662,24
880,885,882.5,0.000286103,0.00143051,20
885,890,887.5,0.000171662,0.000858308,12
890,895,892.5,0.00100136,0.00500679,70
895,900,897.5,0.000257492,0.00128746,18
900,905,902.5,0.000200272,0.00100136,14
905,910,907.5,0.000228882,0.00114441,16
910,915,912.5,0.000286103,0.00143051,20
915,920,917.5,0.000185967,0.000929833,13
920,925,922.5,0.000257492,0.00128746,18
925,930,927.5,0.000214577,0.00107288,15
930,935,932.5,0.000257492,0.00128746,18
935,940,937.5,0.000200272,0.00100136,14
940,945,942.5,0.000286103,0.00143051,20
945,950,947.5,0.000243187,0.00121594,17
950,955,952.5,0.000357628,0.00178814,25
955,960,957.5,0.000171662,0.000858308,12
960,965,962.5,0.000228882,0.00114441,16
965,970,967.5,0.000228882,0.00114441,16
970,975,972.5,0.000257492,0.00128746,18
975,980,977.5,0.000271797,0.00135899,19
980,985,982.5,0.000300408,0.00150204,21
985,990,987.5,0.000314713,0.00157356,22
990,995,992.5,0.000314713,0.00157356,22
995,1000,997.5,0.000500679,0.0025034,35
1000,1005,1002.5,0.000314713,0.00157356,22
1005,1010,1007.5,0.000214577,0.00107288,15
1010,1015,1012.5,0.000228882,0.00114441,16
1015,1020,1017.5,0.000300408,0.00150204,21
1020,1025,1022.5,0.000286103,0.00143051,20
1025,1030,1027.5,0.000257492,0.00128746,18
1030,1035,1032.5,0.000271797,0.00135899,19
1035,1040,1037.5,0.000228882,0.00114441,16
1040,1045,1042.5,0.000228882,0.00114441,16
1045,1050,1047.5,0.000200272,0.00100136,14
1050,1055,1052.5,0.000243187,0.00121594,17
1055,1060,1057.5,0.000343323,0.00171662,24
1060,1065,1062.5,0.000300408,0.00150204,21
1065,1070,1067.5,0.000472069,0.00236035,33
1070,1075,1072.5,0.000243187,0.00121594,17
1075,1080,1077.5,0.000386238,0.00193119,27
1080,1085,1082.5,0.000371933,0.00185967,26
1085,1090,1087.5,0.000200272,0.00100136,14
1090,1095,1092.5,0.000271797,0.00135899,19
1095,1100,1097.5,0.000243187,0.00121594,17
1100,1105,1102.5,0.000443459,0.00221729,31
1105,1110,1107.5,0.000400544,0.00200272,28
1110,1115,1112.5,0.000286103,0.00143051,20
1115,1120,1117.5,0.000300408,0.00150204,21
1120,1125,1122.5,0.000228882,0.00114441,16
1125,1130,1127.5,0.000400544,0.00200272,28
1130,1135,1132.5,0.000257492,0.00128746,18
1135,1140,1137.5,0.000300408,0.00150204,21
1140,1145,1142.5,0.000185967,0.000929833,13
1145,1150,1147.5,0.000343323,0.00171662,24
1150,1155,1152.5,0.000271797,0.00135899,19
1155,1160,1157.5,0.000300408,0.00150204,21
1160,1165,1162.5,0.000286103,0.00143051,20
1165,1170,1167.5,0.000286103,0.00143051,20
1170,1175,1172.5,0.000243187,0.00121594,17
1175,1180,1177.5,0.000371933,0.00185967,26
1180,1185,1182.5,0.000228882,0.00114441,16
1185,1190,1187.5,0.000200272,0.00100136,14
1190,1195,1192.5,0.000271797,0.00135899,19
1195,1200,1197.5,0.000329018,0.00164509,23
1200,1205,1202.5,0.000243187,0.00121594,17
1205,1210,1207.5,0.000329018,0.00164509,23
1210,1215,1212.5,0.000300408,0.00150204,21
1215,1220,1217.5,0.000214577,0.00107288,15
1220,1225,1222.5,0.000300408,0.00150204,21
1225,1230,1227.5,0.000329018,0.00164509,23
1230,1235,1232.5,0.000329018,0.00164509,23
1235,1240,1237.5,0.000200272,0.00100136,14
1240,1245,1242.5,0.000171662,0.000858308,12
1245,1250,1247.5,0.000171662,0.000858308,12
1250,1255,1252.5,0.000157356,0.000786782,11
1255,1260,1257.5,0.000171662,0.000858308,12
1260,1265,1262.5,0.000171662,0.000858308,12
1265,1270,1267.5,0.000157356,0.000786782,11
1270,1275,1272.5,0.000271797,0.00135899,19
1275,1280,1277.5,0.000128746,0.000643731,9
1280,1285,1282.5,0.000286103,0.00143051,20
1285,1290,1287.5,0.000243187,0.00121594,17
1290,1295,1292.5,0.000185967,0.000929833,13
1295,1300,1297.5,0.000271797,0.00135899,19
1300,1305,1302.5,0.000271797,0.00135899,19
1305,1310,1307.5,0.000114441,0.000572205,8
1310,1315,1312.5,0.000257492,0.00128746,18
1315,1320,1317.5,0.000243187,0.00121594,17
1320,1325,1322.5,0.000200272,0.00100136,14
1325,1330,1327.5,0.000200272,0.00100136,14
1330,1335,1332.5,0.000185967,0.000929833,13
1335,1340,1337.5,0.000200272,0.00100136,14
1340,1345,1342.5,0.000300408,0.00150204,21
1345,1350,1347.5,0.000171662,0.000858308,12
1350,1355,1352.5,0.000243187,0.00121594,17
1355,1360,1357.5,0.000257492,0.00128746,18
1360,1365,1362.5,0.000200272,0.00100136,14
1365,1370,1367.5,0.000185967,0.000929833,13
1370,1375,1372.5,0.000314713,0.00157356,22
1375,1380,1377.5,0.000271797,0.00135899,19
1380,1385,1382.5,0.000314713,0.00157356,22
1385,1390,1387.5,0.000200272,0.00100136,14
1390,1395,1392.5,0.000243187,0.00121594,17
1395,1400,1397.5,0.000243187,0.00121594,17
1400,1405,1402.5,0.000343323,0.00171662,24
1405,1410,1407.5,0.000157356,0.000786782,11
1410,1415,1412.5,0.000286103,0.00143051,20
1415,1420,1417.5,0.000228882,0.00114441,16
1420,1425,1422.5,0.000171662,0.000858308,12
1425,1430,1427.5,0.000386238,0.00193119,27
1430,1435,1432.5,0.000414849,0.00207424,29
1435,1440,1437.5,0.000343323,0.00171662,24
1440,1445,1442.5,0.000286103,0.00143051,20
1445,1450,1447.5,0.000185967,0.000929833,13
1450,1455,1452.5,0.000143051,0.000715256,10
1455,1460,1457.5,0.000257492,0.00128746,18
1460,1465,1462.5,0.000214577,0.00107288,15
1465,1470,1467.5,0.000114441,0.000572205,8
1470,1475,1472.5,0.000200272,0.00100136,14
1475,1480,1477.5,0.000171662,0.000858308,12
1480,1485,1482.5,0.000143051,0.000715256,10
1485,1490,1487.5,0.000228882,0.00114441,16
1490,1495,1492.5,0.000185967,0.000929833,13
1495,1500,1497.5,0.000185967,0.000929833,13
1500,1505,1502.5,0.000257492,0.00128746,18
1505,1510,1507.5,0.000214577,0.00107288,15
1510,1515,1512.5,0.000257492,0.00128746,18
1515,1520,1517.5,0.000114441,0.000572205,8
1520,1525,1522.5,0.000300408,0.00150204,21
1525,1530,1527.5,0.000243187,0.00121594,17
1530,1535,1532.5,0.000243187,0.00121594,17
1535,1540,1537.5,0.000286103,0.00143051,20
1540,1545,1542.5,0.000257492,0.00128746,18
1545,1550,1547.5,0.000200272,0.00100136,14
1550,1555,1552.5,0.000185967,0.000929833,13
1555,1560,1557.5,0.000100136,0.000500679,7
1560,1565,1562.5,0.000143051,0.000715256,10
1565,1570,1567.5,0.000243187,0.00121594,17
1570,1575,1572.5,0.000257492,0.00128746,18
1575,1580,1577.5,0.000143051,0.000715256,10
1580,1585,1582.5,0.000243187,0.00121594,17
1585,1590,1587.5,0.000114441,0.000572205,8
1590,1595,1592.5,0.000257492,0.00128746,18
1595,1600,1597.5,0.000228882,0.00114441,16
1600,1605,1602.5,0.000329018,0.00164509,23
1605,1610,1607.5,0.000114441,0.000572205,8
1610,1615,1612.5,0.000185967,0.000929833,13
1615,1620,1617.5,0.000386238,0.00193119,27
1620,1625,1622.5,0.000200272,0.00100136,14
1625,1630,1627.5,0.000157356,0.000786782,11
1630,1635,1632.5,0.000143051,0.000715256,10
1635,1640,1637.5,0.000200272,0.00100136,14
1640,1645,1642.5,0.000300408,0.00150204,21
1645,1650,1647.5,0.000228882,0.00114441,16
1650,1655,1652.5,0.000171662,0.000858308,12
1655,1660,1657.5,0.000143051,0.000715256,10
1660,1665,1662.5,0.000171662,0.000858308,12
1665,1670,1667.5,0.000214577,0.00107288,15
1670,1675,1672.5,0.000185967,0.000929833,13
1675,1680,1677.5,0.000286103,0.00143051,20
1680,1685,1682.5,0.000271797,0.00135899,19
1685,1690,1687.5,0.000185967,0.000929833,13
1690,1695,1692.5,0.000214577,0.00107288,15
1695,1700,1697.5,0.000185967,0.000929833,13
1700,1705,1702.5,0.000200272,0.00100136,14
1705,1710,1707.5,0.000171662,0.000858308,12
1710,1715,1712.5,0.000214577,0.00107288,15
1715,1720,1717.5,0.000243187,0.00121594,17
1720,1725,1722.5,0.000271797,0.00135899,19
1725,1730,1727.5,0.000243187,0.00121594,17
1730,1735,1732.5,0.000128746,0.000643731,9
1735,1740,1737.5,0.000171662,0.000858308,12
1740,1745,1742.5,0.000128746,0.000643731,9
1745,1750,1747.5,0.000243187,0.00121594,17
1750,1755,1752.5,0.000243187,0.00121594,17
1755,1760,1757.5,0.000214577,0.00107288,15
1760,1765,1762.5,0.000128746,0.000643731,9
1765,1770,1767.5,0.000114441,0.000572205,8
1770,1775,1772.5,0.000185967,0.000929833,13
1775,1780,1777.5,0.000271797,0.00135899,19
1780,1785,1782.5,0.000214577,0.00107288,15
1785,1790,1787.5,0.000214577,0.00107288,15
1790,1795,1792.5,0.000143051,0.000715256,10
1795,1800,1797.5,0.000100136,0.000500679,7
1800,1805,1802.5,0.000214577,0.00107288,15
1805,1810,1807.5,0.000143051,0.000715256,10
1810,1815,1812.5,0.000157356,0.000786782,11
1815,1820,1817.5,0.000143051,0.000715256,10
1820,1825,1822.5,0.000300408,0.00150204,21
1825,1830,1827.5,0.000214577,0.00107288,15
1830,1835,1832.5,0.000171662,0.000858308,12
1835,1840,1837.5,0.000228882,0.00114441,16
1840,1845,1842.5,0.000157356,0.000786782,11
1845,1850,1847.5,0.000243187,0.00121594,17
1850,1855,1852.5,0.000257492,0.00128746,18
1855,1860,1857.5,0.000185967,0.000929833,13
1860,1865,1862.5,0.000171662,0.000858308,12
1865,1870,1867.5,0.000271797,0.00135899,19
1870,1875,1872.5,0.000171662,0.000858308,12
1875,1880,1877.5,0.000200272,0.00100136,14
1880,1885,1882.5,0.000143051,0.000715256,10
1885,1890,1887.5,0.000114441,0.000572205,8
1890,1895,1892.5,0.000157356,0.000786782,11
1895,1900,1897.5,0.000286103,0.00143051,20
1900,1905,1902.5,0.000128746,0.000643731,9
1905,1910,1907.5,0.000171662,0.000858308,12
1910,1915,1912.5,0.000228882,0.00114441,16
1915,1920,1917.5,0.000200272,0.00100136,14
1920,1925,1922.5,0.000171662,0.000858308,12
1925,1930,1927.5,0.000143051,0.000715256,10
1930,1935,1932.5,0.000157356,0.000786782,11
1935,1940,1937.5,0.000128746,0.000643731,9
1940,1945,1942.5,0.000143051,0.000715256,10
1945,1950,1947.5,0.000114441,0.000572205,8
1950,1955,1952.5,0.000200272,0.00100136,14
1955,1960,1957.5,0.000185967,0.000929833,13
1960,1965,1962.5,8.58308e-05,0.000429154,6
1965,1970,1967.5,0.000157356,0.000786782,11
1970,1975,1972.5,0.000343323,0.00171662,24
1975,1980,1977.5,0.000157356,0.000786782,11
1980,1985,1982.5,0.000171662,0.000858308,12
1985,1990,1987.5,0.000128746,0.000643731,9
1990,1995,1992.5,0.000114441,0.000572205,8
1995,2000,1997.5,0.000228882,0.00114441,16
2000,2005,2002.5,0.000100136,0.000500679,7
2005,2010,2007.5,0.000128746,0.000643731,9
2010,2015,2012.5,0.000185967,0.000929833,13
2015,2020,2017.5,0.000100136,0.000500679,7
2020,2025,2022.5,0.000128746,0.000643731,9
2025,2030,2027.5,0.000171662,0.000858308,12
2030,2035,2032.5,0.000143051,0.000715256,10
2035,2040,2037.5,0.000157356,0.000786782,11
2040,2045,2042.5,0.000157356,0.000786782,11
2045,2050,2047.5,0.000128746,0.000643731,9
2050,2055,2052.5,0.000257492,0.00128746,18
2055,2060,2057.5,0.000171662,0.000858308,12
2060,2065,2062.5,0.000214577,0.00107288,15
2065,2070,2067.5,0.000128746,0.000643731,9
2070,2075,2072.5,0.000329018,0.00164509,23
2075,2080,2077.5,0.000185967,0.000929833,13
2080,2085,2082.5,0.000100136,0.000500679,7
2085,2090,2087.5,0.000157356,0.000786782,11
2090,2095,2092.5,0.000157356,0.000786782,11
2095,2100,2097.5,0.000114441,0.000572205,8
2100,2105,2102.5,7.15256e-05,0.000357628,5
2105,2110,2107.5,0.000200272,0.00100136,14
2110,2115,2112.5,0.000200272,0.00100136,14
2115,2120,2117.5,0.000157356,0.000786782,11
2120,2125,2122.5,8.58308e-05,0.000429154,6
2125,2130,2127.5,0.000100136,0.000500679,7
2130,2135,2132.5,0.000157356,0.000786782,11
2135,2140,2137.5,0.000214577,0.00107288,15
2140,2145,2142.5,0.000257492,0.00128746,18
2145,2150,2147.5,0.000171662,0.000858308,12
2150,2155,2152.5,0.000171662,0.000858308,12
2155,2160,2157.5,0.000143051,0.000715256,10
2160,2165,2162.5,0.000143051,0.000715256,10
2165,2170,2167.5,0.000171662,0.000858308,12
2170,2175,2172.5,0.000171662,0.000858308,12
2175,2180,2177.5,0.000228882,0.00114441,16
2180,2185,2182.5,0.000185967,0.000929833,13
2185,2190,2187.5,0.000143051,0.000715256,10
2190,2195,2192.5,0.000143051,0.000715256,10
2195,2200,2197.5,0.000100136,0.000500679,7
2200,2205,2202.5,0.000157356,0.000786782,11
2205,2210,2207.5,0.000171662,0.000858308,12
2210,2215,2212.5,0.000185967,0.000929833,13
2215,2220,2217.5,0.000185967,0.000929833,13
2220,2225,2222.5,0.000143051,0.000715256,10
2225,2230,2227.5,7.15256e-05,0.000357628,5
2230,2235,2232.5,0.000200272,0.00100136,14
2235,2240,2237.5,0.000157356,0.000786782,11
2240,2245,2242.5,0.000143051,0.000715256,10
2245,2250,2247.5,0.000200272,0.00100136,14
2250,2255,2252.5,0.000100136,0.000500679,7
2255,2260,2257.5,0.000157356,0.000786782,11
2260,2265,2262.5,0.000200272,0.00100136,14
2265,2270,2267.5,0.000143051,0.000715256,10
2270,2275,2272.5,0.000128746,0.000643731,9
2275,2280,2277.5,0.000143051,0.000715256,10
2280,2285,2282.5,0.000157356,0.000786782,11
2285,2290,2287.5,0.000143051,0.000715256,10
2290,2295,2292.5,0.000128746,0.000643731,9
2295,2300,2297.5,0.000157356,0.000786782,11
2300,2305,2302.5,0.000128746,0.000643731,9
2305,2310,2307.5,0.000100136,0.000500679,7
2310,2315,2312.5,0.000114441,0.000572205,8
2315,2320,2317.5,0.000143051,0.000715256,10
2320,2325,2322.5,0.000157356,0.000786782,11
2325,2330,2327.5,0.000143051,0.000715256,10
2330,2335,2332.5,0.000100136,0.000500679,7
2335,2340,2337.5,0.000171662,0.000858308,12
2340,2345,2342.5,0.000200272,0.00100136,14
2345,2350,2347.5,0.000114441,0.000572205,8
2350,2355,2352.5,0.000114441,0.000572205,8
2355,2360,2357.5,0.000214577,0.00107288,15
2360,2365,2362.5,0.000114441,0.000572205,8
2365,2370,2367.5,7.15256e-05,0.000357628,5
2370,2375,2372.5,0.000100136,0.000500679,7
2375,2380,2377.5,0.000157356,0.000786782,11
2380,2385,2382.5,0.000171662,0.000858308,12
2385,2390,2387.5,0.000114441,0.000572205,8
2390,2395,2392.5,0.000100136,0.000500679,7
2395,2400,2397.5,0.000100136,0.000500679,7
2400,2405,2402.5,0.000128746,0.000643731,9
2405,2410,2407.5,0.000128746,0.000643731,9
2410,2415,2412.5,0.000171662,0.000858308,12
2415,2420,2417.5,0.000214577,0.00107288,15
2420,2425,2422.5,7.15256e-05,0.000357628,5
2425,2430,2427.5,0.000157356,0.000786782,11
2430,2435,2432.5,0.000128746,0.000643731,9
2435,2440,2437.5,0.000100136,0.000500679,7
2440,2445,2442.5,0.000157356,0.000786782,11
2445,2450,2447.5,0.000157356,0.000786782,11
2450,2455,2452.5,0.000100136,0.000500679,7
2455,2460,2457.5,0.000214577,0.00107288,15
2460,2465,2462.5,0.000157356,0.000786782,11
2465,2470,2467.5,0.000171662,0.000858308,12
2470,2475,2472.5,0.000200272,0.00100136,14
2475,2480,2477.5,0.000128746,0.000643731,9
2480,2485,2482.5,0.000185967,0.000929833,13
2485,2490,2487.5,0.000143051,0.000715256,10
2490,2495,2492.5,0.000171662,0.000858308,12
2495,2500,2497.5,0.000143051,0.000715256,10
2500,2505,2502.5,0.000157356,0.000786782,11
2505,2510,2507.5,0.000128746,0.000643731,9
2510,2515,2512.5,0.000114441,0.000572205,8
2515,2520,2517.5,0.000100136,0.000500679,7
2520,2525,2522.5,8.58308e-05,0.000429154,6
2525,2530,2527.5,0.000171662,0.000858308,12
2530,2535,2532.5,0.000100136,0.000500679,7
2535,2540,2537.5,0.000128746,0.000643731,9
2540,2545,2542.5,0.000128746,0.000643731,9
2545,2550,2547.5,4.29154e-05,0.000214577,3
2550,2555,2552.5,0.000100136,0.000500679,7
2555,2560,2557.5,8.58308e-05,0.000429154,6
2560,2565,2562.5,0.000157356,0.000786782,11
2565,2570,2567.5,0.000143051,0.000715256,10
2570,2575,2572.5,0.000143051,0.000715256,10
2575,2580,2577.5,7.15256e-05,0.000357628,5
2580,2585,2582.5,0.000128746,0.000643731,9
2585,2590,2587.5,0.000185967,0.000929833,13
2590,2595,2592.5,0.000171662,0.000858308,12
2595,2600,2597.5,0.000157356,0.000786782,11
2600,2605,2602.5,0.000100136,0.000500679,7
2605,2610,2607.5,0.000128746,0.000643731,9
2610,2615,2612.5,0.000128746,0.000643731,9
2615,2620,2617.5,7.15256e-05,0.000357628,5
2620,2625,2622.5,8.58308e-05,0.000429154,6
2625,2630,2627.5,8.58308e-05,0.000429154,6
2630,2635,2632.5,0.000157356,0.000786782,11
2635,2640,2637.5,7.15256e-05,0.000357628,5
2640,2645,2642.5,0.000185967,0.000929833,13
2645,2650,2647.5,0.000214577,0.00107288,15
2650,2655,2652.5,0.000143051,0.000715256,10
2655,2660,2657.5,0.000200272,0.00100136,14
2660,2665,2662.5,0.000128746,0.000643731,9
2665,2670,2667.5,0.000114441,0.000572205,8
2670,2675,2672.5,0.000128746,0.000643731,9
2675,2680,2677.5,0.000100136,0.000500679,7
2680,2685,2682.5,0.000114441,0.000572205,8
2685,2690,2687.5,0.000171662,0.000858308,12
2690,2695,2692.5,0.000185967,0.000929833,13
2695,2700,2697.5,0.000128746,0.000643731,9
2700,2705,2702.5,0.000171662,0.000858308,12
2705,2710,2707.5,0.000185967,0.000929833,13
2710,2715,2712.5,0.000128746,0.000643731,9
2715,2720,2717.5,0.000171662,0.000858308,12
2720,2725,2722.5,5.72205e-05,0.000286103,4
2725,2730,2727.5,0.000114441,0.000572205,8
2730,2735,2732.5,0.000128746,0.000643731,9
2735,2740,2737.5,0.000228882,0.00114441,16
2740,2745,2742.5,0.000157356,0.000786782,11
2745,2750,2747.5,4.29154e-05,0.000214577,3
2750,2755,2752.5,7.15256e-05,0.000357628,5
2755,2760,2757.5,7.15256e-05,0.000357628,5
2760,2765,2762.5,0.000100136,0.000500679,7
2765,2770,2767.5,0.000114441,0.000572205,8
2770,2775,2772.5,8.58308e-05,0.000429154,6
2775,2780,2777.5,0.000114441,0.000572205,8
2780,2785,2782.5,0.000143051,0.000715256,10
2785,2790,2787.5,0.000157356,0.000786782,11
2790,2795,2792.5,0.000143051,0.000715256,10
2795,2800,2797.5,8.58308e-05,0.000429154,6
2800,2805,2802.5,0.000228882,0.00114441,16
2805,2810,2807.5,0.000128746,0.000643731,9
2810,2815,2812.5,0.000157356,0.000786782,11
2815,2820,2817.5,0.000143051,0.000715256,10
2820,2825,2822.5,0.000114441,0.000572205,8
2825,2830,2827.5,4.29154e-05,0.000214577,3
2830,2835,2832.5,0.000143051,0.000715256,10
2835,2840,2837.5,0.000157356,0.000786782,11
2840,2845,2842.5,0.000143051,0.000715256,10
2845,2850,2847.5,0.000143051,0.000715256,10
2850,2855,2852.5,0.000114441,0.000572205,8
2855,2860,2857.5,0.000114441,0.000572205,8
2860,2865,2862.5,0.000114441,0.000572205,8
2865,2870,2867.5,0.000171662,0.000858308,12
2870,2875,2872.5,0.000143051,0.000715256,10
2875,2880,2877.5,0.000171662,0.000858308,12
2880,2885,2882.5,0.000143051,0.000715256,10
2885,2890,2887.5,0.000114441,0.000572205,8
2890,2895,2892.5,8.58308e-05,0.000429154,6
2895,2900,2897.5,0.000157356,0.000786782,11
2900,2905,2902.5,0.000114441,0.000572205,8
2905,2910,2907.5,5.72205e-05,0.000286103,4
2910,2915,2912.5,0.000128746,0.000643731,9
2915,2920,2917.5,0.000143051,0.000715256,10
2920,2925,2922.5,7.15256e-05,0.000357628,5
2925,2930,2927.5,0.000157356,0.000786782,11
2930,2935,2932.5,7.15256e-05,0.000357628,5
2935,2940,2937.5,0.000128746,0.000643731,9
2940,2945,2942.5,0.000128746,0.000643731,9
2945,2950,2947.5,0.000128746,0.000643731,9
2950,2955,2952.5,7.15256e-05,0.000357628,5
2955,2960,2957.5,0.000100136,0.000500679,7
2960,2965,2962.5,0.000143051,0.000715256,10
2965,2970,2967.5,0.000128746,0.000643731,9
2970,2975,2972.5,0.000157356,0.000786782,11
2975,2980,2977.5,7.15256e-05,0.000357628,5
2980,2985,2982.5,8.58308e-05,0.000429154,6
2985,2990,2987.5,0.000214577,0.00107288,15
2990,2995,2992.5,5.72205e-05,0.000286103,4
2995,3000,2997.5,4.29154e-05,0.000214577,3
3000,3005,3002.5,0.000143051,0.000715256,10
3005,3010,3007.5,0.000128746,0.000643731,9
3010,3015,3012.5,0.000143051,0.000715256,10
3015,3020,3017.5,0.000171662,0.000858308,12
3020,3025,3022.5,0.000100136,0.000500679,7
3025,3030,3027.5,0.000157356,0.000786782,11
3030,3035,3032.5,0.000114441,0.000572205,8
3035,3040,3037.5,0.000100136,0.000500679,7
3040,3045,3042.5,0.000114441,0.000572205,8
3045,3050,3047.5,0.000128746,0.000643731,9
3050,3055,3052.5,0.000171662,0.000858308,12
3055,3060,3057.5,0.000100136,0.000500679,7
3060,3065,3062.5,0.000143051,0.000715256,10
3065,3070,3067.5,0.000100136,0.000500679,7
3070,3075,3072.5,0.000143051,0.000715256,10
3075,3080,3077.5,0.000143051,0.000715256,10
3080,3085,3082.5,0.000114441,0.000572205,8
3085,3090,3087.5,0.000100136,0.000500679,7
3090,3095,3092.5,0.000100136,0.000500679,7
3095,3100,3097.5,0.000171662,0.000858308,12
3100,3105,3102.5,8.58308e-05,0.000429154,6
3105,3110,3107.5,8.58308e-05,0.000429154,6
3110,3115,3112.5,5.72205e-05,0.000286103,4
3115,3120,3117.5,0.000114441,0.000572205,8
3120,3125,3122.5,2.86103e-05,0.000143051,2
3125,3130,3127.5,7.15256e-05,0.000357628,5
3130,3135,3132.5,8.58308e-05,0.000429154,6
3135,3140,3137.5,8.58308e-05,0.000429154,6
3140,3145,3142.5,0.000100136,0.000500679,7
3145,3150,3147.5,8.58308e-05,0.000429154,6
3150,3155,3152.5,0.000143051,0.000715256,10
3155,3160,3157.5,0.000157356,0.000786782,11
3160,3165,3162.5,0.000143051,0.000715256,10
3165,3170,3167.5,0.000171662,0.000858308,12
3170,3175,3172.5,0.000128746,0.000643731,9
3175,3180,3177.5,0.000114441,0.000572205,8
3180,3185,3182.5,0.000114441,0.000572205,8
3185,3190,3187.5,0.000128746,0.000643731,9
3190,3195,3192.5,8.58308e-05,0.000429154,6
3195,3200,3197.5,0.000114441,0.000572205,8
3200,3205,3202.5,0.000114441,0.000572205,8
3205,3210,3207.5,7.15256e-05,0.000357628,5
3210,3215,3212.5,0.000100136,0.000500679,7
3215,3220,3217.5,8.58308e-05,0.000429154,6
3220,3225,3222.5,7.15256e-05,0.000357628,5
3225,3230,3227.5,7.15256e-05,0.000357628,5
3230,3235,3232.5,8.58308e-05,0.000429154,6
3235,3240,3237.5,0.000128746,0.000643731,9
3240,3245,3242.5,8.58308e-05,0.000429154,6
3245,3250,3247.5,7.15256e-05,0.000357628,5
3250,3255,3252.5,0.000157356,0.000786782,11
3255,3260,3257.5,0.000100136,0.000500679,7
3260,3265,3262.5,8.58308e-05,0.000429154,6
3265,3270,3267.5,0.000128746,0.000643731,9
3270,3275,3272.5,8.58308e-05,0.000429154,6
3275,3280,3277.5,0.000143051,0.000715256,10
3280,3285,3282.5,0.000200272,0.00100136,14
3285,3290,3287.5,0.000157356,0.000786782,11
3290,3295,3292.5,0.000157356,0.000786782,11
3295,3300,3297.5,7.15256e-05,0.000357628,5
3300,3305,3302.5,0.000143051,0.000715256,10
3305,3310,3307.5,4.29154e-05,0.000214577,3
3310,3315,3312.5,7.15256e-05,0.000357628,5
3315,3320,3317.5,0.000114441,0.000572205,8
3320,3325,3322.5,0.000100136,0.000500679,7
3325,3330,3327.5,8.58308e-05,0.000429154,6
3330,3335,3332.5,5.72205e-05,0.000286103,4
3335,3340,3337.5,0.000100136,0.000500679,7
3340,3345,3342.5,8.58308e-05,0.000429154,6
3345,3350,3347.5,0.000114441,0.000572205,8
3350,3355,3352.5,7.15256e-05,0.000357628,5
3355,3360,3357.5,0.000114441,0.000572205,8
3360,3365,3362.5,8.58308e-05,0.000429154,6
3365,3370,3367.5,5.72205e-05,0.000286103,4
3370,3375,3372.5,8.58308e-05,0.000429154,6
3375,3380,3377.5,0.000100136,0.000500679,7
3380,3385,3382.5,0.000114441,0.000572205,8
3385,3390,3387.5,0.000100136,0.000500679,7
3390,3395,3392.5,0.000128746,0.000643731,9
3395,3400,3397.5,5.72205e-05,0.000286103,4
3400,3405,3402.5,0.000100136,0.000500679,7
3405,3410,3407.5,0.000128746,0.000643731,9
3410,3415,3412.5,7.15256e-05,0.000357628,5
3415,3420,3417.5,0.000100136,0.000500679,7
3420,3425,3422.5,8.58308e-05,0.000429154,6
3425,3430,3427.5,0.000128746,0.000643731,9
3430,3435,3432.5,0.000128746,0.000643731,9
3435,3440,3437.5,0.000114441,0.000572205,8
3440,3445,3442.5,0.000100136,0.000500679,7
3445,3450,3447.5,4.29154e-05,0.000214577,3
3450,3455,3452.5,0.000171662,0.000858308,12
3455,3460,3457.5,0.000157356,0.000786782,11
3460,3465,3462.5,0.000114441,0.000572205,8
3465,3470,3467.5,0.000128746,0.000643731,9
3470,3475,3472.5,0.000157356,0.000786782,11
3475,3480,3477.5,8.58308e-05,0.000429154,6
3480,3485,3482.5,0.000143051,0.000715256,10
3485,3490,3487.5,0.000143051,0.000715256,10
3490,3495,3492.5,0.000143051,0.000715256,10
3495,3500,3497.5,5.72205e-05,0.000286103,4
3500,3505,3502.5,8.58308e-05,0.000429154,6
3505,3510,3507.5,8.58308e-05,0.000429154,6
3510,3515,3512.5,5.72205e-05,0.000286103,4
3515,3520,3517.5,0.000128746,0.000643731,9
3520,3525,3522.5,7.15256e-05,0.000357628,5
3525,3530,3527.5,7.15256e-05,0.000357628,5
3530,3535,3532.5,0.000100136,0.000500679,7
3535,3540,3537.5,0.000100136,0.000500679,7
3540,3545,3542.5,7.15256e-05,0.000357628,5
3550,3555,3552.5,0.000214577,0.00107288,15
3555,3560,3557.5,7.15256e-05,0.000357628,5
3560,3565,3562.5,0.000114441,0.000572205,8
3565,3570,3567.5,8.58308e-05,0.000429154,6
3570,3575,3572.5,8.58308e-05,0.000429154,6
3575,3580,3577.5,0.000100136,0.000500679,7
3580,3585,3582.5,0.000100136,0.000500679,7
3585,3590,3587.5,0.000114441,0.000572205,8
3590,3595,3592.5,8.58308e-05,0.000429154,6
3595,3600,3597.5,0.000114441,0.000572205,8
3600,3605,3602.5,7.15256e-05,0.000357628,5
3605,3610,3607.5,0.000114441,0.000572205,8
3610,3615,3612.5,7.15256e-05,0.000357628,5
3615,3620,3617.5,0.000228882,0.00114441,16
3620,3625,3622.5,0.000114441,0.000572205,8
3625,3630,3627.5,8.58308e-05,0.000429154,6
3630,3635,3632.5,0.000100136,0.000500679,7
3635,3640,3637.5,5.72205e-05,0.000286103,4
3640,3645,3642.5,8.58308e-05,0.000429154,6
3645,3650,3647.5,0.000100136,0.000500679,7
3650,3655,3652.5,7.15256e-05,0.000357628,5
3655,3660,3657.5,0.000200272,0.00100136,14
3660,3665,3662.5,0.000100136,0.000500679,7
3665,3670,3667.5,0.000143051,0.000715256,10
3670,3675,3672.5,0.000114441,0.000572205,8
3675,3680,3677.5,0.000143051,0.000715256,10
3680,3685,3682.5,0.000100136,0.000500679,7
3685,3690,3687.5,0.000114441,0.000572205,8
3690,3695,3692.5,8.58308e-05,0.000429154,6
3695,3700,3697.5,0.000100136,0.000500679,7
3700,3705,3702.5,0.000128746,0.000643731,9
3705,3710,3707.5,5.72205e-05,0.000286103,4
3710,3715,3712.5,7.15256e-05,0.000357628,5
3715,3720,3717.5,0.000100136,0.000500679,7
3720,3725,3722.5,8.58308e-05,0.000429154,6
3725,3730,3727.5,0.000143051,0.000715256,10
3730,3735,3732.5,4.29154e-05,0.000214577,3
3735,3740,3737.5,0.000143051,0.000715256,10
3740,3745,3742.5,0.000128746,0.000643731,9
3745,3750,3747.5,7.15256e-05,0.000357628,5
3750,3755,3752.5,0.000128746,0.000643731,9
3755,3760,3757.5,0.000100136,0.000500679,7
3760,3765,3762.5,0.000171662,0.000858308,12
3765,3770,3767.5,7.15256e-05,0.000357628,5
3770,3775,3772.5,8.58308e-05,0.000429154,6
3775,3780,3777.5,8.58308e-05,0.000429154,6
3780,3785,3782.5,0.000100136,0.000500679,7
3785,3790,3787.5,5.72205e-05,0.000286103,4
3790,3795,3792.5,0.000157356,0.000786782,11
3795,3800,3797.5,0.000143051,0.000715256,10
3800,3805,3802.5,7.15256e-05,0.000357628,5
3805,3810,3807.5,0.000128746,0.000643731,9
3810,3815,3812.5,7.15256e-05,0.000357628,5
3815,3820,3817.5,0.000100136,0.000500679,7
3820,3825,3822.5,8.58308e-05,0.000429154,6
3825,3830,3827.5,2.86103e-05,0.000143051,2
3830,3835,3832.5,8.58308e-05,0.000429154,6
3835,3840,3837.5,0.000128746,0.000643731,9
3840,3845,3842.5,7.15256e-05,0.000357628,5
3845,3850,3847.5,8.58308e-05,0.000429154,6
3850,3855,3852.5,0.000100136,0.000500679,7
3855,3860,3857.5,0.000171662,0.000858308,12
3860,3865,3862.5,0.000171662,0.000858308,12
3865,3870,3867.5,0.000114441,0.000572205,8
3870,3875,3872.5,0.000100136,0.000500679,7
3875,3880,3877.5,7.15256e-05,0.000357628,5
3880,3885,3882.5,0.000157356,0.000786782,11
3885,3890,3887.5,8.58308e-05,0.000429154,6
3890,3895,3892.5,8.58308e-05,0.000429154,6
3895,3900,3897.5,0.000128746,0.000643731,9
3900,3905,3902.5,8.58308e-05,0.000429154,6
3905,3910,3907.5,5.72205e-05,0.000286103,4
3910,3915,3912.5,7.15256e-05,0.000357628,5
3915,3920,3917.5,4.29154e-05,0.000214577,3
3920,3925,3922.5,2.86103e-05,0.000143051,2
3925,3930,3927.5,0.000114441,0.000572205,8
3930,3935,3932.5,0.000185967,0.000929833,13
3935,3940,3937.5,0.000114441,0.000572205,8
3940,3945,3942.5,7.15256e-05,0.000357628,5
3945,3950,3947.5,0.000100136,0.000500679,7
3950,3955,3952.5,5.72205e-05,0.000286103,4
3955,3960,3957.5,7.15256e-05,0.000357628,5
3960,3965,3962.5,5.72205e-05,0.000286103,4
3965,3970,3967.5,0.000128746,0.000643731,9
3970,3975,3972.5,0.000128746,0.000643731,9
3975,3980,3977.5,0.000114441,0.000572205,8
3980,3985,3982.5,7.15256e-05,0.000357628,5
3985,3990,3987.5,7.15256e-05,0.000357628,5
3990,3995,3992.5,0.000114441,0.000572205,8
3995,4000,3997.5,4.29154e-05,0.000214577,3
4000,4005,4002.5,0.000114441,0.000572205,8
4005,4010,4007.5,4.29154e-05,0.000214577,3
4010,4015,4012.5,0.000114441,0.000572205,8
4015,4020,4017.5,7.15256e-05,0.000357628,5
4020,4025,4022.5,0.000100136,0.000500679,7
4025,4030,4027.5,0.000100136,0.000500679,7
4030,4035,4032.5,0.000128746,0.000643731,9
4035,4040,4037.5,0.000143051,0.000715256,10
4040,4045,4042.5,0.000100136,0.000500679,7
4045,4050,4047.5,8.58308e-05,0.000429154,6
4050,4055,4052.5,7.15256e-05,0.000357628,5
4055,4060,4057.5,0.000114441,0.000572205,8
4060,4065,4062.5,8.58308e-05,0.000429154,6
4065,4070,4067.5,0.000114441,0.000572205,8
4070,4075,4072.5,8.58308e-05,0.000429154,6
4075,4080,4077.5,0.000100136,0.000500679,7
4080,4085,4082.5,0.000114441,0.000572205,8
4085,4090,4087.5,7.15256e-05,0.000357628,5
4090,4095,4092.5,7.15256e-05,0.000357628,5
4095,4100,4097.5,7.15256e-05,0.000357628,5
4100,4105,4102.5,0.000100136,0.000500679,7
4105,4110,4107.5,8.58308e-05,0.000429154,6
4110,4115,4112.5,7.15256e-05,0.000357628,5
4115,4120,4117.5,4.29154e-05,0.000214577,3
4120,4125,4122.5,8.58308e-05,0.000429154,6
4125,4130,4127.5,4.29154e-05,0.000214577,3
4130,4135,4132.5,4.29154e-05,0.000214577,3
4135,4140,4137.5,0.000100136,0.000500679,7
4140,4145,4142.5,0.000100136,0.000500679,7
4145,4150,4147.5,8.58308e-05,0.000429154,6
4150,4155,4152.5,5.72205e-05,0.000286103,4
4155,4160,4157.5,5.72205e-05,0.000286103,4
4160,4165,4162.5,0.000157356,0.000786782,11
4165,4170,4167.5,4.29154e-05,0.000214577,3
4170,4175,4172.5,7.15256e-05,0.000357628,5
4175,4180,4177.5,7.15256e-05,0.000357628,5
4180,4185,4182.5,7.15256e-05,0.000357628,5
4185,4190,4187.5,0.000157356,0.000786782,11
4190,4195,4192.5,0.000114441,0.000572205,8
4195,4200,4197.5,0.000157356,0.000786782,11
4200,4205,4202.5,0.000114441,0.000572205,8
4205,4210,4207.5,0.000114441,0.000572205,8
4210,4215,4212.5,2.86103e-05,0.000143051,2
4215,4220,4217.5,0.000128746,0.000643731,9
4220,4225,4222.5,8.58308e-05,0.000429154,6
4225,4230,4227.5,7.15256e-05,0.000357628,5
4230,4235,4232.5,7.15256e-05,0.000357628,5
4235,4240,4237.5,0.000114441,0.000572205,8
4240,4245,4242.5,2.86103e-05,0.000143051,2
4245,4250,4247.5,5.72205e-05,0.000286103,4
4250,4255,4252.5,8.58308e-05,0.000429154,6
4255,4260,4257.5,0.000114441,0.000572205,8
4260,4265,4262.5,0.000100136,0.000500679,7
4265,4270,4267.5,5.72205e-05,0.000286103,4
4270,4275,4272.5,7.15256e-05,0.000357628,5
4275,4280,4277.5,0.000114441,0.000572205,8
4280,4285,4282.5,0.000171662,0.000858308,12
4285,4290,4287.5,0.000128746,0.000643731,9
4290,4295,4292.5,8.58308e-05,0.000429154,6
4295,4300,4297.5,0.000100136,0.000500679,7
4300,4305,4302.5,8.58308e-05,0.000429154,6
4305,4310,4307.5,7.15256e-05,0.000357628,5
4310,4315,4312.5,7.15256e-05,0.000357628,5
4315,4320,4317.5,0.000143051,0.000715256,10
4320,4325,4322.5,0.000114441,0.000572205,8
4325,4330,4327.5,2.86103e-05,0.000143051,2
4330,4335,4332.5,8.58308e-05,0.000429154,6
4335,4340,4337.5,0.000114441,0.000572205,8
4340,4345,4342.5,7.15256e-05,0.000357628,5
4345,4350,4347.5,5.72205e-05,0.000286103,4
4350,4355,4352.5,2.86103e-05,0.000143051,2
4355,4360,4357.5,2.86103e-05,0.000143051,2
4360,4365,4362.5,1.43051e-05,7.15256e-05,1
4365,4370,4367.5,8.58308e-05,0.000429154,6
4370,4375,4372.5,2.86103e-05,0.000143051,2
4375,4380,4377.5,2.86103e-05,0.000143051,2
4380,4385,4382.5,4.29154e-05,0.000214577,3
4385,4390,4387.5,4.29154e-05,0.000214577,3
4390,4395,4392.5,5.72205e-05,0.000286103,4
4395,4400,4397.5,4.29154e-05,0.000214577,3
4400,4405,4402.5,4.29154e-05,0.000214577,3
4410,4415,4412.5,4.29154e-05,0.000214577,3
4415,4420,4417.5,2.86103e-05,0.000143051,2
4420,4425,4422.5,4.29154e-05,0.000214577,3
4425,4430,4427.5,8.58308e-05,0.000429154,6
4430,4435,4432.5,4.29154e-05,0.000214577,3
4435,4440,4437.5,5.72205e-05,0.000286103,4
4440,4445,4442.5,4.29154e-05,0.000214577,3
4450,4455,4452.5,1.43051e-05,7.15256e-05,1
4455,4460,4457.5,4.29154e-05,0.000214577,3
4460,4465,4462.5,2.86103e-05,0.000143051,2
4465,4470,4467.5,2.86103e-05,0.000143051,2
4470,4475,4472.5,7.15256e-05,0.000357628,5
4475,4480,4477.5,5.72205e-05,0.000286103,4
4480,4485,4482.5,2.86103e-05,0.000143051,2
4485,4490,4487.5,4.29154e-05,0.000214577,3
4490,4495,4492.5,4.29154e-05,0.000214577,3
4495,4500,4497.5,5.72205e-05,0.000286103,4
4500,4505,4502.5,1.43051e-05,7.15256e-05,1
4505,4510,4507.5,2.86103e-05,0.000143051,2
4510,4515,4512.5,2.86103e-05,0.000143051,2
4515,4520,4517.5,5.72205e-05,0.000286103,4
4520,4525,4522.5,2.86103e-05,0.000143051,2
4525,4530,4527.5,2.86103e-05,0.000143051,2
4530,4535,4532.5,2.86103e-05,0.000143051,2
4535,4540,4537.5,7.15256e-05,0.000357628,5
4540,4545,4542.5,4.29154e-05,0.000214577,3
4545,4550,4547.5,4.29154e-05,0.000214577,3
4550,4555,4552.5,4.29154e-05,0.000214577,3
4555,4560,4557.5,1.43051e-05,7.15256e-05,1
4565,4570,4567.5,1.43051e-05,7.15256e-05,1
4570,4575,4572.5,1.43051e-05,7.15256e-05,1
4575,4580,4577.5,1.43051e-05,7.15256e-05,1
4580,4585,4582.5,1.43051e-05,7.15256e-05,1
4590,4595,4592.5,2.86103e-05,0.000143051,2
4595,4600,4597.5,2.86103e-05,0.000143051,2
4605,4610,4607.5,2.86103e-05,0.000143051,2
4610,4615,4612.5,2.86103e-05,0.000143051,2
4615,4620,4617.5,4.29154e-05,0.000214577,3
4620,4625,4622.5,7.15256e-05,0.000357628,5
4625,4630,4627.5,4.29154e-05,0.000214577,3
4630,4635,4632.5,5.72205e-05,0.000286103,4
4635,4640,4637.5,4.29154e-05,0.000214577,3
4640,4645,4642.5,4.29154e-05,0.000214577,3
4645,4650,4647.5,4.29154e-05,0.000214577,3
4650,4655,4652.5,2.86103e-05,0.000143051,2
4655,4660,4657.5,1.43051e-05,7.15256e-05,1
4660,4665,4662.5,2.86103e-05,0.000143051,2
4665,4670,4667.5,7.15256e-05,0.000357628,5
4670,4675,4672.5,1.43051e-05,7.15256e-05,1
4680,4685,4682.5,1.43051e-05,7.15256e-05,1
4685,4690,4687.5,2.86103e-05,0.000143051,2
4690,4695,4692.5,4.29154e-05,0.000214577,3
4695,4700,4697.5,2.86103e-05,0.000143051,2
4700,4705,4702.5,1.43051e-05,7.15256e-05,1
4705,4710,4707.5,4.29154e-05,0.000214577,3
4710,4715,4712.5,2.86103e-05,0.000143051,2
4715,4720,4717.5,2.86103e-05,0.000143051,2
4720,4725,4722.5,2.86103e-05,0.000143051,2
4725,4730,4727.5,4.29154e-05,0.000214577,3
4730,4735,4732.5,1.43051e-05,7.15256e-05,1
4735,4740,4737.5,1.43051e-05,7.15256e-05,1
4740,4745,4742.5,1.43051e-05,7.15256e-05,1
4745,4750,4747.5,2.86103e-05,0.000143051,2
4750,4755,4752.5,2.86103e-05,0.000143051,2
4755,4760,4757.5,0.000100136,0.000500679,7
4760,4765,4762.5,8.58308e-05,0.000429154,6
4765,4770,4767.5,1.43051e-05,7.15256e-05,1
4770,4775,4772.5,4.29154e-05,0.000214577,3
4775,4780,4777.5,5.72205e-05,0.000286103,4
4780,4785,4782.5,1.43051e-05,7.15256e-05,1
4785,4790,4787.5,5.72205e-05,0.000286103,4
4795,4800,4797.5,7.15256e-05,0.000357628,5
4800,4805,4802.5,1.43051e-05,7.15256e-05,1
4805,4810,4807.5,4.29154e-05,0.000214577,3
4810,4815,4812.5,2.86103e-05,0.000143051,2
4815,4820,4817.5,2.86103e-05,0.000143051,2
4820,4825,4822.5,5.72205e-05,0.000286103,4
4825,4830,4827.5,1.43051e-05,7.15256e-05,1
4830,4835,4832.5,2.86103e-05,0.000143051,2
4835,4840,4837.5,1.43051e-05,7.15256e-05,1
4840,4845,4842.5,2.86103e-05,0.000143051,2
4845,4850,4847.5,2.86103e-05,0.000143051,2
4850,4855,4852.5,2.86103e-05,0.000143051,2
4855,4860,4857.5,5.72205e-05,0.000286103,4
4860,4865,4862.5,4.29154e-05,0.000214577,3
4865,4870,4867.5,5.72205e-05,0.000286103,4
4875,4880,4877.5,4.29154e-05,0.000214577,3
4880,4885,4882.5,2.86103e-05,0.000143051,2
4885,4890,4887.5,2.86103e-05,0.000143051,2
4890,4895,4892.5,1.43051e-05,7.15256e-05,1
4895,4900,4897.5,4.29154e-05,0.000214577,3
4900,4905,4902.5,4.29154e-05,0.000214577,3
4905,4910,4907.5,1.43051e-05,7.15256e-05,1
4910,4915,4912.5,2.86103e-05,0.000143051,2
4920,4925,4922.5,4.29154e-05,0.000214577,3
4925,4930,4927.5,5.72205e-05,0.000286103,4
4930,4935,4932.5,2.86103e-05,0.000143051,2
4935,4940,4937.5,1.43051e-05,7.15256e-05,1
4940,4945,4942.5,5.72205e-05,0.000286103,4
4945,4950,4947.5,4.29154e-05,0.000214577,3
4950,4955,4952.5,1.43051e-05,7.15256e-05,1
4955,4960,4957.5,0.000100136,0.000500679,7
4960,4965,4962.5,4.29154e-05,0.000214577,3
4965,4970,4967.5,1.43051e-05,7.15256e-05,1
4975,4980,4977.5,2.86103e-05,0.000143051,2
4980,4985,4982.5,2.86103e-05,0.000143051,2
4990,4995,4992.5,1.43051e-05,7.15256e-05,1
5000,5005,5002.5,1.43051e-05,7.15256e-05,1
5005,5010,5007.5,2.86103e-05,0.000143051,2
5010,5015,5012.5,2.86103e-05,0.000143051,2
5015,5020,5017.5,1.43051e-05,7.15256e-05,1
5020,5025,5022.5,4.29154e-05,0.000214577,3
5025,5030,5027.5,5.72205e-05,0.000286103,4
5030,5035,5032.5,2.86103e-05,0.000143051,2
5035,5040,5037.5,4.29154e-05,0.000214577,3
5040,5045,5042.5,8.58308e-05,0.000429154,6
5045,5050,5047.5,2.86103e-05,0.000143051,2
5050,5055,5052.5,2.86103e-05,0.000143051,2
5055,5060,5057.5,5.72205e-05,0.000286103,4
5060,5065,5062.5,8.58308e-05,0.000429154,6
5070,5075,5072.5,1.43051e-05,7.15256e-05,1
5075,5080,5077.5,1.43051e-05,7.15256e-05,1
5080,5085,5082.5,1.43051e-05,7.15256e-05,1
5095,5100,5097.5,2.86103e-05,0.000143051,2
5100,5105,5102.5,2.86103e-05,0.000143051,2
5110,5115,5112.5,1.43051e-05,7.15256e-05,1
5115,5120,5117.5,1.43051e-05,7.15256e-05,1
5120,5125,5122.5,1.43051e-05,7.15256e-05,1
5125,5130,5127.5,1.43051e-05,7.15256e-05,1
5130,5135,5132.5,4.29154e-05,0.000214577,3
5135,5140,5137.5,2.86103e-05,0.000143051,2
5140,5145,5142.5,1.43051e-05,7.15256e-05,1
5145,5150,5147.5,2.86103e-05,0.000143051,2
5150,5155,5152.5,5.72205e-05,0.000286103,4
5155,5160,5157.5,2.86103e-05,0.000143051,2
5160,5165,5162.5,5.72205e-05,0.000286103,4
5165,5170,5167.5,2.86103e-05,0.000143051,2
5170,5175,5172.5,1.43051e-05,7.15256e-05,1
5175,5180,5177.5,4.29154e-05,0.000214577,3
5180,5185,5182.5,4.29154e-05,0.000214577,3
5185,5190,5187.5,5.72205e-05,0.000286103,4
5190,5195,5192.5,2.86103e-05,0.000143051,2
5195,5200,5197.5,2.86103e-05,0.000143051,2
5200,5205,5202.5,4.29154e-05,0.000214577,3
5205,5210,5207.5,2.86103e-05,0.000143051,2
5210,5215,5212.5,2.86103e-05,0.000143051,2
5215,5220,5217.5,5.72205e-05,0.000286103,4
5220,5225,5222.5,1.43051e-05,7.15256e-05,1
5225,5230,5227.5,1.43051e-05,7.15256e-05,1
5230,5235,5232.5,4.29154e-05,0.000214577,3
5235,5240,5237.5,1.43051e-05,7.15256e-05,1
5240,5245,5242.5,2.86103e-05,0.000143051,2
5245,5250,5247.5,1.43051e-05,7.15256e-05,1
5250,5255,5252.5,1.43051e-05,7.15256e-05,1
5255,5260,5257.5,2.86103e-05,0.000143051,2
5265,5270,5267.5,1.43051e-05,7.15256e-05,1
5270,5275,5272.5,1.43051e-05,7.15256e-05,1
5275,5280,5277.5,2.86103e-05,0.000143051,2
5280,5285,5282.5,2.86103e-05,0.000143051,2
5285,5290,5287.5,1.43051e-05,7.15256e-05,1
5290,5295,5292.5,2.86103e-05,0.000143051,2
5295,5300,5297.5,2.86103e-05,0.000143051,2
5300,5305,5302.5,2.86103e-05,0.000143051,2
5305,5310,5307.5,2.86103e-05,0.000143051,2
5315,5320,5317.5,4.29154e-05,0.000214577,3
5320,5325,5322.5,2.86103e-05,0.000143051,2
5330,5335,5332.5,2.86103e-05,0.000143051,2
5335,5340,5337.5,1.43051e-05,7.15256e-05,1
5340,5345,5342.5,1.43051e-05,7.15256e-05,1
5345,5350,5347.5,1.43051e-05,7.15256e-05,1
5350,5355,5352.5,2.86103e-05,0.000143051,2
5360,5365,5362.5,2.86103e-05,0.000143051,2
5365,5370,5367.5,4.29154e-05,0.000214577,3
5370,5375,5372.5,2.86103e-05,0.000143051,2
5375,5380,5377.5,4.29154e-05,0.000214577,3
5380,5385,5382.5,2.86103e-05,0.000143051,2
5385,5390,5387.5,1.43051e-05,7.15256e-05,1
5390,5395,5392.5,1.43051e-05,7.15256e-05,1
5395,5400,5397.5,5.72205e-05,0.000286103,4
5400,5405,5402.5,1.43051e-05,7.15256e-05,1
5405,5410,5407.5,1.43051e-05,7.15256e-05,1
5410,5415,5412.5,2.86103e-05,0.000143051,2
5420,5425,5422.5,5.72205e-05,0.000286103,4
5425,5430,5427.5,2.86103e-05,0.000143051,2
5435,5440,5437.5,2.86103e-05,0.000143051,2
5440,5445,5442.5,1.43051e-05,7.15256e-05,1
5445,5450,5447.5,2.86103e-05,0.000143051,2
5450,5455,5452.5,1.43051e-05,7.15256e-05,1
5455,5460,5457.5,1.43051e-05,7.15256e-05,1
5465,5470,5467.5,1.43051e-05,7.15256e-05,1
5470,5475,5472.5,2.86103e-05,0.000143051,2
5475,5480,5477.5,4.29154e-05,0.000214577,3
5485,5490,5487.5,1.43051e-05,7.15256e-05,1
5495,5500,5497.5,1.43051e-05,7.15256e-05,1
5500,5505,5502.5,1.43051e-05,7.15256e-05,1
5505,5510,5507.5,4.29154e-05,0.000214577,3
5510,5515,5512.5,2.86103e-05,0.000143051,2
5515,5520,5517.5,1.43051e-05,7.15256e-05,1
5520,5525,5522.5,1.43051e-05,7.15256e-05,1
5525,5530,5527.5,2.86103e-05,0.000143051,2
5535,5540,5537.5,1.43051e-05,7.15256e-05,1
5540,5545,5542.5,5.72205e-05,0.000286103,4
5545,5550,5547.5,2.86103e-05,0.000143051,2
5550,5555,5552.5,4.29154e-05,0.000214577,3
5555,5560,5557.5,7.15256e-05,0.000357628,5
5560,5565,5562.5,1.43051e-05,7.15256e-05,1
5570,5575,5572.5,1.43051e-05,7.15256e-05,1
5575,5580,5577.5,1.43051e-05,7.15256e-05,1
5585,5590,5587.5,1.43051e-05,7.15256e-05,1
5590,5595,5592.5,2.86103e-05,0.000143051,2
5600,5605,5602.5,1.43051e-05,7.15256e-05,1
5605,5610,5607.5,1.43051e-05,7.15256e-05,1
5610,5615,5612.5,4.29154e-05,0.000214577,3
5615,5620,5617.5,5.72205e-05,0.000286103,4
5620,5625,5622.5,4.29154e-05,0.000214577,3
5625,5630,5627.5,4.29154e-05,0.000214577,3
5645,5650,5647.5,2.86103e-05,0.000143051,2
5650,5655,5652.5,4.29154e-05,0.000214577,3
5655,5660,5657.5,1.43051e-05,7.15256e-05,1
5660,5665,5662.5,1.43051e-05,7.15256e-05,1
5665,5670,5667.5,1.43051e-05,7.15256e-05,1
5680,5685,5682.5,7.15256e-05,0.000357628,5
5690,5695,5692.5,5.72205e-05,0.000286103,4
5695,5700,5697.5,4.29154e-05,0.000214577,3
5710,5715,5712.5,4.29154e-05,0.000214577,3
5715,5720,5717.5,4.29154e-05,0.000214577,3
5720,5725,5722.5,1.43051e-05,7.15256e-05,1
5725,5730,5727.5,1.43051e-05,7.15256e-05,1
5730,5735,5732.5,2.86103e-05,0.000143051,2
5735,5740,5737.5,1.43051e-05,7.15256e-05,1
5740,5745,5742.5,2.86103e-05,0.000143051,2
5755,5760,5757.5,1.43051e-05,7.15256e-05,1
5760,5765,5762.5,2.86103e-05,0.000143051,2
5770,5775,5772.5,2.86103e-05,0.000143051,2
5775,5780,5777.5,1.43051e-05,7.15256e-05,1
5780,5785,5782.5,4.29154e-05,0.000214577,3
5785,5790,5787.5,1.43051e-05,7.15256e-05,1
5795,5800,5797.5,4.29154e-05,0.000214577,3
5800,5805,5802.5,1.43051e-05,7.15256e-05,1
5805,5810,5807.5,1.43051e-05,7.15256e-05,1
5810,5815,5812.5,2.86103e-05,0.000143051,2
5815,5820,5817.5,2.86103e-05,0.000143051,2
5825,5830,5827.5,1.43051e-05,7.15256e-05,1
5835,5840,5837.5,2.86103e-05,0.000143051,2
5840,5845,5842.5,1.43051e-05,7.15256e-05,1
5845,5850,5847.5,1.43051e-05,7.15256e-05,1
5850,5855,5852.5,5.72205e-05,0.000286103,4
5865,5870,5867.5,1.43051e-05,7.15256e-05,1
5870,5875,5872.5,4.29154e-05,0.000214577,3
5875,5880,5877.5,5.72205e-05,0.000286103,4
5880,5885,5882.5,2.86103e-05,0.000143051,2
5885,5890,5887.5,5.72205e-05,0.000286103,4
5890,5895,5892.5,4.29154e-05,0.000214577,3
5895,5900,5897.5,1.43051e-05,7.15256e-05,1
5905,5910,5907.5,1.43051e-05,7.15256e-05,1
5910,5915,5912.5,1.43051e-05,7.15256e-05,1
5915,5920,5917.5,1.43051e-05,7.15256e-05,1
5920,5925,5922.5,2.86103e-05,0.000143051,2
5930,5935,5932.5,1.43051e-05,7.15256e-05,1
5935,5940,5937.5,2.86103e-05,0.000143051,2
5940,5945,5942.5,1.43051e-05,7.15256e-05,1
5945,5950,5947.5,1.43051e-05,7.15256e-05,1
5950,5955,5952.5,2.86103e-05,0.000143051,2
5955,5960,5957.5,1.43051e-05,7.15256e-05,1
5965,5970,5967.5,5.72205e-05,0.000286103,4
5970,5975,5972.5,1.43051e-05,7.15256e-05,1
5975,5980,5977.5,2.86103e-05,0.000143051,2
5985,5990,5987.5,5.72205e-05,0.000286103,4
5990,5995,5992.5,1.43051e-05,7.15256e-05,1
5995,6000,5997.5,2.86103e-05,0.000143051,2
6000,6005,6002.5,1.43051e-05,7.15256e-05,1
6005,6010,6007.5,2.86103e-05,0.000143051,2
6010,6015,6012.5,5.72205e-05,0.000286103,4
6015,6020,6017.5,2.86103e-05,0.000143051,2
6020,6025,6022.5,1.43051e-05,7.15256e-05,1
6025,6030,6027.5,1.43051e-05,7.15256e-05,1
6030,6035,6032.5,2.86103e-05,0.000143051,2
6035,6040,6037.5,1.43051e-05,7.15256e-05,1
6040,6045,6042.5,4.29154e-05,0.000214577,3
6045,6050,6047.5,2.86103e-05,0.000143051,2
6050,6055,6052.5,2.86103e-05,0.000143051,2
6055,6060,6057.5,2.86103e-05,0.000143051,2
6060,6065,6062.5,4.29154e-05,0.000214577,3
6065,6070,6067.5,2.86103e-05,0.000143051,2
6070,6075,6072.5,1.43051e-05,7.15256e-05,1
6075,6080,6077.5,2.86103e-05,0.000143051,2
6085,6090,6087.5,2.86103e-05,0.000143051,2
6095,6100,6097.5,5.72205e-05,0.000286103,4
6100,6105,6102.5,1.43051e-05,7.15256e-05,1
6105,6110,6107.5,1.43051e-05,7.15256e-05,1
6110,6115,6112.5,2.86103e-05,0.000143051,2
6115,6120,6117.5,2.86103e-05,0.000143051,2
6125,6130,6127.5,1.43051e-05,7.15256e-05,1
6130,6135,6132.5,4.29154e-05,0.000214577,3
6135,6140,6137.5,1.43051e-05,7.15256e-05,1
6145,6150,6147.5,2.86103e-05,0.000143051,2
6160,6165,6162.5,2.86103e-05,0.000143051,2
6165,6170,6167.5,1.43051e-05,7.15256e-05,1
6175,6180,6177.5,2.86103e-05,0.000143051,2
6180,6185,6182.5,7.15256e-05,0.000357628,5
6185,6190,6187.5,2.86103e-05,0.000143051,2
6190,6195,6192.5,1.43051e-05,7.15256e-05,1
6195,6200,6197.5,4.29154e-05,0.000214577,3
6205,6210,6207.5,2.86103e-05,0.000143051,2
6215,6220,6217.5,5.72205e-05,0.000286103,4
6220,6225,6222.5,1.43051e-05,7.15256e-05,1
6230,6235,6232.5,5.72205e-05,0.000286103,4
6235,6240,6237.5,1.43051e-05,7.15256e-05,1
6240,6245,6242.5,2.86103e-05,0.000143051,2
6245,6250,6247.5,1.43051e-05,7.15256e-05,1
6250,6255,6252.5,1.43051e-05,7.15256e-05,1
6255,6260,6257.5,1.43051e-05,7.15256e-05,1
6260,6265,6262.5,2.86103e-05,0.000143051,2
6265,6270,6267.5,1.43051e-05,7.15256e-05,1
6270,6275,6272.5,2.86103e-05,0.000143051,2
6275,6280,6277.5,2.86103e-05,0.000143051,2
6280,6285,6282.5,1.43051e-05,7.15256e-05,1
6290,6295,6292.5,1.43051e-05,7.15256e-05,1
6295,6300,6297.5,1.43051e-05,7.15256e-05,1
6300,6305,6302.5,1.43051e-05,7.15256e-05,1
6305,6310,6307.5,1.43051e-05,7.15256e-05,1
6310,6315,6312.5,2.86103e-05,0.000143051,2
6315,6320,6317.5,1.43051e-05,7.15256e-05,1
6320,6325,6322.5,5.72205e-05,0.000286103,4
6335,6340,6337.5,1.43051e-05,7.15256e-05,1
6345,6350,6347.5,2.86103e-05,0.000143051,2
6350,6355,6352.5,1.43051e-05,7.15256e-05,1
6355,6360,6357.5,1.43051e-05,7.15256e-05,1
6360,6365,6362.5,1.43051e-05,7.15256e-05,1
6365,6370,6367.5,2.86103e-05,0.000143051,2
6375,6380,6377.5,2.86103e-05,0.000143051,2
6380,6385,6382.5,4.29154e-05,0.000214577,3
6385,6390,6387.5,1.43051e-05,7.15256e-05,1
6390,6395,6392.5,1.43051e-05,7.15256e-05,1
6395,6400,6397.5,1.43051e-05,7.15256e-05,1
6405,6410,6407.5,4.29154e-05,0.000214577,3
6420,6425,6422.5,2.86103e-05,0.000143051,2
6430,6435,6432.5,2.86103e-05,0.000143051,2
6440,6445,6442.5,1.43051e-05,7.15256e-05,1
6450,6455,6452.5,4.29154e-05,0.000214577,3
6465,6470,6467.5,2.86103e-05,0.000143051,2
6470,6475,6472.5,1.43051e-05,7.15256e-05,1
6480,6485,6482.5,7.15256e-05,0.000357628,5
6485,6490,6487.5,2.86103e-05,0.000143051,2
6490,6495,6492.5,2.86103e-05,0.000143051,2
6500,6505,6502.5,2.86103e-05,0.000143051,2
6505,6510,6507.5,2.86103e-05,0.000143051,2
6525,6530,6527.5,1.43051e-05,7.15256e-05,1
6535,6540,6537.5,1.43051e-05,7.15256e-05,1
6545,6550,6547.5,1.43051e-05,7.15256e-05,1
6555,6560,6557.5,2.86103e-05,0.000143051,2
6560,6565,6562.5,1.43051e-05,7.15256e-05,1
6565,6570,6567.5,1.43051e-05,7.15256e-05,1
6570,6575,6572.5,2.86103e-05,0.000143051,2
6575,6580,6577.5,4.29154e-05,0.000214577,3
6580,6585,6582.5,2.86103e-05,0.000143051,2
6585,6590,6587.5,4.29154e-05,0.000214577,3
6590,6595,6592.5,4.29154e-05,0.000214577,3
6595,6600,6597.5,2.86103e-05,0.000143051,2
6610,6615,6612.5,2.86103e-05,0.000143051,2
6615,6620,6617.5,1.43051e-05,7.15256e-05,1
6620,6625,6622.5,2.86103e-05,0.000143051,2
6625,6630,6627.5,1.43051e-05,7.15256e-05,1
6630,6635,6632.5,4.29154e-05,0.000214577,3
6635,6640,6637.5,1.43051e-05,7.15256e-05,1
6645,6650,6647.5,2.86103e-05,0.000143051,2
6660,6665,6662.5,4.29154e-05,0.000214577,3
6665,6670,6667.5,1.43051e-05,7.15256e-05,1
6675,6680,6677.5,4.29154e-05,0.000214577,3
6680,6685,6682.5,4.29154e-05,0.000214577,3
6685,6690,6687.5,1.43051e-05,7.15256e-05,1
6695,6700,6697.5,2.86103e-05,0.000143051,2
6700,6705,6702.5,1.43051e-05,7.15256e-05,1
6705,6710,6707.5,4.29154e-05,0.000214577,3
6710,6715,6712.5,1.43051e-05,7.15256e-05,1
6720,6725,6722.5,1.43051e-05,7.15256e-05,1
6725,6730,6727.5,2.86103e-05,0.000143051,2
6730,6735,6732.5,4.29154e-05,0.000214577,3
6740,6745,6742.5,1.43051e-05,7.15256e-05,1
6745,6750,6747.5,5.72205e-05,0.000286103,4
6755,6760,6757.5,4.29154e-05,0.000214577,3
6770,6775,6772.5,1.43051e-05,7.15256e-05,1
6780,6785,6782.5,1.43051e-05,7.15256e-05,1
6785,6790,6787.5,1.43051e-05,7.15256e-05,1
6790,6795,6792.5,2.86103e-05,0.000143051,2
6800,6805,6802.5,1.43051e-05,7.15256e-05,1
6805,6810,6807.5,1.43051e-05,7.15256e-05,1
6810,6815,6812.5,5.72205e-05,0.000286103,4
6815,6820,6817.5,2.86103e-05,0.000143051,2
6825,6830,6827.5,2.86103e-05,0.000143051,2
6830,6835,6832.5,2.86103e-05,0.000143051,2
6835,6840,6837.5,2.86103e-05,0.000143051,2
6840,6845,6842.5,4.29154e-05,0.000214577,3
6850,6855,6852.5,2.86103e-05,0.000143051,2
6855,6860,6857.5,2.86103e-05,0.000143051,2
6860,6865,6862.5,1.43051e-05,7.15256e-05,1
6865,6870,6867.5,2.86103e-05,0.000143051,2
6870,6875,6872.5,1.43051e-05,7.15256e-05,1
6880,6885,6882.5,2.86103e-05,0.000143051,2
6885,6890,6887.5,2.86103e-05,0.000143051,2
6890,6895,6892.5,4.29154e-05,0.000214577,3
6895,6900,6897.5,1.43051e-05,7.15256e-05,1
6900,6905,6902.5,1.43051e-05,7.15256e-05,1
6910,6915,6912.5,2.86103e-05,0.000143051,2
6930,6935,6932.5,2.86103e-05,0.000143051,2
6935,6940,6937.5,1.43051e-05,7.15256e-05,1
6940,6945,6942.5,1.43051e-05,7.15256e-05,1
6950,6955,6952.5,1.43051e-05,7.15256e-05,1
6955,6960,6957.5,1.43051e-05,7.15256e-05,1
6960,6965,6962.5,1.43051e-05,7.15256e-05,1
6965,6970,6967.5,1.43051e-05,7.15256e-05,1
6970,6975,6972.5,1.43051e-05,7.15256e-05,1
6980,6985,6982.5,1.43051e-05,7.15256e-05,1
6985,6990,6987.5,4.29154e-05,0.000214577,3
7000,7005,7002.5,1.43051e-05,7.15256e-05,1
7025,7030,7027.5,4.29154e-05,0.000214577,3
7030,7035,7032.5,2.86103e-05,0.000143051,2
7035,7040,7037.5,1.43051e-05,7.15256e-05,1
7040,7045,7042.5,4.29154e-05,0.000214577,3
7045,7050,7047.5,2.86103e-05,0.000143051,2
7050,7055,7052.5,2.86103e-05,0.000143051,2
7060,7065,7062.5,1.43051e-05,7.15256e-05,1
7065,7070,7067.5,1.43051e-05,7.15256e-05,1
7070,7075,7072.5,2.86103e-05,0.000143051,2
7080,7085,7082.5,1.43051e-05,7.15256e-05,1
7085,7090,7087.5,2.86103e-05,0.000143051,2
7095,7100,7097.5,4.29154e-05,0.000214577,3
7105,7110,7107.5,1.43051e-05,7.15256e-05,1
7110,7115,7112.5,1.43051e-05,7.15256e-05,1
7115,7120,7117.5,4.29154e-05,0.000214577,3
7140,7145,7142.5,1.43051e-05,7.15256e-05,1
7155,7160,7157.5,1.43051e-05,7.15256e-05,1
7160,7165,7162.5,1.43051e-05,7.15256e-05,1
7165,7170,7167.5,1.43051e-05,7.15256e-05,1
7170,7175,7172.5,1.43051e-05,7.15256e-05,1
7175,7180,7177.5,5.72205e-05,0.000286103,4
7180,7185,7182.5,2.86103e-05,0.000143051,2
7185,7190,7187.5,1.43051e-05,7.15256e-05,1
7195,7200,7197.5,2.86103e-05,0.000143051,2
7210,7215,7212.5,2.86103e-05,0.000143051,2
7220,7225,7222.5,2.86103e-05,0.000143051,2
7230,7235,7232.5,1.43051e-05,7.15256e-05,1
7235,7240,7237.5,2.86103e-05,0.000143051,2
7240,7245,7242.5,7.15256e-05,0.000357628,5
7245,7250,7247.5,1.43051e-05,7.15256e-05,1
7250,7255,7252.5,2.86103e-05,0.000143051,2
7265,7270,7267.5,1.43051e-05,7.15256e-05,1
7275,7280,7277.5,1.43051e-05,7.15256e-05,1
7280,7285,7282.5,4.29154e-05,0.000214577,3
7285,7290,7287.5,1.43051e-05,7.15256e-05,1
7305,7310,7307.5,2.86103e-05,0.000143051,2
7310,7315,7312.5,1.43051e-05,7.15256e-05,1
7315,7320,7317.5,1.43051e-05,7.15256e-05,1
7325,7330,7327.5,1.43051e-05,7.15256e-05,1
7340,7345,7342.5,2.86103e-05,0.000143051,2
7350,7355,7352.5,1.43051e-05,7.15256e-05,1
7355,7360,7357.5,2.86103e-05,0.000143051,2
7360,7365,7362.5,1.43051e-05,7.15256e-05,1
7370,7375,7372.5,1.43051e-05,7.15256e-05,1
7375,7380,7377.5,1.43051e-05,7.15256e-05,1
7385,7390,7387.5,1.43051e-05,7.15256e-05,1
7395,7400,7397.5,1.43051e-05,7.15256e-05,1
7415,7420,7417.5,1.43051e-05,7.15256e-05,1
7425,7430,7427.5,1.43051e-05,7.15256e-05,1
7430,7435,7432.5,2.86103e-05,0.000143051,2
7450,7455,7452.5,1.43051e-05,7.15256e-05,1
7460,7465,7462.5,2.86103e-05,0.000143051,2
7475,7480,7477.5,1.43051e-05,7.15256e-05,1
7485,7490,7487.5,2.86103e-05,0.000143051,2
7490,7495,7492.5,1.43051e-05,7.15256e-05,1
7495,7500,7497.5,2.86103e-05,0.000143051,2
7510,7515,7512.5,1.43051e-05,7.15256e-05,1
7520,7525,7522.5,1.43051e-05,7.15256e-05,1
7530,7535,7532.5,2.86103e-05,0.000143051,2
7535,7540,7537.5,1.43051e-05,7.15256e-05,1
7540,7545,7542.5,1.43051e-05,7.15256e-05,1
7545,7550,7547.5,5.72205e-05,0.000286103,4
7560,7565,7562.5,1.43051e-05,7.15256e-05,1
7565,7570,7567.5,4.29154e-05,0.000214577,3
7570,7575,7572.5,1.43051e-05,7.15256e-05,1
7580,7585,7582.5,1.43051e-05,7.15256e-05,1
7590,7595,7592.5,1.43051e-05,7.15256e-05,1
7595,7600,7597.5,1.43051e-05,7.15256e-05,1
7600,7605,7602.5,4.29154e-05,0.000214577,3
7605,7610,7607.5,1.43051e-05,7.15256e-05,1
7615,7620,7617.5,2.86103e-05,0.000143051,2
7630,7635,7632.5,1.43051e-05,7.15256e-05,1
7635,7640,7637.5,1.43051e-05,7.15256e-05,1
7655,7660,7657.5,1.43051e-05,7.15256e-05,1
7660,7665,7662.5,1.43051e-05,7.15256e-05,1
7665,7670,7667.5,1.43051e-05,7.15256e-05,1
7670,7675,7672.5,1.43051e-05,7.15256e-05,1
7675,7680,7677.5,1.43051e-05,7.15256e-05,1
7690,7695,7692.5,1.43051e-05,7.15256e-05,1
7695,7700,7697.5,1.43051e-05,7.15256e-05,1
7705,7710,7707.5,1.43051e-05,7.15256e-05,1
7720,7725,7722.5,1.43051e-05,7.15256e-05,1
7730,7735,7732.5,1.43051e-05,7.15256e-05,1
7735,7740,7737.5,1.43051e-05,7.15256e-05,1
7745,7750,7747.5,1.43051e-05,7.15256e-05,1
7750,7755,7752.5,2.86103e-05,0.000143051,2
7755,7760,7757.5,2.86103e-05,0.000143051,2
7760,7765,7762.5,4.29154e-05,0.000214577,3
7765,7770,7767.5,1.43051e-05,7.15256e-05,1
7770,7775,7772.5,1.43051e-05,7.15256e-05,1
7775,7780,7777.5,4.29154e-05,0.000214577,3
7780,7785,7782.5,1.43051e-05,7.15256e-05,1
7805,7810,7807.5,1.43051e-05,7.15256e-05,1
7830,7835,7832.5,1.43051e-05,7.15256e-05,1
7855,7860,7857.5,1.43051e-05,7.15256e-05,1
7865,7870,7867.5,2.86103e-05,0.000143051,2
7870,7875,7872.5,1.43051e-05,7.15256e-05,1
7880,7885,7882.5,1.43051e-05,7.15256e-05,1
7885,7890,7887.5,4.29154e-05,0.000214577,3
7890,7895,7892.5,4.29154e-05,0.000214577,3
7895,7900,7897.5,1.43051e-05,7.15256e-05,1
7905,7910,7907.5,4.29154e-05,0.000214577,3
7910,7915,7912.5,1.43051e-05,7.15256e-05,1
7915,7920,7917.5,2.86103e-05,0.000143051,2
7920,7925,7922.5,1.43051e-05,7.15256e-05,1
7935,7940,7937.5,1.43051e-05,7.15256e-05,1
7955,7960,7957.5,1.43051e-05,7.15256e-05,1
7960,7965,7962.5,2.86103e-05,0.000143051,2
7970,7975,7972.5,1.43051e-05,7.15256e-05,1
7975,7980,7977.5,1.43051e-05,7.15256e-05,1
8005,8010,8007.5,1.43051e-05,7.15256e-05,1
8010,8015,8012.5,1.43051e-05,7.15256e-05,1
8015,8020,8017.5,1.43051e-05,7.15256e-05,1
8020,8025,8022.5,1.43051e-05,7.15256e-05,1
8030,8035,8032.5,1.43051e-05,7.15256e-05,1
8035,8040,8037.5,1.43051e-05,7.15256e-05,1
8040,8045,8042.5,5.72205e-05,0.000286103,4
8050,8055,8052.5,1.43051e-05,7.15256e-05,1
8055,8060,8057.5,1.43051e-05,7.15256e-05,1
8060,8065,8062.5,1.43051e-05,7.15256e-05,1
8065,8070,8067.5,1.43051e-05,7.15256e-05,1
8075,8080,8077.5,4.29154e-05,0.000214577,3
8085,8090,8087.5,1.43051e-05,7.15256e-05,1
8090,8095,8092.5,5.72205e-05,0.000286103,4
8095,8100,8097.5,1.43051e-05,7.15256e-05,1
8100,8105,8102.5,2.86103e-05,0.000143051,2
8105,8110,8107.5,1.43051e-05,7.15256e-05,1
8115,8120,8117.5,2.86103e-05,0.000143051,2
8125,8130,8127.5,4.29154e-05,0.000214577,3
8140,8145,8142.5,1.43051e-05,7.15256e-05,1
8145,8150,8147.5,2.86103e-05,0.000143051,2
8150,8155,8152.5,1.43051e-05,7.15256e-05,1
8155,8160,8157.5,1.43051e-05,7.15256e-05,1
8175,8180,8177.5,1.43051e-05,7.15256e-05,1
8180,8185,8182.5,1.43051e-05,7.15256e-05,1
8185,8190,8187.5,1.43051e-05,7.15256e-05,1
8190,8195,8192.5,1.43051e-05,7.15256e-05,1
8195,8200,8197.5,2.86103e-05,0.000143051,2
8200,8205,8202.5,1.43051e-05,7.15256e-05,1
8205,8210,8207.5,1.43051e-05,7.15256e-05,1
8240,8245,8242.5,1.43051e-05,7.15256e-05,1
8250,8255,8252.5,1.43051e-05,7.15256e-05,1
8255,8260,8257.5,2.86103e-05,0.000143051,2
8265,8270,8267.5,1.43051e-05,7.15256e-05,1
8280,8285,8282.5,2.86103e-05,0.000143051,2
8285,8290,8287.5,2.86103e-05,0.000143051,2
8290,8295,8292.5,1.43051e-05,7.15256e-05,1
8295,8300,8297.5,2.86103e-05,0.000143051,2
8300,8305,8302.5,1.43051e-05,7.15256e-05,1
8310,8315,8312.5,1.43051e-05,7.15256e-05,1
8330,8335,8332.5,1.43051e-05,7.15256e-05,1
8335,8340,8337.5,1.43051e-05,7.15256e-05,1
8340,8345,8342.5,1.43051e-05,7.15256e-05,1
8365,8370,8367.5,1.43051e-05,7.15256e-05,1
8385,8390,8387.5,1.43051e-05,7.15256e-05,1
8390,8395,8392.5,1.43051e-05,7.15256e-05,1
8400,8405,8402.5,1.43051e-05,7.15256e-05,1
8405,8410,8407.5,1.43051e-05,7.15256e-05,1
8410,8415,8412.5,1.43051e-05,7.15256e-05,1
8415,8420,8417.5,1.43051e-05,7.15256e-05,1
8420,8425,8422.5,1.43051e-05,7.15256e-05,1
8425,8430,8427.5,2.86103e-05,0.000143051,2
8430,8435,8432.5,1.43051e-05,7.15256e-05,1
8435,8440,8437.5,2.86103e-05,0.000143051,2
8450,8455,8452.5,1.43051e-05,7.15256e-05,1
8475,8480,8477.5,1.43051e-05,7.15256e-05,1
8480,8485,8482.5,1.43051e-05,7.15256e-05,1
8495,8500,8497.5,1.43051e-05,7.15256e-05,1
8505,8510,8507.5,2.86103e-05,0.000143051,2
8515,8520,8517.5,4.29154e-05,0.000214577,3
8525,8530,8527.5,2.86103e-05,0.000143051,2
8530,8535,8532.5,1.43051e-05,7.15256e-05,1
8535,8540,8537.5,1.43051e-05,7.15256e-05,1
8540,8545,8542.5,1.43051e-05,7.15256e-05,1
8545,8550,8547.5,1.43051e-05,7.15256e-05,1
8570,8575,8572.5,1.43051e-05,7.15256e-05,1
8580,8585,8582.5,2.86103e-05,0.000143051,2
8585,8590,8587.5,1.43051e-05,7.15256e-05,1
8590,8595,8592.5,1.43051e-05,7.15256e-05,1
8595,8600,8597.5,2.86103e-05,0.000143051,2
8600,8605,8602.5,1.43051e-05,7.15256e-05,1
8605,8610,8607.5,2.86103e-05,0.000143051,2
8610,8615,8612.5,2.86103e-05,0.000143051,2
8625,8630,8627.5,1.43051e-05,7.15256e-05,1
8630,8635,8632.5,1.43051e-05,7.15256e-05,1
8640,8645,8642.5,2.86103e-05,0.000143051,2
8645,8650,8647.5,1.43051e-05,7.15256e-05,1
8655,8660,8657.5,1.43051e-05,7.15256e-05,1
8660,8665,8662.5,1.43051e-05,7.15256e-05,1
8665,8670,8667.5,1.43051e-05,7.15256e-05,1
8670,8675,8672.5,1.43051e-05,7.15256e-05,1
8680,8685,8682.5,1.43051e-05,7.15256e-05,1
8685,8690,8687.5,1.43051e-05,7.15256e-05,1
8695,8700,8697.5,1.43051e-05,7.15256e-05,1
8705,8710,8707.5,2.86103e-05,0.000143051,2
8710,8715,8712.5,1.43051e-05,7.15256e-05,1
8715,8720,8717.5,1.43051e-05,7.15256e-05,1
8720,8725,8722.5,1.43051e-05,7.15256e-05,1
8725,8730,8727.5,1.43051e-05,7.15256e-05,1
8735,8740,8737.5,1.43051e-05,7.15256e-05,1
8740,8745,8742.5,1.43051e-05,7.15256e-05,1
8750,8755,8752.5,2.86103e-05,0.000143051,2
8760,8765,8762.5,2.86103e-05,0.000143051,2
8775,8780,8777.5,1.43051e-05,7.15256e-05,1
8785,8790,8787.5,1.43051e-05,7.15256e-05,1
8810,8815,8812.5,1.43051e-05,7.15256e-05,1
8815,8820,8817.5,2.86103e-05,0.000143051,2
8830,8835,8832.5,2.86103e-05,0.000143051,2
8850,8855,8852.5,1.43051e-05,7.15256e-05,1
8860,8865,8862.5,1.43051e-05,7.15256e-05,1
8865,8870,8867.5,1.43051e-05,7.15256e-05,1
8870,8875,8872.5,1.43051e-05,7.15256e-05,1
8880,8885,8882.5,1.43051e-05,7.15256e-05,1
8895,8900,8897.5,1.43051e-05,7.15256e-05,1
8900,8905,8902.5,1.43051e-05,7.15256e-05,1
8910,8915,8912.5,2.86103e-05,0.000143051,2
8915,8920,8917.5,1.43051e-05,7.15256e-05,1
8930,8935,8932.5,1.43051e-05,7.15256e-05,1
8940,8945,8942.5,2.86103e-05,0.000143051,2
8945,8950,8947.5,1.43051e-05,7.15256e-05,1
8950,8955,8952.5,1.43051e-05,7.15256e-05,1
8980,8985,8982.5,1.43051e-05,7.15256e-05,1
8985,8990,8987.5,2.86103e-05,0.000143051,2
8990,8995,8992.5,1.43051e-05,7.15256e-05,1
9000,9005,9002.5,2.86103e-05,0.000143051,2
9005,9010,9007.5,1.43051e-05,7.15256e-05,1
9010,9015,9012.5,4.29154e-05,0.000214577,3
9015,9020,9017.5,4.29154e-05,0.000214577,3
9020,9025,9022.5,1.43051e-05,7.15256e-05,1
9025,9030,9027.5,1.43051e-05,7.15256e-05,1
9040,9045,9042.5,1.43051e-05,7.15256e-05,1
9050,9055,9052.5,2.86103e-05,0.000143051,2
9060,9065,9062.5,1.43051e-05,7.15256e-05,1
9065,9070,9067.5,2.86103e-05,0.000143051,2
9075,9080,9077.5,1.43051e-05,7.15256e-05,1
9085,9090,9087.5,1.43051e-05,7.15256e-05,1
9090,9095,9092.5,1.43051e-05,7.15256e-05,1
9105,9110,9107.5,2.86103e-05,0.000143051,2
9110,9115,9112.5,1.43051e-05,7.15256e-05,1
9120,9125,9122.5,1.43051e-05,7.15256e-05,1
9125,9130,9127.5,2.86103e-05,0.000143051,2
9130,9135,9132.5,1.43051e-05,7.15256e-05,1
9135,9140,9137.5,1.43051e-05,7.15256e-05,1
9160,9165,9162.5,1.43051e-05,7.15256e-05,1
9165,9170,9167.5,1.43051e-05,7.15256e-05,1
9170,9175,9172.5,1.43051e-05,7.15256e-05,1
9180,9185,9182.5,1.43051e-05,7.15256e-05,1
9185,9190,9187.5,1.43051e-05,7.15256e-05,1
9205,9210,9207.5,1.43051e-05,7.15256e-05,1
9215,9220,9217.5,1.43051e-05,7.15256e-05,1
9230,9235,9232.5,1.43051e-05,7.15256e-05,1
9250,9255,9252.5,2.86103e-05,0.000143051,2
9265,9270,9267.5,1.43051e-05,7.15256e-05,1
9270,9275,9272.5,1.43051e-05,7.15256e-05,1
9280,9285,9282.5,2.86103e-05,0.000143051,2
9285,9290,9287.5,2.86103e-05,0.000143051,2
9305,9310,9307.5,1.43051e-05,7.15256e-05,1
9330,9335,9332.5,1.43051e-05,7.15256e-05,1
9335,9340,9337.5,1.43051e-05,7.15256e-05,1
9355,9360,9357.5,1.43051e-05,7.15256e-05,1
9360,9365,9362.5,2.86103e-05,0.000143051,2
9380,9385,9382.5,1.43051e-05,7.15256e-05,1
9390,9395,9392.5,1.43051e-05,7.15256e-05,1
9395,9400,9397.5,2.86103e-05,0.000143051,2
9405,9410,9407.5,1.43051e-05,7.15256e-05,1
9445,9450,9447.5,1.43051e-05,7.15256e-05,1
9465,9470,9467.5,1.43051e-05,7.15256e-05,1
9470,9475,9472.5,1.43051e-05,7.15256e-05,1
9475,9480,9477.5,1.43051e-05,7.15256e-05,1
9495,9500,9497.5,1.43051e-05,7.15256e-05,1
9505,9510,9507.5,2.86103e-05,0.000143051,2
9515,9520,9517.5,1.43051e-05,7.15256e-05,1
9530,9535,9532.5,2.86103e-05,0.000143051,2
9540,9545,9542.5,1.43051e-05,7.15256e-05,1
9580,9585,9582.5,1.43051e-05,7.15256e-05,1
9585,9590,9587.5,1.43051e-05,7.15256e-05,1
9590,9595,9592.5,2.86103e-05,0.000143051,2
9595,9600,9597.5,2.86103e-05,0.000143051,2
9600,9605,9602.5,2.86103e-05,0.000143051,2
9605,9610,9607.5,1.43051e-05,7.15256e-05,1
9615,9620,9617.5,1.43051e-05,7.15256e-05,1
9670,9675,9672.5,2.86103e-05,0.000143051,2
9675,9680,9677.5,1.43051e-05,7.15256e-05,1
9685,9690,9687.5,1.43051e-05,7.15256e-05,1
9690,9695,9692.5,2.86103e-05,0.000143051,2
9695,9700,9697.5,2.86103e-05,0.000143051,2
9700,9705,9702.5,1.43051e-05,7.15256e-05,1
9715,9720,9717.5,1.43051e-05,7.15256e-05,1
9725,9730,9727.5,1.43051e-05,7.15256e-05,1
9730,9735,9732.5,1.43051e-05,7.15256e-05,1
9765,9770,9767.5,1.43051e-05,7.15256e-05,1
9770,9775,9772.5,1.43051e-05,7.15256e-05,1
9780,9785,9782.5,2.86103e-05,0.000143051,2
9795,9800,9797.5,1.43051e-05,7.15256e-05,1
9800,9805,9802.5,2.86103e-05,0.000143051,2
9805,9810,9807.5,2.86103e-05,0.000143051,2
9815,9820,9817.5,1.43051e-05,7.15256e-05,1
9820,9825,9822.5,1.43051e-05,7.15256e-05,1
9825,9830,9827.5,2.86103e-05,0.000143051,2
9830,9835,9832.5,1.43051e-05,7.15256e-05,1
9845,9850,9847.5,1.43051e-05,7.15256e-05,1
9850,9855,9852.5,1.43051e-05,7.15256e-05,1
9855,9860,9857.5,1.43051e-05,7.15256e-05,1
9860,9865,9862.5,1.43051e-05,7.15256e-05,1
9865,9870,9867.5,1.43051e-05,7.15256e-05,1
9875,9880,9877.5,1.43051e-05,7.15256e-05,1
9880,9885,9882.5,2.86103e-05,0.000143051,2
9885,9890,9887.5,1.43051e-05,7.15256e-05,1
9890,9895,9892.5,1.43051e-05,7.15256e-05,1
9900,9905,9902.5,1.43051e-05,7.15256e-05,1
9910,9915,9912.5,1.43051e-05,7.15256e-05,1
9920,9925,9922.5,1.43051e-05,7.15256e-05,1
9925,9930,9927.5,1.43051e-05,7.15256e-05,1
9930,9935,9932.5,2.86103e-05,0.000143051,2
9935,9940,9937.5,1.43051e-05,7.15256e-05,1
9945,9950,9947.5,1.43051e-05,7.15256e-05,1
9965,9970,9967.5,1.43051e-05,7.15256e-05,1
9970,9975,9972.5,1.43051e-05,7.15256e-05,1
9980,9985,9982.5,1.43051e-05,7.15256e-05,1
9995,10000,9997.5,1.43051e-05,7.15256e-05,1
10025,10030,10027.5,2.86103e-05,0.000143051,2
10035,10040,10037.5,1.43051e-05,7.15256e-05,1
10055,10060,10057.5,1.43051e-05,7.15256e-05,1
10060,10065,10062.5,2.86103e-05,0.000143051,2
10080,10085,10082.5,1.43051e-05,7.15256e-05,1
10090,10095,10092.5,1.43051e-05,7.15256e-05,1
10095,10100,10097.5,1.43051e-05,7.15256e-05,1
10100,10105,10102.5,1.43051e-05,7.15256e-05,1
10125,10130,10127.5,1.43051e-05,7.15256e-05,1
10130,10135,10132.5,1.43051e-05,7.15256e-05,1
10140,10145,10142.5,1.43051e-05,7.15256e-05,1
10160,10165,10162.5,1.43051e-05,7.15256e-05,1
10165,10170,10167.5,1.43051e-05,7.15256e-05,1
10175,10180,10177.5,1.43051e-05,7.15256e-05,1
10180,10185,10182.5,1.43051e-05,7.15256e-05,1
10190,10195,10192.5,2.86103e-05,0.000143051,2
10195,10200,10197.5,1.43051e-05,7.15256e-05,1
10230,10235,10232.5,1.43051e-05,7.15256e-05,1
10245,10250,10247.5,4.29154e-05,0.000214577,3
10260,10265,10262.5,1.43051e-05,7.15256e-05,1
10265,10270,10267.5,1.43051e-05,7.15256e-05,1
10275,10280,10277.5,1.43051e-05,7.15256e-05,1
10290,10295,10292.5,1.43051e-05,7.15256e-05,1
10300,10305,10302.5,1.43051e-05,7.15256e-05,1
10310,10315,10312.5,1.43051e-05,7.15256e-05,1
10330,10335,10332.5,1.43051e-05,7.15256e-05,1
10335,10340,10337.5,4.29154e-05,0.000214577,3
10345,10350,10347.5,2.86103e-05,0.000143051,2
10350,10355,10352.5,1.43051e-05,7.15256e-05,1
10355,10360,10357.5,1.43051e-05,7.15256e-05,1
10410,10415,10412.5,1.43051e-05,7.15256e-05,1
10420,10425,10422.5,1.43051e-05,7.15256e-05,1
10435,10440,10437.5,2.86103e-05,0.000143051,2
10440,10445,10442.5,1.43051e-05,7.15256e-05,1
10460,10465,10462.5,1.43051e-05,7.15256e-05,1
10465,10470,10467.5,1.43051e-05,7.15256e-05,1
10470,10475,10472.5,1.43051e-05,7.15256e-05,1
10475,10480,10477.5,1.43051e-05,7.15256e-05,1
10485,10490,10487.5,2.86103e-05,0.000143051,2
10505,10510,10507.5,1.43051e-05,7.15256e-05,1
10515,10520,10517.5,2.86103e-05,0.000143051,2
10545,10550,10547.5,1.43051e-05,7.15256e-05,1
10570,10575,10572.5,2.86103e-05,0.000143051,2
10575,10580,10577.5,1.43051e-05,7.15256e-05,1
10580,10585,10582.5,2.86103e-05,0.000143051,2
10585,10590,10587.5,1.43051e-05,7.15256e-05,1
10590,10595,10592.5,2.86103e-05,0.000143051,2
10595,10600,10597.5,1.43051e-05,7.15256e-05,1
10610,10615,10612.5,1.43051e-05,7.15256e-05,1
10630,10635,10632.5,1.43051e-05,7.15256e-05,1
10635,10640,10637.5,1.43051e-05,7.15256e-05,1
10650,10655,10652.5,1.43051e-05,7.15256e-05,1
10655,10660,10657.5,1.43051e-05,7.15256e-05,1
10685,10690,10687.5,2.86103e-05,0.000143051,2
10695,10700,10697.5,1.43051e-05,7.15256e-05,1
10700,10705,10702.5,1.43051e-05,7.15256e-05,1
10710,10715,10712.5,1.43051e-05,7.15256e-05,1
10720,10725,10722.5,1.43051e-05,7.15256e-05,1
10730,10735,10732.5,1.43051e-05,7.15256e-05,1
10740,10745,10742.5,1.43051e-05,7.15256e-05,1
10760,10765,10762.5,1.43051e-05,7.15256e-05,1
10765,10770,10767.5,1.43051e-05,7.15256e-05,1
10785,10790,10787.5,2.86103e-05,0.000143051,2
10810,10815,10812.5,1.43051e-05,7.15256e-05,1
10835,10840,10837.5,1.43051e-05,7.15256e-05,1
10850,10855,10852.5,1.43051e-05,7.15256e-05,1
10885,10890,10887.5,1.43051e-05,7.15256e-05,1
10900,10905,10902.5,2.86103e-05,0.000143051,2
10910,10915,10912.5,1.43051e-05,7.15256e-05,1
10930,10935,10932.5,1.43051e-05,7.15256e-05,1
10945,10950,10947.5,1.43051e-05,7.15256e-05,1
10960,10965,10962.5,2.86103e-05,0.000143051,2
10990,10995,10992.5,1.43051e-05,7.15256e-05,1
11000,11005,11002.5,1.43051e-05,7.15256e-05,1
11010,11015,11012.5,1.43051e-05,7.15256e-05,1
11040,11045,11042.5,1.43051e-05,7.15256e-05,1
11115,11120,11117.5,1.43051e-05,7.15256e-05,1
11125,11130,11127.5,1.43051e-05,7.15256e-05,1
11145,11150,11147.5,1.43051e-05,7.15256e-05,1
11160,11165,11162.5,1.43051e-05,7.15256e-05,1
11165,11170,11167.5,1.43051e-05,7.15256e-05,1
11175,11180,11177.5,1.43051e-05,7.15256e-05,1
11180,11185,11182.5,1.43051e-05,7.15256e-05,1
11195,11200,11197.5,1.43051e-05,7.15256e-05,1
11215,11220,11217.5,1.43051e-05,7.15256e-05,1
11220,11225,11222.5,1.43051e-05,7.15256e-05,1
11230,11235,11232.5,1.43051e-05,7.15256e-05,1
11235,11240,11237.5,1.43051e-05,7.15256e-05,1
11240,11245,11242.5,1.43051e-05,7.15256e-05,1
11260,11265,11262.5,2.86103e-05,0.000143051,2
11275,11280,11277.5,1.43051e-05,7.15256e-05,1
11280,11285,11282.5,1.43051e-05,7.15256e-05,1
11295,11300,11297.5,1.43051e-05,7.15256e-05,1
11305,11310,11307.5,1.43051e-05,7.15256e-05,1
11325,11330,11327.5,1.43051e-05,7.15256e-05,1
11340,11345,11342.5,1.43051e-05,7.15256e-05,1
11345,11350,11347.5,1.43051e-05,7.15256e-05,1
11350,11355,11352.5,1.43051e-05,7.15256e-05,1
11355,11360,11357.5,1.43051e-05,7.15256e-05,1
11365,11370,11367.5,1.43051e-05,7.15256e-05,1
11380,11385,11382.5,1.43051e-05,7.15256e-05,1
11385,11390,11387.5,1.43051e-05,7.15256e-05,1
11405,11410,11407.5,2.86103e-05,0.000143051,2
11410,11415,11412.5,1.43051e-05,7.15256e-05,1
11430,11435,11432.5,1.43051e-05,7.15256e-05,1
11455,11460,11457.5,1.43051e-05,7.15256e-05,1
11460,11465,11462.5,1.43051e-05,7.15256e-05,1
11475,11480,11477.5,2.86103e-05,0.000143051,2
11490,11495,11492.5,1.43051e-05,7.15256e-05,1
11500,11505,11502.5,1.43051e-05,7.15256e-05,1
11515,11520,11517.5,1.43051e-05,7.15256e-05,1
11560,11565,11562.5,1.43051e-05,7.15256e-05,1
11580,11585,11582.5,2.86103e-05,0.000143051,2
11630,11635,11632.5,2.86103e-05,0.000143051,2
11675,11680,11677.5,1.43051e-05,7.15256e-05,1
11690,11695,11692.5,2.86103e-05,0.000143051,2
11705,11710,11707.5,1.43051e-05,7.15256e-05,1
11745,11750,11747.5,2.86103e-05,0.000143051,2
11755,11760,11757.5,1.43051e-05,7.15256e-05,1
11775,11780,11777.5,1.43051e-05,7.15256e-05,1
11785,11790,11787.5,2.86103e-05,0.000143051,2
11825,11830,11827.5,1.43051e-05,7.15256e-05,1
11840,11845,11842.5,1.43051e-05,7.15256e-05,1
11850,11855,11852.5,1.43051e-05,7.15256e-05,1
11855,11860,11857.5,1.43051e-05,7.15256e-05,1
11875,11880,11877.5,2.86103e-05,0.000143051,2
11880,11885,11882.5,1.43051e-05,7.15256e-05,1
11900,11905,11902.5,1.43051e-05,7.15256e-05,1
11945,11950,11947.5,1.43051e-05,7.15256e-05,1
11955,11960,11957.5,1.43051e-05,7.15256e-05,1
11960,11965,11962.5,1.43051e-05,7.15256e-05,1
11965,11970,11967.5,2.86103e-05,0.000143051,2
11970,11975,11972.5,1.43051e-05,7.15256e-05,1
11985,11990,11987.5,1.43051e-05,7.15256e-05,1
12000,12005,12002.5,1.43051e-05,7.15256e-05,1
12020,12025,12022.5,1.43051e-05,7.15256e-05,1
12035,12040,12037.5,1.43051e-05,7.15256e-05,1
12040,12045,12042.5,1.43051e-05,7.15256e-05,1
12055,12060,12057.5,1.43051e-05,7.15256e-05,1
12060,12065,12062.5,2.86103e-05,0.000143051,2
12065,12070,12067.5,1.43051e-05,7.15256e-05,1
12075,12080,12077.5,1.43051e-05,7.15256e-05,1
12080,12085,12082.5,1.43051e-05,7.15256e-05,1
12095,12100,12097.5,2.86103e-05,0.000143051,2
12125,12130,12127.5,1.43051e-05,7.15256e-05,1
12160,12165,12162.5,1.43051e-05,7.15256e-05,1
12170,12175,12172.5,1.43051e-05,7.15256e-05,1
12175,12180,12177.5,1.43051e-05,7.15256e-05,1
12275,12280,12277.5,1.43051e-05,7.15256e-05,1
12295,12300,12297.5,1.43051e-05,7.15256e-05,1
12300,12305,12302.5,1.43051e-05,7.15256e-05,1
12380,12385,12382.5,1.43051e-05,7.15256e-05,1
12390,12395,12392.5,1.43051e-05,7.15256e-05,1
12395,12400,12397.5,2.86103e-05,0.000143051,2
12435,12440,12437.5,1.43051e-05,7.15256e-05,1
12445,12450,12447.5,1.43051e-05,7.15256e-05,1
12455,12460,12457.5,2.86103e-05,0.000143051,2
12505,12510,12507.5,1.43051e-05,7.15256e-05,1
12525,12530,12527.5,1.43051e-05,7.15256e-05,1
12535,12540,12537.5,1.43051e-05,7.15256e-05,1
12550,12555,12552.5,1.43051e-05,7.15256e-05,1
12555,12560,12557.5,1.43051e-05,7.15256e-05,1
12560,12565,12562.5,1.43051e-05,7.15256e-05,1
12585,12590,12587.5,1.43051e-05,7.15256e-05,1
12620,12625,12622.5,1.43051e-05,7.15256e-05,1
12660,12665,12662.5,1.43051e-05,7.15256e-05,1
12695,12700,12697.5,1.43051e-05,7.15256e-05,1
12705,12710,12707.5,1.43051e-05,7.15256e-05,1
12740,12745,12742.5,2.86103e-05,0.000143051,2
12750,12755,12752.5,1.43051e-05,7.15256e-05,1
12760,12765,12762.5,1.43051e-05,7.15256e-05,1
12775,12780,12777.5,1.43051e-05,7.15256e-05,1
12805,12810,12807.5,1.43051e-05,7.15256e-05,1
12810,12815,12812.5,1.43051e-05,7.15256e-05,1
12825,12830,12827.5,1.43051e-05,7.15256e-05,1
12830,12835,12832.5,2.86103e-05,0.000143051,2
12835,12840,12837.5,1.43051e-05,7.15256e-05,1
12860,12865,12862.5,2.86103e-05,0.000143051,2
12890,12895,12892.5,1.43051e-05,7.15256e-05,1
12900,12905,12902.5,4.29154e-05,0.000214577,3
12995,13000,12997.5,1.43051e-05,7.15256e-05,1
13025,13030,13027.5,1.43051e-05,7.15256e-05,1
13030,13035,13032.5,2.86103e-05,0.000143051,2
13045,13050,13047.5,1.43051e-05,7.15256e-05,1
13070,13075,13072.5,1.43051e-05,7.15256e-05,1
13080,13085,13082.5,1.43051e-05,7.15256e-05,1
13145,13150,13147.5,1.43051e-05,7.15256e-05,1
13155,13160,13157.5,1.43051e-05,7.15256e-05,1
13180,13185,13182.5,1.43051e-05,7.15256e-05,1
13185,13190,13187.5,5.72205e-05,0.000286103,4
13235,13240,13237.5,1.43051e-05,7.15256e-05,1
13240,13245,13242.5,1.43051e-05,7.15256e-05,1
13325,13330,13327.5,2.86103e-05,0.000143051,2
13340,13345,13342.5,1.43051e-05,7.15256e-05,1
13355,13360,13357.5,2.86103e-05,0.000143051,2
13380,13385,13382.5,1.43051e-05,7.15256e-05,1
13385,13390,13387.5,1.43051e-05,7.15256e-05,1
13420,13425,13422.5,2.86103e-05,0.000143051,2
13450,13455,13452.5,2.86103e-05,0.000143051,2
13465,13470,13467.5,1.43051e-05,7.15256e-05,1
13485,13490,13487.5,1.43051e-05,7.15256e-05,1
13510,13515,13512.5,1.43051e-05,7.15256e-05,1
13535,13540,13537.5,1.43051e-05,7.15256e-05,1
13555,13560,13557.5,2.86103e-05,0.000143051,2
13560,13565,13562.5,1.43051e-05,7.15256e-05,1
13585,13590,13587.5,1.43051e-05,7.15256e-05,1
13620,13625,13622.5,1.43051e-05,7.15256e-05,1
13660,13665,13662.5,2.86103e-05,0.000143051,2
13695,13700,13697.5,1.43051e-05,7.15256e-05,1
13890,13895,13892.5,2.86103e-05,0.000143051,2
13920,13925,13922.5,1.43051e-05,7.15256e-05,1
13940,13945,13942.5,1.43051e-05,7.15256e-05,1
13945,13950,13947.5,1.43051e-05,7.15256e-05,1
13960,13965,13962.5,1.43051e-05,7.15256e-05,1
13990,13995,13992.5,1.43051e-05,7.15256e-05,1
14090,14095,14092.5,1.43051e-05,7.15256e-05,1
14135,14140,14137.5,1.43051e-05,7.15256e-05,1
14140,14145,14142.5,1.43051e-05,7.15256e-05,1
14145,14150,14147.5,1.43051e-05,7.15256e-05,1
14195,14200,14197.5,1.43051e-05,7.15256e-05,1
14245,14250,14247.5,1.43051e-05,7.15256e-05,1
14250,14255,14252.5,1.43051e-05,7.15256e-05,1
14305,14310,14307.5,1.43051e-05,7.15256e-05,1
14315,14320,14317.5,1.43051e-05,7.15256e-05,1
14395,14400,14397.5,1.43051e-05,7.15256e-05,1
14405,14410,14407.5,1.43051e-05,7.15256e-05,1
14440,14445,14442.5,1.43051e-05,7.15256e-05,1
14460,14465,14462.5,1.43051e-05,7.15256e-05,1
14470,14475,14472.5,1.43051e-05,7.15256e-05,1
14520,14525,14522.5,1.43051e-05,7.15256e-05,1
14545,14550,14547.5,1.43051e-05,7.15256e-05,1
14560,14565,14562.5,1.43051e-05,7.15256e-05,1
14595,14600,14597.5,1.43051e-05,7.15256e-05,1
14600,14605,14602.5,1.43051e-05,7.15256e-05,1
14610,14615,14612.5,1.43051e-05,7.15256e-05,1
14625,14630,14627.5,1.43051e-05,7.15256e-05,1
14635,14640,14637.5,1.43051e-05,7.15256e-05,1
14650,14655,14652.5,1.43051e-05,7.15256e-05,1
14740,14745,14742.5,1.43051e-05,7.15256e-05,1
14800,14805,14802.5,1.43051e-05,7.15256e-05,1
14830,14835,14832.5,1.43051e-05,7.15256e-05,1
14840,14845,14842.5,1.43051e-05,7.15256e-05,1
14900,14905,14902.5,1.43051e-05,7.15256e-05,1
14930,14935,14932.5,1.43051e-05,7.15256e-05,1
15040,15045,15042.5,2.86103e-05,0.000143051,2
15100,15105,15102.5,1.43051e-05,7.15256e-05,1
15115,15120,15117.5,1.43051e-05,7.15256e-05,1
15120,15125,15122.5,1.43051e-05,7.15256e-05,1
15140,15145,15142.5,1.43051e-05,7.15256e-05,1
15160,15165,15162.5,2.86103e-05,0.000143051,2
15180,15185,15182.5,1.43051e-05,7.15256e-05,1
15205,15210,15207.5,1.43051e-05,7.15256e-05,1
15215,15220,15217.5,1.43051e-05,7.15256e-05,1
15235,15240,15237.5,1.43051e-05,7.15256e-05,1
15240,15245,15242.5,1.43051e-05,7.15256e-05,1
15285,15290,15287.5,1.43051e-05,7.15256e-05,1
15400,15405,15402.5,1.43051e-05,7.15256e-05,1
15550,15555,15552.5,1.43051e-05,7.15256e-05,1
15580,15585,15582.5,1.43051e-05,7.15256e-05,1
15585,15590,15587.5,1.43051e-05,7.15256e-05,1
15605,15610,15607.5,1.43051e-05,7.15256e-05,1
15615,15620,15617.5,1.43051e-05,7.15256e-05,1
15635,15640,15637.5,1.43051e-05,7.15256e-05,1
15660,15665,15662.5,1.43051e-05,7.15256e-05,1
15950,15955,15952.5,1.43051e-05,7.15256e-05,1
16005,16010,16007.5,1.43051e-05,7.15256e-05,1
16010,16015,16012.5,1.43051e-05,7.15256e-05,1
16015,16020,16017.5,1.43051e-05,7.15256e-05,1
16090,16095,16092.5,1.43051e-05,7.15256e-05,1
16135,16140,16137.5,1.43051e-05,7.15256e-05,1
16185,16190,16187.5,1.43051e-05,7.15256e-05,1
16205,16210,16207.5,1.43051e-05,7.15256e-05,1
16255,16260,16257.5,1.43051e-05,7.15256e-05,1
16275,16280,16277.5,1.43051e-05,7.15256e-05,1
16295,16300,16297.5,1.43051e-05,7.15256e-05,1
16300,16305,16302.5,1.43051e-05,7.15256e-05,1
16355,16360,16357.5,1.43051e-05,7.15256e-05,1
16385,16390,16387.5,1.43051e-05,7.15256e-05,1
16430,16435,16432.5,1.43051e-05,7.15256e-05,1
16445,16450,16447.5,1.43051e-05,7.15256e-05,1
16565,16570,16567.5,1.43051e-05,7.15256e-05,1
16615,16620,16617.5,2.86103e-05,0.000143051,2
16725,16730,16727.5,1.43051e-05,7.15256e-05,1
16735,16740,16737.5,1.43051e-05,7.15256e-05,1
16875,16880,16877.5,1.43051e-05,7.15256e-05,1
16905,16910,16907.5,1.43051e-05,7.15256e-05,1
16910,16915,16912.5,1.43051e-05,7.15256e-05,1
16950,16955,16952.5,1.43051e-05,7.15256e-05,1
16970,16975,16972.5,1.43051e-05,7.15256e-05,1
16975,16980,16977.5,1.43051e-05,7.15256e-05,1
17095,17100,17097.5,1.43051e-05,7.15256e-05,1
17130,17135,17132.5,1.43051e-05,7.15256e-05,1
17150,17155,17152.5,1.43051e-05,7.15256e-05,1
17165,17170,17167.5,1.43051e-05,7.15256e-05,1
17195,17200,17197.5,1.43051e-05,7.15256e-05,1
17205,17210,17207.5,1.43051e-05,7.15256e-05,1
17270,17275,17272.5,1.43051e-05,7.15256e-05,1
17285,17290,17287.5,1.43051e-05,7.15256e-05,1
17300,17305,17302.5,1.43051e-05,7.15256e-05,1
17315,17320,17317.5,1.43051e-05,7.15256e-05,1
17395,17400,17397.5,1.43051e-05,7.15256e-05,1
17440,17445,17442.5,1.43051e-05,7.15256e-05,1
17450,17455,17452.5,1.43051e-05,7.15256e-05,1
17460,17465,17462.5,1.43051e-05,7.15256e-05,1
17505,17510,17507.5,1.43051e-05,7.15256e-05,1
17585,17590,17587.5,1.43051e-05,7.15256e-05,1
17605,17610,17607.5,1.43051e-05,7.15256e-05,1
17655,17660,17657.5,1.43051e-05,7.15256e-05,1
17685,17690,17687.5,1.43051e-05,7.15256e-05,1
17700,17705,17702.5,1.43051e-05,7.15256e-05,1
17715,17720,17717.5,1.43051e-05,7.15256e-05,1
17830,17835,17832.5,2.86103e-05,0.000143051,2
17840,17845,17842.5,1.43051e-05,7.15256e-05,1
17870,17875,17872.5,1.43051e-05,7.15256e-05,1
17950,17955,17952.5,1.43051e-05,7.15256e-05,1
17960,17965,17962.5,1.43051e-05,7.15256e-05,1
18140,18145,18142.5,1.43051e-05,7.15256e-05,1
18225,18230,18227.5,1.43051e-05,7.15256e-05,1
18320,18325,18322.5,1.43051e-05,7.15256e-05,1
18405,18410,18407.5,1.43051e-05,7.15256e-05,1
18510,18515,18512.5,1.43051e-05,7.15256e-05,1
18520,18525,18522.5,1.43051e-05,7.15256e-05,1
18545,18550,18547.5,1.43051e-05,7.15256e-05,1
18555,18560,18557.5,1.43051e-05,7.15256e-05,1
18590,18595,18592.5,1.43051e-05,7.15256e-05,1
18640,18645,18642.5,1.43051e-05,7.15256e-05,1
18660,18665,18662.5,1.43051e-05,7.15256e-05,1
18750,18755,18752.5,1.43051e-05,7.15256e-05,1
18850,18855,18852.5,1.43051e-05,7.15256e-05,1
18945,18950,18947.5,1.43051e-05,7.15256e-05,1
19110,19115,19112.5,1.43051e-05,7.15256e-05,1
19160,19165,19162.5,1.43051e-05,7.15256e-05,1
19220,19225,19222.5,1.43051e-05,7.15256e-05,1
19410,19415,19412.5,1.43051e-05,7.15256e-05,1
19550,19555,19552.5,1.43051e-05,7.15256e-05,1
19660,19665,19662.5,1.43051e-05,7.15256e-05,1
19895,19900,19897.5,1.43051e-05,7.15256e-05,1
19970,19975,19972.5,1.43051e-05,7.15256e-05,1
20130,20135,20132.5,1.43051e-05,7.15256e-05,1
20140,20145,20142.5,1.43051e-05,7.15256e-05,1
20190,20195,20192.5,1.43051e-05,7.15256e-05,1
20195,20200,20197.5,1.43051e-05,7.15256e-05,1
20350,20355,20352.5,1.43051e-05,7.15256e-05,1
20355,20360,20357.5,1.43051e-05,7.15256e-05,1
20375,20380,20377.5,1.43051e-05,7.15256e-05,1
20390,20395,20392.5,1.43051e-05,7.15256e-05,1
20480,20485,20482.5,1.43051e-05,7.15256e-05,1
20525,20530,20527.5,1.43051e-05,7.15256e-05,1
20780,20785,20782.5,1.43051e-05,7.15256e-05,1
20810,20815,20812.5,1.43051e-05,7.15256e-05,1
20910,20915,20912.5,1.43051e-05,7.15256e-05,1
20965,20970,20967.5,1.43051e-05,7.15256e-05,1
21125,21130,21127.5,1.43051e-05,7.15256e-05,1
21150,21155,21152.5,1.43051e-05,7.15256e-05,1
21185,21190,21187.5,1.43051e-05,7.15256e-05,1
21345,21350,21347.5,1.43051e-05,7.15256e-05,1
21415,21420,21417.5,1.43051e-05,7.15256e-05,1
21560,21565,21562.5,1.43051e-05,7.15256e-05,1
21590,21595,21592.5,1.43051e-05,7.15256e-05,1
21600,21605,21602.5,1.43051e-05,7.15256e-05,1
21730,21735,21732.5,1.43051e-05,7.15256e-05,1
21750,21755,21752.5,1.43051e-05,7.15256e-05,1
21790,21795,21792.5,1.43051e-05,7.15256e-05,1
21965,21970,21967.5,1.43051e-05,7.15256e-05,1
22095,22100,22097.5,1.43051e-05,7.15256e-05,1
22115,22120,22117.5,1.43051e-05,7.15256e-05,1
22655,22660,22657.5,1.43051e-05,7.15256e-05,1
22675,22680,22677.5,1.43051e-05,7.15256e-05,1
23020,23025,23022.5,1.43051e-05,7.15256e-05,1
23145,23150,23147.5,1.43051e-05,7.15256e-05,1
23400,23405,23402.5,1.43051e-05,7.15256e-05,1
23475,23480,23477.5,1.43051e-05,7.15256e-05,1
23500,23505,23502.5,1.43051e-05,7.15256e-05,1
23565,23570,23567.5,1.43051e-05,7.15256e-05,1
23810,23815,23812.5,1.43051e-05,7.15256e-05,1
24000,24005,24002.5,1.43051e-05,7.15256e-05,1
24040,24045,24042.5,1.43051e-05,7.15256e-05,1
24155,24160,24157.5,1.43051e-05,7.15256e-05,1
24415,24420,24417.5,1.43051e-05,7.15256e-05,1
24940,24945,24942.5,1.43051e-05,7.15256e-05,1
25020,25025,25022.5,1.43051e-05,7.15256e-05,1
25115,25120,25117.5,1.43051e-05,7.15256e-05,1
25220,25225,25222.5,1.43051e-05,7.15256e-05,1
25295,25300,25297.5,1.43051e-05,7.15256e-05,1
25470,25475,25472.5,1.43051e-05,7.15256e-05,1
25540,25545,25542.5,1.43051e-05,7.15256e-05,1
25655,25660,25657.5,1.43051e-05,7.15256e-05,1
25960,25965,25962.5,1.43051e-05,7.15256e-05,1
26060,26065,26062.5,1.43051e-05,7.15256e-05,1
26130,26135,26132.5,1.43051e-05,7.15256e-05,1
26755,26760,26757.5,1.43051e-05,7.15256e-05,1
26900,26905,26902.5,1.43051e-05,7.15256e-05,1
27140,27145,27142.5,1.43051e-05,7.15256e-05,1
27170,27175,27172.5,1.43051e-05,7.15256e-05,1
27175,27180,27177.5,1.43051e-05,7.15256e-05,1
27385,27390,27387.5,1.43051e-05,7.15256e-05,1
28300,28305,28302.5,1.43051e-05,7.15256e-05,1
28825,28830,28827.5,1.43051e-05,7.15256e-05,1
28860,28865,28862.5,1.43051e-05,7.15256e-05,1
29235,29240,29237.5,1.43051e-05,7.15256e-05,1
29895,29900,29897.5,1.43051e-05,7.15256e-05,1
30115,30120,30117.5,1.43051e-05,7.15256e-05,1
32600,32605,32602.5,1.43051e-05,7.15256e-05,1
32955,32960,32957.5,1.43051e-05,7.15256e-05,1
33020,33025,33022.5,1.43051e-05,7.15256e-05,1
33175,33180,33177.5,1.43051e-05,7.15256e-05,1
34180,34185,34182.5,1.43051e-05,7.15256e-05,1
34400,34405,34402.5,1.43051e-05,7.15256e-05,1
36515,36520,36517.5,1.43051e-05,7.15256e-05,1
36660,36665,36662.5,1.43051e-05,7.15256e-05,1
38795,38800,38797.5,1.43051e-05,7.15256e-05,1
39920,39925,39922.5,1.43051e-05,7.15256e-05,1
VO Delay PDF CSV saved: /home/nathanlo/ns-3.45/scratch/delay_pdf/11be/adaptive_compare_burst/adaptive2_k30_s1_all.csv

P-EDCA STA Delay PDF CSV saved: /home/nathanlo/ns-3.45/scratch/delay_pdf/11be/adaptive_compare_burst/adaptive2_k30_s1.csv
--- EXTENDED_STATS_BEGIN ---
PEDCA_STA_SUCC_COUNT: 13981
PEDCA_STA_FAIL_COUNT: 257
PEDCA_STA_ZERO_RETX: 13966
LEGACY_STA_SUCC_COUNT: 0
LEGACY_STA_FAIL_COUNT: 0
LEGACY_STA_ZERO_RETX: 0
PEDCA_STA_AVG_MAC_DELAY: 2499.67
PEDCA_STA_AVG_QUEUE_DELAY: 2178.18
PEDCA_STA_AVG_ACCESS_DELAY: 321.489
--- EXTENDED_STATS_END ---
