[INFO] std::clog redirected to: /dev/null

--- Per-STA P-EDCA Detail ---
  STA0: DS-CTS=268 S2Entry=268 S2Tx=151 PedcaOK=137 EdcaOK=281 FailCTS=10 FailColl=4 FailExp=0 Defer=1
  STA1: DS-CTS=1 S2Entry=1 S2Tx=1 PedcaOK=1 EdcaOK=3 FailCTS=0 FailColl=0 FailExp=0 Defer=0
  STA2: DS-CTS=264 S2Entry=264 S2Tx=169 PedcaOK=147 EdcaOK=212 FailCTS=8 FailColl=14 FailExp=0 Defer=0
  STA3: DS-CTS=1 S2Entry=1 S2Tx=1 PedcaOK=1 EdcaOK=2 FailCTS=0 FailColl=0 FailExp=0 Defer=0
  STA4: DS-CTS=241 S2Entry=241 S2Tx=155 PedcaOK=133 EdcaOK=292 FailCTS=6 FailColl=16 FailExp=0 Defer=0
  STA5: DS-CTS=203 S2Entry=203 S2Tx=123 PedcaOK=110 EdcaOK=421 FailCTS=5 FailColl=8 FailExp=0 Defer=4
  STA6: DS-CTS=286 S2Entry=286 S2Tx=170 PedcaOK=152 EdcaOK=370 FailCTS=7 FailColl=11 FailExp=0 Defer=4
  STA7: DS-CTS=123 S2Entry=123 S2Tx=77 PedcaOK=75 EdcaOK=420 FailCTS=1 FailColl=1 FailExp=0 Defer=0
  STA8: DS-CTS=132 S2Entry=132 S2Tx=90 PedcaOK=86 EdcaOK=262 FailCTS=1 FailColl=3 FailExp=0 Defer=0
  STA9: DS-CTS=306 S2Entry=306 S2Tx=200 PedcaOK=178 EdcaOK=273 FailCTS=7 FailColl=15 FailExp=0 Defer=2
  STA10: DS-CTS=327 S2Entry=327 S2Tx=176 PedcaOK=150 EdcaOK=264 FailCTS=10 FailColl=16 FailExp=0 Defer=5
  STA11: DS-CTS=3 S2Entry=3 S2Tx=3 PedcaOK=3 EdcaOK=2 FailCTS=0 FailColl=0 FailExp=0 Defer=0
  STA12: DS-CTS=97 S2Entry=97 S2Tx=73 PedcaOK=70 EdcaOK=557 FailCTS=2 FailColl=1 FailExp=0 Defer=0
  STA13: DS-CTS=212 S2Entry=212 S2Tx=156 PedcaOK=141 EdcaOK=408 FailCTS=6 FailColl=9 FailExp=0 Defer=16
  STA14: DS-CTS=240 S2Entry=240 S2Tx=149 PedcaOK=138 EdcaOK=348 FailCTS=3 FailColl=8 FailExp=0 Defer=0
  STA15: DS-CTS=181 S2Entry=181 S2Tx=113 PedcaOK=108 EdcaOK=356 FailCTS=1 FailColl=4 FailExp=0 Defer=2
  STA16: DS-CTS=40 S2Entry=40 S2Tx=31 PedcaOK=29 EdcaOK=683 FailCTS=0 FailColl=2 FailExp=0 Defer=0
  STA17: DS-CTS=205 S2Entry=205 S2Tx=138 PedcaOK=125 EdcaOK=372 FailCTS=5 FailColl=8 FailExp=0 Defer=0
  STA18: DS-CTS=234 S2Entry=234 S2Tx=148 PedcaOK=122 EdcaOK=191 FailCTS=15 FailColl=11 FailExp=0 Defer=0
  STA19: DS-CTS=132 S2Entry=132 S2Tx=76 PedcaOK=70 EdcaOK=419 FailCTS=3 FailColl=3 FailExp=0 Defer=10
  STA20: DS-CTS=240 S2Entry=240 S2Tx=138 PedcaOK=122 EdcaOK=177 FailCTS=3 FailColl=13 FailExp=0 Defer=15
  STA21: DS-CTS=2 S2Entry=2 S2Tx=2 PedcaOK=2 EdcaOK=1 FailCTS=0 FailColl=0 FailExp=0 Defer=0
  STA22: DS-CTS=244 S2Entry=244 S2Tx=161 PedcaOK=137 EdcaOK=236 FailCTS=10 FailColl=14 FailExp=0 Defer=8
  STA23: DS-CTS=30 S2Entry=30 S2Tx=12 PedcaOK=12 EdcaOK=735 FailCTS=0 FailColl=0 FailExp=0 Defer=0
  STA24: DS-CTS=342 S2Entry=342 S2Tx=192 PedcaOK=170 EdcaOK=268 FailCTS=7 FailColl=15 FailExp=0 Defer=0
  STA25: DS-CTS=86 S2Entry=86 S2Tx=52 PedcaOK=49 EdcaOK=641 FailCTS=2 FailColl=1 FailExp=0 Defer=3
  STA26: DS-CTS=228 S2Entry=228 S2Tx=134 PedcaOK=115 EdcaOK=125 FailCTS=8 FailColl=11 FailExp=0 Defer=5
  STA27: DS-CTS=204 S2Entry=204 S2Tx=128 PedcaOK=110 EdcaOK=356 FailCTS=6 FailColl=12 FailExp=0 Defer=10
  STA28: DS-CTS=185 S2Entry=185 S2Tx=128 PedcaOK=118 EdcaOK=438 FailCTS=3 FailColl=7 FailExp=0 Defer=1
  STA29: DS-CTS=198 S2Entry=198 S2Tx=129 PedcaOK=112 EdcaOK=143 FailCTS=7 FailColl=10 FailExp=0 Defer=0

=== General Statistics ===
P-EDCA Ratio: 1
P-EDCA STAs: 30/30
P-EDCA Share (Avg Per-STA P-EDCA Tx/Total Tx): 29.6056 %
Avg P-EDCA Attempt Success Rate: 62.4117 %
Global P-EDCA Tx Success: 2923
Global EDCA Tx Success: 9256
Global P-EDCA Attempt (DS-CTS Sent): 5255

--- P-EDCA Detailed Trace ---
Stage 2 Entered: 5255
Stage 2 TX Started: 3276
P-EDCA Fail RTS No CTS: 136
P-EDCA Fail RTS Collision: 217
P-EDCA Fail Timing Expired: 0
P-EDCA Fail Deferral: 86
Total VO TX (P-EDCA+EDCA): 12179
Global P-EDCA Share: 24.0003 %
Global EDCA Share: 75.9997 %
Channel Idle Time (AP): 24.3008 % (1.70106e+06 us / 7e+06 us)
Total Successes:       14277
Total Failures:        685
Total Retransmissions: 23

--- Per-AC Success Statistics ---
AC_BE:
  Successes:         35
  Throughput:        0.04 Mbps
  Packet Loss:       36.3636 %
  Avg Retx/MPDU:     0
  Avg Queue Delay:   -1.59837e+06 us (Enqueue->TxStart)
  Avg Access Delay:  1.69182e+06 us (TxStart->Ack)
  Avg MAC Delay:     93446.7 us (Total: Enqueue->Ack)

AC_VO:
  Successes:         14242
  Throughput:        16.2766 Mbps
  Packet Loss:       4.46099 %
  Avg Retx/MPDU:     0.00161494
  Avg Queue Delay:   2284.36 us (Enqueue->TxStart)
  Avg Access Delay:  342.986 us (TxStart->Ack)
  Avg MAC Delay:     2627.35 us (Total: Enqueue->Ack)

--- Per-AC Failure Statistics ---
AC_BE Failures: 20
AC_VO Failures: 665

--- Failure Reasons by AC ---
  AC_BE EXPIRED_LIFETIME: 20
  AC_VO RETRY_LIMIT: 665


=== Extended P-EDCA vs Legacy Statistics ===

--- [Stat 1] Delay by STA Type ---
P-EDCA STAs (30 STAs):
  Successes:         14242
  Failures:          666
  Throughput:        16.2766 Mbps
  Packet Loss:       4.4674 %
  Avg Queue Delay:   2284.36 us
  Avg Access Delay:  342.986 us
  Avg MAC Delay:     2627.35 us
  Median MAC Delay:  1789 us
  P95 MAC Delay:     7947 us
  P99 MAC Delay:     13226 us
Legacy EDCA STAs (0 STAs):
  Successes:         0
  Failures:          0
  Throughput:        0 Mbps
  Packet Loss:       0 %
  Avg Queue Delay:   0 us
  Avg Access Delay:  0 us
  Avg MAC Delay:     0 us

--- [Stat 2] Per-STA P-EDCA Attempt Count (DS-CTS Sent) ---
  STA0: 268 P-EDCA attempts
  STA1: 1 P-EDCA attempts
  STA2: 264 P-EDCA attempts
  STA3: 1 P-EDCA attempts
  STA4: 241 P-EDCA attempts
  STA5: 203 P-EDCA attempts
  STA6: 286 P-EDCA attempts
  STA7: 123 P-EDCA attempts
  STA8: 132 P-EDCA attempts
  STA9: 306 P-EDCA attempts
  STA10: 327 P-EDCA attempts
  STA11: 3 P-EDCA attempts
  STA12: 97 P-EDCA attempts
  STA13: 212 P-EDCA attempts
  STA14: 240 P-EDCA attempts
  STA15: 181 P-EDCA attempts
  STA16: 40 P-EDCA attempts
  STA17: 205 P-EDCA attempts
  STA18: 234 P-EDCA attempts
  STA19: 132 P-EDCA attempts
  STA20: 240 P-EDCA attempts
  STA21: 2 P-EDCA attempts
  STA22: 244 P-EDCA attempts
  STA23: 30 P-EDCA attempts
  STA24: 342 P-EDCA attempts
  STA25: 86 P-EDCA attempts
  STA26: 228 P-EDCA attempts
  STA27: 204 P-EDCA attempts
  STA28: 185 P-EDCA attempts
  STA29: 198 P-EDCA attempts
  Total: 5255 P-EDCA attempts across 30 P-EDCA STAs
  Avg per P-EDCA STA: 175.167

--- [Stat 3] P-EDCA One-Shot Success Probability ---
  P-EDCA Success / DS-CTS Sent:      2923 / 5255 = 55.6232 %
  P-EDCA Success / Stage2 TX Started: 2923 / 3276 = 89.2247 %  (given RTS was actually sent)

--- [Stat 4] EDCA One-Shot Success Ratio (0 retransmissions) ---
  Legacy STAs: 0 / 0 = 0 %
  P-EDCA STAs: 14219 / 14242 = 99.8385 %  (MAC-level, includes both P-EDCA and EDCA paths)

--- [Stat 5] P-EDCA Kickback-to-EDCA Probability ---
  Total P-EDCA Failures: 439 / 5255 DS-CTS = 8.35395 %
    RTS No CTS:       136 (2.58801 %)
    RTS Collision:    217 (4.1294 %)
    Timing Expired:   0 (0 %)
    Deferral:         86 (1.63654 %)

--- [Stat 6] P-EDCA RTS Collision Probability ---
  RTS Collision / Stage2 TX Started: 217 / 3276 = 6.62393 %
  RTS Collision / DS-CTS Sent:       217 / 5255 = 4.1294 %

--- [Stat 7] P-EDCA Attempts per Successful P-EDCA TX ---
  DS-CTS Sent / P-EDCA Success: 5255 / 2923 = 1.79781 attempts/success
  Stage2 TX / P-EDCA Success:   3276 / 2923 = 1.12077 RTS/success

--- VO Delay PDF (MAC Delay) ---
bin_start_us,bin_end_us,bin_mid_us,pdf_per_us,probability,count
210,215,212.5,2.80859e-05,0.00014043,2
215,220,217.5,4.21289e-05,0.000210645,3
220,225,222.5,0.000112344,0.000561719,8
225,230,227.5,7.02149e-05,0.000351074,5
230,235,232.5,0.000112344,0.000561719,8
235,240,237.5,7.02149e-05,0.000351074,5
240,245,242.5,9.83008e-05,0.000491504,7
245,250,247.5,0.000126387,0.000631934,9
250,255,252.5,0.000112344,0.000561719,8
255,260,257.5,0.000182559,0.000912793,13
260,265,262.5,0.000126387,0.000631934,9
265,270,267.5,0.000154473,0.000772363,11
270,275,272.5,0.000126387,0.000631934,9
275,280,277.5,0.00014043,0.000702149,10
280,285,282.5,0.00014043,0.000702149,10
285,290,287.5,0.000126387,0.000631934,9
290,295,292.5,0.000196602,0.000983008,14
295,300,297.5,7.02149e-05,0.000351074,5
300,305,302.5,9.83008e-05,0.000491504,7
305,310,307.5,0.000112344,0.000561719,8
310,315,312.5,0.000168516,0.000842578,12
315,320,317.5,9.83008e-05,0.000491504,7
320,325,322.5,0.000154473,0.000772363,11
325,330,327.5,0.000196602,0.000983008,14
330,335,332.5,4.21289e-05,0.000210645,3
335,340,337.5,0.000112344,0.000561719,8
340,345,342.5,0.00119365,0.00596826,85
345,350,347.5,0.00198006,0.00990029,141
350,355,352.5,0.000926836,0.00463418,66
355,360,357.5,0.000589805,0.00294902,42
360,365,362.5,0.00037916,0.0018958,27
365,370,367.5,0.000477461,0.00238731,34
370,375,372.5,0.00051959,0.00259795,37
375,380,377.5,0.000252773,0.00126387,18
380,385,382.5,0.00014043,0.000702149,10
385,390,387.5,0.00014043,0.000702149,10
390,395,392.5,0.000449375,0.00224688,32
395,400,397.5,0.000421289,0.00210645,30
400,405,402.5,0.000393203,0.00196602,28
405,410,407.5,0.000308945,0.00154473,22
410,415,412.5,0.000337031,0.00168516,24
415,420,417.5,0.00037916,0.0018958,27
420,425,422.5,0.000210645,0.00105322,15
425,430,427.5,0.000421289,0.00210645,30
430,435,432.5,0.000365117,0.00182559,26
435,440,437.5,0.000280859,0.0014043,20
440,445,442.5,0.000435332,0.00217666,31
445,450,447.5,0.000168516,0.000842578,12
450,455,452.5,0.0157843,0.0789215,1124
455,460,457.5,0.000337031,0.00168516,24
460,465,462.5,0.000238731,0.00119365,17
465,470,467.5,0.000365117,0.00182559,26
470,475,472.5,0.000294902,0.00147451,21
475,480,477.5,0.000365117,0.00182559,26
480,485,482.5,0.000210645,0.00105322,15
485,490,487.5,0.000308945,0.00154473,22
490,495,492.5,0.00051959,0.00259795,37
495,500,497.5,0.000477461,0.00238731,34
500,505,502.5,0.000337031,0.00168516,24
505,510,507.5,0.000365117,0.00182559,26
510,515,512.5,0.000266816,0.00133408,19
515,520,517.5,0.000407246,0.00203623,29
520,525,522.5,0.000182559,0.000912793,13
525,530,527.5,0.000407246,0.00203623,29
530,535,532.5,0.000252773,0.00126387,18
535,540,537.5,0.000224688,0.00112344,16
540,545,542.5,0.000238731,0.00119365,17
545,550,547.5,0.000238731,0.00119365,17
550,555,552.5,0.000280859,0.0014043,20
555,560,557.5,0.00037916,0.0018958,27
560,565,562.5,0.000491504,0.00245752,35
565,570,567.5,0.000266816,0.00133408,19
570,575,572.5,0.00037916,0.0018958,27
575,580,577.5,0.000266816,0.00133408,19
580,585,582.5,0.000491504,0.00245752,35
585,590,587.5,0.000505547,0.00252773,36
590,595,592.5,0.000477461,0.00238731,34
595,600,597.5,0.000266816,0.00133408,19
600,605,602.5,0.00037916,0.0018958,27
605,610,607.5,0.000351074,0.00175537,25
610,615,612.5,0.00037916,0.0018958,27
615,620,617.5,0.000280859,0.0014043,20
620,625,622.5,0.000393203,0.00196602,28
625,630,627.5,0.00037916,0.0018958,27
630,635,632.5,0.000322988,0.00161494,23
635,640,637.5,0.000224688,0.00112344,16
640,645,642.5,0.000337031,0.00168516,24
645,650,647.5,0.000210645,0.00105322,15
650,655,652.5,0.000294902,0.00147451,21
655,660,657.5,0.000365117,0.00182559,26
660,665,662.5,0.000308945,0.00154473,22
665,670,667.5,0.000322988,0.00161494,23
670,675,672.5,0.0039882,0.019941,284
675,680,677.5,0.000294902,0.00147451,21
680,685,682.5,0.000280859,0.0014043,20
685,690,687.5,0.000238731,0.00119365,17
690,695,692.5,0.000280859,0.0014043,20
695,700,697.5,0.000322988,0.00161494,23
700,705,702.5,0.000351074,0.00175537,25
705,710,707.5,0.000294902,0.00147451,21
710,715,712.5,0.000224688,0.00112344,16
715,720,717.5,0.000280859,0.0014043,20
720,725,722.5,0.000308945,0.00154473,22
725,730,727.5,0.000294902,0.00147451,21
730,735,732.5,0.000168516,0.000842578,12
735,740,737.5,0.000238731,0.00119365,17
740,745,742.5,0.000252773,0.00126387,18
745,750,747.5,0.000280859,0.0014043,20
750,755,752.5,0.000365117,0.00182559,26
755,760,757.5,0.000365117,0.00182559,26
760,765,762.5,0.000308945,0.00154473,22
765,770,767.5,0.000337031,0.00168516,24
770,775,772.5,0.000252773,0.00126387,18
775,780,777.5,0.000322988,0.00161494,23
780,785,782.5,0.000533633,0.00266816,38
785,790,787.5,0.000168516,0.000842578,12
790,795,792.5,0.000196602,0.000983008,14
795,800,797.5,0.000280859,0.0014043,20
800,805,802.5,0.000252773,0.00126387,18
805,810,807.5,0.000112344,0.000561719,8
810,815,812.5,0.000168516,0.000842578,12
815,820,817.5,0.000182559,0.000912793,13
820,825,822.5,0.000154473,0.000772363,11
825,830,827.5,0.000210645,0.00105322,15
830,835,832.5,0.000196602,0.000983008,14
835,840,837.5,0.000210645,0.00105322,15
840,845,842.5,0.000112344,0.000561719,8
845,850,847.5,0.000252773,0.00126387,18
850,855,852.5,0.000196602,0.000983008,14
855,860,857.5,0.000182559,0.000912793,13
860,865,862.5,0.000266816,0.00133408,19
865,870,867.5,0.000224688,0.00112344,16
870,875,872.5,0.000168516,0.000842578,12
875,880,877.5,0.000252773,0.00126387,18
880,885,882.5,0.000168516,0.000842578,12
885,890,887.5,0.000252773,0.00126387,18
890,895,892.5,0.000716192,0.00358096,51
895,900,897.5,0.000266816,0.00133408,19
900,905,902.5,0.000154473,0.000772363,11
905,910,907.5,0.000280859,0.0014043,20
910,915,912.5,0.000154473,0.000772363,11
915,920,917.5,0.000182559,0.000912793,13
920,925,922.5,0.000154473,0.000772363,11
925,930,927.5,0.000280859,0.0014043,20
930,935,932.5,0.000182559,0.000912793,13
935,940,937.5,0.000210645,0.00105322,15
940,945,942.5,0.00014043,0.000702149,10
945,950,947.5,0.000154473,0.000772363,11
950,955,952.5,0.000224688,0.00112344,16
955,960,957.5,0.000210645,0.00105322,15
960,965,962.5,0.000210645,0.00105322,15
965,970,967.5,0.000252773,0.00126387,18
970,975,972.5,0.000168516,0.000842578,12
975,980,977.5,0.000196602,0.000983008,14
980,985,982.5,0.000322988,0.00161494,23
985,990,987.5,0.000182559,0.000912793,13
990,995,992.5,0.00037916,0.0018958,27
995,1000,997.5,0.000252773,0.00126387,18
1000,1005,1002.5,0.000210645,0.00105322,15
1005,1010,1007.5,0.000210645,0.00105322,15
1010,1015,1012.5,0.000238731,0.00119365,17
1015,1020,1017.5,0.000322988,0.00161494,23
1020,1025,1022.5,0.000407246,0.00203623,29
1025,1030,1027.5,0.000112344,0.000561719,8
1030,1035,1032.5,0.000351074,0.00175537,25
1035,1040,1037.5,0.000266816,0.00133408,19
1040,1045,1042.5,0.000224688,0.00112344,16
1045,1050,1047.5,0.000210645,0.00105322,15
1050,1055,1052.5,0.000280859,0.0014043,20
1055,1060,1057.5,0.000224688,0.00112344,16
1060,1065,1062.5,0.000294902,0.00147451,21
1065,1070,1067.5,0.000351074,0.00175537,25
1070,1075,1072.5,0.000266816,0.00133408,19
1075,1080,1077.5,0.000477461,0.00238731,34
1080,1085,1082.5,0.000210645,0.00105322,15
1085,1090,1087.5,0.000224688,0.00112344,16
1090,1095,1092.5,0.000351074,0.00175537,25
1095,1100,1097.5,0.000224688,0.00112344,16
1100,1105,1102.5,0.000224688,0.00112344,16
1105,1110,1107.5,0.000126387,0.000631934,9
1110,1115,1112.5,0.000337031,0.00168516,24
1115,1120,1117.5,0.000351074,0.00175537,25
1120,1125,1122.5,0.000294902,0.00147451,21
1125,1130,1127.5,0.000294902,0.00147451,21
1130,1135,1132.5,0.000280859,0.0014043,20
1135,1140,1137.5,0.000322988,0.00161494,23
1140,1145,1142.5,0.000224688,0.00112344,16
1145,1150,1147.5,0.000308945,0.00154473,22
1150,1155,1152.5,0.000266816,0.00133408,19
1155,1160,1157.5,0.000393203,0.00196602,28
1160,1165,1162.5,0.000337031,0.00168516,24
1165,1170,1167.5,0.000196602,0.000983008,14
1170,1175,1172.5,0.000196602,0.000983008,14
1175,1180,1177.5,0.000252773,0.00126387,18
1180,1185,1182.5,0.000266816,0.00133408,19
1185,1190,1187.5,0.000182559,0.000912793,13
1190,1195,1192.5,0.000196602,0.000983008,14
1195,1200,1197.5,0.000154473,0.000772363,11
1200,1205,1202.5,0.000252773,0.00126387,18
1205,1210,1207.5,0.00014043,0.000702149,10
1210,1215,1212.5,0.000266816,0.00133408,19
1215,1220,1217.5,0.000224688,0.00112344,16
1220,1225,1222.5,0.000252773,0.00126387,18
1225,1230,1227.5,0.000126387,0.000631934,9
1230,1235,1232.5,0.000224688,0.00112344,16
1235,1240,1237.5,0.000224688,0.00112344,16
1240,1245,1242.5,0.000112344,0.000561719,8
1245,1250,1247.5,0.000280859,0.0014043,20
1250,1255,1252.5,0.000351074,0.00175537,25
1255,1260,1257.5,0.000393203,0.00196602,28
1260,1265,1262.5,0.000210645,0.00105322,15
1265,1270,1267.5,0.000182559,0.000912793,13
1270,1275,1272.5,0.000280859,0.0014043,20
1275,1280,1277.5,0.000224688,0.00112344,16
1280,1285,1282.5,0.000252773,0.00126387,18
1285,1290,1287.5,0.000238731,0.00119365,17
1290,1295,1292.5,0.000252773,0.00126387,18
1295,1300,1297.5,0.000210645,0.00105322,15
1300,1305,1302.5,0.000224688,0.00112344,16
1305,1310,1307.5,0.000280859,0.0014043,20
1310,1315,1312.5,0.000182559,0.000912793,13
1315,1320,1317.5,0.000154473,0.000772363,11
1320,1325,1322.5,0.000266816,0.00133408,19
1325,1330,1327.5,0.000238731,0.00119365,17
1330,1335,1332.5,0.000224688,0.00112344,16
1335,1340,1337.5,0.000126387,0.000631934,9
1340,1345,1342.5,0.000294902,0.00147451,21
1345,1350,1347.5,0.000210645,0.00105322,15
1350,1355,1352.5,0.000294902,0.00147451,21
1355,1360,1357.5,0.000252773,0.00126387,18
1360,1365,1362.5,0.000182559,0.000912793,13
1365,1370,1367.5,0.000266816,0.00133408,19
1370,1375,1372.5,0.000266816,0.00133408,19
1375,1380,1377.5,0.000238731,0.00119365,17
1380,1385,1382.5,0.000238731,0.00119365,17
1385,1390,1387.5,0.000252773,0.00126387,18
1390,1395,1392.5,0.000266816,0.00133408,19
1395,1400,1397.5,0.000224688,0.00112344,16
1400,1405,1402.5,0.000154473,0.000772363,11
1405,1410,1407.5,0.000196602,0.000983008,14
1410,1415,1412.5,0.000351074,0.00175537,25
1415,1420,1417.5,0.000126387,0.000631934,9
1420,1425,1422.5,0.000112344,0.000561719,8
1425,1430,1427.5,0.000280859,0.0014043,20
1430,1435,1432.5,0.000252773,0.00126387,18
1435,1440,1437.5,0.000238731,0.00119365,17
1440,1445,1442.5,0.000210645,0.00105322,15
1445,1450,1447.5,0.000308945,0.00154473,22
1450,1455,1452.5,0.000154473,0.000772363,11
1455,1460,1457.5,0.000210645,0.00105322,15
1460,1465,1462.5,0.000252773,0.00126387,18
1465,1470,1467.5,0.000266816,0.00133408,19
1470,1475,1472.5,0.000182559,0.000912793,13
1475,1480,1477.5,0.000238731,0.00119365,17
1480,1485,1482.5,9.83008e-05,0.000491504,7
1485,1490,1487.5,0.000182559,0.000912793,13
1490,1495,1492.5,0.000168516,0.000842578,12
1495,1500,1497.5,0.00014043,0.000702149,10
1500,1505,1502.5,0.000210645,0.00105322,15
1505,1510,1507.5,8.42578e-05,0.000421289,6
1510,1515,1512.5,0.000182559,0.000912793,13
1515,1520,1517.5,0.000168516,0.000842578,12
1520,1525,1522.5,0.000238731,0.00119365,17
1525,1530,1527.5,0.000196602,0.000983008,14
1530,1535,1532.5,0.000224688,0.00112344,16
1535,1540,1537.5,0.000252773,0.00126387,18
1540,1545,1542.5,0.000154473,0.000772363,11
1545,1550,1547.5,0.000266816,0.00133408,19
1550,1555,1552.5,0.000154473,0.000772363,11
1555,1560,1557.5,0.000154473,0.000772363,11
1560,1565,1562.5,0.00014043,0.000702149,10
1565,1570,1567.5,0.000168516,0.000842578,12
1570,1575,1572.5,0.000210645,0.00105322,15
1575,1580,1577.5,0.00014043,0.000702149,10
1580,1585,1582.5,0.000196602,0.000983008,14
1585,1590,1587.5,0.000252773,0.00126387,18
1590,1595,1592.5,0.000210645,0.00105322,15
1595,1600,1597.5,0.00014043,0.000702149,10
1600,1605,1602.5,0.000126387,0.000631934,9
1605,1610,1607.5,0.000294902,0.00147451,21
1610,1615,1612.5,0.000168516,0.000842578,12
1615,1620,1617.5,0.000238731,0.00119365,17
1620,1625,1622.5,0.000238731,0.00119365,17
1625,1630,1627.5,0.000196602,0.000983008,14
1630,1635,1632.5,0.000224688,0.00112344,16
1635,1640,1637.5,0.000182559,0.000912793,13
1640,1645,1642.5,0.000294902,0.00147451,21
1645,1650,1647.5,0.00014043,0.000702149,10
1650,1655,1652.5,0.000168516,0.000842578,12
1655,1660,1657.5,0.000308945,0.00154473,22
1660,1665,1662.5,0.000196602,0.000983008,14
1665,1670,1667.5,0.000224688,0.00112344,16
1670,1675,1672.5,0.000182559,0.000912793,13
1675,1680,1677.5,0.000266816,0.00133408,19
1680,1685,1682.5,0.000210645,0.00105322,15
1685,1690,1687.5,0.000182559,0.000912793,13
1690,1695,1692.5,0.000154473,0.000772363,11
1695,1700,1697.5,0.000252773,0.00126387,18
1700,1705,1702.5,0.000238731,0.00119365,17
1705,1710,1707.5,0.000224688,0.00112344,16
1710,1715,1712.5,0.000168516,0.000842578,12
1715,1720,1717.5,0.000266816,0.00133408,19
1720,1725,1722.5,0.000182559,0.000912793,13
1725,1730,1727.5,0.000224688,0.00112344,16
1730,1735,1732.5,0.000280859,0.0014043,20
1735,1740,1737.5,0.000210645,0.00105322,15
1740,1745,1742.5,0.000182559,0.000912793,13
1745,1750,1747.5,0.000294902,0.00147451,21
1750,1755,1752.5,0.000126387,0.000631934,9
1755,1760,1757.5,0.000224688,0.00112344,16
1760,1765,1762.5,0.000154473,0.000772363,11
1765,1770,1767.5,0.000182559,0.000912793,13
1770,1775,1772.5,0.000280859,0.0014043,20
1775,1780,1777.5,0.000182559,0.000912793,13
1780,1785,1782.5,0.000126387,0.000631934,9
1785,1790,1787.5,0.000224688,0.00112344,16
1790,1795,1792.5,0.000168516,0.000842578,12
1795,1800,1797.5,0.000154473,0.000772363,11
1800,1805,1802.5,0.000224688,0.00112344,16
1805,1810,1807.5,0.000266816,0.00133408,19
1810,1815,1812.5,0.000154473,0.000772363,11
1815,1820,1817.5,0.000168516,0.000842578,12
1820,1825,1822.5,0.000210645,0.00105322,15
1825,1830,1827.5,0.000210645,0.00105322,15
1830,1835,1832.5,8.42578e-05,0.000421289,6
1835,1840,1837.5,0.000126387,0.000631934,9
1840,1845,1842.5,0.00014043,0.000702149,10
1845,1850,1847.5,0.000182559,0.000912793,13
1850,1855,1852.5,0.000126387,0.000631934,9
1855,1860,1857.5,0.000168516,0.000842578,12
1860,1865,1862.5,0.000210645,0.00105322,15
1865,1870,1867.5,0.000224688,0.00112344,16
1870,1875,1872.5,0.00014043,0.000702149,10
1875,1880,1877.5,0.000154473,0.000772363,11
1880,1885,1882.5,0.00014043,0.000702149,10
1885,1890,1887.5,0.000252773,0.00126387,18
1890,1895,1892.5,0.000224688,0.00112344,16
1895,1900,1897.5,0.000196602,0.000983008,14
1900,1905,1902.5,0.00014043,0.000702149,10
1905,1910,1907.5,9.83008e-05,0.000491504,7
1910,1915,1912.5,0.000182559,0.000912793,13
1915,1920,1917.5,0.000252773,0.00126387,18
1920,1925,1922.5,0.000168516,0.000842578,12
1925,1930,1927.5,0.000154473,0.000772363,11
1930,1935,1932.5,0.000182559,0.000912793,13
1935,1940,1937.5,9.83008e-05,0.000491504,7
1940,1945,1942.5,0.000196602,0.000983008,14
1945,1950,1947.5,0.000126387,0.000631934,9
1950,1955,1952.5,7.02149e-05,0.000351074,5
1955,1960,1957.5,0.000154473,0.000772363,11
1960,1965,1962.5,0.000210645,0.00105322,15
1965,1970,1967.5,7.02149e-05,0.000351074,5
1970,1975,1972.5,0.000154473,0.000772363,11
1975,1980,1977.5,0.000210645,0.00105322,15
1980,1985,1982.5,0.000168516,0.000842578,12
1985,1990,1987.5,9.83008e-05,0.000491504,7
1990,1995,1992.5,0.000196602,0.000983008,14
1995,2000,1997.5,0.000210645,0.00105322,15
2000,2005,2002.5,0.000196602,0.000983008,14
2005,2010,2007.5,0.000196602,0.000983008,14
2010,2015,2012.5,9.83008e-05,0.000491504,7
2015,2020,2017.5,8.42578e-05,0.000421289,6
2020,2025,2022.5,0.000280859,0.0014043,20
2025,2030,2027.5,0.000126387,0.000631934,9
2030,2035,2032.5,0.000196602,0.000983008,14
2035,2040,2037.5,0.000266816,0.00133408,19
2040,2045,2042.5,0.000224688,0.00112344,16
2045,2050,2047.5,0.000154473,0.000772363,11
2050,2055,2052.5,0.000210645,0.00105322,15
2055,2060,2057.5,0.000196602,0.000983008,14
2060,2065,2062.5,0.000210645,0.00105322,15
2065,2070,2067.5,0.000168516,0.000842578,12
2070,2075,2072.5,0.000280859,0.0014043,20
2075,2080,2077.5,8.42578e-05,0.000421289,6
2080,2085,2082.5,0.000210645,0.00105322,15
2085,2090,2087.5,0.00014043,0.000702149,10
2090,2095,2092.5,0.000210645,0.00105322,15
2095,2100,2097.5,0.000112344,0.000561719,8
2100,2105,2102.5,0.00014043,0.000702149,10
2105,2110,2107.5,7.02149e-05,0.000351074,5
2110,2115,2112.5,9.83008e-05,0.000491504,7
2115,2120,2117.5,0.000182559,0.000912793,13
2120,2125,2122.5,0.000154473,0.000772363,11
2125,2130,2127.5,0.000182559,0.000912793,13
2130,2135,2132.5,0.000154473,0.000772363,11
2135,2140,2137.5,0.000224688,0.00112344,16
2140,2145,2142.5,0.000294902,0.00147451,21
2145,2150,2147.5,0.000182559,0.000912793,13
2150,2155,2152.5,0.000196602,0.000983008,14
2155,2160,2157.5,0.000224688,0.00112344,16
2160,2165,2162.5,0.000182559,0.000912793,13
2165,2170,2167.5,0.000168516,0.000842578,12
2170,2175,2172.5,0.000154473,0.000772363,11
2175,2180,2177.5,8.42578e-05,0.000421289,6
2180,2185,2182.5,0.000126387,0.000631934,9
2185,2190,2187.5,0.000154473,0.000772363,11
2190,2195,2192.5,0.000182559,0.000912793,13
2195,2200,2197.5,0.000252773,0.00126387,18
2200,2205,2202.5,9.83008e-05,0.000491504,7
2205,2210,2207.5,0.000154473,0.000772363,11
2210,2215,2212.5,0.000210645,0.00105322,15
2215,2220,2217.5,0.000112344,0.000561719,8
2220,2225,2222.5,0.000154473,0.000772363,11
2225,2230,2227.5,0.000168516,0.000842578,12
2230,2235,2232.5,8.42578e-05,0.000421289,6
2235,2240,2237.5,0.000112344,0.000561719,8
2240,2245,2242.5,0.00014043,0.000702149,10
2245,2250,2247.5,0.000196602,0.000983008,14
2250,2255,2252.5,0.000182559,0.000912793,13
2255,2260,2257.5,0.000238731,0.00119365,17
2260,2265,2262.5,0.000126387,0.000631934,9
2265,2270,2267.5,0.000168516,0.000842578,12
2270,2275,2272.5,0.000126387,0.000631934,9
2275,2280,2277.5,0.00014043,0.000702149,10
2280,2285,2282.5,0.00014043,0.000702149,10
2285,2290,2287.5,0.000196602,0.000983008,14
2290,2295,2292.5,0.000196602,0.000983008,14
2295,2300,2297.5,9.83008e-05,0.000491504,7
2300,2305,2302.5,0.000112344,0.000561719,8
2305,2310,2307.5,8.42578e-05,0.000421289,6
2310,2315,2312.5,0.000196602,0.000983008,14
2315,2320,2317.5,0.000126387,0.000631934,9
2320,2325,2322.5,0.000154473,0.000772363,11
2325,2330,2327.5,0.00014043,0.000702149,10
2330,2335,2332.5,0.000280859,0.0014043,20
2335,2340,2337.5,0.00014043,0.000702149,10
2340,2345,2342.5,9.83008e-05,0.000491504,7
2345,2350,2347.5,0.000154473,0.000772363,11
2350,2355,2352.5,0.00014043,0.000702149,10
2355,2360,2357.5,0.000196602,0.000983008,14
2360,2365,2362.5,0.000126387,0.000631934,9
2365,2370,2367.5,0.00014043,0.000702149,10
2370,2375,2372.5,0.000154473,0.000772363,11
2375,2380,2377.5,0.000196602,0.000983008,14
2380,2385,2382.5,0.000112344,0.000561719,8
2385,2390,2387.5,0.000182559,0.000912793,13
2390,2395,2392.5,0.000112344,0.000561719,8
2395,2400,2397.5,0.000266816,0.00133408,19
2400,2405,2402.5,0.000182559,0.000912793,13
2405,2410,2407.5,0.000154473,0.000772363,11
2410,2415,2412.5,0.000154473,0.000772363,11
2415,2420,2417.5,8.42578e-05,0.000421289,6
2420,2425,2422.5,0.000126387,0.000631934,9
2425,2430,2427.5,7.02149e-05,0.000351074,5
2430,2435,2432.5,0.00014043,0.000702149,10
2435,2440,2437.5,0.000182559,0.000912793,13
2440,2445,2442.5,0.000154473,0.000772363,11
2445,2450,2447.5,0.000196602,0.000983008,14
2450,2455,2452.5,0.000126387,0.000631934,9
2455,2460,2457.5,0.00014043,0.000702149,10
2460,2465,2462.5,0.00014043,0.000702149,10
2465,2470,2467.5,0.00014043,0.000702149,10
2470,2475,2472.5,0.000154473,0.000772363,11
2475,2480,2477.5,8.42578e-05,0.000421289,6
2480,2485,2482.5,0.000112344,0.000561719,8
2485,2490,2487.5,0.000168516,0.000842578,12
2490,2495,2492.5,0.000182559,0.000912793,13
2495,2500,2497.5,0.000196602,0.000983008,14
2500,2505,2502.5,0.000126387,0.000631934,9
2505,2510,2507.5,0.000126387,0.000631934,9
2510,2515,2512.5,0.000154473,0.000772363,11
2515,2520,2517.5,0.000154473,0.000772363,11
2520,2525,2522.5,0.000168516,0.000842578,12
2525,2530,2527.5,0.000112344,0.000561719,8
2530,2535,2532.5,0.000196602,0.000983008,14
2535,2540,2537.5,0.00014043,0.000702149,10
2540,2545,2542.5,0.000154473,0.000772363,11
2545,2550,2547.5,0.000126387,0.000631934,9
2550,2555,2552.5,0.000154473,0.000772363,11
2555,2560,2557.5,0.000196602,0.000983008,14
2560,2565,2562.5,0.00014043,0.000702149,10
2565,2570,2567.5,0.000196602,0.000983008,14
2570,2575,2572.5,0.000126387,0.000631934,9
2575,2580,2577.5,8.42578e-05,0.000421289,6
2580,2585,2582.5,0.000182559,0.000912793,13
2585,2590,2587.5,0.000168516,0.000842578,12
2590,2595,2592.5,0.00014043,0.000702149,10
2595,2600,2597.5,0.000168516,0.000842578,12
2600,2605,2602.5,7.02149e-05,0.000351074,5
2605,2610,2607.5,0.000154473,0.000772363,11
2610,2615,2612.5,0.000182559,0.000912793,13
2615,2620,2617.5,0.000126387,0.000631934,9
2620,2625,2622.5,9.83008e-05,0.000491504,7
2625,2630,2627.5,0.000168516,0.000842578,12
2630,2635,2632.5,0.000126387,0.000631934,9
2635,2640,2637.5,5.61719e-05,0.000280859,4
2640,2645,2642.5,0.000112344,0.000561719,8
2645,2650,2647.5,0.000168516,0.000842578,12
2650,2655,2652.5,0.000154473,0.000772363,11
2655,2660,2657.5,0.000182559,0.000912793,13
2660,2665,2662.5,0.000168516,0.000842578,12
2665,2670,2667.5,0.000112344,0.000561719,8
2670,2675,2672.5,0.000168516,0.000842578,12
2675,2680,2677.5,0.000238731,0.00119365,17
2680,2685,2682.5,0.000126387,0.000631934,9
2685,2690,2687.5,0.000168516,0.000842578,12
2690,2695,2692.5,0.00014043,0.000702149,10
2695,2700,2697.5,0.000182559,0.000912793,13
2700,2705,2702.5,0.00014043,0.000702149,10
2705,2710,2707.5,0.00014043,0.000702149,10
2710,2715,2712.5,0.000196602,0.000983008,14
2715,2720,2717.5,0.000112344,0.000561719,8
2720,2725,2722.5,0.00014043,0.000702149,10
2725,2730,2727.5,0.000182559,0.000912793,13
2730,2735,2732.5,8.42578e-05,0.000421289,6
2735,2740,2737.5,0.00014043,0.000702149,10
2740,2745,2742.5,0.000112344,0.000561719,8
2745,2750,2747.5,8.42578e-05,0.000421289,6
2750,2755,2752.5,0.00014043,0.000702149,10
2755,2760,2757.5,9.83008e-05,0.000491504,7
2760,2765,2762.5,0.000168516,0.000842578,12
2765,2770,2767.5,0.000112344,0.000561719,8
2770,2775,2772.5,8.42578e-05,0.000421289,6
2775,2780,2777.5,0.000182559,0.000912793,13
2780,2785,2782.5,0.000126387,0.000631934,9
2785,2790,2787.5,0.000182559,0.000912793,13
2790,2795,2792.5,0.000126387,0.000631934,9
2795,2800,2797.5,7.02149e-05,0.000351074,5
2800,2805,2802.5,0.000112344,0.000561719,8
2805,2810,2807.5,8.42578e-05,0.000421289,6
2810,2815,2812.5,0.000182559,0.000912793,13
2815,2820,2817.5,0.000112344,0.000561719,8
2820,2825,2822.5,0.000126387,0.000631934,9
2825,2830,2827.5,0.000112344,0.000561719,8
2830,2835,2832.5,0.000168516,0.000842578,12
2835,2840,2837.5,9.83008e-05,0.000491504,7
2840,2845,2842.5,0.000126387,0.000631934,9
2845,2850,2847.5,0.000126387,0.000631934,9
2850,2855,2852.5,0.000112344,0.000561719,8
2855,2860,2857.5,0.000168516,0.000842578,12
2860,2865,2862.5,8.42578e-05,0.000421289,6
2865,2870,2867.5,0.000168516,0.000842578,12
2870,2875,2872.5,0.000112344,0.000561719,8
2875,2880,2877.5,0.000112344,0.000561719,8
2880,2885,2882.5,0.00014043,0.000702149,10
2885,2890,2887.5,0.000168516,0.000842578,12
2890,2895,2892.5,0.000308945,0.00154473,22
2895,2900,2897.5,7.02149e-05,0.000351074,5
2900,2905,2902.5,0.000112344,0.000561719,8
2905,2910,2907.5,0.000224688,0.00112344,16
2910,2915,2912.5,0.000126387,0.000631934,9
2915,2920,2917.5,0.00014043,0.000702149,10
2920,2925,2922.5,0.000182559,0.000912793,13
2925,2930,2927.5,7.02149e-05,0.000351074,5
2930,2935,2932.5,0.000112344,0.000561719,8
2935,2940,2937.5,9.83008e-05,0.000491504,7
2940,2945,2942.5,0.000182559,0.000912793,13
2945,2950,2947.5,0.000112344,0.000561719,8
2950,2955,2952.5,0.000154473,0.000772363,11
2955,2960,2957.5,0.00014043,0.000702149,10
2960,2965,2962.5,0.000154473,0.000772363,11
2965,2970,2967.5,9.83008e-05,0.000491504,7
2970,2975,2972.5,8.42578e-05,0.000421289,6
2975,2980,2977.5,0.00014043,0.000702149,10
2980,2985,2982.5,8.42578e-05,0.000421289,6
2985,2990,2987.5,0.000182559,0.000912793,13
2990,2995,2992.5,0.000126387,0.000631934,9
2995,3000,2997.5,0.000126387,0.000631934,9
3000,3005,3002.5,0.000168516,0.000842578,12
3005,3010,3007.5,0.000154473,0.000772363,11
3010,3015,3012.5,0.00014043,0.000702149,10
3015,3020,3017.5,7.02149e-05,0.000351074,5
3020,3025,3022.5,0.000126387,0.000631934,9
3025,3030,3027.5,0.000154473,0.000772363,11
3030,3035,3032.5,0.000126387,0.000631934,9
3035,3040,3037.5,9.83008e-05,0.000491504,7
3040,3045,3042.5,7.02149e-05,0.000351074,5
3045,3050,3047.5,0.000168516,0.000842578,12
3050,3055,3052.5,8.42578e-05,0.000421289,6
3055,3060,3057.5,8.42578e-05,0.000421289,6
3060,3065,3062.5,0.000224688,0.00112344,16
3065,3070,3067.5,0.00014043,0.000702149,10
3070,3075,3072.5,0.000182559,0.000912793,13
3075,3080,3077.5,9.83008e-05,0.000491504,7
3080,3085,3082.5,0.00014043,0.000702149,10
3085,3090,3087.5,0.00014043,0.000702149,10
3090,3095,3092.5,0.000126387,0.000631934,9
3095,3100,3097.5,0.000112344,0.000561719,8
3100,3105,3102.5,9.83008e-05,0.000491504,7
3105,3110,3107.5,0.000154473,0.000772363,11
3110,3115,3112.5,8.42578e-05,0.000421289,6
3115,3120,3117.5,0.000210645,0.00105322,15
3120,3125,3122.5,5.61719e-05,0.000280859,4
3125,3130,3127.5,0.00014043,0.000702149,10
3130,3135,3132.5,7.02149e-05,0.000351074,5
3135,3140,3137.5,5.61719e-05,0.000280859,4
3140,3145,3142.5,8.42578e-05,0.000421289,6
3145,3150,3147.5,0.000154473,0.000772363,11
3150,3155,3152.5,7.02149e-05,0.000351074,5
3155,3160,3157.5,0.000126387,0.000631934,9
3160,3165,3162.5,0.000154473,0.000772363,11
3165,3170,3167.5,9.83008e-05,0.000491504,7
3170,3175,3172.5,0.000112344,0.000561719,8
3175,3180,3177.5,9.83008e-05,0.000491504,7
3180,3185,3182.5,0.000126387,0.000631934,9
3185,3190,3187.5,0.000154473,0.000772363,11
3190,3195,3192.5,8.42578e-05,0.000421289,6
3195,3200,3197.5,5.61719e-05,0.000280859,4
3200,3205,3202.5,8.42578e-05,0.000421289,6
3205,3210,3207.5,0.000168516,0.000842578,12
3210,3215,3212.5,0.000126387,0.000631934,9
3215,3220,3217.5,9.83008e-05,0.000491504,7
3220,3225,3222.5,0.000126387,0.000631934,9
3225,3230,3227.5,0.000196602,0.000983008,14
3230,3235,3232.5,7.02149e-05,0.000351074,5
3235,3240,3237.5,0.000168516,0.000842578,12
3240,3245,3242.5,8.42578e-05,0.000421289,6
3245,3250,3247.5,4.21289e-05,0.000210645,3
3250,3255,3252.5,0.000154473,0.000772363,11
3255,3260,3257.5,0.000210645,0.00105322,15
3260,3265,3262.5,0.000112344,0.000561719,8
3265,3270,3267.5,0.00014043,0.000702149,10
3270,3275,3272.5,0.000126387,0.000631934,9
3275,3280,3277.5,0.000154473,0.000772363,11
3280,3285,3282.5,7.02149e-05,0.000351074,5
3285,3290,3287.5,0.000112344,0.000561719,8
3290,3295,3292.5,5.61719e-05,0.000280859,4
3295,3300,3297.5,0.00014043,0.000702149,10
3300,3305,3302.5,9.83008e-05,0.000491504,7
3305,3310,3307.5,7.02149e-05,0.000351074,5
3310,3315,3312.5,7.02149e-05,0.000351074,5
3315,3320,3317.5,0.000112344,0.000561719,8
3320,3325,3322.5,7.02149e-05,0.000351074,5
3325,3330,3327.5,0.000196602,0.000983008,14
3330,3335,3332.5,7.02149e-05,0.000351074,5
3335,3340,3337.5,5.61719e-05,0.000280859,4
3340,3345,3342.5,0.000154473,0.000772363,11
3345,3350,3347.5,0.00014043,0.000702149,10
3350,3355,3352.5,2.80859e-05,0.00014043,2
3355,3360,3357.5,0.000112344,0.000561719,8
3360,3365,3362.5,5.61719e-05,0.000280859,4
3365,3370,3367.5,7.02149e-05,0.000351074,5
3370,3375,3372.5,0.000112344,0.000561719,8
3375,3380,3377.5,9.83008e-05,0.000491504,7
3380,3385,3382.5,0.000154473,0.000772363,11
3385,3390,3387.5,0.00014043,0.000702149,10
3390,3395,3392.5,5.61719e-05,0.000280859,4
3395,3400,3397.5,8.42578e-05,0.000421289,6
3400,3405,3402.5,0.000126387,0.000631934,9
3405,3410,3407.5,8.42578e-05,0.000421289,6
3410,3415,3412.5,0.000126387,0.000631934,9
3415,3420,3417.5,0.000168516,0.000842578,12
3420,3425,3422.5,9.83008e-05,0.000491504,7
3425,3430,3427.5,8.42578e-05,0.000421289,6
3430,3435,3432.5,0.000126387,0.000631934,9
3435,3440,3437.5,0.000112344,0.000561719,8
3440,3445,3442.5,0.000112344,0.000561719,8
3445,3450,3447.5,0.00014043,0.000702149,10
3450,3455,3452.5,0.000112344,0.000561719,8
3455,3460,3457.5,0.000112344,0.000561719,8
3460,3465,3462.5,0.000112344,0.000561719,8
3465,3470,3467.5,0.000112344,0.000561719,8
3470,3475,3472.5,0.000126387,0.000631934,9
3475,3480,3477.5,0.00014043,0.000702149,10
3480,3485,3482.5,0.000112344,0.000561719,8
3485,3490,3487.5,0.00014043,0.000702149,10
3490,3495,3492.5,0.000126387,0.000631934,9
3495,3500,3497.5,9.83008e-05,0.000491504,7
3500,3505,3502.5,8.42578e-05,0.000421289,6
3505,3510,3507.5,5.61719e-05,0.000280859,4
3510,3515,3512.5,0.000126387,0.000631934,9
3515,3520,3517.5,0.00014043,0.000702149,10
3520,3525,3522.5,9.83008e-05,0.000491504,7
3525,3530,3527.5,8.42578e-05,0.000421289,6
3530,3535,3532.5,0.000112344,0.000561719,8
3535,3540,3537.5,0.000210645,0.00105322,15
3540,3545,3542.5,0.00014043,0.000702149,10
3545,3550,3547.5,0.000168516,0.000842578,12
3550,3555,3552.5,0.00014043,0.000702149,10
3555,3560,3557.5,0.000112344,0.000561719,8
3560,3565,3562.5,0.000112344,0.000561719,8
3565,3570,3567.5,0.000154473,0.000772363,11
3570,3575,3572.5,9.83008e-05,0.000491504,7
3575,3580,3577.5,8.42578e-05,0.000421289,6
3580,3585,3582.5,9.83008e-05,0.000491504,7
3585,3590,3587.5,0.00014043,0.000702149,10
3590,3595,3592.5,0.00014043,0.000702149,10
3595,3600,3597.5,0.000126387,0.000631934,9
3600,3605,3602.5,8.42578e-05,0.000421289,6
3605,3610,3607.5,0.000154473,0.000772363,11
3610,3615,3612.5,9.83008e-05,0.000491504,7
3615,3620,3617.5,0.000126387,0.000631934,9
3620,3625,3622.5,5.61719e-05,0.000280859,4
3625,3630,3627.5,0.000126387,0.000631934,9
3630,3635,3632.5,5.61719e-05,0.000280859,4
3635,3640,3637.5,0.000112344,0.000561719,8
3640,3645,3642.5,0.000168516,0.000842578,12
3645,3650,3647.5,5.61719e-05,0.000280859,4
3650,3655,3652.5,0.00014043,0.000702149,10
3655,3660,3657.5,0.000126387,0.000631934,9
3660,3665,3662.5,4.21289e-05,0.000210645,3
3665,3670,3667.5,8.42578e-05,0.000421289,6
3670,3675,3672.5,0.000126387,0.000631934,9
3675,3680,3677.5,0.000154473,0.000772363,11
3680,3685,3682.5,7.02149e-05,0.000351074,5
3685,3690,3687.5,8.42578e-05,0.000421289,6
3690,3695,3692.5,0.000112344,0.000561719,8
3695,3700,3697.5,0.000112344,0.000561719,8
3700,3705,3702.5,0.00014043,0.000702149,10
3705,3710,3707.5,0.000112344,0.000561719,8
3710,3715,3712.5,9.83008e-05,0.000491504,7
3715,3720,3717.5,0.000112344,0.000561719,8
3720,3725,3722.5,0.000238731,0.00119365,17
3725,3730,3727.5,0.000126387,0.000631934,9
3730,3735,3732.5,0.000126387,0.000631934,9
3735,3740,3737.5,0.000112344,0.000561719,8
3740,3745,3742.5,7.02149e-05,0.000351074,5
3745,3750,3747.5,0.00014043,0.000702149,10
3750,3755,3752.5,7.02149e-05,0.000351074,5
3755,3760,3757.5,7.02149e-05,0.000351074,5
3760,3765,3762.5,0.00014043,0.000702149,10
3765,3770,3767.5,0.00014043,0.000702149,10
3770,3775,3772.5,0.000112344,0.000561719,8
3775,3780,3777.5,8.42578e-05,0.000421289,6
3780,3785,3782.5,0.000168516,0.000842578,12
3785,3790,3787.5,0.000168516,0.000842578,12
3790,3795,3792.5,5.61719e-05,0.000280859,4
3795,3800,3797.5,9.83008e-05,0.000491504,7
3800,3805,3802.5,0.000126387,0.000631934,9
3805,3810,3807.5,5.61719e-05,0.000280859,4
3810,3815,3812.5,8.42578e-05,0.000421289,6
3815,3820,3817.5,8.42578e-05,0.000421289,6
3820,3825,3822.5,7.02149e-05,0.000351074,5
3825,3830,3827.5,2.80859e-05,0.00014043,2
3830,3835,3832.5,0.00014043,0.000702149,10
3835,3840,3837.5,9.83008e-05,0.000491504,7
3840,3845,3842.5,7.02149e-05,0.000351074,5
3845,3850,3847.5,7.02149e-05,0.000351074,5
3850,3855,3852.5,8.42578e-05,0.000421289,6
3855,3860,3857.5,0.000126387,0.000631934,9
3860,3865,3862.5,7.02149e-05,0.000351074,5
3865,3870,3867.5,5.61719e-05,0.000280859,4
3870,3875,3872.5,9.83008e-05,0.000491504,7
3875,3880,3877.5,8.42578e-05,0.000421289,6
3880,3885,3882.5,9.83008e-05,0.000491504,7
3885,3890,3887.5,7.02149e-05,0.000351074,5
3890,3895,3892.5,0.000126387,0.000631934,9
3895,3900,3897.5,0.000112344,0.000561719,8
3900,3905,3902.5,0.000126387,0.000631934,9
3905,3910,3907.5,2.80859e-05,0.00014043,2
3910,3915,3912.5,0.000182559,0.000912793,13
3915,3920,3917.5,0.000154473,0.000772363,11
3920,3925,3922.5,4.21289e-05,0.000210645,3
3925,3930,3927.5,0.000154473,0.000772363,11
3930,3935,3932.5,9.83008e-05,0.000491504,7
3935,3940,3937.5,9.83008e-05,0.000491504,7
3940,3945,3942.5,0.00014043,0.000702149,10
3945,3950,3947.5,0.00014043,0.000702149,10
3950,3955,3952.5,0.000154473,0.000772363,11
3955,3960,3957.5,8.42578e-05,0.000421289,6
3960,3965,3962.5,0.000168516,0.000842578,12
3965,3970,3967.5,0.000112344,0.000561719,8
3970,3975,3972.5,7.02149e-05,0.000351074,5
3975,3980,3977.5,7.02149e-05,0.000351074,5
3980,3985,3982.5,0.00014043,0.000702149,10
3985,3990,3987.5,7.02149e-05,0.000351074,5
3990,3995,3992.5,0.000112344,0.000561719,8
3995,4000,3997.5,7.02149e-05,0.000351074,5
4000,4005,4002.5,0.000126387,0.000631934,9
4005,4010,4007.5,7.02149e-05,0.000351074,5
4010,4015,4012.5,9.83008e-05,0.000491504,7
4015,4020,4017.5,0.000126387,0.000631934,9
4020,4025,4022.5,0.000126387,0.000631934,9
4025,4030,4027.5,0.000168516,0.000842578,12
4030,4035,4032.5,0.000126387,0.000631934,9
4035,4040,4037.5,7.02149e-05,0.000351074,5
4040,4045,4042.5,0.000168516,0.000842578,12
4045,4050,4047.5,9.83008e-05,0.000491504,7
4050,4055,4052.5,0.000154473,0.000772363,11
4055,4060,4057.5,0.000168516,0.000842578,12
4060,4065,4062.5,0.000168516,0.000842578,12
4065,4070,4067.5,9.83008e-05,0.000491504,7
4070,4075,4072.5,8.42578e-05,0.000421289,6
4075,4080,4077.5,8.42578e-05,0.000421289,6
4080,4085,4082.5,0.000182559,0.000912793,13
4085,4090,4087.5,9.83008e-05,0.000491504,7
4090,4095,4092.5,0.000126387,0.000631934,9
4095,4100,4097.5,0.000196602,0.000983008,14
4100,4105,4102.5,5.61719e-05,0.000280859,4
4105,4110,4107.5,4.21289e-05,0.000210645,3
4110,4115,4112.5,7.02149e-05,0.000351074,5
4115,4120,4117.5,8.42578e-05,0.000421289,6
4120,4125,4122.5,0.000112344,0.000561719,8
4125,4130,4127.5,0.000168516,0.000842578,12
4130,4135,4132.5,4.21289e-05,0.000210645,3
4135,4140,4137.5,8.42578e-05,0.000421289,6
4140,4145,4142.5,7.02149e-05,0.000351074,5
4145,4150,4147.5,7.02149e-05,0.000351074,5
4150,4155,4152.5,0.000112344,0.000561719,8
4155,4160,4157.5,5.61719e-05,0.000280859,4
4160,4165,4162.5,0.000210645,0.00105322,15
4165,4170,4167.5,0.000182559,0.000912793,13
4170,4175,4172.5,0.000154473,0.000772363,11
4175,4180,4177.5,0.000112344,0.000561719,8
4180,4185,4182.5,0.000154473,0.000772363,11
4185,4190,4187.5,0.00014043,0.000702149,10
4190,4195,4192.5,7.02149e-05,0.000351074,5
4195,4200,4197.5,9.83008e-05,0.000491504,7
4200,4205,4202.5,0.000126387,0.000631934,9
4205,4210,4207.5,0.00014043,0.000702149,10
4210,4215,4212.5,8.42578e-05,0.000421289,6
4215,4220,4217.5,9.83008e-05,0.000491504,7
4220,4225,4222.5,5.61719e-05,0.000280859,4
4225,4230,4227.5,9.83008e-05,0.000491504,7
4230,4235,4232.5,0.000126387,0.000631934,9
4235,4240,4237.5,0.000154473,0.000772363,11
4240,4245,4242.5,7.02149e-05,0.000351074,5
4245,4250,4247.5,0.000112344,0.000561719,8
4250,4255,4252.5,9.83008e-05,0.000491504,7
4255,4260,4257.5,9.83008e-05,0.000491504,7
4260,4265,4262.5,0.000182559,0.000912793,13
4265,4270,4267.5,0.000182559,0.000912793,13
4270,4275,4272.5,7.02149e-05,0.000351074,5
4275,4280,4277.5,0.000182559,0.000912793,13
4280,4285,4282.5,9.83008e-05,0.000491504,7
4285,4290,4287.5,0.000126387,0.000631934,9
4290,4295,4292.5,0.000126387,0.000631934,9
4295,4300,4297.5,0.00014043,0.000702149,10
4300,4305,4302.5,8.42578e-05,0.000421289,6
4305,4310,4307.5,0.000112344,0.000561719,8
4310,4315,4312.5,7.02149e-05,0.000351074,5
4315,4320,4317.5,7.02149e-05,0.000351074,5
4320,4325,4322.5,9.83008e-05,0.000491504,7
4325,4330,4327.5,0.000126387,0.000631934,9
4330,4335,4332.5,0.000112344,0.000561719,8
4335,4340,4337.5,8.42578e-05,0.000421289,6
4340,4345,4342.5,9.83008e-05,0.000491504,7
4345,4350,4347.5,2.80859e-05,0.00014043,2
4350,4355,4352.5,5.61719e-05,0.000280859,4
4355,4360,4357.5,8.42578e-05,0.000421289,6
4360,4365,4362.5,8.42578e-05,0.000421289,6
4365,4370,4367.5,2.80859e-05,0.00014043,2
4370,4375,4372.5,8.42578e-05,0.000421289,6
4375,4380,4377.5,4.21289e-05,0.000210645,3
4380,4385,4382.5,0.000112344,0.000561719,8
4385,4390,4387.5,8.42578e-05,0.000421289,6
4390,4395,4392.5,1.4043e-05,7.02149e-05,1
4395,4400,4397.5,0.000112344,0.000561719,8
4400,4405,4402.5,7.02149e-05,0.000351074,5
4405,4410,4407.5,8.42578e-05,0.000421289,6
4410,4415,4412.5,0.000112344,0.000561719,8
4415,4420,4417.5,2.80859e-05,0.00014043,2
4420,4425,4422.5,8.42578e-05,0.000421289,6
4425,4430,4427.5,2.80859e-05,0.00014043,2
4430,4435,4432.5,9.83008e-05,0.000491504,7
4435,4440,4437.5,7.02149e-05,0.000351074,5
4440,4445,4442.5,8.42578e-05,0.000421289,6
4445,4450,4447.5,0.000112344,0.000561719,8
4450,4455,4452.5,2.80859e-05,0.00014043,2
4455,4460,4457.5,7.02149e-05,0.000351074,5
4460,4465,4462.5,5.61719e-05,0.000280859,4
4465,4470,4467.5,0.000126387,0.000631934,9
4470,4475,4472.5,4.21289e-05,0.000210645,3
4475,4480,4477.5,5.61719e-05,0.000280859,4
4480,4485,4482.5,5.61719e-05,0.000280859,4
4485,4490,4487.5,0.00014043,0.000702149,10
4490,4495,4492.5,8.42578e-05,0.000421289,6
4495,4500,4497.5,2.80859e-05,0.00014043,2
4500,4505,4502.5,2.80859e-05,0.00014043,2
4505,4510,4507.5,4.21289e-05,0.000210645,3
4510,4515,4512.5,8.42578e-05,0.000421289,6
4515,4520,4517.5,4.21289e-05,0.000210645,3
4520,4525,4522.5,2.80859e-05,0.00014043,2
4525,4530,4527.5,7.02149e-05,0.000351074,5
4530,4535,4532.5,8.42578e-05,0.000421289,6
4535,4540,4537.5,9.83008e-05,0.000491504,7
4540,4545,4542.5,2.80859e-05,0.00014043,2
4545,4550,4547.5,8.42578e-05,0.000421289,6
4550,4555,4552.5,8.42578e-05,0.000421289,6
4555,4560,4557.5,0.00014043,0.000702149,10
4560,4565,4562.5,2.80859e-05,0.00014043,2
4565,4570,4567.5,5.61719e-05,0.000280859,4
4570,4575,4572.5,2.80859e-05,0.00014043,2
4575,4580,4577.5,5.61719e-05,0.000280859,4
4580,4585,4582.5,1.4043e-05,7.02149e-05,1
4585,4590,4587.5,2.80859e-05,0.00014043,2
4590,4595,4592.5,4.21289e-05,0.000210645,3
4595,4600,4597.5,4.21289e-05,0.000210645,3
4600,4605,4602.5,4.21289e-05,0.000210645,3
4605,4610,4607.5,7.02149e-05,0.000351074,5
4610,4615,4612.5,2.80859e-05,0.00014043,2
4615,4620,4617.5,4.21289e-05,0.000210645,3
4620,4625,4622.5,1.4043e-05,7.02149e-05,1
4625,4630,4627.5,4.21289e-05,0.000210645,3
4630,4635,4632.5,2.80859e-05,0.00014043,2
4635,4640,4637.5,4.21289e-05,0.000210645,3
4640,4645,4642.5,2.80859e-05,0.00014043,2
4645,4650,4647.5,5.61719e-05,0.000280859,4
4650,4655,4652.5,2.80859e-05,0.00014043,2
4655,4660,4657.5,2.80859e-05,0.00014043,2
4660,4665,4662.5,1.4043e-05,7.02149e-05,1
4665,4670,4667.5,2.80859e-05,0.00014043,2
4670,4675,4672.5,2.80859e-05,0.00014043,2
4680,4685,4682.5,5.61719e-05,0.000280859,4
4685,4690,4687.5,4.21289e-05,0.000210645,3
4690,4695,4692.5,4.21289e-05,0.000210645,3
4695,4700,4697.5,8.42578e-05,0.000421289,6
4700,4705,4702.5,4.21289e-05,0.000210645,3
4710,4715,4712.5,7.02149e-05,0.000351074,5
4715,4720,4717.5,1.4043e-05,7.02149e-05,1
4720,4725,4722.5,4.21289e-05,0.000210645,3
4725,4730,4727.5,5.61719e-05,0.000280859,4
4730,4735,4732.5,2.80859e-05,0.00014043,2
4735,4740,4737.5,1.4043e-05,7.02149e-05,1
4745,4750,4747.5,2.80859e-05,0.00014043,2
4755,4760,4757.5,2.80859e-05,0.00014043,2
4760,4765,4762.5,2.80859e-05,0.00014043,2
4770,4775,4772.5,7.02149e-05,0.000351074,5
4775,4780,4777.5,9.83008e-05,0.000491504,7
4780,4785,4782.5,1.4043e-05,7.02149e-05,1
4785,4790,4787.5,2.80859e-05,0.00014043,2
4790,4795,4792.5,5.61719e-05,0.000280859,4
4795,4800,4797.5,1.4043e-05,7.02149e-05,1
4800,4805,4802.5,5.61719e-05,0.000280859,4
4810,4815,4812.5,4.21289e-05,0.000210645,3
4815,4820,4817.5,2.80859e-05,0.00014043,2
4820,4825,4822.5,4.21289e-05,0.000210645,3
4825,4830,4827.5,2.80859e-05,0.00014043,2
4830,4835,4832.5,5.61719e-05,0.000280859,4
4835,4840,4837.5,4.21289e-05,0.000210645,3
4840,4845,4842.5,1.4043e-05,7.02149e-05,1
4845,4850,4847.5,2.80859e-05,0.00014043,2
4850,4855,4852.5,2.80859e-05,0.00014043,2
4855,4860,4857.5,1.4043e-05,7.02149e-05,1
4860,4865,4862.5,5.61719e-05,0.000280859,4
4865,4870,4867.5,1.4043e-05,7.02149e-05,1
4870,4875,4872.5,5.61719e-05,0.000280859,4
4875,4880,4877.5,2.80859e-05,0.00014043,2
4880,4885,4882.5,2.80859e-05,0.00014043,2
4885,4890,4887.5,5.61719e-05,0.000280859,4
4890,4895,4892.5,8.42578e-05,0.000421289,6
4895,4900,4897.5,5.61719e-05,0.000280859,4
4900,4905,4902.5,9.83008e-05,0.000491504,7
4905,4910,4907.5,9.83008e-05,0.000491504,7
4910,4915,4912.5,5.61719e-05,0.000280859,4
4915,4920,4917.5,2.80859e-05,0.00014043,2
4920,4925,4922.5,7.02149e-05,0.000351074,5
4925,4930,4927.5,7.02149e-05,0.000351074,5
4930,4935,4932.5,2.80859e-05,0.00014043,2
4935,4940,4937.5,5.61719e-05,0.000280859,4
4940,4945,4942.5,8.42578e-05,0.000421289,6
4945,4950,4947.5,1.4043e-05,7.02149e-05,1
4950,4955,4952.5,5.61719e-05,0.000280859,4
4955,4960,4957.5,2.80859e-05,0.00014043,2
4960,4965,4962.5,4.21289e-05,0.000210645,3
4965,4970,4967.5,1.4043e-05,7.02149e-05,1
4970,4975,4972.5,2.80859e-05,0.00014043,2
4975,4980,4977.5,5.61719e-05,0.000280859,4
4980,4985,4982.5,5.61719e-05,0.000280859,4
4985,4990,4987.5,4.21289e-05,0.000210645,3
4990,4995,4992.5,1.4043e-05,7.02149e-05,1
4995,5000,4997.5,5.61719e-05,0.000280859,4
5000,5005,5002.5,2.80859e-05,0.00014043,2
5005,5010,5007.5,4.21289e-05,0.000210645,3
5010,5015,5012.5,4.21289e-05,0.000210645,3
5020,5025,5022.5,1.4043e-05,7.02149e-05,1
5025,5030,5027.5,2.80859e-05,0.00014043,2
5030,5035,5032.5,5.61719e-05,0.000280859,4
5035,5040,5037.5,4.21289e-05,0.000210645,3
5040,5045,5042.5,5.61719e-05,0.000280859,4
5045,5050,5047.5,4.21289e-05,0.000210645,3
5055,5060,5057.5,1.4043e-05,7.02149e-05,1
5060,5065,5062.5,4.21289e-05,0.000210645,3
5065,5070,5067.5,5.61719e-05,0.000280859,4
5070,5075,5072.5,1.4043e-05,7.02149e-05,1
5075,5080,5077.5,5.61719e-05,0.000280859,4
5080,5085,5082.5,7.02149e-05,0.000351074,5
5085,5090,5087.5,2.80859e-05,0.00014043,2
5090,5095,5092.5,2.80859e-05,0.00014043,2
5095,5100,5097.5,1.4043e-05,7.02149e-05,1
5100,5105,5102.5,2.80859e-05,0.00014043,2
5105,5110,5107.5,2.80859e-05,0.00014043,2
5110,5115,5112.5,4.21289e-05,0.000210645,3
5115,5120,5117.5,2.80859e-05,0.00014043,2
5120,5125,5122.5,5.61719e-05,0.000280859,4
5125,5130,5127.5,7.02149e-05,0.000351074,5
5130,5135,5132.5,5.61719e-05,0.000280859,4
5135,5140,5137.5,5.61719e-05,0.000280859,4
5140,5145,5142.5,7.02149e-05,0.000351074,5
5145,5150,5147.5,5.61719e-05,0.000280859,4
5150,5155,5152.5,2.80859e-05,0.00014043,2
5155,5160,5157.5,4.21289e-05,0.000210645,3
5160,5165,5162.5,2.80859e-05,0.00014043,2
5165,5170,5167.5,1.4043e-05,7.02149e-05,1
5170,5175,5172.5,7.02149e-05,0.000351074,5
5175,5180,5177.5,8.42578e-05,0.000421289,6
5180,5185,5182.5,4.21289e-05,0.000210645,3
5185,5190,5187.5,1.4043e-05,7.02149e-05,1
5190,5195,5192.5,2.80859e-05,0.00014043,2
5195,5200,5197.5,2.80859e-05,0.00014043,2
5200,5205,5202.5,7.02149e-05,0.000351074,5
5205,5210,5207.5,7.02149e-05,0.000351074,5
5210,5215,5212.5,4.21289e-05,0.000210645,3
5215,5220,5217.5,2.80859e-05,0.00014043,2
5220,5225,5222.5,7.02149e-05,0.000351074,5
5225,5230,5227.5,1.4043e-05,7.02149e-05,1
5230,5235,5232.5,1.4043e-05,7.02149e-05,1
5235,5240,5237.5,2.80859e-05,0.00014043,2
5240,5245,5242.5,9.83008e-05,0.000491504,7
5250,5255,5252.5,8.42578e-05,0.000421289,6
5255,5260,5257.5,5.61719e-05,0.000280859,4
5260,5265,5262.5,4.21289e-05,0.000210645,3
5265,5270,5267.5,1.4043e-05,7.02149e-05,1
5270,5275,5272.5,1.4043e-05,7.02149e-05,1
5275,5280,5277.5,7.02149e-05,0.000351074,5
5280,5285,5282.5,1.4043e-05,7.02149e-05,1
5285,5290,5287.5,4.21289e-05,0.000210645,3
5290,5295,5292.5,1.4043e-05,7.02149e-05,1
5295,5300,5297.5,1.4043e-05,7.02149e-05,1
5300,5305,5302.5,2.80859e-05,0.00014043,2
5305,5310,5307.5,2.80859e-05,0.00014043,2
5310,5315,5312.5,2.80859e-05,0.00014043,2
5315,5320,5317.5,7.02149e-05,0.000351074,5
5320,5325,5322.5,2.80859e-05,0.00014043,2
5325,5330,5327.5,2.80859e-05,0.00014043,2
5330,5335,5332.5,5.61719e-05,0.000280859,4
5335,5340,5337.5,4.21289e-05,0.000210645,3
5340,5345,5342.5,4.21289e-05,0.000210645,3
5350,5355,5352.5,4.21289e-05,0.000210645,3
5355,5360,5357.5,5.61719e-05,0.000280859,4
5360,5365,5362.5,2.80859e-05,0.00014043,2
5365,5370,5367.5,1.4043e-05,7.02149e-05,1
5370,5375,5372.5,1.4043e-05,7.02149e-05,1
5375,5380,5377.5,1.4043e-05,7.02149e-05,1
5380,5385,5382.5,4.21289e-05,0.000210645,3
5385,5390,5387.5,2.80859e-05,0.00014043,2
5390,5395,5392.5,2.80859e-05,0.00014043,2
5395,5400,5397.5,7.02149e-05,0.000351074,5
5400,5405,5402.5,1.4043e-05,7.02149e-05,1
5405,5410,5407.5,4.21289e-05,0.000210645,3
5410,5415,5412.5,1.4043e-05,7.02149e-05,1
5415,5420,5417.5,4.21289e-05,0.000210645,3
5420,5425,5422.5,4.21289e-05,0.000210645,3
5425,5430,5427.5,5.61719e-05,0.000280859,4
5430,5435,5432.5,4.21289e-05,0.000210645,3
5435,5440,5437.5,8.42578e-05,0.000421289,6
5440,5445,5442.5,1.4043e-05,7.02149e-05,1
5450,5455,5452.5,4.21289e-05,0.000210645,3
5455,5460,5457.5,9.83008e-05,0.000491504,7
5460,5465,5462.5,4.21289e-05,0.000210645,3
5465,5470,5467.5,1.4043e-05,7.02149e-05,1
5470,5475,5472.5,5.61719e-05,0.000280859,4
5475,5480,5477.5,4.21289e-05,0.000210645,3
5480,5485,5482.5,1.4043e-05,7.02149e-05,1
5485,5490,5487.5,4.21289e-05,0.000210645,3
5490,5495,5492.5,5.61719e-05,0.000280859,4
5495,5500,5497.5,4.21289e-05,0.000210645,3
5500,5505,5502.5,4.21289e-05,0.000210645,3
5505,5510,5507.5,4.21289e-05,0.000210645,3
5510,5515,5512.5,5.61719e-05,0.000280859,4
5520,5525,5522.5,4.21289e-05,0.000210645,3
5525,5530,5527.5,1.4043e-05,7.02149e-05,1
5530,5535,5532.5,5.61719e-05,0.000280859,4
5535,5540,5537.5,1.4043e-05,7.02149e-05,1
5540,5545,5542.5,2.80859e-05,0.00014043,2
5550,5555,5552.5,2.80859e-05,0.00014043,2
5555,5560,5557.5,4.21289e-05,0.000210645,3
5560,5565,5562.5,2.80859e-05,0.00014043,2
5565,5570,5567.5,2.80859e-05,0.00014043,2
5570,5575,5572.5,2.80859e-05,0.00014043,2
5575,5580,5577.5,0.000112344,0.000561719,8
5580,5585,5582.5,1.4043e-05,7.02149e-05,1
5585,5590,5587.5,2.80859e-05,0.00014043,2
5590,5595,5592.5,2.80859e-05,0.00014043,2
5595,5600,5597.5,7.02149e-05,0.000351074,5
5600,5605,5602.5,1.4043e-05,7.02149e-05,1
5610,5615,5612.5,1.4043e-05,7.02149e-05,1
5615,5620,5617.5,4.21289e-05,0.000210645,3
5620,5625,5622.5,2.80859e-05,0.00014043,2
5625,5630,5627.5,1.4043e-05,7.02149e-05,1
5630,5635,5632.5,5.61719e-05,0.000280859,4
5635,5640,5637.5,5.61719e-05,0.000280859,4
5640,5645,5642.5,4.21289e-05,0.000210645,3
5645,5650,5647.5,1.4043e-05,7.02149e-05,1
5650,5655,5652.5,1.4043e-05,7.02149e-05,1
5655,5660,5657.5,2.80859e-05,0.00014043,2
5660,5665,5662.5,4.21289e-05,0.000210645,3
5675,5680,5677.5,4.21289e-05,0.000210645,3
5680,5685,5682.5,1.4043e-05,7.02149e-05,1
5685,5690,5687.5,2.80859e-05,0.00014043,2
5690,5695,5692.5,4.21289e-05,0.000210645,3
5695,5700,5697.5,1.4043e-05,7.02149e-05,1
5700,5705,5702.5,2.80859e-05,0.00014043,2
5705,5710,5707.5,4.21289e-05,0.000210645,3
5710,5715,5712.5,5.61719e-05,0.000280859,4
5715,5720,5717.5,9.83008e-05,0.000491504,7
5720,5725,5722.5,2.80859e-05,0.00014043,2
5725,5730,5727.5,2.80859e-05,0.00014043,2
5730,5735,5732.5,2.80859e-05,0.00014043,2
5735,5740,5737.5,4.21289e-05,0.000210645,3
5745,5750,5747.5,4.21289e-05,0.000210645,3
5750,5755,5752.5,5.61719e-05,0.000280859,4
5755,5760,5757.5,7.02149e-05,0.000351074,5
5765,5770,5767.5,8.42578e-05,0.000421289,6
5770,5775,5772.5,2.80859e-05,0.00014043,2
5775,5780,5777.5,4.21289e-05,0.000210645,3
5780,5785,5782.5,1.4043e-05,7.02149e-05,1
5785,5790,5787.5,4.21289e-05,0.000210645,3
5790,5795,5792.5,1.4043e-05,7.02149e-05,1
5795,5800,5797.5,7.02149e-05,0.000351074,5
5800,5805,5802.5,4.21289e-05,0.000210645,3
5805,5810,5807.5,4.21289e-05,0.000210645,3
5810,5815,5812.5,7.02149e-05,0.000351074,5
5815,5820,5817.5,5.61719e-05,0.000280859,4
5820,5825,5822.5,9.83008e-05,0.000491504,7
5825,5830,5827.5,1.4043e-05,7.02149e-05,1
5830,5835,5832.5,4.21289e-05,0.000210645,3
5835,5840,5837.5,1.4043e-05,7.02149e-05,1
5845,5850,5847.5,7.02149e-05,0.000351074,5
5850,5855,5852.5,7.02149e-05,0.000351074,5
5855,5860,5857.5,1.4043e-05,7.02149e-05,1
5860,5865,5862.5,5.61719e-05,0.000280859,4
5865,5870,5867.5,7.02149e-05,0.000351074,5
5870,5875,5872.5,4.21289e-05,0.000210645,3
5875,5880,5877.5,5.61719e-05,0.000280859,4
5880,5885,5882.5,4.21289e-05,0.000210645,3
5890,5895,5892.5,2.80859e-05,0.00014043,2
5895,5900,5897.5,2.80859e-05,0.00014043,2
5900,5905,5902.5,1.4043e-05,7.02149e-05,1
5905,5910,5907.5,1.4043e-05,7.02149e-05,1
5910,5915,5912.5,4.21289e-05,0.000210645,3
5915,5920,5917.5,1.4043e-05,7.02149e-05,1
5920,5925,5922.5,7.02149e-05,0.000351074,5
5935,5940,5937.5,5.61719e-05,0.000280859,4
5945,5950,5947.5,4.21289e-05,0.000210645,3
5950,5955,5952.5,4.21289e-05,0.000210645,3
5955,5960,5957.5,4.21289e-05,0.000210645,3
5960,5965,5962.5,2.80859e-05,0.00014043,2
5965,5970,5967.5,2.80859e-05,0.00014043,2
5975,5980,5977.5,4.21289e-05,0.000210645,3
5980,5985,5982.5,2.80859e-05,0.00014043,2
5985,5990,5987.5,2.80859e-05,0.00014043,2
5990,5995,5992.5,2.80859e-05,0.00014043,2
5995,6000,5997.5,2.80859e-05,0.00014043,2
6000,6005,6002.5,5.61719e-05,0.000280859,4
6005,6010,6007.5,1.4043e-05,7.02149e-05,1
6010,6015,6012.5,2.80859e-05,0.00014043,2
6015,6020,6017.5,1.4043e-05,7.02149e-05,1
6020,6025,6022.5,7.02149e-05,0.000351074,5
6025,6030,6027.5,1.4043e-05,7.02149e-05,1
6030,6035,6032.5,8.42578e-05,0.000421289,6
6035,6040,6037.5,2.80859e-05,0.00014043,2
6040,6045,6042.5,2.80859e-05,0.00014043,2
6050,6055,6052.5,4.21289e-05,0.000210645,3
6060,6065,6062.5,7.02149e-05,0.000351074,5
6065,6070,6067.5,5.61719e-05,0.000280859,4
6070,6075,6072.5,1.4043e-05,7.02149e-05,1
6075,6080,6077.5,1.4043e-05,7.02149e-05,1
6080,6085,6082.5,4.21289e-05,0.000210645,3
6085,6090,6087.5,7.02149e-05,0.000351074,5
6090,6095,6092.5,2.80859e-05,0.00014043,2
6095,6100,6097.5,4.21289e-05,0.000210645,3
6100,6105,6102.5,1.4043e-05,7.02149e-05,1
6105,6110,6107.5,2.80859e-05,0.00014043,2
6110,6115,6112.5,2.80859e-05,0.00014043,2
6115,6120,6117.5,5.61719e-05,0.000280859,4
6120,6125,6122.5,7.02149e-05,0.000351074,5
6125,6130,6127.5,2.80859e-05,0.00014043,2
6130,6135,6132.5,1.4043e-05,7.02149e-05,1
6135,6140,6137.5,1.4043e-05,7.02149e-05,1
6140,6145,6142.5,2.80859e-05,0.00014043,2
6145,6150,6147.5,4.21289e-05,0.000210645,3
6150,6155,6152.5,1.4043e-05,7.02149e-05,1
6155,6160,6157.5,4.21289e-05,0.000210645,3
6160,6165,6162.5,2.80859e-05,0.00014043,2
6165,6170,6167.5,1.4043e-05,7.02149e-05,1
6170,6175,6172.5,1.4043e-05,7.02149e-05,1
6175,6180,6177.5,2.80859e-05,0.00014043,2
6180,6185,6182.5,4.21289e-05,0.000210645,3
6185,6190,6187.5,4.21289e-05,0.000210645,3
6190,6195,6192.5,1.4043e-05,7.02149e-05,1
6200,6205,6202.5,2.80859e-05,0.00014043,2
6205,6210,6207.5,2.80859e-05,0.00014043,2
6210,6215,6212.5,2.80859e-05,0.00014043,2
6215,6220,6217.5,2.80859e-05,0.00014043,2
6220,6225,6222.5,5.61719e-05,0.000280859,4
6230,6235,6232.5,4.21289e-05,0.000210645,3
6235,6240,6237.5,2.80859e-05,0.00014043,2
6240,6245,6242.5,2.80859e-05,0.00014043,2
6255,6260,6257.5,1.4043e-05,7.02149e-05,1
6260,6265,6262.5,4.21289e-05,0.000210645,3
6265,6270,6267.5,2.80859e-05,0.00014043,2
6270,6275,6272.5,1.4043e-05,7.02149e-05,1
6275,6280,6277.5,1.4043e-05,7.02149e-05,1
6280,6285,6282.5,1.4043e-05,7.02149e-05,1
6285,6290,6287.5,2.80859e-05,0.00014043,2
6290,6295,6292.5,7.02149e-05,0.000351074,5
6300,6305,6302.5,4.21289e-05,0.000210645,3
6305,6310,6307.5,1.4043e-05,7.02149e-05,1
6310,6315,6312.5,5.61719e-05,0.000280859,4
6315,6320,6317.5,1.4043e-05,7.02149e-05,1
6320,6325,6322.5,4.21289e-05,0.000210645,3
6325,6330,6327.5,2.80859e-05,0.00014043,2
6330,6335,6332.5,1.4043e-05,7.02149e-05,1
6335,6340,6337.5,5.61719e-05,0.000280859,4
6340,6345,6342.5,2.80859e-05,0.00014043,2
6345,6350,6347.5,2.80859e-05,0.00014043,2
6355,6360,6357.5,4.21289e-05,0.000210645,3
6360,6365,6362.5,1.4043e-05,7.02149e-05,1
6365,6370,6367.5,1.4043e-05,7.02149e-05,1
6375,6380,6377.5,2.80859e-05,0.00014043,2
6385,6390,6387.5,7.02149e-05,0.000351074,5
6390,6395,6392.5,2.80859e-05,0.00014043,2
6395,6400,6397.5,2.80859e-05,0.00014043,2
6400,6405,6402.5,2.80859e-05,0.00014043,2
6405,6410,6407.5,2.80859e-05,0.00014043,2
6410,6415,6412.5,4.21289e-05,0.000210645,3
6415,6420,6417.5,1.4043e-05,7.02149e-05,1
6430,6435,6432.5,4.21289e-05,0.000210645,3
6435,6440,6437.5,1.4043e-05,7.02149e-05,1
6440,6445,6442.5,2.80859e-05,0.00014043,2
6445,6450,6447.5,1.4043e-05,7.02149e-05,1
6450,6455,6452.5,2.80859e-05,0.00014043,2
6455,6460,6457.5,5.61719e-05,0.000280859,4
6460,6465,6462.5,2.80859e-05,0.00014043,2
6465,6470,6467.5,1.4043e-05,7.02149e-05,1
6470,6475,6472.5,1.4043e-05,7.02149e-05,1
6475,6480,6477.5,2.80859e-05,0.00014043,2
6480,6485,6482.5,2.80859e-05,0.00014043,2
6485,6490,6487.5,1.4043e-05,7.02149e-05,1
6490,6495,6492.5,1.4043e-05,7.02149e-05,1
6495,6500,6497.5,2.80859e-05,0.00014043,2
6500,6505,6502.5,5.61719e-05,0.000280859,4
6505,6510,6507.5,4.21289e-05,0.000210645,3
6515,6520,6517.5,2.80859e-05,0.00014043,2
6520,6525,6522.5,2.80859e-05,0.00014043,2
6530,6535,6532.5,1.4043e-05,7.02149e-05,1
6535,6540,6537.5,1.4043e-05,7.02149e-05,1
6540,6545,6542.5,4.21289e-05,0.000210645,3
6545,6550,6547.5,4.21289e-05,0.000210645,3
6550,6555,6552.5,1.4043e-05,7.02149e-05,1
6555,6560,6557.5,2.80859e-05,0.00014043,2
6560,6565,6562.5,1.4043e-05,7.02149e-05,1
6565,6570,6567.5,4.21289e-05,0.000210645,3
6570,6575,6572.5,4.21289e-05,0.000210645,3
6575,6580,6577.5,2.80859e-05,0.00014043,2
6580,6585,6582.5,4.21289e-05,0.000210645,3
6585,6590,6587.5,8.42578e-05,0.000421289,6
6590,6595,6592.5,2.80859e-05,0.00014043,2
6595,6600,6597.5,7.02149e-05,0.000351074,5
6600,6605,6602.5,1.4043e-05,7.02149e-05,1
6605,6610,6607.5,4.21289e-05,0.000210645,3
6615,6620,6617.5,5.61719e-05,0.000280859,4
6625,6630,6627.5,1.4043e-05,7.02149e-05,1
6630,6635,6632.5,1.4043e-05,7.02149e-05,1
6635,6640,6637.5,1.4043e-05,7.02149e-05,1
6640,6645,6642.5,1.4043e-05,7.02149e-05,1
6645,6650,6647.5,4.21289e-05,0.000210645,3
6655,6660,6657.5,1.4043e-05,7.02149e-05,1
6660,6665,6662.5,4.21289e-05,0.000210645,3
6665,6670,6667.5,2.80859e-05,0.00014043,2
6670,6675,6672.5,2.80859e-05,0.00014043,2
6675,6680,6677.5,5.61719e-05,0.000280859,4
6680,6685,6682.5,1.4043e-05,7.02149e-05,1
6685,6690,6687.5,2.80859e-05,0.00014043,2
6690,6695,6692.5,4.21289e-05,0.000210645,3
6695,6700,6697.5,2.80859e-05,0.00014043,2
6700,6705,6702.5,1.4043e-05,7.02149e-05,1
6715,6720,6717.5,1.4043e-05,7.02149e-05,1
6720,6725,6722.5,1.4043e-05,7.02149e-05,1
6725,6730,6727.5,2.80859e-05,0.00014043,2
6730,6735,6732.5,2.80859e-05,0.00014043,2
6740,6745,6742.5,2.80859e-05,0.00014043,2
6745,6750,6747.5,1.4043e-05,7.02149e-05,1
6750,6755,6752.5,4.21289e-05,0.000210645,3
6755,6760,6757.5,5.61719e-05,0.000280859,4
6760,6765,6762.5,4.21289e-05,0.000210645,3
6765,6770,6767.5,5.61719e-05,0.000280859,4
6770,6775,6772.5,2.80859e-05,0.00014043,2
6780,6785,6782.5,1.4043e-05,7.02149e-05,1
6785,6790,6787.5,1.4043e-05,7.02149e-05,1
6790,6795,6792.5,2.80859e-05,0.00014043,2
6800,6805,6802.5,4.21289e-05,0.000210645,3
6805,6810,6807.5,2.80859e-05,0.00014043,2
6810,6815,6812.5,5.61719e-05,0.000280859,4
6815,6820,6817.5,1.4043e-05,7.02149e-05,1
6820,6825,6822.5,2.80859e-05,0.00014043,2
6825,6830,6827.5,1.4043e-05,7.02149e-05,1
6835,6840,6837.5,1.4043e-05,7.02149e-05,1
6840,6845,6842.5,1.4043e-05,7.02149e-05,1
6845,6850,6847.5,1.4043e-05,7.02149e-05,1
6850,6855,6852.5,2.80859e-05,0.00014043,2
6855,6860,6857.5,1.4043e-05,7.02149e-05,1
6860,6865,6862.5,1.4043e-05,7.02149e-05,1
6865,6870,6867.5,7.02149e-05,0.000351074,5
6870,6875,6872.5,5.61719e-05,0.000280859,4
6875,6880,6877.5,2.80859e-05,0.00014043,2
6885,6890,6887.5,1.4043e-05,7.02149e-05,1
6895,6900,6897.5,2.80859e-05,0.00014043,2
6900,6905,6902.5,1.4043e-05,7.02149e-05,1
6905,6910,6907.5,4.21289e-05,0.000210645,3
6910,6915,6912.5,1.4043e-05,7.02149e-05,1
6915,6920,6917.5,4.21289e-05,0.000210645,3
6920,6925,6922.5,2.80859e-05,0.00014043,2
6925,6930,6927.5,2.80859e-05,0.00014043,2
6930,6935,6932.5,1.4043e-05,7.02149e-05,1
6935,6940,6937.5,1.4043e-05,7.02149e-05,1
6940,6945,6942.5,2.80859e-05,0.00014043,2
6945,6950,6947.5,5.61719e-05,0.000280859,4
6950,6955,6952.5,4.21289e-05,0.000210645,3
6955,6960,6957.5,2.80859e-05,0.00014043,2
6960,6965,6962.5,2.80859e-05,0.00014043,2
6965,6970,6967.5,7.02149e-05,0.000351074,5
6970,6975,6972.5,1.4043e-05,7.02149e-05,1
6975,6980,6977.5,1.4043e-05,7.02149e-05,1
6980,6985,6982.5,4.21289e-05,0.000210645,3
6985,6990,6987.5,2.80859e-05,0.00014043,2
6990,6995,6992.5,2.80859e-05,0.00014043,2
6995,7000,6997.5,2.80859e-05,0.00014043,2
7000,7005,7002.5,1.4043e-05,7.02149e-05,1
7010,7015,7012.5,1.4043e-05,7.02149e-05,1
7015,7020,7017.5,1.4043e-05,7.02149e-05,1
7020,7025,7022.5,1.4043e-05,7.02149e-05,1
7040,7045,7042.5,2.80859e-05,0.00014043,2
7045,7050,7047.5,1.4043e-05,7.02149e-05,1
7050,7055,7052.5,1.4043e-05,7.02149e-05,1
7055,7060,7057.5,7.02149e-05,0.000351074,5
7060,7065,7062.5,1.4043e-05,7.02149e-05,1
7065,7070,7067.5,1.4043e-05,7.02149e-05,1
7070,7075,7072.5,2.80859e-05,0.00014043,2
7075,7080,7077.5,1.4043e-05,7.02149e-05,1
7085,7090,7087.5,1.4043e-05,7.02149e-05,1
7090,7095,7092.5,1.4043e-05,7.02149e-05,1
7095,7100,7097.5,1.4043e-05,7.02149e-05,1
7100,7105,7102.5,4.21289e-05,0.000210645,3
7115,7120,7117.5,4.21289e-05,0.000210645,3
7120,7125,7122.5,2.80859e-05,0.00014043,2
7130,7135,7132.5,4.21289e-05,0.000210645,3
7135,7140,7137.5,1.4043e-05,7.02149e-05,1
7140,7145,7142.5,2.80859e-05,0.00014043,2
7145,7150,7147.5,5.61719e-05,0.000280859,4
7150,7155,7152.5,1.4043e-05,7.02149e-05,1
7155,7160,7157.5,1.4043e-05,7.02149e-05,1
7160,7165,7162.5,1.4043e-05,7.02149e-05,1
7175,7180,7177.5,1.4043e-05,7.02149e-05,1
7185,7190,7187.5,2.80859e-05,0.00014043,2
7190,7195,7192.5,2.80859e-05,0.00014043,2
7195,7200,7197.5,2.80859e-05,0.00014043,2
7200,7205,7202.5,1.4043e-05,7.02149e-05,1
7205,7210,7207.5,4.21289e-05,0.000210645,3
7210,7215,7212.5,5.61719e-05,0.000280859,4
7220,7225,7222.5,2.80859e-05,0.00014043,2
7225,7230,7227.5,2.80859e-05,0.00014043,2
7230,7235,7232.5,1.4043e-05,7.02149e-05,1
7235,7240,7237.5,5.61719e-05,0.000280859,4
7240,7245,7242.5,1.4043e-05,7.02149e-05,1
7250,7255,7252.5,1.4043e-05,7.02149e-05,1
7255,7260,7257.5,1.4043e-05,7.02149e-05,1
7260,7265,7262.5,1.4043e-05,7.02149e-05,1
7270,7275,7272.5,1.4043e-05,7.02149e-05,1
7275,7280,7277.5,2.80859e-05,0.00014043,2
7280,7285,7282.5,2.80859e-05,0.00014043,2
7285,7290,7287.5,2.80859e-05,0.00014043,2
7290,7295,7292.5,4.21289e-05,0.000210645,3
7300,7305,7302.5,2.80859e-05,0.00014043,2
7305,7310,7307.5,8.42578e-05,0.000421289,6
7310,7315,7312.5,2.80859e-05,0.00014043,2
7315,7320,7317.5,2.80859e-05,0.00014043,2
7320,7325,7322.5,5.61719e-05,0.000280859,4
7330,7335,7332.5,1.4043e-05,7.02149e-05,1
7335,7340,7337.5,2.80859e-05,0.00014043,2
7340,7345,7342.5,2.80859e-05,0.00014043,2
7350,7355,7352.5,1.4043e-05,7.02149e-05,1
7355,7360,7357.5,1.4043e-05,7.02149e-05,1
7360,7365,7362.5,1.4043e-05,7.02149e-05,1
7380,7385,7382.5,2.80859e-05,0.00014043,2
7385,7390,7387.5,1.4043e-05,7.02149e-05,1
7390,7395,7392.5,4.21289e-05,0.000210645,3
7395,7400,7397.5,4.21289e-05,0.000210645,3
7400,7405,7402.5,1.4043e-05,7.02149e-05,1
7410,7415,7412.5,1.4043e-05,7.02149e-05,1
7415,7420,7417.5,1.4043e-05,7.02149e-05,1
7420,7425,7422.5,1.4043e-05,7.02149e-05,1
7425,7430,7427.5,2.80859e-05,0.00014043,2
7430,7435,7432.5,1.4043e-05,7.02149e-05,1
7435,7440,7437.5,2.80859e-05,0.00014043,2
7445,7450,7447.5,1.4043e-05,7.02149e-05,1
7450,7455,7452.5,1.4043e-05,7.02149e-05,1
7465,7470,7467.5,2.80859e-05,0.00014043,2
7470,7475,7472.5,4.21289e-05,0.000210645,3
7475,7480,7477.5,2.80859e-05,0.00014043,2
7480,7485,7482.5,2.80859e-05,0.00014043,2
7495,7500,7497.5,1.4043e-05,7.02149e-05,1
7500,7505,7502.5,1.4043e-05,7.02149e-05,1
7505,7510,7507.5,2.80859e-05,0.00014043,2
7510,7515,7512.5,1.4043e-05,7.02149e-05,1
7515,7520,7517.5,2.80859e-05,0.00014043,2
7520,7525,7522.5,2.80859e-05,0.00014043,2
7525,7530,7527.5,1.4043e-05,7.02149e-05,1
7530,7535,7532.5,1.4043e-05,7.02149e-05,1
7535,7540,7537.5,1.4043e-05,7.02149e-05,1
7540,7545,7542.5,5.61719e-05,0.000280859,4
7545,7550,7547.5,2.80859e-05,0.00014043,2
7550,7555,7552.5,2.80859e-05,0.00014043,2
7555,7560,7557.5,1.4043e-05,7.02149e-05,1
7560,7565,7562.5,1.4043e-05,7.02149e-05,1
7565,7570,7567.5,1.4043e-05,7.02149e-05,1
7570,7575,7572.5,1.4043e-05,7.02149e-05,1
7575,7580,7577.5,1.4043e-05,7.02149e-05,1
7580,7585,7582.5,5.61719e-05,0.000280859,4
7585,7590,7587.5,1.4043e-05,7.02149e-05,1
7590,7595,7592.5,5.61719e-05,0.000280859,4
7595,7600,7597.5,1.4043e-05,7.02149e-05,1
7605,7610,7607.5,2.80859e-05,0.00014043,2
7615,7620,7617.5,2.80859e-05,0.00014043,2
7630,7635,7632.5,1.4043e-05,7.02149e-05,1
7635,7640,7637.5,2.80859e-05,0.00014043,2
7640,7645,7642.5,1.4043e-05,7.02149e-05,1
7650,7655,7652.5,2.80859e-05,0.00014043,2
7655,7660,7657.5,4.21289e-05,0.000210645,3
7660,7665,7662.5,2.80859e-05,0.00014043,2
7670,7675,7672.5,1.4043e-05,7.02149e-05,1
7680,7685,7682.5,5.61719e-05,0.000280859,4
7685,7690,7687.5,1.4043e-05,7.02149e-05,1
7695,7700,7697.5,2.80859e-05,0.00014043,2
7700,7705,7702.5,1.4043e-05,7.02149e-05,1
7715,7720,7717.5,1.4043e-05,7.02149e-05,1
7720,7725,7722.5,1.4043e-05,7.02149e-05,1
7735,7740,7737.5,1.4043e-05,7.02149e-05,1
7740,7745,7742.5,1.4043e-05,7.02149e-05,1
7745,7750,7747.5,2.80859e-05,0.00014043,2
7755,7760,7757.5,2.80859e-05,0.00014043,2
7770,7775,7772.5,2.80859e-05,0.00014043,2
7775,7780,7777.5,4.21289e-05,0.000210645,3
7785,7790,7787.5,2.80859e-05,0.00014043,2
7790,7795,7792.5,1.4043e-05,7.02149e-05,1
7805,7810,7807.5,1.4043e-05,7.02149e-05,1
7810,7815,7812.5,2.80859e-05,0.00014043,2
7815,7820,7817.5,4.21289e-05,0.000210645,3
7820,7825,7822.5,1.4043e-05,7.02149e-05,1
7825,7830,7827.5,1.4043e-05,7.02149e-05,1
7830,7835,7832.5,2.80859e-05,0.00014043,2
7835,7840,7837.5,4.21289e-05,0.000210645,3
7840,7845,7842.5,2.80859e-05,0.00014043,2
7845,7850,7847.5,1.4043e-05,7.02149e-05,1
7850,7855,7852.5,1.4043e-05,7.02149e-05,1
7855,7860,7857.5,1.4043e-05,7.02149e-05,1
7865,7870,7867.5,4.21289e-05,0.000210645,3
7870,7875,7872.5,1.4043e-05,7.02149e-05,1
7875,7880,7877.5,1.4043e-05,7.02149e-05,1
7900,7905,7902.5,2.80859e-05,0.00014043,2
7905,7910,7907.5,5.61719e-05,0.000280859,4
7915,7920,7917.5,1.4043e-05,7.02149e-05,1
7925,7930,7927.5,1.4043e-05,7.02149e-05,1
7930,7935,7932.5,2.80859e-05,0.00014043,2
7940,7945,7942.5,2.80859e-05,0.00014043,2
7945,7950,7947.5,4.21289e-05,0.000210645,3
7955,7960,7957.5,2.80859e-05,0.00014043,2
7960,7965,7962.5,2.80859e-05,0.00014043,2
7965,7970,7967.5,1.4043e-05,7.02149e-05,1
7975,7980,7977.5,1.4043e-05,7.02149e-05,1
7980,7985,7982.5,1.4043e-05,7.02149e-05,1
7985,7990,7987.5,1.4043e-05,7.02149e-05,1
7990,7995,7992.5,2.80859e-05,0.00014043,2
8005,8010,8007.5,5.61719e-05,0.000280859,4
8010,8015,8012.5,2.80859e-05,0.00014043,2
8015,8020,8017.5,1.4043e-05,7.02149e-05,1
8020,8025,8022.5,1.4043e-05,7.02149e-05,1
8030,8035,8032.5,2.80859e-05,0.00014043,2
8035,8040,8037.5,1.4043e-05,7.02149e-05,1
8040,8045,8042.5,1.4043e-05,7.02149e-05,1
8045,8050,8047.5,2.80859e-05,0.00014043,2
8055,8060,8057.5,1.4043e-05,7.02149e-05,1
8065,8070,8067.5,1.4043e-05,7.02149e-05,1
8070,8075,8072.5,1.4043e-05,7.02149e-05,1
8080,8085,8082.5,2.80859e-05,0.00014043,2
8085,8090,8087.5,4.21289e-05,0.000210645,3
8090,8095,8092.5,1.4043e-05,7.02149e-05,1
8095,8100,8097.5,2.80859e-05,0.00014043,2
8100,8105,8102.5,4.21289e-05,0.000210645,3
8105,8110,8107.5,1.4043e-05,7.02149e-05,1
8110,8115,8112.5,1.4043e-05,7.02149e-05,1
8115,8120,8117.5,1.4043e-05,7.02149e-05,1
8120,8125,8122.5,2.80859e-05,0.00014043,2
8125,8130,8127.5,1.4043e-05,7.02149e-05,1
8130,8135,8132.5,1.4043e-05,7.02149e-05,1
8135,8140,8137.5,2.80859e-05,0.00014043,2
8150,8155,8152.5,1.4043e-05,7.02149e-05,1
8155,8160,8157.5,1.4043e-05,7.02149e-05,1
8160,8165,8162.5,2.80859e-05,0.00014043,2
8165,8170,8167.5,4.21289e-05,0.000210645,3
8170,8175,8172.5,1.4043e-05,7.02149e-05,1
8180,8185,8182.5,4.21289e-05,0.000210645,3
8185,8190,8187.5,2.80859e-05,0.00014043,2
8200,8205,8202.5,1.4043e-05,7.02149e-05,1
8205,8210,8207.5,2.80859e-05,0.00014043,2
8210,8215,8212.5,2.80859e-05,0.00014043,2
8215,8220,8217.5,1.4043e-05,7.02149e-05,1
8220,8225,8222.5,2.80859e-05,0.00014043,2
8225,8230,8227.5,1.4043e-05,7.02149e-05,1
8245,8250,8247.5,1.4043e-05,7.02149e-05,1
8250,8255,8252.5,1.4043e-05,7.02149e-05,1
8260,8265,8262.5,2.80859e-05,0.00014043,2
8265,8270,8267.5,4.21289e-05,0.000210645,3
8270,8275,8272.5,4.21289e-05,0.000210645,3
8275,8280,8277.5,2.80859e-05,0.00014043,2
8280,8285,8282.5,1.4043e-05,7.02149e-05,1
8285,8290,8287.5,1.4043e-05,7.02149e-05,1
8295,8300,8297.5,1.4043e-05,7.02149e-05,1
8300,8305,8302.5,1.4043e-05,7.02149e-05,1
8305,8310,8307.5,1.4043e-05,7.02149e-05,1
8310,8315,8312.5,1.4043e-05,7.02149e-05,1
8315,8320,8317.5,1.4043e-05,7.02149e-05,1
8320,8325,8322.5,1.4043e-05,7.02149e-05,1
8335,8340,8337.5,1.4043e-05,7.02149e-05,1
8340,8345,8342.5,2.80859e-05,0.00014043,2
8360,8365,8362.5,2.80859e-05,0.00014043,2
8365,8370,8367.5,2.80859e-05,0.00014043,2
8370,8375,8372.5,2.80859e-05,0.00014043,2
8380,8385,8382.5,2.80859e-05,0.00014043,2
8385,8390,8387.5,4.21289e-05,0.000210645,3
8390,8395,8392.5,2.80859e-05,0.00014043,2
8395,8400,8397.5,1.4043e-05,7.02149e-05,1
8405,8410,8407.5,2.80859e-05,0.00014043,2
8430,8435,8432.5,2.80859e-05,0.00014043,2
8435,8440,8437.5,1.4043e-05,7.02149e-05,1
8440,8445,8442.5,1.4043e-05,7.02149e-05,1
8450,8455,8452.5,4.21289e-05,0.000210645,3
8455,8460,8457.5,2.80859e-05,0.00014043,2
8465,8470,8467.5,1.4043e-05,7.02149e-05,1
8470,8475,8472.5,1.4043e-05,7.02149e-05,1
8475,8480,8477.5,2.80859e-05,0.00014043,2
8485,8490,8487.5,1.4043e-05,7.02149e-05,1
8490,8495,8492.5,1.4043e-05,7.02149e-05,1
8515,8520,8517.5,1.4043e-05,7.02149e-05,1
8530,8535,8532.5,2.80859e-05,0.00014043,2
8545,8550,8547.5,1.4043e-05,7.02149e-05,1
8555,8560,8557.5,1.4043e-05,7.02149e-05,1
8565,8570,8567.5,4.21289e-05,0.000210645,3
8570,8575,8572.5,1.4043e-05,7.02149e-05,1
8575,8580,8577.5,2.80859e-05,0.00014043,2
8580,8585,8582.5,1.4043e-05,7.02149e-05,1
8585,8590,8587.5,2.80859e-05,0.00014043,2
8600,8605,8602.5,1.4043e-05,7.02149e-05,1
8610,8615,8612.5,5.61719e-05,0.000280859,4
8615,8620,8617.5,4.21289e-05,0.000210645,3
8620,8625,8622.5,1.4043e-05,7.02149e-05,1
8625,8630,8627.5,1.4043e-05,7.02149e-05,1
8630,8635,8632.5,1.4043e-05,7.02149e-05,1
8635,8640,8637.5,1.4043e-05,7.02149e-05,1
8645,8650,8647.5,4.21289e-05,0.000210645,3
8650,8655,8652.5,2.80859e-05,0.00014043,2
8655,8660,8657.5,1.4043e-05,7.02149e-05,1
8665,8670,8667.5,2.80859e-05,0.00014043,2
8690,8695,8692.5,2.80859e-05,0.00014043,2
8700,8705,8702.5,4.21289e-05,0.000210645,3
8710,8715,8712.5,1.4043e-05,7.02149e-05,1
8715,8720,8717.5,1.4043e-05,7.02149e-05,1
8720,8725,8722.5,2.80859e-05,0.00014043,2
8725,8730,8727.5,4.21289e-05,0.000210645,3
8730,8735,8732.5,1.4043e-05,7.02149e-05,1
8750,8755,8752.5,1.4043e-05,7.02149e-05,1
8760,8765,8762.5,1.4043e-05,7.02149e-05,1
8765,8770,8767.5,1.4043e-05,7.02149e-05,1
8770,8775,8772.5,1.4043e-05,7.02149e-05,1
8775,8780,8777.5,2.80859e-05,0.00014043,2
8780,8785,8782.5,1.4043e-05,7.02149e-05,1
8785,8790,8787.5,1.4043e-05,7.02149e-05,1
8790,8795,8792.5,1.4043e-05,7.02149e-05,1
8800,8805,8802.5,2.80859e-05,0.00014043,2
8805,8810,8807.5,2.80859e-05,0.00014043,2
8820,8825,8822.5,2.80859e-05,0.00014043,2
8825,8830,8827.5,1.4043e-05,7.02149e-05,1
8845,8850,8847.5,1.4043e-05,7.02149e-05,1
8855,8860,8857.5,1.4043e-05,7.02149e-05,1
8865,8870,8867.5,2.80859e-05,0.00014043,2
8885,8890,8887.5,1.4043e-05,7.02149e-05,1
8900,8905,8902.5,1.4043e-05,7.02149e-05,1
8905,8910,8907.5,4.21289e-05,0.000210645,3
8910,8915,8912.5,1.4043e-05,7.02149e-05,1
8920,8925,8922.5,2.80859e-05,0.00014043,2
8925,8930,8927.5,1.4043e-05,7.02149e-05,1
8930,8935,8932.5,1.4043e-05,7.02149e-05,1
8945,8950,8947.5,1.4043e-05,7.02149e-05,1
8950,8955,8952.5,2.80859e-05,0.00014043,2
8965,8970,8967.5,1.4043e-05,7.02149e-05,1
8980,8985,8982.5,1.4043e-05,7.02149e-05,1
8985,8990,8987.5,2.80859e-05,0.00014043,2
8990,8995,8992.5,1.4043e-05,7.02149e-05,1
9000,9005,9002.5,1.4043e-05,7.02149e-05,1
9005,9010,9007.5,1.4043e-05,7.02149e-05,1
9010,9015,9012.5,1.4043e-05,7.02149e-05,1
9020,9025,9022.5,1.4043e-05,7.02149e-05,1
9040,9045,9042.5,2.80859e-05,0.00014043,2
9060,9065,9062.5,2.80859e-05,0.00014043,2
9065,9070,9067.5,1.4043e-05,7.02149e-05,1
9075,9080,9077.5,1.4043e-05,7.02149e-05,1
9080,9085,9082.5,1.4043e-05,7.02149e-05,1
9085,9090,9087.5,1.4043e-05,7.02149e-05,1
9090,9095,9092.5,1.4043e-05,7.02149e-05,1
9100,9105,9102.5,1.4043e-05,7.02149e-05,1
9105,9110,9107.5,1.4043e-05,7.02149e-05,1
9110,9115,9112.5,1.4043e-05,7.02149e-05,1
9120,9125,9122.5,1.4043e-05,7.02149e-05,1
9125,9130,9127.5,7.02149e-05,0.000351074,5
9130,9135,9132.5,1.4043e-05,7.02149e-05,1
9140,9145,9142.5,1.4043e-05,7.02149e-05,1
9155,9160,9157.5,2.80859e-05,0.00014043,2
9165,9170,9167.5,1.4043e-05,7.02149e-05,1
9170,9175,9172.5,2.80859e-05,0.00014043,2
9175,9180,9177.5,1.4043e-05,7.02149e-05,1
9190,9195,9192.5,2.80859e-05,0.00014043,2
9200,9205,9202.5,1.4043e-05,7.02149e-05,1
9215,9220,9217.5,1.4043e-05,7.02149e-05,1
9225,9230,9227.5,1.4043e-05,7.02149e-05,1
9245,9250,9247.5,2.80859e-05,0.00014043,2
9250,9255,9252.5,2.80859e-05,0.00014043,2
9290,9295,9292.5,1.4043e-05,7.02149e-05,1
9305,9310,9307.5,1.4043e-05,7.02149e-05,1
9325,9330,9327.5,1.4043e-05,7.02149e-05,1
9335,9340,9337.5,1.4043e-05,7.02149e-05,1
9340,9345,9342.5,1.4043e-05,7.02149e-05,1
9345,9350,9347.5,4.21289e-05,0.000210645,3
9350,9355,9352.5,1.4043e-05,7.02149e-05,1
9360,9365,9362.5,2.80859e-05,0.00014043,2
9370,9375,9372.5,1.4043e-05,7.02149e-05,1
9375,9380,9377.5,2.80859e-05,0.00014043,2
9380,9385,9382.5,1.4043e-05,7.02149e-05,1
9385,9390,9387.5,1.4043e-05,7.02149e-05,1
9390,9395,9392.5,1.4043e-05,7.02149e-05,1
9400,9405,9402.5,4.21289e-05,0.000210645,3
9405,9410,9407.5,1.4043e-05,7.02149e-05,1
9415,9420,9417.5,2.80859e-05,0.00014043,2
9420,9425,9422.5,1.4043e-05,7.02149e-05,1
9430,9435,9432.5,1.4043e-05,7.02149e-05,1
9440,9445,9442.5,2.80859e-05,0.00014043,2
9445,9450,9447.5,1.4043e-05,7.02149e-05,1
9450,9455,9452.5,1.4043e-05,7.02149e-05,1
9465,9470,9467.5,1.4043e-05,7.02149e-05,1
9470,9475,9472.5,1.4043e-05,7.02149e-05,1
9475,9480,9477.5,1.4043e-05,7.02149e-05,1
9480,9485,9482.5,1.4043e-05,7.02149e-05,1
9500,9505,9502.5,1.4043e-05,7.02149e-05,1
9505,9510,9507.5,1.4043e-05,7.02149e-05,1
9515,9520,9517.5,2.80859e-05,0.00014043,2
9520,9525,9522.5,1.4043e-05,7.02149e-05,1
9525,9530,9527.5,4.21289e-05,0.000210645,3
9530,9535,9532.5,1.4043e-05,7.02149e-05,1
9535,9540,9537.5,2.80859e-05,0.00014043,2
9545,9550,9547.5,1.4043e-05,7.02149e-05,1
9550,9555,9552.5,1.4043e-05,7.02149e-05,1
9580,9585,9582.5,2.80859e-05,0.00014043,2
9600,9605,9602.5,1.4043e-05,7.02149e-05,1
9605,9610,9607.5,1.4043e-05,7.02149e-05,1
9620,9625,9622.5,1.4043e-05,7.02149e-05,1
9640,9645,9642.5,1.4043e-05,7.02149e-05,1
9645,9650,9647.5,4.21289e-05,0.000210645,3
9660,9665,9662.5,1.4043e-05,7.02149e-05,1
9675,9680,9677.5,1.4043e-05,7.02149e-05,1
9685,9690,9687.5,1.4043e-05,7.02149e-05,1
9690,9695,9692.5,1.4043e-05,7.02149e-05,1
9695,9700,9697.5,1.4043e-05,7.02149e-05,1
9705,9710,9707.5,4.21289e-05,0.000210645,3
9715,9720,9717.5,1.4043e-05,7.02149e-05,1
9720,9725,9722.5,1.4043e-05,7.02149e-05,1
9730,9735,9732.5,1.4043e-05,7.02149e-05,1
9735,9740,9737.5,1.4043e-05,7.02149e-05,1
9745,9750,9747.5,1.4043e-05,7.02149e-05,1
9755,9760,9757.5,1.4043e-05,7.02149e-05,1
9770,9775,9772.5,1.4043e-05,7.02149e-05,1
9795,9800,9797.5,2.80859e-05,0.00014043,2
9800,9805,9802.5,2.80859e-05,0.00014043,2
9815,9820,9817.5,1.4043e-05,7.02149e-05,1
9820,9825,9822.5,2.80859e-05,0.00014043,2
9825,9830,9827.5,1.4043e-05,7.02149e-05,1
9875,9880,9877.5,1.4043e-05,7.02149e-05,1
9880,9885,9882.5,1.4043e-05,7.02149e-05,1
9885,9890,9887.5,1.4043e-05,7.02149e-05,1
9905,9910,9907.5,1.4043e-05,7.02149e-05,1
9910,9915,9912.5,1.4043e-05,7.02149e-05,1
9920,9925,9922.5,1.4043e-05,7.02149e-05,1
9945,9950,9947.5,2.80859e-05,0.00014043,2
9960,9965,9962.5,4.21289e-05,0.000210645,3
9965,9970,9967.5,1.4043e-05,7.02149e-05,1
9970,9975,9972.5,2.80859e-05,0.00014043,2
9985,9990,9987.5,1.4043e-05,7.02149e-05,1
9990,9995,9992.5,1.4043e-05,7.02149e-05,1
10010,10015,10012.5,2.80859e-05,0.00014043,2
10020,10025,10022.5,1.4043e-05,7.02149e-05,1
10030,10035,10032.5,2.80859e-05,0.00014043,2
10035,10040,10037.5,1.4043e-05,7.02149e-05,1
10040,10045,10042.5,1.4043e-05,7.02149e-05,1
10055,10060,10057.5,2.80859e-05,0.00014043,2
10060,10065,10062.5,5.61719e-05,0.000280859,4
10075,10080,10077.5,1.4043e-05,7.02149e-05,1
10080,10085,10082.5,1.4043e-05,7.02149e-05,1
10100,10105,10102.5,1.4043e-05,7.02149e-05,1
10105,10110,10107.5,1.4043e-05,7.02149e-05,1
10110,10115,10112.5,4.21289e-05,0.000210645,3
10115,10120,10117.5,1.4043e-05,7.02149e-05,1
10125,10130,10127.5,1.4043e-05,7.02149e-05,1
10140,10145,10142.5,1.4043e-05,7.02149e-05,1
10165,10170,10167.5,1.4043e-05,7.02149e-05,1
10170,10175,10172.5,1.4043e-05,7.02149e-05,1
10185,10190,10187.5,1.4043e-05,7.02149e-05,1
10190,10195,10192.5,2.80859e-05,0.00014043,2
10195,10200,10197.5,1.4043e-05,7.02149e-05,1
10205,10210,10207.5,1.4043e-05,7.02149e-05,1
10210,10215,10212.5,1.4043e-05,7.02149e-05,1
10240,10245,10242.5,2.80859e-05,0.00014043,2
10245,10250,10247.5,1.4043e-05,7.02149e-05,1
10260,10265,10262.5,1.4043e-05,7.02149e-05,1
10285,10290,10287.5,1.4043e-05,7.02149e-05,1
10305,10310,10307.5,2.80859e-05,0.00014043,2
10310,10315,10312.5,1.4043e-05,7.02149e-05,1
10320,10325,10322.5,2.80859e-05,0.00014043,2
10325,10330,10327.5,1.4043e-05,7.02149e-05,1
10330,10335,10332.5,1.4043e-05,7.02149e-05,1
10345,10350,10347.5,2.80859e-05,0.00014043,2
10350,10355,10352.5,1.4043e-05,7.02149e-05,1
10355,10360,10357.5,1.4043e-05,7.02149e-05,1
10360,10365,10362.5,1.4043e-05,7.02149e-05,1
10365,10370,10367.5,2.80859e-05,0.00014043,2
10380,10385,10382.5,1.4043e-05,7.02149e-05,1
10395,10400,10397.5,1.4043e-05,7.02149e-05,1
10420,10425,10422.5,2.80859e-05,0.00014043,2
10425,10430,10427.5,2.80859e-05,0.00014043,2
10435,10440,10437.5,1.4043e-05,7.02149e-05,1
10440,10445,10442.5,1.4043e-05,7.02149e-05,1
10460,10465,10462.5,1.4043e-05,7.02149e-05,1
10500,10505,10502.5,2.80859e-05,0.00014043,2
10505,10510,10507.5,1.4043e-05,7.02149e-05,1
10555,10560,10557.5,1.4043e-05,7.02149e-05,1
10560,10565,10562.5,1.4043e-05,7.02149e-05,1
10565,10570,10567.5,1.4043e-05,7.02149e-05,1
10570,10575,10572.5,1.4043e-05,7.02149e-05,1
10580,10585,10582.5,2.80859e-05,0.00014043,2
10595,10600,10597.5,1.4043e-05,7.02149e-05,1
10610,10615,10612.5,1.4043e-05,7.02149e-05,1
10625,10630,10627.5,1.4043e-05,7.02149e-05,1
10640,10645,10642.5,1.4043e-05,7.02149e-05,1
10650,10655,10652.5,1.4043e-05,7.02149e-05,1
10660,10665,10662.5,2.80859e-05,0.00014043,2
10680,10685,10682.5,1.4043e-05,7.02149e-05,1
10700,10705,10702.5,5.61719e-05,0.000280859,4
10720,10725,10722.5,1.4043e-05,7.02149e-05,1
10745,10750,10747.5,1.4043e-05,7.02149e-05,1
10780,10785,10782.5,1.4043e-05,7.02149e-05,1
10815,10820,10817.5,4.21289e-05,0.000210645,3
10850,10855,10852.5,1.4043e-05,7.02149e-05,1
10855,10860,10857.5,1.4043e-05,7.02149e-05,1
10870,10875,10872.5,1.4043e-05,7.02149e-05,1
10895,10900,10897.5,1.4043e-05,7.02149e-05,1
10910,10915,10912.5,1.4043e-05,7.02149e-05,1
10915,10920,10917.5,1.4043e-05,7.02149e-05,1
10920,10925,10922.5,1.4043e-05,7.02149e-05,1
10925,10930,10927.5,2.80859e-05,0.00014043,2
10930,10935,10932.5,2.80859e-05,0.00014043,2
10965,10970,10967.5,1.4043e-05,7.02149e-05,1
10995,11000,10997.5,1.4043e-05,7.02149e-05,1
11000,11005,11002.5,2.80859e-05,0.00014043,2
11010,11015,11012.5,4.21289e-05,0.000210645,3
11030,11035,11032.5,1.4043e-05,7.02149e-05,1
11050,11055,11052.5,1.4043e-05,7.02149e-05,1
11055,11060,11057.5,2.80859e-05,0.00014043,2
11065,11070,11067.5,2.80859e-05,0.00014043,2
11075,11080,11077.5,1.4043e-05,7.02149e-05,1
11090,11095,11092.5,1.4043e-05,7.02149e-05,1
11095,11100,11097.5,1.4043e-05,7.02149e-05,1
11115,11120,11117.5,1.4043e-05,7.02149e-05,1
11145,11150,11147.5,1.4043e-05,7.02149e-05,1
11155,11160,11157.5,1.4043e-05,7.02149e-05,1
11165,11170,11167.5,2.80859e-05,0.00014043,2
11180,11185,11182.5,1.4043e-05,7.02149e-05,1
11190,11195,11192.5,1.4043e-05,7.02149e-05,1
11225,11230,11227.5,1.4043e-05,7.02149e-05,1
11245,11250,11247.5,1.4043e-05,7.02149e-05,1
11260,11265,11262.5,1.4043e-05,7.02149e-05,1
11325,11330,11327.5,1.4043e-05,7.02149e-05,1
11345,11350,11347.5,1.4043e-05,7.02149e-05,1
11355,11360,11357.5,1.4043e-05,7.02149e-05,1
11360,11365,11362.5,1.4043e-05,7.02149e-05,1
11415,11420,11417.5,1.4043e-05,7.02149e-05,1
11440,11445,11442.5,1.4043e-05,7.02149e-05,1
11445,11450,11447.5,1.4043e-05,7.02149e-05,1
11450,11455,11452.5,1.4043e-05,7.02149e-05,1
11460,11465,11462.5,1.4043e-05,7.02149e-05,1
11490,11495,11492.5,1.4043e-05,7.02149e-05,1
11505,11510,11507.5,4.21289e-05,0.000210645,3
11530,11535,11532.5,2.80859e-05,0.00014043,2
11585,11590,11587.5,4.21289e-05,0.000210645,3
11600,11605,11602.5,4.21289e-05,0.000210645,3
11625,11630,11627.5,1.4043e-05,7.02149e-05,1
11630,11635,11632.5,1.4043e-05,7.02149e-05,1
11640,11645,11642.5,2.80859e-05,0.00014043,2
11655,11660,11657.5,1.4043e-05,7.02149e-05,1
11660,11665,11662.5,1.4043e-05,7.02149e-05,1
11695,11700,11697.5,1.4043e-05,7.02149e-05,1
11700,11705,11702.5,1.4043e-05,7.02149e-05,1
11720,11725,11722.5,1.4043e-05,7.02149e-05,1
11745,11750,11747.5,1.4043e-05,7.02149e-05,1
11755,11760,11757.5,1.4043e-05,7.02149e-05,1
11765,11770,11767.5,1.4043e-05,7.02149e-05,1
11780,11785,11782.5,2.80859e-05,0.00014043,2
11795,11800,11797.5,1.4043e-05,7.02149e-05,1
11805,11810,11807.5,1.4043e-05,7.02149e-05,1
11815,11820,11817.5,1.4043e-05,7.02149e-05,1
11820,11825,11822.5,1.4043e-05,7.02149e-05,1
11830,11835,11832.5,2.80859e-05,0.00014043,2
11850,11855,11852.5,1.4043e-05,7.02149e-05,1
11860,11865,11862.5,4.21289e-05,0.000210645,3
11870,11875,11872.5,2.80859e-05,0.00014043,2
11885,11890,11887.5,1.4043e-05,7.02149e-05,1
11910,11915,11912.5,1.4043e-05,7.02149e-05,1
11915,11920,11917.5,1.4043e-05,7.02149e-05,1
11935,11940,11937.5,1.4043e-05,7.02149e-05,1
11950,11955,11952.5,1.4043e-05,7.02149e-05,1
11985,11990,11987.5,1.4043e-05,7.02149e-05,1
11990,11995,11992.5,1.4043e-05,7.02149e-05,1
12010,12015,12012.5,1.4043e-05,7.02149e-05,1
12050,12055,12052.5,1.4043e-05,7.02149e-05,1
12060,12065,12062.5,2.80859e-05,0.00014043,2
12090,12095,12092.5,2.80859e-05,0.00014043,2
12100,12105,12102.5,1.4043e-05,7.02149e-05,1
12105,12110,12107.5,1.4043e-05,7.02149e-05,1
12135,12140,12137.5,1.4043e-05,7.02149e-05,1
12145,12150,12147.5,1.4043e-05,7.02149e-05,1
12180,12185,12182.5,1.4043e-05,7.02149e-05,1
12215,12220,12217.5,1.4043e-05,7.02149e-05,1
12240,12245,12242.5,1.4043e-05,7.02149e-05,1
12270,12275,12272.5,1.4043e-05,7.02149e-05,1
12330,12335,12332.5,1.4043e-05,7.02149e-05,1
12375,12380,12377.5,1.4043e-05,7.02149e-05,1
12400,12405,12402.5,1.4043e-05,7.02149e-05,1
12420,12425,12422.5,2.80859e-05,0.00014043,2
12435,12440,12437.5,1.4043e-05,7.02149e-05,1
12440,12445,12442.5,1.4043e-05,7.02149e-05,1
12465,12470,12467.5,1.4043e-05,7.02149e-05,1
12475,12480,12477.5,1.4043e-05,7.02149e-05,1
12485,12490,12487.5,1.4043e-05,7.02149e-05,1
12510,12515,12512.5,1.4043e-05,7.02149e-05,1
12550,12555,12552.5,1.4043e-05,7.02149e-05,1
12565,12570,12567.5,1.4043e-05,7.02149e-05,1
12590,12595,12592.5,1.4043e-05,7.02149e-05,1
12595,12600,12597.5,1.4043e-05,7.02149e-05,1
12635,12640,12637.5,1.4043e-05,7.02149e-05,1
12655,12660,12657.5,2.80859e-05,0.00014043,2
12675,12680,12677.5,1.4043e-05,7.02149e-05,1
12725,12730,12727.5,1.4043e-05,7.02149e-05,1
12730,12735,12732.5,1.4043e-05,7.02149e-05,1
12760,12765,12762.5,1.4043e-05,7.02149e-05,1
12810,12815,12812.5,1.4043e-05,7.02149e-05,1
12830,12835,12832.5,2.80859e-05,0.00014043,2
12840,12845,12842.5,2.80859e-05,0.00014043,2
12875,12880,12877.5,1.4043e-05,7.02149e-05,1
12905,12910,12907.5,1.4043e-05,7.02149e-05,1
12970,12975,12972.5,1.4043e-05,7.02149e-05,1
12995,13000,12997.5,1.4043e-05,7.02149e-05,1
13010,13015,13012.5,1.4043e-05,7.02149e-05,1
13060,13065,13062.5,1.4043e-05,7.02149e-05,1
13190,13195,13192.5,1.4043e-05,7.02149e-05,1
13220,13225,13222.5,1.4043e-05,7.02149e-05,1
13225,13230,13227.5,1.4043e-05,7.02149e-05,1
13240,13245,13242.5,1.4043e-05,7.02149e-05,1
13250,13255,13252.5,1.4043e-05,7.02149e-05,1
13255,13260,13257.5,1.4043e-05,7.02149e-05,1
13435,13440,13437.5,1.4043e-05,7.02149e-05,1
13445,13450,13447.5,2.80859e-05,0.00014043,2
13450,13455,13452.5,1.4043e-05,7.02149e-05,1
13525,13530,13527.5,1.4043e-05,7.02149e-05,1
13590,13595,13592.5,1.4043e-05,7.02149e-05,1
13645,13650,13647.5,1.4043e-05,7.02149e-05,1
13695,13700,13697.5,2.80859e-05,0.00014043,2
13700,13705,13702.5,2.80859e-05,0.00014043,2
13715,13720,13717.5,2.80859e-05,0.00014043,2
13720,13725,13722.5,1.4043e-05,7.02149e-05,1
13810,13815,13812.5,1.4043e-05,7.02149e-05,1
13825,13830,13827.5,1.4043e-05,7.02149e-05,1
13840,13845,13842.5,1.4043e-05,7.02149e-05,1
13875,13880,13877.5,1.4043e-05,7.02149e-05,1
13900,13905,13902.5,2.80859e-05,0.00014043,2
13945,13950,13947.5,1.4043e-05,7.02149e-05,1
13965,13970,13967.5,1.4043e-05,7.02149e-05,1
14030,14035,14032.5,1.4043e-05,7.02149e-05,1
14075,14080,14077.5,1.4043e-05,7.02149e-05,1
14080,14085,14082.5,1.4043e-05,7.02149e-05,1
14100,14105,14102.5,2.80859e-05,0.00014043,2
14120,14125,14122.5,1.4043e-05,7.02149e-05,1
14140,14145,14142.5,1.4043e-05,7.02149e-05,1
14185,14190,14187.5,1.4043e-05,7.02149e-05,1
14280,14285,14282.5,2.80859e-05,0.00014043,2
14330,14335,14332.5,1.4043e-05,7.02149e-05,1
14345,14350,14347.5,1.4043e-05,7.02149e-05,1
14375,14380,14377.5,1.4043e-05,7.02149e-05,1
14415,14420,14417.5,1.4043e-05,7.02149e-05,1
14425,14430,14427.5,1.4043e-05,7.02149e-05,1
14490,14495,14492.5,1.4043e-05,7.02149e-05,1
14540,14545,14542.5,1.4043e-05,7.02149e-05,1
14555,14560,14557.5,1.4043e-05,7.02149e-05,1
14565,14570,14567.5,1.4043e-05,7.02149e-05,1
14585,14590,14587.5,1.4043e-05,7.02149e-05,1
14590,14595,14592.5,1.4043e-05,7.02149e-05,1
14655,14660,14657.5,1.4043e-05,7.02149e-05,1
14755,14760,14757.5,2.80859e-05,0.00014043,2
14785,14790,14787.5,2.80859e-05,0.00014043,2
14800,14805,14802.5,2.80859e-05,0.00014043,2
14855,14860,14857.5,1.4043e-05,7.02149e-05,1
14915,14920,14917.5,1.4043e-05,7.02149e-05,1
14925,14930,14927.5,1.4043e-05,7.02149e-05,1
14930,14935,14932.5,1.4043e-05,7.02149e-05,1
14945,14950,14947.5,1.4043e-05,7.02149e-05,1
14980,14985,14982.5,1.4043e-05,7.02149e-05,1
14985,14990,14987.5,1.4043e-05,7.02149e-05,1
15040,15045,15042.5,1.4043e-05,7.02149e-05,1
15095,15100,15097.5,1.4043e-05,7.02149e-05,1
15100,15105,15102.5,1.4043e-05,7.02149e-05,1
15105,15110,15107.5,1.4043e-05,7.02149e-05,1
15160,15165,15162.5,1.4043e-05,7.02149e-05,1
15180,15185,15182.5,1.4043e-05,7.02149e-05,1
15205,15210,15207.5,1.4043e-05,7.02149e-05,1
15210,15215,15212.5,1.4043e-05,7.02149e-05,1
15235,15240,15237.5,1.4043e-05,7.02149e-05,1
15250,15255,15252.5,1.4043e-05,7.02149e-05,1
15365,15370,15367.5,1.4043e-05,7.02149e-05,1
15430,15435,15432.5,1.4043e-05,7.02149e-05,1
15435,15440,15437.5,1.4043e-05,7.02149e-05,1
15485,15490,15487.5,1.4043e-05,7.02149e-05,1
15495,15500,15497.5,1.4043e-05,7.02149e-05,1
15615,15620,15617.5,1.4043e-05,7.02149e-05,1
15700,15705,15702.5,1.4043e-05,7.02149e-05,1
15710,15715,15712.5,1.4043e-05,7.02149e-05,1
15725,15730,15727.5,1.4043e-05,7.02149e-05,1
15735,15740,15737.5,1.4043e-05,7.02149e-05,1
15785,15790,15787.5,1.4043e-05,7.02149e-05,1
15790,15795,15792.5,1.4043e-05,7.02149e-05,1
15810,15815,15812.5,1.4043e-05,7.02149e-05,1
15855,15860,15857.5,1.4043e-05,7.02149e-05,1
15895,15900,15897.5,1.4043e-05,7.02149e-05,1
15910,15915,15912.5,1.4043e-05,7.02149e-05,1
16055,16060,16057.5,1.4043e-05,7.02149e-05,1
16080,16085,16082.5,1.4043e-05,7.02149e-05,1
16150,16155,16152.5,1.4043e-05,7.02149e-05,1
16260,16265,16262.5,1.4043e-05,7.02149e-05,1
16265,16270,16267.5,1.4043e-05,7.02149e-05,1
16340,16345,16342.5,1.4043e-05,7.02149e-05,1
16355,16360,16357.5,1.4043e-05,7.02149e-05,1
16395,16400,16397.5,1.4043e-05,7.02149e-05,1
16405,16410,16407.5,1.4043e-05,7.02149e-05,1
16420,16425,16422.5,1.4043e-05,7.02149e-05,1
16445,16450,16447.5,1.4043e-05,7.02149e-05,1
16475,16480,16477.5,1.4043e-05,7.02149e-05,1
16480,16485,16482.5,1.4043e-05,7.02149e-05,1
16585,16590,16587.5,1.4043e-05,7.02149e-05,1
16610,16615,16612.5,1.4043e-05,7.02149e-05,1
16670,16675,16672.5,1.4043e-05,7.02149e-05,1
16700,16705,16702.5,1.4043e-05,7.02149e-05,1
16715,16720,16717.5,1.4043e-05,7.02149e-05,1
16770,16775,16772.5,1.4043e-05,7.02149e-05,1
16800,16805,16802.5,1.4043e-05,7.02149e-05,1
16900,16905,16902.5,1.4043e-05,7.02149e-05,1
16905,16910,16907.5,1.4043e-05,7.02149e-05,1
17000,17005,17002.5,1.4043e-05,7.02149e-05,1
17005,17010,17007.5,1.4043e-05,7.02149e-05,1
17225,17230,17227.5,1.4043e-05,7.02149e-05,1
17335,17340,17337.5,1.4043e-05,7.02149e-05,1
17530,17535,17532.5,1.4043e-05,7.02149e-05,1
17570,17575,17572.5,1.4043e-05,7.02149e-05,1
17640,17645,17642.5,1.4043e-05,7.02149e-05,1
17720,17725,17722.5,1.4043e-05,7.02149e-05,1
17830,17835,17832.5,1.4043e-05,7.02149e-05,1
18120,18125,18122.5,1.4043e-05,7.02149e-05,1
18165,18170,18167.5,1.4043e-05,7.02149e-05,1
18415,18420,18417.5,1.4043e-05,7.02149e-05,1
18840,18845,18842.5,1.4043e-05,7.02149e-05,1
19010,19015,19012.5,1.4043e-05,7.02149e-05,1
19040,19045,19042.5,1.4043e-05,7.02149e-05,1
19090,19095,19092.5,1.4043e-05,7.02149e-05,1
19340,19345,19342.5,1.4043e-05,7.02149e-05,1
19510,19515,19512.5,1.4043e-05,7.02149e-05,1
19985,19990,19987.5,1.4043e-05,7.02149e-05,1
20075,20080,20077.5,1.4043e-05,7.02149e-05,1
20135,20140,20137.5,1.4043e-05,7.02149e-05,1
20260,20265,20262.5,1.4043e-05,7.02149e-05,1
20265,20270,20267.5,1.4043e-05,7.02149e-05,1
20370,20375,20372.5,1.4043e-05,7.02149e-05,1
20460,20465,20462.5,1.4043e-05,7.02149e-05,1
20940,20945,20942.5,1.4043e-05,7.02149e-05,1
22260,22265,22262.5,1.4043e-05,7.02149e-05,1
22375,22380,22377.5,1.4043e-05,7.02149e-05,1
22405,22410,22407.5,1.4043e-05,7.02149e-05,1
23195,23200,23197.5,1.4043e-05,7.02149e-05,1
24405,24410,24407.5,1.4043e-05,7.02149e-05,1
27560,27565,27562.5,1.4043e-05,7.02149e-05,1
27625,27630,27627.5,1.4043e-05,7.02149e-05,1
36980,36985,36982.5,1.4043e-05,7.02149e-05,1
VO Delay PDF CSV saved: scratch/delay_pdf/pedca_vo_delay_pdf.csv

P-EDCA STA Delay PDF CSV saved: /home/nathanlo/ns-3.45/scratch/delay_pdf/11be/adaptive_compare_burst/best_k30_s3.csv
--- EXTENDED_STATS_BEGIN ---
PEDCA_STA_SUCC_COUNT: 14242
PEDCA_STA_FAIL_COUNT: 666
PEDCA_STA_ZERO_RETX: 14219
LEGACY_STA_SUCC_COUNT: 0
LEGACY_STA_FAIL_COUNT: 0
LEGACY_STA_ZERO_RETX: 0
PEDCA_STA_AVG_MAC_DELAY: 2627.35
PEDCA_STA_AVG_QUEUE_DELAY: 2284.36
PEDCA_STA_AVG_ACCESS_DELAY: 342.986
--- EXTENDED_STATS_END ---
