[INFO] std::clog redirected to: /dev/null

--- Per-STA P-EDCA Detail ---
  STA0: DS-CTS=272 S2Entry=272 S2Tx=186 PedcaOK=174 EdcaOK=402 FailCTS=5 FailColl=7 FailExp=0 Defer=0
  STA1: DS-CTS=50 S2Entry=50 S2Tx=38 PedcaOK=36 EdcaOK=564 FailCTS=0 FailColl=2 FailExp=0 Defer=0
  STA2: DS-CTS=187 S2Entry=187 S2Tx=124 PedcaOK=116 EdcaOK=158 FailCTS=5 FailColl=3 FailExp=0 Defer=0
  STA3: DS-CTS=155 S2Entry=155 S2Tx=127 PedcaOK=121 EdcaOK=305 FailCTS=3 FailColl=3 FailExp=0 Defer=0
  STA4: DS-CTS=39 S2Entry=39 S2Tx=36 PedcaOK=35 EdcaOK=613 FailCTS=0 FailColl=1 FailExp=0 Defer=0
  STA5: DS-CTS=180 S2Entry=180 S2Tx=127 PedcaOK=120 EdcaOK=211 FailCTS=3 FailColl=4 FailExp=0 Defer=0
  STA6: DS-CTS=49 S2Entry=49 S2Tx=43 PedcaOK=42 EdcaOK=642 FailCTS=1 FailColl=0 FailExp=0 Defer=0
  STA7: DS-CTS=132 S2Entry=132 S2Tx=105 PedcaOK=102 EdcaOK=412 FailCTS=2 FailColl=1 FailExp=0 Defer=0
  STA8: DS-CTS=3 S2Entry=3 S2Tx=3 PedcaOK=3 EdcaOK=1 FailCTS=0 FailColl=0 FailExp=0 Defer=0
  STA9: DS-CTS=247 S2Entry=247 S2Tx=181 PedcaOK=162 EdcaOK=228 FailCTS=12 FailColl=7 FailExp=0 Defer=0
  STA10: DS-CTS=84 S2Entry=84 S2Tx=70 PedcaOK=69 EdcaOK=483 FailCTS=0 FailColl=1 FailExp=0 Defer=0
  STA11: DS-CTS=248 S2Entry=248 S2Tx=201 PedcaOK=186 EdcaOK=295 FailCTS=11 FailColl=4 FailExp=0 Defer=0
  STA12: DS-CTS=111 S2Entry=111 S2Tx=92 PedcaOK=88 EdcaOK=400 FailCTS=0 FailColl=4 FailExp=0 Defer=0
  STA13: DS-CTS=90 S2Entry=90 S2Tx=76 PedcaOK=73 EdcaOK=481 FailCTS=3 FailColl=0 FailExp=0 Defer=0
  STA14: DS-CTS=184 S2Entry=184 S2Tx=130 PedcaOK=113 EdcaOK=180 FailCTS=12 FailColl=5 FailExp=0 Defer=4

=== General Statistics ===
P-EDCA Ratio: 0.5
P-EDCA STAs: 15/30
P-EDCA Share (Avg Per-STA P-EDCA Tx/Total Tx): 27.4714 %
Avg P-EDCA Attempt Success Rate: 75.9999 %
Global P-EDCA Tx Success: 1440
Global EDCA Tx Success: 5375
Global P-EDCA Attempt (DS-CTS Sent): 2031

--- P-EDCA Detailed Trace ---
Stage 2 Entered: 2031
Stage 2 TX Started: 1539
P-EDCA Fail RTS No CTS: 57
P-EDCA Fail RTS Collision: 42
P-EDCA Fail Timing Expired: 0
P-EDCA Fail Deferral: 4
Total VO TX (P-EDCA+EDCA): 6815
Global P-EDCA Share: 21.1299 %
Global EDCA Share: 78.8701 %
Channel Idle Time (AP): 25.1118 % (1.75782e+06 us / 7e+06 us)
Total Successes:       14288
Total Failures:        1143
Total Retransmissions: 5

--- Per-AC Success Statistics ---
AC_BE:
  Successes:         49
  Throughput:        0.056 Mbps
  Packet Loss:       26.8657 %
  Avg Retx/MPDU:     0
  Avg Queue Delay:   -1.25434e+06 us (Enqueue->TxStart)
  Avg Access Delay:  1.36952e+06 us (TxStart->Ack)
  Avg MAC Delay:     115175 us (Total: Enqueue->Ack)

AC_VO:
  Successes:         14239
  Throughput:        16.2731 Mbps
  Packet Loss:       7.32231 %
  Avg Retx/MPDU:     0.000351148
  Avg Queue Delay:   2200.06 us (Enqueue->TxStart)
  Avg Access Delay:  317.949 us (TxStart->Ack)
  Avg MAC Delay:     2518.01 us (Total: Enqueue->Ack)

--- Per-AC Failure Statistics ---
AC_BE Failures: 18
AC_VO Failures: 1125

--- Failure Reasons by AC ---
  AC_BE EXPIRED_LIFETIME: 18
  AC_VO RETRY_LIMIT: 1125


=== Extended P-EDCA vs Legacy Statistics ===

--- [Stat 1] Delay by STA Type ---
P-EDCA STAs (15 STAs):
  Successes:         7514
  Failures:          93
  Throughput:        8.58743 Mbps
  Packet Loss:       1.22256 %
  Avg Queue Delay:   1844.78 us
  Avg Access Delay:  296.054 us
  Avg MAC Delay:     2140.83 us
  Median MAC Delay:  1557 us
  P95 MAC Delay:     5744 us
  P99 MAC Delay:     9535 us
Legacy EDCA STAs (15 STAs):
  Successes:         6725
  Failures:          1032
  Throughput:        7.68571 Mbps
  Packet Loss:       13.3041 %
  Avg Queue Delay:   2597.03 us
  Avg Access Delay:  342.414 us
  Avg MAC Delay:     2939.44 us
  Median MAC Delay:  1765 us
  P95 MAC Delay:     10432 us
  P99 MAC Delay:     14746 us

--- [Stat 2] Per-STA P-EDCA Attempt Count (DS-CTS Sent) ---
  STA0: 272 P-EDCA attempts
  STA1: 50 P-EDCA attempts
  STA2: 187 P-EDCA attempts
  STA3: 155 P-EDCA attempts
  STA4: 39 P-EDCA attempts
  STA5: 180 P-EDCA attempts
  STA6: 49 P-EDCA attempts
  STA7: 132 P-EDCA attempts
  STA8: 3 P-EDCA attempts
  STA9: 247 P-EDCA attempts
  STA10: 84 P-EDCA attempts
  STA11: 248 P-EDCA attempts
  STA12: 111 P-EDCA attempts
  STA13: 90 P-EDCA attempts
  STA14: 184 P-EDCA attempts
  Total: 2031 P-EDCA attempts across 15 P-EDCA STAs
  Avg per P-EDCA STA: 135.4

--- [Stat 3] P-EDCA One-Shot Success Probability ---
  P-EDCA Success / DS-CTS Sent:      1440 / 2031 = 70.901 %
  P-EDCA Success / Stage2 TX Started: 1440 / 1539 = 93.5673 %  (given RTS was actually sent)

--- [Stat 4] EDCA One-Shot Success Ratio (0 retransmissions) ---
  Legacy STAs: 6723 / 6725 = 99.9703 %
  P-EDCA STAs: 7511 / 7514 = 99.9601 %  (MAC-level, includes both P-EDCA and EDCA paths)

--- [Stat 5] P-EDCA Kickback-to-EDCA Probability ---
  Total P-EDCA Failures: 103 / 2031 DS-CTS = 5.07139 %
    RTS No CTS:       57 (2.8065 %)
    RTS Collision:    42 (2.06795 %)
    Timing Expired:   0 (0 %)
    Deferral:         4 (0.196947 %)

--- [Stat 6] P-EDCA RTS Collision Probability ---
  RTS Collision / Stage2 TX Started: 42 / 1539 = 2.72904 %
  RTS Collision / DS-CTS Sent:       42 / 2031 = 2.06795 %

--- [Stat 7] P-EDCA Attempts per Successful P-EDCA TX ---
  DS-CTS Sent / P-EDCA Success: 2031 / 1440 = 1.41042 attempts/success
  Stage2 TX / P-EDCA Success:   1539 / 1440 = 1.06875 RTS/success

--- VO Delay PDF (MAC Delay) ---
bin_start_us,bin_end_us,bin_mid_us,pdf_per_us,probability,count
210,215,212.5,4.21378e-05,0.000210689,3
215,220,217.5,0.000154505,0.000772526,11
220,225,222.5,0.000140459,0.000702297,10
225,230,227.5,0.000126413,0.000632067,9
230,235,232.5,0.000112367,0.000561837,8
235,240,237.5,5.61837e-05,0.000280919,4
240,245,242.5,0.000112367,0.000561837,8
245,250,247.5,8.42756e-05,0.000421378,6
250,255,252.5,0.000112367,0.000561837,8
255,260,257.5,0.000126413,0.000632067,9
260,265,262.5,0.000112367,0.000561837,8
265,270,267.5,9.83215e-05,0.000491608,7
270,275,272.5,8.42756e-05,0.000421378,6
275,280,277.5,0.000126413,0.000632067,9
280,285,282.5,0.000112367,0.000561837,8
285,290,287.5,0.000140459,0.000702297,10
290,295,292.5,5.61837e-05,0.000280919,4
295,300,297.5,0.000140459,0.000702297,10
300,305,302.5,4.21378e-05,0.000210689,3
305,310,307.5,9.83215e-05,0.000491608,7
310,315,312.5,0.000126413,0.000632067,9
315,320,317.5,0.000224735,0.00112367,16
320,325,322.5,0.000140459,0.000702297,10
325,330,327.5,9.83215e-05,0.000491608,7
330,335,332.5,8.42756e-05,0.000421378,6
335,340,337.5,0.000126413,0.000632067,9
340,345,342.5,0.0015591,0.00779549,111
345,350,347.5,0.0022333,0.0111665,159
350,355,352.5,0.00112367,0.00561837,80
355,360,357.5,0.000660159,0.00330079,47
360,365,362.5,0.000702297,0.00351148,50
365,370,367.5,0.000547791,0.00273896,39
370,375,372.5,0.000786572,0.00393286,56
375,380,377.5,0.00030901,0.00154505,22
380,385,382.5,0.000168551,0.000842756,12
385,390,387.5,0.000393286,0.00196643,28
390,395,392.5,0.000365194,0.00182597,26
395,400,397.5,0.000294965,0.00147482,21
400,405,402.5,0.000407332,0.00203666,29
405,410,407.5,0.000463516,0.00231758,33
410,415,412.5,0.000266873,0.00133436,19
415,420,417.5,0.000323056,0.00161528,23
420,425,422.5,0.000393286,0.00196643,28
425,430,427.5,0.000337102,0.00168551,24
430,435,432.5,0.000266873,0.00133436,19
435,440,437.5,0.000224735,0.00112367,16
440,445,442.5,0.000238781,0.0011939,17
445,450,447.5,0.000365194,0.00182597,26
450,455,452.5,0.0151696,0.075848,1080
455,460,457.5,0.000337102,0.00168551,24
460,465,462.5,0.000280919,0.00140459,20
465,470,467.5,0.000252827,0.00126413,18
470,475,472.5,0.000323056,0.00161528,23
475,480,477.5,0.000365194,0.00182597,26
480,485,482.5,0.000337102,0.00168551,24
485,490,487.5,0.000294965,0.00147482,21
490,495,492.5,0.000463516,0.00231758,33
495,500,497.5,0.000477562,0.00238781,34
500,505,502.5,0.000477562,0.00238781,34
505,510,507.5,0.00030901,0.00154505,22
510,515,512.5,0.000224735,0.00112367,16
515,520,517.5,0.000238781,0.0011939,17
520,525,522.5,0.000294965,0.00147482,21
525,530,527.5,0.000280919,0.00140459,20
530,535,532.5,0.00037924,0.0018962,27
535,540,537.5,0.000252827,0.00126413,18
540,545,542.5,0.000365194,0.00182597,26
545,550,547.5,0.000407332,0.00203666,29
550,555,552.5,0.000168551,0.000842756,12
555,560,557.5,0.00037924,0.0018962,27
560,565,562.5,0.000674205,0.00337102,48
565,570,567.5,0.000491608,0.00245804,35
570,575,572.5,0.000491608,0.00245804,35
575,580,577.5,0.000294965,0.00147482,21
580,585,582.5,0.000337102,0.00168551,24
585,590,587.5,0.000351148,0.00175574,25
590,595,592.5,0.000266873,0.00133436,19
595,600,597.5,0.000337102,0.00168551,24
600,605,602.5,0.000365194,0.00182597,26
605,610,607.5,0.000294965,0.00147482,21
610,615,612.5,0.000238781,0.0011939,17
615,620,617.5,0.000421378,0.00210689,30
620,625,622.5,0.000477562,0.00238781,34
625,630,627.5,0.00037924,0.0018962,27
630,635,632.5,0.000533745,0.00266873,38
635,640,637.5,0.000294965,0.00147482,21
640,645,642.5,0.000323056,0.00161528,23
645,650,647.5,0.000266873,0.00133436,19
650,655,652.5,0.00044947,0.00224735,32
655,660,657.5,0.000294965,0.00147482,21
660,665,662.5,0.000365194,0.00182597,26
665,670,667.5,0.00037924,0.0018962,27
670,675,672.5,0.00342721,0.017136,244
675,680,677.5,0.000294965,0.00147482,21
680,685,682.5,0.000323056,0.00161528,23
685,690,687.5,0.000266873,0.00133436,19
690,695,692.5,0.000252827,0.00126413,18
695,700,697.5,0.00030901,0.00154505,22
700,705,702.5,0.000323056,0.00161528,23
705,710,707.5,0.000323056,0.00161528,23
710,715,712.5,0.00030901,0.00154505,22
715,720,717.5,0.000252827,0.00126413,18
720,725,722.5,0.000393286,0.00196643,28
725,730,727.5,0.000435424,0.00217712,31
730,735,732.5,0.000252827,0.00126413,18
735,740,737.5,0.000252827,0.00126413,18
740,745,742.5,0.000365194,0.00182597,26
745,750,747.5,0.000294965,0.00147482,21
750,755,752.5,0.000252827,0.00126413,18
755,760,757.5,0.000266873,0.00133436,19
760,765,762.5,0.000294965,0.00147482,21
765,770,767.5,0.00037924,0.0018962,27
770,775,772.5,0.000365194,0.00182597,26
775,780,777.5,0.000407332,0.00203666,29
780,785,782.5,0.000561837,0.00280919,40
785,790,787.5,0.000421378,0.00210689,30
790,795,792.5,0.00030901,0.00154505,22
795,800,797.5,0.000112367,0.000561837,8
800,805,802.5,0.000210689,0.00105344,15
805,810,807.5,0.000351148,0.00175574,25
810,815,812.5,0.000238781,0.0011939,17
815,820,817.5,0.000266873,0.00133436,19
820,825,822.5,0.000154505,0.000772526,11
825,830,827.5,0.000238781,0.0011939,17
830,835,832.5,0.000210689,0.00105344,15
835,840,837.5,0.000280919,0.00140459,20
840,845,842.5,0.00030901,0.00154505,22
845,850,847.5,0.00030901,0.00154505,22
850,855,852.5,0.000323056,0.00161528,23
855,860,857.5,0.000224735,0.00112367,16
860,865,862.5,0.00030901,0.00154505,22
865,870,867.5,0.000491608,0.00245804,35
870,875,872.5,0.000280919,0.00140459,20
875,880,877.5,0.00030901,0.00154505,22
880,885,882.5,0.000182597,0.000912985,13
885,890,887.5,0.000266873,0.00133436,19
890,895,892.5,0.000646113,0.00323056,46
895,900,897.5,0.000323056,0.00161528,23
900,905,902.5,0.000210689,0.00105344,15
905,910,907.5,0.000154505,0.000772526,11
910,915,912.5,0.000252827,0.00126413,18
915,920,917.5,0.000140459,0.000702297,10
920,925,922.5,0.000280919,0.00140459,20
925,930,927.5,0.000140459,0.000702297,10
930,935,932.5,0.000238781,0.0011939,17
935,940,937.5,0.000323056,0.00161528,23
940,945,942.5,0.000337102,0.00168551,24
945,950,947.5,0.000294965,0.00147482,21
950,955,952.5,0.000294965,0.00147482,21
955,960,957.5,0.000266873,0.00133436,19
960,965,962.5,0.000252827,0.00126413,18
965,970,967.5,0.000266873,0.00133436,19
970,975,972.5,0.000238781,0.0011939,17
975,980,977.5,0.000224735,0.00112367,16
980,985,982.5,0.00044947,0.00224735,32
985,990,987.5,0.000252827,0.00126413,18
990,995,992.5,0.000196643,0.000983215,14
995,1000,997.5,0.000224735,0.00112367,16
1000,1005,1002.5,0.000337102,0.00168551,24
1005,1010,1007.5,0.00030901,0.00154505,22
1010,1015,1012.5,0.000168551,0.000842756,12
1015,1020,1017.5,0.000196643,0.000983215,14
1020,1025,1022.5,0.000238781,0.0011939,17
1025,1030,1027.5,0.000224735,0.00112367,16
1030,1035,1032.5,0.000252827,0.00126413,18
1035,1040,1037.5,0.000323056,0.00161528,23
1040,1045,1042.5,0.00037924,0.0018962,27
1045,1050,1047.5,0.000294965,0.00147482,21
1050,1055,1052.5,0.00030901,0.00154505,22
1055,1060,1057.5,0.000210689,0.00105344,15
1060,1065,1062.5,0.000323056,0.00161528,23
1065,1070,1067.5,0.000393286,0.00196643,28
1070,1075,1072.5,0.000224735,0.00112367,16
1075,1080,1077.5,0.000491608,0.00245804,35
1080,1085,1082.5,0.000252827,0.00126413,18
1085,1090,1087.5,0.000266873,0.00133436,19
1090,1095,1092.5,0.000337102,0.00168551,24
1095,1100,1097.5,0.000238781,0.0011939,17
1100,1105,1102.5,0.000337102,0.00168551,24
1105,1110,1107.5,0.000294965,0.00147482,21
1110,1115,1112.5,0.00030901,0.00154505,22
1115,1120,1117.5,0.00037924,0.0018962,27
1120,1125,1122.5,0.000238781,0.0011939,17
1125,1130,1127.5,0.000294965,0.00147482,21
1130,1135,1132.5,0.000210689,0.00105344,15
1135,1140,1137.5,0.000365194,0.00182597,26
1140,1145,1142.5,0.000266873,0.00133436,19
1145,1150,1147.5,0.00030901,0.00154505,22
1150,1155,1152.5,0.000266873,0.00133436,19
1155,1160,1157.5,0.000351148,0.00175574,25
1160,1165,1162.5,0.000294965,0.00147482,21
1165,1170,1167.5,0.000224735,0.00112367,16
1170,1175,1172.5,0.000294965,0.00147482,21
1175,1180,1177.5,0.000238781,0.0011939,17
1180,1185,1182.5,0.000210689,0.00105344,15
1185,1190,1187.5,0.000337102,0.00168551,24
1190,1195,1192.5,0.000294965,0.00147482,21
1195,1200,1197.5,0.000210689,0.00105344,15
1200,1205,1202.5,0.00037924,0.0018962,27
1205,1210,1207.5,0.000266873,0.00133436,19
1210,1215,1212.5,0.000351148,0.00175574,25
1215,1220,1217.5,0.000238781,0.0011939,17
1220,1225,1222.5,0.000393286,0.00196643,28
1225,1230,1227.5,0.000252827,0.00126413,18
1230,1235,1232.5,0.000266873,0.00133436,19
1235,1240,1237.5,0.000224735,0.00112367,16
1240,1245,1242.5,0.000154505,0.000772526,11
1245,1250,1247.5,0.000323056,0.00161528,23
1250,1255,1252.5,0.000168551,0.000842756,12
1255,1260,1257.5,0.000196643,0.000983215,14
1260,1265,1262.5,0.000351148,0.00175574,25
1265,1270,1267.5,0.000112367,0.000561837,8
1270,1275,1272.5,0.000182597,0.000912985,13
1275,1280,1277.5,0.000280919,0.00140459,20
1280,1285,1282.5,0.000337102,0.00168551,24
1285,1290,1287.5,0.000280919,0.00140459,20
1290,1295,1292.5,0.000266873,0.00133436,19
1295,1300,1297.5,0.000140459,0.000702297,10
1300,1305,1302.5,0.000196643,0.000983215,14
1305,1310,1307.5,0.000266873,0.00133436,19
1310,1315,1312.5,0.00030901,0.00154505,22
1315,1320,1317.5,0.000280919,0.00140459,20
1320,1325,1322.5,0.00030901,0.00154505,22
1325,1330,1327.5,0.000224735,0.00112367,16
1330,1335,1332.5,0.000294965,0.00147482,21
1335,1340,1337.5,0.000224735,0.00112367,16
1340,1345,1342.5,0.000280919,0.00140459,20
1345,1350,1347.5,0.000140459,0.000702297,10
1350,1355,1352.5,0.000294965,0.00147482,21
1355,1360,1357.5,0.000294965,0.00147482,21
1360,1365,1362.5,0.000168551,0.000842756,12
1365,1370,1367.5,0.000238781,0.0011939,17
1370,1375,1372.5,0.000224735,0.00112367,16
1375,1380,1377.5,0.000238781,0.0011939,17
1380,1385,1382.5,0.000238781,0.0011939,17
1385,1390,1387.5,0.000196643,0.000983215,14
1390,1395,1392.5,0.000168551,0.000842756,12
1395,1400,1397.5,0.000323056,0.00161528,23
1400,1405,1402.5,0.000252827,0.00126413,18
1405,1410,1407.5,0.000126413,0.000632067,9
1410,1415,1412.5,0.000168551,0.000842756,12
1415,1420,1417.5,0.000168551,0.000842756,12
1420,1425,1422.5,0.000224735,0.00112367,16
1425,1430,1427.5,0.000238781,0.0011939,17
1430,1435,1432.5,0.000182597,0.000912985,13
1435,1440,1437.5,0.000168551,0.000842756,12
1440,1445,1442.5,0.000168551,0.000842756,12
1445,1450,1447.5,0.000182597,0.000912985,13
1450,1455,1452.5,0.000252827,0.00126413,18
1455,1460,1457.5,0.000266873,0.00133436,19
1460,1465,1462.5,0.000196643,0.000983215,14
1465,1470,1467.5,0.000196643,0.000983215,14
1470,1475,1472.5,0.000196643,0.000983215,14
1475,1480,1477.5,0.000351148,0.00175574,25
1480,1485,1482.5,0.000252827,0.00126413,18
1485,1490,1487.5,0.000252827,0.00126413,18
1490,1495,1492.5,0.000280919,0.00140459,20
1495,1500,1497.5,0.000210689,0.00105344,15
1500,1505,1502.5,0.000168551,0.000842756,12
1505,1510,1507.5,0.000224735,0.00112367,16
1510,1515,1512.5,0.000196643,0.000983215,14
1515,1520,1517.5,0.000154505,0.000772526,11
1520,1525,1522.5,0.000224735,0.00112367,16
1525,1530,1527.5,0.000337102,0.00168551,24
1530,1535,1532.5,0.000182597,0.000912985,13
1535,1540,1537.5,0.000182597,0.000912985,13
1540,1545,1542.5,0.000252827,0.00126413,18
1545,1550,1547.5,0.000238781,0.0011939,17
1550,1555,1552.5,0.000196643,0.000983215,14
1555,1560,1557.5,0.000224735,0.00112367,16
1560,1565,1562.5,0.000182597,0.000912985,13
1565,1570,1567.5,0.000280919,0.00140459,20
1570,1575,1572.5,0.000238781,0.0011939,17
1575,1580,1577.5,0.000168551,0.000842756,12
1580,1585,1582.5,0.000238781,0.0011939,17
1585,1590,1587.5,0.000266873,0.00133436,19
1590,1595,1592.5,0.000196643,0.000983215,14
1595,1600,1597.5,0.000252827,0.00126413,18
1600,1605,1602.5,0.000154505,0.000772526,11
1605,1610,1607.5,0.000140459,0.000702297,10
1610,1615,1612.5,0.000196643,0.000983215,14
1615,1620,1617.5,0.00030901,0.00154505,22
1620,1625,1622.5,0.000154505,0.000772526,11
1625,1630,1627.5,0.000224735,0.00112367,16
1630,1635,1632.5,0.000182597,0.000912985,13
1635,1640,1637.5,0.000154505,0.000772526,11
1640,1645,1642.5,0.000140459,0.000702297,10
1645,1650,1647.5,0.000224735,0.00112367,16
1650,1655,1652.5,0.000224735,0.00112367,16
1655,1660,1657.5,0.000154505,0.000772526,11
1660,1665,1662.5,0.000238781,0.0011939,17
1665,1670,1667.5,0.000224735,0.00112367,16
1670,1675,1672.5,0.000168551,0.000842756,12
1675,1680,1677.5,0.000154505,0.000772526,11
1680,1685,1682.5,0.000252827,0.00126413,18
1685,1690,1687.5,0.000168551,0.000842756,12
1690,1695,1692.5,0.000224735,0.00112367,16
1695,1700,1697.5,0.000238781,0.0011939,17
1700,1705,1702.5,0.000182597,0.000912985,13
1705,1710,1707.5,0.000154505,0.000772526,11
1710,1715,1712.5,0.000196643,0.000983215,14
1715,1720,1717.5,0.000196643,0.000983215,14
1720,1725,1722.5,0.000196643,0.000983215,14
1725,1730,1727.5,0.000210689,0.00105344,15
1730,1735,1732.5,0.000210689,0.00105344,15
1735,1740,1737.5,0.000252827,0.00126413,18
1740,1745,1742.5,0.000182597,0.000912985,13
1745,1750,1747.5,0.000168551,0.000842756,12
1750,1755,1752.5,0.000154505,0.000772526,11
1755,1760,1757.5,0.000238781,0.0011939,17
1760,1765,1762.5,0.000280919,0.00140459,20
1765,1770,1767.5,0.000238781,0.0011939,17
1770,1775,1772.5,0.000154505,0.000772526,11
1775,1780,1777.5,0.000140459,0.000702297,10
1780,1785,1782.5,0.000224735,0.00112367,16
1785,1790,1787.5,0.000196643,0.000983215,14
1790,1795,1792.5,0.000140459,0.000702297,10
1795,1800,1797.5,0.000182597,0.000912985,13
1800,1805,1802.5,0.000196643,0.000983215,14
1805,1810,1807.5,0.000168551,0.000842756,12
1810,1815,1812.5,0.000112367,0.000561837,8
1815,1820,1817.5,9.83215e-05,0.000491608,7
1820,1825,1822.5,0.000196643,0.000983215,14
1825,1830,1827.5,0.000196643,0.000983215,14
1830,1835,1832.5,0.000126413,0.000632067,9
1835,1840,1837.5,0.000126413,0.000632067,9
1840,1845,1842.5,0.000252827,0.00126413,18
1845,1850,1847.5,0.000168551,0.000842756,12
1850,1855,1852.5,9.83215e-05,0.000491608,7
1855,1860,1857.5,0.000210689,0.00105344,15
1860,1865,1862.5,0.000112367,0.000561837,8
1865,1870,1867.5,0.000196643,0.000983215,14
1870,1875,1872.5,0.000196643,0.000983215,14
1875,1880,1877.5,0.000168551,0.000842756,12
1880,1885,1882.5,0.000168551,0.000842756,12
1885,1890,1887.5,0.000182597,0.000912985,13
1890,1895,1892.5,9.83215e-05,0.000491608,7
1895,1900,1897.5,0.000154505,0.000772526,11
1900,1905,1902.5,0.000196643,0.000983215,14
1905,1910,1907.5,0.000294965,0.00147482,21
1910,1915,1912.5,0.000182597,0.000912985,13
1915,1920,1917.5,0.000224735,0.00112367,16
1920,1925,1922.5,0.000140459,0.000702297,10
1925,1930,1927.5,0.000182597,0.000912985,13
1930,1935,1932.5,0.000196643,0.000983215,14
1935,1940,1937.5,0.000112367,0.000561837,8
1940,1945,1942.5,0.000196643,0.000983215,14
1945,1950,1947.5,8.42756e-05,0.000421378,6
1950,1955,1952.5,0.000280919,0.00140459,20
1955,1960,1957.5,0.000224735,0.00112367,16
1960,1965,1962.5,0.000126413,0.000632067,9
1965,1970,1967.5,0.000140459,0.000702297,10
1970,1975,1972.5,9.83215e-05,0.000491608,7
1975,1980,1977.5,0.000224735,0.00112367,16
1980,1985,1982.5,0.000252827,0.00126413,18
1985,1990,1987.5,0.000126413,0.000632067,9
1990,1995,1992.5,0.000196643,0.000983215,14
1995,2000,1997.5,0.000224735,0.00112367,16
2000,2005,2002.5,0.000210689,0.00105344,15
2005,2010,2007.5,0.000238781,0.0011939,17
2010,2015,2012.5,0.000168551,0.000842756,12
2015,2020,2017.5,0.000266873,0.00133436,19
2020,2025,2022.5,0.000154505,0.000772526,11
2025,2030,2027.5,0.000154505,0.000772526,11
2030,2035,2032.5,0.000196643,0.000983215,14
2035,2040,2037.5,0.000112367,0.000561837,8
2040,2045,2042.5,0.000140459,0.000702297,10
2045,2050,2047.5,0.000126413,0.000632067,9
2050,2055,2052.5,0.000154505,0.000772526,11
2055,2060,2057.5,0.000126413,0.000632067,9
2060,2065,2062.5,0.000140459,0.000702297,10
2065,2070,2067.5,0.000196643,0.000983215,14
2070,2075,2072.5,0.000294965,0.00147482,21
2075,2080,2077.5,0.000224735,0.00112367,16
2080,2085,2082.5,0.000140459,0.000702297,10
2085,2090,2087.5,0.000196643,0.000983215,14
2090,2095,2092.5,8.42756e-05,0.000421378,6
2095,2100,2097.5,0.000210689,0.00105344,15
2100,2105,2102.5,0.000154505,0.000772526,11
2105,2110,2107.5,9.83215e-05,0.000491608,7
2110,2115,2112.5,0.000154505,0.000772526,11
2115,2120,2117.5,0.000112367,0.000561837,8
2120,2125,2122.5,0.000196643,0.000983215,14
2125,2130,2127.5,0.000210689,0.00105344,15
2130,2135,2132.5,0.000140459,0.000702297,10
2135,2140,2137.5,0.000280919,0.00140459,20
2140,2145,2142.5,0.000140459,0.000702297,10
2145,2150,2147.5,0.000196643,0.000983215,14
2150,2155,2152.5,0.000224735,0.00112367,16
2155,2160,2157.5,0.000182597,0.000912985,13
2160,2165,2162.5,0.000280919,0.00140459,20
2165,2170,2167.5,0.000168551,0.000842756,12
2170,2175,2172.5,0.000182597,0.000912985,13
2175,2180,2177.5,0.000182597,0.000912985,13
2180,2185,2182.5,0.000112367,0.000561837,8
2185,2190,2187.5,0.000112367,0.000561837,8
2190,2195,2192.5,0.000126413,0.000632067,9
2195,2200,2197.5,0.000168551,0.000842756,12
2200,2205,2202.5,9.83215e-05,0.000491608,7
2205,2210,2207.5,0.000154505,0.000772526,11
2210,2215,2212.5,0.000182597,0.000912985,13
2215,2220,2217.5,0.000196643,0.000983215,14
2220,2225,2222.5,0.000196643,0.000983215,14
2225,2230,2227.5,0.000126413,0.000632067,9
2230,2235,2232.5,0.000224735,0.00112367,16
2235,2240,2237.5,0.000224735,0.00112367,16
2240,2245,2242.5,0.000126413,0.000632067,9
2245,2250,2247.5,0.000168551,0.000842756,12
2250,2255,2252.5,0.000126413,0.000632067,9
2255,2260,2257.5,0.000154505,0.000772526,11
2260,2265,2262.5,0.000196643,0.000983215,14
2265,2270,2267.5,0.000182597,0.000912985,13
2270,2275,2272.5,0.000112367,0.000561837,8
2275,2280,2277.5,9.83215e-05,0.000491608,7
2280,2285,2282.5,0.000126413,0.000632067,9
2285,2290,2287.5,9.83215e-05,0.000491608,7
2290,2295,2292.5,0.000210689,0.00105344,15
2295,2300,2297.5,0.000210689,0.00105344,15
2300,2305,2302.5,8.42756e-05,0.000421378,6
2305,2310,2307.5,0.000224735,0.00112367,16
2310,2315,2312.5,0.000140459,0.000702297,10
2315,2320,2317.5,7.02297e-05,0.000351148,5
2320,2325,2322.5,0.000168551,0.000842756,12
2325,2330,2327.5,0.000196643,0.000983215,14
2330,2335,2332.5,0.000140459,0.000702297,10
2335,2340,2337.5,0.000154505,0.000772526,11
2340,2345,2342.5,0.000154505,0.000772526,11
2345,2350,2347.5,8.42756e-05,0.000421378,6
2350,2355,2352.5,0.000168551,0.000842756,12
2355,2360,2357.5,0.000140459,0.000702297,10
2360,2365,2362.5,0.000182597,0.000912985,13
2365,2370,2367.5,0.000196643,0.000983215,14
2370,2375,2372.5,0.000168551,0.000842756,12
2375,2380,2377.5,0.000140459,0.000702297,10
2380,2385,2382.5,0.000112367,0.000561837,8
2385,2390,2387.5,0.000224735,0.00112367,16
2390,2395,2392.5,0.000126413,0.000632067,9
2395,2400,2397.5,4.21378e-05,0.000210689,3
2400,2405,2402.5,0.000182597,0.000912985,13
2405,2410,2407.5,0.000112367,0.000561837,8
2410,2415,2412.5,0.000238781,0.0011939,17
2415,2420,2417.5,0.000154505,0.000772526,11
2420,2425,2422.5,0.000126413,0.000632067,9
2425,2430,2427.5,0.000182597,0.000912985,13
2430,2435,2432.5,9.83215e-05,0.000491608,7
2435,2440,2437.5,0.000168551,0.000842756,12
2440,2445,2442.5,0.000210689,0.00105344,15
2445,2450,2447.5,0.000126413,0.000632067,9
2450,2455,2452.5,7.02297e-05,0.000351148,5
2455,2460,2457.5,7.02297e-05,0.000351148,5
2460,2465,2462.5,0.000140459,0.000702297,10
2465,2470,2467.5,0.000112367,0.000561837,8
2470,2475,2472.5,0.000168551,0.000842756,12
2475,2480,2477.5,0.000224735,0.00112367,16
2480,2485,2482.5,0.000126413,0.000632067,9
2485,2490,2487.5,0.000112367,0.000561837,8
2490,2495,2492.5,0.000126413,0.000632067,9
2495,2500,2497.5,0.000168551,0.000842756,12
2500,2505,2502.5,0.000126413,0.000632067,9
2505,2510,2507.5,1.40459e-05,7.02297e-05,1
2510,2515,2512.5,0.000126413,0.000632067,9
2515,2520,2517.5,0.000168551,0.000842756,12
2520,2525,2522.5,0.000168551,0.000842756,12
2525,2530,2527.5,0.000126413,0.000632067,9
2530,2535,2532.5,0.000154505,0.000772526,11
2535,2540,2537.5,0.000126413,0.000632067,9
2540,2545,2542.5,5.61837e-05,0.000280919,4
2545,2550,2547.5,0.000168551,0.000842756,12
2550,2555,2552.5,0.000168551,0.000842756,12
2555,2560,2557.5,0.000126413,0.000632067,9
2560,2565,2562.5,0.000140459,0.000702297,10
2565,2570,2567.5,0.000126413,0.000632067,9
2570,2575,2572.5,9.83215e-05,0.000491608,7
2575,2580,2577.5,0.000182597,0.000912985,13
2580,2585,2582.5,9.83215e-05,0.000491608,7
2585,2590,2587.5,0.000126413,0.000632067,9
2590,2595,2592.5,0.000140459,0.000702297,10
2595,2600,2597.5,0.000126413,0.000632067,9
2600,2605,2602.5,8.42756e-05,0.000421378,6
2605,2610,2607.5,0.000154505,0.000772526,11
2610,2615,2612.5,0.000112367,0.000561837,8
2615,2620,2617.5,0.000154505,0.000772526,11
2620,2625,2622.5,0.000182597,0.000912985,13
2625,2630,2627.5,0.000126413,0.000632067,9
2630,2635,2632.5,0.000112367,0.000561837,8
2635,2640,2637.5,0.000182597,0.000912985,13
2640,2645,2642.5,0.000112367,0.000561837,8
2645,2650,2647.5,0.000154505,0.000772526,11
2650,2655,2652.5,0.000182597,0.000912985,13
2655,2660,2657.5,9.83215e-05,0.000491608,7
2660,2665,2662.5,0.000140459,0.000702297,10
2665,2670,2667.5,0.000112367,0.000561837,8
2670,2675,2672.5,8.42756e-05,0.000421378,6
2675,2680,2677.5,7.02297e-05,0.000351148,5
2680,2685,2682.5,0.000126413,0.000632067,9
2685,2690,2687.5,8.42756e-05,0.000421378,6
2690,2695,2692.5,8.42756e-05,0.000421378,6
2695,2700,2697.5,0.000112367,0.000561837,8
2700,2705,2702.5,0.000112367,0.000561837,8
2705,2710,2707.5,8.42756e-05,0.000421378,6
2710,2715,2712.5,0.000126413,0.000632067,9
2715,2720,2717.5,0.000154505,0.000772526,11
2720,2725,2722.5,0.000112367,0.000561837,8
2725,2730,2727.5,0.000112367,0.000561837,8
2730,2735,2732.5,0.000126413,0.000632067,9
2735,2740,2737.5,0.000168551,0.000842756,12
2740,2745,2742.5,7.02297e-05,0.000351148,5
2745,2750,2747.5,5.61837e-05,0.000280919,4
2750,2755,2752.5,0.000112367,0.000561837,8
2755,2760,2757.5,0.000126413,0.000632067,9
2760,2765,2762.5,4.21378e-05,0.000210689,3
2765,2770,2767.5,0.000112367,0.000561837,8
2770,2775,2772.5,0.000140459,0.000702297,10
2775,2780,2777.5,0.000168551,0.000842756,12
2780,2785,2782.5,0.000140459,0.000702297,10
2785,2790,2787.5,0.000112367,0.000561837,8
2790,2795,2792.5,0.000140459,0.000702297,10
2795,2800,2797.5,2.80919e-05,0.000140459,2
2800,2805,2802.5,0.000126413,0.000632067,9
2805,2810,2807.5,0.000182597,0.000912985,13
2810,2815,2812.5,9.83215e-05,0.000491608,7
2815,2820,2817.5,0.000140459,0.000702297,10
2820,2825,2822.5,0.000182597,0.000912985,13
2825,2830,2827.5,0.000168551,0.000842756,12
2830,2835,2832.5,0.000140459,0.000702297,10
2835,2840,2837.5,0.000140459,0.000702297,10
2840,2845,2842.5,9.83215e-05,0.000491608,7
2845,2850,2847.5,8.42756e-05,0.000421378,6
2850,2855,2852.5,0.000154505,0.000772526,11
2855,2860,2857.5,0.000210689,0.00105344,15
2860,2865,2862.5,0.000182597,0.000912985,13
2865,2870,2867.5,0.000154505,0.000772526,11
2870,2875,2872.5,0.000168551,0.000842756,12
2875,2880,2877.5,9.83215e-05,0.000491608,7
2880,2885,2882.5,0.000126413,0.000632067,9
2885,2890,2887.5,8.42756e-05,0.000421378,6
2890,2895,2892.5,9.83215e-05,0.000491608,7
2895,2900,2897.5,0.000140459,0.000702297,10
2900,2905,2902.5,8.42756e-05,0.000421378,6
2905,2910,2907.5,0.000126413,0.000632067,9
2910,2915,2912.5,0.000196643,0.000983215,14
2915,2920,2917.5,0.000168551,0.000842756,12
2920,2925,2922.5,8.42756e-05,0.000421378,6
2925,2930,2927.5,0.000112367,0.000561837,8
2930,2935,2932.5,0.000154505,0.000772526,11
2935,2940,2937.5,0.000112367,0.000561837,8
2940,2945,2942.5,5.61837e-05,0.000280919,4
2945,2950,2947.5,0.000126413,0.000632067,9
2950,2955,2952.5,0.000140459,0.000702297,10
2955,2960,2957.5,0.000154505,0.000772526,11
2960,2965,2962.5,0.000126413,0.000632067,9
2965,2970,2967.5,0.000126413,0.000632067,9
2970,2975,2972.5,0.000140459,0.000702297,10
2975,2980,2977.5,0.000140459,0.000702297,10
2980,2985,2982.5,0.000112367,0.000561837,8
2985,2990,2987.5,0.000112367,0.000561837,8
2990,2995,2992.5,0.000126413,0.000632067,9
2995,3000,2997.5,0.000168551,0.000842756,12
3000,3005,3002.5,0.000154505,0.000772526,11
3005,3010,3007.5,0.000140459,0.000702297,10
3010,3015,3012.5,0.000210689,0.00105344,15
3015,3020,3017.5,0.000182597,0.000912985,13
3020,3025,3022.5,9.83215e-05,0.000491608,7
3025,3030,3027.5,0.000140459,0.000702297,10
3030,3035,3032.5,0.000112367,0.000561837,8
3035,3040,3037.5,8.42756e-05,0.000421378,6
3040,3045,3042.5,0.000168551,0.000842756,12
3045,3050,3047.5,0.000112367,0.000561837,8
3050,3055,3052.5,0.000126413,0.000632067,9
3055,3060,3057.5,0.000126413,0.000632067,9
3060,3065,3062.5,7.02297e-05,0.000351148,5
3065,3070,3067.5,9.83215e-05,0.000491608,7
3070,3075,3072.5,0.000140459,0.000702297,10
3075,3080,3077.5,0.000126413,0.000632067,9
3080,3085,3082.5,7.02297e-05,0.000351148,5
3085,3090,3087.5,0.000126413,0.000632067,9
3090,3095,3092.5,9.83215e-05,0.000491608,7
3095,3100,3097.5,7.02297e-05,0.000351148,5
3100,3105,3102.5,0.000140459,0.000702297,10
3105,3110,3107.5,0.000154505,0.000772526,11
3110,3115,3112.5,9.83215e-05,0.000491608,7
3115,3120,3117.5,0.000154505,0.000772526,11
3120,3125,3122.5,0.000182597,0.000912985,13
3125,3130,3127.5,1.40459e-05,7.02297e-05,1
3130,3135,3132.5,0.000112367,0.000561837,8
3135,3140,3137.5,7.02297e-05,0.000351148,5
3140,3145,3142.5,0.000126413,0.000632067,9
3145,3150,3147.5,0.000210689,0.00105344,15
3150,3155,3152.5,9.83215e-05,0.000491608,7
3155,3160,3157.5,0.000112367,0.000561837,8
3160,3165,3162.5,0.000168551,0.000842756,12
3165,3170,3167.5,0.000112367,0.000561837,8
3170,3175,3172.5,0.000126413,0.000632067,9
3175,3180,3177.5,0.000154505,0.000772526,11
3180,3185,3182.5,4.21378e-05,0.000210689,3
3185,3190,3187.5,0.000112367,0.000561837,8
3190,3195,3192.5,7.02297e-05,0.000351148,5
3195,3200,3197.5,0.000168551,0.000842756,12
3200,3205,3202.5,0.000196643,0.000983215,14
3205,3210,3207.5,8.42756e-05,0.000421378,6
3210,3215,3212.5,0.000112367,0.000561837,8
3215,3220,3217.5,0.000112367,0.000561837,8
3220,3225,3222.5,0.000112367,0.000561837,8
3225,3230,3227.5,0.000112367,0.000561837,8
3230,3235,3232.5,0.000112367,0.000561837,8
3235,3240,3237.5,0.000112367,0.000561837,8
3240,3245,3242.5,0.000154505,0.000772526,11
3245,3250,3247.5,7.02297e-05,0.000351148,5
3250,3255,3252.5,0.000112367,0.000561837,8
3255,3260,3257.5,0.000112367,0.000561837,8
3260,3265,3262.5,0.000168551,0.000842756,12
3265,3270,3267.5,0.000182597,0.000912985,13
3270,3275,3272.5,9.83215e-05,0.000491608,7
3275,3280,3277.5,0.000154505,0.000772526,11
3280,3285,3282.5,0.000126413,0.000632067,9
3285,3290,3287.5,0.000140459,0.000702297,10
3290,3295,3292.5,0.000112367,0.000561837,8
3295,3300,3297.5,9.83215e-05,0.000491608,7
3300,3305,3302.5,0.000112367,0.000561837,8
3305,3310,3307.5,9.83215e-05,0.000491608,7
3310,3315,3312.5,0.000126413,0.000632067,9
3315,3320,3317.5,0.000140459,0.000702297,10
3320,3325,3322.5,0.000154505,0.000772526,11
3325,3330,3327.5,0.000126413,0.000632067,9
3330,3335,3332.5,0.000196643,0.000983215,14
3335,3340,3337.5,1.40459e-05,7.02297e-05,1
3340,3345,3342.5,0.000196643,0.000983215,14
3345,3350,3347.5,4.21378e-05,0.000210689,3
3350,3355,3352.5,0.000140459,0.000702297,10
3355,3360,3357.5,9.83215e-05,0.000491608,7
3360,3365,3362.5,0.000112367,0.000561837,8
3365,3370,3367.5,0.000182597,0.000912985,13
3370,3375,3372.5,0.000196643,0.000983215,14
3375,3380,3377.5,0.000182597,0.000912985,13
3380,3385,3382.5,7.02297e-05,0.000351148,5
3385,3390,3387.5,9.83215e-05,0.000491608,7
3390,3395,3392.5,0.000210689,0.00105344,15
3395,3400,3397.5,8.42756e-05,0.000421378,6
3400,3405,3402.5,5.61837e-05,0.000280919,4
3405,3410,3407.5,0.000154505,0.000772526,11
3410,3415,3412.5,9.83215e-05,0.000491608,7
3415,3420,3417.5,0.000112367,0.000561837,8
3420,3425,3422.5,7.02297e-05,0.000351148,5
3425,3430,3427.5,0.000140459,0.000702297,10
3430,3435,3432.5,0.000168551,0.000842756,12
3435,3440,3437.5,0.000196643,0.000983215,14
3440,3445,3442.5,0.000112367,0.000561837,8
3445,3450,3447.5,0.000126413,0.000632067,9
3450,3455,3452.5,0.000154505,0.000772526,11
3455,3460,3457.5,5.61837e-05,0.000280919,4
3460,3465,3462.5,0.000182597,0.000912985,13
3465,3470,3467.5,0.000154505,0.000772526,11
3470,3475,3472.5,9.83215e-05,0.000491608,7
3475,3480,3477.5,8.42756e-05,0.000421378,6
3480,3485,3482.5,5.61837e-05,0.000280919,4
3485,3490,3487.5,0.000126413,0.000632067,9
3490,3495,3492.5,9.83215e-05,0.000491608,7
3495,3500,3497.5,8.42756e-05,0.000421378,6
3500,3505,3502.5,4.21378e-05,0.000210689,3
3505,3510,3507.5,0.000126413,0.000632067,9
3510,3515,3512.5,0.000140459,0.000702297,10
3515,3520,3517.5,9.83215e-05,0.000491608,7
3520,3525,3522.5,0.000112367,0.000561837,8
3525,3530,3527.5,0.000112367,0.000561837,8
3530,3535,3532.5,9.83215e-05,0.000491608,7
3535,3540,3537.5,8.42756e-05,0.000421378,6
3540,3545,3542.5,9.83215e-05,0.000491608,7
3545,3550,3547.5,0.000126413,0.000632067,9
3550,3555,3552.5,0.000126413,0.000632067,9
3555,3560,3557.5,0.000112367,0.000561837,8
3560,3565,3562.5,9.83215e-05,0.000491608,7
3565,3570,3567.5,0.000140459,0.000702297,10
3570,3575,3572.5,8.42756e-05,0.000421378,6
3575,3580,3577.5,5.61837e-05,0.000280919,4
3580,3585,3582.5,0.000112367,0.000561837,8
3585,3590,3587.5,0.000168551,0.000842756,12
3590,3595,3592.5,5.61837e-05,0.000280919,4
3595,3600,3597.5,9.83215e-05,0.000491608,7
3600,3605,3602.5,0.000126413,0.000632067,9
3605,3610,3607.5,0.000182597,0.000912985,13
3610,3615,3612.5,0.000112367,0.000561837,8
3615,3620,3617.5,0.000140459,0.000702297,10
3620,3625,3622.5,8.42756e-05,0.000421378,6
3625,3630,3627.5,0.000168551,0.000842756,12
3630,3635,3632.5,8.42756e-05,0.000421378,6
3635,3640,3637.5,7.02297e-05,0.000351148,5
3640,3645,3642.5,0.000126413,0.000632067,9
3645,3650,3647.5,0.000112367,0.000561837,8
3650,3655,3652.5,8.42756e-05,0.000421378,6
3655,3660,3657.5,0.000154505,0.000772526,11
3660,3665,3662.5,7.02297e-05,0.000351148,5
3665,3670,3667.5,0.000196643,0.000983215,14
3670,3675,3672.5,8.42756e-05,0.000421378,6
3675,3680,3677.5,4.21378e-05,0.000210689,3
3680,3685,3682.5,9.83215e-05,0.000491608,7
3685,3690,3687.5,2.80919e-05,0.000140459,2
3690,3695,3692.5,0.000112367,0.000561837,8
3695,3700,3697.5,9.83215e-05,0.000491608,7
3700,3705,3702.5,0.000140459,0.000702297,10
3705,3710,3707.5,0.000154505,0.000772526,11
3710,3715,3712.5,8.42756e-05,0.000421378,6
3715,3720,3717.5,0.000112367,0.000561837,8
3720,3725,3722.5,0.000112367,0.000561837,8
3725,3730,3727.5,0.000154505,0.000772526,11
3730,3735,3732.5,0.000112367,0.000561837,8
3735,3740,3737.5,9.83215e-05,0.000491608,7
3740,3745,3742.5,0.000140459,0.000702297,10
3745,3750,3747.5,4.21378e-05,0.000210689,3
3750,3755,3752.5,4.21378e-05,0.000210689,3
3755,3760,3757.5,9.83215e-05,0.000491608,7
3760,3765,3762.5,7.02297e-05,0.000351148,5
3765,3770,3767.5,9.83215e-05,0.000491608,7
3770,3775,3772.5,0.000140459,0.000702297,10
3775,3780,3777.5,7.02297e-05,0.000351148,5
3780,3785,3782.5,7.02297e-05,0.000351148,5
3785,3790,3787.5,4.21378e-05,0.000210689,3
3790,3795,3792.5,9.83215e-05,0.000491608,7
3795,3800,3797.5,2.80919e-05,0.000140459,2
3800,3805,3802.5,0.000168551,0.000842756,12
3805,3810,3807.5,8.42756e-05,0.000421378,6
3810,3815,3812.5,8.42756e-05,0.000421378,6
3815,3820,3817.5,8.42756e-05,0.000421378,6
3820,3825,3822.5,0.000126413,0.000632067,9
3825,3830,3827.5,5.61837e-05,0.000280919,4
3830,3835,3832.5,8.42756e-05,0.000421378,6
3835,3840,3837.5,0.000168551,0.000842756,12
3840,3845,3842.5,0.000140459,0.000702297,10
3845,3850,3847.5,0.000140459,0.000702297,10
3850,3855,3852.5,0.000112367,0.000561837,8
3855,3860,3857.5,8.42756e-05,0.000421378,6
3860,3865,3862.5,7.02297e-05,0.000351148,5
3865,3870,3867.5,7.02297e-05,0.000351148,5
3870,3875,3872.5,8.42756e-05,0.000421378,6
3875,3880,3877.5,7.02297e-05,0.000351148,5
3880,3885,3882.5,0.000168551,0.000842756,12
3885,3890,3887.5,7.02297e-05,0.000351148,5
3890,3895,3892.5,0.000112367,0.000561837,8
3895,3900,3897.5,8.42756e-05,0.000421378,6
3900,3905,3902.5,0.000112367,0.000561837,8
3905,3910,3907.5,8.42756e-05,0.000421378,6
3910,3915,3912.5,0.000140459,0.000702297,10
3915,3920,3917.5,7.02297e-05,0.000351148,5
3920,3925,3922.5,9.83215e-05,0.000491608,7
3925,3930,3927.5,0.000140459,0.000702297,10
3930,3935,3932.5,8.42756e-05,0.000421378,6
3935,3940,3937.5,0.000112367,0.000561837,8
3940,3945,3942.5,8.42756e-05,0.000421378,6
3945,3950,3947.5,9.83215e-05,0.000491608,7
3950,3955,3952.5,9.83215e-05,0.000491608,7
3955,3960,3957.5,0.000140459,0.000702297,10
3960,3965,3962.5,0.000140459,0.000702297,10
3965,3970,3967.5,0.000126413,0.000632067,9
3970,3975,3972.5,4.21378e-05,0.000210689,3
3975,3980,3977.5,0.000140459,0.000702297,10
3980,3985,3982.5,0.000154505,0.000772526,11
3985,3990,3987.5,0.000154505,0.000772526,11
3990,3995,3992.5,0.000140459,0.000702297,10
3995,4000,3997.5,0.000168551,0.000842756,12
4000,4005,4002.5,0.000112367,0.000561837,8
4005,4010,4007.5,8.42756e-05,0.000421378,6
4010,4015,4012.5,9.83215e-05,0.000491608,7
4015,4020,4017.5,0.000140459,0.000702297,10
4020,4025,4022.5,0.000112367,0.000561837,8
4025,4030,4027.5,9.83215e-05,0.000491608,7
4030,4035,4032.5,0.000112367,0.000561837,8
4035,4040,4037.5,0.000112367,0.000561837,8
4040,4045,4042.5,8.42756e-05,0.000421378,6
4045,4050,4047.5,0.000140459,0.000702297,10
4050,4055,4052.5,8.42756e-05,0.000421378,6
4055,4060,4057.5,0.000168551,0.000842756,12
4060,4065,4062.5,7.02297e-05,0.000351148,5
4065,4070,4067.5,7.02297e-05,0.000351148,5
4070,4075,4072.5,8.42756e-05,0.000421378,6
4075,4080,4077.5,0.000112367,0.000561837,8
4080,4085,4082.5,0.000112367,0.000561837,8
4085,4090,4087.5,0.000154505,0.000772526,11
4090,4095,4092.5,0.000112367,0.000561837,8
4095,4100,4097.5,0.000112367,0.000561837,8
4100,4105,4102.5,5.61837e-05,0.000280919,4
4105,4110,4107.5,0.000140459,0.000702297,10
4110,4115,4112.5,0.000112367,0.000561837,8
4115,4120,4117.5,0.000112367,0.000561837,8
4120,4125,4122.5,8.42756e-05,0.000421378,6
4125,4130,4127.5,0.000140459,0.000702297,10
4130,4135,4132.5,5.61837e-05,0.000280919,4
4135,4140,4137.5,0.000140459,0.000702297,10
4140,4145,4142.5,0.000182597,0.000912985,13
4145,4150,4147.5,0.000154505,0.000772526,11
4150,4155,4152.5,7.02297e-05,0.000351148,5
4155,4160,4157.5,0.000154505,0.000772526,11
4160,4165,4162.5,2.80919e-05,0.000140459,2
4165,4170,4167.5,8.42756e-05,0.000421378,6
4170,4175,4172.5,0.000224735,0.00112367,16
4175,4180,4177.5,0.000112367,0.000561837,8
4180,4185,4182.5,5.61837e-05,0.000280919,4
4185,4190,4187.5,0.000112367,0.000561837,8
4190,4195,4192.5,0.000154505,0.000772526,11
4195,4200,4197.5,9.83215e-05,0.000491608,7
4200,4205,4202.5,0.000154505,0.000772526,11
4205,4210,4207.5,7.02297e-05,0.000351148,5
4210,4215,4212.5,0.000154505,0.000772526,11
4215,4220,4217.5,0.000140459,0.000702297,10
4220,4225,4222.5,4.21378e-05,0.000210689,3
4225,4230,4227.5,2.80919e-05,0.000140459,2
4230,4235,4232.5,0.000112367,0.000561837,8
4235,4240,4237.5,9.83215e-05,0.000491608,7
4240,4245,4242.5,0.000112367,0.000561837,8
4245,4250,4247.5,9.83215e-05,0.000491608,7
4250,4255,4252.5,0.000140459,0.000702297,10
4255,4260,4257.5,0.000154505,0.000772526,11
4260,4265,4262.5,8.42756e-05,0.000421378,6
4265,4270,4267.5,0.000140459,0.000702297,10
4270,4275,4272.5,0.000154505,0.000772526,11
4275,4280,4277.5,7.02297e-05,0.000351148,5
4280,4285,4282.5,9.83215e-05,0.000491608,7
4285,4290,4287.5,0.000112367,0.000561837,8
4290,4295,4292.5,2.80919e-05,0.000140459,2
4295,4300,4297.5,8.42756e-05,0.000421378,6
4300,4305,4302.5,0.000112367,0.000561837,8
4305,4310,4307.5,9.83215e-05,0.000491608,7
4310,4315,4312.5,9.83215e-05,0.000491608,7
4315,4320,4317.5,5.61837e-05,0.000280919,4
4320,4325,4322.5,0.000126413,0.000632067,9
4325,4330,4327.5,0.000126413,0.000632067,9
4330,4335,4332.5,9.83215e-05,0.000491608,7
4335,4340,4337.5,0.000140459,0.000702297,10
4340,4345,4342.5,5.61837e-05,0.000280919,4
4345,4350,4347.5,4.21378e-05,0.000210689,3
4355,4360,4357.5,2.80919e-05,0.000140459,2
4360,4365,4362.5,1.40459e-05,7.02297e-05,1
4365,4370,4367.5,2.80919e-05,0.000140459,2
4370,4375,4372.5,5.61837e-05,0.000280919,4
4375,4380,4377.5,4.21378e-05,0.000210689,3
4380,4385,4382.5,1.40459e-05,7.02297e-05,1
4385,4390,4387.5,4.21378e-05,0.000210689,3
4390,4395,4392.5,4.21378e-05,0.000210689,3
4395,4400,4397.5,4.21378e-05,0.000210689,3
4400,4405,4402.5,9.83215e-05,0.000491608,7
4405,4410,4407.5,2.80919e-05,0.000140459,2
4415,4420,4417.5,7.02297e-05,0.000351148,5
4420,4425,4422.5,5.61837e-05,0.000280919,4
4425,4430,4427.5,1.40459e-05,7.02297e-05,1
4430,4435,4432.5,4.21378e-05,0.000210689,3
4435,4440,4437.5,9.83215e-05,0.000491608,7
4440,4445,4442.5,7.02297e-05,0.000351148,5
4445,4450,4447.5,5.61837e-05,0.000280919,4
4450,4455,4452.5,7.02297e-05,0.000351148,5
4455,4460,4457.5,8.42756e-05,0.000421378,6
4460,4465,4462.5,2.80919e-05,0.000140459,2
4465,4470,4467.5,4.21378e-05,0.000210689,3
4470,4475,4472.5,2.80919e-05,0.000140459,2
4475,4480,4477.5,1.40459e-05,7.02297e-05,1
4480,4485,4482.5,7.02297e-05,0.000351148,5
4485,4490,4487.5,2.80919e-05,0.000140459,2
4490,4495,4492.5,1.40459e-05,7.02297e-05,1
4495,4500,4497.5,4.21378e-05,0.000210689,3
4500,4505,4502.5,2.80919e-05,0.000140459,2
4510,4515,4512.5,1.40459e-05,7.02297e-05,1
4515,4520,4517.5,1.40459e-05,7.02297e-05,1
4525,4530,4527.5,4.21378e-05,0.000210689,3
4530,4535,4532.5,9.83215e-05,0.000491608,7
4535,4540,4537.5,4.21378e-05,0.000210689,3
4540,4545,4542.5,2.80919e-05,0.000140459,2
4545,4550,4547.5,4.21378e-05,0.000210689,3
4550,4555,4552.5,4.21378e-05,0.000210689,3
4555,4560,4557.5,7.02297e-05,0.000351148,5
4560,4565,4562.5,7.02297e-05,0.000351148,5
4565,4570,4567.5,4.21378e-05,0.000210689,3
4570,4575,4572.5,2.80919e-05,0.000140459,2
4575,4580,4577.5,7.02297e-05,0.000351148,5
4580,4585,4582.5,4.21378e-05,0.000210689,3
4590,4595,4592.5,4.21378e-05,0.000210689,3
4595,4600,4597.5,5.61837e-05,0.000280919,4
4600,4605,4602.5,7.02297e-05,0.000351148,5
4605,4610,4607.5,4.21378e-05,0.000210689,3
4610,4615,4612.5,4.21378e-05,0.000210689,3
4615,4620,4617.5,1.40459e-05,7.02297e-05,1
4620,4625,4622.5,2.80919e-05,0.000140459,2
4625,4630,4627.5,2.80919e-05,0.000140459,2
4630,4635,4632.5,7.02297e-05,0.000351148,5
4635,4640,4637.5,2.80919e-05,0.000140459,2
4640,4645,4642.5,2.80919e-05,0.000140459,2
4645,4650,4647.5,4.21378e-05,0.000210689,3
4650,4655,4652.5,4.21378e-05,0.000210689,3
4655,4660,4657.5,5.61837e-05,0.000280919,4
4660,4665,4662.5,2.80919e-05,0.000140459,2
4665,4670,4667.5,5.61837e-05,0.000280919,4
4670,4675,4672.5,1.40459e-05,7.02297e-05,1
4675,4680,4677.5,4.21378e-05,0.000210689,3
4680,4685,4682.5,4.21378e-05,0.000210689,3
4685,4690,4687.5,1.40459e-05,7.02297e-05,1
4690,4695,4692.5,5.61837e-05,0.000280919,4
4695,4700,4697.5,9.83215e-05,0.000491608,7
4700,4705,4702.5,4.21378e-05,0.000210689,3
4705,4710,4707.5,7.02297e-05,0.000351148,5
4710,4715,4712.5,2.80919e-05,0.000140459,2
4715,4720,4717.5,1.40459e-05,7.02297e-05,1
4720,4725,4722.5,7.02297e-05,0.000351148,5
4725,4730,4727.5,1.40459e-05,7.02297e-05,1
4730,4735,4732.5,1.40459e-05,7.02297e-05,1
4735,4740,4737.5,5.61837e-05,0.000280919,4
4740,4745,4742.5,4.21378e-05,0.000210689,3
4745,4750,4747.5,5.61837e-05,0.000280919,4
4750,4755,4752.5,5.61837e-05,0.000280919,4
4760,4765,4762.5,2.80919e-05,0.000140459,2
4765,4770,4767.5,2.80919e-05,0.000140459,2
4770,4775,4772.5,1.40459e-05,7.02297e-05,1
4775,4780,4777.5,5.61837e-05,0.000280919,4
4780,4785,4782.5,5.61837e-05,0.000280919,4
4785,4790,4787.5,5.61837e-05,0.000280919,4
4790,4795,4792.5,5.61837e-05,0.000280919,4
4795,4800,4797.5,1.40459e-05,7.02297e-05,1
4800,4805,4802.5,1.40459e-05,7.02297e-05,1
4810,4815,4812.5,2.80919e-05,0.000140459,2
4815,4820,4817.5,1.40459e-05,7.02297e-05,1
4820,4825,4822.5,1.40459e-05,7.02297e-05,1
4825,4830,4827.5,4.21378e-05,0.000210689,3
4830,4835,4832.5,4.21378e-05,0.000210689,3
4840,4845,4842.5,2.80919e-05,0.000140459,2
4845,4850,4847.5,1.40459e-05,7.02297e-05,1
4850,4855,4852.5,4.21378e-05,0.000210689,3
4855,4860,4857.5,5.61837e-05,0.000280919,4
4865,4870,4867.5,4.21378e-05,0.000210689,3
4870,4875,4872.5,1.40459e-05,7.02297e-05,1
4875,4880,4877.5,5.61837e-05,0.000280919,4
4885,4890,4887.5,8.42756e-05,0.000421378,6
4890,4895,4892.5,5.61837e-05,0.000280919,4
4910,4915,4912.5,2.80919e-05,0.000140459,2
4915,4920,4917.5,2.80919e-05,0.000140459,2
4920,4925,4922.5,1.40459e-05,7.02297e-05,1
4930,4935,4932.5,4.21378e-05,0.000210689,3
4935,4940,4937.5,2.80919e-05,0.000140459,2
4945,4950,4947.5,4.21378e-05,0.000210689,3
4950,4955,4952.5,2.80919e-05,0.000140459,2
4955,4960,4957.5,1.40459e-05,7.02297e-05,1
4960,4965,4962.5,2.80919e-05,0.000140459,2
4965,4970,4967.5,4.21378e-05,0.000210689,3
4970,4975,4972.5,2.80919e-05,0.000140459,2
4975,4980,4977.5,2.80919e-05,0.000140459,2
4980,4985,4982.5,4.21378e-05,0.000210689,3
4985,4990,4987.5,5.61837e-05,0.000280919,4
4990,4995,4992.5,4.21378e-05,0.000210689,3
4995,5000,4997.5,4.21378e-05,0.000210689,3
5000,5005,5002.5,2.80919e-05,0.000140459,2
5005,5010,5007.5,4.21378e-05,0.000210689,3
5010,5015,5012.5,1.40459e-05,7.02297e-05,1
5020,5025,5022.5,1.40459e-05,7.02297e-05,1
5025,5030,5027.5,2.80919e-05,0.000140459,2
5030,5035,5032.5,2.80919e-05,0.000140459,2
5035,5040,5037.5,2.80919e-05,0.000140459,2
5045,5050,5047.5,5.61837e-05,0.000280919,4
5050,5055,5052.5,1.40459e-05,7.02297e-05,1
5055,5060,5057.5,1.40459e-05,7.02297e-05,1
5065,5070,5067.5,1.40459e-05,7.02297e-05,1
5070,5075,5072.5,7.02297e-05,0.000351148,5
5075,5080,5077.5,2.80919e-05,0.000140459,2
5080,5085,5082.5,1.40459e-05,7.02297e-05,1
5085,5090,5087.5,5.61837e-05,0.000280919,4
5090,5095,5092.5,4.21378e-05,0.000210689,3
5095,5100,5097.5,2.80919e-05,0.000140459,2
5100,5105,5102.5,5.61837e-05,0.000280919,4
5105,5110,5107.5,4.21378e-05,0.000210689,3
5120,5125,5122.5,7.02297e-05,0.000351148,5
5125,5130,5127.5,9.83215e-05,0.000491608,7
5130,5135,5132.5,4.21378e-05,0.000210689,3
5140,5145,5142.5,1.40459e-05,7.02297e-05,1
5145,5150,5147.5,1.40459e-05,7.02297e-05,1
5150,5155,5152.5,1.40459e-05,7.02297e-05,1
5155,5160,5157.5,2.80919e-05,0.000140459,2
5170,5175,5172.5,5.61837e-05,0.000280919,4
5175,5180,5177.5,1.40459e-05,7.02297e-05,1
5180,5185,5182.5,1.40459e-05,7.02297e-05,1
5185,5190,5187.5,1.40459e-05,7.02297e-05,1
5195,5200,5197.5,2.80919e-05,0.000140459,2
5205,5210,5207.5,2.80919e-05,0.000140459,2
5210,5215,5212.5,4.21378e-05,0.000210689,3
5215,5220,5217.5,1.40459e-05,7.02297e-05,1
5220,5225,5222.5,2.80919e-05,0.000140459,2
5225,5230,5227.5,1.40459e-05,7.02297e-05,1
5235,5240,5237.5,1.40459e-05,7.02297e-05,1
5240,5245,5242.5,2.80919e-05,0.000140459,2
5245,5250,5247.5,2.80919e-05,0.000140459,2
5250,5255,5252.5,2.80919e-05,0.000140459,2
5270,5275,5272.5,2.80919e-05,0.000140459,2
5280,5285,5282.5,2.80919e-05,0.000140459,2
5285,5290,5287.5,1.40459e-05,7.02297e-05,1
5290,5295,5292.5,2.80919e-05,0.000140459,2
5295,5300,5297.5,4.21378e-05,0.000210689,3
5300,5305,5302.5,2.80919e-05,0.000140459,2
5310,5315,5312.5,1.40459e-05,7.02297e-05,1
5315,5320,5317.5,7.02297e-05,0.000351148,5
5320,5325,5322.5,1.40459e-05,7.02297e-05,1
5325,5330,5327.5,4.21378e-05,0.000210689,3
5335,5340,5337.5,5.61837e-05,0.000280919,4
5340,5345,5342.5,5.61837e-05,0.000280919,4
5345,5350,5347.5,4.21378e-05,0.000210689,3
5350,5355,5352.5,5.61837e-05,0.000280919,4
5355,5360,5357.5,2.80919e-05,0.000140459,2
5360,5365,5362.5,2.80919e-05,0.000140459,2
5365,5370,5367.5,1.40459e-05,7.02297e-05,1
5370,5375,5372.5,2.80919e-05,0.000140459,2
5375,5380,5377.5,1.40459e-05,7.02297e-05,1
5380,5385,5382.5,1.40459e-05,7.02297e-05,1
5385,5390,5387.5,7.02297e-05,0.000351148,5
5390,5395,5392.5,2.80919e-05,0.000140459,2
5395,5400,5397.5,4.21378e-05,0.000210689,3
5400,5405,5402.5,8.42756e-05,0.000421378,6
5405,5410,5407.5,2.80919e-05,0.000140459,2
5410,5415,5412.5,1.40459e-05,7.02297e-05,1
5420,5425,5422.5,1.40459e-05,7.02297e-05,1
5425,5430,5427.5,1.40459e-05,7.02297e-05,1
5430,5435,5432.5,1.40459e-05,7.02297e-05,1
5445,5450,5447.5,5.61837e-05,0.000280919,4
5450,5455,5452.5,1.40459e-05,7.02297e-05,1
5455,5460,5457.5,4.21378e-05,0.000210689,3
5460,5465,5462.5,4.21378e-05,0.000210689,3
5465,5470,5467.5,2.80919e-05,0.000140459,2
5470,5475,5472.5,1.40459e-05,7.02297e-05,1
5475,5480,5477.5,2.80919e-05,0.000140459,2
5480,5485,5482.5,2.80919e-05,0.000140459,2
5485,5490,5487.5,5.61837e-05,0.000280919,4
5490,5495,5492.5,2.80919e-05,0.000140459,2
5495,5500,5497.5,4.21378e-05,0.000210689,3
5500,5505,5502.5,1.40459e-05,7.02297e-05,1
5505,5510,5507.5,2.80919e-05,0.000140459,2
5510,5515,5512.5,2.80919e-05,0.000140459,2
5515,5520,5517.5,1.40459e-05,7.02297e-05,1
5520,5525,5522.5,1.40459e-05,7.02297e-05,1
5525,5530,5527.5,2.80919e-05,0.000140459,2
5530,5535,5532.5,1.40459e-05,7.02297e-05,1
5535,5540,5537.5,5.61837e-05,0.000280919,4
5540,5545,5542.5,2.80919e-05,0.000140459,2
5545,5550,5547.5,8.42756e-05,0.000421378,6
5550,5555,5552.5,1.40459e-05,7.02297e-05,1
5555,5560,5557.5,4.21378e-05,0.000210689,3
5560,5565,5562.5,5.61837e-05,0.000280919,4
5565,5570,5567.5,2.80919e-05,0.000140459,2
5575,5580,5577.5,4.21378e-05,0.000210689,3
5580,5585,5582.5,1.40459e-05,7.02297e-05,1
5585,5590,5587.5,1.40459e-05,7.02297e-05,1
5590,5595,5592.5,8.42756e-05,0.000421378,6
5595,5600,5597.5,4.21378e-05,0.000210689,3
5605,5610,5607.5,1.40459e-05,7.02297e-05,1
5610,5615,5612.5,4.21378e-05,0.000210689,3
5620,5625,5622.5,1.40459e-05,7.02297e-05,1
5625,5630,5627.5,4.21378e-05,0.000210689,3
5630,5635,5632.5,2.80919e-05,0.000140459,2
5635,5640,5637.5,2.80919e-05,0.000140459,2
5640,5645,5642.5,1.40459e-05,7.02297e-05,1
5645,5650,5647.5,7.02297e-05,0.000351148,5
5650,5655,5652.5,4.21378e-05,0.000210689,3
5655,5660,5657.5,8.42756e-05,0.000421378,6
5665,5670,5667.5,1.40459e-05,7.02297e-05,1
5670,5675,5672.5,2.80919e-05,0.000140459,2
5675,5680,5677.5,1.40459e-05,7.02297e-05,1
5680,5685,5682.5,5.61837e-05,0.000280919,4
5685,5690,5687.5,2.80919e-05,0.000140459,2
5690,5695,5692.5,5.61837e-05,0.000280919,4
5700,5705,5702.5,1.40459e-05,7.02297e-05,1
5705,5710,5707.5,4.21378e-05,0.000210689,3
5710,5715,5712.5,2.80919e-05,0.000140459,2
5715,5720,5717.5,5.61837e-05,0.000280919,4
5720,5725,5722.5,4.21378e-05,0.000210689,3
5725,5730,5727.5,5.61837e-05,0.000280919,4
5735,5740,5737.5,1.40459e-05,7.02297e-05,1
5740,5745,5742.5,2.80919e-05,0.000140459,2
5745,5750,5747.5,1.40459e-05,7.02297e-05,1
5750,5755,5752.5,2.80919e-05,0.000140459,2
5755,5760,5757.5,4.21378e-05,0.000210689,3
5760,5765,5762.5,1.40459e-05,7.02297e-05,1
5765,5770,5767.5,5.61837e-05,0.000280919,4
5770,5775,5772.5,1.40459e-05,7.02297e-05,1
5775,5780,5777.5,1.40459e-05,7.02297e-05,1
5780,5785,5782.5,5.61837e-05,0.000280919,4
5785,5790,5787.5,4.21378e-05,0.000210689,3
5790,5795,5792.5,2.80919e-05,0.000140459,2
5795,5800,5797.5,2.80919e-05,0.000140459,2
5800,5805,5802.5,1.40459e-05,7.02297e-05,1
5805,5810,5807.5,1.40459e-05,7.02297e-05,1
5810,5815,5812.5,1.40459e-05,7.02297e-05,1
5830,5835,5832.5,2.80919e-05,0.000140459,2
5840,5845,5842.5,7.02297e-05,0.000351148,5
5845,5850,5847.5,4.21378e-05,0.000210689,3
5855,5860,5857.5,2.80919e-05,0.000140459,2
5860,5865,5862.5,2.80919e-05,0.000140459,2
5865,5870,5867.5,2.80919e-05,0.000140459,2
5870,5875,5872.5,1.40459e-05,7.02297e-05,1
5875,5880,5877.5,1.40459e-05,7.02297e-05,1
5880,5885,5882.5,1.40459e-05,7.02297e-05,1
5885,5890,5887.5,2.80919e-05,0.000140459,2
5890,5895,5892.5,1.40459e-05,7.02297e-05,1
5895,5900,5897.5,4.21378e-05,0.000210689,3
5900,5905,5902.5,1.40459e-05,7.02297e-05,1
5905,5910,5907.5,1.40459e-05,7.02297e-05,1
5910,5915,5912.5,2.80919e-05,0.000140459,2
5915,5920,5917.5,1.40459e-05,7.02297e-05,1
5920,5925,5922.5,1.40459e-05,7.02297e-05,1
5925,5930,5927.5,4.21378e-05,0.000210689,3
5930,5935,5932.5,1.40459e-05,7.02297e-05,1
5935,5940,5937.5,1.40459e-05,7.02297e-05,1
5940,5945,5942.5,5.61837e-05,0.000280919,4
5945,5950,5947.5,1.40459e-05,7.02297e-05,1
5950,5955,5952.5,1.40459e-05,7.02297e-05,1
5955,5960,5957.5,1.40459e-05,7.02297e-05,1
5960,5965,5962.5,2.80919e-05,0.000140459,2
5965,5970,5967.5,2.80919e-05,0.000140459,2
5975,5980,5977.5,1.40459e-05,7.02297e-05,1
5985,5990,5987.5,4.21378e-05,0.000210689,3
5990,5995,5992.5,2.80919e-05,0.000140459,2
5995,6000,5997.5,1.40459e-05,7.02297e-05,1
6000,6005,6002.5,2.80919e-05,0.000140459,2
6005,6010,6007.5,1.40459e-05,7.02297e-05,1
6010,6015,6012.5,1.40459e-05,7.02297e-05,1
6015,6020,6017.5,1.40459e-05,7.02297e-05,1
6020,6025,6022.5,2.80919e-05,0.000140459,2
6025,6030,6027.5,2.80919e-05,0.000140459,2
6030,6035,6032.5,2.80919e-05,0.000140459,2
6035,6040,6037.5,1.40459e-05,7.02297e-05,1
6040,6045,6042.5,2.80919e-05,0.000140459,2
6045,6050,6047.5,2.80919e-05,0.000140459,2
6050,6055,6052.5,2.80919e-05,0.000140459,2
6060,6065,6062.5,2.80919e-05,0.000140459,2
6065,6070,6067.5,4.21378e-05,0.000210689,3
6070,6075,6072.5,4.21378e-05,0.000210689,3
6075,6080,6077.5,1.40459e-05,7.02297e-05,1
6085,6090,6087.5,1.40459e-05,7.02297e-05,1
6090,6095,6092.5,1.40459e-05,7.02297e-05,1
6095,6100,6097.5,2.80919e-05,0.000140459,2
6100,6105,6102.5,2.80919e-05,0.000140459,2
6105,6110,6107.5,2.80919e-05,0.000140459,2
6110,6115,6112.5,4.21378e-05,0.000210689,3
6115,6120,6117.5,4.21378e-05,0.000210689,3
6120,6125,6122.5,1.40459e-05,7.02297e-05,1
6125,6130,6127.5,5.61837e-05,0.000280919,4
6130,6135,6132.5,5.61837e-05,0.000280919,4
6140,6145,6142.5,2.80919e-05,0.000140459,2
6145,6150,6147.5,1.40459e-05,7.02297e-05,1
6155,6160,6157.5,4.21378e-05,0.000210689,3
6160,6165,6162.5,5.61837e-05,0.000280919,4
6165,6170,6167.5,2.80919e-05,0.000140459,2
6170,6175,6172.5,1.40459e-05,7.02297e-05,1
6180,6185,6182.5,2.80919e-05,0.000140459,2
6185,6190,6187.5,1.40459e-05,7.02297e-05,1
6190,6195,6192.5,1.40459e-05,7.02297e-05,1
6200,6205,6202.5,1.40459e-05,7.02297e-05,1
6205,6210,6207.5,2.80919e-05,0.000140459,2
6210,6215,6212.5,4.21378e-05,0.000210689,3
6215,6220,6217.5,1.40459e-05,7.02297e-05,1
6220,6225,6222.5,1.40459e-05,7.02297e-05,1
6225,6230,6227.5,2.80919e-05,0.000140459,2
6230,6235,6232.5,2.80919e-05,0.000140459,2
6235,6240,6237.5,7.02297e-05,0.000351148,5
6240,6245,6242.5,2.80919e-05,0.000140459,2
6245,6250,6247.5,1.40459e-05,7.02297e-05,1
6265,6270,6267.5,2.80919e-05,0.000140459,2
6270,6275,6272.5,2.80919e-05,0.000140459,2
6275,6280,6277.5,4.21378e-05,0.000210689,3
6285,6290,6287.5,1.40459e-05,7.02297e-05,1
6290,6295,6292.5,4.21378e-05,0.000210689,3
6295,6300,6297.5,4.21378e-05,0.000210689,3
6300,6305,6302.5,1.40459e-05,7.02297e-05,1
6305,6310,6307.5,4.21378e-05,0.000210689,3
6310,6315,6312.5,2.80919e-05,0.000140459,2
6315,6320,6317.5,2.80919e-05,0.000140459,2
6320,6325,6322.5,2.80919e-05,0.000140459,2
6325,6330,6327.5,1.40459e-05,7.02297e-05,1
6330,6335,6332.5,2.80919e-05,0.000140459,2
6340,6345,6342.5,2.80919e-05,0.000140459,2
6345,6350,6347.5,2.80919e-05,0.000140459,2
6350,6355,6352.5,4.21378e-05,0.000210689,3
6355,6360,6357.5,1.40459e-05,7.02297e-05,1
6360,6365,6362.5,4.21378e-05,0.000210689,3
6365,6370,6367.5,1.40459e-05,7.02297e-05,1
6370,6375,6372.5,2.80919e-05,0.000140459,2
6375,6380,6377.5,2.80919e-05,0.000140459,2
6385,6390,6387.5,2.80919e-05,0.000140459,2
6400,6405,6402.5,1.40459e-05,7.02297e-05,1
6405,6410,6407.5,1.40459e-05,7.02297e-05,1
6410,6415,6412.5,4.21378e-05,0.000210689,3
6420,6425,6422.5,1.40459e-05,7.02297e-05,1
6425,6430,6427.5,1.40459e-05,7.02297e-05,1
6430,6435,6432.5,4.21378e-05,0.000210689,3
6435,6440,6437.5,1.40459e-05,7.02297e-05,1
6440,6445,6442.5,2.80919e-05,0.000140459,2
6445,6450,6447.5,1.40459e-05,7.02297e-05,1
6450,6455,6452.5,4.21378e-05,0.000210689,3
6455,6460,6457.5,7.02297e-05,0.000351148,5
6465,6470,6467.5,1.40459e-05,7.02297e-05,1
6470,6475,6472.5,1.40459e-05,7.02297e-05,1
6475,6480,6477.5,1.40459e-05,7.02297e-05,1
6480,6485,6482.5,1.40459e-05,7.02297e-05,1
6490,6495,6492.5,2.80919e-05,0.000140459,2
6495,6500,6497.5,1.40459e-05,7.02297e-05,1
6505,6510,6507.5,1.40459e-05,7.02297e-05,1
6510,6515,6512.5,2.80919e-05,0.000140459,2
6520,6525,6522.5,7.02297e-05,0.000351148,5
6530,6535,6532.5,1.40459e-05,7.02297e-05,1
6535,6540,6537.5,4.21378e-05,0.000210689,3
6540,6545,6542.5,1.40459e-05,7.02297e-05,1
6545,6550,6547.5,1.40459e-05,7.02297e-05,1
6550,6555,6552.5,1.40459e-05,7.02297e-05,1
6555,6560,6557.5,1.40459e-05,7.02297e-05,1
6560,6565,6562.5,2.80919e-05,0.000140459,2
6575,6580,6577.5,1.40459e-05,7.02297e-05,1
6580,6585,6582.5,2.80919e-05,0.000140459,2
6585,6590,6587.5,2.80919e-05,0.000140459,2
6595,6600,6597.5,1.40459e-05,7.02297e-05,1
6600,6605,6602.5,2.80919e-05,0.000140459,2
6605,6610,6607.5,1.40459e-05,7.02297e-05,1
6620,6625,6622.5,2.80919e-05,0.000140459,2
6625,6630,6627.5,1.40459e-05,7.02297e-05,1
6630,6635,6632.5,2.80919e-05,0.000140459,2
6645,6650,6647.5,1.40459e-05,7.02297e-05,1
6650,6655,6652.5,1.40459e-05,7.02297e-05,1
6655,6660,6657.5,2.80919e-05,0.000140459,2
6665,6670,6667.5,2.80919e-05,0.000140459,2
6670,6675,6672.5,5.61837e-05,0.000280919,4
6680,6685,6682.5,1.40459e-05,7.02297e-05,1
6685,6690,6687.5,1.40459e-05,7.02297e-05,1
6690,6695,6692.5,2.80919e-05,0.000140459,2
6695,6700,6697.5,2.80919e-05,0.000140459,2
6700,6705,6702.5,2.80919e-05,0.000140459,2
6710,6715,6712.5,2.80919e-05,0.000140459,2
6720,6725,6722.5,2.80919e-05,0.000140459,2
6725,6730,6727.5,1.40459e-05,7.02297e-05,1
6740,6745,6742.5,4.21378e-05,0.000210689,3
6745,6750,6747.5,2.80919e-05,0.000140459,2
6755,6760,6757.5,2.80919e-05,0.000140459,2
6760,6765,6762.5,2.80919e-05,0.000140459,2
6765,6770,6767.5,2.80919e-05,0.000140459,2
6775,6780,6777.5,1.40459e-05,7.02297e-05,1
6780,6785,6782.5,2.80919e-05,0.000140459,2
6790,6795,6792.5,2.80919e-05,0.000140459,2
6795,6800,6797.5,1.40459e-05,7.02297e-05,1
6800,6805,6802.5,4.21378e-05,0.000210689,3
6805,6810,6807.5,1.40459e-05,7.02297e-05,1
6810,6815,6812.5,1.40459e-05,7.02297e-05,1
6820,6825,6822.5,1.40459e-05,7.02297e-05,1
6825,6830,6827.5,2.80919e-05,0.000140459,2
6830,6835,6832.5,1.40459e-05,7.02297e-05,1
6835,6840,6837.5,2.80919e-05,0.000140459,2
6845,6850,6847.5,1.40459e-05,7.02297e-05,1
6850,6855,6852.5,2.80919e-05,0.000140459,2
6860,6865,6862.5,2.80919e-05,0.000140459,2
6865,6870,6867.5,2.80919e-05,0.000140459,2
6870,6875,6872.5,4.21378e-05,0.000210689,3
6875,6880,6877.5,1.40459e-05,7.02297e-05,1
6880,6885,6882.5,1.40459e-05,7.02297e-05,1
6885,6890,6887.5,1.40459e-05,7.02297e-05,1
6890,6895,6892.5,2.80919e-05,0.000140459,2
6895,6900,6897.5,2.80919e-05,0.000140459,2
6900,6905,6902.5,5.61837e-05,0.000280919,4
6905,6910,6907.5,1.40459e-05,7.02297e-05,1
6910,6915,6912.5,2.80919e-05,0.000140459,2
6915,6920,6917.5,2.80919e-05,0.000140459,2
6930,6935,6932.5,1.40459e-05,7.02297e-05,1
6940,6945,6942.5,1.40459e-05,7.02297e-05,1
6945,6950,6947.5,4.21378e-05,0.000210689,3
6950,6955,6952.5,2.80919e-05,0.000140459,2
6955,6960,6957.5,1.40459e-05,7.02297e-05,1
6960,6965,6962.5,2.80919e-05,0.000140459,2
6970,6975,6972.5,1.40459e-05,7.02297e-05,1
6975,6980,6977.5,1.40459e-05,7.02297e-05,1
6980,6985,6982.5,1.40459e-05,7.02297e-05,1
6985,6990,6987.5,7.02297e-05,0.000351148,5
6990,6995,6992.5,4.21378e-05,0.000210689,3
6995,7000,6997.5,4.21378e-05,0.000210689,3
7000,7005,7002.5,4.21378e-05,0.000210689,3
7005,7010,7007.5,1.40459e-05,7.02297e-05,1
7010,7015,7012.5,1.40459e-05,7.02297e-05,1
7015,7020,7017.5,2.80919e-05,0.000140459,2
7020,7025,7022.5,2.80919e-05,0.000140459,2
7025,7030,7027.5,1.40459e-05,7.02297e-05,1
7030,7035,7032.5,1.40459e-05,7.02297e-05,1
7045,7050,7047.5,1.40459e-05,7.02297e-05,1
7055,7060,7057.5,2.80919e-05,0.000140459,2
7060,7065,7062.5,1.40459e-05,7.02297e-05,1
7070,7075,7072.5,1.40459e-05,7.02297e-05,1
7075,7080,7077.5,1.40459e-05,7.02297e-05,1
7080,7085,7082.5,2.80919e-05,0.000140459,2
7085,7090,7087.5,2.80919e-05,0.000140459,2
7090,7095,7092.5,1.40459e-05,7.02297e-05,1
7095,7100,7097.5,2.80919e-05,0.000140459,2
7100,7105,7102.5,2.80919e-05,0.000140459,2
7105,7110,7107.5,1.40459e-05,7.02297e-05,1
7110,7115,7112.5,2.80919e-05,0.000140459,2
7115,7120,7117.5,5.61837e-05,0.000280919,4
7120,7125,7122.5,2.80919e-05,0.000140459,2
7125,7130,7127.5,2.80919e-05,0.000140459,2
7130,7135,7132.5,1.40459e-05,7.02297e-05,1
7140,7145,7142.5,1.40459e-05,7.02297e-05,1
7145,7150,7147.5,1.40459e-05,7.02297e-05,1
7150,7155,7152.5,1.40459e-05,7.02297e-05,1
7155,7160,7157.5,4.21378e-05,0.000210689,3
7165,7170,7167.5,2.80919e-05,0.000140459,2
7175,7180,7177.5,2.80919e-05,0.000140459,2
7180,7185,7182.5,1.40459e-05,7.02297e-05,1
7185,7190,7187.5,2.80919e-05,0.000140459,2
7190,7195,7192.5,1.40459e-05,7.02297e-05,1
7195,7200,7197.5,1.40459e-05,7.02297e-05,1
7200,7205,7202.5,4.21378e-05,0.000210689,3
7230,7235,7232.5,2.80919e-05,0.000140459,2
7240,7245,7242.5,2.80919e-05,0.000140459,2
7245,7250,7247.5,2.80919e-05,0.000140459,2
7250,7255,7252.5,1.40459e-05,7.02297e-05,1
7255,7260,7257.5,2.80919e-05,0.000140459,2
7260,7265,7262.5,1.40459e-05,7.02297e-05,1
7270,7275,7272.5,2.80919e-05,0.000140459,2
7275,7280,7277.5,4.21378e-05,0.000210689,3
7280,7285,7282.5,2.80919e-05,0.000140459,2
7285,7290,7287.5,2.80919e-05,0.000140459,2
7290,7295,7292.5,1.40459e-05,7.02297e-05,1
7300,7305,7302.5,1.40459e-05,7.02297e-05,1
7310,7315,7312.5,1.40459e-05,7.02297e-05,1
7315,7320,7317.5,1.40459e-05,7.02297e-05,1
7330,7335,7332.5,4.21378e-05,0.000210689,3
7335,7340,7337.5,2.80919e-05,0.000140459,2
7340,7345,7342.5,1.40459e-05,7.02297e-05,1
7345,7350,7347.5,1.40459e-05,7.02297e-05,1
7350,7355,7352.5,4.21378e-05,0.000210689,3
7355,7360,7357.5,2.80919e-05,0.000140459,2
7360,7365,7362.5,1.40459e-05,7.02297e-05,1
7370,7375,7372.5,1.40459e-05,7.02297e-05,1
7375,7380,7377.5,1.40459e-05,7.02297e-05,1
7380,7385,7382.5,2.80919e-05,0.000140459,2
7385,7390,7387.5,1.40459e-05,7.02297e-05,1
7390,7395,7392.5,1.40459e-05,7.02297e-05,1
7395,7400,7397.5,1.40459e-05,7.02297e-05,1
7415,7420,7417.5,1.40459e-05,7.02297e-05,1
7425,7430,7427.5,2.80919e-05,0.000140459,2
7430,7435,7432.5,1.40459e-05,7.02297e-05,1
7435,7440,7437.5,2.80919e-05,0.000140459,2
7440,7445,7442.5,1.40459e-05,7.02297e-05,1
7445,7450,7447.5,1.40459e-05,7.02297e-05,1
7450,7455,7452.5,1.40459e-05,7.02297e-05,1
7455,7460,7457.5,1.40459e-05,7.02297e-05,1
7460,7465,7462.5,1.40459e-05,7.02297e-05,1
7480,7485,7482.5,1.40459e-05,7.02297e-05,1
7490,7495,7492.5,1.40459e-05,7.02297e-05,1
7495,7500,7497.5,1.40459e-05,7.02297e-05,1
7505,7510,7507.5,1.40459e-05,7.02297e-05,1
7510,7515,7512.5,4.21378e-05,0.000210689,3
7515,7520,7517.5,1.40459e-05,7.02297e-05,1
7520,7525,7522.5,1.40459e-05,7.02297e-05,1
7525,7530,7527.5,1.40459e-05,7.02297e-05,1
7530,7535,7532.5,2.80919e-05,0.000140459,2
7540,7545,7542.5,1.40459e-05,7.02297e-05,1
7550,7555,7552.5,1.40459e-05,7.02297e-05,1
7555,7560,7557.5,1.40459e-05,7.02297e-05,1
7560,7565,7562.5,2.80919e-05,0.000140459,2
7565,7570,7567.5,1.40459e-05,7.02297e-05,1
7570,7575,7572.5,5.61837e-05,0.000280919,4
7595,7600,7597.5,1.40459e-05,7.02297e-05,1
7600,7605,7602.5,2.80919e-05,0.000140459,2
7605,7610,7607.5,1.40459e-05,7.02297e-05,1
7610,7615,7612.5,1.40459e-05,7.02297e-05,1
7620,7625,7622.5,2.80919e-05,0.000140459,2
7630,7635,7632.5,2.80919e-05,0.000140459,2
7635,7640,7637.5,2.80919e-05,0.000140459,2
7640,7645,7642.5,1.40459e-05,7.02297e-05,1
7645,7650,7647.5,1.40459e-05,7.02297e-05,1
7655,7660,7657.5,2.80919e-05,0.000140459,2
7660,7665,7662.5,1.40459e-05,7.02297e-05,1
7665,7670,7667.5,4.21378e-05,0.000210689,3
7670,7675,7672.5,2.80919e-05,0.000140459,2
7675,7680,7677.5,4.21378e-05,0.000210689,3
7680,7685,7682.5,4.21378e-05,0.000210689,3
7685,7690,7687.5,4.21378e-05,0.000210689,3
7700,7705,7702.5,1.40459e-05,7.02297e-05,1
7705,7710,7707.5,1.40459e-05,7.02297e-05,1
7710,7715,7712.5,1.40459e-05,7.02297e-05,1
7720,7725,7722.5,2.80919e-05,0.000140459,2
7730,7735,7732.5,1.40459e-05,7.02297e-05,1
7735,7740,7737.5,2.80919e-05,0.000140459,2
7740,7745,7742.5,1.40459e-05,7.02297e-05,1
7745,7750,7747.5,1.40459e-05,7.02297e-05,1
7760,7765,7762.5,1.40459e-05,7.02297e-05,1
7765,7770,7767.5,1.40459e-05,7.02297e-05,1
7780,7785,7782.5,1.40459e-05,7.02297e-05,1
7785,7790,7787.5,1.40459e-05,7.02297e-05,1
7790,7795,7792.5,2.80919e-05,0.000140459,2
7805,7810,7807.5,1.40459e-05,7.02297e-05,1
7810,7815,7812.5,2.80919e-05,0.000140459,2
7815,7820,7817.5,7.02297e-05,0.000351148,5
7820,7825,7822.5,2.80919e-05,0.000140459,2
7830,7835,7832.5,1.40459e-05,7.02297e-05,1
7835,7840,7837.5,1.40459e-05,7.02297e-05,1
7865,7870,7867.5,1.40459e-05,7.02297e-05,1
7870,7875,7872.5,1.40459e-05,7.02297e-05,1
7880,7885,7882.5,1.40459e-05,7.02297e-05,1
7885,7890,7887.5,2.80919e-05,0.000140459,2
7890,7895,7892.5,1.40459e-05,7.02297e-05,1
7895,7900,7897.5,1.40459e-05,7.02297e-05,1
7920,7925,7922.5,1.40459e-05,7.02297e-05,1
7925,7930,7927.5,2.80919e-05,0.000140459,2
7930,7935,7932.5,1.40459e-05,7.02297e-05,1
7945,7950,7947.5,2.80919e-05,0.000140459,2
7955,7960,7957.5,1.40459e-05,7.02297e-05,1
7960,7965,7962.5,4.21378e-05,0.000210689,3
7965,7970,7967.5,5.61837e-05,0.000280919,4
7970,7975,7972.5,1.40459e-05,7.02297e-05,1
7975,7980,7977.5,4.21378e-05,0.000210689,3
7980,7985,7982.5,4.21378e-05,0.000210689,3
7985,7990,7987.5,4.21378e-05,0.000210689,3
7990,7995,7992.5,1.40459e-05,7.02297e-05,1
8000,8005,8002.5,1.40459e-05,7.02297e-05,1
8010,8015,8012.5,1.40459e-05,7.02297e-05,1
8015,8020,8017.5,1.40459e-05,7.02297e-05,1
8020,8025,8022.5,1.40459e-05,7.02297e-05,1
8025,8030,8027.5,5.61837e-05,0.000280919,4
8030,8035,8032.5,1.40459e-05,7.02297e-05,1
8035,8040,8037.5,2.80919e-05,0.000140459,2
8055,8060,8057.5,1.40459e-05,7.02297e-05,1
8060,8065,8062.5,2.80919e-05,0.000140459,2
8065,8070,8067.5,1.40459e-05,7.02297e-05,1
8075,8080,8077.5,1.40459e-05,7.02297e-05,1
8080,8085,8082.5,1.40459e-05,7.02297e-05,1
8090,8095,8092.5,2.80919e-05,0.000140459,2
8100,8105,8102.5,2.80919e-05,0.000140459,2
8120,8125,8122.5,1.40459e-05,7.02297e-05,1
8125,8130,8127.5,1.40459e-05,7.02297e-05,1
8130,8135,8132.5,1.40459e-05,7.02297e-05,1
8140,8145,8142.5,1.40459e-05,7.02297e-05,1
8145,8150,8147.5,1.40459e-05,7.02297e-05,1
8160,8165,8162.5,1.40459e-05,7.02297e-05,1
8190,8195,8192.5,4.21378e-05,0.000210689,3
8195,8200,8197.5,2.80919e-05,0.000140459,2
8200,8205,8202.5,1.40459e-05,7.02297e-05,1
8215,8220,8217.5,1.40459e-05,7.02297e-05,1
8220,8225,8222.5,1.40459e-05,7.02297e-05,1
8230,8235,8232.5,2.80919e-05,0.000140459,2
8235,8240,8237.5,4.21378e-05,0.000210689,3
8240,8245,8242.5,2.80919e-05,0.000140459,2
8250,8255,8252.5,2.80919e-05,0.000140459,2
8260,8265,8262.5,1.40459e-05,7.02297e-05,1
8275,8280,8277.5,1.40459e-05,7.02297e-05,1
8285,8290,8287.5,1.40459e-05,7.02297e-05,1
8295,8300,8297.5,1.40459e-05,7.02297e-05,1
8310,8315,8312.5,2.80919e-05,0.000140459,2
8315,8320,8317.5,1.40459e-05,7.02297e-05,1
8320,8325,8322.5,1.40459e-05,7.02297e-05,1
8330,8335,8332.5,2.80919e-05,0.000140459,2
8335,8340,8337.5,1.40459e-05,7.02297e-05,1
8345,8350,8347.5,2.80919e-05,0.000140459,2
8355,8360,8357.5,1.40459e-05,7.02297e-05,1
8360,8365,8362.5,1.40459e-05,7.02297e-05,1
8370,8375,8372.5,1.40459e-05,7.02297e-05,1
8375,8380,8377.5,1.40459e-05,7.02297e-05,1
8380,8385,8382.5,1.40459e-05,7.02297e-05,1
8385,8390,8387.5,2.80919e-05,0.000140459,2
8390,8395,8392.5,2.80919e-05,0.000140459,2
8395,8400,8397.5,4.21378e-05,0.000210689,3
8405,8410,8407.5,1.40459e-05,7.02297e-05,1
8415,8420,8417.5,1.40459e-05,7.02297e-05,1
8420,8425,8422.5,2.80919e-05,0.000140459,2
8440,8445,8442.5,1.40459e-05,7.02297e-05,1
8450,8455,8452.5,1.40459e-05,7.02297e-05,1
8455,8460,8457.5,2.80919e-05,0.000140459,2
8460,8465,8462.5,1.40459e-05,7.02297e-05,1
8465,8470,8467.5,2.80919e-05,0.000140459,2
8470,8475,8472.5,1.40459e-05,7.02297e-05,1
8475,8480,8477.5,1.40459e-05,7.02297e-05,1
8480,8485,8482.5,2.80919e-05,0.000140459,2
8485,8490,8487.5,2.80919e-05,0.000140459,2
8495,8500,8497.5,1.40459e-05,7.02297e-05,1
8500,8505,8502.5,1.40459e-05,7.02297e-05,1
8505,8510,8507.5,1.40459e-05,7.02297e-05,1
8520,8525,8522.5,1.40459e-05,7.02297e-05,1
8525,8530,8527.5,1.40459e-05,7.02297e-05,1
8540,8545,8542.5,1.40459e-05,7.02297e-05,1
8545,8550,8547.5,1.40459e-05,7.02297e-05,1
8555,8560,8557.5,1.40459e-05,7.02297e-05,1
8565,8570,8567.5,1.40459e-05,7.02297e-05,1
8585,8590,8587.5,1.40459e-05,7.02297e-05,1
8590,8595,8592.5,4.21378e-05,0.000210689,3
8595,8600,8597.5,1.40459e-05,7.02297e-05,1
8605,8610,8607.5,2.80919e-05,0.000140459,2
8610,8615,8612.5,1.40459e-05,7.02297e-05,1
8615,8620,8617.5,1.40459e-05,7.02297e-05,1
8640,8645,8642.5,1.40459e-05,7.02297e-05,1
8645,8650,8647.5,2.80919e-05,0.000140459,2
8655,8660,8657.5,1.40459e-05,7.02297e-05,1
8665,8670,8667.5,1.40459e-05,7.02297e-05,1
8670,8675,8672.5,1.40459e-05,7.02297e-05,1
8680,8685,8682.5,5.61837e-05,0.000280919,4
8685,8690,8687.5,1.40459e-05,7.02297e-05,1
8705,8710,8707.5,1.40459e-05,7.02297e-05,1
8710,8715,8712.5,1.40459e-05,7.02297e-05,1
8715,8720,8717.5,1.40459e-05,7.02297e-05,1
8725,8730,8727.5,2.80919e-05,0.000140459,2
8730,8735,8732.5,1.40459e-05,7.02297e-05,1
8735,8740,8737.5,1.40459e-05,7.02297e-05,1
8740,8745,8742.5,1.40459e-05,7.02297e-05,1
8745,8750,8747.5,1.40459e-05,7.02297e-05,1
8750,8755,8752.5,1.40459e-05,7.02297e-05,1
8760,8765,8762.5,1.40459e-05,7.02297e-05,1
8765,8770,8767.5,2.80919e-05,0.000140459,2
8770,8775,8772.5,1.40459e-05,7.02297e-05,1
8785,8790,8787.5,2.80919e-05,0.000140459,2
8790,8795,8792.5,1.40459e-05,7.02297e-05,1
8820,8825,8822.5,2.80919e-05,0.000140459,2
8830,8835,8832.5,1.40459e-05,7.02297e-05,1
8845,8850,8847.5,1.40459e-05,7.02297e-05,1
8850,8855,8852.5,1.40459e-05,7.02297e-05,1
8860,8865,8862.5,2.80919e-05,0.000140459,2
8875,8880,8877.5,1.40459e-05,7.02297e-05,1
8880,8885,8882.5,2.80919e-05,0.000140459,2
8905,8910,8907.5,2.80919e-05,0.000140459,2
8910,8915,8912.5,2.80919e-05,0.000140459,2
8915,8920,8917.5,4.21378e-05,0.000210689,3
8925,8930,8927.5,1.40459e-05,7.02297e-05,1
8940,8945,8942.5,1.40459e-05,7.02297e-05,1
8965,8970,8967.5,1.40459e-05,7.02297e-05,1
8975,8980,8977.5,1.40459e-05,7.02297e-05,1
8980,8985,8982.5,1.40459e-05,7.02297e-05,1
8990,8995,8992.5,1.40459e-05,7.02297e-05,1
8995,9000,8997.5,2.80919e-05,0.000140459,2
9005,9010,9007.5,1.40459e-05,7.02297e-05,1
9010,9015,9012.5,2.80919e-05,0.000140459,2
9015,9020,9017.5,2.80919e-05,0.000140459,2
9020,9025,9022.5,2.80919e-05,0.000140459,2
9035,9040,9037.5,1.40459e-05,7.02297e-05,1
9040,9045,9042.5,1.40459e-05,7.02297e-05,1
9045,9050,9047.5,1.40459e-05,7.02297e-05,1
9055,9060,9057.5,1.40459e-05,7.02297e-05,1
9060,9065,9062.5,2.80919e-05,0.000140459,2
9065,9070,9067.5,2.80919e-05,0.000140459,2
9075,9080,9077.5,1.40459e-05,7.02297e-05,1
9080,9085,9082.5,1.40459e-05,7.02297e-05,1
9085,9090,9087.5,1.40459e-05,7.02297e-05,1
9095,9100,9097.5,1.40459e-05,7.02297e-05,1
9100,9105,9102.5,1.40459e-05,7.02297e-05,1
9105,9110,9107.5,1.40459e-05,7.02297e-05,1
9110,9115,9112.5,2.80919e-05,0.000140459,2
9115,9120,9117.5,1.40459e-05,7.02297e-05,1
9125,9130,9127.5,1.40459e-05,7.02297e-05,1
9130,9135,9132.5,1.40459e-05,7.02297e-05,1
9135,9140,9137.5,4.21378e-05,0.000210689,3
9140,9145,9142.5,1.40459e-05,7.02297e-05,1
9145,9150,9147.5,1.40459e-05,7.02297e-05,1
9150,9155,9152.5,1.40459e-05,7.02297e-05,1
9155,9160,9157.5,1.40459e-05,7.02297e-05,1
9160,9165,9162.5,1.40459e-05,7.02297e-05,1
9165,9170,9167.5,2.80919e-05,0.000140459,2
9180,9185,9182.5,1.40459e-05,7.02297e-05,1
9185,9190,9187.5,1.40459e-05,7.02297e-05,1
9190,9195,9192.5,1.40459e-05,7.02297e-05,1
9205,9210,9207.5,1.40459e-05,7.02297e-05,1
9210,9215,9212.5,1.40459e-05,7.02297e-05,1
9220,9225,9222.5,1.40459e-05,7.02297e-05,1
9230,9235,9232.5,1.40459e-05,7.02297e-05,1
9240,9245,9242.5,2.80919e-05,0.000140459,2
9250,9255,9252.5,1.40459e-05,7.02297e-05,1
9260,9265,9262.5,1.40459e-05,7.02297e-05,1
9265,9270,9267.5,1.40459e-05,7.02297e-05,1
9270,9275,9272.5,1.40459e-05,7.02297e-05,1
9280,9285,9282.5,4.21378e-05,0.000210689,3
9290,9295,9292.5,1.40459e-05,7.02297e-05,1
9295,9300,9297.5,1.40459e-05,7.02297e-05,1
9310,9315,9312.5,1.40459e-05,7.02297e-05,1
9320,9325,9322.5,1.40459e-05,7.02297e-05,1
9335,9340,9337.5,1.40459e-05,7.02297e-05,1
9345,9350,9347.5,1.40459e-05,7.02297e-05,1
9350,9355,9352.5,2.80919e-05,0.000140459,2
9360,9365,9362.5,1.40459e-05,7.02297e-05,1
9375,9380,9377.5,2.80919e-05,0.000140459,2
9385,9390,9387.5,1.40459e-05,7.02297e-05,1
9390,9395,9392.5,1.40459e-05,7.02297e-05,1
9395,9400,9397.5,1.40459e-05,7.02297e-05,1
9400,9405,9402.5,1.40459e-05,7.02297e-05,1
9405,9410,9407.5,1.40459e-05,7.02297e-05,1
9410,9415,9412.5,2.80919e-05,0.000140459,2
9415,9420,9417.5,2.80919e-05,0.000140459,2
9420,9425,9422.5,1.40459e-05,7.02297e-05,1
9440,9445,9442.5,1.40459e-05,7.02297e-05,1
9465,9470,9467.5,2.80919e-05,0.000140459,2
9480,9485,9482.5,1.40459e-05,7.02297e-05,1
9490,9495,9492.5,1.40459e-05,7.02297e-05,1
9505,9510,9507.5,1.40459e-05,7.02297e-05,1
9515,9520,9517.5,1.40459e-05,7.02297e-05,1
9520,9525,9522.5,2.80919e-05,0.000140459,2
9525,9530,9527.5,1.40459e-05,7.02297e-05,1
9530,9535,9532.5,1.40459e-05,7.02297e-05,1
9535,9540,9537.5,2.80919e-05,0.000140459,2
9540,9545,9542.5,1.40459e-05,7.02297e-05,1
9545,9550,9547.5,1.40459e-05,7.02297e-05,1
9555,9560,9557.5,1.40459e-05,7.02297e-05,1
9560,9565,9562.5,1.40459e-05,7.02297e-05,1
9565,9570,9567.5,2.80919e-05,0.000140459,2
9580,9585,9582.5,4.21378e-05,0.000210689,3
9600,9605,9602.5,1.40459e-05,7.02297e-05,1
9605,9610,9607.5,2.80919e-05,0.000140459,2
9610,9615,9612.5,2.80919e-05,0.000140459,2
9615,9620,9617.5,2.80919e-05,0.000140459,2
9640,9645,9642.5,1.40459e-05,7.02297e-05,1
9660,9665,9662.5,4.21378e-05,0.000210689,3
9670,9675,9672.5,1.40459e-05,7.02297e-05,1
9675,9680,9677.5,1.40459e-05,7.02297e-05,1
9680,9685,9682.5,2.80919e-05,0.000140459,2
9690,9695,9692.5,1.40459e-05,7.02297e-05,1
9705,9710,9707.5,2.80919e-05,0.000140459,2
9735,9740,9737.5,1.40459e-05,7.02297e-05,1
9745,9750,9747.5,1.40459e-05,7.02297e-05,1
9770,9775,9772.5,2.80919e-05,0.000140459,2
9800,9805,9802.5,1.40459e-05,7.02297e-05,1
9810,9815,9812.5,4.21378e-05,0.000210689,3
9825,9830,9827.5,1.40459e-05,7.02297e-05,1
9835,9840,9837.5,2.80919e-05,0.000140459,2
9845,9850,9847.5,1.40459e-05,7.02297e-05,1
9850,9855,9852.5,1.40459e-05,7.02297e-05,1
9860,9865,9862.5,1.40459e-05,7.02297e-05,1
9865,9870,9867.5,1.40459e-05,7.02297e-05,1
9870,9875,9872.5,1.40459e-05,7.02297e-05,1
9875,9880,9877.5,1.40459e-05,7.02297e-05,1
9885,9890,9887.5,1.40459e-05,7.02297e-05,1
9895,9900,9897.5,1.40459e-05,7.02297e-05,1
9905,9910,9907.5,1.40459e-05,7.02297e-05,1
9910,9915,9912.5,2.80919e-05,0.000140459,2
9915,9920,9917.5,4.21378e-05,0.000210689,3
9935,9940,9937.5,1.40459e-05,7.02297e-05,1
9940,9945,9942.5,1.40459e-05,7.02297e-05,1
9945,9950,9947.5,4.21378e-05,0.000210689,3
9955,9960,9957.5,1.40459e-05,7.02297e-05,1
9965,9970,9967.5,4.21378e-05,0.000210689,3
9990,9995,9992.5,2.80919e-05,0.000140459,2
9995,10000,9997.5,1.40459e-05,7.02297e-05,1
10000,10005,10002.5,2.80919e-05,0.000140459,2
10020,10025,10022.5,2.80919e-05,0.000140459,2
10035,10040,10037.5,1.40459e-05,7.02297e-05,1
10050,10055,10052.5,1.40459e-05,7.02297e-05,1
10055,10060,10057.5,1.40459e-05,7.02297e-05,1
10060,10065,10062.5,2.80919e-05,0.000140459,2
10065,10070,10067.5,1.40459e-05,7.02297e-05,1
10070,10075,10072.5,1.40459e-05,7.02297e-05,1
10075,10080,10077.5,1.40459e-05,7.02297e-05,1
10080,10085,10082.5,2.80919e-05,0.000140459,2
10095,10100,10097.5,2.80919e-05,0.000140459,2
10100,10105,10102.5,4.21378e-05,0.000210689,3
10115,10120,10117.5,2.80919e-05,0.000140459,2
10120,10125,10122.5,2.80919e-05,0.000140459,2
10140,10145,10142.5,1.40459e-05,7.02297e-05,1
10145,10150,10147.5,1.40459e-05,7.02297e-05,1
10160,10165,10162.5,1.40459e-05,7.02297e-05,1
10170,10175,10172.5,4.21378e-05,0.000210689,3
10180,10185,10182.5,1.40459e-05,7.02297e-05,1
10190,10195,10192.5,1.40459e-05,7.02297e-05,1
10205,10210,10207.5,1.40459e-05,7.02297e-05,1
10215,10220,10217.5,2.80919e-05,0.000140459,2
10220,10225,10222.5,1.40459e-05,7.02297e-05,1
10235,10240,10237.5,1.40459e-05,7.02297e-05,1
10240,10245,10242.5,2.80919e-05,0.000140459,2
10255,10260,10257.5,1.40459e-05,7.02297e-05,1
10265,10270,10267.5,1.40459e-05,7.02297e-05,1
10270,10275,10272.5,1.40459e-05,7.02297e-05,1
10275,10280,10277.5,2.80919e-05,0.000140459,2
10285,10290,10287.5,1.40459e-05,7.02297e-05,1
10300,10305,10302.5,1.40459e-05,7.02297e-05,1
10320,10325,10322.5,1.40459e-05,7.02297e-05,1
10330,10335,10332.5,1.40459e-05,7.02297e-05,1
10340,10345,10342.5,2.80919e-05,0.000140459,2
10345,10350,10347.5,2.80919e-05,0.000140459,2
10380,10385,10382.5,1.40459e-05,7.02297e-05,1
10400,10405,10402.5,1.40459e-05,7.02297e-05,1
10425,10430,10427.5,1.40459e-05,7.02297e-05,1
10430,10435,10432.5,1.40459e-05,7.02297e-05,1
10440,10445,10442.5,1.40459e-05,7.02297e-05,1
10460,10465,10462.5,4.21378e-05,0.000210689,3
10465,10470,10467.5,1.40459e-05,7.02297e-05,1
10470,10475,10472.5,2.80919e-05,0.000140459,2
10475,10480,10477.5,4.21378e-05,0.000210689,3
10485,10490,10487.5,1.40459e-05,7.02297e-05,1
10490,10495,10492.5,1.40459e-05,7.02297e-05,1
10520,10525,10522.5,1.40459e-05,7.02297e-05,1
10525,10530,10527.5,1.40459e-05,7.02297e-05,1
10530,10535,10532.5,2.80919e-05,0.000140459,2
10535,10540,10537.5,1.40459e-05,7.02297e-05,1
10545,10550,10547.5,1.40459e-05,7.02297e-05,1
10550,10555,10552.5,1.40459e-05,7.02297e-05,1
10555,10560,10557.5,1.40459e-05,7.02297e-05,1
10565,10570,10567.5,1.40459e-05,7.02297e-05,1
10575,10580,10577.5,1.40459e-05,7.02297e-05,1
10590,10595,10592.5,1.40459e-05,7.02297e-05,1
10595,10600,10597.5,1.40459e-05,7.02297e-05,1
10605,10610,10607.5,1.40459e-05,7.02297e-05,1
10625,10630,10627.5,2.80919e-05,0.000140459,2
10630,10635,10632.5,1.40459e-05,7.02297e-05,1
10635,10640,10637.5,1.40459e-05,7.02297e-05,1
10640,10645,10642.5,1.40459e-05,7.02297e-05,1
10645,10650,10647.5,1.40459e-05,7.02297e-05,1
10665,10670,10667.5,2.80919e-05,0.000140459,2
10680,10685,10682.5,1.40459e-05,7.02297e-05,1
10695,10700,10697.5,1.40459e-05,7.02297e-05,1
10710,10715,10712.5,1.40459e-05,7.02297e-05,1
10715,10720,10717.5,1.40459e-05,7.02297e-05,1
10720,10725,10722.5,2.80919e-05,0.000140459,2
10725,10730,10727.5,1.40459e-05,7.02297e-05,1
10745,10750,10747.5,1.40459e-05,7.02297e-05,1
10755,10760,10757.5,1.40459e-05,7.02297e-05,1
10785,10790,10787.5,2.80919e-05,0.000140459,2
10790,10795,10792.5,1.40459e-05,7.02297e-05,1
10795,10800,10797.5,1.40459e-05,7.02297e-05,1
10810,10815,10812.5,1.40459e-05,7.02297e-05,1
10825,10830,10827.5,4.21378e-05,0.000210689,3
10830,10835,10832.5,2.80919e-05,0.000140459,2
10855,10860,10857.5,2.80919e-05,0.000140459,2
10860,10865,10862.5,1.40459e-05,7.02297e-05,1
10865,10870,10867.5,1.40459e-05,7.02297e-05,1
10870,10875,10872.5,1.40459e-05,7.02297e-05,1
10875,10880,10877.5,1.40459e-05,7.02297e-05,1
10890,10895,10892.5,1.40459e-05,7.02297e-05,1
10895,10900,10897.5,1.40459e-05,7.02297e-05,1
10900,10905,10902.5,1.40459e-05,7.02297e-05,1
10910,10915,10912.5,1.40459e-05,7.02297e-05,1
10920,10925,10922.5,1.40459e-05,7.02297e-05,1
10930,10935,10932.5,1.40459e-05,7.02297e-05,1
10970,10975,10972.5,2.80919e-05,0.000140459,2
10975,10980,10977.5,1.40459e-05,7.02297e-05,1
10985,10990,10987.5,1.40459e-05,7.02297e-05,1
11000,11005,11002.5,1.40459e-05,7.02297e-05,1
11010,11015,11012.5,2.80919e-05,0.000140459,2
11015,11020,11017.5,1.40459e-05,7.02297e-05,1
11035,11040,11037.5,1.40459e-05,7.02297e-05,1
11040,11045,11042.5,1.40459e-05,7.02297e-05,1
11060,11065,11062.5,1.40459e-05,7.02297e-05,1
11075,11080,11077.5,1.40459e-05,7.02297e-05,1
11085,11090,11087.5,1.40459e-05,7.02297e-05,1
11095,11100,11097.5,4.21378e-05,0.000210689,3
11100,11105,11102.5,1.40459e-05,7.02297e-05,1
11105,11110,11107.5,1.40459e-05,7.02297e-05,1
11110,11115,11112.5,1.40459e-05,7.02297e-05,1
11125,11130,11127.5,1.40459e-05,7.02297e-05,1
11140,11145,11142.5,1.40459e-05,7.02297e-05,1
11155,11160,11157.5,1.40459e-05,7.02297e-05,1
11190,11195,11192.5,1.40459e-05,7.02297e-05,1
11200,11205,11202.5,2.80919e-05,0.000140459,2
11210,11215,11212.5,1.40459e-05,7.02297e-05,1
11220,11225,11222.5,2.80919e-05,0.000140459,2
11255,11260,11257.5,1.40459e-05,7.02297e-05,1
11260,11265,11262.5,2.80919e-05,0.000140459,2
11265,11270,11267.5,1.40459e-05,7.02297e-05,1
11275,11280,11277.5,2.80919e-05,0.000140459,2
11295,11300,11297.5,1.40459e-05,7.02297e-05,1
11300,11305,11302.5,1.40459e-05,7.02297e-05,1
11315,11320,11317.5,2.80919e-05,0.000140459,2
11340,11345,11342.5,1.40459e-05,7.02297e-05,1
11355,11360,11357.5,2.80919e-05,0.000140459,2
11380,11385,11382.5,1.40459e-05,7.02297e-05,1
11405,11410,11407.5,1.40459e-05,7.02297e-05,1
11410,11415,11412.5,1.40459e-05,7.02297e-05,1
11420,11425,11422.5,1.40459e-05,7.02297e-05,1
11430,11435,11432.5,1.40459e-05,7.02297e-05,1
11440,11445,11442.5,1.40459e-05,7.02297e-05,1
11450,11455,11452.5,1.40459e-05,7.02297e-05,1
11455,11460,11457.5,1.40459e-05,7.02297e-05,1
11475,11480,11477.5,1.40459e-05,7.02297e-05,1
11480,11485,11482.5,1.40459e-05,7.02297e-05,1
11495,11500,11497.5,1.40459e-05,7.02297e-05,1
11510,11515,11512.5,2.80919e-05,0.000140459,2
11520,11525,11522.5,1.40459e-05,7.02297e-05,1
11545,11550,11547.5,2.80919e-05,0.000140459,2
11550,11555,11552.5,2.80919e-05,0.000140459,2
11565,11570,11567.5,2.80919e-05,0.000140459,2
11585,11590,11587.5,1.40459e-05,7.02297e-05,1
11605,11610,11607.5,2.80919e-05,0.000140459,2
11615,11620,11617.5,1.40459e-05,7.02297e-05,1
11625,11630,11627.5,1.40459e-05,7.02297e-05,1
11630,11635,11632.5,1.40459e-05,7.02297e-05,1
11635,11640,11637.5,1.40459e-05,7.02297e-05,1
11640,11645,11642.5,1.40459e-05,7.02297e-05,1
11645,11650,11647.5,2.80919e-05,0.000140459,2
11665,11670,11667.5,1.40459e-05,7.02297e-05,1
11675,11680,11677.5,1.40459e-05,7.02297e-05,1
11680,11685,11682.5,1.40459e-05,7.02297e-05,1
11685,11690,11687.5,1.40459e-05,7.02297e-05,1
11695,11700,11697.5,1.40459e-05,7.02297e-05,1
11700,11705,11702.5,1.40459e-05,7.02297e-05,1
11710,11715,11712.5,1.40459e-05,7.02297e-05,1
11740,11745,11742.5,2.80919e-05,0.000140459,2
11765,11770,11767.5,1.40459e-05,7.02297e-05,1
11770,11775,11772.5,1.40459e-05,7.02297e-05,1
11775,11780,11777.5,5.61837e-05,0.000280919,4
11780,11785,11782.5,1.40459e-05,7.02297e-05,1
11790,11795,11792.5,1.40459e-05,7.02297e-05,1
11805,11810,11807.5,1.40459e-05,7.02297e-05,1
11835,11840,11837.5,1.40459e-05,7.02297e-05,1
11850,11855,11852.5,1.40459e-05,7.02297e-05,1
11860,11865,11862.5,2.80919e-05,0.000140459,2
11890,11895,11892.5,1.40459e-05,7.02297e-05,1
11905,11910,11907.5,1.40459e-05,7.02297e-05,1
11920,11925,11922.5,1.40459e-05,7.02297e-05,1
11940,11945,11942.5,1.40459e-05,7.02297e-05,1
11970,11975,11972.5,1.40459e-05,7.02297e-05,1
11980,11985,11982.5,2.80919e-05,0.000140459,2
12020,12025,12022.5,1.40459e-05,7.02297e-05,1
12050,12055,12052.5,1.40459e-05,7.02297e-05,1
12060,12065,12062.5,1.40459e-05,7.02297e-05,1
12070,12075,12072.5,1.40459e-05,7.02297e-05,1
12090,12095,12092.5,1.40459e-05,7.02297e-05,1
12110,12115,12112.5,2.80919e-05,0.000140459,2
12165,12170,12167.5,2.80919e-05,0.000140459,2
12175,12180,12177.5,1.40459e-05,7.02297e-05,1
12180,12185,12182.5,1.40459e-05,7.02297e-05,1
12185,12190,12187.5,1.40459e-05,7.02297e-05,1
12195,12200,12197.5,1.40459e-05,7.02297e-05,1
12200,12205,12202.5,1.40459e-05,7.02297e-05,1
12210,12215,12212.5,1.40459e-05,7.02297e-05,1
12220,12225,12222.5,1.40459e-05,7.02297e-05,1
12240,12245,12242.5,2.80919e-05,0.000140459,2
12245,12250,12247.5,1.40459e-05,7.02297e-05,1
12250,12255,12252.5,1.40459e-05,7.02297e-05,1
12270,12275,12272.5,1.40459e-05,7.02297e-05,1
12300,12305,12302.5,1.40459e-05,7.02297e-05,1
12310,12315,12312.5,1.40459e-05,7.02297e-05,1
12315,12320,12317.5,1.40459e-05,7.02297e-05,1
12320,12325,12322.5,2.80919e-05,0.000140459,2
12325,12330,12327.5,2.80919e-05,0.000140459,2
12330,12335,12332.5,1.40459e-05,7.02297e-05,1
12335,12340,12337.5,1.40459e-05,7.02297e-05,1
12340,12345,12342.5,1.40459e-05,7.02297e-05,1
12355,12360,12357.5,1.40459e-05,7.02297e-05,1
12360,12365,12362.5,1.40459e-05,7.02297e-05,1
12390,12395,12392.5,1.40459e-05,7.02297e-05,1
12395,12400,12397.5,1.40459e-05,7.02297e-05,1
12405,12410,12407.5,1.40459e-05,7.02297e-05,1
12410,12415,12412.5,1.40459e-05,7.02297e-05,1
12445,12450,12447.5,1.40459e-05,7.02297e-05,1
12450,12455,12452.5,1.40459e-05,7.02297e-05,1
12470,12475,12472.5,1.40459e-05,7.02297e-05,1
12475,12480,12477.5,2.80919e-05,0.000140459,2
12480,12485,12482.5,4.21378e-05,0.000210689,3
12515,12520,12517.5,2.80919e-05,0.000140459,2
12575,12580,12577.5,1.40459e-05,7.02297e-05,1
12600,12605,12602.5,1.40459e-05,7.02297e-05,1
12615,12620,12617.5,1.40459e-05,7.02297e-05,1
12620,12625,12622.5,1.40459e-05,7.02297e-05,1
12640,12645,12642.5,1.40459e-05,7.02297e-05,1
12715,12720,12717.5,1.40459e-05,7.02297e-05,1
12785,12790,12787.5,1.40459e-05,7.02297e-05,1
12800,12805,12802.5,1.40459e-05,7.02297e-05,1
12825,12830,12827.5,1.40459e-05,7.02297e-05,1
12850,12855,12852.5,2.80919e-05,0.000140459,2
12860,12865,12862.5,4.21378e-05,0.000210689,3
12865,12870,12867.5,1.40459e-05,7.02297e-05,1
12885,12890,12887.5,1.40459e-05,7.02297e-05,1
12890,12895,12892.5,2.80919e-05,0.000140459,2
12895,12900,12897.5,1.40459e-05,7.02297e-05,1
12910,12915,12912.5,1.40459e-05,7.02297e-05,1
12915,12920,12917.5,1.40459e-05,7.02297e-05,1
12920,12925,12922.5,1.40459e-05,7.02297e-05,1
12930,12935,12932.5,2.80919e-05,0.000140459,2
12975,12980,12977.5,1.40459e-05,7.02297e-05,1
12995,13000,12997.5,1.40459e-05,7.02297e-05,1
13010,13015,13012.5,1.40459e-05,7.02297e-05,1
13020,13025,13022.5,1.40459e-05,7.02297e-05,1
13035,13040,13037.5,2.80919e-05,0.000140459,2
13075,13080,13077.5,1.40459e-05,7.02297e-05,1
13105,13110,13107.5,2.80919e-05,0.000140459,2
13120,13125,13122.5,1.40459e-05,7.02297e-05,1
13125,13130,13127.5,1.40459e-05,7.02297e-05,1
13175,13180,13177.5,1.40459e-05,7.02297e-05,1
13210,13215,13212.5,1.40459e-05,7.02297e-05,1
13230,13235,13232.5,1.40459e-05,7.02297e-05,1
13255,13260,13257.5,1.40459e-05,7.02297e-05,1
13275,13280,13277.5,1.40459e-05,7.02297e-05,1
13295,13300,13297.5,1.40459e-05,7.02297e-05,1
13320,13325,13322.5,1.40459e-05,7.02297e-05,1
13330,13335,13332.5,1.40459e-05,7.02297e-05,1
13335,13340,13337.5,1.40459e-05,7.02297e-05,1
13435,13440,13437.5,1.40459e-05,7.02297e-05,1
13440,13445,13442.5,2.80919e-05,0.000140459,2
13465,13470,13467.5,1.40459e-05,7.02297e-05,1
13490,13495,13492.5,2.80919e-05,0.000140459,2
13495,13500,13497.5,1.40459e-05,7.02297e-05,1
13525,13530,13527.5,1.40459e-05,7.02297e-05,1
13535,13540,13537.5,1.40459e-05,7.02297e-05,1
13540,13545,13542.5,1.40459e-05,7.02297e-05,1
13635,13640,13637.5,1.40459e-05,7.02297e-05,1
13640,13645,13642.5,1.40459e-05,7.02297e-05,1
13655,13660,13657.5,1.40459e-05,7.02297e-05,1
13690,13695,13692.5,1.40459e-05,7.02297e-05,1
13715,13720,13717.5,1.40459e-05,7.02297e-05,1
13720,13725,13722.5,1.40459e-05,7.02297e-05,1
13740,13745,13742.5,1.40459e-05,7.02297e-05,1
13745,13750,13747.5,1.40459e-05,7.02297e-05,1
13760,13765,13762.5,1.40459e-05,7.02297e-05,1
13785,13790,13787.5,1.40459e-05,7.02297e-05,1
13820,13825,13822.5,1.40459e-05,7.02297e-05,1
13920,13925,13922.5,1.40459e-05,7.02297e-05,1
13950,13955,13952.5,1.40459e-05,7.02297e-05,1
13980,13985,13982.5,1.40459e-05,7.02297e-05,1
14015,14020,14017.5,1.40459e-05,7.02297e-05,1
14020,14025,14022.5,2.80919e-05,0.000140459,2
14045,14050,14047.5,1.40459e-05,7.02297e-05,1
14120,14125,14122.5,1.40459e-05,7.02297e-05,1
14145,14150,14147.5,1.40459e-05,7.02297e-05,1
14180,14185,14182.5,1.40459e-05,7.02297e-05,1
14215,14220,14217.5,1.40459e-05,7.02297e-05,1
14225,14230,14227.5,1.40459e-05,7.02297e-05,1
14260,14265,14262.5,1.40459e-05,7.02297e-05,1
14275,14280,14277.5,1.40459e-05,7.02297e-05,1
14285,14290,14287.5,1.40459e-05,7.02297e-05,1
14300,14305,14302.5,1.40459e-05,7.02297e-05,1
14335,14340,14337.5,1.40459e-05,7.02297e-05,1
14340,14345,14342.5,1.40459e-05,7.02297e-05,1
14355,14360,14357.5,1.40459e-05,7.02297e-05,1
14360,14365,14362.5,1.40459e-05,7.02297e-05,1
14375,14380,14377.5,1.40459e-05,7.02297e-05,1
14395,14400,14397.5,1.40459e-05,7.02297e-05,1
14400,14405,14402.5,1.40459e-05,7.02297e-05,1
14445,14450,14447.5,1.40459e-05,7.02297e-05,1
14470,14475,14472.5,1.40459e-05,7.02297e-05,1
14480,14485,14482.5,1.40459e-05,7.02297e-05,1
14500,14505,14502.5,1.40459e-05,7.02297e-05,1
14505,14510,14507.5,1.40459e-05,7.02297e-05,1
14515,14520,14517.5,2.80919e-05,0.000140459,2
14565,14570,14567.5,1.40459e-05,7.02297e-05,1
14570,14575,14572.5,2.80919e-05,0.000140459,2
14605,14610,14607.5,1.40459e-05,7.02297e-05,1
14715,14720,14717.5,2.80919e-05,0.000140459,2
14730,14735,14732.5,1.40459e-05,7.02297e-05,1
14745,14750,14747.5,1.40459e-05,7.02297e-05,1
14760,14765,14762.5,2.80919e-05,0.000140459,2
14825,14830,14827.5,1.40459e-05,7.02297e-05,1
14845,14850,14847.5,1.40459e-05,7.02297e-05,1
14875,14880,14877.5,1.40459e-05,7.02297e-05,1
14890,14895,14892.5,1.40459e-05,7.02297e-05,1
14895,14900,14897.5,1.40459e-05,7.02297e-05,1
14905,14910,14907.5,1.40459e-05,7.02297e-05,1
14930,14935,14932.5,1.40459e-05,7.02297e-05,1
14940,14945,14942.5,1.40459e-05,7.02297e-05,1
15105,15110,15107.5,1.40459e-05,7.02297e-05,1
15110,15115,15112.5,1.40459e-05,7.02297e-05,1
15120,15125,15122.5,1.40459e-05,7.02297e-05,1
15185,15190,15187.5,1.40459e-05,7.02297e-05,1
15210,15215,15212.5,1.40459e-05,7.02297e-05,1
15275,15280,15277.5,1.40459e-05,7.02297e-05,1
15290,15295,15292.5,1.40459e-05,7.02297e-05,1
15295,15300,15297.5,1.40459e-05,7.02297e-05,1
15400,15405,15402.5,1.40459e-05,7.02297e-05,1
15405,15410,15407.5,1.40459e-05,7.02297e-05,1
15415,15420,15417.5,1.40459e-05,7.02297e-05,1
15455,15460,15457.5,1.40459e-05,7.02297e-05,1
15505,15510,15507.5,1.40459e-05,7.02297e-05,1
15730,15735,15732.5,1.40459e-05,7.02297e-05,1
15760,15765,15762.5,1.40459e-05,7.02297e-05,1
15770,15775,15772.5,1.40459e-05,7.02297e-05,1
15800,15805,15802.5,1.40459e-05,7.02297e-05,1
15850,15855,15852.5,1.40459e-05,7.02297e-05,1
15910,15915,15912.5,1.40459e-05,7.02297e-05,1
15940,15945,15942.5,1.40459e-05,7.02297e-05,1
15975,15980,15977.5,1.40459e-05,7.02297e-05,1
16055,16060,16057.5,1.40459e-05,7.02297e-05,1
16105,16110,16107.5,1.40459e-05,7.02297e-05,1
16135,16140,16137.5,1.40459e-05,7.02297e-05,1
16165,16170,16167.5,1.40459e-05,7.02297e-05,1
16230,16235,16232.5,2.80919e-05,0.000140459,2
16275,16280,16277.5,1.40459e-05,7.02297e-05,1
16305,16310,16307.5,1.40459e-05,7.02297e-05,1
16320,16325,16322.5,1.40459e-05,7.02297e-05,1
16350,16355,16352.5,1.40459e-05,7.02297e-05,1
16465,16470,16467.5,1.40459e-05,7.02297e-05,1
16575,16580,16577.5,1.40459e-05,7.02297e-05,1
16580,16585,16582.5,1.40459e-05,7.02297e-05,1
16690,16695,16692.5,1.40459e-05,7.02297e-05,1
16695,16700,16697.5,1.40459e-05,7.02297e-05,1
16810,16815,16812.5,1.40459e-05,7.02297e-05,1
16825,16830,16827.5,1.40459e-05,7.02297e-05,1
16865,16870,16867.5,1.40459e-05,7.02297e-05,1
16915,16920,16917.5,1.40459e-05,7.02297e-05,1
16920,16925,16922.5,1.40459e-05,7.02297e-05,1
16960,16965,16962.5,2.80919e-05,0.000140459,2
17000,17005,17002.5,1.40459e-05,7.02297e-05,1
17075,17080,17077.5,1.40459e-05,7.02297e-05,1
17400,17405,17402.5,2.80919e-05,0.000140459,2
17500,17505,17502.5,1.40459e-05,7.02297e-05,1
17555,17560,17557.5,1.40459e-05,7.02297e-05,1
17730,17735,17732.5,1.40459e-05,7.02297e-05,1
17870,17875,17872.5,1.40459e-05,7.02297e-05,1
17885,17890,17887.5,1.40459e-05,7.02297e-05,1
17985,17990,17987.5,1.40459e-05,7.02297e-05,1
18110,18115,18112.5,1.40459e-05,7.02297e-05,1
18440,18445,18442.5,1.40459e-05,7.02297e-05,1
18470,18475,18472.5,1.40459e-05,7.02297e-05,1
18550,18555,18552.5,1.40459e-05,7.02297e-05,1
18615,18620,18617.5,1.40459e-05,7.02297e-05,1
19180,19185,19182.5,1.40459e-05,7.02297e-05,1
19405,19410,19407.5,1.40459e-05,7.02297e-05,1
19870,19875,19872.5,1.40459e-05,7.02297e-05,1
20195,20200,20197.5,1.40459e-05,7.02297e-05,1
21470,21475,21472.5,1.40459e-05,7.02297e-05,1
VO Delay PDF CSV saved: scratch/delay_pdf/pedca_vo_delay_pdf.csv

P-EDCA STA Delay PDF CSV saved: /home/nathanlo/ns-3.45/scratch/delay_pdf/11be/adaptive_compare_burst/best_k15_s1.csv
Legacy STA Delay PDF CSV saved: /home/nathanlo/ns-3.45/scratch/delay_pdf/11be/adaptive_compare_burst/best_k15_s1_legacy.csv
--- EXTENDED_STATS_BEGIN ---
PEDCA_STA_SUCC_COUNT: 7514
PEDCA_STA_FAIL_COUNT: 93
PEDCA_STA_ZERO_RETX: 7511
LEGACY_STA_SUCC_COUNT: 6725
LEGACY_STA_FAIL_COUNT: 1032
LEGACY_STA_ZERO_RETX: 6723
PEDCA_STA_AVG_MAC_DELAY: 2140.83
PEDCA_STA_AVG_QUEUE_DELAY: 1844.78
PEDCA_STA_AVG_ACCESS_DELAY: 296.054
LEGACY_STA_AVG_MAC_DELAY: 2939.44
LEGACY_STA_AVG_QUEUE_DELAY: 2597.03
LEGACY_STA_AVG_ACCESS_DELAY: 342.414
--- EXTENDED_STATS_END ---
