[INFO] std::clog redirected to: /dev/null

--- Per-STA P-EDCA Detail ---
  STA0: DS-CTS=252 S2Entry=252 S2Tx=153 PedcaOK=134 EdcaOK=221 FailCTS=7 FailColl=12 FailExp=0 Defer=0
  STA1: DS-CTS=19 S2Entry=19 S2Tx=17 PedcaOK=17 EdcaOK=599 FailCTS=0 FailColl=0 FailExp=0 Defer=0
  STA2: DS-CTS=213 S2Entry=213 S2Tx=138 PedcaOK=128 EdcaOK=194 FailCTS=2 FailColl=8 FailExp=0 Defer=0
  STA3: DS-CTS=24 S2Entry=24 S2Tx=17 PedcaOK=17 EdcaOK=818 FailCTS=0 FailColl=0 FailExp=0 Defer=0
  STA4: DS-CTS=225 S2Entry=225 S2Tx=148 PedcaOK=134 EdcaOK=186 FailCTS=4 FailColl=10 FailExp=0 Defer=0
  STA5: DS-CTS=162 S2Entry=162 S2Tx=114 PedcaOK=108 EdcaOK=501 FailCTS=3 FailColl=3 FailExp=0 Defer=0
  STA6: DS-CTS=206 S2Entry=206 S2Tx=142 PedcaOK=130 EdcaOK=234 FailCTS=5 FailColl=7 FailExp=0 Defer=1
  STA7: DS-CTS=64 S2Entry=64 S2Tx=45 PedcaOK=43 EdcaOK=197 FailCTS=1 FailColl=1 FailExp=0 Defer=0
  STA8: DS-CTS=117 S2Entry=117 S2Tx=98 PedcaOK=97 EdcaOK=381 FailCTS=0 FailColl=1 FailExp=0 Defer=4
  STA9: DS-CTS=273 S2Entry=273 S2Tx=176 PedcaOK=158 EdcaOK=254 FailCTS=11 FailColl=7 FailExp=0 Defer=5
  STA10: DS-CTS=259 S2Entry=259 S2Tx=170 PedcaOK=154 EdcaOK=318 FailCTS=6 FailColl=10 FailExp=0 Defer=3
  STA11: DS-CTS=2 S2Entry=2 S2Tx=2 PedcaOK=2 EdcaOK=0 FailCTS=0 FailColl=0 FailExp=0 Defer=0
  STA12: DS-CTS=82 S2Entry=82 S2Tx=70 PedcaOK=68 EdcaOK=642 FailCTS=2 FailColl=0 FailExp=0 Defer=0
  STA13: DS-CTS=187 S2Entry=187 S2Tx=142 PedcaOK=139 EdcaOK=442 FailCTS=2 FailColl=1 FailExp=0 Defer=2
  STA14: DS-CTS=202 S2Entry=202 S2Tx=143 PedcaOK=140 EdcaOK=426 FailCTS=2 FailColl=1 FailExp=0 Defer=0

=== General Statistics ===
P-EDCA Ratio: 0.5
P-EDCA STAs: 15/30
P-EDCA Share (Avg Per-STA P-EDCA Tx/Total Tx): 29.6693 %
Avg P-EDCA Attempt Success Rate: 70.4599 %
Global P-EDCA Tx Success: 1469
Global EDCA Tx Success: 5413
Global P-EDCA Attempt (DS-CTS Sent): 2287

--- P-EDCA Detailed Trace ---
Stage 2 Entered: 2287
Stage 2 TX Started: 1575
P-EDCA Fail RTS No CTS: 45
P-EDCA Fail RTS Collision: 61
P-EDCA Fail Timing Expired: 0
P-EDCA Fail Deferral: 15
Total VO TX (P-EDCA+EDCA): 6882
Global P-EDCA Share: 21.3455 %
Global EDCA Share: 78.6545 %
Channel Idle Time (AP): 25.4933 % (1.78453e+06 us / 7e+06 us)
Total Successes:       14431
Total Failures:        862
Total Retransmissions: 11

--- Per-AC Success Statistics ---
AC_BE:
  Successes:         40
  Throughput:        0.0457143 Mbps
  Packet Loss:       34.4262 %
  Avg Retx/MPDU:     0
  Avg Queue Delay:   -1.27404e+06 us (Enqueue->TxStart)
  Avg Access Delay:  1.40739e+06 us (TxStart->Ack)
  Avg MAC Delay:     133359 us (Total: Enqueue->Ack)

AC_VO:
  Successes:         14391
  Throughput:        16.4469 Mbps
  Packet Loss:       5.52127 %
  Avg Retx/MPDU:     0.000764367
  Avg Queue Delay:   2094.09 us (Enqueue->TxStart)
  Avg Access Delay:  315.721 us (TxStart->Ack)
  Avg MAC Delay:     2409.81 us (Total: Enqueue->Ack)

--- Per-AC Failure Statistics ---
AC_BE Failures: 21
AC_VO Failures: 841

--- Failure Reasons by AC ---
  AC_BE EXPIRED_LIFETIME: 21
  AC_VO RETRY_LIMIT: 841


=== Extended P-EDCA vs Legacy Statistics ===

--- [Stat 1] Delay by STA Type ---
P-EDCA STAs (15 STAs):
  Successes:         7760
  Failures:          123
  Throughput:        8.86857 Mbps
  Packet Loss:       1.56032 %
  Avg Queue Delay:   1899.64 us
  Avg Access Delay:  305.631 us
  Avg MAC Delay:     2205.27 us
  Median MAC Delay:  1523 us
  P95 MAC Delay:     6371 us
  P99 MAC Delay:     10212 us
Legacy EDCA STAs (15 STAs):
  Successes:         6632
  Failures:          720
  Throughput:        7.57943 Mbps
  Packet Loss:       9.79325 %
  Avg Queue Delay:   2321.31 us
  Avg Access Delay:  327.497 us
  Avg MAC Delay:     2648.81 us
  Median MAC Delay:  1507 us
  P95 MAC Delay:     9612 us
  P99 MAC Delay:     15151 us

--- [Stat 2] Per-STA P-EDCA Attempt Count (DS-CTS Sent) ---
  STA0: 252 P-EDCA attempts
  STA1: 19 P-EDCA attempts
  STA2: 213 P-EDCA attempts
  STA3: 24 P-EDCA attempts
  STA4: 225 P-EDCA attempts
  STA5: 162 P-EDCA attempts
  STA6: 206 P-EDCA attempts
  STA7: 64 P-EDCA attempts
  STA8: 117 P-EDCA attempts
  STA9: 273 P-EDCA attempts
  STA10: 259 P-EDCA attempts
  STA11: 2 P-EDCA attempts
  STA12: 82 P-EDCA attempts
  STA13: 187 P-EDCA attempts
  STA14: 202 P-EDCA attempts
  Total: 2287 P-EDCA attempts across 15 P-EDCA STAs
  Avg per P-EDCA STA: 152.467

--- [Stat 3] P-EDCA One-Shot Success Probability ---
  P-EDCA Success / DS-CTS Sent:      1469 / 2287 = 64.2326 %
  P-EDCA Success / Stage2 TX Started: 1469 / 1575 = 93.2698 %  (given RTS was actually sent)

--- [Stat 4] EDCA One-Shot Success Ratio (0 retransmissions) ---
  Legacy STAs: 6623 / 6632 = 99.8643 %
  P-EDCA STAs: 7758 / 7760 = 99.9742 %  (MAC-level, includes both P-EDCA and EDCA paths)

--- [Stat 5] P-EDCA Kickback-to-EDCA Probability ---
  Total P-EDCA Failures: 121 / 2287 DS-CTS = 5.29077 %
    RTS No CTS:       45 (1.96764 %)
    RTS Collision:    61 (2.66725 %)
    Timing Expired:   0 (0 %)
    Deferral:         15 (0.655881 %)

--- [Stat 6] P-EDCA RTS Collision Probability ---
  RTS Collision / Stage2 TX Started: 61 / 1575 = 3.87302 %
  RTS Collision / DS-CTS Sent:       61 / 2287 = 2.66725 %

--- [Stat 7] P-EDCA Attempts per Successful P-EDCA TX ---
  DS-CTS Sent / P-EDCA Success: 2287 / 1469 = 1.55684 attempts/success
  Stage2 TX / P-EDCA Success:   1575 / 1469 = 1.07216 RTS/success

--- VO Delay PDF (MAC Delay) ---
bin_start_us,bin_end_us,bin_mid_us,pdf_per_us,probability,count
210,215,212.5,1.38976e-05,6.94879e-05,1
215,220,217.5,2.77951e-05,0.000138976,2
220,225,222.5,0.000111181,0.000555903,8
225,230,227.5,8.33854e-05,0.000416927,6
230,235,232.5,0.000111181,0.000555903,8
235,240,237.5,6.94879e-05,0.000347439,5
240,245,242.5,0.000125078,0.000625391,9
245,250,247.5,9.7283e-05,0.000486415,7
250,255,252.5,6.94879e-05,0.000347439,5
255,260,257.5,0.000138976,0.000694879,10
260,265,262.5,9.7283e-05,0.000486415,7
265,270,267.5,0.000111181,0.000555903,8
270,275,272.5,4.16927e-05,0.000208464,3
275,280,277.5,0.000111181,0.000555903,8
280,285,282.5,0.000125078,0.000625391,9
285,290,287.5,0.000138976,0.000694879,10
290,295,292.5,8.33854e-05,0.000416927,6
295,300,297.5,0.000138976,0.000694879,10
300,305,302.5,6.94879e-05,0.000347439,5
305,310,307.5,9.7283e-05,0.000486415,7
310,315,312.5,9.7283e-05,0.000486415,7
315,320,317.5,9.7283e-05,0.000486415,7
320,325,322.5,0.000180668,0.000903342,13
325,330,327.5,9.7283e-05,0.000486415,7
330,335,332.5,0.000152873,0.000764367,11
335,340,337.5,8.33854e-05,0.000416927,6
340,345,342.5,0.0022931,0.0114655,165
345,350,347.5,0.00372455,0.0186228,268
350,355,352.5,0.00125078,0.00625391,90
355,360,357.5,0.000653186,0.00326593,47
360,365,362.5,0.000819957,0.00409978,59
365,370,367.5,0.000653186,0.00326593,47
370,375,372.5,0.000722674,0.00361337,52
375,380,377.5,0.000361337,0.00180668,26
380,385,382.5,0.000194566,0.00097283,14
385,390,387.5,0.000333542,0.00166771,24
390,395,392.5,0.000333542,0.00166771,24
395,400,397.5,0.00051421,0.00257105,37
400,405,402.5,0.000361337,0.00180668,26
405,410,407.5,0.000416927,0.00208464,30
410,415,412.5,0.000361337,0.00180668,26
415,420,417.5,0.000305747,0.00152873,22
420,425,422.5,0.000444722,0.00222361,32
425,430,427.5,0.000305747,0.00152873,22
430,435,432.5,0.000375235,0.00187617,27
435,440,437.5,0.000389132,0.00194566,28
440,445,442.5,0.000291849,0.00145925,21
445,450,447.5,0.000361337,0.00180668,26
450,455,452.5,0.0144396,0.0721979,1039
455,460,457.5,0.00045862,0.0022931,33
460,465,462.5,0.00051421,0.00257105,37
465,470,467.5,0.000347439,0.0017372,25
470,475,472.5,0.000389132,0.00194566,28
475,480,477.5,0.000375235,0.00187617,27
480,485,482.5,0.000389132,0.00194566,28
485,490,487.5,0.000375235,0.00187617,27
490,495,492.5,0.000444722,0.00222361,32
495,500,497.5,0.000500313,0.00250156,36
500,505,502.5,0.000472518,0.00236259,34
505,510,507.5,0.00040303,0.00201515,29
510,515,512.5,0.000347439,0.0017372,25
515,520,517.5,0.000500313,0.00250156,36
520,525,522.5,0.000347439,0.0017372,25
525,530,527.5,0.000486415,0.00243208,35
530,535,532.5,0.000361337,0.00180668,26
535,540,537.5,0.000277951,0.00138976,20
540,545,542.5,0.00045862,0.0022931,33
545,550,547.5,0.000389132,0.00194566,28
550,555,552.5,0.000472518,0.00236259,34
555,560,557.5,0.000333542,0.00166771,24
560,565,562.5,0.000597596,0.00298798,43
565,570,567.5,0.000542005,0.00271003,39
570,575,572.5,0.000430825,0.00215412,31
575,580,577.5,0.000333542,0.00166771,24
580,585,582.5,0.000444722,0.00222361,32
585,590,587.5,0.000152873,0.000764367,11
590,595,592.5,0.000444722,0.00222361,32
595,600,597.5,0.000486415,0.00243208,35
600,605,602.5,0.000389132,0.00194566,28
605,610,607.5,0.000472518,0.00236259,34
610,615,612.5,0.000291849,0.00145925,21
615,620,617.5,0.000430825,0.00215412,31
620,625,622.5,0.000375235,0.00187617,27
625,630,627.5,0.000250156,0.00125078,18
630,635,632.5,0.000347439,0.0017372,25
635,640,637.5,0.000389132,0.00194566,28
640,645,642.5,0.000444722,0.00222361,32
645,650,647.5,0.000333542,0.00166771,24
650,655,652.5,0.000264054,0.00132027,19
655,660,657.5,0.000375235,0.00187617,27
660,665,662.5,0.000361337,0.00180668,26
665,670,667.5,0.000333542,0.00166771,24
670,675,672.5,0.00336321,0.0168161,242
675,680,677.5,0.000333542,0.00166771,24
680,685,682.5,0.000305747,0.00152873,22
685,690,687.5,0.000347439,0.0017372,25
690,695,692.5,0.000528108,0.00264054,38
695,700,697.5,0.000430825,0.00215412,31
700,705,702.5,0.000319644,0.00159822,23
705,710,707.5,0.000361337,0.00180668,26
710,715,712.5,0.000347439,0.0017372,25
715,720,717.5,0.000333542,0.00166771,24
720,725,722.5,0.00051421,0.00257105,37
725,730,727.5,0.00040303,0.00201515,29
730,735,732.5,0.000389132,0.00194566,28
735,740,737.5,0.000305747,0.00152873,22
740,745,742.5,0.000375235,0.00187617,27
745,750,747.5,0.000444722,0.00222361,32
750,755,752.5,0.000305747,0.00152873,22
755,760,757.5,0.000250156,0.00125078,18
760,765,762.5,0.000389132,0.00194566,28
765,770,767.5,0.000250156,0.00125078,18
770,775,772.5,0.000291849,0.00145925,21
775,780,777.5,0.000291849,0.00145925,21
780,785,782.5,0.000555903,0.00277951,40
785,790,787.5,0.000264054,0.00132027,19
790,795,792.5,0.000194566,0.00097283,14
795,800,797.5,0.000277951,0.00138976,20
800,805,802.5,0.000194566,0.00097283,14
805,810,807.5,0.000208464,0.00104232,15
810,815,812.5,0.000138976,0.000694879,10
815,820,817.5,0.000152873,0.000764367,11
820,825,822.5,0.000125078,0.000625391,9
825,830,827.5,0.000319644,0.00159822,23
830,835,832.5,0.000125078,0.000625391,9
835,840,837.5,0.000236259,0.00118129,17
840,845,842.5,0.000264054,0.00132027,19
845,850,847.5,0.000250156,0.00125078,18
850,855,852.5,0.000361337,0.00180668,26
855,860,857.5,0.000291849,0.00145925,21
860,865,862.5,0.000361337,0.00180668,26
865,870,867.5,0.000361337,0.00180668,26
870,875,872.5,0.000264054,0.00132027,19
875,880,877.5,0.000250156,0.00125078,18
880,885,882.5,0.000277951,0.00138976,20
885,890,887.5,0.000375235,0.00187617,27
890,895,892.5,0.000958933,0.00479466,69
895,900,897.5,0.000305747,0.00152873,22
900,905,902.5,0.000319644,0.00159822,23
905,910,907.5,0.000236259,0.00118129,17
910,915,912.5,0.000180668,0.000903342,13
915,920,917.5,0.000250156,0.00125078,18
920,925,922.5,0.000291849,0.00145925,21
925,930,927.5,0.000361337,0.00180668,26
930,935,932.5,0.000208464,0.00104232,15
935,940,937.5,0.000264054,0.00132027,19
940,945,942.5,0.000180668,0.000903342,13
945,950,947.5,0.000180668,0.000903342,13
950,955,952.5,0.000180668,0.000903342,13
955,960,957.5,0.000277951,0.00138976,20
960,965,962.5,0.000222361,0.00111181,16
965,970,967.5,0.000264054,0.00132027,19
970,975,972.5,0.000333542,0.00166771,24
975,980,977.5,0.000264054,0.00132027,19
980,985,982.5,0.000444722,0.00222361,32
985,990,987.5,0.000277951,0.00138976,20
990,995,992.5,0.000305747,0.00152873,22
995,1000,997.5,0.000250156,0.00125078,18
1000,1005,1002.5,0.000375235,0.00187617,27
1005,1010,1007.5,0.000319644,0.00159822,23
1010,1015,1012.5,0.000333542,0.00166771,24
1015,1020,1017.5,0.00040303,0.00201515,29
1020,1025,1022.5,0.000305747,0.00152873,22
1025,1030,1027.5,0.000291849,0.00145925,21
1030,1035,1032.5,0.000291849,0.00145925,21
1035,1040,1037.5,0.000250156,0.00125078,18
1040,1045,1042.5,0.000375235,0.00187617,27
1045,1050,1047.5,0.000264054,0.00132027,19
1050,1055,1052.5,0.000291849,0.00145925,21
1055,1060,1057.5,0.000236259,0.00118129,17
1060,1065,1062.5,0.000361337,0.00180668,26
1065,1070,1067.5,0.000430825,0.00215412,31
1070,1075,1072.5,0.000180668,0.000903342,13
1075,1080,1077.5,0.000319644,0.00159822,23
1080,1085,1082.5,0.000430825,0.00215412,31
1085,1090,1087.5,0.000291849,0.00145925,21
1090,1095,1092.5,0.000291849,0.00145925,21
1095,1100,1097.5,0.000250156,0.00125078,18
1100,1105,1102.5,0.000250156,0.00125078,18
1105,1110,1107.5,0.000250156,0.00125078,18
1110,1115,1112.5,0.000264054,0.00132027,19
1115,1120,1117.5,0.000389132,0.00194566,28
1120,1125,1122.5,0.000250156,0.00125078,18
1125,1130,1127.5,0.000277951,0.00138976,20
1130,1135,1132.5,0.000319644,0.00159822,23
1135,1140,1137.5,0.000277951,0.00138976,20
1140,1145,1142.5,0.000236259,0.00118129,17
1145,1150,1147.5,0.000305747,0.00152873,22
1150,1155,1152.5,0.000277951,0.00138976,20
1155,1160,1157.5,0.000416927,0.00208464,30
1160,1165,1162.5,0.000305747,0.00152873,22
1165,1170,1167.5,0.000305747,0.00152873,22
1170,1175,1172.5,0.000194566,0.00097283,14
1175,1180,1177.5,0.000236259,0.00118129,17
1180,1185,1182.5,0.000305747,0.00152873,22
1185,1190,1187.5,0.000236259,0.00118129,17
1190,1195,1192.5,0.000319644,0.00159822,23
1195,1200,1197.5,0.000291849,0.00145925,21
1200,1205,1202.5,0.000416927,0.00208464,30
1205,1210,1207.5,0.000236259,0.00118129,17
1210,1215,1212.5,0.000194566,0.00097283,14
1215,1220,1217.5,0.000194566,0.00097283,14
1220,1225,1222.5,0.00040303,0.00201515,29
1225,1230,1227.5,0.000180668,0.000903342,13
1230,1235,1232.5,0.000208464,0.00104232,15
1235,1240,1237.5,0.000194566,0.00097283,14
1240,1245,1242.5,0.000208464,0.00104232,15
1245,1250,1247.5,0.000194566,0.00097283,14
1250,1255,1252.5,0.000250156,0.00125078,18
1255,1260,1257.5,0.000222361,0.00111181,16
1260,1265,1262.5,0.000222361,0.00111181,16
1265,1270,1267.5,0.000125078,0.000625391,9
1270,1275,1272.5,0.000208464,0.00104232,15
1275,1280,1277.5,0.000250156,0.00125078,18
1280,1285,1282.5,0.000264054,0.00132027,19
1285,1290,1287.5,0.000389132,0.00194566,28
1290,1295,1292.5,0.000264054,0.00132027,19
1295,1300,1297.5,0.000319644,0.00159822,23
1300,1305,1302.5,0.000264054,0.00132027,19
1305,1310,1307.5,0.000236259,0.00118129,17
1310,1315,1312.5,0.000208464,0.00104232,15
1315,1320,1317.5,0.000291849,0.00145925,21
1320,1325,1322.5,0.000250156,0.00125078,18
1325,1330,1327.5,0.000194566,0.00097283,14
1330,1335,1332.5,0.000222361,0.00111181,16
1335,1340,1337.5,0.000208464,0.00104232,15
1340,1345,1342.5,0.000277951,0.00138976,20
1345,1350,1347.5,0.000222361,0.00111181,16
1350,1355,1352.5,0.000236259,0.00118129,17
1355,1360,1357.5,0.000236259,0.00118129,17
1360,1365,1362.5,0.000208464,0.00104232,15
1365,1370,1367.5,0.000291849,0.00145925,21
1370,1375,1372.5,0.000291849,0.00145925,21
1375,1380,1377.5,0.000277951,0.00138976,20
1380,1385,1382.5,0.000305747,0.00152873,22
1385,1390,1387.5,0.000222361,0.00111181,16
1390,1395,1392.5,0.000152873,0.000764367,11
1395,1400,1397.5,0.000152873,0.000764367,11
1400,1405,1402.5,0.000264054,0.00132027,19
1405,1410,1407.5,0.000125078,0.000625391,9
1410,1415,1412.5,0.000250156,0.00125078,18
1415,1420,1417.5,0.000222361,0.00111181,16
1420,1425,1422.5,0.000361337,0.00180668,26
1425,1430,1427.5,0.000305747,0.00152873,22
1430,1435,1432.5,0.000152873,0.000764367,11
1435,1440,1437.5,0.000208464,0.00104232,15
1440,1445,1442.5,0.000236259,0.00118129,17
1445,1450,1447.5,0.000222361,0.00111181,16
1450,1455,1452.5,0.000208464,0.00104232,15
1455,1460,1457.5,0.000319644,0.00159822,23
1460,1465,1462.5,0.000222361,0.00111181,16
1465,1470,1467.5,0.000166771,0.000833854,12
1470,1475,1472.5,0.000222361,0.00111181,16
1475,1480,1477.5,0.000166771,0.000833854,12
1480,1485,1482.5,0.000138976,0.000694879,10
1485,1490,1487.5,0.000222361,0.00111181,16
1490,1495,1492.5,0.000250156,0.00125078,18
1495,1500,1497.5,0.000305747,0.00152873,22
1500,1505,1502.5,0.000264054,0.00132027,19
1505,1510,1507.5,0.000138976,0.000694879,10
1510,1515,1512.5,0.000291849,0.00145925,21
1515,1520,1517.5,0.000236259,0.00118129,17
1520,1525,1522.5,0.000194566,0.00097283,14
1525,1530,1527.5,0.000222361,0.00111181,16
1530,1535,1532.5,0.000250156,0.00125078,18
1535,1540,1537.5,0.000166771,0.000833854,12
1540,1545,1542.5,0.000333542,0.00166771,24
1545,1550,1547.5,0.000208464,0.00104232,15
1550,1555,1552.5,0.000305747,0.00152873,22
1555,1560,1557.5,0.000305747,0.00152873,22
1560,1565,1562.5,0.000222361,0.00111181,16
1565,1570,1567.5,0.000236259,0.00118129,17
1570,1575,1572.5,0.000333542,0.00166771,24
1575,1580,1577.5,0.000277951,0.00138976,20
1580,1585,1582.5,0.000291849,0.00145925,21
1585,1590,1587.5,0.000236259,0.00118129,17
1590,1595,1592.5,0.000222361,0.00111181,16
1595,1600,1597.5,0.000250156,0.00125078,18
1600,1605,1602.5,0.000125078,0.000625391,9
1605,1610,1607.5,0.000166771,0.000833854,12
1610,1615,1612.5,9.7283e-05,0.000486415,7
1615,1620,1617.5,0.000264054,0.00132027,19
1620,1625,1622.5,0.000277951,0.00138976,20
1625,1630,1627.5,0.000138976,0.000694879,10
1630,1635,1632.5,0.000125078,0.000625391,9
1635,1640,1637.5,0.000250156,0.00125078,18
1640,1645,1642.5,0.000250156,0.00125078,18
1645,1650,1647.5,0.000291849,0.00145925,21
1650,1655,1652.5,0.000236259,0.00118129,17
1655,1660,1657.5,0.000166771,0.000833854,12
1660,1665,1662.5,9.7283e-05,0.000486415,7
1665,1670,1667.5,0.000125078,0.000625391,9
1670,1675,1672.5,0.000194566,0.00097283,14
1675,1680,1677.5,0.000208464,0.00104232,15
1680,1685,1682.5,0.000236259,0.00118129,17
1685,1690,1687.5,0.000222361,0.00111181,16
1690,1695,1692.5,0.000208464,0.00104232,15
1695,1700,1697.5,0.000236259,0.00118129,17
1700,1705,1702.5,0.000236259,0.00118129,17
1705,1710,1707.5,0.000138976,0.000694879,10
1710,1715,1712.5,0.000222361,0.00111181,16
1715,1720,1717.5,0.000194566,0.00097283,14
1720,1725,1722.5,0.000222361,0.00111181,16
1725,1730,1727.5,0.000125078,0.000625391,9
1730,1735,1732.5,0.000277951,0.00138976,20
1735,1740,1737.5,0.000180668,0.000903342,13
1740,1745,1742.5,0.000194566,0.00097283,14
1745,1750,1747.5,0.000208464,0.00104232,15
1750,1755,1752.5,0.000180668,0.000903342,13
1755,1760,1757.5,0.000194566,0.00097283,14
1760,1765,1762.5,0.000250156,0.00125078,18
1765,1770,1767.5,0.000138976,0.000694879,10
1770,1775,1772.5,0.000250156,0.00125078,18
1775,1780,1777.5,0.000222361,0.00111181,16
1780,1785,1782.5,0.000222361,0.00111181,16
1785,1790,1787.5,0.000180668,0.000903342,13
1790,1795,1792.5,0.000305747,0.00152873,22
1795,1800,1797.5,0.000152873,0.000764367,11
1800,1805,1802.5,0.000166771,0.000833854,12
1805,1810,1807.5,0.000166771,0.000833854,12
1810,1815,1812.5,0.000138976,0.000694879,10
1815,1820,1817.5,0.000194566,0.00097283,14
1820,1825,1822.5,8.33854e-05,0.000416927,6
1825,1830,1827.5,0.000138976,0.000694879,10
1830,1835,1832.5,0.000208464,0.00104232,15
1835,1840,1837.5,0.000236259,0.00118129,17
1840,1845,1842.5,0.000236259,0.00118129,17
1845,1850,1847.5,9.7283e-05,0.000486415,7
1850,1855,1852.5,0.000111181,0.000555903,8
1855,1860,1857.5,0.000180668,0.000903342,13
1860,1865,1862.5,0.000125078,0.000625391,9
1865,1870,1867.5,0.000208464,0.00104232,15
1870,1875,1872.5,0.000236259,0.00118129,17
1875,1880,1877.5,0.000180668,0.000903342,13
1880,1885,1882.5,0.000138976,0.000694879,10
1885,1890,1887.5,0.000152873,0.000764367,11
1890,1895,1892.5,0.000180668,0.000903342,13
1895,1900,1897.5,0.000111181,0.000555903,8
1900,1905,1902.5,0.000166771,0.000833854,12
1905,1910,1907.5,8.33854e-05,0.000416927,6
1910,1915,1912.5,0.000152873,0.000764367,11
1915,1920,1917.5,0.000194566,0.00097283,14
1920,1925,1922.5,0.000180668,0.000903342,13
1925,1930,1927.5,0.000194566,0.00097283,14
1930,1935,1932.5,0.000152873,0.000764367,11
1935,1940,1937.5,0.000264054,0.00132027,19
1940,1945,1942.5,0.000236259,0.00118129,17
1945,1950,1947.5,9.7283e-05,0.000486415,7
1950,1955,1952.5,0.000138976,0.000694879,10
1955,1960,1957.5,0.000166771,0.000833854,12
1960,1965,1962.5,0.000166771,0.000833854,12
1965,1970,1967.5,0.000180668,0.000903342,13
1970,1975,1972.5,9.7283e-05,0.000486415,7
1975,1980,1977.5,0.000180668,0.000903342,13
1980,1985,1982.5,0.000152873,0.000764367,11
1985,1990,1987.5,6.94879e-05,0.000347439,5
1990,1995,1992.5,0.000138976,0.000694879,10
1995,2000,1997.5,0.000194566,0.00097283,14
2000,2005,2002.5,0.000208464,0.00104232,15
2005,2010,2007.5,0.000236259,0.00118129,17
2010,2015,2012.5,9.7283e-05,0.000486415,7
2015,2020,2017.5,0.000152873,0.000764367,11
2020,2025,2022.5,0.000180668,0.000903342,13
2025,2030,2027.5,0.000180668,0.000903342,13
2030,2035,2032.5,0.000152873,0.000764367,11
2035,2040,2037.5,0.000194566,0.00097283,14
2040,2045,2042.5,0.000138976,0.000694879,10
2045,2050,2047.5,0.000222361,0.00111181,16
2050,2055,2052.5,0.000166771,0.000833854,12
2055,2060,2057.5,0.000250156,0.00125078,18
2060,2065,2062.5,0.000194566,0.00097283,14
2065,2070,2067.5,0.000138976,0.000694879,10
2070,2075,2072.5,0.000166771,0.000833854,12
2075,2080,2077.5,0.000236259,0.00118129,17
2080,2085,2082.5,0.000152873,0.000764367,11
2085,2090,2087.5,0.000166771,0.000833854,12
2090,2095,2092.5,0.000152873,0.000764367,11
2095,2100,2097.5,0.000250156,0.00125078,18
2100,2105,2102.5,0.000111181,0.000555903,8
2105,2110,2107.5,0.000152873,0.000764367,11
2110,2115,2112.5,0.000222361,0.00111181,16
2115,2120,2117.5,6.94879e-05,0.000347439,5
2120,2125,2122.5,0.000138976,0.000694879,10
2125,2130,2127.5,0.000138976,0.000694879,10
2130,2135,2132.5,0.000152873,0.000764367,11
2135,2140,2137.5,8.33854e-05,0.000416927,6
2140,2145,2142.5,0.000111181,0.000555903,8
2145,2150,2147.5,0.000152873,0.000764367,11
2150,2155,2152.5,0.000222361,0.00111181,16
2155,2160,2157.5,0.000138976,0.000694879,10
2160,2165,2162.5,0.000208464,0.00104232,15
2165,2170,2167.5,0.000208464,0.00104232,15
2170,2175,2172.5,0.000152873,0.000764367,11
2175,2180,2177.5,9.7283e-05,0.000486415,7
2180,2185,2182.5,0.000111181,0.000555903,8
2185,2190,2187.5,0.000194566,0.00097283,14
2190,2195,2192.5,0.000250156,0.00125078,18
2195,2200,2197.5,0.000152873,0.000764367,11
2200,2205,2202.5,9.7283e-05,0.000486415,7
2205,2210,2207.5,0.000138976,0.000694879,10
2210,2215,2212.5,0.000152873,0.000764367,11
2215,2220,2217.5,0.000125078,0.000625391,9
2220,2225,2222.5,0.000111181,0.000555903,8
2225,2230,2227.5,0.000111181,0.000555903,8
2230,2235,2232.5,0.000152873,0.000764367,11
2235,2240,2237.5,0.000125078,0.000625391,9
2240,2245,2242.5,6.94879e-05,0.000347439,5
2245,2250,2247.5,0.000125078,0.000625391,9
2250,2255,2252.5,0.000166771,0.000833854,12
2255,2260,2257.5,0.000152873,0.000764367,11
2260,2265,2262.5,0.000152873,0.000764367,11
2265,2270,2267.5,0.000125078,0.000625391,9
2270,2275,2272.5,0.000152873,0.000764367,11
2275,2280,2277.5,0.000152873,0.000764367,11
2280,2285,2282.5,0.000236259,0.00118129,17
2285,2290,2287.5,0.000111181,0.000555903,8
2290,2295,2292.5,9.7283e-05,0.000486415,7
2295,2300,2297.5,0.000152873,0.000764367,11
2300,2305,2302.5,0.000111181,0.000555903,8
2305,2310,2307.5,0.000180668,0.000903342,13
2310,2315,2312.5,0.000138976,0.000694879,10
2315,2320,2317.5,0.000222361,0.00111181,16
2320,2325,2322.5,0.000138976,0.000694879,10
2325,2330,2327.5,0.000138976,0.000694879,10
2330,2335,2332.5,0.000194566,0.00097283,14
2335,2340,2337.5,0.000166771,0.000833854,12
2340,2345,2342.5,0.000138976,0.000694879,10
2345,2350,2347.5,0.000138976,0.000694879,10
2350,2355,2352.5,0.000208464,0.00104232,15
2355,2360,2357.5,0.000125078,0.000625391,9
2360,2365,2362.5,0.000138976,0.000694879,10
2365,2370,2367.5,0.000111181,0.000555903,8
2370,2375,2372.5,0.000111181,0.000555903,8
2375,2380,2377.5,8.33854e-05,0.000416927,6
2380,2385,2382.5,0.000138976,0.000694879,10
2385,2390,2387.5,0.000138976,0.000694879,10
2390,2395,2392.5,0.000180668,0.000903342,13
2395,2400,2397.5,0.000138976,0.000694879,10
2400,2405,2402.5,0.000166771,0.000833854,12
2405,2410,2407.5,0.000152873,0.000764367,11
2410,2415,2412.5,0.000125078,0.000625391,9
2415,2420,2417.5,0.000152873,0.000764367,11
2420,2425,2422.5,9.7283e-05,0.000486415,7
2425,2430,2427.5,6.94879e-05,0.000347439,5
2430,2435,2432.5,9.7283e-05,0.000486415,7
2435,2440,2437.5,0.000152873,0.000764367,11
2440,2445,2442.5,0.000111181,0.000555903,8
2445,2450,2447.5,0.000111181,0.000555903,8
2450,2455,2452.5,0.000152873,0.000764367,11
2455,2460,2457.5,0.000138976,0.000694879,10
2460,2465,2462.5,0.000194566,0.00097283,14
2465,2470,2467.5,0.000138976,0.000694879,10
2470,2475,2472.5,0.000138976,0.000694879,10
2475,2480,2477.5,0.000138976,0.000694879,10
2480,2485,2482.5,0.000152873,0.000764367,11
2485,2490,2487.5,0.000138976,0.000694879,10
2490,2495,2492.5,0.000166771,0.000833854,12
2495,2500,2497.5,9.7283e-05,0.000486415,7
2500,2505,2502.5,9.7283e-05,0.000486415,7
2505,2510,2507.5,9.7283e-05,0.000486415,7
2510,2515,2512.5,0.000111181,0.000555903,8
2515,2520,2517.5,0.000125078,0.000625391,9
2520,2525,2522.5,0.000152873,0.000764367,11
2525,2530,2527.5,0.000166771,0.000833854,12
2530,2535,2532.5,0.000111181,0.000555903,8
2535,2540,2537.5,0.000166771,0.000833854,12
2540,2545,2542.5,0.000111181,0.000555903,8
2545,2550,2547.5,0.000125078,0.000625391,9
2550,2555,2552.5,0.000166771,0.000833854,12
2555,2560,2557.5,9.7283e-05,0.000486415,7
2560,2565,2562.5,0.000138976,0.000694879,10
2565,2570,2567.5,0.000125078,0.000625391,9
2570,2575,2572.5,8.33854e-05,0.000416927,6
2575,2580,2577.5,0.000180668,0.000903342,13
2580,2585,2582.5,9.7283e-05,0.000486415,7
2585,2590,2587.5,0.000125078,0.000625391,9
2590,2595,2592.5,9.7283e-05,0.000486415,7
2595,2600,2597.5,9.7283e-05,0.000486415,7
2600,2605,2602.5,0.000194566,0.00097283,14
2605,2610,2607.5,8.33854e-05,0.000416927,6
2610,2615,2612.5,0.000180668,0.000903342,13
2615,2620,2617.5,0.000138976,0.000694879,10
2620,2625,2622.5,0.000180668,0.000903342,13
2625,2630,2627.5,0.000125078,0.000625391,9
2630,2635,2632.5,9.7283e-05,0.000486415,7
2635,2640,2637.5,0.000138976,0.000694879,10
2640,2645,2642.5,0.000111181,0.000555903,8
2645,2650,2647.5,0.000180668,0.000903342,13
2650,2655,2652.5,4.16927e-05,0.000208464,3
2655,2660,2657.5,0.000152873,0.000764367,11
2660,2665,2662.5,6.94879e-05,0.000347439,5
2665,2670,2667.5,4.16927e-05,0.000208464,3
2670,2675,2672.5,0.000166771,0.000833854,12
2675,2680,2677.5,0.000125078,0.000625391,9
2680,2685,2682.5,8.33854e-05,0.000416927,6
2685,2690,2687.5,0.000138976,0.000694879,10
2690,2695,2692.5,5.55903e-05,0.000277951,4
2695,2700,2697.5,0.000138976,0.000694879,10
2700,2705,2702.5,8.33854e-05,0.000416927,6
2705,2710,2707.5,6.94879e-05,0.000347439,5
2710,2715,2712.5,0.000208464,0.00104232,15
2715,2720,2717.5,9.7283e-05,0.000486415,7
2720,2725,2722.5,0.000111181,0.000555903,8
2725,2730,2727.5,0.000166771,0.000833854,12
2730,2735,2732.5,5.55903e-05,0.000277951,4
2735,2740,2737.5,0.000152873,0.000764367,11
2740,2745,2742.5,4.16927e-05,0.000208464,3
2745,2750,2747.5,8.33854e-05,0.000416927,6
2750,2755,2752.5,0.000152873,0.000764367,11
2755,2760,2757.5,0.000111181,0.000555903,8
2760,2765,2762.5,0.000125078,0.000625391,9
2765,2770,2767.5,0.000180668,0.000903342,13
2770,2775,2772.5,6.94879e-05,0.000347439,5
2775,2780,2777.5,5.55903e-05,0.000277951,4
2780,2785,2782.5,0.000208464,0.00104232,15
2785,2790,2787.5,0.000208464,0.00104232,15
2790,2795,2792.5,8.33854e-05,0.000416927,6
2795,2800,2797.5,0.000125078,0.000625391,9
2800,2805,2802.5,8.33854e-05,0.000416927,6
2805,2810,2807.5,8.33854e-05,0.000416927,6
2810,2815,2812.5,8.33854e-05,0.000416927,6
2815,2820,2817.5,0.000194566,0.00097283,14
2820,2825,2822.5,5.55903e-05,0.000277951,4
2825,2830,2827.5,9.7283e-05,0.000486415,7
2830,2835,2832.5,5.55903e-05,0.000277951,4
2835,2840,2837.5,5.55903e-05,0.000277951,4
2840,2845,2842.5,0.000138976,0.000694879,10
2845,2850,2847.5,0.000166771,0.000833854,12
2850,2855,2852.5,0.000125078,0.000625391,9
2855,2860,2857.5,6.94879e-05,0.000347439,5
2860,2865,2862.5,9.7283e-05,0.000486415,7
2865,2870,2867.5,0.000125078,0.000625391,9
2870,2875,2872.5,0.000180668,0.000903342,13
2875,2880,2877.5,0.000111181,0.000555903,8
2880,2885,2882.5,0.000111181,0.000555903,8
2885,2890,2887.5,6.94879e-05,0.000347439,5
2890,2895,2892.5,0.000111181,0.000555903,8
2895,2900,2897.5,8.33854e-05,0.000416927,6
2900,2905,2902.5,0.000208464,0.00104232,15
2905,2910,2907.5,5.55903e-05,0.000277951,4
2910,2915,2912.5,8.33854e-05,0.000416927,6
2915,2920,2917.5,9.7283e-05,0.000486415,7
2920,2925,2922.5,0.000111181,0.000555903,8
2925,2930,2927.5,0.000138976,0.000694879,10
2930,2935,2932.5,0.000111181,0.000555903,8
2935,2940,2937.5,0.000166771,0.000833854,12
2940,2945,2942.5,9.7283e-05,0.000486415,7
2945,2950,2947.5,0.000152873,0.000764367,11
2950,2955,2952.5,0.000111181,0.000555903,8
2955,2960,2957.5,8.33854e-05,0.000416927,6
2960,2965,2962.5,8.33854e-05,0.000416927,6
2965,2970,2967.5,9.7283e-05,0.000486415,7
2970,2975,2972.5,6.94879e-05,0.000347439,5
2975,2980,2977.5,0.000138976,0.000694879,10
2980,2985,2982.5,8.33854e-05,0.000416927,6
2985,2990,2987.5,0.000125078,0.000625391,9
2990,2995,2992.5,6.94879e-05,0.000347439,5
2995,3000,2997.5,0.000111181,0.000555903,8
3000,3005,3002.5,9.7283e-05,0.000486415,7
3005,3010,3007.5,0.000166771,0.000833854,12
3010,3015,3012.5,6.94879e-05,0.000347439,5
3015,3020,3017.5,6.94879e-05,0.000347439,5
3020,3025,3022.5,6.94879e-05,0.000347439,5
3025,3030,3027.5,0.000152873,0.000764367,11
3030,3035,3032.5,0.000111181,0.000555903,8
3035,3040,3037.5,0.000166771,0.000833854,12
3040,3045,3042.5,0.000125078,0.000625391,9
3045,3050,3047.5,0.000125078,0.000625391,9
3050,3055,3052.5,0.000138976,0.000694879,10
3055,3060,3057.5,9.7283e-05,0.000486415,7
3060,3065,3062.5,0.000125078,0.000625391,9
3065,3070,3067.5,0.000111181,0.000555903,8
3070,3075,3072.5,0.000138976,0.000694879,10
3075,3080,3077.5,6.94879e-05,0.000347439,5
3080,3085,3082.5,9.7283e-05,0.000486415,7
3085,3090,3087.5,0.000138976,0.000694879,10
3090,3095,3092.5,9.7283e-05,0.000486415,7
3095,3100,3097.5,0.000180668,0.000903342,13
3100,3105,3102.5,0.000152873,0.000764367,11
3105,3110,3107.5,0.000125078,0.000625391,9
3110,3115,3112.5,9.7283e-05,0.000486415,7
3115,3120,3117.5,0.000166771,0.000833854,12
3120,3125,3122.5,6.94879e-05,0.000347439,5
3125,3130,3127.5,0.000152873,0.000764367,11
3130,3135,3132.5,0.000111181,0.000555903,8
3135,3140,3137.5,9.7283e-05,0.000486415,7
3140,3145,3142.5,9.7283e-05,0.000486415,7
3145,3150,3147.5,0.000138976,0.000694879,10
3150,3155,3152.5,9.7283e-05,0.000486415,7
3155,3160,3157.5,0.000138976,0.000694879,10
3160,3165,3162.5,0.000138976,0.000694879,10
3165,3170,3167.5,0.000125078,0.000625391,9
3170,3175,3172.5,8.33854e-05,0.000416927,6
3175,3180,3177.5,0.000125078,0.000625391,9
3180,3185,3182.5,8.33854e-05,0.000416927,6
3185,3190,3187.5,0.000194566,0.00097283,14
3190,3195,3192.5,0.000111181,0.000555903,8
3195,3200,3197.5,5.55903e-05,0.000277951,4
3200,3205,3202.5,0.000138976,0.000694879,10
3205,3210,3207.5,9.7283e-05,0.000486415,7
3210,3215,3212.5,0.000111181,0.000555903,8
3215,3220,3217.5,9.7283e-05,0.000486415,7
3220,3225,3222.5,0.000125078,0.000625391,9
3225,3230,3227.5,0.000180668,0.000903342,13
3230,3235,3232.5,4.16927e-05,0.000208464,3
3235,3240,3237.5,8.33854e-05,0.000416927,6
3240,3245,3242.5,6.94879e-05,0.000347439,5
3245,3250,3247.5,5.55903e-05,0.000277951,4
3250,3255,3252.5,0.000125078,0.000625391,9
3255,3260,3257.5,0.000111181,0.000555903,8
3260,3265,3262.5,0.000125078,0.000625391,9
3265,3270,3267.5,0.000111181,0.000555903,8
3270,3275,3272.5,0.000138976,0.000694879,10
3275,3280,3277.5,5.55903e-05,0.000277951,4
3280,3285,3282.5,0.000138976,0.000694879,10
3285,3290,3287.5,9.7283e-05,0.000486415,7
3290,3295,3292.5,6.94879e-05,0.000347439,5
3295,3300,3297.5,0.000111181,0.000555903,8
3300,3305,3302.5,0.000152873,0.000764367,11
3305,3310,3307.5,0.000152873,0.000764367,11
3310,3315,3312.5,5.55903e-05,0.000277951,4
3315,3320,3317.5,9.7283e-05,0.000486415,7
3320,3325,3322.5,9.7283e-05,0.000486415,7
3325,3330,3327.5,0.000125078,0.000625391,9
3330,3335,3332.5,0.000125078,0.000625391,9
3335,3340,3337.5,0.000125078,0.000625391,9
3340,3345,3342.5,0.000166771,0.000833854,12
3345,3350,3347.5,0.000138976,0.000694879,10
3350,3355,3352.5,0.000111181,0.000555903,8
3355,3360,3357.5,8.33854e-05,0.000416927,6
3360,3365,3362.5,0.000111181,0.000555903,8
3365,3370,3367.5,0.000125078,0.000625391,9
3370,3375,3372.5,8.33854e-05,0.000416927,6
3375,3380,3377.5,0.000138976,0.000694879,10
3380,3385,3382.5,0.000138976,0.000694879,10
3385,3390,3387.5,0.000152873,0.000764367,11
3390,3395,3392.5,0.000138976,0.000694879,10
3395,3400,3397.5,0.000111181,0.000555903,8
3400,3405,3402.5,0.000111181,0.000555903,8
3405,3410,3407.5,0.000125078,0.000625391,9
3410,3415,3412.5,0.000264054,0.00132027,19
3415,3420,3417.5,6.94879e-05,0.000347439,5
3420,3425,3422.5,5.55903e-05,0.000277951,4
3425,3430,3427.5,0.000152873,0.000764367,11
3430,3435,3432.5,0.000111181,0.000555903,8
3435,3440,3437.5,6.94879e-05,0.000347439,5
3440,3445,3442.5,0.000111181,0.000555903,8
3445,3450,3447.5,8.33854e-05,0.000416927,6
3450,3455,3452.5,9.7283e-05,0.000486415,7
3455,3460,3457.5,0.000138976,0.000694879,10
3460,3465,3462.5,8.33854e-05,0.000416927,6
3465,3470,3467.5,0.000111181,0.000555903,8
3470,3475,3472.5,9.7283e-05,0.000486415,7
3475,3480,3477.5,0.000152873,0.000764367,11
3480,3485,3482.5,4.16927e-05,0.000208464,3
3485,3490,3487.5,0.000138976,0.000694879,10
3490,3495,3492.5,0.000138976,0.000694879,10
3495,3500,3497.5,0.000125078,0.000625391,9
3500,3505,3502.5,0.000138976,0.000694879,10
3505,3510,3507.5,9.7283e-05,0.000486415,7
3510,3515,3512.5,6.94879e-05,0.000347439,5
3515,3520,3517.5,0.000152873,0.000764367,11
3520,3525,3522.5,6.94879e-05,0.000347439,5
3525,3530,3527.5,0.000152873,0.000764367,11
3530,3535,3532.5,0.000111181,0.000555903,8
3535,3540,3537.5,0.000111181,0.000555903,8
3540,3545,3542.5,8.33854e-05,0.000416927,6
3545,3550,3547.5,4.16927e-05,0.000208464,3
3550,3555,3552.5,9.7283e-05,0.000486415,7
3555,3560,3557.5,8.33854e-05,0.000416927,6
3560,3565,3562.5,0.000111181,0.000555903,8
3565,3570,3567.5,8.33854e-05,0.000416927,6
3570,3575,3572.5,5.55903e-05,0.000277951,4
3575,3580,3577.5,9.7283e-05,0.000486415,7
3580,3585,3582.5,0.000152873,0.000764367,11
3585,3590,3587.5,8.33854e-05,0.000416927,6
3590,3595,3592.5,8.33854e-05,0.000416927,6
3595,3600,3597.5,6.94879e-05,0.000347439,5
3600,3605,3602.5,6.94879e-05,0.000347439,5
3605,3610,3607.5,0.000111181,0.000555903,8
3610,3615,3612.5,8.33854e-05,0.000416927,6
3615,3620,3617.5,0.000166771,0.000833854,12
3620,3625,3622.5,5.55903e-05,0.000277951,4
3625,3630,3627.5,6.94879e-05,0.000347439,5
3630,3635,3632.5,0.000125078,0.000625391,9
3635,3640,3637.5,0.000138976,0.000694879,10
3640,3645,3642.5,0.000166771,0.000833854,12
3645,3650,3647.5,4.16927e-05,0.000208464,3
3650,3655,3652.5,0.000111181,0.000555903,8
3655,3660,3657.5,6.94879e-05,0.000347439,5
3660,3665,3662.5,0.000125078,0.000625391,9
3665,3670,3667.5,0.000111181,0.000555903,8
3670,3675,3672.5,5.55903e-05,0.000277951,4
3675,3680,3677.5,0.000180668,0.000903342,13
3680,3685,3682.5,9.7283e-05,0.000486415,7
3685,3690,3687.5,0.000125078,0.000625391,9
3690,3695,3692.5,6.94879e-05,0.000347439,5
3695,3700,3697.5,0.000180668,0.000903342,13
3700,3705,3702.5,4.16927e-05,0.000208464,3
3705,3710,3707.5,0.000138976,0.000694879,10
3710,3715,3712.5,9.7283e-05,0.000486415,7
3715,3720,3717.5,0.000125078,0.000625391,9
3720,3725,3722.5,6.94879e-05,0.000347439,5
3725,3730,3727.5,9.7283e-05,0.000486415,7
3730,3735,3732.5,9.7283e-05,0.000486415,7
3735,3740,3737.5,0.000125078,0.000625391,9
3740,3745,3742.5,5.55903e-05,0.000277951,4
3745,3750,3747.5,0.000111181,0.000555903,8
3755,3760,3757.5,0.000111181,0.000555903,8
3760,3765,3762.5,0.000166771,0.000833854,12
3765,3770,3767.5,8.33854e-05,0.000416927,6
3770,3775,3772.5,0.000166771,0.000833854,12
3775,3780,3777.5,8.33854e-05,0.000416927,6
3780,3785,3782.5,5.55903e-05,0.000277951,4
3785,3790,3787.5,6.94879e-05,0.000347439,5
3790,3795,3792.5,0.000111181,0.000555903,8
3795,3800,3797.5,0.000138976,0.000694879,10
3800,3805,3802.5,9.7283e-05,0.000486415,7
3805,3810,3807.5,9.7283e-05,0.000486415,7
3810,3815,3812.5,0.000166771,0.000833854,12
3815,3820,3817.5,0.000138976,0.000694879,10
3820,3825,3822.5,0.000166771,0.000833854,12
3825,3830,3827.5,8.33854e-05,0.000416927,6
3830,3835,3832.5,2.77951e-05,0.000138976,2
3835,3840,3837.5,4.16927e-05,0.000208464,3
3840,3845,3842.5,0.000125078,0.000625391,9
3845,3850,3847.5,9.7283e-05,0.000486415,7
3850,3855,3852.5,0.000125078,0.000625391,9
3855,3860,3857.5,6.94879e-05,0.000347439,5
3860,3865,3862.5,0.000208464,0.00104232,15
3865,3870,3867.5,9.7283e-05,0.000486415,7
3870,3875,3872.5,9.7283e-05,0.000486415,7
3875,3880,3877.5,1.38976e-05,6.94879e-05,1
3880,3885,3882.5,5.55903e-05,0.000277951,4
3885,3890,3887.5,6.94879e-05,0.000347439,5
3890,3895,3892.5,9.7283e-05,0.000486415,7
3895,3900,3897.5,5.55903e-05,0.000277951,4
3900,3905,3902.5,0.000138976,0.000694879,10
3905,3910,3907.5,9.7283e-05,0.000486415,7
3910,3915,3912.5,0.000125078,0.000625391,9
3915,3920,3917.5,0.000138976,0.000694879,10
3920,3925,3922.5,4.16927e-05,0.000208464,3
3925,3930,3927.5,0.000138976,0.000694879,10
3930,3935,3932.5,8.33854e-05,0.000416927,6
3935,3940,3937.5,5.55903e-05,0.000277951,4
3940,3945,3942.5,8.33854e-05,0.000416927,6
3945,3950,3947.5,0.000111181,0.000555903,8
3950,3955,3952.5,9.7283e-05,0.000486415,7
3955,3960,3957.5,0.000152873,0.000764367,11
3960,3965,3962.5,6.94879e-05,0.000347439,5
3965,3970,3967.5,8.33854e-05,0.000416927,6
3970,3975,3972.5,9.7283e-05,0.000486415,7
3975,3980,3977.5,0.000180668,0.000903342,13
3980,3985,3982.5,8.33854e-05,0.000416927,6
3985,3990,3987.5,4.16927e-05,0.000208464,3
3990,3995,3992.5,0.000125078,0.000625391,9
3995,4000,3997.5,6.94879e-05,0.000347439,5
4000,4005,4002.5,9.7283e-05,0.000486415,7
4005,4010,4007.5,9.7283e-05,0.000486415,7
4010,4015,4012.5,0.000111181,0.000555903,8
4015,4020,4017.5,9.7283e-05,0.000486415,7
4020,4025,4022.5,8.33854e-05,0.000416927,6
4025,4030,4027.5,9.7283e-05,0.000486415,7
4030,4035,4032.5,5.55903e-05,0.000277951,4
4035,4040,4037.5,6.94879e-05,0.000347439,5
4040,4045,4042.5,4.16927e-05,0.000208464,3
4045,4050,4047.5,0.000111181,0.000555903,8
4050,4055,4052.5,9.7283e-05,0.000486415,7
4055,4060,4057.5,0.000138976,0.000694879,10
4060,4065,4062.5,9.7283e-05,0.000486415,7
4065,4070,4067.5,0.000125078,0.000625391,9
4070,4075,4072.5,5.55903e-05,0.000277951,4
4075,4080,4077.5,5.55903e-05,0.000277951,4
4080,4085,4082.5,8.33854e-05,0.000416927,6
4085,4090,4087.5,0.000111181,0.000555903,8
4090,4095,4092.5,0.000111181,0.000555903,8
4095,4100,4097.5,0.000138976,0.000694879,10
4100,4105,4102.5,0.000166771,0.000833854,12
4105,4110,4107.5,0.000125078,0.000625391,9
4110,4115,4112.5,0.000111181,0.000555903,8
4115,4120,4117.5,8.33854e-05,0.000416927,6
4120,4125,4122.5,0.000125078,0.000625391,9
4125,4130,4127.5,0.000111181,0.000555903,8
4130,4135,4132.5,0.000180668,0.000903342,13
4135,4140,4137.5,5.55903e-05,0.000277951,4
4140,4145,4142.5,0.000125078,0.000625391,9
4145,4150,4147.5,9.7283e-05,0.000486415,7
4150,4155,4152.5,5.55903e-05,0.000277951,4
4155,4160,4157.5,0.000111181,0.000555903,8
4160,4165,4162.5,8.33854e-05,0.000416927,6
4165,4170,4167.5,0.000125078,0.000625391,9
4170,4175,4172.5,6.94879e-05,0.000347439,5
4175,4180,4177.5,8.33854e-05,0.000416927,6
4180,4185,4182.5,6.94879e-05,0.000347439,5
4185,4190,4187.5,0.000138976,0.000694879,10
4190,4195,4192.5,8.33854e-05,0.000416927,6
4195,4200,4197.5,6.94879e-05,0.000347439,5
4200,4205,4202.5,4.16927e-05,0.000208464,3
4205,4210,4207.5,5.55903e-05,0.000277951,4
4210,4215,4212.5,5.55903e-05,0.000277951,4
4215,4220,4217.5,9.7283e-05,0.000486415,7
4220,4225,4222.5,0.000125078,0.000625391,9
4225,4230,4227.5,0.000152873,0.000764367,11
4230,4235,4232.5,0.000111181,0.000555903,8
4235,4240,4237.5,6.94879e-05,0.000347439,5
4240,4245,4242.5,5.55903e-05,0.000277951,4
4245,4250,4247.5,6.94879e-05,0.000347439,5
4250,4255,4252.5,5.55903e-05,0.000277951,4
4255,4260,4257.5,4.16927e-05,0.000208464,3
4260,4265,4262.5,9.7283e-05,0.000486415,7
4265,4270,4267.5,6.94879e-05,0.000347439,5
4270,4275,4272.5,0.000125078,0.000625391,9
4275,4280,4277.5,2.77951e-05,0.000138976,2
4280,4285,4282.5,4.16927e-05,0.000208464,3
4285,4290,4287.5,0.000111181,0.000555903,8
4290,4295,4292.5,9.7283e-05,0.000486415,7
4295,4300,4297.5,0.000180668,0.000903342,13
4300,4305,4302.5,6.94879e-05,0.000347439,5
4305,4310,4307.5,6.94879e-05,0.000347439,5
4310,4315,4312.5,5.55903e-05,0.000277951,4
4315,4320,4317.5,8.33854e-05,0.000416927,6
4320,4325,4322.5,0.000125078,0.000625391,9
4325,4330,4327.5,0.000111181,0.000555903,8
4330,4335,4332.5,4.16927e-05,0.000208464,3
4335,4340,4337.5,0.000152873,0.000764367,11
4340,4345,4342.5,5.55903e-05,0.000277951,4
4345,4350,4347.5,5.55903e-05,0.000277951,4
4350,4355,4352.5,5.55903e-05,0.000277951,4
4355,4360,4357.5,6.94879e-05,0.000347439,5
4360,4365,4362.5,4.16927e-05,0.000208464,3
4365,4370,4367.5,4.16927e-05,0.000208464,3
4370,4375,4372.5,2.77951e-05,0.000138976,2
4375,4380,4377.5,4.16927e-05,0.000208464,3
4380,4385,4382.5,1.38976e-05,6.94879e-05,1
4385,4390,4387.5,5.55903e-05,0.000277951,4
4390,4395,4392.5,2.77951e-05,0.000138976,2
4395,4400,4397.5,2.77951e-05,0.000138976,2
4400,4405,4402.5,2.77951e-05,0.000138976,2
4405,4410,4407.5,4.16927e-05,0.000208464,3
4410,4415,4412.5,8.33854e-05,0.000416927,6
4415,4420,4417.5,4.16927e-05,0.000208464,3
4420,4425,4422.5,5.55903e-05,0.000277951,4
4425,4430,4427.5,2.77951e-05,0.000138976,2
4430,4435,4432.5,4.16927e-05,0.000208464,3
4435,4440,4437.5,4.16927e-05,0.000208464,3
4440,4445,4442.5,4.16927e-05,0.000208464,3
4445,4450,4447.5,4.16927e-05,0.000208464,3
4450,4455,4452.5,1.38976e-05,6.94879e-05,1
4455,4460,4457.5,5.55903e-05,0.000277951,4
4460,4465,4462.5,1.38976e-05,6.94879e-05,1
4465,4470,4467.5,4.16927e-05,0.000208464,3
4470,4475,4472.5,4.16927e-05,0.000208464,3
4475,4480,4477.5,4.16927e-05,0.000208464,3
4480,4485,4482.5,5.55903e-05,0.000277951,4
4485,4490,4487.5,6.94879e-05,0.000347439,5
4490,4495,4492.5,2.77951e-05,0.000138976,2
4495,4500,4497.5,1.38976e-05,6.94879e-05,1
4500,4505,4502.5,4.16927e-05,0.000208464,3
4505,4510,4507.5,6.94879e-05,0.000347439,5
4510,4515,4512.5,4.16927e-05,0.000208464,3
4515,4520,4517.5,2.77951e-05,0.000138976,2
4520,4525,4522.5,5.55903e-05,0.000277951,4
4525,4530,4527.5,5.55903e-05,0.000277951,4
4530,4535,4532.5,5.55903e-05,0.000277951,4
4535,4540,4537.5,5.55903e-05,0.000277951,4
4540,4545,4542.5,5.55903e-05,0.000277951,4
4545,4550,4547.5,2.77951e-05,0.000138976,2
4550,4555,4552.5,4.16927e-05,0.000208464,3
4555,4560,4557.5,8.33854e-05,0.000416927,6
4565,4570,4567.5,1.38976e-05,6.94879e-05,1
4570,4575,4572.5,2.77951e-05,0.000138976,2
4575,4580,4577.5,4.16927e-05,0.000208464,3
4580,4585,4582.5,6.94879e-05,0.000347439,5
4590,4595,4592.5,6.94879e-05,0.000347439,5
4595,4600,4597.5,4.16927e-05,0.000208464,3
4600,4605,4602.5,2.77951e-05,0.000138976,2
4605,4610,4607.5,5.55903e-05,0.000277951,4
4610,4615,4612.5,2.77951e-05,0.000138976,2
4615,4620,4617.5,4.16927e-05,0.000208464,3
4620,4625,4622.5,2.77951e-05,0.000138976,2
4625,4630,4627.5,5.55903e-05,0.000277951,4
4630,4635,4632.5,5.55903e-05,0.000277951,4
4635,4640,4637.5,1.38976e-05,6.94879e-05,1
4645,4650,4647.5,5.55903e-05,0.000277951,4
4650,4655,4652.5,2.77951e-05,0.000138976,2
4655,4660,4657.5,4.16927e-05,0.000208464,3
4660,4665,4662.5,1.38976e-05,6.94879e-05,1
4665,4670,4667.5,5.55903e-05,0.000277951,4
4670,4675,4672.5,2.77951e-05,0.000138976,2
4675,4680,4677.5,4.16927e-05,0.000208464,3
4680,4685,4682.5,4.16927e-05,0.000208464,3
4685,4690,4687.5,4.16927e-05,0.000208464,3
4690,4695,4692.5,5.55903e-05,0.000277951,4
4695,4700,4697.5,2.77951e-05,0.000138976,2
4700,4705,4702.5,1.38976e-05,6.94879e-05,1
4705,4710,4707.5,1.38976e-05,6.94879e-05,1
4710,4715,4712.5,2.77951e-05,0.000138976,2
4715,4720,4717.5,4.16927e-05,0.000208464,3
4720,4725,4722.5,2.77951e-05,0.000138976,2
4725,4730,4727.5,2.77951e-05,0.000138976,2
4730,4735,4732.5,1.38976e-05,6.94879e-05,1
4735,4740,4737.5,2.77951e-05,0.000138976,2
4740,4745,4742.5,1.38976e-05,6.94879e-05,1
4745,4750,4747.5,5.55903e-05,0.000277951,4
4750,4755,4752.5,4.16927e-05,0.000208464,3
4755,4760,4757.5,4.16927e-05,0.000208464,3
4760,4765,4762.5,4.16927e-05,0.000208464,3
4765,4770,4767.5,6.94879e-05,0.000347439,5
4770,4775,4772.5,1.38976e-05,6.94879e-05,1
4775,4780,4777.5,1.38976e-05,6.94879e-05,1
4780,4785,4782.5,4.16927e-05,0.000208464,3
4785,4790,4787.5,1.38976e-05,6.94879e-05,1
4790,4795,4792.5,5.55903e-05,0.000277951,4
4795,4800,4797.5,5.55903e-05,0.000277951,4
4800,4805,4802.5,1.38976e-05,6.94879e-05,1
4805,4810,4807.5,2.77951e-05,0.000138976,2
4810,4815,4812.5,4.16927e-05,0.000208464,3
4815,4820,4817.5,4.16927e-05,0.000208464,3
4820,4825,4822.5,1.38976e-05,6.94879e-05,1
4825,4830,4827.5,2.77951e-05,0.000138976,2
4830,4835,4832.5,4.16927e-05,0.000208464,3
4835,4840,4837.5,4.16927e-05,0.000208464,3
4840,4845,4842.5,2.77951e-05,0.000138976,2
4845,4850,4847.5,6.94879e-05,0.000347439,5
4850,4855,4852.5,1.38976e-05,6.94879e-05,1
4865,4870,4867.5,4.16927e-05,0.000208464,3
4870,4875,4872.5,2.77951e-05,0.000138976,2
4875,4880,4877.5,2.77951e-05,0.000138976,2
4880,4885,4882.5,6.94879e-05,0.000347439,5
4885,4890,4887.5,2.77951e-05,0.000138976,2
4890,4895,4892.5,1.38976e-05,6.94879e-05,1
4895,4900,4897.5,1.38976e-05,6.94879e-05,1
4900,4905,4902.5,5.55903e-05,0.000277951,4
4905,4910,4907.5,1.38976e-05,6.94879e-05,1
4910,4915,4912.5,1.38976e-05,6.94879e-05,1
4915,4920,4917.5,4.16927e-05,0.000208464,3
4920,4925,4922.5,4.16927e-05,0.000208464,3
4925,4930,4927.5,5.55903e-05,0.000277951,4
4935,4940,4937.5,2.77951e-05,0.000138976,2
4940,4945,4942.5,6.94879e-05,0.000347439,5
4945,4950,4947.5,1.38976e-05,6.94879e-05,1
4950,4955,4952.5,5.55903e-05,0.000277951,4
4955,4960,4957.5,2.77951e-05,0.000138976,2
4960,4965,4962.5,4.16927e-05,0.000208464,3
4965,4970,4967.5,1.38976e-05,6.94879e-05,1
4975,4980,4977.5,2.77951e-05,0.000138976,2
4980,4985,4982.5,2.77951e-05,0.000138976,2
4985,4990,4987.5,4.16927e-05,0.000208464,3
4990,4995,4992.5,6.94879e-05,0.000347439,5
4995,5000,4997.5,2.77951e-05,0.000138976,2
5000,5005,5002.5,6.94879e-05,0.000347439,5
5005,5010,5007.5,4.16927e-05,0.000208464,3
5010,5015,5012.5,4.16927e-05,0.000208464,3
5020,5025,5022.5,5.55903e-05,0.000277951,4
5025,5030,5027.5,2.77951e-05,0.000138976,2
5030,5035,5032.5,2.77951e-05,0.000138976,2
5035,5040,5037.5,5.55903e-05,0.000277951,4
5040,5045,5042.5,4.16927e-05,0.000208464,3
5045,5050,5047.5,1.38976e-05,6.94879e-05,1
5050,5055,5052.5,1.38976e-05,6.94879e-05,1
5055,5060,5057.5,2.77951e-05,0.000138976,2
5060,5065,5062.5,1.38976e-05,6.94879e-05,1
5065,5070,5067.5,4.16927e-05,0.000208464,3
5070,5075,5072.5,1.38976e-05,6.94879e-05,1
5075,5080,5077.5,1.38976e-05,6.94879e-05,1
5080,5085,5082.5,5.55903e-05,0.000277951,4
5085,5090,5087.5,1.38976e-05,6.94879e-05,1
5090,5095,5092.5,5.55903e-05,0.000277951,4
5095,5100,5097.5,1.38976e-05,6.94879e-05,1
5100,5105,5102.5,1.38976e-05,6.94879e-05,1
5110,5115,5112.5,1.38976e-05,6.94879e-05,1
5115,5120,5117.5,1.38976e-05,6.94879e-05,1
5120,5125,5122.5,2.77951e-05,0.000138976,2
5135,5140,5137.5,8.33854e-05,0.000416927,6
5140,5145,5142.5,1.38976e-05,6.94879e-05,1
5145,5150,5147.5,4.16927e-05,0.000208464,3
5150,5155,5152.5,1.38976e-05,6.94879e-05,1
5155,5160,5157.5,5.55903e-05,0.000277951,4
5160,5165,5162.5,1.38976e-05,6.94879e-05,1
5165,5170,5167.5,5.55903e-05,0.000277951,4
5170,5175,5172.5,5.55903e-05,0.000277951,4
5175,5180,5177.5,2.77951e-05,0.000138976,2
5180,5185,5182.5,4.16927e-05,0.000208464,3
5185,5190,5187.5,2.77951e-05,0.000138976,2
5190,5195,5192.5,4.16927e-05,0.000208464,3
5195,5200,5197.5,2.77951e-05,0.000138976,2
5200,5205,5202.5,1.38976e-05,6.94879e-05,1
5205,5210,5207.5,2.77951e-05,0.000138976,2
5210,5215,5212.5,1.38976e-05,6.94879e-05,1
5215,5220,5217.5,5.55903e-05,0.000277951,4
5225,5230,5227.5,4.16927e-05,0.000208464,3
5230,5235,5232.5,2.77951e-05,0.000138976,2
5235,5240,5237.5,2.77951e-05,0.000138976,2
5240,5245,5242.5,4.16927e-05,0.000208464,3
5245,5250,5247.5,1.38976e-05,6.94879e-05,1
5255,5260,5257.5,4.16927e-05,0.000208464,3
5260,5265,5262.5,2.77951e-05,0.000138976,2
5265,5270,5267.5,5.55903e-05,0.000277951,4
5270,5275,5272.5,4.16927e-05,0.000208464,3
5275,5280,5277.5,6.94879e-05,0.000347439,5
5280,5285,5282.5,2.77951e-05,0.000138976,2
5285,5290,5287.5,2.77951e-05,0.000138976,2
5290,5295,5292.5,6.94879e-05,0.000347439,5
5295,5300,5297.5,4.16927e-05,0.000208464,3
5300,5305,5302.5,2.77951e-05,0.000138976,2
5305,5310,5307.5,2.77951e-05,0.000138976,2
5310,5315,5312.5,2.77951e-05,0.000138976,2
5315,5320,5317.5,5.55903e-05,0.000277951,4
5320,5325,5322.5,6.94879e-05,0.000347439,5
5325,5330,5327.5,4.16927e-05,0.000208464,3
5330,5335,5332.5,2.77951e-05,0.000138976,2
5335,5340,5337.5,4.16927e-05,0.000208464,3
5340,5345,5342.5,1.38976e-05,6.94879e-05,1
5345,5350,5347.5,1.38976e-05,6.94879e-05,1
5350,5355,5352.5,4.16927e-05,0.000208464,3
5355,5360,5357.5,1.38976e-05,6.94879e-05,1
5365,5370,5367.5,4.16927e-05,0.000208464,3
5370,5375,5372.5,2.77951e-05,0.000138976,2
5375,5380,5377.5,5.55903e-05,0.000277951,4
5380,5385,5382.5,1.38976e-05,6.94879e-05,1
5390,5395,5392.5,1.38976e-05,6.94879e-05,1
5395,5400,5397.5,2.77951e-05,0.000138976,2
5400,5405,5402.5,2.77951e-05,0.000138976,2
5405,5410,5407.5,2.77951e-05,0.000138976,2
5410,5415,5412.5,2.77951e-05,0.000138976,2
5415,5420,5417.5,1.38976e-05,6.94879e-05,1
5420,5425,5422.5,2.77951e-05,0.000138976,2
5425,5430,5427.5,1.38976e-05,6.94879e-05,1
5430,5435,5432.5,4.16927e-05,0.000208464,3
5435,5440,5437.5,4.16927e-05,0.000208464,3
5445,5450,5447.5,5.55903e-05,0.000277951,4
5450,5455,5452.5,6.94879e-05,0.000347439,5
5455,5460,5457.5,2.77951e-05,0.000138976,2
5460,5465,5462.5,2.77951e-05,0.000138976,2
5465,5470,5467.5,8.33854e-05,0.000416927,6
5480,5485,5482.5,2.77951e-05,0.000138976,2
5485,5490,5487.5,1.38976e-05,6.94879e-05,1
5490,5495,5492.5,2.77951e-05,0.000138976,2
5495,5500,5497.5,2.77951e-05,0.000138976,2
5500,5505,5502.5,1.38976e-05,6.94879e-05,1
5505,5510,5507.5,4.16927e-05,0.000208464,3
5510,5515,5512.5,4.16927e-05,0.000208464,3
5520,5525,5522.5,2.77951e-05,0.000138976,2
5530,5535,5532.5,2.77951e-05,0.000138976,2
5535,5540,5537.5,1.38976e-05,6.94879e-05,1
5540,5545,5542.5,4.16927e-05,0.000208464,3
5545,5550,5547.5,1.38976e-05,6.94879e-05,1
5550,5555,5552.5,4.16927e-05,0.000208464,3
5555,5560,5557.5,5.55903e-05,0.000277951,4
5565,5570,5567.5,1.38976e-05,6.94879e-05,1
5570,5575,5572.5,4.16927e-05,0.000208464,3
5580,5585,5582.5,2.77951e-05,0.000138976,2
5585,5590,5587.5,1.38976e-05,6.94879e-05,1
5590,5595,5592.5,5.55903e-05,0.000277951,4
5595,5600,5597.5,1.38976e-05,6.94879e-05,1
5600,5605,5602.5,1.38976e-05,6.94879e-05,1
5605,5610,5607.5,2.77951e-05,0.000138976,2
5615,5620,5617.5,4.16927e-05,0.000208464,3
5620,5625,5622.5,2.77951e-05,0.000138976,2
5625,5630,5627.5,2.77951e-05,0.000138976,2
5630,5635,5632.5,2.77951e-05,0.000138976,2
5640,5645,5642.5,1.38976e-05,6.94879e-05,1
5645,5650,5647.5,1.38976e-05,6.94879e-05,1
5650,5655,5652.5,1.38976e-05,6.94879e-05,1
5660,5665,5662.5,1.38976e-05,6.94879e-05,1
5665,5670,5667.5,2.77951e-05,0.000138976,2
5670,5675,5672.5,1.38976e-05,6.94879e-05,1
5675,5680,5677.5,5.55903e-05,0.000277951,4
5680,5685,5682.5,1.38976e-05,6.94879e-05,1
5685,5690,5687.5,1.38976e-05,6.94879e-05,1
5690,5695,5692.5,2.77951e-05,0.000138976,2
5695,5700,5697.5,1.38976e-05,6.94879e-05,1
5700,5705,5702.5,1.38976e-05,6.94879e-05,1
5705,5710,5707.5,1.38976e-05,6.94879e-05,1
5710,5715,5712.5,5.55903e-05,0.000277951,4
5715,5720,5717.5,1.38976e-05,6.94879e-05,1
5720,5725,5722.5,4.16927e-05,0.000208464,3
5725,5730,5727.5,2.77951e-05,0.000138976,2
5730,5735,5732.5,2.77951e-05,0.000138976,2
5735,5740,5737.5,1.38976e-05,6.94879e-05,1
5740,5745,5742.5,1.38976e-05,6.94879e-05,1
5745,5750,5747.5,1.38976e-05,6.94879e-05,1
5750,5755,5752.5,6.94879e-05,0.000347439,5
5760,5765,5762.5,4.16927e-05,0.000208464,3
5765,5770,5767.5,4.16927e-05,0.000208464,3
5770,5775,5772.5,1.38976e-05,6.94879e-05,1
5775,5780,5777.5,2.77951e-05,0.000138976,2
5785,5790,5787.5,2.77951e-05,0.000138976,2
5790,5795,5792.5,1.38976e-05,6.94879e-05,1
5795,5800,5797.5,1.38976e-05,6.94879e-05,1
5800,5805,5802.5,1.38976e-05,6.94879e-05,1
5805,5810,5807.5,2.77951e-05,0.000138976,2
5810,5815,5812.5,2.77951e-05,0.000138976,2
5815,5820,5817.5,5.55903e-05,0.000277951,4
5830,5835,5832.5,5.55903e-05,0.000277951,4
5835,5840,5837.5,1.38976e-05,6.94879e-05,1
5840,5845,5842.5,1.38976e-05,6.94879e-05,1
5850,5855,5852.5,1.38976e-05,6.94879e-05,1
5855,5860,5857.5,1.38976e-05,6.94879e-05,1
5860,5865,5862.5,2.77951e-05,0.000138976,2
5865,5870,5867.5,1.38976e-05,6.94879e-05,1
5870,5875,5872.5,6.94879e-05,0.000347439,5
5875,5880,5877.5,2.77951e-05,0.000138976,2
5880,5885,5882.5,4.16927e-05,0.000208464,3
5885,5890,5887.5,1.38976e-05,6.94879e-05,1
5890,5895,5892.5,8.33854e-05,0.000416927,6
5895,5900,5897.5,1.38976e-05,6.94879e-05,1
5900,5905,5902.5,2.77951e-05,0.000138976,2
5905,5910,5907.5,4.16927e-05,0.000208464,3
5910,5915,5912.5,4.16927e-05,0.000208464,3
5915,5920,5917.5,1.38976e-05,6.94879e-05,1
5920,5925,5922.5,4.16927e-05,0.000208464,3
5925,5930,5927.5,4.16927e-05,0.000208464,3
5940,5945,5942.5,2.77951e-05,0.000138976,2
5950,5955,5952.5,1.38976e-05,6.94879e-05,1
5955,5960,5957.5,2.77951e-05,0.000138976,2
5965,5970,5967.5,2.77951e-05,0.000138976,2
5975,5980,5977.5,4.16927e-05,0.000208464,3
5990,5995,5992.5,1.38976e-05,6.94879e-05,1
6005,6010,6007.5,1.38976e-05,6.94879e-05,1
6010,6015,6012.5,4.16927e-05,0.000208464,3
6015,6020,6017.5,4.16927e-05,0.000208464,3
6030,6035,6032.5,2.77951e-05,0.000138976,2
6045,6050,6047.5,2.77951e-05,0.000138976,2
6060,6065,6062.5,4.16927e-05,0.000208464,3
6065,6070,6067.5,1.38976e-05,6.94879e-05,1
6070,6075,6072.5,1.38976e-05,6.94879e-05,1
6075,6080,6077.5,1.38976e-05,6.94879e-05,1
6080,6085,6082.5,1.38976e-05,6.94879e-05,1
6085,6090,6087.5,1.38976e-05,6.94879e-05,1
6090,6095,6092.5,1.38976e-05,6.94879e-05,1
6095,6100,6097.5,1.38976e-05,6.94879e-05,1
6100,6105,6102.5,4.16927e-05,0.000208464,3
6105,6110,6107.5,2.77951e-05,0.000138976,2
6110,6115,6112.5,4.16927e-05,0.000208464,3
6115,6120,6117.5,4.16927e-05,0.000208464,3
6120,6125,6122.5,1.38976e-05,6.94879e-05,1
6125,6130,6127.5,2.77951e-05,0.000138976,2
6130,6135,6132.5,6.94879e-05,0.000347439,5
6135,6140,6137.5,1.38976e-05,6.94879e-05,1
6140,6145,6142.5,1.38976e-05,6.94879e-05,1
6145,6150,6147.5,1.38976e-05,6.94879e-05,1
6150,6155,6152.5,2.77951e-05,0.000138976,2
6155,6160,6157.5,4.16927e-05,0.000208464,3
6160,6165,6162.5,5.55903e-05,0.000277951,4
6165,6170,6167.5,1.38976e-05,6.94879e-05,1
6170,6175,6172.5,1.38976e-05,6.94879e-05,1
6175,6180,6177.5,1.38976e-05,6.94879e-05,1
6190,6195,6192.5,1.38976e-05,6.94879e-05,1
6195,6200,6197.5,2.77951e-05,0.000138976,2
6200,6205,6202.5,2.77951e-05,0.000138976,2
6205,6210,6207.5,2.77951e-05,0.000138976,2
6210,6215,6212.5,1.38976e-05,6.94879e-05,1
6215,6220,6217.5,2.77951e-05,0.000138976,2
6220,6225,6222.5,2.77951e-05,0.000138976,2
6225,6230,6227.5,4.16927e-05,0.000208464,3
6235,6240,6237.5,2.77951e-05,0.000138976,2
6240,6245,6242.5,1.38976e-05,6.94879e-05,1
6245,6250,6247.5,2.77951e-05,0.000138976,2
6250,6255,6252.5,4.16927e-05,0.000208464,3
6255,6260,6257.5,2.77951e-05,0.000138976,2
6260,6265,6262.5,1.38976e-05,6.94879e-05,1
6265,6270,6267.5,1.38976e-05,6.94879e-05,1
6270,6275,6272.5,1.38976e-05,6.94879e-05,1
6280,6285,6282.5,4.16927e-05,0.000208464,3
6285,6290,6287.5,2.77951e-05,0.000138976,2
6295,6300,6297.5,1.38976e-05,6.94879e-05,1
6300,6305,6302.5,4.16927e-05,0.000208464,3
6305,6310,6307.5,1.38976e-05,6.94879e-05,1
6310,6315,6312.5,5.55903e-05,0.000277951,4
6315,6320,6317.5,1.38976e-05,6.94879e-05,1
6320,6325,6322.5,1.38976e-05,6.94879e-05,1
6325,6330,6327.5,4.16927e-05,0.000208464,3
6330,6335,6332.5,1.38976e-05,6.94879e-05,1
6335,6340,6337.5,2.77951e-05,0.000138976,2
6340,6345,6342.5,1.38976e-05,6.94879e-05,1
6345,6350,6347.5,2.77951e-05,0.000138976,2
6350,6355,6352.5,1.38976e-05,6.94879e-05,1
6355,6360,6357.5,1.38976e-05,6.94879e-05,1
6360,6365,6362.5,1.38976e-05,6.94879e-05,1
6365,6370,6367.5,1.38976e-05,6.94879e-05,1
6370,6375,6372.5,4.16927e-05,0.000208464,3
6375,6380,6377.5,1.38976e-05,6.94879e-05,1
6380,6385,6382.5,2.77951e-05,0.000138976,2
6385,6390,6387.5,1.38976e-05,6.94879e-05,1
6390,6395,6392.5,4.16927e-05,0.000208464,3
6395,6400,6397.5,1.38976e-05,6.94879e-05,1
6400,6405,6402.5,1.38976e-05,6.94879e-05,1
6405,6410,6407.5,4.16927e-05,0.000208464,3
6410,6415,6412.5,4.16927e-05,0.000208464,3
6420,6425,6422.5,4.16927e-05,0.000208464,3
6430,6435,6432.5,2.77951e-05,0.000138976,2
6435,6440,6437.5,1.38976e-05,6.94879e-05,1
6440,6445,6442.5,2.77951e-05,0.000138976,2
6445,6450,6447.5,2.77951e-05,0.000138976,2
6450,6455,6452.5,2.77951e-05,0.000138976,2
6455,6460,6457.5,1.38976e-05,6.94879e-05,1
6465,6470,6467.5,2.77951e-05,0.000138976,2
6475,6480,6477.5,2.77951e-05,0.000138976,2
6480,6485,6482.5,1.38976e-05,6.94879e-05,1
6485,6490,6487.5,6.94879e-05,0.000347439,5
6490,6495,6492.5,1.38976e-05,6.94879e-05,1
6500,6505,6502.5,1.38976e-05,6.94879e-05,1
6505,6510,6507.5,4.16927e-05,0.000208464,3
6510,6515,6512.5,2.77951e-05,0.000138976,2
6515,6520,6517.5,2.77951e-05,0.000138976,2
6520,6525,6522.5,1.38976e-05,6.94879e-05,1
6525,6530,6527.5,2.77951e-05,0.000138976,2
6535,6540,6537.5,1.38976e-05,6.94879e-05,1
6540,6545,6542.5,2.77951e-05,0.000138976,2
6545,6550,6547.5,1.38976e-05,6.94879e-05,1
6555,6560,6557.5,1.38976e-05,6.94879e-05,1
6560,6565,6562.5,2.77951e-05,0.000138976,2
6565,6570,6567.5,2.77951e-05,0.000138976,2
6570,6575,6572.5,1.38976e-05,6.94879e-05,1
6575,6580,6577.5,4.16927e-05,0.000208464,3
6580,6585,6582.5,1.38976e-05,6.94879e-05,1
6585,6590,6587.5,6.94879e-05,0.000347439,5
6595,6600,6597.5,5.55903e-05,0.000277951,4
6600,6605,6602.5,2.77951e-05,0.000138976,2
6605,6610,6607.5,1.38976e-05,6.94879e-05,1
6615,6620,6617.5,1.38976e-05,6.94879e-05,1
6625,6630,6627.5,6.94879e-05,0.000347439,5
6630,6635,6632.5,1.38976e-05,6.94879e-05,1
6635,6640,6637.5,1.38976e-05,6.94879e-05,1
6640,6645,6642.5,4.16927e-05,0.000208464,3
6645,6650,6647.5,1.38976e-05,6.94879e-05,1
6655,6660,6657.5,1.38976e-05,6.94879e-05,1
6660,6665,6662.5,2.77951e-05,0.000138976,2
6665,6670,6667.5,2.77951e-05,0.000138976,2
6670,6675,6672.5,2.77951e-05,0.000138976,2
6675,6680,6677.5,4.16927e-05,0.000208464,3
6680,6685,6682.5,4.16927e-05,0.000208464,3
6685,6690,6687.5,1.38976e-05,6.94879e-05,1
6690,6695,6692.5,2.77951e-05,0.000138976,2
6695,6700,6697.5,1.38976e-05,6.94879e-05,1
6700,6705,6702.5,1.38976e-05,6.94879e-05,1
6705,6710,6707.5,2.77951e-05,0.000138976,2
6710,6715,6712.5,2.77951e-05,0.000138976,2
6715,6720,6717.5,5.55903e-05,0.000277951,4
6735,6740,6737.5,5.55903e-05,0.000277951,4
6745,6750,6747.5,2.77951e-05,0.000138976,2
6750,6755,6752.5,1.38976e-05,6.94879e-05,1
6755,6760,6757.5,1.38976e-05,6.94879e-05,1
6760,6765,6762.5,6.94879e-05,0.000347439,5
6765,6770,6767.5,1.38976e-05,6.94879e-05,1
6770,6775,6772.5,2.77951e-05,0.000138976,2
6775,6780,6777.5,1.38976e-05,6.94879e-05,1
6780,6785,6782.5,1.38976e-05,6.94879e-05,1
6785,6790,6787.5,4.16927e-05,0.000208464,3
6795,6800,6797.5,1.38976e-05,6.94879e-05,1
6810,6815,6812.5,2.77951e-05,0.000138976,2
6815,6820,6817.5,2.77951e-05,0.000138976,2
6825,6830,6827.5,1.38976e-05,6.94879e-05,1
6830,6835,6832.5,1.38976e-05,6.94879e-05,1
6840,6845,6842.5,1.38976e-05,6.94879e-05,1
6845,6850,6847.5,2.77951e-05,0.000138976,2
6855,6860,6857.5,2.77951e-05,0.000138976,2
6865,6870,6867.5,1.38976e-05,6.94879e-05,1
6875,6880,6877.5,1.38976e-05,6.94879e-05,1
6885,6890,6887.5,1.38976e-05,6.94879e-05,1
6890,6895,6892.5,1.38976e-05,6.94879e-05,1
6895,6900,6897.5,1.38976e-05,6.94879e-05,1
6905,6910,6907.5,1.38976e-05,6.94879e-05,1
6910,6915,6912.5,5.55903e-05,0.000277951,4
6915,6920,6917.5,2.77951e-05,0.000138976,2
6920,6925,6922.5,1.38976e-05,6.94879e-05,1
6930,6935,6932.5,1.38976e-05,6.94879e-05,1
6940,6945,6942.5,1.38976e-05,6.94879e-05,1
6955,6960,6957.5,4.16927e-05,0.000208464,3
6960,6965,6962.5,5.55903e-05,0.000277951,4
6965,6970,6967.5,4.16927e-05,0.000208464,3
6975,6980,6977.5,1.38976e-05,6.94879e-05,1
6980,6985,6982.5,4.16927e-05,0.000208464,3
6990,6995,6992.5,1.38976e-05,6.94879e-05,1
6995,7000,6997.5,2.77951e-05,0.000138976,2
7000,7005,7002.5,1.38976e-05,6.94879e-05,1
7005,7010,7007.5,2.77951e-05,0.000138976,2
7010,7015,7012.5,1.38976e-05,6.94879e-05,1
7015,7020,7017.5,1.38976e-05,6.94879e-05,1
7030,7035,7032.5,1.38976e-05,6.94879e-05,1
7040,7045,7042.5,2.77951e-05,0.000138976,2
7045,7050,7047.5,2.77951e-05,0.000138976,2
7050,7055,7052.5,1.38976e-05,6.94879e-05,1
7055,7060,7057.5,1.38976e-05,6.94879e-05,1
7065,7070,7067.5,4.16927e-05,0.000208464,3
7070,7075,7072.5,4.16927e-05,0.000208464,3
7075,7080,7077.5,1.38976e-05,6.94879e-05,1
7080,7085,7082.5,5.55903e-05,0.000277951,4
7085,7090,7087.5,2.77951e-05,0.000138976,2
7090,7095,7092.5,1.38976e-05,6.94879e-05,1
7100,7105,7102.5,2.77951e-05,0.000138976,2
7105,7110,7107.5,1.38976e-05,6.94879e-05,1
7110,7115,7112.5,1.38976e-05,6.94879e-05,1
7115,7120,7117.5,2.77951e-05,0.000138976,2
7120,7125,7122.5,4.16927e-05,0.000208464,3
7125,7130,7127.5,4.16927e-05,0.000208464,3
7135,7140,7137.5,2.77951e-05,0.000138976,2
7140,7145,7142.5,2.77951e-05,0.000138976,2
7145,7150,7147.5,1.38976e-05,6.94879e-05,1
7155,7160,7157.5,2.77951e-05,0.000138976,2
7160,7165,7162.5,1.38976e-05,6.94879e-05,1
7165,7170,7167.5,1.38976e-05,6.94879e-05,1
7170,7175,7172.5,1.38976e-05,6.94879e-05,1
7195,7200,7197.5,2.77951e-05,0.000138976,2
7200,7205,7202.5,1.38976e-05,6.94879e-05,1
7205,7210,7207.5,4.16927e-05,0.000208464,3
7210,7215,7212.5,1.38976e-05,6.94879e-05,1
7215,7220,7217.5,1.38976e-05,6.94879e-05,1
7220,7225,7222.5,2.77951e-05,0.000138976,2
7230,7235,7232.5,1.38976e-05,6.94879e-05,1
7235,7240,7237.5,1.38976e-05,6.94879e-05,1
7250,7255,7252.5,1.38976e-05,6.94879e-05,1
7255,7260,7257.5,1.38976e-05,6.94879e-05,1
7260,7265,7262.5,1.38976e-05,6.94879e-05,1
7280,7285,7282.5,1.38976e-05,6.94879e-05,1
7290,7295,7292.5,1.38976e-05,6.94879e-05,1
7295,7300,7297.5,5.55903e-05,0.000277951,4
7300,7305,7302.5,1.38976e-05,6.94879e-05,1
7305,7310,7307.5,2.77951e-05,0.000138976,2
7310,7315,7312.5,1.38976e-05,6.94879e-05,1
7315,7320,7317.5,2.77951e-05,0.000138976,2
7320,7325,7322.5,2.77951e-05,0.000138976,2
7325,7330,7327.5,1.38976e-05,6.94879e-05,1
7330,7335,7332.5,1.38976e-05,6.94879e-05,1
7335,7340,7337.5,2.77951e-05,0.000138976,2
7340,7345,7342.5,4.16927e-05,0.000208464,3
7345,7350,7347.5,1.38976e-05,6.94879e-05,1
7350,7355,7352.5,2.77951e-05,0.000138976,2
7360,7365,7362.5,1.38976e-05,6.94879e-05,1
7365,7370,7367.5,2.77951e-05,0.000138976,2
7370,7375,7372.5,2.77951e-05,0.000138976,2
7380,7385,7382.5,1.38976e-05,6.94879e-05,1
7390,7395,7392.5,1.38976e-05,6.94879e-05,1
7410,7415,7412.5,1.38976e-05,6.94879e-05,1
7415,7420,7417.5,1.38976e-05,6.94879e-05,1
7420,7425,7422.5,2.77951e-05,0.000138976,2
7430,7435,7432.5,2.77951e-05,0.000138976,2
7435,7440,7437.5,1.38976e-05,6.94879e-05,1
7440,7445,7442.5,1.38976e-05,6.94879e-05,1
7445,7450,7447.5,1.38976e-05,6.94879e-05,1
7450,7455,7452.5,1.38976e-05,6.94879e-05,1
7460,7465,7462.5,2.77951e-05,0.000138976,2
7465,7470,7467.5,1.38976e-05,6.94879e-05,1
7470,7475,7472.5,1.38976e-05,6.94879e-05,1
7485,7490,7487.5,1.38976e-05,6.94879e-05,1
7495,7500,7497.5,1.38976e-05,6.94879e-05,1
7500,7505,7502.5,1.38976e-05,6.94879e-05,1
7505,7510,7507.5,1.38976e-05,6.94879e-05,1
7520,7525,7522.5,1.38976e-05,6.94879e-05,1
7535,7540,7537.5,2.77951e-05,0.000138976,2
7550,7555,7552.5,2.77951e-05,0.000138976,2
7555,7560,7557.5,1.38976e-05,6.94879e-05,1
7570,7575,7572.5,1.38976e-05,6.94879e-05,1
7585,7590,7587.5,2.77951e-05,0.000138976,2
7595,7600,7597.5,4.16927e-05,0.000208464,3
7600,7605,7602.5,2.77951e-05,0.000138976,2
7605,7610,7607.5,2.77951e-05,0.000138976,2
7610,7615,7612.5,2.77951e-05,0.000138976,2
7620,7625,7622.5,4.16927e-05,0.000208464,3
7635,7640,7637.5,1.38976e-05,6.94879e-05,1
7640,7645,7642.5,1.38976e-05,6.94879e-05,1
7650,7655,7652.5,1.38976e-05,6.94879e-05,1
7655,7660,7657.5,1.38976e-05,6.94879e-05,1
7675,7680,7677.5,2.77951e-05,0.000138976,2
7680,7685,7682.5,1.38976e-05,6.94879e-05,1
7685,7690,7687.5,2.77951e-05,0.000138976,2
7690,7695,7692.5,1.38976e-05,6.94879e-05,1
7700,7705,7702.5,1.38976e-05,6.94879e-05,1
7705,7710,7707.5,1.38976e-05,6.94879e-05,1
7710,7715,7712.5,2.77951e-05,0.000138976,2
7715,7720,7717.5,2.77951e-05,0.000138976,2
7725,7730,7727.5,1.38976e-05,6.94879e-05,1
7735,7740,7737.5,4.16927e-05,0.000208464,3
7745,7750,7747.5,1.38976e-05,6.94879e-05,1
7755,7760,7757.5,1.38976e-05,6.94879e-05,1
7765,7770,7767.5,1.38976e-05,6.94879e-05,1
7785,7790,7787.5,6.94879e-05,0.000347439,5
7790,7795,7792.5,4.16927e-05,0.000208464,3
7800,7805,7802.5,1.38976e-05,6.94879e-05,1
7815,7820,7817.5,2.77951e-05,0.000138976,2
7820,7825,7822.5,1.38976e-05,6.94879e-05,1
7835,7840,7837.5,1.38976e-05,6.94879e-05,1
7845,7850,7847.5,2.77951e-05,0.000138976,2
7850,7855,7852.5,2.77951e-05,0.000138976,2
7855,7860,7857.5,1.38976e-05,6.94879e-05,1
7860,7865,7862.5,1.38976e-05,6.94879e-05,1
7870,7875,7872.5,4.16927e-05,0.000208464,3
7885,7890,7887.5,1.38976e-05,6.94879e-05,1
7890,7895,7892.5,1.38976e-05,6.94879e-05,1
7895,7900,7897.5,1.38976e-05,6.94879e-05,1
7920,7925,7922.5,1.38976e-05,6.94879e-05,1
7930,7935,7932.5,1.38976e-05,6.94879e-05,1
7935,7940,7937.5,1.38976e-05,6.94879e-05,1
7950,7955,7952.5,2.77951e-05,0.000138976,2
7955,7960,7957.5,2.77951e-05,0.000138976,2
7960,7965,7962.5,2.77951e-05,0.000138976,2
7970,7975,7972.5,1.38976e-05,6.94879e-05,1
7975,7980,7977.5,2.77951e-05,0.000138976,2
7980,7985,7982.5,1.38976e-05,6.94879e-05,1
7985,7990,7987.5,1.38976e-05,6.94879e-05,1
7990,7995,7992.5,1.38976e-05,6.94879e-05,1
7995,8000,7997.5,2.77951e-05,0.000138976,2
8000,8005,8002.5,1.38976e-05,6.94879e-05,1
8005,8010,8007.5,1.38976e-05,6.94879e-05,1
8010,8015,8012.5,2.77951e-05,0.000138976,2
8025,8030,8027.5,1.38976e-05,6.94879e-05,1
8040,8045,8042.5,1.38976e-05,6.94879e-05,1
8045,8050,8047.5,1.38976e-05,6.94879e-05,1
8050,8055,8052.5,1.38976e-05,6.94879e-05,1
8065,8070,8067.5,2.77951e-05,0.000138976,2
8070,8075,8072.5,2.77951e-05,0.000138976,2
8075,8080,8077.5,1.38976e-05,6.94879e-05,1
8080,8085,8082.5,2.77951e-05,0.000138976,2
8085,8090,8087.5,1.38976e-05,6.94879e-05,1
8090,8095,8092.5,1.38976e-05,6.94879e-05,1
8100,8105,8102.5,4.16927e-05,0.000208464,3
8105,8110,8107.5,2.77951e-05,0.000138976,2
8110,8115,8112.5,1.38976e-05,6.94879e-05,1
8125,8130,8127.5,2.77951e-05,0.000138976,2
8135,8140,8137.5,1.38976e-05,6.94879e-05,1
8145,8150,8147.5,1.38976e-05,6.94879e-05,1
8165,8170,8167.5,2.77951e-05,0.000138976,2
8185,8190,8187.5,2.77951e-05,0.000138976,2
8190,8195,8192.5,1.38976e-05,6.94879e-05,1
8210,8215,8212.5,1.38976e-05,6.94879e-05,1
8215,8220,8217.5,4.16927e-05,0.000208464,3
8230,8235,8232.5,1.38976e-05,6.94879e-05,1
8235,8240,8237.5,1.38976e-05,6.94879e-05,1
8245,8250,8247.5,2.77951e-05,0.000138976,2
8250,8255,8252.5,2.77951e-05,0.000138976,2
8255,8260,8257.5,1.38976e-05,6.94879e-05,1
8260,8265,8262.5,1.38976e-05,6.94879e-05,1
8280,8285,8282.5,2.77951e-05,0.000138976,2
8285,8290,8287.5,1.38976e-05,6.94879e-05,1
8300,8305,8302.5,1.38976e-05,6.94879e-05,1
8305,8310,8307.5,2.77951e-05,0.000138976,2
8310,8315,8312.5,1.38976e-05,6.94879e-05,1
8315,8320,8317.5,1.38976e-05,6.94879e-05,1
8325,8330,8327.5,1.38976e-05,6.94879e-05,1
8330,8335,8332.5,4.16927e-05,0.000208464,3
8335,8340,8337.5,5.55903e-05,0.000277951,4
8340,8345,8342.5,1.38976e-05,6.94879e-05,1
8345,8350,8347.5,1.38976e-05,6.94879e-05,1
8350,8355,8352.5,1.38976e-05,6.94879e-05,1
8365,8370,8367.5,2.77951e-05,0.000138976,2
8375,8380,8377.5,4.16927e-05,0.000208464,3
8380,8385,8382.5,1.38976e-05,6.94879e-05,1
8385,8390,8387.5,4.16927e-05,0.000208464,3
8390,8395,8392.5,1.38976e-05,6.94879e-05,1
8395,8400,8397.5,2.77951e-05,0.000138976,2
8405,8410,8407.5,1.38976e-05,6.94879e-05,1
8410,8415,8412.5,2.77951e-05,0.000138976,2
8415,8420,8417.5,2.77951e-05,0.000138976,2
8420,8425,8422.5,1.38976e-05,6.94879e-05,1
8425,8430,8427.5,1.38976e-05,6.94879e-05,1
8430,8435,8432.5,1.38976e-05,6.94879e-05,1
8440,8445,8442.5,5.55903e-05,0.000277951,4
8445,8450,8447.5,1.38976e-05,6.94879e-05,1
8455,8460,8457.5,1.38976e-05,6.94879e-05,1
8460,8465,8462.5,1.38976e-05,6.94879e-05,1
8470,8475,8472.5,1.38976e-05,6.94879e-05,1
8475,8480,8477.5,1.38976e-05,6.94879e-05,1
8480,8485,8482.5,1.38976e-05,6.94879e-05,1
8485,8490,8487.5,2.77951e-05,0.000138976,2
8490,8495,8492.5,1.38976e-05,6.94879e-05,1
8505,8510,8507.5,1.38976e-05,6.94879e-05,1
8530,8535,8532.5,1.38976e-05,6.94879e-05,1
8540,8545,8542.5,4.16927e-05,0.000208464,3
8545,8550,8547.5,1.38976e-05,6.94879e-05,1
8550,8555,8552.5,2.77951e-05,0.000138976,2
8565,8570,8567.5,2.77951e-05,0.000138976,2
8570,8575,8572.5,1.38976e-05,6.94879e-05,1
8580,8585,8582.5,2.77951e-05,0.000138976,2
8590,8595,8592.5,1.38976e-05,6.94879e-05,1
8600,8605,8602.5,1.38976e-05,6.94879e-05,1
8610,8615,8612.5,1.38976e-05,6.94879e-05,1
8620,8625,8622.5,2.77951e-05,0.000138976,2
8630,8635,8632.5,2.77951e-05,0.000138976,2
8635,8640,8637.5,2.77951e-05,0.000138976,2
8645,8650,8647.5,2.77951e-05,0.000138976,2
8650,8655,8652.5,1.38976e-05,6.94879e-05,1
8660,8665,8662.5,1.38976e-05,6.94879e-05,1
8665,8670,8667.5,1.38976e-05,6.94879e-05,1
8670,8675,8672.5,1.38976e-05,6.94879e-05,1
8680,8685,8682.5,1.38976e-05,6.94879e-05,1
8685,8690,8687.5,1.38976e-05,6.94879e-05,1
8690,8695,8692.5,2.77951e-05,0.000138976,2
8695,8700,8697.5,1.38976e-05,6.94879e-05,1
8710,8715,8712.5,2.77951e-05,0.000138976,2
8720,8725,8722.5,1.38976e-05,6.94879e-05,1
8725,8730,8727.5,1.38976e-05,6.94879e-05,1
8735,8740,8737.5,1.38976e-05,6.94879e-05,1
8740,8745,8742.5,1.38976e-05,6.94879e-05,1
8745,8750,8747.5,1.38976e-05,6.94879e-05,1
8750,8755,8752.5,2.77951e-05,0.000138976,2
8755,8760,8757.5,1.38976e-05,6.94879e-05,1
8760,8765,8762.5,1.38976e-05,6.94879e-05,1
8770,8775,8772.5,1.38976e-05,6.94879e-05,1
8775,8780,8777.5,2.77951e-05,0.000138976,2
8780,8785,8782.5,1.38976e-05,6.94879e-05,1
8785,8790,8787.5,5.55903e-05,0.000277951,4
8800,8805,8802.5,1.38976e-05,6.94879e-05,1
8805,8810,8807.5,1.38976e-05,6.94879e-05,1
8810,8815,8812.5,2.77951e-05,0.000138976,2
8815,8820,8817.5,1.38976e-05,6.94879e-05,1
8820,8825,8822.5,1.38976e-05,6.94879e-05,1
8835,8840,8837.5,1.38976e-05,6.94879e-05,1
8840,8845,8842.5,1.38976e-05,6.94879e-05,1
8845,8850,8847.5,1.38976e-05,6.94879e-05,1
8855,8860,8857.5,1.38976e-05,6.94879e-05,1
8865,8870,8867.5,2.77951e-05,0.000138976,2
8870,8875,8872.5,1.38976e-05,6.94879e-05,1
8875,8880,8877.5,1.38976e-05,6.94879e-05,1
8890,8895,8892.5,2.77951e-05,0.000138976,2
8905,8910,8907.5,2.77951e-05,0.000138976,2
8910,8915,8912.5,1.38976e-05,6.94879e-05,1
8915,8920,8917.5,2.77951e-05,0.000138976,2
8920,8925,8922.5,1.38976e-05,6.94879e-05,1
8925,8930,8927.5,1.38976e-05,6.94879e-05,1
8935,8940,8937.5,1.38976e-05,6.94879e-05,1
8940,8945,8942.5,1.38976e-05,6.94879e-05,1
8945,8950,8947.5,1.38976e-05,6.94879e-05,1
8955,8960,8957.5,2.77951e-05,0.000138976,2
8965,8970,8967.5,1.38976e-05,6.94879e-05,1
8975,8980,8977.5,1.38976e-05,6.94879e-05,1
8980,8985,8982.5,1.38976e-05,6.94879e-05,1
9000,9005,9002.5,1.38976e-05,6.94879e-05,1
9005,9010,9007.5,1.38976e-05,6.94879e-05,1
9010,9015,9012.5,1.38976e-05,6.94879e-05,1
9015,9020,9017.5,4.16927e-05,0.000208464,3
9030,9035,9032.5,4.16927e-05,0.000208464,3
9035,9040,9037.5,2.77951e-05,0.000138976,2
9040,9045,9042.5,2.77951e-05,0.000138976,2
9050,9055,9052.5,1.38976e-05,6.94879e-05,1
9060,9065,9062.5,1.38976e-05,6.94879e-05,1
9065,9070,9067.5,1.38976e-05,6.94879e-05,1
9070,9075,9072.5,2.77951e-05,0.000138976,2
9080,9085,9082.5,1.38976e-05,6.94879e-05,1
9085,9090,9087.5,2.77951e-05,0.000138976,2
9090,9095,9092.5,1.38976e-05,6.94879e-05,1
9095,9100,9097.5,1.38976e-05,6.94879e-05,1
9105,9110,9107.5,1.38976e-05,6.94879e-05,1
9115,9120,9117.5,2.77951e-05,0.000138976,2
9130,9135,9132.5,2.77951e-05,0.000138976,2
9135,9140,9137.5,1.38976e-05,6.94879e-05,1
9140,9145,9142.5,1.38976e-05,6.94879e-05,1
9150,9155,9152.5,1.38976e-05,6.94879e-05,1
9160,9165,9162.5,2.77951e-05,0.000138976,2
9165,9170,9167.5,1.38976e-05,6.94879e-05,1
9170,9175,9172.5,1.38976e-05,6.94879e-05,1
9200,9205,9202.5,2.77951e-05,0.000138976,2
9205,9210,9207.5,1.38976e-05,6.94879e-05,1
9210,9215,9212.5,1.38976e-05,6.94879e-05,1
9215,9220,9217.5,1.38976e-05,6.94879e-05,1
9225,9230,9227.5,1.38976e-05,6.94879e-05,1
9235,9240,9237.5,1.38976e-05,6.94879e-05,1
9240,9245,9242.5,1.38976e-05,6.94879e-05,1
9260,9265,9262.5,1.38976e-05,6.94879e-05,1
9265,9270,9267.5,1.38976e-05,6.94879e-05,1
9280,9285,9282.5,1.38976e-05,6.94879e-05,1
9295,9300,9297.5,1.38976e-05,6.94879e-05,1
9300,9305,9302.5,1.38976e-05,6.94879e-05,1
9305,9310,9307.5,1.38976e-05,6.94879e-05,1
9320,9325,9322.5,1.38976e-05,6.94879e-05,1
9330,9335,9332.5,4.16927e-05,0.000208464,3
9355,9360,9357.5,1.38976e-05,6.94879e-05,1
9360,9365,9362.5,1.38976e-05,6.94879e-05,1
9365,9370,9367.5,1.38976e-05,6.94879e-05,1
9370,9375,9372.5,4.16927e-05,0.000208464,3
9375,9380,9377.5,1.38976e-05,6.94879e-05,1
9380,9385,9382.5,1.38976e-05,6.94879e-05,1
9390,9395,9392.5,1.38976e-05,6.94879e-05,1
9400,9405,9402.5,1.38976e-05,6.94879e-05,1
9410,9415,9412.5,1.38976e-05,6.94879e-05,1
9420,9425,9422.5,2.77951e-05,0.000138976,2
9425,9430,9427.5,1.38976e-05,6.94879e-05,1
9435,9440,9437.5,2.77951e-05,0.000138976,2
9440,9445,9442.5,1.38976e-05,6.94879e-05,1
9445,9450,9447.5,1.38976e-05,6.94879e-05,1
9450,9455,9452.5,1.38976e-05,6.94879e-05,1
9460,9465,9462.5,1.38976e-05,6.94879e-05,1
9465,9470,9467.5,1.38976e-05,6.94879e-05,1
9470,9475,9472.5,1.38976e-05,6.94879e-05,1
9475,9480,9477.5,2.77951e-05,0.000138976,2
9480,9485,9482.5,2.77951e-05,0.000138976,2
9490,9495,9492.5,1.38976e-05,6.94879e-05,1
9495,9500,9497.5,1.38976e-05,6.94879e-05,1
9510,9515,9512.5,4.16927e-05,0.000208464,3
9520,9525,9522.5,1.38976e-05,6.94879e-05,1
9525,9530,9527.5,1.38976e-05,6.94879e-05,1
9555,9560,9557.5,1.38976e-05,6.94879e-05,1
9570,9575,9572.5,1.38976e-05,6.94879e-05,1
9575,9580,9577.5,1.38976e-05,6.94879e-05,1
9600,9605,9602.5,2.77951e-05,0.000138976,2
9610,9615,9612.5,2.77951e-05,0.000138976,2
9615,9620,9617.5,1.38976e-05,6.94879e-05,1
9625,9630,9627.5,1.38976e-05,6.94879e-05,1
9630,9635,9632.5,1.38976e-05,6.94879e-05,1
9635,9640,9637.5,2.77951e-05,0.000138976,2
9640,9645,9642.5,1.38976e-05,6.94879e-05,1
9645,9650,9647.5,1.38976e-05,6.94879e-05,1
9670,9675,9672.5,1.38976e-05,6.94879e-05,1
9680,9685,9682.5,1.38976e-05,6.94879e-05,1
9695,9700,9697.5,2.77951e-05,0.000138976,2
9715,9720,9717.5,1.38976e-05,6.94879e-05,1
9720,9725,9722.5,1.38976e-05,6.94879e-05,1
9745,9750,9747.5,1.38976e-05,6.94879e-05,1
9755,9760,9757.5,2.77951e-05,0.000138976,2
9760,9765,9762.5,1.38976e-05,6.94879e-05,1
9765,9770,9767.5,2.77951e-05,0.000138976,2
9775,9780,9777.5,2.77951e-05,0.000138976,2
9780,9785,9782.5,1.38976e-05,6.94879e-05,1
9805,9810,9807.5,2.77951e-05,0.000138976,2
9810,9815,9812.5,1.38976e-05,6.94879e-05,1
9815,9820,9817.5,1.38976e-05,6.94879e-05,1
9830,9835,9832.5,2.77951e-05,0.000138976,2
9860,9865,9862.5,1.38976e-05,6.94879e-05,1
9865,9870,9867.5,1.38976e-05,6.94879e-05,1
9870,9875,9872.5,2.77951e-05,0.000138976,2
9880,9885,9882.5,1.38976e-05,6.94879e-05,1
9895,9900,9897.5,2.77951e-05,0.000138976,2
9905,9910,9907.5,1.38976e-05,6.94879e-05,1
9930,9935,9932.5,1.38976e-05,6.94879e-05,1
9935,9940,9937.5,4.16927e-05,0.000208464,3
9940,9945,9942.5,1.38976e-05,6.94879e-05,1
9945,9950,9947.5,1.38976e-05,6.94879e-05,1
9965,9970,9967.5,1.38976e-05,6.94879e-05,1
9985,9990,9987.5,1.38976e-05,6.94879e-05,1
10010,10015,10012.5,1.38976e-05,6.94879e-05,1
10015,10020,10017.5,1.38976e-05,6.94879e-05,1
10030,10035,10032.5,1.38976e-05,6.94879e-05,1
10055,10060,10057.5,1.38976e-05,6.94879e-05,1
10060,10065,10062.5,2.77951e-05,0.000138976,2
10080,10085,10082.5,1.38976e-05,6.94879e-05,1
10085,10090,10087.5,1.38976e-05,6.94879e-05,1
10105,10110,10107.5,1.38976e-05,6.94879e-05,1
10110,10115,10112.5,1.38976e-05,6.94879e-05,1
10130,10135,10132.5,1.38976e-05,6.94879e-05,1
10135,10140,10137.5,1.38976e-05,6.94879e-05,1
10140,10145,10142.5,1.38976e-05,6.94879e-05,1
10155,10160,10157.5,2.77951e-05,0.000138976,2
10160,10165,10162.5,1.38976e-05,6.94879e-05,1
10165,10170,10167.5,1.38976e-05,6.94879e-05,1
10175,10180,10177.5,1.38976e-05,6.94879e-05,1
10180,10185,10182.5,1.38976e-05,6.94879e-05,1
10185,10190,10187.5,1.38976e-05,6.94879e-05,1
10190,10195,10192.5,1.38976e-05,6.94879e-05,1
10195,10200,10197.5,5.55903e-05,0.000277951,4
10200,10205,10202.5,2.77951e-05,0.000138976,2
10210,10215,10212.5,4.16927e-05,0.000208464,3
10215,10220,10217.5,1.38976e-05,6.94879e-05,1
10235,10240,10237.5,2.77951e-05,0.000138976,2
10245,10250,10247.5,1.38976e-05,6.94879e-05,1
10265,10270,10267.5,1.38976e-05,6.94879e-05,1
10270,10275,10272.5,1.38976e-05,6.94879e-05,1
10330,10335,10332.5,1.38976e-05,6.94879e-05,1
10355,10360,10357.5,1.38976e-05,6.94879e-05,1
10365,10370,10367.5,1.38976e-05,6.94879e-05,1
10370,10375,10372.5,2.77951e-05,0.000138976,2
10375,10380,10377.5,2.77951e-05,0.000138976,2
10380,10385,10382.5,1.38976e-05,6.94879e-05,1
10400,10405,10402.5,1.38976e-05,6.94879e-05,1
10410,10415,10412.5,4.16927e-05,0.000208464,3
10415,10420,10417.5,1.38976e-05,6.94879e-05,1
10425,10430,10427.5,1.38976e-05,6.94879e-05,1
10445,10450,10447.5,1.38976e-05,6.94879e-05,1
10465,10470,10467.5,1.38976e-05,6.94879e-05,1
10470,10475,10472.5,1.38976e-05,6.94879e-05,1
10480,10485,10482.5,1.38976e-05,6.94879e-05,1
10485,10490,10487.5,1.38976e-05,6.94879e-05,1
10495,10500,10497.5,1.38976e-05,6.94879e-05,1
10500,10505,10502.5,4.16927e-05,0.000208464,3
10505,10510,10507.5,2.77951e-05,0.000138976,2
10510,10515,10512.5,2.77951e-05,0.000138976,2
10515,10520,10517.5,1.38976e-05,6.94879e-05,1
10555,10560,10557.5,1.38976e-05,6.94879e-05,1
10560,10565,10562.5,1.38976e-05,6.94879e-05,1
10570,10575,10572.5,1.38976e-05,6.94879e-05,1
10590,10595,10592.5,1.38976e-05,6.94879e-05,1
10595,10600,10597.5,1.38976e-05,6.94879e-05,1
10620,10625,10622.5,1.38976e-05,6.94879e-05,1
10625,10630,10627.5,2.77951e-05,0.000138976,2
10645,10650,10647.5,1.38976e-05,6.94879e-05,1
10650,10655,10652.5,1.38976e-05,6.94879e-05,1
10670,10675,10672.5,1.38976e-05,6.94879e-05,1
10740,10745,10742.5,1.38976e-05,6.94879e-05,1
10755,10760,10757.5,1.38976e-05,6.94879e-05,1
10760,10765,10762.5,1.38976e-05,6.94879e-05,1
10795,10800,10797.5,1.38976e-05,6.94879e-05,1
10805,10810,10807.5,2.77951e-05,0.000138976,2
10825,10830,10827.5,1.38976e-05,6.94879e-05,1
10840,10845,10842.5,2.77951e-05,0.000138976,2
10850,10855,10852.5,1.38976e-05,6.94879e-05,1
10855,10860,10857.5,1.38976e-05,6.94879e-05,1
10865,10870,10867.5,1.38976e-05,6.94879e-05,1
10875,10880,10877.5,1.38976e-05,6.94879e-05,1
10880,10885,10882.5,1.38976e-05,6.94879e-05,1
10885,10890,10887.5,1.38976e-05,6.94879e-05,1
10900,10905,10902.5,2.77951e-05,0.000138976,2
10920,10925,10922.5,1.38976e-05,6.94879e-05,1
10940,10945,10942.5,1.38976e-05,6.94879e-05,1
10945,10950,10947.5,2.77951e-05,0.000138976,2
10955,10960,10957.5,1.38976e-05,6.94879e-05,1
10965,10970,10967.5,1.38976e-05,6.94879e-05,1
10970,10975,10972.5,1.38976e-05,6.94879e-05,1
10980,10985,10982.5,1.38976e-05,6.94879e-05,1
10995,11000,10997.5,2.77951e-05,0.000138976,2
11040,11045,11042.5,1.38976e-05,6.94879e-05,1
11045,11050,11047.5,1.38976e-05,6.94879e-05,1
11060,11065,11062.5,1.38976e-05,6.94879e-05,1
11075,11080,11077.5,1.38976e-05,6.94879e-05,1
11090,11095,11092.5,1.38976e-05,6.94879e-05,1
11115,11120,11117.5,1.38976e-05,6.94879e-05,1
11125,11130,11127.5,1.38976e-05,6.94879e-05,1
11135,11140,11137.5,1.38976e-05,6.94879e-05,1
11145,11150,11147.5,1.38976e-05,6.94879e-05,1
11150,11155,11152.5,1.38976e-05,6.94879e-05,1
11155,11160,11157.5,4.16927e-05,0.000208464,3
11170,11175,11172.5,2.77951e-05,0.000138976,2
11180,11185,11182.5,1.38976e-05,6.94879e-05,1
11200,11205,11202.5,1.38976e-05,6.94879e-05,1
11205,11210,11207.5,1.38976e-05,6.94879e-05,1
11210,11215,11212.5,1.38976e-05,6.94879e-05,1
11230,11235,11232.5,1.38976e-05,6.94879e-05,1
11250,11255,11252.5,1.38976e-05,6.94879e-05,1
11265,11270,11267.5,1.38976e-05,6.94879e-05,1
11275,11280,11277.5,1.38976e-05,6.94879e-05,1
11285,11290,11287.5,1.38976e-05,6.94879e-05,1
11300,11305,11302.5,1.38976e-05,6.94879e-05,1
11310,11315,11312.5,1.38976e-05,6.94879e-05,1
11330,11335,11332.5,1.38976e-05,6.94879e-05,1
11355,11360,11357.5,1.38976e-05,6.94879e-05,1
11370,11375,11372.5,4.16927e-05,0.000208464,3
11375,11380,11377.5,1.38976e-05,6.94879e-05,1
11385,11390,11387.5,1.38976e-05,6.94879e-05,1
11390,11395,11392.5,1.38976e-05,6.94879e-05,1
11405,11410,11407.5,1.38976e-05,6.94879e-05,1
11435,11440,11437.5,1.38976e-05,6.94879e-05,1
11450,11455,11452.5,1.38976e-05,6.94879e-05,1
11455,11460,11457.5,1.38976e-05,6.94879e-05,1
11500,11505,11502.5,1.38976e-05,6.94879e-05,1
11505,11510,11507.5,1.38976e-05,6.94879e-05,1
11510,11515,11512.5,1.38976e-05,6.94879e-05,1
11520,11525,11522.5,1.38976e-05,6.94879e-05,1
11535,11540,11537.5,1.38976e-05,6.94879e-05,1
11545,11550,11547.5,1.38976e-05,6.94879e-05,1
11555,11560,11557.5,1.38976e-05,6.94879e-05,1
11560,11565,11562.5,1.38976e-05,6.94879e-05,1
11585,11590,11587.5,1.38976e-05,6.94879e-05,1
11600,11605,11602.5,2.77951e-05,0.000138976,2
11605,11610,11607.5,2.77951e-05,0.000138976,2
11620,11625,11622.5,2.77951e-05,0.000138976,2
11645,11650,11647.5,1.38976e-05,6.94879e-05,1
11655,11660,11657.5,1.38976e-05,6.94879e-05,1
11685,11690,11687.5,1.38976e-05,6.94879e-05,1
11695,11700,11697.5,1.38976e-05,6.94879e-05,1
11705,11710,11707.5,1.38976e-05,6.94879e-05,1
11710,11715,11712.5,1.38976e-05,6.94879e-05,1
11720,11725,11722.5,1.38976e-05,6.94879e-05,1
11745,11750,11747.5,1.38976e-05,6.94879e-05,1
11760,11765,11762.5,1.38976e-05,6.94879e-05,1
11785,11790,11787.5,1.38976e-05,6.94879e-05,1
11880,11885,11882.5,2.77951e-05,0.000138976,2
11890,11895,11892.5,2.77951e-05,0.000138976,2
11925,11930,11927.5,1.38976e-05,6.94879e-05,1
11960,11965,11962.5,2.77951e-05,0.000138976,2
11975,11980,11977.5,1.38976e-05,6.94879e-05,1
11980,11985,11982.5,2.77951e-05,0.000138976,2
11985,11990,11987.5,1.38976e-05,6.94879e-05,1
11990,11995,11992.5,1.38976e-05,6.94879e-05,1
11995,12000,11997.5,1.38976e-05,6.94879e-05,1
12000,12005,12002.5,1.38976e-05,6.94879e-05,1
12025,12030,12027.5,2.77951e-05,0.000138976,2
12075,12080,12077.5,1.38976e-05,6.94879e-05,1
12085,12090,12087.5,1.38976e-05,6.94879e-05,1
12105,12110,12107.5,1.38976e-05,6.94879e-05,1
12125,12130,12127.5,1.38976e-05,6.94879e-05,1
12140,12145,12142.5,2.77951e-05,0.000138976,2
12165,12170,12167.5,1.38976e-05,6.94879e-05,1
12170,12175,12172.5,1.38976e-05,6.94879e-05,1
12185,12190,12187.5,1.38976e-05,6.94879e-05,1
12210,12215,12212.5,1.38976e-05,6.94879e-05,1
12235,12240,12237.5,2.77951e-05,0.000138976,2
12240,12245,12242.5,1.38976e-05,6.94879e-05,1
12255,12260,12257.5,1.38976e-05,6.94879e-05,1
12265,12270,12267.5,1.38976e-05,6.94879e-05,1
12310,12315,12312.5,1.38976e-05,6.94879e-05,1
12325,12330,12327.5,1.38976e-05,6.94879e-05,1
12345,12350,12347.5,1.38976e-05,6.94879e-05,1
12380,12385,12382.5,1.38976e-05,6.94879e-05,1
12395,12400,12397.5,1.38976e-05,6.94879e-05,1
12400,12405,12402.5,1.38976e-05,6.94879e-05,1
12425,12430,12427.5,1.38976e-05,6.94879e-05,1
12440,12445,12442.5,1.38976e-05,6.94879e-05,1
12450,12455,12452.5,1.38976e-05,6.94879e-05,1
12460,12465,12462.5,1.38976e-05,6.94879e-05,1
12465,12470,12467.5,1.38976e-05,6.94879e-05,1
12475,12480,12477.5,1.38976e-05,6.94879e-05,1
12505,12510,12507.5,1.38976e-05,6.94879e-05,1
12525,12530,12527.5,1.38976e-05,6.94879e-05,1
12580,12585,12582.5,1.38976e-05,6.94879e-05,1
12610,12615,12612.5,1.38976e-05,6.94879e-05,1
12620,12625,12622.5,1.38976e-05,6.94879e-05,1
12625,12630,12627.5,1.38976e-05,6.94879e-05,1
12635,12640,12637.5,1.38976e-05,6.94879e-05,1
12660,12665,12662.5,1.38976e-05,6.94879e-05,1
12670,12675,12672.5,1.38976e-05,6.94879e-05,1
12680,12685,12682.5,1.38976e-05,6.94879e-05,1
12760,12765,12762.5,1.38976e-05,6.94879e-05,1
12780,12785,12782.5,1.38976e-05,6.94879e-05,1
12790,12795,12792.5,1.38976e-05,6.94879e-05,1
12805,12810,12807.5,1.38976e-05,6.94879e-05,1
12825,12830,12827.5,1.38976e-05,6.94879e-05,1
12835,12840,12837.5,1.38976e-05,6.94879e-05,1
12850,12855,12852.5,1.38976e-05,6.94879e-05,1
12855,12860,12857.5,2.77951e-05,0.000138976,2
12860,12865,12862.5,1.38976e-05,6.94879e-05,1
12875,12880,12877.5,1.38976e-05,6.94879e-05,1
12920,12925,12922.5,1.38976e-05,6.94879e-05,1
12975,12980,12977.5,1.38976e-05,6.94879e-05,1
12985,12990,12987.5,1.38976e-05,6.94879e-05,1
13010,13015,13012.5,1.38976e-05,6.94879e-05,1
13035,13040,13037.5,1.38976e-05,6.94879e-05,1
13040,13045,13042.5,1.38976e-05,6.94879e-05,1
13045,13050,13047.5,1.38976e-05,6.94879e-05,1
13110,13115,13112.5,1.38976e-05,6.94879e-05,1
13180,13185,13182.5,1.38976e-05,6.94879e-05,1
13205,13210,13207.5,1.38976e-05,6.94879e-05,1
13210,13215,13212.5,2.77951e-05,0.000138976,2
13220,13225,13222.5,1.38976e-05,6.94879e-05,1
13235,13240,13237.5,1.38976e-05,6.94879e-05,1
13265,13270,13267.5,1.38976e-05,6.94879e-05,1
13270,13275,13272.5,2.77951e-05,0.000138976,2
13285,13290,13287.5,2.77951e-05,0.000138976,2
13290,13295,13292.5,1.38976e-05,6.94879e-05,1
13295,13300,13297.5,1.38976e-05,6.94879e-05,1
13315,13320,13317.5,1.38976e-05,6.94879e-05,1
13365,13370,13367.5,1.38976e-05,6.94879e-05,1
13400,13405,13402.5,2.77951e-05,0.000138976,2
13410,13415,13412.5,1.38976e-05,6.94879e-05,1
13425,13430,13427.5,1.38976e-05,6.94879e-05,1
13430,13435,13432.5,1.38976e-05,6.94879e-05,1
13550,13555,13552.5,1.38976e-05,6.94879e-05,1
13565,13570,13567.5,1.38976e-05,6.94879e-05,1
13575,13580,13577.5,1.38976e-05,6.94879e-05,1
13630,13635,13632.5,1.38976e-05,6.94879e-05,1
13695,13700,13697.5,2.77951e-05,0.000138976,2
13710,13715,13712.5,1.38976e-05,6.94879e-05,1
13735,13740,13737.5,1.38976e-05,6.94879e-05,1
13745,13750,13747.5,1.38976e-05,6.94879e-05,1
13775,13780,13777.5,1.38976e-05,6.94879e-05,1
13805,13810,13807.5,1.38976e-05,6.94879e-05,1
13820,13825,13822.5,1.38976e-05,6.94879e-05,1
13830,13835,13832.5,1.38976e-05,6.94879e-05,1
13855,13860,13857.5,1.38976e-05,6.94879e-05,1
13875,13880,13877.5,1.38976e-05,6.94879e-05,1
13895,13900,13897.5,1.38976e-05,6.94879e-05,1
13920,13925,13922.5,1.38976e-05,6.94879e-05,1
13930,13935,13932.5,1.38976e-05,6.94879e-05,1
13935,13940,13937.5,1.38976e-05,6.94879e-05,1
13940,13945,13942.5,1.38976e-05,6.94879e-05,1
13980,13985,13982.5,1.38976e-05,6.94879e-05,1
13985,13990,13987.5,1.38976e-05,6.94879e-05,1
13990,13995,13992.5,1.38976e-05,6.94879e-05,1
14000,14005,14002.5,1.38976e-05,6.94879e-05,1
14005,14010,14007.5,1.38976e-05,6.94879e-05,1
14010,14015,14012.5,1.38976e-05,6.94879e-05,1
14035,14040,14037.5,1.38976e-05,6.94879e-05,1
14045,14050,14047.5,1.38976e-05,6.94879e-05,1
14125,14130,14127.5,1.38976e-05,6.94879e-05,1
14230,14235,14232.5,1.38976e-05,6.94879e-05,1
14345,14350,14347.5,1.38976e-05,6.94879e-05,1
14350,14355,14352.5,1.38976e-05,6.94879e-05,1
14380,14385,14382.5,1.38976e-05,6.94879e-05,1
14395,14400,14397.5,2.77951e-05,0.000138976,2
14410,14415,14412.5,1.38976e-05,6.94879e-05,1
14480,14485,14482.5,1.38976e-05,6.94879e-05,1
14485,14490,14487.5,1.38976e-05,6.94879e-05,1
14550,14555,14552.5,2.77951e-05,0.000138976,2
14570,14575,14572.5,1.38976e-05,6.94879e-05,1
14585,14590,14587.5,1.38976e-05,6.94879e-05,1
14650,14655,14652.5,1.38976e-05,6.94879e-05,1
14740,14745,14742.5,1.38976e-05,6.94879e-05,1
14765,14770,14767.5,1.38976e-05,6.94879e-05,1
14775,14780,14777.5,1.38976e-05,6.94879e-05,1
14790,14795,14792.5,1.38976e-05,6.94879e-05,1
14845,14850,14847.5,1.38976e-05,6.94879e-05,1
14850,14855,14852.5,1.38976e-05,6.94879e-05,1
14935,14940,14937.5,1.38976e-05,6.94879e-05,1
14955,14960,14957.5,1.38976e-05,6.94879e-05,1
14960,14965,14962.5,1.38976e-05,6.94879e-05,1
14995,15000,14997.5,1.38976e-05,6.94879e-05,1
15000,15005,15002.5,1.38976e-05,6.94879e-05,1
15010,15015,15012.5,1.38976e-05,6.94879e-05,1
15030,15035,15032.5,1.38976e-05,6.94879e-05,1
15065,15070,15067.5,1.38976e-05,6.94879e-05,1
15110,15115,15112.5,1.38976e-05,6.94879e-05,1
15145,15150,15147.5,1.38976e-05,6.94879e-05,1
15150,15155,15152.5,1.38976e-05,6.94879e-05,1
15165,15170,15167.5,1.38976e-05,6.94879e-05,1
15180,15185,15182.5,1.38976e-05,6.94879e-05,1
15195,15200,15197.5,1.38976e-05,6.94879e-05,1
15210,15215,15212.5,1.38976e-05,6.94879e-05,1
15245,15250,15247.5,1.38976e-05,6.94879e-05,1
15285,15290,15287.5,1.38976e-05,6.94879e-05,1
15315,15320,15317.5,1.38976e-05,6.94879e-05,1
15325,15330,15327.5,1.38976e-05,6.94879e-05,1
15335,15340,15337.5,1.38976e-05,6.94879e-05,1
15390,15395,15392.5,1.38976e-05,6.94879e-05,1
15405,15410,15407.5,1.38976e-05,6.94879e-05,1
15410,15415,15412.5,1.38976e-05,6.94879e-05,1
15440,15445,15442.5,1.38976e-05,6.94879e-05,1
15510,15515,15512.5,1.38976e-05,6.94879e-05,1
15525,15530,15527.5,1.38976e-05,6.94879e-05,1
15560,15565,15562.5,1.38976e-05,6.94879e-05,1
15645,15650,15647.5,1.38976e-05,6.94879e-05,1
15665,15670,15667.5,1.38976e-05,6.94879e-05,1
15695,15700,15697.5,1.38976e-05,6.94879e-05,1
15735,15740,15737.5,1.38976e-05,6.94879e-05,1
15875,15880,15877.5,1.38976e-05,6.94879e-05,1
15925,15930,15927.5,1.38976e-05,6.94879e-05,1
16015,16020,16017.5,1.38976e-05,6.94879e-05,1
16040,16045,16042.5,1.38976e-05,6.94879e-05,1
16130,16135,16132.5,1.38976e-05,6.94879e-05,1
16190,16195,16192.5,1.38976e-05,6.94879e-05,1
16295,16300,16297.5,1.38976e-05,6.94879e-05,1
16300,16305,16302.5,1.38976e-05,6.94879e-05,1
16340,16345,16342.5,1.38976e-05,6.94879e-05,1
16385,16390,16387.5,1.38976e-05,6.94879e-05,1
16440,16445,16442.5,1.38976e-05,6.94879e-05,1
16545,16550,16547.5,1.38976e-05,6.94879e-05,1
16565,16570,16567.5,1.38976e-05,6.94879e-05,1
16685,16690,16687.5,1.38976e-05,6.94879e-05,1
16695,16700,16697.5,1.38976e-05,6.94879e-05,1
16740,16745,16742.5,1.38976e-05,6.94879e-05,1
16745,16750,16747.5,1.38976e-05,6.94879e-05,1
16775,16780,16777.5,1.38976e-05,6.94879e-05,1
16865,16870,16867.5,1.38976e-05,6.94879e-05,1
16940,16945,16942.5,1.38976e-05,6.94879e-05,1
16955,16960,16957.5,1.38976e-05,6.94879e-05,1
17075,17080,17077.5,1.38976e-05,6.94879e-05,1
17095,17100,17097.5,1.38976e-05,6.94879e-05,1
17140,17145,17142.5,1.38976e-05,6.94879e-05,1
17210,17215,17212.5,1.38976e-05,6.94879e-05,1
17250,17255,17252.5,1.38976e-05,6.94879e-05,1
17275,17280,17277.5,1.38976e-05,6.94879e-05,1
17305,17310,17307.5,1.38976e-05,6.94879e-05,1
17360,17365,17362.5,1.38976e-05,6.94879e-05,1
17460,17465,17462.5,1.38976e-05,6.94879e-05,1
17495,17500,17497.5,1.38976e-05,6.94879e-05,1
17520,17525,17522.5,1.38976e-05,6.94879e-05,1
17620,17625,17622.5,1.38976e-05,6.94879e-05,1
17630,17635,17632.5,1.38976e-05,6.94879e-05,1
17805,17810,17807.5,1.38976e-05,6.94879e-05,1
17980,17985,17982.5,1.38976e-05,6.94879e-05,1
18020,18025,18022.5,1.38976e-05,6.94879e-05,1
18195,18200,18197.5,1.38976e-05,6.94879e-05,1
18310,18315,18312.5,1.38976e-05,6.94879e-05,1
18435,18440,18437.5,1.38976e-05,6.94879e-05,1
18480,18485,18482.5,1.38976e-05,6.94879e-05,1
18525,18530,18527.5,1.38976e-05,6.94879e-05,1
18770,18775,18772.5,1.38976e-05,6.94879e-05,1
18915,18920,18917.5,1.38976e-05,6.94879e-05,1
18990,18995,18992.5,1.38976e-05,6.94879e-05,1
19080,19085,19082.5,1.38976e-05,6.94879e-05,1
19225,19230,19227.5,1.38976e-05,6.94879e-05,1
19875,19880,19877.5,1.38976e-05,6.94879e-05,1
20440,20445,20442.5,1.38976e-05,6.94879e-05,1
20465,20470,20467.5,1.38976e-05,6.94879e-05,1
21770,21775,21772.5,1.38976e-05,6.94879e-05,1
21950,21955,21952.5,1.38976e-05,6.94879e-05,1
22045,22050,22047.5,1.38976e-05,6.94879e-05,1
VO Delay PDF CSV saved: scratch/delay_pdf/pedca_vo_delay_pdf.csv

P-EDCA STA Delay PDF CSV saved: /home/nathanlo/ns-3.45/scratch/delay_pdf/11be/adaptive_compare_burst/best_k15_s3.csv
Legacy STA Delay PDF CSV saved: /home/nathanlo/ns-3.45/scratch/delay_pdf/11be/adaptive_compare_burst/best_k15_s3_legacy.csv
--- EXTENDED_STATS_BEGIN ---
PEDCA_STA_SUCC_COUNT: 7760
PEDCA_STA_FAIL_COUNT: 123
PEDCA_STA_ZERO_RETX: 7758
LEGACY_STA_SUCC_COUNT: 6632
LEGACY_STA_FAIL_COUNT: 720
LEGACY_STA_ZERO_RETX: 6623
PEDCA_STA_AVG_MAC_DELAY: 2205.27
PEDCA_STA_AVG_QUEUE_DELAY: 1899.64
PEDCA_STA_AVG_ACCESS_DELAY: 305.631
LEGACY_STA_AVG_MAC_DELAY: 2648.81
LEGACY_STA_AVG_QUEUE_DELAY: 2321.31
LEGACY_STA_AVG_ACCESS_DELAY: 327.497
--- EXTENDED_STATS_END ---
