[INFO] std::clog redirected to: /dev/null

--- Per-STA P-EDCA Detail ---
  STA0: DS-CTS=233 S2Entry=233 S2Tx=170 PedcaOK=157 EdcaOK=405 FailCTS=7 FailColl=6 FailExp=0 Defer=0
  STA1: DS-CTS=30 S2Entry=30 S2Tx=28 PedcaOK=28 EdcaOK=607 FailCTS=0 FailColl=0 FailExp=0 Defer=0
  STA2: DS-CTS=255 S2Entry=255 S2Tx=189 PedcaOK=178 EdcaOK=275 FailCTS=5 FailColl=6 FailExp=0 Defer=0
  STA3: DS-CTS=16 S2Entry=16 S2Tx=13 PedcaOK=13 EdcaOK=850 FailCTS=0 FailColl=0 FailExp=0 Defer=0
  STA4: DS-CTS=287 S2Entry=287 S2Tx=198 PedcaOK=192 EdcaOK=339 FailCTS=3 FailColl=3 FailExp=0 Defer=0

=== General Statistics ===
P-EDCA Ratio: 0.1667
P-EDCA STAs: 5/30
P-EDCA Share (Avg Per-STA P-EDCA Tx/Total Tx): 21.8607 %
Avg P-EDCA Attempt Success Rate: 75.7336 %
Global P-EDCA Tx Success: 568
Global EDCA Tx Success: 2476
Global P-EDCA Attempt (DS-CTS Sent): 821

--- P-EDCA Detailed Trace ---
Stage 2 Entered: 821
Stage 2 TX Started: 598
P-EDCA Fail RTS No CTS: 15
P-EDCA Fail RTS Collision: 15
P-EDCA Fail Timing Expired: 0
P-EDCA Fail Deferral: 0
Total VO TX (P-EDCA+EDCA): 3044
Global P-EDCA Share: 18.6597 %
Global EDCA Share: 81.3403 %
Channel Idle Time (AP): 24.9454 % (1.74618e+06 us / 7e+06 us)
Total Successes:       14643
Total Failures:        1133
Total Retransmissions: 3

--- Per-AC Success Statistics ---
AC_BE:
  Successes:         37
  Throughput:        0.0422857 Mbps
  Packet Loss:       32.7273 %
  Avg Retx/MPDU:     0
  Avg Queue Delay:   -1.33679e+06 us (Enqueue->TxStart)
  Avg Access Delay:  1.43414e+06 us (TxStart->Ack)
  Avg MAC Delay:     97352.4 us (Total: Enqueue->Ack)

AC_VO:
  Successes:         14606
  Throughput:        16.6926 Mbps
  Packet Loss:       7.09242 %
  Avg Retx/MPDU:     0.000205395
  Avg Queue Delay:   2134.11 us (Enqueue->TxStart)
  Avg Access Delay:  311.133 us (TxStart->Ack)
  Avg MAC Delay:     2445.24 us (Total: Enqueue->Ack)

--- Per-AC Failure Statistics ---
AC_BE Failures: 18
AC_VO Failures: 1115

--- Failure Reasons by AC ---
  AC_BE EXPIRED_LIFETIME: 18
  AC_VO RETRY_LIMIT: 1115


=== Extended P-EDCA vs Legacy Statistics ===

--- [Stat 1] Delay by STA Type ---
P-EDCA STAs (5 STAs):
  Successes:         3204
  Failures:          20
  Throughput:        3.66171 Mbps
  Packet Loss:       0.620347 %
  Avg Queue Delay:   1616.88 us
  Avg Access Delay:  280.965 us
  Avg MAC Delay:     1897.85 us
  Median MAC Delay:  1376 us
  P95 MAC Delay:     5049 us
  P99 MAC Delay:     8064 us
Legacy EDCA STAs (25 STAs):
  Successes:         11402
  Failures:          1100
  Throughput:        13.0309 Mbps
  Packet Loss:       8.79859 %
  Avg Queue Delay:   2279.45 us
  Avg Access Delay:  319.611 us
  Avg MAC Delay:     2599.06 us
  Median MAC Delay:  1591 us
  P95 MAC Delay:     9161 us
  P99 MAC Delay:     13633 us

--- [Stat 2] Per-STA P-EDCA Attempt Count (DS-CTS Sent) ---
  STA0: 233 P-EDCA attempts
  STA1: 30 P-EDCA attempts
  STA2: 255 P-EDCA attempts
  STA3: 16 P-EDCA attempts
  STA4: 287 P-EDCA attempts
  Total: 821 P-EDCA attempts across 5 P-EDCA STAs
  Avg per P-EDCA STA: 164.2

--- [Stat 3] P-EDCA One-Shot Success Probability ---
  P-EDCA Success / DS-CTS Sent:      568 / 821 = 69.1839 %
  P-EDCA Success / Stage2 TX Started: 568 / 598 = 94.9833 %  (given RTS was actually sent)

--- [Stat 4] EDCA One-Shot Success Ratio (0 retransmissions) ---
  Legacy STAs: 11400 / 11402 = 99.9825 %
  P-EDCA STAs: 3203 / 3204 = 99.9688 %  (MAC-level, includes both P-EDCA and EDCA paths)

--- [Stat 5] P-EDCA Kickback-to-EDCA Probability ---
  Total P-EDCA Failures: 30 / 821 DS-CTS = 3.65408 %
    RTS No CTS:       15 (1.82704 %)
    RTS Collision:    15 (1.82704 %)
    Timing Expired:   0 (0 %)
    Deferral:         0 (0 %)

--- [Stat 6] P-EDCA RTS Collision Probability ---
  RTS Collision / Stage2 TX Started: 15 / 598 = 2.50836 %
  RTS Collision / DS-CTS Sent:       15 / 821 = 1.82704 %

--- [Stat 7] P-EDCA Attempts per Successful P-EDCA TX ---
  DS-CTS Sent / P-EDCA Success: 821 / 568 = 1.44542 attempts/success
  Stage2 TX / P-EDCA Success:   598 / 568 = 1.05282 RTS/success

--- VO Delay PDF (MAC Delay) ---
bin_start_us,bin_end_us,bin_mid_us,pdf_per_us,probability,count
210,215,212.5,1.3693e-05,6.8465e-05,1
215,220,217.5,4.1079e-05,0.000205395,3
220,225,222.5,6.8465e-05,0.000342325,5
225,230,227.5,6.8465e-05,0.000342325,5
230,235,232.5,0.000150623,0.000753115,11
235,240,237.5,8.2158e-05,0.00041079,6
240,245,242.5,6.8465e-05,0.000342325,5
245,250,247.5,8.2158e-05,0.00041079,6
250,255,252.5,0.000123237,0.000616185,9
255,260,257.5,0.000164316,0.00082158,12
260,265,262.5,8.2158e-05,0.00041079,6
265,270,267.5,0.000109544,0.00054772,8
270,275,272.5,0.000123237,0.000616185,9
275,280,277.5,0.000109544,0.00054772,8
280,285,282.5,0.000123237,0.000616185,9
285,290,287.5,8.2158e-05,0.00041079,6
290,295,292.5,0.00013693,0.00068465,10
295,300,297.5,8.2158e-05,0.00041079,6
300,305,302.5,9.5851e-05,0.000479255,7
305,310,307.5,9.5851e-05,0.000479255,7
310,315,312.5,0.000109544,0.00054772,8
315,320,317.5,6.8465e-05,0.000342325,5
320,325,322.5,0.000109544,0.00054772,8
325,330,327.5,5.4772e-05,0.00027386,4
330,335,332.5,6.8465e-05,0.000342325,5
335,340,337.5,6.8465e-05,0.000342325,5
340,345,342.5,0.00165685,0.00828427,121
345,350,347.5,0.00280707,0.0140353,205
350,355,352.5,0.00109544,0.0054772,80
355,360,357.5,0.000725729,0.00362865,53
360,365,362.5,0.000602492,0.00301246,44
365,370,367.5,0.000739422,0.00369711,54
370,375,372.5,0.000712036,0.00356018,52
375,380,377.5,0.000260167,0.00130084,19
380,385,382.5,0.000246474,0.00123237,18
385,390,387.5,0.000383404,0.00191702,28
390,395,392.5,0.000328632,0.00164316,24
395,400,397.5,0.000314939,0.0015747,23
400,405,402.5,0.000356018,0.00178009,26
405,410,407.5,0.000397097,0.00198549,29
410,415,412.5,0.000438176,0.00219088,32
415,420,417.5,0.00027386,0.0013693,20
420,425,422.5,0.000397097,0.00198549,29
425,430,427.5,0.000397097,0.00198549,29
430,435,432.5,0.000314939,0.0015747,23
435,440,437.5,0.000205395,0.00102698,15
440,445,442.5,0.000369711,0.00184856,27
445,450,447.5,0.000314939,0.0015747,23
450,455,452.5,0.0146515,0.0732576,1070
455,460,457.5,0.000301246,0.00150623,22
460,465,462.5,0.000150623,0.000753115,11
465,470,467.5,0.000383404,0.00191702,28
470,475,472.5,0.000328632,0.00164316,24
475,480,477.5,0.000424483,0.00212242,31
480,485,482.5,0.000465562,0.00232781,34
485,490,487.5,0.000328632,0.00164316,24
490,495,492.5,0.000465562,0.00232781,34
495,500,497.5,0.000588799,0.002944,43
500,505,502.5,0.000383404,0.00191702,28
505,510,507.5,0.000287553,0.00143777,21
510,515,512.5,0.000342325,0.00171163,25
515,520,517.5,0.000342325,0.00171163,25
520,525,522.5,0.000314939,0.0015747,23
525,530,527.5,0.000424483,0.00212242,31
530,535,532.5,0.000424483,0.00212242,31
535,540,537.5,0.000451869,0.00225935,33
540,545,542.5,0.000369711,0.00184856,27
545,550,547.5,0.000342325,0.00171163,25
550,555,552.5,0.000287553,0.00143777,21
555,560,557.5,0.000314939,0.0015747,23
560,565,562.5,0.000561413,0.00280707,41
565,570,567.5,0.000397097,0.00198549,29
570,575,572.5,0.000383404,0.00191702,28
575,580,577.5,0.000438176,0.00219088,32
580,585,582.5,0.000506641,0.00253321,37
585,590,587.5,0.000397097,0.00198549,29
590,595,592.5,0.000506641,0.00253321,37
595,600,597.5,0.000424483,0.00212242,31
600,605,602.5,0.00041079,0.00205395,30
605,610,607.5,0.000356018,0.00178009,26
610,615,612.5,0.000328632,0.00164316,24
615,620,617.5,0.000506641,0.00253321,37
620,625,622.5,0.000520334,0.00260167,38
625,630,627.5,0.000588799,0.002944,43
630,635,632.5,0.000424483,0.00212242,31
635,640,637.5,0.000451869,0.00225935,33
640,645,642.5,0.000342325,0.00171163,25
645,650,647.5,0.000451869,0.00225935,33
650,655,652.5,0.000465562,0.00232781,34
655,660,657.5,0.000383404,0.00191702,28
660,665,662.5,0.000383404,0.00191702,28
665,670,667.5,0.000424483,0.00212242,31
670,675,672.5,0.0041079,0.0205395,300
675,680,677.5,0.000342325,0.00171163,25
680,685,682.5,0.00041079,0.00205395,30
685,690,687.5,0.000397097,0.00198549,29
690,695,692.5,0.000424483,0.00212242,31
695,700,697.5,0.000465562,0.00232781,34
700,705,702.5,0.00027386,0.0013693,20
705,710,707.5,0.000314939,0.0015747,23
710,715,712.5,0.00041079,0.00205395,30
715,720,717.5,0.000246474,0.00123237,18
720,725,722.5,0.000492948,0.00246474,36
725,730,727.5,0.000342325,0.00171163,25
730,735,732.5,0.000314939,0.0015747,23
735,740,737.5,0.000314939,0.0015747,23
740,745,742.5,0.000219088,0.00109544,16
745,750,747.5,0.000301246,0.00150623,22
750,755,752.5,0.000438176,0.00219088,32
755,760,757.5,0.00041079,0.00205395,30
760,765,762.5,0.000314939,0.0015747,23
765,770,767.5,0.00041079,0.00205395,30
770,775,772.5,0.000451869,0.00225935,33
775,780,777.5,0.000383404,0.00191702,28
780,785,782.5,0.000492948,0.00246474,36
785,790,787.5,0.00041079,0.00205395,30
790,795,792.5,0.000164316,0.00082158,12
795,800,797.5,0.000260167,0.00130084,19
800,805,802.5,0.000301246,0.00150623,22
805,810,807.5,0.000232781,0.00116391,17
810,815,812.5,0.000232781,0.00116391,17
815,820,817.5,0.000178009,0.000890045,13
820,825,822.5,0.000219088,0.00109544,16
825,830,827.5,9.5851e-05,0.000479255,7
830,835,832.5,0.000232781,0.00116391,17
835,840,837.5,0.00013693,0.00068465,10
840,845,842.5,0.000287553,0.00143777,21
845,850,847.5,0.000246474,0.00123237,18
850,855,852.5,0.000356018,0.00178009,26
855,860,857.5,0.000369711,0.00184856,27
860,865,862.5,0.00027386,0.0013693,20
865,870,867.5,0.000260167,0.00130084,19
870,875,872.5,0.000123237,0.000616185,9
875,880,877.5,0.000342325,0.00171163,25
880,885,882.5,0.000246474,0.00123237,18
885,890,887.5,0.00013693,0.00068465,10
890,895,892.5,0.000643571,0.00321786,47
895,900,897.5,0.000356018,0.00178009,26
900,905,902.5,0.000164316,0.00082158,12
905,910,907.5,0.000164316,0.00082158,12
910,915,912.5,0.000287553,0.00143777,21
915,920,917.5,0.000246474,0.00123237,18
920,925,922.5,0.000232781,0.00116391,17
925,930,927.5,0.000191702,0.00095851,14
930,935,932.5,0.000219088,0.00109544,16
935,940,937.5,0.000314939,0.0015747,23
940,945,942.5,0.000205395,0.00102698,15
945,950,947.5,0.000314939,0.0015747,23
950,955,952.5,0.000301246,0.00150623,22
955,960,957.5,0.000260167,0.00130084,19
960,965,962.5,0.000246474,0.00123237,18
965,970,967.5,0.000232781,0.00116391,17
970,975,972.5,0.000246474,0.00123237,18
975,980,977.5,0.00027386,0.0013693,20
980,985,982.5,0.000465562,0.00232781,34
985,990,987.5,0.000232781,0.00116391,17
990,995,992.5,0.000424483,0.00212242,31
995,1000,997.5,0.000178009,0.000890045,13
1000,1005,1002.5,0.00027386,0.0013693,20
1005,1010,1007.5,0.000369711,0.00184856,27
1010,1015,1012.5,0.000260167,0.00130084,19
1015,1020,1017.5,0.000301246,0.00150623,22
1020,1025,1022.5,0.000314939,0.0015747,23
1025,1030,1027.5,0.000205395,0.00102698,15
1030,1035,1032.5,0.00027386,0.0013693,20
1035,1040,1037.5,0.000314939,0.0015747,23
1040,1045,1042.5,0.000314939,0.0015747,23
1045,1050,1047.5,0.000287553,0.00143777,21
1050,1055,1052.5,0.000301246,0.00150623,22
1055,1060,1057.5,0.000219088,0.00109544,16
1060,1065,1062.5,0.000342325,0.00171163,25
1065,1070,1067.5,0.000383404,0.00191702,28
1070,1075,1072.5,0.000369711,0.00184856,27
1075,1080,1077.5,0.000451869,0.00225935,33
1080,1085,1082.5,0.00027386,0.0013693,20
1085,1090,1087.5,0.000260167,0.00130084,19
1090,1095,1092.5,0.000328632,0.00164316,24
1095,1100,1097.5,0.000246474,0.00123237,18
1100,1105,1102.5,0.000424483,0.00212242,31
1105,1110,1107.5,0.000301246,0.00150623,22
1110,1115,1112.5,0.000342325,0.00171163,25
1115,1120,1117.5,0.000369711,0.00184856,27
1120,1125,1122.5,0.000205395,0.00102698,15
1125,1130,1127.5,0.000178009,0.000890045,13
1130,1135,1132.5,0.000314939,0.0015747,23
1135,1140,1137.5,0.000356018,0.00178009,26
1140,1145,1142.5,0.000301246,0.00150623,22
1145,1150,1147.5,0.000314939,0.0015747,23
1150,1155,1152.5,0.000451869,0.00225935,33
1155,1160,1157.5,0.000328632,0.00164316,24
1160,1165,1162.5,0.000397097,0.00198549,29
1165,1170,1167.5,0.000219088,0.00109544,16
1170,1175,1172.5,0.00041079,0.00205395,30
1175,1180,1177.5,0.000356018,0.00178009,26
1180,1185,1182.5,0.000328632,0.00164316,24
1185,1190,1187.5,0.000328632,0.00164316,24
1190,1195,1192.5,0.000369711,0.00184856,27
1195,1200,1197.5,0.000356018,0.00178009,26
1200,1205,1202.5,0.000383404,0.00191702,28
1205,1210,1207.5,0.000164316,0.00082158,12
1210,1215,1212.5,0.000438176,0.00219088,32
1215,1220,1217.5,0.000219088,0.00109544,16
1220,1225,1222.5,0.000191702,0.00095851,14
1225,1230,1227.5,0.000260167,0.00130084,19
1230,1235,1232.5,0.000246474,0.00123237,18
1235,1240,1237.5,0.000260167,0.00130084,19
1240,1245,1242.5,0.000301246,0.00150623,22
1245,1250,1247.5,0.000301246,0.00150623,22
1250,1255,1252.5,0.000109544,0.00054772,8
1255,1260,1257.5,0.000219088,0.00109544,16
1260,1265,1262.5,0.000260167,0.00130084,19
1265,1270,1267.5,0.000219088,0.00109544,16
1270,1275,1272.5,0.000356018,0.00178009,26
1275,1280,1277.5,0.000260167,0.00130084,19
1280,1285,1282.5,0.000219088,0.00109544,16
1285,1290,1287.5,0.000369711,0.00184856,27
1290,1295,1292.5,0.000205395,0.00102698,15
1295,1300,1297.5,0.000314939,0.0015747,23
1300,1305,1302.5,0.00027386,0.0013693,20
1305,1310,1307.5,0.000246474,0.00123237,18
1310,1315,1312.5,0.000219088,0.00109544,16
1315,1320,1317.5,0.00027386,0.0013693,20
1320,1325,1322.5,0.000301246,0.00150623,22
1325,1330,1327.5,0.000219088,0.00109544,16
1330,1335,1332.5,0.000260167,0.00130084,19
1335,1340,1337.5,0.000205395,0.00102698,15
1340,1345,1342.5,0.000356018,0.00178009,26
1345,1350,1347.5,0.000287553,0.00143777,21
1350,1355,1352.5,0.000178009,0.000890045,13
1355,1360,1357.5,0.000232781,0.00116391,17
1360,1365,1362.5,0.000287553,0.00143777,21
1365,1370,1367.5,0.000383404,0.00191702,28
1370,1375,1372.5,0.000246474,0.00123237,18
1375,1380,1377.5,0.000246474,0.00123237,18
1380,1385,1382.5,0.000191702,0.00095851,14
1385,1390,1387.5,0.000219088,0.00109544,16
1390,1395,1392.5,0.000205395,0.00102698,15
1395,1400,1397.5,0.000205395,0.00102698,15
1400,1405,1402.5,0.000219088,0.00109544,16
1405,1410,1407.5,0.000219088,0.00109544,16
1410,1415,1412.5,0.000150623,0.000753115,11
1415,1420,1417.5,0.000150623,0.000753115,11
1420,1425,1422.5,0.00027386,0.0013693,20
1425,1430,1427.5,0.000301246,0.00150623,22
1430,1435,1432.5,0.000150623,0.000753115,11
1435,1440,1437.5,0.00013693,0.00068465,10
1440,1445,1442.5,0.000356018,0.00178009,26
1445,1450,1447.5,0.000178009,0.000890045,13
1450,1455,1452.5,0.000178009,0.000890045,13
1455,1460,1457.5,0.000246474,0.00123237,18
1460,1465,1462.5,0.000232781,0.00116391,17
1465,1470,1467.5,0.000232781,0.00116391,17
1470,1475,1472.5,0.000219088,0.00109544,16
1475,1480,1477.5,0.000178009,0.000890045,13
1480,1485,1482.5,0.000260167,0.00130084,19
1485,1490,1487.5,0.000123237,0.000616185,9
1490,1495,1492.5,0.00013693,0.00068465,10
1495,1500,1497.5,0.000246474,0.00123237,18
1500,1505,1502.5,0.000178009,0.000890045,13
1505,1510,1507.5,0.000205395,0.00102698,15
1510,1515,1512.5,0.00027386,0.0013693,20
1515,1520,1517.5,0.00027386,0.0013693,20
1520,1525,1522.5,0.000246474,0.00123237,18
1525,1530,1527.5,0.000260167,0.00130084,19
1530,1535,1532.5,0.000178009,0.000890045,13
1535,1540,1537.5,0.000246474,0.00123237,18
1540,1545,1542.5,0.000205395,0.00102698,15
1545,1550,1547.5,0.000219088,0.00109544,16
1550,1555,1552.5,0.000260167,0.00130084,19
1555,1560,1557.5,0.000191702,0.00095851,14
1560,1565,1562.5,0.000219088,0.00109544,16
1565,1570,1567.5,0.000164316,0.00082158,12
1570,1575,1572.5,0.000205395,0.00102698,15
1575,1580,1577.5,0.000260167,0.00130084,19
1580,1585,1582.5,0.000205395,0.00102698,15
1585,1590,1587.5,0.000219088,0.00109544,16
1590,1595,1592.5,0.000260167,0.00130084,19
1595,1600,1597.5,0.000191702,0.00095851,14
1600,1605,1602.5,0.000164316,0.00082158,12
1605,1610,1607.5,0.000314939,0.0015747,23
1610,1615,1612.5,0.000232781,0.00116391,17
1615,1620,1617.5,0.000232781,0.00116391,17
1620,1625,1622.5,0.000314939,0.0015747,23
1625,1630,1627.5,0.000178009,0.000890045,13
1630,1635,1632.5,0.000260167,0.00130084,19
1635,1640,1637.5,0.000164316,0.00082158,12
1640,1645,1642.5,0.000205395,0.00102698,15
1645,1650,1647.5,0.000301246,0.00150623,22
1650,1655,1652.5,0.000219088,0.00109544,16
1655,1660,1657.5,0.000246474,0.00123237,18
1660,1665,1662.5,0.000219088,0.00109544,16
1665,1670,1667.5,0.000109544,0.00054772,8
1670,1675,1672.5,0.000219088,0.00109544,16
1675,1680,1677.5,0.000232781,0.00116391,17
1680,1685,1682.5,0.00013693,0.00068465,10
1685,1690,1687.5,0.000219088,0.00109544,16
1690,1695,1692.5,0.000260167,0.00130084,19
1695,1700,1697.5,0.000205395,0.00102698,15
1700,1705,1702.5,0.000150623,0.000753115,11
1705,1710,1707.5,0.000178009,0.000890045,13
1710,1715,1712.5,0.000232781,0.00116391,17
1715,1720,1717.5,0.000205395,0.00102698,15
1720,1725,1722.5,0.000232781,0.00116391,17
1725,1730,1727.5,0.000219088,0.00109544,16
1730,1735,1732.5,0.000232781,0.00116391,17
1735,1740,1737.5,0.000164316,0.00082158,12
1740,1745,1742.5,0.000246474,0.00123237,18
1745,1750,1747.5,0.000246474,0.00123237,18
1750,1755,1752.5,0.000246474,0.00123237,18
1755,1760,1757.5,0.000191702,0.00095851,14
1760,1765,1762.5,0.000191702,0.00095851,14
1765,1770,1767.5,0.000205395,0.00102698,15
1770,1775,1772.5,0.000164316,0.00082158,12
1775,1780,1777.5,0.000205395,0.00102698,15
1780,1785,1782.5,0.000219088,0.00109544,16
1785,1790,1787.5,0.000178009,0.000890045,13
1790,1795,1792.5,0.000232781,0.00116391,17
1795,1800,1797.5,0.000191702,0.00095851,14
1800,1805,1802.5,0.00013693,0.00068465,10
1805,1810,1807.5,0.00013693,0.00068465,10
1810,1815,1812.5,0.000164316,0.00082158,12
1815,1820,1817.5,0.000246474,0.00123237,18
1820,1825,1822.5,0.000164316,0.00082158,12
1825,1830,1827.5,0.000164316,0.00082158,12
1830,1835,1832.5,0.000232781,0.00116391,17
1835,1840,1837.5,0.000178009,0.000890045,13
1840,1845,1842.5,0.000150623,0.000753115,11
1845,1850,1847.5,0.000232781,0.00116391,17
1850,1855,1852.5,0.000150623,0.000753115,11
1855,1860,1857.5,0.000150623,0.000753115,11
1860,1865,1862.5,0.000123237,0.000616185,9
1865,1870,1867.5,0.000232781,0.00116391,17
1870,1875,1872.5,0.000205395,0.00102698,15
1875,1880,1877.5,0.000301246,0.00150623,22
1880,1885,1882.5,6.8465e-05,0.000342325,5
1885,1890,1887.5,0.000109544,0.00054772,8
1890,1895,1892.5,0.000178009,0.000890045,13
1895,1900,1897.5,0.000219088,0.00109544,16
1900,1905,1902.5,0.000164316,0.00082158,12
1905,1910,1907.5,0.000205395,0.00102698,15
1910,1915,1912.5,0.000150623,0.000753115,11
1915,1920,1917.5,0.000246474,0.00123237,18
1920,1925,1922.5,0.000109544,0.00054772,8
1925,1930,1927.5,0.000205395,0.00102698,15
1930,1935,1932.5,0.000123237,0.000616185,9
1935,1940,1937.5,0.000191702,0.00095851,14
1940,1945,1942.5,0.000164316,0.00082158,12
1945,1950,1947.5,0.000178009,0.000890045,13
1950,1955,1952.5,0.000205395,0.00102698,15
1955,1960,1957.5,8.2158e-05,0.00041079,6
1960,1965,1962.5,0.00013693,0.00068465,10
1965,1970,1967.5,0.000232781,0.00116391,17
1970,1975,1972.5,0.000178009,0.000890045,13
1975,1980,1977.5,0.000191702,0.00095851,14
1980,1985,1982.5,0.000150623,0.000753115,11
1985,1990,1987.5,0.000232781,0.00116391,17
1990,1995,1992.5,0.000123237,0.000616185,9
1995,2000,1997.5,0.000246474,0.00123237,18
2000,2005,2002.5,0.00013693,0.00068465,10
2005,2010,2007.5,0.000123237,0.000616185,9
2010,2015,2012.5,0.000150623,0.000753115,11
2015,2020,2017.5,0.000178009,0.000890045,13
2020,2025,2022.5,0.000150623,0.000753115,11
2025,2030,2027.5,0.00013693,0.00068465,10
2030,2035,2032.5,0.000191702,0.00095851,14
2035,2040,2037.5,0.000219088,0.00109544,16
2040,2045,2042.5,0.000178009,0.000890045,13
2045,2050,2047.5,0.000191702,0.00095851,14
2050,2055,2052.5,0.000150623,0.000753115,11
2055,2060,2057.5,0.000164316,0.00082158,12
2060,2065,2062.5,0.000205395,0.00102698,15
2065,2070,2067.5,9.5851e-05,0.000479255,7
2070,2075,2072.5,0.000232781,0.00116391,17
2075,2080,2077.5,0.000164316,0.00082158,12
2080,2085,2082.5,0.000123237,0.000616185,9
2085,2090,2087.5,0.000191702,0.00095851,14
2090,2095,2092.5,0.00027386,0.0013693,20
2095,2100,2097.5,0.000191702,0.00095851,14
2100,2105,2102.5,0.000205395,0.00102698,15
2105,2110,2107.5,0.000123237,0.000616185,9
2110,2115,2112.5,6.8465e-05,0.000342325,5
2115,2120,2117.5,0.000219088,0.00109544,16
2120,2125,2122.5,0.000178009,0.000890045,13
2125,2130,2127.5,9.5851e-05,0.000479255,7
2130,2135,2132.5,0.000205395,0.00102698,15
2135,2140,2137.5,9.5851e-05,0.000479255,7
2140,2145,2142.5,0.000150623,0.000753115,11
2145,2150,2147.5,0.000150623,0.000753115,11
2150,2155,2152.5,0.000191702,0.00095851,14
2155,2160,2157.5,0.000178009,0.000890045,13
2160,2165,2162.5,6.8465e-05,0.000342325,5
2165,2170,2167.5,8.2158e-05,0.00041079,6
2170,2175,2172.5,0.000178009,0.000890045,13
2175,2180,2177.5,0.000260167,0.00130084,19
2180,2185,2182.5,0.000109544,0.00054772,8
2185,2190,2187.5,0.000150623,0.000753115,11
2190,2195,2192.5,0.000205395,0.00102698,15
2195,2200,2197.5,0.00013693,0.00068465,10
2200,2205,2202.5,0.000123237,0.000616185,9
2205,2210,2207.5,0.000123237,0.000616185,9
2210,2215,2212.5,0.00013693,0.00068465,10
2215,2220,2217.5,0.000178009,0.000890045,13
2220,2225,2222.5,0.000164316,0.00082158,12
2225,2230,2227.5,0.000150623,0.000753115,11
2230,2235,2232.5,0.000109544,0.00054772,8
2235,2240,2237.5,0.000219088,0.00109544,16
2240,2245,2242.5,0.000191702,0.00095851,14
2245,2250,2247.5,0.000123237,0.000616185,9
2250,2255,2252.5,0.000164316,0.00082158,12
2255,2260,2257.5,0.000123237,0.000616185,9
2260,2265,2262.5,0.000205395,0.00102698,15
2265,2270,2267.5,0.00013693,0.00068465,10
2270,2275,2272.5,0.000164316,0.00082158,12
2275,2280,2277.5,0.000109544,0.00054772,8
2280,2285,2282.5,0.000150623,0.000753115,11
2285,2290,2287.5,0.00013693,0.00068465,10
2290,2295,2292.5,0.000164316,0.00082158,12
2295,2300,2297.5,0.000232781,0.00116391,17
2300,2305,2302.5,0.000178009,0.000890045,13
2305,2310,2307.5,0.000164316,0.00082158,12
2310,2315,2312.5,0.000178009,0.000890045,13
2315,2320,2317.5,0.000178009,0.000890045,13
2320,2325,2322.5,0.000178009,0.000890045,13
2325,2330,2327.5,8.2158e-05,0.00041079,6
2330,2335,2332.5,0.000109544,0.00054772,8
2335,2340,2337.5,0.000164316,0.00082158,12
2340,2345,2342.5,9.5851e-05,0.000479255,7
2345,2350,2347.5,0.00013693,0.00068465,10
2350,2355,2352.5,0.000164316,0.00082158,12
2355,2360,2357.5,8.2158e-05,0.00041079,6
2360,2365,2362.5,0.000164316,0.00082158,12
2365,2370,2367.5,0.000191702,0.00095851,14
2370,2375,2372.5,9.5851e-05,0.000479255,7
2375,2380,2377.5,0.00013693,0.00068465,10
2380,2385,2382.5,0.000178009,0.000890045,13
2385,2390,2387.5,0.000123237,0.000616185,9
2390,2395,2392.5,9.5851e-05,0.000479255,7
2395,2400,2397.5,0.000260167,0.00130084,19
2400,2405,2402.5,0.000178009,0.000890045,13
2405,2410,2407.5,9.5851e-05,0.000479255,7
2410,2415,2412.5,8.2158e-05,0.00041079,6
2415,2420,2417.5,0.000123237,0.000616185,9
2420,2425,2422.5,0.000178009,0.000890045,13
2425,2430,2427.5,0.000150623,0.000753115,11
2430,2435,2432.5,0.000219088,0.00109544,16
2435,2440,2437.5,0.000123237,0.000616185,9
2440,2445,2442.5,0.00013693,0.00068465,10
2445,2450,2447.5,9.5851e-05,0.000479255,7
2450,2455,2452.5,0.000150623,0.000753115,11
2455,2460,2457.5,0.00013693,0.00068465,10
2460,2465,2462.5,0.000150623,0.000753115,11
2465,2470,2467.5,8.2158e-05,0.00041079,6
2470,2475,2472.5,5.4772e-05,0.00027386,4
2475,2480,2477.5,9.5851e-05,0.000479255,7
2480,2485,2482.5,0.000150623,0.000753115,11
2485,2490,2487.5,9.5851e-05,0.000479255,7
2490,2495,2492.5,0.000109544,0.00054772,8
2495,2500,2497.5,0.000205395,0.00102698,15
2500,2505,2502.5,8.2158e-05,0.00041079,6
2505,2510,2507.5,0.000205395,0.00102698,15
2510,2515,2512.5,0.000219088,0.00109544,16
2515,2520,2517.5,0.000109544,0.00054772,8
2520,2525,2522.5,0.000123237,0.000616185,9
2525,2530,2527.5,0.000123237,0.000616185,9
2530,2535,2532.5,5.4772e-05,0.00027386,4
2535,2540,2537.5,0.00013693,0.00068465,10
2540,2545,2542.5,9.5851e-05,0.000479255,7
2545,2550,2547.5,0.000123237,0.000616185,9
2550,2555,2552.5,8.2158e-05,0.00041079,6
2555,2560,2557.5,0.00013693,0.00068465,10
2560,2565,2562.5,0.000178009,0.000890045,13
2565,2570,2567.5,0.000178009,0.000890045,13
2570,2575,2572.5,0.000164316,0.00082158,12
2575,2580,2577.5,8.2158e-05,0.00041079,6
2580,2585,2582.5,0.000123237,0.000616185,9
2585,2590,2587.5,8.2158e-05,0.00041079,6
2590,2595,2592.5,9.5851e-05,0.000479255,7
2595,2600,2597.5,6.8465e-05,0.000342325,5
2600,2605,2602.5,0.00013693,0.00068465,10
2605,2610,2607.5,9.5851e-05,0.000479255,7
2610,2615,2612.5,0.000150623,0.000753115,11
2615,2620,2617.5,9.5851e-05,0.000479255,7
2620,2625,2622.5,0.000123237,0.000616185,9
2625,2630,2627.5,0.000123237,0.000616185,9
2630,2635,2632.5,0.000109544,0.00054772,8
2635,2640,2637.5,5.4772e-05,0.00027386,4
2640,2645,2642.5,9.5851e-05,0.000479255,7
2645,2650,2647.5,0.000191702,0.00095851,14
2650,2655,2652.5,8.2158e-05,0.00041079,6
2655,2660,2657.5,8.2158e-05,0.00041079,6
2660,2665,2662.5,9.5851e-05,0.000479255,7
2665,2670,2667.5,0.000164316,0.00082158,12
2670,2675,2672.5,0.000178009,0.000890045,13
2675,2680,2677.5,9.5851e-05,0.000479255,7
2680,2685,2682.5,0.000123237,0.000616185,9
2685,2690,2687.5,0.00013693,0.00068465,10
2690,2695,2692.5,0.000123237,0.000616185,9
2695,2700,2697.5,9.5851e-05,0.000479255,7
2700,2705,2702.5,5.4772e-05,0.00027386,4
2705,2710,2707.5,0.000109544,0.00054772,8
2710,2715,2712.5,0.000123237,0.000616185,9
2715,2720,2717.5,0.000123237,0.000616185,9
2720,2725,2722.5,0.000109544,0.00054772,8
2725,2730,2727.5,0.000109544,0.00054772,8
2730,2735,2732.5,0.000232781,0.00116391,17
2735,2740,2737.5,0.000150623,0.000753115,11
2740,2745,2742.5,0.000150623,0.000753115,11
2745,2750,2747.5,0.000164316,0.00082158,12
2750,2755,2752.5,0.000232781,0.00116391,17
2755,2760,2757.5,0.00013693,0.00068465,10
2760,2765,2762.5,0.000178009,0.000890045,13
2765,2770,2767.5,0.000123237,0.000616185,9
2770,2775,2772.5,0.000109544,0.00054772,8
2775,2780,2777.5,0.000109544,0.00054772,8
2780,2785,2782.5,5.4772e-05,0.00027386,4
2785,2790,2787.5,8.2158e-05,0.00041079,6
2790,2795,2792.5,0.000109544,0.00054772,8
2795,2800,2797.5,8.2158e-05,0.00041079,6
2800,2805,2802.5,0.000109544,0.00054772,8
2805,2810,2807.5,0.000123237,0.000616185,9
2810,2815,2812.5,0.000109544,0.00054772,8
2815,2820,2817.5,0.000109544,0.00054772,8
2820,2825,2822.5,4.1079e-05,0.000205395,3
2825,2830,2827.5,9.5851e-05,0.000479255,7
2830,2835,2832.5,0.000150623,0.000753115,11
2835,2840,2837.5,5.4772e-05,0.00027386,4
2840,2845,2842.5,0.000109544,0.00054772,8
2845,2850,2847.5,0.000164316,0.00082158,12
2850,2855,2852.5,8.2158e-05,0.00041079,6
2855,2860,2857.5,9.5851e-05,0.000479255,7
2860,2865,2862.5,5.4772e-05,0.00027386,4
2865,2870,2867.5,9.5851e-05,0.000479255,7
2870,2875,2872.5,0.000205395,0.00102698,15
2875,2880,2877.5,0.000150623,0.000753115,11
2880,2885,2882.5,0.000109544,0.00054772,8
2885,2890,2887.5,6.8465e-05,0.000342325,5
2890,2895,2892.5,9.5851e-05,0.000479255,7
2895,2900,2897.5,0.000109544,0.00054772,8
2900,2905,2902.5,0.00013693,0.00068465,10
2905,2910,2907.5,0.00013693,0.00068465,10
2910,2915,2912.5,0.000123237,0.000616185,9
2915,2920,2917.5,0.000164316,0.00082158,12
2920,2925,2922.5,5.4772e-05,0.00027386,4
2925,2930,2927.5,0.000109544,0.00054772,8
2930,2935,2932.5,0.000191702,0.00095851,14
2935,2940,2937.5,0.00013693,0.00068465,10
2940,2945,2942.5,0.000150623,0.000753115,11
2945,2950,2947.5,0.00013693,0.00068465,10
2950,2955,2952.5,9.5851e-05,0.000479255,7
2955,2960,2957.5,8.2158e-05,0.00041079,6
2960,2965,2962.5,0.000164316,0.00082158,12
2965,2970,2967.5,8.2158e-05,0.00041079,6
2970,2975,2972.5,0.000150623,0.000753115,11
2975,2980,2977.5,0.000219088,0.00109544,16
2980,2985,2982.5,5.4772e-05,0.00027386,4
2985,2990,2987.5,0.000164316,0.00082158,12
2990,2995,2992.5,0.000150623,0.000753115,11
2995,3000,2997.5,0.000150623,0.000753115,11
3000,3005,3002.5,0.000109544,0.00054772,8
3005,3010,3007.5,0.000109544,0.00054772,8
3010,3015,3012.5,6.8465e-05,0.000342325,5
3015,3020,3017.5,0.00013693,0.00068465,10
3020,3025,3022.5,6.8465e-05,0.000342325,5
3025,3030,3027.5,0.000123237,0.000616185,9
3030,3035,3032.5,4.1079e-05,0.000205395,3
3035,3040,3037.5,0.000150623,0.000753115,11
3040,3045,3042.5,9.5851e-05,0.000479255,7
3045,3050,3047.5,0.000123237,0.000616185,9
3050,3055,3052.5,0.000109544,0.00054772,8
3055,3060,3057.5,0.000109544,0.00054772,8
3060,3065,3062.5,0.00013693,0.00068465,10
3065,3070,3067.5,0.000123237,0.000616185,9
3070,3075,3072.5,0.000232781,0.00116391,17
3075,3080,3077.5,9.5851e-05,0.000479255,7
3080,3085,3082.5,9.5851e-05,0.000479255,7
3085,3090,3087.5,9.5851e-05,0.000479255,7
3090,3095,3092.5,0.000191702,0.00095851,14
3095,3100,3097.5,9.5851e-05,0.000479255,7
3100,3105,3102.5,0.000205395,0.00102698,15
3105,3110,3107.5,9.5851e-05,0.000479255,7
3110,3115,3112.5,0.00013693,0.00068465,10
3115,3120,3117.5,5.4772e-05,0.00027386,4
3120,3125,3122.5,8.2158e-05,0.00041079,6
3125,3130,3127.5,9.5851e-05,0.000479255,7
3130,3135,3132.5,6.8465e-05,0.000342325,5
3135,3140,3137.5,9.5851e-05,0.000479255,7
3140,3145,3142.5,0.000219088,0.00109544,16
3145,3150,3147.5,0.000109544,0.00054772,8
3150,3155,3152.5,9.5851e-05,0.000479255,7
3155,3160,3157.5,0.00013693,0.00068465,10
3160,3165,3162.5,0.000109544,0.00054772,8
3165,3170,3167.5,0.000150623,0.000753115,11
3170,3175,3172.5,0.000123237,0.000616185,9
3175,3180,3177.5,9.5851e-05,0.000479255,7
3180,3185,3182.5,0.000123237,0.000616185,9
3185,3190,3187.5,8.2158e-05,0.00041079,6
3190,3195,3192.5,0.000109544,0.00054772,8
3195,3200,3197.5,0.000123237,0.000616185,9
3200,3205,3202.5,9.5851e-05,0.000479255,7
3205,3210,3207.5,0.000123237,0.000616185,9
3210,3215,3212.5,9.5851e-05,0.000479255,7
3215,3220,3217.5,0.00013693,0.00068465,10
3220,3225,3222.5,0.00013693,0.00068465,10
3225,3230,3227.5,8.2158e-05,0.00041079,6
3230,3235,3232.5,8.2158e-05,0.00041079,6
3235,3240,3237.5,0.000164316,0.00082158,12
3240,3245,3242.5,0.000150623,0.000753115,11
3245,3250,3247.5,8.2158e-05,0.00041079,6
3250,3255,3252.5,8.2158e-05,0.00041079,6
3255,3260,3257.5,0.000109544,0.00054772,8
3260,3265,3262.5,0.000178009,0.000890045,13
3265,3270,3267.5,9.5851e-05,0.000479255,7
3270,3275,3272.5,0.000150623,0.000753115,11
3275,3280,3277.5,6.8465e-05,0.000342325,5
3280,3285,3282.5,9.5851e-05,0.000479255,7
3285,3290,3287.5,0.00013693,0.00068465,10
3290,3295,3292.5,0.000123237,0.000616185,9
3295,3300,3297.5,6.8465e-05,0.000342325,5
3300,3305,3302.5,4.1079e-05,0.000205395,3
3305,3310,3307.5,0.000191702,0.00095851,14
3310,3315,3312.5,9.5851e-05,0.000479255,7
3315,3320,3317.5,9.5851e-05,0.000479255,7
3320,3325,3322.5,6.8465e-05,0.000342325,5
3325,3330,3327.5,6.8465e-05,0.000342325,5
3330,3335,3332.5,4.1079e-05,0.000205395,3
3335,3340,3337.5,0.000150623,0.000753115,11
3340,3345,3342.5,0.000178009,0.000890045,13
3345,3350,3347.5,0.000150623,0.000753115,11
3350,3355,3352.5,0.00013693,0.00068465,10
3355,3360,3357.5,0.000109544,0.00054772,8
3360,3365,3362.5,5.4772e-05,0.00027386,4
3365,3370,3367.5,9.5851e-05,0.000479255,7
3370,3375,3372.5,9.5851e-05,0.000479255,7
3375,3380,3377.5,6.8465e-05,0.000342325,5
3380,3385,3382.5,0.00013693,0.00068465,10
3385,3390,3387.5,9.5851e-05,0.000479255,7
3390,3395,3392.5,0.000123237,0.000616185,9
3395,3400,3397.5,0.000123237,0.000616185,9
3400,3405,3402.5,9.5851e-05,0.000479255,7
3405,3410,3407.5,6.8465e-05,0.000342325,5
3410,3415,3412.5,2.7386e-05,0.00013693,2
3415,3420,3417.5,6.8465e-05,0.000342325,5
3420,3425,3422.5,0.000109544,0.00054772,8
3425,3430,3427.5,0.000109544,0.00054772,8
3430,3435,3432.5,8.2158e-05,0.00041079,6
3435,3440,3437.5,0.000109544,0.00054772,8
3440,3445,3442.5,0.000109544,0.00054772,8
3445,3450,3447.5,0.000109544,0.00054772,8
3450,3455,3452.5,0.000123237,0.000616185,9
3455,3460,3457.5,8.2158e-05,0.00041079,6
3460,3465,3462.5,6.8465e-05,0.000342325,5
3465,3470,3467.5,2.7386e-05,0.00013693,2
3470,3475,3472.5,0.00013693,0.00068465,10
3475,3480,3477.5,0.000109544,0.00054772,8
3480,3485,3482.5,8.2158e-05,0.00041079,6
3485,3490,3487.5,0.000123237,0.000616185,9
3490,3495,3492.5,8.2158e-05,0.00041079,6
3495,3500,3497.5,0.00013693,0.00068465,10
3500,3505,3502.5,5.4772e-05,0.00027386,4
3505,3510,3507.5,0.000109544,0.00054772,8
3510,3515,3512.5,0.000123237,0.000616185,9
3515,3520,3517.5,8.2158e-05,0.00041079,6
3520,3525,3522.5,6.8465e-05,0.000342325,5
3525,3530,3527.5,6.8465e-05,0.000342325,5
3530,3535,3532.5,8.2158e-05,0.00041079,6
3535,3540,3537.5,8.2158e-05,0.00041079,6
3540,3545,3542.5,8.2158e-05,0.00041079,6
3545,3550,3547.5,0.000150623,0.000753115,11
3550,3555,3552.5,0.000123237,0.000616185,9
3555,3560,3557.5,0.000123237,0.000616185,9
3560,3565,3562.5,9.5851e-05,0.000479255,7
3565,3570,3567.5,0.000109544,0.00054772,8
3570,3575,3572.5,9.5851e-05,0.000479255,7
3575,3580,3577.5,5.4772e-05,0.00027386,4
3580,3585,3582.5,5.4772e-05,0.00027386,4
3585,3590,3587.5,9.5851e-05,0.000479255,7
3590,3595,3592.5,8.2158e-05,0.00041079,6
3595,3600,3597.5,0.000164316,0.00082158,12
3600,3605,3602.5,0.00013693,0.00068465,10
3605,3610,3607.5,4.1079e-05,0.000205395,3
3610,3615,3612.5,8.2158e-05,0.00041079,6
3615,3620,3617.5,0.000123237,0.000616185,9
3620,3625,3622.5,0.000150623,0.000753115,11
3625,3630,3627.5,0.00013693,0.00068465,10
3630,3635,3632.5,0.00013693,0.00068465,10
3635,3640,3637.5,0.000191702,0.00095851,14
3640,3645,3642.5,0.000123237,0.000616185,9
3645,3650,3647.5,0.000219088,0.00109544,16
3650,3655,3652.5,0.000109544,0.00054772,8
3655,3660,3657.5,0.000109544,0.00054772,8
3660,3665,3662.5,0.000150623,0.000753115,11
3665,3670,3667.5,0.000123237,0.000616185,9
3670,3675,3672.5,5.4772e-05,0.00027386,4
3675,3680,3677.5,2.7386e-05,0.00013693,2
3680,3685,3682.5,5.4772e-05,0.00027386,4
3685,3690,3687.5,0.000109544,0.00054772,8
3690,3695,3692.5,4.1079e-05,0.000205395,3
3695,3700,3697.5,8.2158e-05,0.00041079,6
3700,3705,3702.5,0.000150623,0.000753115,11
3705,3710,3707.5,0.000109544,0.00054772,8
3710,3715,3712.5,6.8465e-05,0.000342325,5
3715,3720,3717.5,6.8465e-05,0.000342325,5
3720,3725,3722.5,9.5851e-05,0.000479255,7
3725,3730,3727.5,0.000178009,0.000890045,13
3730,3735,3732.5,0.000109544,0.00054772,8
3735,3740,3737.5,8.2158e-05,0.00041079,6
3740,3745,3742.5,0.000178009,0.000890045,13
3745,3750,3747.5,0.000109544,0.00054772,8
3750,3755,3752.5,4.1079e-05,0.000205395,3
3755,3760,3757.5,0.000109544,0.00054772,8
3760,3765,3762.5,8.2158e-05,0.00041079,6
3765,3770,3767.5,9.5851e-05,0.000479255,7
3770,3775,3772.5,0.000164316,0.00082158,12
3775,3780,3777.5,9.5851e-05,0.000479255,7
3780,3785,3782.5,0.000123237,0.000616185,9
3785,3790,3787.5,0.000123237,0.000616185,9
3790,3795,3792.5,4.1079e-05,0.000205395,3
3795,3800,3797.5,0.000123237,0.000616185,9
3800,3805,3802.5,6.8465e-05,0.000342325,5
3805,3810,3807.5,9.5851e-05,0.000479255,7
3810,3815,3812.5,8.2158e-05,0.00041079,6
3815,3820,3817.5,0.000164316,0.00082158,12
3820,3825,3822.5,0.000109544,0.00054772,8
3825,3830,3827.5,0.000123237,0.000616185,9
3830,3835,3832.5,8.2158e-05,0.00041079,6
3835,3840,3837.5,9.5851e-05,0.000479255,7
3840,3845,3842.5,9.5851e-05,0.000479255,7
3845,3850,3847.5,0.000123237,0.000616185,9
3850,3855,3852.5,8.2158e-05,0.00041079,6
3855,3860,3857.5,0.00013693,0.00068465,10
3860,3865,3862.5,5.4772e-05,0.00027386,4
3865,3870,3867.5,5.4772e-05,0.00027386,4
3870,3875,3872.5,0.000123237,0.000616185,9
3875,3880,3877.5,0.000123237,0.000616185,9
3880,3885,3882.5,5.4772e-05,0.00027386,4
3885,3890,3887.5,4.1079e-05,0.000205395,3
3890,3895,3892.5,2.7386e-05,0.00013693,2
3895,3900,3897.5,0.000109544,0.00054772,8
3900,3905,3902.5,9.5851e-05,0.000479255,7
3905,3910,3907.5,5.4772e-05,0.00027386,4
3910,3915,3912.5,2.7386e-05,0.00013693,2
3915,3920,3917.5,8.2158e-05,0.00041079,6
3920,3925,3922.5,0.000123237,0.000616185,9
3925,3930,3927.5,4.1079e-05,0.000205395,3
3930,3935,3932.5,4.1079e-05,0.000205395,3
3935,3940,3937.5,0.000109544,0.00054772,8
3940,3945,3942.5,5.4772e-05,0.00027386,4
3945,3950,3947.5,9.5851e-05,0.000479255,7
3950,3955,3952.5,0.000109544,0.00054772,8
3955,3960,3957.5,0.000123237,0.000616185,9
3960,3965,3962.5,0.000109544,0.00054772,8
3965,3970,3967.5,0.000123237,0.000616185,9
3970,3975,3972.5,9.5851e-05,0.000479255,7
3975,3980,3977.5,6.8465e-05,0.000342325,5
3980,3985,3982.5,0.000123237,0.000616185,9
3985,3990,3987.5,4.1079e-05,0.000205395,3
3990,3995,3992.5,0.000164316,0.00082158,12
3995,4000,3997.5,5.4772e-05,0.00027386,4
4000,4005,4002.5,0.000150623,0.000753115,11
4005,4010,4007.5,6.8465e-05,0.000342325,5
4010,4015,4012.5,4.1079e-05,0.000205395,3
4015,4020,4017.5,8.2158e-05,0.00041079,6
4020,4025,4022.5,0.000109544,0.00054772,8
4025,4030,4027.5,0.000178009,0.000890045,13
4030,4035,4032.5,8.2158e-05,0.00041079,6
4035,4040,4037.5,8.2158e-05,0.00041079,6
4040,4045,4042.5,6.8465e-05,0.000342325,5
4045,4050,4047.5,6.8465e-05,0.000342325,5
4050,4055,4052.5,6.8465e-05,0.000342325,5
4055,4060,4057.5,8.2158e-05,0.00041079,6
4060,4065,4062.5,0.000123237,0.000616185,9
4065,4070,4067.5,0.000123237,0.000616185,9
4070,4075,4072.5,0.000123237,0.000616185,9
4075,4080,4077.5,0.000109544,0.00054772,8
4080,4085,4082.5,8.2158e-05,0.00041079,6
4085,4090,4087.5,8.2158e-05,0.00041079,6
4090,4095,4092.5,0.000164316,0.00082158,12
4095,4100,4097.5,5.4772e-05,0.00027386,4
4100,4105,4102.5,8.2158e-05,0.00041079,6
4105,4110,4107.5,6.8465e-05,0.000342325,5
4110,4115,4112.5,0.000109544,0.00054772,8
4115,4120,4117.5,0.000109544,0.00054772,8
4120,4125,4122.5,8.2158e-05,0.00041079,6
4125,4130,4127.5,8.2158e-05,0.00041079,6
4130,4135,4132.5,6.8465e-05,0.000342325,5
4135,4140,4137.5,2.7386e-05,0.00013693,2
4140,4145,4142.5,0.000109544,0.00054772,8
4145,4150,4147.5,8.2158e-05,0.00041079,6
4150,4155,4152.5,0.00013693,0.00068465,10
4155,4160,4157.5,5.4772e-05,0.00027386,4
4160,4165,4162.5,6.8465e-05,0.000342325,5
4165,4170,4167.5,6.8465e-05,0.000342325,5
4170,4175,4172.5,6.8465e-05,0.000342325,5
4175,4180,4177.5,0.000109544,0.00054772,8
4180,4185,4182.5,0.000109544,0.00054772,8
4185,4190,4187.5,0.000109544,0.00054772,8
4190,4195,4192.5,8.2158e-05,0.00041079,6
4195,4200,4197.5,8.2158e-05,0.00041079,6
4200,4205,4202.5,5.4772e-05,0.00027386,4
4205,4210,4207.5,9.5851e-05,0.000479255,7
4210,4215,4212.5,0.000109544,0.00054772,8
4215,4220,4217.5,9.5851e-05,0.000479255,7
4220,4225,4222.5,0.00013693,0.00068465,10
4225,4230,4227.5,4.1079e-05,0.000205395,3
4230,4235,4232.5,4.1079e-05,0.000205395,3
4235,4240,4237.5,0.000109544,0.00054772,8
4240,4245,4242.5,0.000109544,0.00054772,8
4245,4250,4247.5,8.2158e-05,0.00041079,6
4250,4255,4252.5,8.2158e-05,0.00041079,6
4255,4260,4257.5,9.5851e-05,0.000479255,7
4260,4265,4262.5,0.000164316,0.00082158,12
4265,4270,4267.5,0.00013693,0.00068465,10
4270,4275,4272.5,8.2158e-05,0.00041079,6
4275,4280,4277.5,8.2158e-05,0.00041079,6
4280,4285,4282.5,9.5851e-05,0.000479255,7
4285,4290,4287.5,8.2158e-05,0.00041079,6
4290,4295,4292.5,5.4772e-05,0.00027386,4
4295,4300,4297.5,0.000123237,0.000616185,9
4300,4305,4302.5,0.00013693,0.00068465,10
4305,4310,4307.5,5.4772e-05,0.00027386,4
4310,4315,4312.5,0.000178009,0.000890045,13
4315,4320,4317.5,6.8465e-05,0.000342325,5
4320,4325,4322.5,6.8465e-05,0.000342325,5
4325,4330,4327.5,4.1079e-05,0.000205395,3
4330,4335,4332.5,0.000178009,0.000890045,13
4335,4340,4337.5,5.4772e-05,0.00027386,4
4340,4345,4342.5,8.2158e-05,0.00041079,6
4345,4350,4347.5,5.4772e-05,0.00027386,4
4350,4355,4352.5,4.1079e-05,0.000205395,3
4355,4360,4357.5,1.3693e-05,6.8465e-05,1
4360,4365,4362.5,1.3693e-05,6.8465e-05,1
4365,4370,4367.5,4.1079e-05,0.000205395,3
4370,4375,4372.5,6.8465e-05,0.000342325,5
4375,4380,4377.5,1.3693e-05,6.8465e-05,1
4380,4385,4382.5,4.1079e-05,0.000205395,3
4385,4390,4387.5,2.7386e-05,0.00013693,2
4390,4395,4392.5,5.4772e-05,0.00027386,4
4395,4400,4397.5,6.8465e-05,0.000342325,5
4400,4405,4402.5,2.7386e-05,0.00013693,2
4405,4410,4407.5,1.3693e-05,6.8465e-05,1
4410,4415,4412.5,1.3693e-05,6.8465e-05,1
4415,4420,4417.5,2.7386e-05,0.00013693,2
4420,4425,4422.5,5.4772e-05,0.00027386,4
4425,4430,4427.5,4.1079e-05,0.000205395,3
4430,4435,4432.5,5.4772e-05,0.00027386,4
4435,4440,4437.5,5.4772e-05,0.00027386,4
4440,4445,4442.5,5.4772e-05,0.00027386,4
4445,4450,4447.5,6.8465e-05,0.000342325,5
4450,4455,4452.5,4.1079e-05,0.000205395,3
4455,4460,4457.5,4.1079e-05,0.000205395,3
4460,4465,4462.5,5.4772e-05,0.00027386,4
4465,4470,4467.5,2.7386e-05,0.00013693,2
4470,4475,4472.5,1.3693e-05,6.8465e-05,1
4475,4480,4477.5,5.4772e-05,0.00027386,4
4480,4485,4482.5,4.1079e-05,0.000205395,3
4485,4490,4487.5,1.3693e-05,6.8465e-05,1
4490,4495,4492.5,8.2158e-05,0.00041079,6
4495,4500,4497.5,2.7386e-05,0.00013693,2
4505,4510,4507.5,5.4772e-05,0.00027386,4
4515,4520,4517.5,2.7386e-05,0.00013693,2
4525,4530,4527.5,6.8465e-05,0.000342325,5
4530,4535,4532.5,1.3693e-05,6.8465e-05,1
4535,4540,4537.5,5.4772e-05,0.00027386,4
4540,4545,4542.5,5.4772e-05,0.00027386,4
4545,4550,4547.5,6.8465e-05,0.000342325,5
4550,4555,4552.5,4.1079e-05,0.000205395,3
4555,4560,4557.5,4.1079e-05,0.000205395,3
4560,4565,4562.5,4.1079e-05,0.000205395,3
4565,4570,4567.5,1.3693e-05,6.8465e-05,1
4570,4575,4572.5,1.3693e-05,6.8465e-05,1
4575,4580,4577.5,4.1079e-05,0.000205395,3
4580,4585,4582.5,1.3693e-05,6.8465e-05,1
4585,4590,4587.5,2.7386e-05,0.00013693,2
4590,4595,4592.5,2.7386e-05,0.00013693,2
4595,4600,4597.5,2.7386e-05,0.00013693,2
4600,4605,4602.5,5.4772e-05,0.00027386,4
4610,4615,4612.5,2.7386e-05,0.00013693,2
4615,4620,4617.5,2.7386e-05,0.00013693,2
4625,4630,4627.5,4.1079e-05,0.000205395,3
4630,4635,4632.5,4.1079e-05,0.000205395,3
4635,4640,4637.5,2.7386e-05,0.00013693,2
4640,4645,4642.5,1.3693e-05,6.8465e-05,1
4645,4650,4647.5,2.7386e-05,0.00013693,2
4650,4655,4652.5,4.1079e-05,0.000205395,3
4655,4660,4657.5,4.1079e-05,0.000205395,3
4660,4665,4662.5,4.1079e-05,0.000205395,3
4665,4670,4667.5,5.4772e-05,0.00027386,4
4670,4675,4672.5,5.4772e-05,0.00027386,4
4675,4680,4677.5,1.3693e-05,6.8465e-05,1
4680,4685,4682.5,6.8465e-05,0.000342325,5
4685,4690,4687.5,2.7386e-05,0.00013693,2
4690,4695,4692.5,1.3693e-05,6.8465e-05,1
4695,4700,4697.5,1.3693e-05,6.8465e-05,1
4700,4705,4702.5,6.8465e-05,0.000342325,5
4705,4710,4707.5,4.1079e-05,0.000205395,3
4710,4715,4712.5,4.1079e-05,0.000205395,3
4715,4720,4717.5,5.4772e-05,0.00027386,4
4720,4725,4722.5,4.1079e-05,0.000205395,3
4730,4735,4732.5,6.8465e-05,0.000342325,5
4735,4740,4737.5,4.1079e-05,0.000205395,3
4740,4745,4742.5,4.1079e-05,0.000205395,3
4745,4750,4747.5,8.2158e-05,0.00041079,6
4750,4755,4752.5,4.1079e-05,0.000205395,3
4755,4760,4757.5,1.3693e-05,6.8465e-05,1
4760,4765,4762.5,1.3693e-05,6.8465e-05,1
4765,4770,4767.5,2.7386e-05,0.00013693,2
4770,4775,4772.5,1.3693e-05,6.8465e-05,1
4775,4780,4777.5,2.7386e-05,0.00013693,2
4780,4785,4782.5,2.7386e-05,0.00013693,2
4790,4795,4792.5,1.3693e-05,6.8465e-05,1
4795,4800,4797.5,4.1079e-05,0.000205395,3
4810,4815,4812.5,6.8465e-05,0.000342325,5
4815,4820,4817.5,1.3693e-05,6.8465e-05,1
4820,4825,4822.5,2.7386e-05,0.00013693,2
4825,4830,4827.5,2.7386e-05,0.00013693,2
4830,4835,4832.5,2.7386e-05,0.00013693,2
4835,4840,4837.5,2.7386e-05,0.00013693,2
4840,4845,4842.5,2.7386e-05,0.00013693,2
4850,4855,4852.5,4.1079e-05,0.000205395,3
4865,4870,4867.5,2.7386e-05,0.00013693,2
4870,4875,4872.5,6.8465e-05,0.000342325,5
4875,4880,4877.5,1.3693e-05,6.8465e-05,1
4880,4885,4882.5,2.7386e-05,0.00013693,2
4885,4890,4887.5,1.3693e-05,6.8465e-05,1
4890,4895,4892.5,2.7386e-05,0.00013693,2
4895,4900,4897.5,1.3693e-05,6.8465e-05,1
4900,4905,4902.5,2.7386e-05,0.00013693,2
4905,4910,4907.5,1.3693e-05,6.8465e-05,1
4910,4915,4912.5,1.3693e-05,6.8465e-05,1
4925,4930,4927.5,1.3693e-05,6.8465e-05,1
4930,4935,4932.5,2.7386e-05,0.00013693,2
4935,4940,4937.5,4.1079e-05,0.000205395,3
4940,4945,4942.5,6.8465e-05,0.000342325,5
4945,4950,4947.5,4.1079e-05,0.000205395,3
4950,4955,4952.5,4.1079e-05,0.000205395,3
4955,4960,4957.5,1.3693e-05,6.8465e-05,1
4960,4965,4962.5,5.4772e-05,0.00027386,4
4965,4970,4967.5,2.7386e-05,0.00013693,2
4970,4975,4972.5,1.3693e-05,6.8465e-05,1
4975,4980,4977.5,4.1079e-05,0.000205395,3
4980,4985,4982.5,1.3693e-05,6.8465e-05,1
4985,4990,4987.5,1.3693e-05,6.8465e-05,1
4990,4995,4992.5,2.7386e-05,0.00013693,2
4995,5000,4997.5,1.3693e-05,6.8465e-05,1
5000,5005,5002.5,1.3693e-05,6.8465e-05,1
5005,5010,5007.5,2.7386e-05,0.00013693,2
5010,5015,5012.5,5.4772e-05,0.00027386,4
5015,5020,5017.5,4.1079e-05,0.000205395,3
5025,5030,5027.5,1.3693e-05,6.8465e-05,1
5035,5040,5037.5,4.1079e-05,0.000205395,3
5040,5045,5042.5,4.1079e-05,0.000205395,3
5045,5050,5047.5,9.5851e-05,0.000479255,7
5050,5055,5052.5,2.7386e-05,0.00013693,2
5060,5065,5062.5,1.3693e-05,6.8465e-05,1
5065,5070,5067.5,1.3693e-05,6.8465e-05,1
5070,5075,5072.5,5.4772e-05,0.00027386,4
5075,5080,5077.5,1.3693e-05,6.8465e-05,1
5080,5085,5082.5,4.1079e-05,0.000205395,3
5085,5090,5087.5,2.7386e-05,0.00013693,2
5090,5095,5092.5,4.1079e-05,0.000205395,3
5095,5100,5097.5,2.7386e-05,0.00013693,2
5100,5105,5102.5,1.3693e-05,6.8465e-05,1
5110,5115,5112.5,4.1079e-05,0.000205395,3
5115,5120,5117.5,6.8465e-05,0.000342325,5
5125,5130,5127.5,2.7386e-05,0.00013693,2
5130,5135,5132.5,1.3693e-05,6.8465e-05,1
5135,5140,5137.5,1.3693e-05,6.8465e-05,1
5145,5150,5147.5,1.3693e-05,6.8465e-05,1
5150,5155,5152.5,4.1079e-05,0.000205395,3
5155,5160,5157.5,2.7386e-05,0.00013693,2
5160,5165,5162.5,2.7386e-05,0.00013693,2
5165,5170,5167.5,2.7386e-05,0.00013693,2
5170,5175,5172.5,6.8465e-05,0.000342325,5
5175,5180,5177.5,2.7386e-05,0.00013693,2
5180,5185,5182.5,1.3693e-05,6.8465e-05,1
5185,5190,5187.5,2.7386e-05,0.00013693,2
5190,5195,5192.5,4.1079e-05,0.000205395,3
5195,5200,5197.5,2.7386e-05,0.00013693,2
5200,5205,5202.5,1.3693e-05,6.8465e-05,1
5210,5215,5212.5,9.5851e-05,0.000479255,7
5220,5225,5222.5,1.3693e-05,6.8465e-05,1
5225,5230,5227.5,1.3693e-05,6.8465e-05,1
5230,5235,5232.5,4.1079e-05,0.000205395,3
5235,5240,5237.5,1.3693e-05,6.8465e-05,1
5240,5245,5242.5,4.1079e-05,0.000205395,3
5245,5250,5247.5,1.3693e-05,6.8465e-05,1
5250,5255,5252.5,1.3693e-05,6.8465e-05,1
5255,5260,5257.5,1.3693e-05,6.8465e-05,1
5260,5265,5262.5,1.3693e-05,6.8465e-05,1
5265,5270,5267.5,5.4772e-05,0.00027386,4
5270,5275,5272.5,6.8465e-05,0.000342325,5
5275,5280,5277.5,2.7386e-05,0.00013693,2
5280,5285,5282.5,4.1079e-05,0.000205395,3
5285,5290,5287.5,4.1079e-05,0.000205395,3
5290,5295,5292.5,1.3693e-05,6.8465e-05,1
5295,5300,5297.5,2.7386e-05,0.00013693,2
5305,5310,5307.5,6.8465e-05,0.000342325,5
5310,5315,5312.5,4.1079e-05,0.000205395,3
5315,5320,5317.5,2.7386e-05,0.00013693,2
5325,5330,5327.5,2.7386e-05,0.00013693,2
5330,5335,5332.5,6.8465e-05,0.000342325,5
5335,5340,5337.5,2.7386e-05,0.00013693,2
5340,5345,5342.5,2.7386e-05,0.00013693,2
5350,5355,5352.5,1.3693e-05,6.8465e-05,1
5355,5360,5357.5,1.3693e-05,6.8465e-05,1
5360,5365,5362.5,2.7386e-05,0.00013693,2
5365,5370,5367.5,4.1079e-05,0.000205395,3
5370,5375,5372.5,1.3693e-05,6.8465e-05,1
5375,5380,5377.5,1.3693e-05,6.8465e-05,1
5380,5385,5382.5,5.4772e-05,0.00027386,4
5385,5390,5387.5,1.3693e-05,6.8465e-05,1
5390,5395,5392.5,2.7386e-05,0.00013693,2
5395,5400,5397.5,1.3693e-05,6.8465e-05,1
5410,5415,5412.5,9.5851e-05,0.000479255,7
5415,5420,5417.5,1.3693e-05,6.8465e-05,1
5420,5425,5422.5,2.7386e-05,0.00013693,2
5425,5430,5427.5,1.3693e-05,6.8465e-05,1
5430,5435,5432.5,1.3693e-05,6.8465e-05,1
5435,5440,5437.5,4.1079e-05,0.000205395,3
5440,5445,5442.5,2.7386e-05,0.00013693,2
5445,5450,5447.5,2.7386e-05,0.00013693,2
5455,5460,5457.5,1.3693e-05,6.8465e-05,1
5460,5465,5462.5,1.3693e-05,6.8465e-05,1
5465,5470,5467.5,4.1079e-05,0.000205395,3
5470,5475,5472.5,1.3693e-05,6.8465e-05,1
5475,5480,5477.5,1.3693e-05,6.8465e-05,1
5485,5490,5487.5,2.7386e-05,0.00013693,2
5490,5495,5492.5,4.1079e-05,0.000205395,3
5500,5505,5502.5,1.3693e-05,6.8465e-05,1
5505,5510,5507.5,2.7386e-05,0.00013693,2
5510,5515,5512.5,2.7386e-05,0.00013693,2
5515,5520,5517.5,2.7386e-05,0.00013693,2
5520,5525,5522.5,2.7386e-05,0.00013693,2
5530,5535,5532.5,1.3693e-05,6.8465e-05,1
5535,5540,5537.5,2.7386e-05,0.00013693,2
5540,5545,5542.5,4.1079e-05,0.000205395,3
5545,5550,5547.5,1.3693e-05,6.8465e-05,1
5550,5555,5552.5,2.7386e-05,0.00013693,2
5555,5560,5557.5,2.7386e-05,0.00013693,2
5560,5565,5562.5,5.4772e-05,0.00027386,4
5565,5570,5567.5,1.3693e-05,6.8465e-05,1
5570,5575,5572.5,4.1079e-05,0.000205395,3
5575,5580,5577.5,1.3693e-05,6.8465e-05,1
5580,5585,5582.5,4.1079e-05,0.000205395,3
5585,5590,5587.5,1.3693e-05,6.8465e-05,1
5595,5600,5597.5,1.3693e-05,6.8465e-05,1
5600,5605,5602.5,1.3693e-05,6.8465e-05,1
5605,5610,5607.5,1.3693e-05,6.8465e-05,1
5610,5615,5612.5,5.4772e-05,0.00027386,4
5615,5620,5617.5,1.3693e-05,6.8465e-05,1
5620,5625,5622.5,6.8465e-05,0.000342325,5
5625,5630,5627.5,6.8465e-05,0.000342325,5
5630,5635,5632.5,1.3693e-05,6.8465e-05,1
5635,5640,5637.5,1.3693e-05,6.8465e-05,1
5640,5645,5642.5,1.3693e-05,6.8465e-05,1
5645,5650,5647.5,1.3693e-05,6.8465e-05,1
5650,5655,5652.5,1.3693e-05,6.8465e-05,1
5655,5660,5657.5,9.5851e-05,0.000479255,7
5660,5665,5662.5,1.3693e-05,6.8465e-05,1
5675,5680,5677.5,2.7386e-05,0.00013693,2
5685,5690,5687.5,5.4772e-05,0.00027386,4
5690,5695,5692.5,1.3693e-05,6.8465e-05,1
5695,5700,5697.5,4.1079e-05,0.000205395,3
5700,5705,5702.5,1.3693e-05,6.8465e-05,1
5705,5710,5707.5,1.3693e-05,6.8465e-05,1
5710,5715,5712.5,2.7386e-05,0.00013693,2
5715,5720,5717.5,1.3693e-05,6.8465e-05,1
5720,5725,5722.5,4.1079e-05,0.000205395,3
5725,5730,5727.5,1.3693e-05,6.8465e-05,1
5730,5735,5732.5,6.8465e-05,0.000342325,5
5740,5745,5742.5,4.1079e-05,0.000205395,3
5750,5755,5752.5,4.1079e-05,0.000205395,3
5760,5765,5762.5,1.3693e-05,6.8465e-05,1
5765,5770,5767.5,4.1079e-05,0.000205395,3
5775,5780,5777.5,1.3693e-05,6.8465e-05,1
5780,5785,5782.5,5.4772e-05,0.00027386,4
5785,5790,5787.5,1.3693e-05,6.8465e-05,1
5790,5795,5792.5,1.3693e-05,6.8465e-05,1
5795,5800,5797.5,1.3693e-05,6.8465e-05,1
5800,5805,5802.5,6.8465e-05,0.000342325,5
5810,5815,5812.5,1.3693e-05,6.8465e-05,1
5815,5820,5817.5,1.3693e-05,6.8465e-05,1
5820,5825,5822.5,4.1079e-05,0.000205395,3
5825,5830,5827.5,1.3693e-05,6.8465e-05,1
5830,5835,5832.5,4.1079e-05,0.000205395,3
5835,5840,5837.5,2.7386e-05,0.00013693,2
5850,5855,5852.5,4.1079e-05,0.000205395,3
5855,5860,5857.5,2.7386e-05,0.00013693,2
5860,5865,5862.5,2.7386e-05,0.00013693,2
5885,5890,5887.5,4.1079e-05,0.000205395,3
5890,5895,5892.5,4.1079e-05,0.000205395,3
5895,5900,5897.5,2.7386e-05,0.00013693,2
5905,5910,5907.5,2.7386e-05,0.00013693,2
5910,5915,5912.5,2.7386e-05,0.00013693,2
5915,5920,5917.5,2.7386e-05,0.00013693,2
5920,5925,5922.5,1.3693e-05,6.8465e-05,1
5925,5930,5927.5,1.3693e-05,6.8465e-05,1
5935,5940,5937.5,4.1079e-05,0.000205395,3
5945,5950,5947.5,1.3693e-05,6.8465e-05,1
5950,5955,5952.5,2.7386e-05,0.00013693,2
5955,5960,5957.5,1.3693e-05,6.8465e-05,1
5970,5975,5972.5,2.7386e-05,0.00013693,2
5975,5980,5977.5,1.3693e-05,6.8465e-05,1
5980,5985,5982.5,2.7386e-05,0.00013693,2
5985,5990,5987.5,1.3693e-05,6.8465e-05,1
5990,5995,5992.5,1.3693e-05,6.8465e-05,1
6000,6005,6002.5,1.3693e-05,6.8465e-05,1
6005,6010,6007.5,1.3693e-05,6.8465e-05,1
6010,6015,6012.5,2.7386e-05,0.00013693,2
6015,6020,6017.5,1.3693e-05,6.8465e-05,1
6020,6025,6022.5,4.1079e-05,0.000205395,3
6025,6030,6027.5,1.3693e-05,6.8465e-05,1
6030,6035,6032.5,1.3693e-05,6.8465e-05,1
6035,6040,6037.5,2.7386e-05,0.00013693,2
6040,6045,6042.5,5.4772e-05,0.00027386,4
6045,6050,6047.5,2.7386e-05,0.00013693,2
6055,6060,6057.5,4.1079e-05,0.000205395,3
6060,6065,6062.5,5.4772e-05,0.00027386,4
6070,6075,6072.5,2.7386e-05,0.00013693,2
6075,6080,6077.5,2.7386e-05,0.00013693,2
6080,6085,6082.5,1.3693e-05,6.8465e-05,1
6085,6090,6087.5,5.4772e-05,0.00027386,4
6090,6095,6092.5,4.1079e-05,0.000205395,3
6095,6100,6097.5,1.3693e-05,6.8465e-05,1
6100,6105,6102.5,4.1079e-05,0.000205395,3
6105,6110,6107.5,1.3693e-05,6.8465e-05,1
6110,6115,6112.5,1.3693e-05,6.8465e-05,1
6115,6120,6117.5,2.7386e-05,0.00013693,2
6120,6125,6122.5,2.7386e-05,0.00013693,2
6135,6140,6137.5,2.7386e-05,0.00013693,2
6145,6150,6147.5,5.4772e-05,0.00027386,4
6150,6155,6152.5,1.3693e-05,6.8465e-05,1
6155,6160,6157.5,2.7386e-05,0.00013693,2
6160,6165,6162.5,2.7386e-05,0.00013693,2
6165,6170,6167.5,2.7386e-05,0.00013693,2
6170,6175,6172.5,2.7386e-05,0.00013693,2
6175,6180,6177.5,1.3693e-05,6.8465e-05,1
6180,6185,6182.5,1.3693e-05,6.8465e-05,1
6185,6190,6187.5,1.3693e-05,6.8465e-05,1
6190,6195,6192.5,4.1079e-05,0.000205395,3
6200,6205,6202.5,2.7386e-05,0.00013693,2
6205,6210,6207.5,4.1079e-05,0.000205395,3
6220,6225,6222.5,1.3693e-05,6.8465e-05,1
6225,6230,6227.5,1.3693e-05,6.8465e-05,1
6230,6235,6232.5,2.7386e-05,0.00013693,2
6235,6240,6237.5,1.3693e-05,6.8465e-05,1
6240,6245,6242.5,1.3693e-05,6.8465e-05,1
6245,6250,6247.5,1.3693e-05,6.8465e-05,1
6250,6255,6252.5,1.3693e-05,6.8465e-05,1
6260,6265,6262.5,2.7386e-05,0.00013693,2
6270,6275,6272.5,1.3693e-05,6.8465e-05,1
6280,6285,6282.5,4.1079e-05,0.000205395,3
6285,6290,6287.5,1.3693e-05,6.8465e-05,1
6290,6295,6292.5,1.3693e-05,6.8465e-05,1
6300,6305,6302.5,1.3693e-05,6.8465e-05,1
6315,6320,6317.5,2.7386e-05,0.00013693,2
6320,6325,6322.5,2.7386e-05,0.00013693,2
6325,6330,6327.5,1.3693e-05,6.8465e-05,1
6330,6335,6332.5,1.3693e-05,6.8465e-05,1
6335,6340,6337.5,1.3693e-05,6.8465e-05,1
6345,6350,6347.5,5.4772e-05,0.00027386,4
6350,6355,6352.5,2.7386e-05,0.00013693,2
6355,6360,6357.5,1.3693e-05,6.8465e-05,1
6360,6365,6362.5,1.3693e-05,6.8465e-05,1
6365,6370,6367.5,2.7386e-05,0.00013693,2
6370,6375,6372.5,2.7386e-05,0.00013693,2
6375,6380,6377.5,2.7386e-05,0.00013693,2
6385,6390,6387.5,4.1079e-05,0.000205395,3
6390,6395,6392.5,4.1079e-05,0.000205395,3
6395,6400,6397.5,5.4772e-05,0.00027386,4
6400,6405,6402.5,2.7386e-05,0.00013693,2
6410,6415,6412.5,4.1079e-05,0.000205395,3
6420,6425,6422.5,2.7386e-05,0.00013693,2
6430,6435,6432.5,1.3693e-05,6.8465e-05,1
6435,6440,6437.5,1.3693e-05,6.8465e-05,1
6440,6445,6442.5,2.7386e-05,0.00013693,2
6445,6450,6447.5,5.4772e-05,0.00027386,4
6450,6455,6452.5,5.4772e-05,0.00027386,4
6455,6460,6457.5,4.1079e-05,0.000205395,3
6460,6465,6462.5,1.3693e-05,6.8465e-05,1
6465,6470,6467.5,1.3693e-05,6.8465e-05,1
6475,6480,6477.5,2.7386e-05,0.00013693,2
6485,6490,6487.5,1.3693e-05,6.8465e-05,1
6490,6495,6492.5,2.7386e-05,0.00013693,2
6495,6500,6497.5,6.8465e-05,0.000342325,5
6505,6510,6507.5,5.4772e-05,0.00027386,4
6515,6520,6517.5,2.7386e-05,0.00013693,2
6520,6525,6522.5,1.3693e-05,6.8465e-05,1
6525,6530,6527.5,1.3693e-05,6.8465e-05,1
6530,6535,6532.5,1.3693e-05,6.8465e-05,1
6535,6540,6537.5,1.3693e-05,6.8465e-05,1
6540,6545,6542.5,5.4772e-05,0.00027386,4
6545,6550,6547.5,1.3693e-05,6.8465e-05,1
6550,6555,6552.5,2.7386e-05,0.00013693,2
6560,6565,6562.5,2.7386e-05,0.00013693,2
6565,6570,6567.5,2.7386e-05,0.00013693,2
6570,6575,6572.5,5.4772e-05,0.00027386,4
6590,6595,6592.5,1.3693e-05,6.8465e-05,1
6595,6600,6597.5,2.7386e-05,0.00013693,2
6615,6620,6617.5,1.3693e-05,6.8465e-05,1
6625,6630,6627.5,1.3693e-05,6.8465e-05,1
6630,6635,6632.5,2.7386e-05,0.00013693,2
6645,6650,6647.5,1.3693e-05,6.8465e-05,1
6655,6660,6657.5,1.3693e-05,6.8465e-05,1
6665,6670,6667.5,4.1079e-05,0.000205395,3
6670,6675,6672.5,2.7386e-05,0.00013693,2
6680,6685,6682.5,5.4772e-05,0.00027386,4
6685,6690,6687.5,1.3693e-05,6.8465e-05,1
6690,6695,6692.5,4.1079e-05,0.000205395,3
6695,6700,6697.5,1.3693e-05,6.8465e-05,1
6700,6705,6702.5,1.3693e-05,6.8465e-05,1
6705,6710,6707.5,1.3693e-05,6.8465e-05,1
6710,6715,6712.5,4.1079e-05,0.000205395,3
6715,6720,6717.5,1.3693e-05,6.8465e-05,1
6720,6725,6722.5,4.1079e-05,0.000205395,3
6725,6730,6727.5,2.7386e-05,0.00013693,2
6730,6735,6732.5,4.1079e-05,0.000205395,3
6745,6750,6747.5,1.3693e-05,6.8465e-05,1
6750,6755,6752.5,2.7386e-05,0.00013693,2
6755,6760,6757.5,4.1079e-05,0.000205395,3
6760,6765,6762.5,4.1079e-05,0.000205395,3
6765,6770,6767.5,1.3693e-05,6.8465e-05,1
6770,6775,6772.5,1.3693e-05,6.8465e-05,1
6775,6780,6777.5,1.3693e-05,6.8465e-05,1
6785,6790,6787.5,4.1079e-05,0.000205395,3
6800,6805,6802.5,2.7386e-05,0.00013693,2
6810,6815,6812.5,1.3693e-05,6.8465e-05,1
6820,6825,6822.5,2.7386e-05,0.00013693,2
6825,6830,6827.5,5.4772e-05,0.00027386,4
6835,6840,6837.5,2.7386e-05,0.00013693,2
6840,6845,6842.5,1.3693e-05,6.8465e-05,1
6845,6850,6847.5,1.3693e-05,6.8465e-05,1
6850,6855,6852.5,2.7386e-05,0.00013693,2
6855,6860,6857.5,1.3693e-05,6.8465e-05,1
6870,6875,6872.5,2.7386e-05,0.00013693,2
6875,6880,6877.5,1.3693e-05,6.8465e-05,1
6880,6885,6882.5,2.7386e-05,0.00013693,2
6885,6890,6887.5,1.3693e-05,6.8465e-05,1
6890,6895,6892.5,1.3693e-05,6.8465e-05,1
6895,6900,6897.5,1.3693e-05,6.8465e-05,1
6900,6905,6902.5,1.3693e-05,6.8465e-05,1
6905,6910,6907.5,2.7386e-05,0.00013693,2
6910,6915,6912.5,1.3693e-05,6.8465e-05,1
6915,6920,6917.5,4.1079e-05,0.000205395,3
6920,6925,6922.5,1.3693e-05,6.8465e-05,1
6925,6930,6927.5,2.7386e-05,0.00013693,2
6935,6940,6937.5,2.7386e-05,0.00013693,2
6940,6945,6942.5,2.7386e-05,0.00013693,2
6945,6950,6947.5,2.7386e-05,0.00013693,2
6955,6960,6957.5,1.3693e-05,6.8465e-05,1
6960,6965,6962.5,1.3693e-05,6.8465e-05,1
6965,6970,6967.5,1.3693e-05,6.8465e-05,1
6970,6975,6972.5,2.7386e-05,0.00013693,2
6995,7000,6997.5,1.3693e-05,6.8465e-05,1
7000,7005,7002.5,1.3693e-05,6.8465e-05,1
7005,7010,7007.5,2.7386e-05,0.00013693,2
7010,7015,7012.5,6.8465e-05,0.000342325,5
7015,7020,7017.5,2.7386e-05,0.00013693,2
7020,7025,7022.5,6.8465e-05,0.000342325,5
7030,7035,7032.5,2.7386e-05,0.00013693,2
7035,7040,7037.5,1.3693e-05,6.8465e-05,1
7040,7045,7042.5,1.3693e-05,6.8465e-05,1
7045,7050,7047.5,1.3693e-05,6.8465e-05,1
7055,7060,7057.5,1.3693e-05,6.8465e-05,1
7060,7065,7062.5,2.7386e-05,0.00013693,2
7070,7075,7072.5,1.3693e-05,6.8465e-05,1
7075,7080,7077.5,2.7386e-05,0.00013693,2
7080,7085,7082.5,1.3693e-05,6.8465e-05,1
7085,7090,7087.5,1.3693e-05,6.8465e-05,1
7090,7095,7092.5,1.3693e-05,6.8465e-05,1
7110,7115,7112.5,4.1079e-05,0.000205395,3
7120,7125,7122.5,2.7386e-05,0.00013693,2
7125,7130,7127.5,4.1079e-05,0.000205395,3
7130,7135,7132.5,1.3693e-05,6.8465e-05,1
7135,7140,7137.5,1.3693e-05,6.8465e-05,1
7140,7145,7142.5,1.3693e-05,6.8465e-05,1
7145,7150,7147.5,1.3693e-05,6.8465e-05,1
7150,7155,7152.5,1.3693e-05,6.8465e-05,1
7155,7160,7157.5,1.3693e-05,6.8465e-05,1
7160,7165,7162.5,1.3693e-05,6.8465e-05,1
7165,7170,7167.5,2.7386e-05,0.00013693,2
7175,7180,7177.5,1.3693e-05,6.8465e-05,1
7180,7185,7182.5,2.7386e-05,0.00013693,2
7185,7190,7187.5,2.7386e-05,0.00013693,2
7190,7195,7192.5,2.7386e-05,0.00013693,2
7195,7200,7197.5,1.3693e-05,6.8465e-05,1
7205,7210,7207.5,2.7386e-05,0.00013693,2
7210,7215,7212.5,2.7386e-05,0.00013693,2
7215,7220,7217.5,1.3693e-05,6.8465e-05,1
7220,7225,7222.5,2.7386e-05,0.00013693,2
7225,7230,7227.5,4.1079e-05,0.000205395,3
7230,7235,7232.5,1.3693e-05,6.8465e-05,1
7235,7240,7237.5,1.3693e-05,6.8465e-05,1
7240,7245,7242.5,1.3693e-05,6.8465e-05,1
7260,7265,7262.5,1.3693e-05,6.8465e-05,1
7265,7270,7267.5,1.3693e-05,6.8465e-05,1
7270,7275,7272.5,1.3693e-05,6.8465e-05,1
7275,7280,7277.5,1.3693e-05,6.8465e-05,1
7280,7285,7282.5,2.7386e-05,0.00013693,2
7285,7290,7287.5,1.3693e-05,6.8465e-05,1
7290,7295,7292.5,2.7386e-05,0.00013693,2
7295,7300,7297.5,2.7386e-05,0.00013693,2
7310,7315,7312.5,4.1079e-05,0.000205395,3
7315,7320,7317.5,1.3693e-05,6.8465e-05,1
7320,7325,7322.5,2.7386e-05,0.00013693,2
7325,7330,7327.5,2.7386e-05,0.00013693,2
7330,7335,7332.5,1.3693e-05,6.8465e-05,1
7335,7340,7337.5,1.3693e-05,6.8465e-05,1
7340,7345,7342.5,1.3693e-05,6.8465e-05,1
7345,7350,7347.5,1.3693e-05,6.8465e-05,1
7350,7355,7352.5,2.7386e-05,0.00013693,2
7355,7360,7357.5,1.3693e-05,6.8465e-05,1
7365,7370,7367.5,1.3693e-05,6.8465e-05,1
7375,7380,7377.5,1.3693e-05,6.8465e-05,1
7380,7385,7382.5,1.3693e-05,6.8465e-05,1
7410,7415,7412.5,1.3693e-05,6.8465e-05,1
7415,7420,7417.5,1.3693e-05,6.8465e-05,1
7420,7425,7422.5,2.7386e-05,0.00013693,2
7425,7430,7427.5,1.3693e-05,6.8465e-05,1
7430,7435,7432.5,2.7386e-05,0.00013693,2
7435,7440,7437.5,1.3693e-05,6.8465e-05,1
7445,7450,7447.5,4.1079e-05,0.000205395,3
7450,7455,7452.5,4.1079e-05,0.000205395,3
7465,7470,7467.5,1.3693e-05,6.8465e-05,1
7470,7475,7472.5,1.3693e-05,6.8465e-05,1
7480,7485,7482.5,1.3693e-05,6.8465e-05,1
7490,7495,7492.5,1.3693e-05,6.8465e-05,1
7495,7500,7497.5,2.7386e-05,0.00013693,2
7505,7510,7507.5,1.3693e-05,6.8465e-05,1
7510,7515,7512.5,2.7386e-05,0.00013693,2
7515,7520,7517.5,1.3693e-05,6.8465e-05,1
7520,7525,7522.5,1.3693e-05,6.8465e-05,1
7525,7530,7527.5,1.3693e-05,6.8465e-05,1
7535,7540,7537.5,2.7386e-05,0.00013693,2
7540,7545,7542.5,1.3693e-05,6.8465e-05,1
7545,7550,7547.5,2.7386e-05,0.00013693,2
7550,7555,7552.5,1.3693e-05,6.8465e-05,1
7565,7570,7567.5,2.7386e-05,0.00013693,2
7575,7580,7577.5,2.7386e-05,0.00013693,2
7580,7585,7582.5,2.7386e-05,0.00013693,2
7590,7595,7592.5,1.3693e-05,6.8465e-05,1
7595,7600,7597.5,4.1079e-05,0.000205395,3
7600,7605,7602.5,5.4772e-05,0.00027386,4
7605,7610,7607.5,1.3693e-05,6.8465e-05,1
7630,7635,7632.5,4.1079e-05,0.000205395,3
7640,7645,7642.5,1.3693e-05,6.8465e-05,1
7650,7655,7652.5,2.7386e-05,0.00013693,2
7655,7660,7657.5,2.7386e-05,0.00013693,2
7680,7685,7682.5,1.3693e-05,6.8465e-05,1
7685,7690,7687.5,2.7386e-05,0.00013693,2
7705,7710,7707.5,4.1079e-05,0.000205395,3
7710,7715,7712.5,2.7386e-05,0.00013693,2
7715,7720,7717.5,1.3693e-05,6.8465e-05,1
7720,7725,7722.5,1.3693e-05,6.8465e-05,1
7745,7750,7747.5,1.3693e-05,6.8465e-05,1
7765,7770,7767.5,2.7386e-05,0.00013693,2
7770,7775,7772.5,1.3693e-05,6.8465e-05,1
7775,7780,7777.5,2.7386e-05,0.00013693,2
7800,7805,7802.5,1.3693e-05,6.8465e-05,1
7805,7810,7807.5,2.7386e-05,0.00013693,2
7810,7815,7812.5,2.7386e-05,0.00013693,2
7815,7820,7817.5,1.3693e-05,6.8465e-05,1
7820,7825,7822.5,5.4772e-05,0.00027386,4
7825,7830,7827.5,1.3693e-05,6.8465e-05,1
7835,7840,7837.5,2.7386e-05,0.00013693,2
7850,7855,7852.5,1.3693e-05,6.8465e-05,1
7855,7860,7857.5,1.3693e-05,6.8465e-05,1
7865,7870,7867.5,1.3693e-05,6.8465e-05,1
7870,7875,7872.5,1.3693e-05,6.8465e-05,1
7875,7880,7877.5,1.3693e-05,6.8465e-05,1
7880,7885,7882.5,1.3693e-05,6.8465e-05,1
7890,7895,7892.5,1.3693e-05,6.8465e-05,1
7900,7905,7902.5,4.1079e-05,0.000205395,3
7910,7915,7912.5,1.3693e-05,6.8465e-05,1
7915,7920,7917.5,2.7386e-05,0.00013693,2
7925,7930,7927.5,1.3693e-05,6.8465e-05,1
7930,7935,7932.5,1.3693e-05,6.8465e-05,1
7935,7940,7937.5,4.1079e-05,0.000205395,3
7950,7955,7952.5,1.3693e-05,6.8465e-05,1
7960,7965,7962.5,1.3693e-05,6.8465e-05,1
7965,7970,7967.5,2.7386e-05,0.00013693,2
7975,7980,7977.5,1.3693e-05,6.8465e-05,1
7980,7985,7982.5,1.3693e-05,6.8465e-05,1
7985,7990,7987.5,4.1079e-05,0.000205395,3
7990,7995,7992.5,6.8465e-05,0.000342325,5
7995,8000,7997.5,2.7386e-05,0.00013693,2
8000,8005,8002.5,1.3693e-05,6.8465e-05,1
8005,8010,8007.5,2.7386e-05,0.00013693,2
8015,8020,8017.5,1.3693e-05,6.8465e-05,1
8020,8025,8022.5,2.7386e-05,0.00013693,2
8035,8040,8037.5,2.7386e-05,0.00013693,2
8050,8055,8052.5,4.1079e-05,0.000205395,3
8055,8060,8057.5,4.1079e-05,0.000205395,3
8060,8065,8062.5,4.1079e-05,0.000205395,3
8070,8075,8072.5,2.7386e-05,0.00013693,2
8085,8090,8087.5,1.3693e-05,6.8465e-05,1
8090,8095,8092.5,1.3693e-05,6.8465e-05,1
8095,8100,8097.5,1.3693e-05,6.8465e-05,1
8110,8115,8112.5,1.3693e-05,6.8465e-05,1
8115,8120,8117.5,4.1079e-05,0.000205395,3
8125,8130,8127.5,1.3693e-05,6.8465e-05,1
8130,8135,8132.5,4.1079e-05,0.000205395,3
8135,8140,8137.5,1.3693e-05,6.8465e-05,1
8140,8145,8142.5,1.3693e-05,6.8465e-05,1
8145,8150,8147.5,1.3693e-05,6.8465e-05,1
8155,8160,8157.5,1.3693e-05,6.8465e-05,1
8160,8165,8162.5,1.3693e-05,6.8465e-05,1
8175,8180,8177.5,1.3693e-05,6.8465e-05,1
8180,8185,8182.5,2.7386e-05,0.00013693,2
8185,8190,8187.5,1.3693e-05,6.8465e-05,1
8190,8195,8192.5,1.3693e-05,6.8465e-05,1
8200,8205,8202.5,1.3693e-05,6.8465e-05,1
8205,8210,8207.5,4.1079e-05,0.000205395,3
8210,8215,8212.5,4.1079e-05,0.000205395,3
8215,8220,8217.5,1.3693e-05,6.8465e-05,1
8220,8225,8222.5,4.1079e-05,0.000205395,3
8240,8245,8242.5,4.1079e-05,0.000205395,3
8260,8265,8262.5,1.3693e-05,6.8465e-05,1
8265,8270,8267.5,2.7386e-05,0.00013693,2
8270,8275,8272.5,1.3693e-05,6.8465e-05,1
8280,8285,8282.5,1.3693e-05,6.8465e-05,1
8290,8295,8292.5,1.3693e-05,6.8465e-05,1
8295,8300,8297.5,1.3693e-05,6.8465e-05,1
8300,8305,8302.5,2.7386e-05,0.00013693,2
8310,8315,8312.5,1.3693e-05,6.8465e-05,1
8330,8335,8332.5,1.3693e-05,6.8465e-05,1
8335,8340,8337.5,1.3693e-05,6.8465e-05,1
8340,8345,8342.5,2.7386e-05,0.00013693,2
8345,8350,8347.5,1.3693e-05,6.8465e-05,1
8350,8355,8352.5,2.7386e-05,0.00013693,2
8375,8380,8377.5,2.7386e-05,0.00013693,2
8380,8385,8382.5,2.7386e-05,0.00013693,2
8385,8390,8387.5,1.3693e-05,6.8465e-05,1
8390,8395,8392.5,1.3693e-05,6.8465e-05,1
8395,8400,8397.5,4.1079e-05,0.000205395,3
8400,8405,8402.5,2.7386e-05,0.00013693,2
8410,8415,8412.5,1.3693e-05,6.8465e-05,1
8415,8420,8417.5,2.7386e-05,0.00013693,2
8430,8435,8432.5,2.7386e-05,0.00013693,2
8435,8440,8437.5,1.3693e-05,6.8465e-05,1
8440,8445,8442.5,1.3693e-05,6.8465e-05,1
8445,8450,8447.5,2.7386e-05,0.00013693,2
8450,8455,8452.5,2.7386e-05,0.00013693,2
8465,8470,8467.5,1.3693e-05,6.8465e-05,1
8485,8490,8487.5,1.3693e-05,6.8465e-05,1
8490,8495,8492.5,2.7386e-05,0.00013693,2
8500,8505,8502.5,1.3693e-05,6.8465e-05,1
8505,8510,8507.5,1.3693e-05,6.8465e-05,1
8530,8535,8532.5,1.3693e-05,6.8465e-05,1
8535,8540,8537.5,1.3693e-05,6.8465e-05,1
8540,8545,8542.5,1.3693e-05,6.8465e-05,1
8545,8550,8547.5,4.1079e-05,0.000205395,3
8550,8555,8552.5,2.7386e-05,0.00013693,2
8555,8560,8557.5,2.7386e-05,0.00013693,2
8560,8565,8562.5,1.3693e-05,6.8465e-05,1
8565,8570,8567.5,5.4772e-05,0.00027386,4
8575,8580,8577.5,1.3693e-05,6.8465e-05,1
8580,8585,8582.5,1.3693e-05,6.8465e-05,1
8590,8595,8592.5,2.7386e-05,0.00013693,2
8595,8600,8597.5,1.3693e-05,6.8465e-05,1
8610,8615,8612.5,4.1079e-05,0.000205395,3
8615,8620,8617.5,1.3693e-05,6.8465e-05,1
8625,8630,8627.5,1.3693e-05,6.8465e-05,1
8630,8635,8632.5,1.3693e-05,6.8465e-05,1
8640,8645,8642.5,1.3693e-05,6.8465e-05,1
8650,8655,8652.5,4.1079e-05,0.000205395,3
8655,8660,8657.5,4.1079e-05,0.000205395,3
8660,8665,8662.5,1.3693e-05,6.8465e-05,1
8665,8670,8667.5,2.7386e-05,0.00013693,2
8670,8675,8672.5,1.3693e-05,6.8465e-05,1
8680,8685,8682.5,2.7386e-05,0.00013693,2
8685,8690,8687.5,2.7386e-05,0.00013693,2
8690,8695,8692.5,1.3693e-05,6.8465e-05,1
8700,8705,8702.5,1.3693e-05,6.8465e-05,1
8705,8710,8707.5,4.1079e-05,0.000205395,3
8710,8715,8712.5,1.3693e-05,6.8465e-05,1
8715,8720,8717.5,1.3693e-05,6.8465e-05,1
8720,8725,8722.5,1.3693e-05,6.8465e-05,1
8725,8730,8727.5,2.7386e-05,0.00013693,2
8730,8735,8732.5,2.7386e-05,0.00013693,2
8745,8750,8747.5,1.3693e-05,6.8465e-05,1
8750,8755,8752.5,2.7386e-05,0.00013693,2
8755,8760,8757.5,4.1079e-05,0.000205395,3
8760,8765,8762.5,1.3693e-05,6.8465e-05,1
8770,8775,8772.5,1.3693e-05,6.8465e-05,1
8775,8780,8777.5,1.3693e-05,6.8465e-05,1
8785,8790,8787.5,4.1079e-05,0.000205395,3
8795,8800,8797.5,1.3693e-05,6.8465e-05,1
8805,8810,8807.5,2.7386e-05,0.00013693,2
8810,8815,8812.5,1.3693e-05,6.8465e-05,1
8820,8825,8822.5,1.3693e-05,6.8465e-05,1
8830,8835,8832.5,1.3693e-05,6.8465e-05,1
8835,8840,8837.5,2.7386e-05,0.00013693,2
8845,8850,8847.5,1.3693e-05,6.8465e-05,1
8860,8865,8862.5,1.3693e-05,6.8465e-05,1
8865,8870,8867.5,6.8465e-05,0.000342325,5
8870,8875,8872.5,1.3693e-05,6.8465e-05,1
8880,8885,8882.5,1.3693e-05,6.8465e-05,1
8885,8890,8887.5,1.3693e-05,6.8465e-05,1
8905,8910,8907.5,6.8465e-05,0.000342325,5
8910,8915,8912.5,1.3693e-05,6.8465e-05,1
8920,8925,8922.5,2.7386e-05,0.00013693,2
8930,8935,8932.5,1.3693e-05,6.8465e-05,1
8940,8945,8942.5,1.3693e-05,6.8465e-05,1
8945,8950,8947.5,1.3693e-05,6.8465e-05,1
8960,8965,8962.5,1.3693e-05,6.8465e-05,1
8965,8970,8967.5,1.3693e-05,6.8465e-05,1
8970,8975,8972.5,1.3693e-05,6.8465e-05,1
8975,8980,8977.5,2.7386e-05,0.00013693,2
8980,8985,8982.5,1.3693e-05,6.8465e-05,1
8985,8990,8987.5,1.3693e-05,6.8465e-05,1
8990,8995,8992.5,1.3693e-05,6.8465e-05,1
8995,9000,8997.5,2.7386e-05,0.00013693,2
9000,9005,9002.5,2.7386e-05,0.00013693,2
9005,9010,9007.5,2.7386e-05,0.00013693,2
9030,9035,9032.5,2.7386e-05,0.00013693,2
9035,9040,9037.5,1.3693e-05,6.8465e-05,1
9040,9045,9042.5,1.3693e-05,6.8465e-05,1
9055,9060,9057.5,1.3693e-05,6.8465e-05,1
9060,9065,9062.5,1.3693e-05,6.8465e-05,1
9065,9070,9067.5,2.7386e-05,0.00013693,2
9070,9075,9072.5,1.3693e-05,6.8465e-05,1
9075,9080,9077.5,1.3693e-05,6.8465e-05,1
9085,9090,9087.5,1.3693e-05,6.8465e-05,1
9095,9100,9097.5,1.3693e-05,6.8465e-05,1
9100,9105,9102.5,2.7386e-05,0.00013693,2
9110,9115,9112.5,1.3693e-05,6.8465e-05,1
9115,9120,9117.5,1.3693e-05,6.8465e-05,1
9125,9130,9127.5,1.3693e-05,6.8465e-05,1
9150,9155,9152.5,2.7386e-05,0.00013693,2
9160,9165,9162.5,1.3693e-05,6.8465e-05,1
9165,9170,9167.5,1.3693e-05,6.8465e-05,1
9170,9175,9172.5,2.7386e-05,0.00013693,2
9185,9190,9187.5,1.3693e-05,6.8465e-05,1
9190,9195,9192.5,1.3693e-05,6.8465e-05,1
9215,9220,9217.5,1.3693e-05,6.8465e-05,1
9220,9225,9222.5,5.4772e-05,0.00027386,4
9225,9230,9227.5,2.7386e-05,0.00013693,2
9235,9240,9237.5,4.1079e-05,0.000205395,3
9240,9245,9242.5,1.3693e-05,6.8465e-05,1
9245,9250,9247.5,1.3693e-05,6.8465e-05,1
9250,9255,9252.5,1.3693e-05,6.8465e-05,1
9260,9265,9262.5,5.4772e-05,0.00027386,4
9280,9285,9282.5,2.7386e-05,0.00013693,2
9285,9290,9287.5,1.3693e-05,6.8465e-05,1
9295,9300,9297.5,2.7386e-05,0.00013693,2
9305,9310,9307.5,4.1079e-05,0.000205395,3
9335,9340,9337.5,4.1079e-05,0.000205395,3
9345,9350,9347.5,1.3693e-05,6.8465e-05,1
9350,9355,9352.5,1.3693e-05,6.8465e-05,1
9365,9370,9367.5,2.7386e-05,0.00013693,2
9380,9385,9382.5,4.1079e-05,0.000205395,3
9390,9395,9392.5,4.1079e-05,0.000205395,3
9400,9405,9402.5,1.3693e-05,6.8465e-05,1
9405,9410,9407.5,1.3693e-05,6.8465e-05,1
9410,9415,9412.5,1.3693e-05,6.8465e-05,1
9420,9425,9422.5,2.7386e-05,0.00013693,2
9435,9440,9437.5,1.3693e-05,6.8465e-05,1
9440,9445,9442.5,1.3693e-05,6.8465e-05,1
9445,9450,9447.5,1.3693e-05,6.8465e-05,1
9455,9460,9457.5,1.3693e-05,6.8465e-05,1
9460,9465,9462.5,1.3693e-05,6.8465e-05,1
9470,9475,9472.5,1.3693e-05,6.8465e-05,1
9475,9480,9477.5,1.3693e-05,6.8465e-05,1
9485,9490,9487.5,2.7386e-05,0.00013693,2
9490,9495,9492.5,1.3693e-05,6.8465e-05,1
9495,9500,9497.5,2.7386e-05,0.00013693,2
9500,9505,9502.5,2.7386e-05,0.00013693,2
9505,9510,9507.5,1.3693e-05,6.8465e-05,1
9510,9515,9512.5,1.3693e-05,6.8465e-05,1
9525,9530,9527.5,1.3693e-05,6.8465e-05,1
9540,9545,9542.5,1.3693e-05,6.8465e-05,1
9550,9555,9552.5,2.7386e-05,0.00013693,2
9555,9560,9557.5,2.7386e-05,0.00013693,2
9560,9565,9562.5,1.3693e-05,6.8465e-05,1
9565,9570,9567.5,2.7386e-05,0.00013693,2
9570,9575,9572.5,2.7386e-05,0.00013693,2
9575,9580,9577.5,1.3693e-05,6.8465e-05,1
9585,9590,9587.5,1.3693e-05,6.8465e-05,1
9590,9595,9592.5,2.7386e-05,0.00013693,2
9595,9600,9597.5,1.3693e-05,6.8465e-05,1
9600,9605,9602.5,1.3693e-05,6.8465e-05,1
9615,9620,9617.5,1.3693e-05,6.8465e-05,1
9620,9625,9622.5,1.3693e-05,6.8465e-05,1
9645,9650,9647.5,1.3693e-05,6.8465e-05,1
9650,9655,9652.5,2.7386e-05,0.00013693,2
9660,9665,9662.5,2.7386e-05,0.00013693,2
9675,9680,9677.5,1.3693e-05,6.8465e-05,1
9685,9690,9687.5,1.3693e-05,6.8465e-05,1
9690,9695,9692.5,4.1079e-05,0.000205395,3
9695,9700,9697.5,1.3693e-05,6.8465e-05,1
9705,9710,9707.5,2.7386e-05,0.00013693,2
9715,9720,9717.5,2.7386e-05,0.00013693,2
9720,9725,9722.5,1.3693e-05,6.8465e-05,1
9725,9730,9727.5,2.7386e-05,0.00013693,2
9735,9740,9737.5,1.3693e-05,6.8465e-05,1
9745,9750,9747.5,1.3693e-05,6.8465e-05,1
9750,9755,9752.5,1.3693e-05,6.8465e-05,1
9755,9760,9757.5,1.3693e-05,6.8465e-05,1
9760,9765,9762.5,1.3693e-05,6.8465e-05,1
9770,9775,9772.5,1.3693e-05,6.8465e-05,1
9775,9780,9777.5,2.7386e-05,0.00013693,2
9790,9795,9792.5,1.3693e-05,6.8465e-05,1
9800,9805,9802.5,1.3693e-05,6.8465e-05,1
9805,9810,9807.5,2.7386e-05,0.00013693,2
9830,9835,9832.5,1.3693e-05,6.8465e-05,1
9835,9840,9837.5,4.1079e-05,0.000205395,3
9840,9845,9842.5,2.7386e-05,0.00013693,2
9855,9860,9857.5,1.3693e-05,6.8465e-05,1
9860,9865,9862.5,2.7386e-05,0.00013693,2
9865,9870,9867.5,4.1079e-05,0.000205395,3
9880,9885,9882.5,1.3693e-05,6.8465e-05,1
9885,9890,9887.5,2.7386e-05,0.00013693,2
9895,9900,9897.5,1.3693e-05,6.8465e-05,1
9920,9925,9922.5,1.3693e-05,6.8465e-05,1
9925,9930,9927.5,1.3693e-05,6.8465e-05,1
9950,9955,9952.5,1.3693e-05,6.8465e-05,1
9965,9970,9967.5,1.3693e-05,6.8465e-05,1
9970,9975,9972.5,1.3693e-05,6.8465e-05,1
9975,9980,9977.5,1.3693e-05,6.8465e-05,1
9980,9985,9982.5,1.3693e-05,6.8465e-05,1
9985,9990,9987.5,1.3693e-05,6.8465e-05,1
9990,9995,9992.5,2.7386e-05,0.00013693,2
9995,10000,9997.5,1.3693e-05,6.8465e-05,1
10025,10030,10027.5,1.3693e-05,6.8465e-05,1
10030,10035,10032.5,2.7386e-05,0.00013693,2
10035,10040,10037.5,1.3693e-05,6.8465e-05,1
10040,10045,10042.5,1.3693e-05,6.8465e-05,1
10045,10050,10047.5,1.3693e-05,6.8465e-05,1
10055,10060,10057.5,1.3693e-05,6.8465e-05,1
10060,10065,10062.5,2.7386e-05,0.00013693,2
10070,10075,10072.5,2.7386e-05,0.00013693,2
10085,10090,10087.5,1.3693e-05,6.8465e-05,1
10090,10095,10092.5,4.1079e-05,0.000205395,3
10095,10100,10097.5,1.3693e-05,6.8465e-05,1
10100,10105,10102.5,1.3693e-05,6.8465e-05,1
10150,10155,10152.5,1.3693e-05,6.8465e-05,1
10155,10160,10157.5,2.7386e-05,0.00013693,2
10170,10175,10172.5,1.3693e-05,6.8465e-05,1
10190,10195,10192.5,2.7386e-05,0.00013693,2
10195,10200,10197.5,2.7386e-05,0.00013693,2
10205,10210,10207.5,1.3693e-05,6.8465e-05,1
10215,10220,10217.5,2.7386e-05,0.00013693,2
10220,10225,10222.5,1.3693e-05,6.8465e-05,1
10240,10245,10242.5,1.3693e-05,6.8465e-05,1
10245,10250,10247.5,1.3693e-05,6.8465e-05,1
10260,10265,10262.5,1.3693e-05,6.8465e-05,1
10265,10270,10267.5,2.7386e-05,0.00013693,2
10270,10275,10272.5,2.7386e-05,0.00013693,2
10275,10280,10277.5,1.3693e-05,6.8465e-05,1
10290,10295,10292.5,1.3693e-05,6.8465e-05,1
10295,10300,10297.5,2.7386e-05,0.00013693,2
10320,10325,10322.5,1.3693e-05,6.8465e-05,1
10330,10335,10332.5,2.7386e-05,0.00013693,2
10335,10340,10337.5,1.3693e-05,6.8465e-05,1
10340,10345,10342.5,1.3693e-05,6.8465e-05,1
10345,10350,10347.5,1.3693e-05,6.8465e-05,1
10355,10360,10357.5,2.7386e-05,0.00013693,2
10375,10380,10377.5,1.3693e-05,6.8465e-05,1
10400,10405,10402.5,1.3693e-05,6.8465e-05,1
10405,10410,10407.5,2.7386e-05,0.00013693,2
10415,10420,10417.5,1.3693e-05,6.8465e-05,1
10420,10425,10422.5,1.3693e-05,6.8465e-05,1
10430,10435,10432.5,1.3693e-05,6.8465e-05,1
10450,10455,10452.5,1.3693e-05,6.8465e-05,1
10455,10460,10457.5,4.1079e-05,0.000205395,3
10465,10470,10467.5,1.3693e-05,6.8465e-05,1
10480,10485,10482.5,1.3693e-05,6.8465e-05,1
10485,10490,10487.5,1.3693e-05,6.8465e-05,1
10490,10495,10492.5,2.7386e-05,0.00013693,2
10495,10500,10497.5,1.3693e-05,6.8465e-05,1
10510,10515,10512.5,2.7386e-05,0.00013693,2
10515,10520,10517.5,1.3693e-05,6.8465e-05,1
10525,10530,10527.5,1.3693e-05,6.8465e-05,1
10545,10550,10547.5,1.3693e-05,6.8465e-05,1
10565,10570,10567.5,1.3693e-05,6.8465e-05,1
10570,10575,10572.5,1.3693e-05,6.8465e-05,1
10575,10580,10577.5,1.3693e-05,6.8465e-05,1
10585,10590,10587.5,2.7386e-05,0.00013693,2
10590,10595,10592.5,1.3693e-05,6.8465e-05,1
10615,10620,10617.5,1.3693e-05,6.8465e-05,1
10630,10635,10632.5,1.3693e-05,6.8465e-05,1
10635,10640,10637.5,1.3693e-05,6.8465e-05,1
10645,10650,10647.5,1.3693e-05,6.8465e-05,1
10650,10655,10652.5,2.7386e-05,0.00013693,2
10670,10675,10672.5,2.7386e-05,0.00013693,2
10685,10690,10687.5,1.3693e-05,6.8465e-05,1
10690,10695,10692.5,2.7386e-05,0.00013693,2
10700,10705,10702.5,1.3693e-05,6.8465e-05,1
10715,10720,10717.5,1.3693e-05,6.8465e-05,1
10720,10725,10722.5,1.3693e-05,6.8465e-05,1
10725,10730,10727.5,1.3693e-05,6.8465e-05,1
10740,10745,10742.5,1.3693e-05,6.8465e-05,1
10745,10750,10747.5,2.7386e-05,0.00013693,2
10760,10765,10762.5,1.3693e-05,6.8465e-05,1
10780,10785,10782.5,2.7386e-05,0.00013693,2
10795,10800,10797.5,2.7386e-05,0.00013693,2
10810,10815,10812.5,1.3693e-05,6.8465e-05,1
10815,10820,10817.5,1.3693e-05,6.8465e-05,1
10830,10835,10832.5,1.3693e-05,6.8465e-05,1
10835,10840,10837.5,2.7386e-05,0.00013693,2
10840,10845,10842.5,1.3693e-05,6.8465e-05,1
10865,10870,10867.5,1.3693e-05,6.8465e-05,1
10870,10875,10872.5,1.3693e-05,6.8465e-05,1
10875,10880,10877.5,1.3693e-05,6.8465e-05,1
10880,10885,10882.5,1.3693e-05,6.8465e-05,1
10890,10895,10892.5,4.1079e-05,0.000205395,3
10900,10905,10902.5,2.7386e-05,0.00013693,2
10925,10930,10927.5,2.7386e-05,0.00013693,2
10930,10935,10932.5,1.3693e-05,6.8465e-05,1
10950,10955,10952.5,2.7386e-05,0.00013693,2
10960,10965,10962.5,1.3693e-05,6.8465e-05,1
10965,10970,10967.5,1.3693e-05,6.8465e-05,1
10975,10980,10977.5,1.3693e-05,6.8465e-05,1
10985,10990,10987.5,1.3693e-05,6.8465e-05,1
10990,10995,10992.5,2.7386e-05,0.00013693,2
10995,11000,10997.5,2.7386e-05,0.00013693,2
11000,11005,11002.5,2.7386e-05,0.00013693,2
11005,11010,11007.5,1.3693e-05,6.8465e-05,1
11015,11020,11017.5,1.3693e-05,6.8465e-05,1
11020,11025,11022.5,1.3693e-05,6.8465e-05,1
11025,11030,11027.5,1.3693e-05,6.8465e-05,1
11030,11035,11032.5,1.3693e-05,6.8465e-05,1
11065,11070,11067.5,2.7386e-05,0.00013693,2
11075,11080,11077.5,1.3693e-05,6.8465e-05,1
11080,11085,11082.5,2.7386e-05,0.00013693,2
11120,11125,11122.5,1.3693e-05,6.8465e-05,1
11135,11140,11137.5,2.7386e-05,0.00013693,2
11140,11145,11142.5,1.3693e-05,6.8465e-05,1
11150,11155,11152.5,1.3693e-05,6.8465e-05,1
11160,11165,11162.5,1.3693e-05,6.8465e-05,1
11185,11190,11187.5,1.3693e-05,6.8465e-05,1
11200,11205,11202.5,1.3693e-05,6.8465e-05,1
11215,11220,11217.5,1.3693e-05,6.8465e-05,1
11220,11225,11222.5,1.3693e-05,6.8465e-05,1
11245,11250,11247.5,1.3693e-05,6.8465e-05,1
11250,11255,11252.5,1.3693e-05,6.8465e-05,1
11290,11295,11292.5,1.3693e-05,6.8465e-05,1
11295,11300,11297.5,1.3693e-05,6.8465e-05,1
11300,11305,11302.5,1.3693e-05,6.8465e-05,1
11305,11310,11307.5,1.3693e-05,6.8465e-05,1
11310,11315,11312.5,1.3693e-05,6.8465e-05,1
11335,11340,11337.5,1.3693e-05,6.8465e-05,1
11340,11345,11342.5,1.3693e-05,6.8465e-05,1
11345,11350,11347.5,2.7386e-05,0.00013693,2
11355,11360,11357.5,1.3693e-05,6.8465e-05,1
11365,11370,11367.5,1.3693e-05,6.8465e-05,1
11385,11390,11387.5,1.3693e-05,6.8465e-05,1
11400,11405,11402.5,1.3693e-05,6.8465e-05,1
11415,11420,11417.5,1.3693e-05,6.8465e-05,1
11420,11425,11422.5,2.7386e-05,0.00013693,2
11425,11430,11427.5,4.1079e-05,0.000205395,3
11430,11435,11432.5,1.3693e-05,6.8465e-05,1
11460,11465,11462.5,1.3693e-05,6.8465e-05,1
11490,11495,11492.5,1.3693e-05,6.8465e-05,1
11515,11520,11517.5,1.3693e-05,6.8465e-05,1
11525,11530,11527.5,2.7386e-05,0.00013693,2
11530,11535,11532.5,1.3693e-05,6.8465e-05,1
11535,11540,11537.5,1.3693e-05,6.8465e-05,1
11545,11550,11547.5,1.3693e-05,6.8465e-05,1
11565,11570,11567.5,1.3693e-05,6.8465e-05,1
11580,11585,11582.5,2.7386e-05,0.00013693,2
11585,11590,11587.5,2.7386e-05,0.00013693,2
11620,11625,11622.5,1.3693e-05,6.8465e-05,1
11630,11635,11632.5,1.3693e-05,6.8465e-05,1
11635,11640,11637.5,1.3693e-05,6.8465e-05,1
11640,11645,11642.5,2.7386e-05,0.00013693,2
11645,11650,11647.5,1.3693e-05,6.8465e-05,1
11660,11665,11662.5,1.3693e-05,6.8465e-05,1
11665,11670,11667.5,1.3693e-05,6.8465e-05,1
11685,11690,11687.5,1.3693e-05,6.8465e-05,1
11690,11695,11692.5,1.3693e-05,6.8465e-05,1
11710,11715,11712.5,1.3693e-05,6.8465e-05,1
11720,11725,11722.5,1.3693e-05,6.8465e-05,1
11725,11730,11727.5,1.3693e-05,6.8465e-05,1
11735,11740,11737.5,1.3693e-05,6.8465e-05,1
11770,11775,11772.5,1.3693e-05,6.8465e-05,1
11775,11780,11777.5,1.3693e-05,6.8465e-05,1
11790,11795,11792.5,1.3693e-05,6.8465e-05,1
11800,11805,11802.5,2.7386e-05,0.00013693,2
11820,11825,11822.5,1.3693e-05,6.8465e-05,1
11850,11855,11852.5,1.3693e-05,6.8465e-05,1
11870,11875,11872.5,1.3693e-05,6.8465e-05,1
11875,11880,11877.5,2.7386e-05,0.00013693,2
11895,11900,11897.5,1.3693e-05,6.8465e-05,1
11915,11920,11917.5,2.7386e-05,0.00013693,2
11925,11930,11927.5,1.3693e-05,6.8465e-05,1
11930,11935,11932.5,1.3693e-05,6.8465e-05,1
11950,11955,11952.5,1.3693e-05,6.8465e-05,1
11990,11995,11992.5,1.3693e-05,6.8465e-05,1
12000,12005,12002.5,2.7386e-05,0.00013693,2
12010,12015,12012.5,2.7386e-05,0.00013693,2
12020,12025,12022.5,2.7386e-05,0.00013693,2
12025,12030,12027.5,1.3693e-05,6.8465e-05,1
12045,12050,12047.5,1.3693e-05,6.8465e-05,1
12110,12115,12112.5,1.3693e-05,6.8465e-05,1
12115,12120,12117.5,1.3693e-05,6.8465e-05,1
12125,12130,12127.5,2.7386e-05,0.00013693,2
12130,12135,12132.5,1.3693e-05,6.8465e-05,1
12140,12145,12142.5,1.3693e-05,6.8465e-05,1
12150,12155,12152.5,2.7386e-05,0.00013693,2
12165,12170,12167.5,1.3693e-05,6.8465e-05,1
12170,12175,12172.5,1.3693e-05,6.8465e-05,1
12175,12180,12177.5,1.3693e-05,6.8465e-05,1
12190,12195,12192.5,2.7386e-05,0.00013693,2
12195,12200,12197.5,1.3693e-05,6.8465e-05,1
12205,12210,12207.5,1.3693e-05,6.8465e-05,1
12225,12230,12227.5,1.3693e-05,6.8465e-05,1
12235,12240,12237.5,1.3693e-05,6.8465e-05,1
12250,12255,12252.5,1.3693e-05,6.8465e-05,1
12265,12270,12267.5,2.7386e-05,0.00013693,2
12270,12275,12272.5,2.7386e-05,0.00013693,2
12275,12280,12277.5,1.3693e-05,6.8465e-05,1
12290,12295,12292.5,1.3693e-05,6.8465e-05,1
12315,12320,12317.5,1.3693e-05,6.8465e-05,1
12320,12325,12322.5,4.1079e-05,0.000205395,3
12345,12350,12347.5,1.3693e-05,6.8465e-05,1
12350,12355,12352.5,1.3693e-05,6.8465e-05,1
12375,12380,12377.5,1.3693e-05,6.8465e-05,1
12380,12385,12382.5,1.3693e-05,6.8465e-05,1
12405,12410,12407.5,1.3693e-05,6.8465e-05,1
12415,12420,12417.5,1.3693e-05,6.8465e-05,1
12425,12430,12427.5,1.3693e-05,6.8465e-05,1
12435,12440,12437.5,1.3693e-05,6.8465e-05,1
12475,12480,12477.5,1.3693e-05,6.8465e-05,1
12515,12520,12517.5,1.3693e-05,6.8465e-05,1
12520,12525,12522.5,1.3693e-05,6.8465e-05,1
12555,12560,12557.5,1.3693e-05,6.8465e-05,1
12590,12595,12592.5,1.3693e-05,6.8465e-05,1
12610,12615,12612.5,2.7386e-05,0.00013693,2
12620,12625,12622.5,1.3693e-05,6.8465e-05,1
12630,12635,12632.5,1.3693e-05,6.8465e-05,1
12665,12670,12667.5,1.3693e-05,6.8465e-05,1
12680,12685,12682.5,1.3693e-05,6.8465e-05,1
12705,12710,12707.5,1.3693e-05,6.8465e-05,1
12720,12725,12722.5,1.3693e-05,6.8465e-05,1
12740,12745,12742.5,1.3693e-05,6.8465e-05,1
12750,12755,12752.5,1.3693e-05,6.8465e-05,1
12785,12790,12787.5,1.3693e-05,6.8465e-05,1
12830,12835,12832.5,1.3693e-05,6.8465e-05,1
12835,12840,12837.5,1.3693e-05,6.8465e-05,1
12860,12865,12862.5,1.3693e-05,6.8465e-05,1
12865,12870,12867.5,1.3693e-05,6.8465e-05,1
12895,12900,12897.5,1.3693e-05,6.8465e-05,1
12905,12910,12907.5,1.3693e-05,6.8465e-05,1
12910,12915,12912.5,1.3693e-05,6.8465e-05,1
12915,12920,12917.5,2.7386e-05,0.00013693,2
12920,12925,12922.5,1.3693e-05,6.8465e-05,1
12950,12955,12952.5,2.7386e-05,0.00013693,2
12965,12970,12967.5,1.3693e-05,6.8465e-05,1
12975,12980,12977.5,1.3693e-05,6.8465e-05,1
13020,13025,13022.5,2.7386e-05,0.00013693,2
13075,13080,13077.5,1.3693e-05,6.8465e-05,1
13080,13085,13082.5,1.3693e-05,6.8465e-05,1
13090,13095,13092.5,1.3693e-05,6.8465e-05,1
13095,13100,13097.5,1.3693e-05,6.8465e-05,1
13125,13130,13127.5,1.3693e-05,6.8465e-05,1
13150,13155,13152.5,1.3693e-05,6.8465e-05,1
13160,13165,13162.5,1.3693e-05,6.8465e-05,1
13165,13170,13167.5,1.3693e-05,6.8465e-05,1
13170,13175,13172.5,1.3693e-05,6.8465e-05,1
13180,13185,13182.5,1.3693e-05,6.8465e-05,1
13195,13200,13197.5,1.3693e-05,6.8465e-05,1
13200,13205,13202.5,1.3693e-05,6.8465e-05,1
13205,13210,13207.5,1.3693e-05,6.8465e-05,1
13210,13215,13212.5,2.7386e-05,0.00013693,2
13220,13225,13222.5,1.3693e-05,6.8465e-05,1
13285,13290,13287.5,1.3693e-05,6.8465e-05,1
13295,13300,13297.5,1.3693e-05,6.8465e-05,1
13335,13340,13337.5,1.3693e-05,6.8465e-05,1
13340,13345,13342.5,1.3693e-05,6.8465e-05,1
13400,13405,13402.5,1.3693e-05,6.8465e-05,1
13405,13410,13407.5,2.7386e-05,0.00013693,2
13410,13415,13412.5,1.3693e-05,6.8465e-05,1
13420,13425,13422.5,1.3693e-05,6.8465e-05,1
13425,13430,13427.5,1.3693e-05,6.8465e-05,1
13450,13455,13452.5,2.7386e-05,0.00013693,2
13475,13480,13477.5,1.3693e-05,6.8465e-05,1
13490,13495,13492.5,1.3693e-05,6.8465e-05,1
13525,13530,13527.5,1.3693e-05,6.8465e-05,1
13535,13540,13537.5,2.7386e-05,0.00013693,2
13545,13550,13547.5,1.3693e-05,6.8465e-05,1
13555,13560,13557.5,1.3693e-05,6.8465e-05,1
13575,13580,13577.5,1.3693e-05,6.8465e-05,1
13595,13600,13597.5,1.3693e-05,6.8465e-05,1
13605,13610,13607.5,1.3693e-05,6.8465e-05,1
13630,13635,13632.5,1.3693e-05,6.8465e-05,1
13635,13640,13637.5,1.3693e-05,6.8465e-05,1
13675,13680,13677.5,2.7386e-05,0.00013693,2
13685,13690,13687.5,1.3693e-05,6.8465e-05,1
13700,13705,13702.5,1.3693e-05,6.8465e-05,1
13740,13745,13742.5,1.3693e-05,6.8465e-05,1
13790,13795,13792.5,1.3693e-05,6.8465e-05,1
13825,13830,13827.5,1.3693e-05,6.8465e-05,1
13835,13840,13837.5,2.7386e-05,0.00013693,2
13865,13870,13867.5,1.3693e-05,6.8465e-05,1
13880,13885,13882.5,1.3693e-05,6.8465e-05,1
13885,13890,13887.5,1.3693e-05,6.8465e-05,1
13910,13915,13912.5,2.7386e-05,0.00013693,2
13940,13945,13942.5,1.3693e-05,6.8465e-05,1
13945,13950,13947.5,1.3693e-05,6.8465e-05,1
13995,14000,13997.5,1.3693e-05,6.8465e-05,1
14010,14015,14012.5,1.3693e-05,6.8465e-05,1
14080,14085,14082.5,1.3693e-05,6.8465e-05,1
14090,14095,14092.5,1.3693e-05,6.8465e-05,1
14095,14100,14097.5,1.3693e-05,6.8465e-05,1
14140,14145,14142.5,1.3693e-05,6.8465e-05,1
14170,14175,14172.5,1.3693e-05,6.8465e-05,1
14175,14180,14177.5,1.3693e-05,6.8465e-05,1
14275,14280,14277.5,1.3693e-05,6.8465e-05,1
14280,14285,14282.5,1.3693e-05,6.8465e-05,1
14285,14290,14287.5,1.3693e-05,6.8465e-05,1
14295,14300,14297.5,1.3693e-05,6.8465e-05,1
14315,14320,14317.5,1.3693e-05,6.8465e-05,1
14365,14370,14367.5,1.3693e-05,6.8465e-05,1
14370,14375,14372.5,2.7386e-05,0.00013693,2
14395,14400,14397.5,1.3693e-05,6.8465e-05,1
14430,14435,14432.5,1.3693e-05,6.8465e-05,1
14460,14465,14462.5,1.3693e-05,6.8465e-05,1
14520,14525,14522.5,2.7386e-05,0.00013693,2
14525,14530,14527.5,1.3693e-05,6.8465e-05,1
14540,14545,14542.5,1.3693e-05,6.8465e-05,1
14550,14555,14552.5,1.3693e-05,6.8465e-05,1
14580,14585,14582.5,1.3693e-05,6.8465e-05,1
14610,14615,14612.5,1.3693e-05,6.8465e-05,1
14670,14675,14672.5,1.3693e-05,6.8465e-05,1
14680,14685,14682.5,1.3693e-05,6.8465e-05,1
14760,14765,14762.5,1.3693e-05,6.8465e-05,1
14770,14775,14772.5,2.7386e-05,0.00013693,2
14780,14785,14782.5,1.3693e-05,6.8465e-05,1
14795,14800,14797.5,1.3693e-05,6.8465e-05,1
14815,14820,14817.5,1.3693e-05,6.8465e-05,1
14820,14825,14822.5,1.3693e-05,6.8465e-05,1
14835,14840,14837.5,1.3693e-05,6.8465e-05,1
14850,14855,14852.5,1.3693e-05,6.8465e-05,1
14860,14865,14862.5,2.7386e-05,0.00013693,2
14870,14875,14872.5,1.3693e-05,6.8465e-05,1
14895,14900,14897.5,1.3693e-05,6.8465e-05,1
14910,14915,14912.5,1.3693e-05,6.8465e-05,1
14970,14975,14972.5,1.3693e-05,6.8465e-05,1
15080,15085,15082.5,4.1079e-05,0.000205395,3
15085,15090,15087.5,1.3693e-05,6.8465e-05,1
15150,15155,15152.5,1.3693e-05,6.8465e-05,1
15165,15170,15167.5,2.7386e-05,0.00013693,2
15210,15215,15212.5,1.3693e-05,6.8465e-05,1
15220,15225,15222.5,2.7386e-05,0.00013693,2
15245,15250,15247.5,1.3693e-05,6.8465e-05,1
15270,15275,15272.5,1.3693e-05,6.8465e-05,1
15275,15280,15277.5,1.3693e-05,6.8465e-05,1
15360,15365,15362.5,1.3693e-05,6.8465e-05,1
15435,15440,15437.5,1.3693e-05,6.8465e-05,1
15465,15470,15467.5,1.3693e-05,6.8465e-05,1
15470,15475,15472.5,1.3693e-05,6.8465e-05,1
15500,15505,15502.5,1.3693e-05,6.8465e-05,1
15540,15545,15542.5,1.3693e-05,6.8465e-05,1
15595,15600,15597.5,1.3693e-05,6.8465e-05,1
15600,15605,15602.5,1.3693e-05,6.8465e-05,1
15730,15735,15732.5,1.3693e-05,6.8465e-05,1
15860,15865,15862.5,1.3693e-05,6.8465e-05,1
15985,15990,15987.5,1.3693e-05,6.8465e-05,1
16040,16045,16042.5,1.3693e-05,6.8465e-05,1
16150,16155,16152.5,1.3693e-05,6.8465e-05,1
16205,16210,16207.5,1.3693e-05,6.8465e-05,1
16220,16225,16222.5,1.3693e-05,6.8465e-05,1
16225,16230,16227.5,1.3693e-05,6.8465e-05,1
16305,16310,16307.5,1.3693e-05,6.8465e-05,1
16380,16385,16382.5,1.3693e-05,6.8465e-05,1
16425,16430,16427.5,1.3693e-05,6.8465e-05,1
16450,16455,16452.5,1.3693e-05,6.8465e-05,1
16505,16510,16507.5,1.3693e-05,6.8465e-05,1
16565,16570,16567.5,1.3693e-05,6.8465e-05,1
16705,16710,16707.5,1.3693e-05,6.8465e-05,1
16735,16740,16737.5,1.3693e-05,6.8465e-05,1
16745,16750,16747.5,1.3693e-05,6.8465e-05,1
16760,16765,16762.5,1.3693e-05,6.8465e-05,1
16805,16810,16807.5,1.3693e-05,6.8465e-05,1
17040,17045,17042.5,1.3693e-05,6.8465e-05,1
17050,17055,17052.5,1.3693e-05,6.8465e-05,1
17080,17085,17082.5,1.3693e-05,6.8465e-05,1
17220,17225,17222.5,1.3693e-05,6.8465e-05,1
17225,17230,17227.5,1.3693e-05,6.8465e-05,1
17260,17265,17262.5,1.3693e-05,6.8465e-05,1
17540,17545,17542.5,1.3693e-05,6.8465e-05,1
17660,17665,17662.5,1.3693e-05,6.8465e-05,1
17860,17865,17862.5,1.3693e-05,6.8465e-05,1
18090,18095,18092.5,1.3693e-05,6.8465e-05,1
18500,18505,18502.5,1.3693e-05,6.8465e-05,1
18510,18515,18512.5,1.3693e-05,6.8465e-05,1
18680,18685,18682.5,1.3693e-05,6.8465e-05,1
18850,18855,18852.5,1.3693e-05,6.8465e-05,1
19060,19065,19062.5,1.3693e-05,6.8465e-05,1
19710,19715,19712.5,1.3693e-05,6.8465e-05,1
VO Delay PDF CSV saved: scratch/delay_pdf/pedca_vo_delay_pdf.csv

P-EDCA STA Delay PDF CSV saved: /home/nathanlo/ns-3.45/scratch/delay_pdf/11be/adaptive_compare_burst/best_k5_s3.csv
Legacy STA Delay PDF CSV saved: /home/nathanlo/ns-3.45/scratch/delay_pdf/11be/adaptive_compare_burst/best_k5_s3_legacy.csv
--- EXTENDED_STATS_BEGIN ---
PEDCA_STA_SUCC_COUNT: 3204
PEDCA_STA_FAIL_COUNT: 20
PEDCA_STA_ZERO_RETX: 3203
LEGACY_STA_SUCC_COUNT: 11402
LEGACY_STA_FAIL_COUNT: 1100
LEGACY_STA_ZERO_RETX: 11400
PEDCA_STA_AVG_MAC_DELAY: 1897.85
PEDCA_STA_AVG_QUEUE_DELAY: 1616.88
PEDCA_STA_AVG_ACCESS_DELAY: 280.965
LEGACY_STA_AVG_MAC_DELAY: 2599.06
LEGACY_STA_AVG_QUEUE_DELAY: 2279.45
LEGACY_STA_AVG_ACCESS_DELAY: 319.611
--- EXTENDED_STATS_END ---
