[INFO] std::clog redirected to: /dev/null

--- Per-STA P-EDCA Detail ---
  STA0: DS-CTS=178 S2Entry=178 S2Tx=122 PedcaOK=111 EdcaOK=164 FailCTS=11 FailColl=0 FailExp=0 Defer=0
  STA1: DS-CTS=2 S2Entry=2 S2Tx=2 PedcaOK=1 EdcaOK=1 FailCTS=1 FailColl=0 FailExp=0 Defer=0
  STA2: DS-CTS=237 S2Entry=237 S2Tx=153 PedcaOK=135 EdcaOK=273 FailCTS=18 FailColl=0 FailExp=0 Defer=0
  STA3: DS-CTS=253 S2Entry=253 S2Tx=190 PedcaOK=176 EdcaOK=270 FailCTS=14 FailColl=0 FailExp=0 Defer=0
  STA4: DS-CTS=206 S2Entry=206 S2Tx=157 PedcaOK=152 EdcaOK=226 FailCTS=5 FailColl=0 FailExp=0 Defer=0
  STA5: DS-CTS=266 S2Entry=266 S2Tx=200 PedcaOK=187 EdcaOK=319 FailCTS=13 FailColl=0 FailExp=0 Defer=1
  STA6: DS-CTS=239 S2Entry=239 S2Tx=173 PedcaOK=161 EdcaOK=401 FailCTS=12 FailColl=0 FailExp=0 Defer=0
  STA7: DS-CTS=369 S2Entry=369 S2Tx=287 PedcaOK=276 EdcaOK=532 FailCTS=11 FailColl=0 FailExp=0 Defer=0
  STA8: DS-CTS=259 S2Entry=259 S2Tx=209 PedcaOK=205 EdcaOK=310 FailCTS=4 FailColl=0 FailExp=0 Defer=0
  STA9: DS-CTS=207 S2Entry=207 S2Tx=174 PedcaOK=171 EdcaOK=423 FailCTS=3 FailColl=0 FailExp=0 Defer=0
  STA10: DS-CTS=325 S2Entry=325 S2Tx=215 PedcaOK=201 EdcaOK=443 FailCTS=14 FailColl=0 FailExp=0 Defer=0
  STA11: DS-CTS=3 S2Entry=3 S2Tx=3 PedcaOK=2 EdcaOK=1 FailCTS=1 FailColl=0 FailExp=0 Defer=0
  STA12: DS-CTS=263 S2Entry=263 S2Tx=205 PedcaOK=198 EdcaOK=372 FailCTS=7 FailColl=0 FailExp=0 Defer=0
  STA13: DS-CTS=159 S2Entry=159 S2Tx=137 PedcaOK=127 EdcaOK=224 FailCTS=9 FailColl=1 FailExp=0 Defer=0
  STA14: DS-CTS=242 S2Entry=242 S2Tx=157 PedcaOK=146 EdcaOK=234 FailCTS=11 FailColl=0 FailExp=0 Defer=0

=== General Statistics ===
P-EDCA Ratio: 0.5
P-EDCA STAs: 15/30
P-EDCA Share (Avg Per-STA P-EDCA Tx/Total Tx): 38.58 %
Avg P-EDCA Attempt Success Rate: 68.7265 %
Global P-EDCA Tx Success: 2249
Global EDCA Tx Success: 4193
Global P-EDCA Attempt (DS-CTS Sent): 3208

--- P-EDCA Detailed Trace ---
Stage 2 Entered: 3208
Stage 2 TX Started: 2384
P-EDCA Fail RTS No CTS: 134
P-EDCA Fail RTS Collision: 1
P-EDCA Fail Timing Expired: 0
P-EDCA Fail Deferral: 1
Total VO TX (P-EDCA+EDCA): 6442
Global P-EDCA Share: 34.9115 %
Global EDCA Share: 65.0885 %
Channel Idle Time (AP): 26.2561 % (1.83793e+06 us / 7e+06 us)
Total Successes:       13814
Total Failures:        989
Total Retransmissions: 8

--- Per-AC Success Statistics ---
AC_BE:
  Successes:         54
  Throughput:        0.0617143 Mbps
  Packet Loss:       36.4706 %
  Avg Retx/MPDU:     0
  Avg Queue Delay:   -1.71211e+06 us (Enqueue->TxStart)
  Avg Access Delay:  1.76227e+06 us (TxStart->Ack)
  Avg MAC Delay:     50159.6 us (Total: Enqueue->Ack)

AC_VO:
  Successes:         13760
  Throughput:        15.7257 Mbps
  Packet Loss:       6.50904 %
  Avg Retx/MPDU:     0.000581395
  Avg Queue Delay:   2189.3 us (Enqueue->TxStart)
  Avg Access Delay:  307.932 us (TxStart->Ack)
  Avg MAC Delay:     2497.23 us (Total: Enqueue->Ack)

--- Per-AC Failure Statistics ---
AC_BE Failures: 31
AC_VO Failures: 958

--- Failure Reasons by AC ---
  AC_BE EXPIRED_LIFETIME: 31
  AC_VO RETRY_LIMIT: 957
  AC_VO QOS_OLD_PACKET: 1


=== Extended P-EDCA vs Legacy Statistics ===

--- [Stat 1] Delay by STA Type ---
P-EDCA STAs (15 STAs):
  Successes:         6874
  Failures:          544
  Throughput:        7.856 Mbps
  Packet Loss:       7.33351 %
  Avg Queue Delay:   2150.37 us
  Avg Access Delay:  291.193 us
  Avg MAC Delay:     2441.57 us
  Median MAC Delay:  1686 us
  P95 MAC Delay:     7522 us
  P99 MAC Delay:     13209 us
Legacy EDCA STAs (15 STAs):
  Successes:         6886
  Failures:          414
  Throughput:        7.86971 Mbps
  Packet Loss:       5.67123 %
  Avg Queue Delay:   2228.16 us
  Avg Access Delay:  324.643 us
  Avg MAC Delay:     2552.8 us
  Median MAC Delay:  1550 us
  P95 MAC Delay:     8940 us
  P99 MAC Delay:     14237 us

--- [Stat 2] Per-STA P-EDCA Attempt Count (DS-CTS Sent) ---
  STA0: 178 P-EDCA attempts
  STA1: 2 P-EDCA attempts
  STA2: 237 P-EDCA attempts
  STA3: 253 P-EDCA attempts
  STA4: 206 P-EDCA attempts
  STA5: 266 P-EDCA attempts
  STA6: 239 P-EDCA attempts
  STA7: 369 P-EDCA attempts
  STA8: 259 P-EDCA attempts
  STA9: 207 P-EDCA attempts
  STA10: 325 P-EDCA attempts
  STA11: 3 P-EDCA attempts
  STA12: 263 P-EDCA attempts
  STA13: 159 P-EDCA attempts
  STA14: 242 P-EDCA attempts
  Total: 3208 P-EDCA attempts across 15 P-EDCA STAs
  Avg per P-EDCA STA: 213.867

--- [Stat 3] P-EDCA One-Shot Success Probability ---
  P-EDCA Success / DS-CTS Sent:      2249 / 3208 = 70.106 %
  P-EDCA Success / Stage2 TX Started: 2249 / 2384 = 94.3372 %  (given RTS was actually sent)

--- [Stat 4] EDCA One-Shot Success Ratio (0 retransmissions) ---
  Legacy STAs: 6880 / 6886 = 99.9129 %
  P-EDCA STAs: 6872 / 6874 = 99.9709 %  (MAC-level, includes both P-EDCA and EDCA paths)

--- [Stat 5] P-EDCA Kickback-to-EDCA Probability ---
  Total P-EDCA Failures: 136 / 3208 DS-CTS = 4.2394 %
    RTS No CTS:       134 (4.17706 %)
    RTS Collision:    1 (0.0311721 %)
    Timing Expired:   0 (0 %)
    Deferral:         1 (0.0311721 %)

--- [Stat 6] P-EDCA RTS Collision Probability ---
  RTS Collision / Stage2 TX Started: 1 / 2384 = 0.0419463 %
  RTS Collision / DS-CTS Sent:       1 / 3208 = 0.0311721 %

--- [Stat 7] P-EDCA Attempts per Successful P-EDCA TX ---
  DS-CTS Sent / P-EDCA Success: 3208 / 2249 = 1.42641 attempts/success
  Stage2 TX / P-EDCA Success:   2384 / 2249 = 1.06003 RTS/success

--- VO Delay PDF (MAC Delay) ---
bin_start_us,bin_end_us,bin_mid_us,pdf_per_us,probability,count
210,215,212.5,2.90698e-05,0.000145349,2
215,220,217.5,0.000145349,0.000726744,10
220,225,222.5,0.000159884,0.000799419,11
225,230,227.5,0.000116279,0.000581395,8
230,235,232.5,0.000116279,0.000581395,8
235,240,237.5,0.000174419,0.000872093,12
240,245,242.5,5.81395e-05,0.000290698,4
245,250,247.5,0.000145349,0.000726744,10
250,255,252.5,0.000145349,0.000726744,10
255,260,257.5,0.000130814,0.00065407,9
260,265,262.5,0.000101744,0.000508721,7
265,270,267.5,0.000174419,0.000872093,12
270,275,272.5,4.36047e-05,0.000218023,3
275,280,277.5,5.81395e-05,0.000290698,4
280,285,282.5,5.81395e-05,0.000290698,4
285,290,287.5,0.000130814,0.00065407,9
290,295,292.5,0.000159884,0.000799419,11
295,300,297.5,0.000145349,0.000726744,10
300,305,302.5,0.000159884,0.000799419,11
305,310,307.5,5.81395e-05,0.000290698,4
310,315,312.5,8.72093e-05,0.000436047,6
315,320,317.5,0.000116279,0.000581395,8
320,325,322.5,7.26744e-05,0.000363372,5
325,330,327.5,0.000145349,0.000726744,10
330,335,332.5,0.000116279,0.000581395,8
335,340,337.5,0.000130814,0.00065407,9
340,345,342.5,0.00164244,0.00821221,113
345,350,347.5,0.00340116,0.0170058,234
350,355,352.5,0.00109012,0.00545058,75
355,360,357.5,0.00068314,0.0034157,47
360,365,362.5,0.000697674,0.00348837,48
365,370,367.5,0.00056686,0.0028343,39
370,375,372.5,0.000581395,0.00290698,40
375,380,377.5,0.000319767,0.00159884,22
380,385,382.5,0.000232558,0.00116279,16
385,390,387.5,0.000276163,0.00138081,19
390,395,392.5,0.000276163,0.00138081,19
395,400,397.5,0.000261628,0.00130814,18
400,405,402.5,0.000305233,0.00152616,21
405,410,407.5,0.000377907,0.00188953,26
410,415,412.5,0.000290698,0.00145349,20
415,420,417.5,0.000392442,0.00196221,27
420,425,422.5,0.000406977,0.00203488,28
425,430,427.5,0.000436047,0.00218023,30
430,435,432.5,0.000188953,0.000944767,13
435,440,437.5,0.000276163,0.00138081,19
440,445,442.5,0.000377907,0.00188953,26
445,450,447.5,0.000247093,0.00123547,17
450,455,452.5,0.0161192,0.0805959,1109
455,460,457.5,0.000421512,0.00210756,29
460,465,462.5,0.000421512,0.00210756,29
465,470,467.5,0.000334302,0.00167151,23
470,475,472.5,0.000363372,0.00181686,25
475,480,477.5,0.000348837,0.00174419,24
480,485,482.5,0.000436047,0.00218023,30
485,490,487.5,0.000508721,0.0025436,35
490,495,492.5,0.000450581,0.00225291,31
495,500,497.5,0.000319767,0.00159884,22
500,505,502.5,0.000377907,0.00188953,26
505,510,507.5,0.000494186,0.00247093,34
510,515,512.5,0.000465116,0.00232558,32
515,520,517.5,0.000363372,0.00181686,25
520,525,522.5,0.000348837,0.00174419,24
525,530,527.5,0.000479651,0.00239826,33
530,535,532.5,0.000232558,0.00116279,16
535,540,537.5,0.000305233,0.00152616,21
540,545,542.5,0.000203488,0.00101744,14
545,550,547.5,0.000421512,0.00210756,29
550,555,552.5,0.000319767,0.00159884,22
555,560,557.5,0.000348837,0.00174419,24
560,565,562.5,0.000639535,0.00319767,44
565,570,567.5,0.000290698,0.00145349,20
570,575,572.5,0.000450581,0.00225291,31
575,580,577.5,0.000305233,0.00152616,21
580,585,582.5,0.000363372,0.00181686,25
585,590,587.5,0.000232558,0.00116279,16
590,595,592.5,0.000348837,0.00174419,24
595,600,597.5,0.000305233,0.00152616,21
600,605,602.5,0.000305233,0.00152616,21
605,610,607.5,0.000290698,0.00145349,20
610,615,612.5,0.000261628,0.00130814,18
615,620,617.5,0.000276163,0.00138081,19
620,625,622.5,0.000450581,0.00225291,31
625,630,627.5,0.000290698,0.00145349,20
630,635,632.5,0.000363372,0.00181686,25
635,640,637.5,0.000290698,0.00145349,20
640,645,642.5,0.000305233,0.00152616,21
645,650,647.5,0.000218023,0.00109012,15
650,655,652.5,0.000406977,0.00203488,28
655,660,657.5,0.000392442,0.00196221,27
660,665,662.5,0.000276163,0.00138081,19
665,670,667.5,0.000203488,0.00101744,14
670,675,672.5,0.00369186,0.0184593,254
675,680,677.5,0.000436047,0.00218023,30
680,685,682.5,0.000276163,0.00138081,19
685,690,687.5,0.000276163,0.00138081,19
690,695,692.5,0.000174419,0.000872093,12
695,700,697.5,0.000363372,0.00181686,25
700,705,702.5,0.000363372,0.00181686,25
705,710,707.5,0.000305233,0.00152616,21
710,715,712.5,0.000348837,0.00174419,24
715,720,717.5,0.000363372,0.00181686,25
720,725,722.5,0.000377907,0.00188953,26
725,730,727.5,0.000290698,0.00145349,20
730,735,732.5,0.000406977,0.00203488,28
735,740,737.5,0.000421512,0.00210756,29
740,745,742.5,0.000247093,0.00123547,17
745,750,747.5,0.000290698,0.00145349,20
750,755,752.5,0.000406977,0.00203488,28
755,760,757.5,0.000305233,0.00152616,21
760,765,762.5,0.000305233,0.00152616,21
765,770,767.5,0.000334302,0.00167151,23
770,775,772.5,0.000276163,0.00138081,19
775,780,777.5,0.000377907,0.00188953,26
780,785,782.5,0.000494186,0.00247093,34
785,790,787.5,0.000406977,0.00203488,28
790,795,792.5,0.000174419,0.000872093,12
795,800,797.5,0.000247093,0.00123547,17
800,805,802.5,0.000159884,0.000799419,11
805,810,807.5,0.000247093,0.00123547,17
810,815,812.5,0.000101744,0.000508721,7
815,820,817.5,0.000290698,0.00145349,20
820,825,822.5,0.000188953,0.000944767,13
825,830,827.5,0.000276163,0.00138081,19
830,835,832.5,0.000174419,0.000872093,12
835,840,837.5,0.000247093,0.00123547,17
840,845,842.5,0.000334302,0.00167151,23
845,850,847.5,0.000218023,0.00109012,15
850,855,852.5,0.000276163,0.00138081,19
855,860,857.5,0.000247093,0.00123547,17
860,865,862.5,0.000218023,0.00109012,15
865,870,867.5,0.000145349,0.000726744,10
870,875,872.5,0.000247093,0.00123547,17
875,880,877.5,0.000203488,0.00101744,14
880,885,882.5,0.000247093,0.00123547,17
885,890,887.5,0.000203488,0.00101744,14
890,895,892.5,0.000625,0.003125,43
895,900,897.5,0.000290698,0.00145349,20
900,905,902.5,0.000218023,0.00109012,15
905,910,907.5,0.000334302,0.00167151,23
910,915,912.5,0.000232558,0.00116279,16
915,920,917.5,0.000203488,0.00101744,14
920,925,922.5,0.000247093,0.00123547,17
925,930,927.5,0.000159884,0.000799419,11
930,935,932.5,0.000130814,0.00065407,9
935,940,937.5,0.000116279,0.000581395,8
940,945,942.5,0.000276163,0.00138081,19
945,950,947.5,0.000218023,0.00109012,15
950,955,952.5,0.000247093,0.00123547,17
955,960,957.5,0.000145349,0.000726744,10
960,965,962.5,0.000174419,0.000872093,12
965,970,967.5,0.000247093,0.00123547,17
970,975,972.5,0.000188953,0.000944767,13
975,980,977.5,0.000232558,0.00116279,16
980,985,982.5,0.000319767,0.00159884,22
985,990,987.5,0.000247093,0.00123547,17
990,995,992.5,0.000232558,0.00116279,16
995,1000,997.5,0.000276163,0.00138081,19
1000,1005,1002.5,0.000319767,0.00159884,22
1005,1010,1007.5,0.000116279,0.000581395,8
1010,1015,1012.5,0.000261628,0.00130814,18
1015,1020,1017.5,0.000261628,0.00130814,18
1020,1025,1022.5,0.000348837,0.00174419,24
1025,1030,1027.5,0.000276163,0.00138081,19
1030,1035,1032.5,0.000261628,0.00130814,18
1035,1040,1037.5,0.000174419,0.000872093,12
1040,1045,1042.5,0.000218023,0.00109012,15
1045,1050,1047.5,0.000247093,0.00123547,17
1050,1055,1052.5,0.000334302,0.00167151,23
1055,1060,1057.5,0.000218023,0.00109012,15
1060,1065,1062.5,0.000247093,0.00123547,17
1065,1070,1067.5,0.000334302,0.00167151,23
1070,1075,1072.5,0.000247093,0.00123547,17
1075,1080,1077.5,0.000290698,0.00145349,20
1080,1085,1082.5,0.000261628,0.00130814,18
1085,1090,1087.5,0.000334302,0.00167151,23
1090,1095,1092.5,0.000290698,0.00145349,20
1095,1100,1097.5,0.000174419,0.000872093,12
1100,1105,1102.5,0.000479651,0.00239826,33
1105,1110,1107.5,0.000188953,0.000944767,13
1110,1115,1112.5,0.000494186,0.00247093,34
1115,1120,1117.5,0.000436047,0.00218023,30
1120,1125,1122.5,0.000232558,0.00116279,16
1125,1130,1127.5,0.000406977,0.00203488,28
1130,1135,1132.5,0.000276163,0.00138081,19
1135,1140,1137.5,0.000494186,0.00247093,34
1140,1145,1142.5,0.000276163,0.00138081,19
1145,1150,1147.5,0.000523256,0.00261628,36
1150,1155,1152.5,0.000290698,0.00145349,20
1155,1160,1157.5,0.000450581,0.00225291,31
1160,1165,1162.5,0.000581395,0.00290698,40
1165,1170,1167.5,0.000276163,0.00138081,19
1170,1175,1172.5,0.000348837,0.00174419,24
1175,1180,1177.5,0.000290698,0.00145349,20
1180,1185,1182.5,0.000363372,0.00181686,25
1185,1190,1187.5,0.000188953,0.000944767,13
1190,1195,1192.5,0.000276163,0.00138081,19
1195,1200,1197.5,0.000261628,0.00130814,18
1200,1205,1202.5,0.000305233,0.00152616,21
1205,1210,1207.5,0.000348837,0.00174419,24
1210,1215,1212.5,0.000232558,0.00116279,16
1215,1220,1217.5,0.000319767,0.00159884,22
1220,1225,1222.5,0.000261628,0.00130814,18
1225,1230,1227.5,0.000334302,0.00167151,23
1230,1235,1232.5,0.000261628,0.00130814,18
1235,1240,1237.5,0.000290698,0.00145349,20
1240,1245,1242.5,0.000232558,0.00116279,16
1245,1250,1247.5,0.000261628,0.00130814,18
1250,1255,1252.5,0.000232558,0.00116279,16
1255,1260,1257.5,0.000261628,0.00130814,18
1260,1265,1262.5,0.000261628,0.00130814,18
1265,1270,1267.5,0.000159884,0.000799419,11
1270,1275,1272.5,0.000377907,0.00188953,26
1275,1280,1277.5,0.000218023,0.00109012,15
1280,1285,1282.5,0.000363372,0.00181686,25
1285,1290,1287.5,0.000218023,0.00109012,15
1290,1295,1292.5,0.000145349,0.000726744,10
1295,1300,1297.5,0.000276163,0.00138081,19
1300,1305,1302.5,0.000203488,0.00101744,14
1305,1310,1307.5,0.000406977,0.00203488,28
1310,1315,1312.5,0.000188953,0.000944767,13
1315,1320,1317.5,0.000218023,0.00109012,15
1320,1325,1322.5,0.000290698,0.00145349,20
1325,1330,1327.5,0.000188953,0.000944767,13
1330,1335,1332.5,0.000319767,0.00159884,22
1335,1340,1337.5,0.000247093,0.00123547,17
1340,1345,1342.5,0.000232558,0.00116279,16
1345,1350,1347.5,0.000159884,0.000799419,11
1350,1355,1352.5,0.000261628,0.00130814,18
1355,1360,1357.5,0.000276163,0.00138081,19
1360,1365,1362.5,0.000101744,0.000508721,7
1365,1370,1367.5,0.000188953,0.000944767,13
1370,1375,1372.5,0.000290698,0.00145349,20
1375,1380,1377.5,0.000174419,0.000872093,12
1380,1385,1382.5,0.000232558,0.00116279,16
1385,1390,1387.5,0.000218023,0.00109012,15
1390,1395,1392.5,0.000188953,0.000944767,13
1395,1400,1397.5,0.000290698,0.00145349,20
1400,1405,1402.5,0.000188953,0.000944767,13
1405,1410,1407.5,0.000174419,0.000872093,12
1410,1415,1412.5,0.000174419,0.000872093,12
1415,1420,1417.5,0.000145349,0.000726744,10
1420,1425,1422.5,0.000261628,0.00130814,18
1425,1430,1427.5,0.000203488,0.00101744,14
1430,1435,1432.5,0.000159884,0.000799419,11
1435,1440,1437.5,0.000188953,0.000944767,13
1440,1445,1442.5,0.000232558,0.00116279,16
1445,1450,1447.5,0.000261628,0.00130814,18
1450,1455,1452.5,0.000348837,0.00174419,24
1455,1460,1457.5,0.000261628,0.00130814,18
1460,1465,1462.5,0.000218023,0.00109012,15
1465,1470,1467.5,0.000319767,0.00159884,22
1470,1475,1472.5,0.000174419,0.000872093,12
1475,1480,1477.5,0.000130814,0.00065407,9
1480,1485,1482.5,0.000174419,0.000872093,12
1485,1490,1487.5,0.000203488,0.00101744,14
1490,1495,1492.5,0.000218023,0.00109012,15
1495,1500,1497.5,0.000101744,0.000508721,7
1500,1505,1502.5,0.000203488,0.00101744,14
1505,1510,1507.5,0.000218023,0.00109012,15
1510,1515,1512.5,0.000203488,0.00101744,14
1515,1520,1517.5,0.000159884,0.000799419,11
1520,1525,1522.5,0.000174419,0.000872093,12
1525,1530,1527.5,0.000203488,0.00101744,14
1530,1535,1532.5,0.000159884,0.000799419,11
1535,1540,1537.5,0.000145349,0.000726744,10
1540,1545,1542.5,0.000116279,0.000581395,8
1545,1550,1547.5,0.000203488,0.00101744,14
1550,1555,1552.5,0.000130814,0.00065407,9
1555,1560,1557.5,0.000218023,0.00109012,15
1560,1565,1562.5,0.000159884,0.000799419,11
1565,1570,1567.5,0.000203488,0.00101744,14
1570,1575,1572.5,0.000174419,0.000872093,12
1575,1580,1577.5,0.000218023,0.00109012,15
1580,1585,1582.5,0.000159884,0.000799419,11
1585,1590,1587.5,0.000203488,0.00101744,14
1590,1595,1592.5,0.000188953,0.000944767,13
1595,1600,1597.5,0.000290698,0.00145349,20
1600,1605,1602.5,0.000101744,0.000508721,7
1605,1610,1607.5,8.72093e-05,0.000436047,6
1610,1615,1612.5,0.000188953,0.000944767,13
1615,1620,1617.5,0.000290698,0.00145349,20
1620,1625,1622.5,0.000232558,0.00116279,16
1625,1630,1627.5,0.000247093,0.00123547,17
1630,1635,1632.5,0.000188953,0.000944767,13
1635,1640,1637.5,0.000174419,0.000872093,12
1640,1645,1642.5,0.000101744,0.000508721,7
1645,1650,1647.5,0.000232558,0.00116279,16
1650,1655,1652.5,0.000145349,0.000726744,10
1655,1660,1657.5,0.000232558,0.00116279,16
1660,1665,1662.5,0.000116279,0.000581395,8
1665,1670,1667.5,0.000159884,0.000799419,11
1670,1675,1672.5,0.000174419,0.000872093,12
1675,1680,1677.5,0.000174419,0.000872093,12
1680,1685,1682.5,0.000261628,0.00130814,18
1685,1690,1687.5,0.000261628,0.00130814,18
1690,1695,1692.5,0.000145349,0.000726744,10
1695,1700,1697.5,0.000159884,0.000799419,11
1700,1705,1702.5,0.000145349,0.000726744,10
1705,1710,1707.5,0.000159884,0.000799419,11
1710,1715,1712.5,0.000247093,0.00123547,17
1715,1720,1717.5,0.000232558,0.00116279,16
1720,1725,1722.5,0.000218023,0.00109012,15
1725,1730,1727.5,0.000159884,0.000799419,11
1730,1735,1732.5,0.000188953,0.000944767,13
1735,1740,1737.5,0.000218023,0.00109012,15
1740,1745,1742.5,0.000188953,0.000944767,13
1745,1750,1747.5,0.000159884,0.000799419,11
1750,1755,1752.5,0.000174419,0.000872093,12
1755,1760,1757.5,0.000159884,0.000799419,11
1760,1765,1762.5,0.000174419,0.000872093,12
1765,1770,1767.5,0.000203488,0.00101744,14
1770,1775,1772.5,0.000188953,0.000944767,13
1775,1780,1777.5,0.000218023,0.00109012,15
1780,1785,1782.5,0.000145349,0.000726744,10
1785,1790,1787.5,0.000174419,0.000872093,12
1790,1795,1792.5,0.000218023,0.00109012,15
1795,1800,1797.5,0.000174419,0.000872093,12
1800,1805,1802.5,0.000159884,0.000799419,11
1805,1810,1807.5,0.000203488,0.00101744,14
1810,1815,1812.5,0.000232558,0.00116279,16
1815,1820,1817.5,0.000174419,0.000872093,12
1820,1825,1822.5,0.000116279,0.000581395,8
1825,1830,1827.5,0.000116279,0.000581395,8
1830,1835,1832.5,0.000174419,0.000872093,12
1835,1840,1837.5,0.000174419,0.000872093,12
1840,1845,1842.5,0.000116279,0.000581395,8
1845,1850,1847.5,5.81395e-05,0.000290698,4
1850,1855,1852.5,0.000145349,0.000726744,10
1855,1860,1857.5,0.000174419,0.000872093,12
1860,1865,1862.5,0.000174419,0.000872093,12
1865,1870,1867.5,0.000145349,0.000726744,10
1870,1875,1872.5,0.000218023,0.00109012,15
1875,1880,1877.5,0.000145349,0.000726744,10
1880,1885,1882.5,0.000203488,0.00101744,14
1885,1890,1887.5,0.000145349,0.000726744,10
1890,1895,1892.5,0.000116279,0.000581395,8
1895,1900,1897.5,0.000174419,0.000872093,12
1900,1905,1902.5,0.000159884,0.000799419,11
1905,1910,1907.5,0.000290698,0.00145349,20
1910,1915,1912.5,0.000130814,0.00065407,9
1915,1920,1917.5,0.000247093,0.00123547,17
1920,1925,1922.5,0.000261628,0.00130814,18
1925,1930,1927.5,0.000159884,0.000799419,11
1930,1935,1932.5,0.000203488,0.00101744,14
1935,1940,1937.5,0.000218023,0.00109012,15
1940,1945,1942.5,0.000145349,0.000726744,10
1945,1950,1947.5,0.000218023,0.00109012,15
1950,1955,1952.5,0.000101744,0.000508721,7
1955,1960,1957.5,0.000218023,0.00109012,15
1960,1965,1962.5,0.000261628,0.00130814,18
1965,1970,1967.5,0.000203488,0.00101744,14
1970,1975,1972.5,0.000261628,0.00130814,18
1975,1980,1977.5,0.000348837,0.00174419,24
1980,1985,1982.5,0.000159884,0.000799419,11
1985,1990,1987.5,0.000159884,0.000799419,11
1990,1995,1992.5,0.000290698,0.00145349,20
1995,2000,1997.5,0.000218023,0.00109012,15
2000,2005,2002.5,0.000130814,0.00065407,9
2005,2010,2007.5,0.000188953,0.000944767,13
2010,2015,2012.5,8.72093e-05,0.000436047,6
2015,2020,2017.5,0.000101744,0.000508721,7
2020,2025,2022.5,0.000159884,0.000799419,11
2025,2030,2027.5,0.000145349,0.000726744,10
2030,2035,2032.5,0.000159884,0.000799419,11
2035,2040,2037.5,0.000174419,0.000872093,12
2040,2045,2042.5,0.000145349,0.000726744,10
2045,2050,2047.5,0.000145349,0.000726744,10
2050,2055,2052.5,0.000130814,0.00065407,9
2055,2060,2057.5,0.000174419,0.000872093,12
2060,2065,2062.5,0.000232558,0.00116279,16
2065,2070,2067.5,0.000174419,0.000872093,12
2070,2075,2072.5,0.000174419,0.000872093,12
2075,2080,2077.5,0.000130814,0.00065407,9
2080,2085,2082.5,0.000203488,0.00101744,14
2085,2090,2087.5,0.000174419,0.000872093,12
2090,2095,2092.5,0.000290698,0.00145349,20
2095,2100,2097.5,0.000145349,0.000726744,10
2100,2105,2102.5,0.000159884,0.000799419,11
2105,2110,2107.5,0.000218023,0.00109012,15
2110,2115,2112.5,0.000130814,0.00065407,9
2115,2120,2117.5,0.000101744,0.000508721,7
2120,2125,2122.5,0.000116279,0.000581395,8
2125,2130,2127.5,0.000116279,0.000581395,8
2130,2135,2132.5,0.000130814,0.00065407,9
2135,2140,2137.5,0.000130814,0.00065407,9
2140,2145,2142.5,8.72093e-05,0.000436047,6
2145,2150,2147.5,0.000174419,0.000872093,12
2150,2155,2152.5,0.000130814,0.00065407,9
2155,2160,2157.5,0.000145349,0.000726744,10
2160,2165,2162.5,0.000145349,0.000726744,10
2165,2170,2167.5,0.000130814,0.00065407,9
2170,2175,2172.5,0.000116279,0.000581395,8
2175,2180,2177.5,0.000203488,0.00101744,14
2180,2185,2182.5,0.000145349,0.000726744,10
2185,2190,2187.5,0.000159884,0.000799419,11
2190,2195,2192.5,0.000261628,0.00130814,18
2195,2200,2197.5,0.000188953,0.000944767,13
2200,2205,2202.5,0.000247093,0.00123547,17
2205,2210,2207.5,0.000116279,0.000581395,8
2210,2215,2212.5,0.000159884,0.000799419,11
2215,2220,2217.5,0.000101744,0.000508721,7
2220,2225,2222.5,0.000130814,0.00065407,9
2225,2230,2227.5,0.000159884,0.000799419,11
2230,2235,2232.5,0.000116279,0.000581395,8
2235,2240,2237.5,0.000159884,0.000799419,11
2240,2245,2242.5,8.72093e-05,0.000436047,6
2245,2250,2247.5,0.000145349,0.000726744,10
2250,2255,2252.5,0.000159884,0.000799419,11
2255,2260,2257.5,0.000130814,0.00065407,9
2260,2265,2262.5,0.000130814,0.00065407,9
2265,2270,2267.5,0.000218023,0.00109012,15
2270,2275,2272.5,0.000159884,0.000799419,11
2275,2280,2277.5,0.000188953,0.000944767,13
2280,2285,2282.5,0.000145349,0.000726744,10
2285,2290,2287.5,8.72093e-05,0.000436047,6
2290,2295,2292.5,0.000116279,0.000581395,8
2295,2300,2297.5,0.000101744,0.000508721,7
2300,2305,2302.5,0.000218023,0.00109012,15
2305,2310,2307.5,4.36047e-05,0.000218023,3
2310,2315,2312.5,0.000145349,0.000726744,10
2315,2320,2317.5,0.000130814,0.00065407,9
2320,2325,2322.5,0.000145349,0.000726744,10
2325,2330,2327.5,0.000218023,0.00109012,15
2330,2335,2332.5,8.72093e-05,0.000436047,6
2335,2340,2337.5,0.000116279,0.000581395,8
2340,2345,2342.5,0.000101744,0.000508721,7
2345,2350,2347.5,0.000130814,0.00065407,9
2350,2355,2352.5,0.000159884,0.000799419,11
2355,2360,2357.5,0.000174419,0.000872093,12
2360,2365,2362.5,0.000101744,0.000508721,7
2365,2370,2367.5,7.26744e-05,0.000363372,5
2370,2375,2372.5,0.000101744,0.000508721,7
2375,2380,2377.5,0.000116279,0.000581395,8
2380,2385,2382.5,0.000145349,0.000726744,10
2385,2390,2387.5,0.000116279,0.000581395,8
2390,2395,2392.5,0.000101744,0.000508721,7
2395,2400,2397.5,0.000203488,0.00101744,14
2400,2405,2402.5,0.000218023,0.00109012,15
2405,2410,2407.5,0.000101744,0.000508721,7
2410,2415,2412.5,7.26744e-05,0.000363372,5
2415,2420,2417.5,8.72093e-05,0.000436047,6
2420,2425,2422.5,0.000116279,0.000581395,8
2425,2430,2427.5,0.000174419,0.000872093,12
2430,2435,2432.5,7.26744e-05,0.000363372,5
2435,2440,2437.5,0.000174419,0.000872093,12
2440,2445,2442.5,8.72093e-05,0.000436047,6
2445,2450,2447.5,0.000174419,0.000872093,12
2450,2455,2452.5,0.000101744,0.000508721,7
2455,2460,2457.5,0.000130814,0.00065407,9
2460,2465,2462.5,0.000145349,0.000726744,10
2465,2470,2467.5,7.26744e-05,0.000363372,5
2470,2475,2472.5,0.000203488,0.00101744,14
2475,2480,2477.5,0.000101744,0.000508721,7
2480,2485,2482.5,0.000159884,0.000799419,11
2485,2490,2487.5,0.000116279,0.000581395,8
2490,2495,2492.5,0.000290698,0.00145349,20
2495,2500,2497.5,0.000101744,0.000508721,7
2500,2505,2502.5,0.000116279,0.000581395,8
2505,2510,2507.5,0.000159884,0.000799419,11
2510,2515,2512.5,0.000188953,0.000944767,13
2515,2520,2517.5,0.000101744,0.000508721,7
2520,2525,2522.5,0.000174419,0.000872093,12
2525,2530,2527.5,0.000145349,0.000726744,10
2530,2535,2532.5,0.000247093,0.00123547,17
2535,2540,2537.5,0.000116279,0.000581395,8
2540,2545,2542.5,0.000130814,0.00065407,9
2545,2550,2547.5,0.000130814,0.00065407,9
2550,2555,2552.5,1.45349e-05,7.26744e-05,1
2555,2560,2557.5,0.000145349,0.000726744,10
2560,2565,2562.5,5.81395e-05,0.000290698,4
2565,2570,2567.5,8.72093e-05,0.000436047,6
2570,2575,2572.5,0.000101744,0.000508721,7
2575,2580,2577.5,0.000130814,0.00065407,9
2580,2585,2582.5,0.000232558,0.00116279,16
2585,2590,2587.5,0.000101744,0.000508721,7
2590,2595,2592.5,0.000130814,0.00065407,9
2595,2600,2597.5,0.000116279,0.000581395,8
2600,2605,2602.5,0.000188953,0.000944767,13
2605,2610,2607.5,5.81395e-05,0.000290698,4
2610,2615,2612.5,0.000159884,0.000799419,11
2615,2620,2617.5,0.000101744,0.000508721,7
2620,2625,2622.5,0.000159884,0.000799419,11
2625,2630,2627.5,8.72093e-05,0.000436047,6
2630,2635,2632.5,0.000188953,0.000944767,13
2635,2640,2637.5,0.000116279,0.000581395,8
2640,2645,2642.5,0.000145349,0.000726744,10
2645,2650,2647.5,0.000116279,0.000581395,8
2650,2655,2652.5,0.000130814,0.00065407,9
2655,2660,2657.5,0.000247093,0.00123547,17
2660,2665,2662.5,0.000101744,0.000508721,7
2665,2670,2667.5,8.72093e-05,0.000436047,6
2670,2675,2672.5,0.000145349,0.000726744,10
2675,2680,2677.5,7.26744e-05,0.000363372,5
2680,2685,2682.5,0.000116279,0.000581395,8
2685,2690,2687.5,0.000145349,0.000726744,10
2690,2695,2692.5,8.72093e-05,0.000436047,6
2695,2700,2697.5,0.000159884,0.000799419,11
2700,2705,2702.5,0.000159884,0.000799419,11
2705,2710,2707.5,7.26744e-05,0.000363372,5
2710,2715,2712.5,0.000130814,0.00065407,9
2715,2720,2717.5,0.000101744,0.000508721,7
2720,2725,2722.5,8.72093e-05,0.000436047,6
2725,2730,2727.5,0.000188953,0.000944767,13
2730,2735,2732.5,0.000116279,0.000581395,8
2735,2740,2737.5,0.000130814,0.00065407,9
2740,2745,2742.5,0.000203488,0.00101744,14
2745,2750,2747.5,0.000145349,0.000726744,10
2750,2755,2752.5,0.000130814,0.00065407,9
2755,2760,2757.5,8.72093e-05,0.000436047,6
2760,2765,2762.5,0.000203488,0.00101744,14
2765,2770,2767.5,0.000188953,0.000944767,13
2770,2775,2772.5,0.000174419,0.000872093,12
2775,2780,2777.5,4.36047e-05,0.000218023,3
2780,2785,2782.5,0.000145349,0.000726744,10
2785,2790,2787.5,0.000145349,0.000726744,10
2790,2795,2792.5,8.72093e-05,0.000436047,6
2795,2800,2797.5,0.000101744,0.000508721,7
2800,2805,2802.5,0.000159884,0.000799419,11
2805,2810,2807.5,7.26744e-05,0.000363372,5
2810,2815,2812.5,0.000145349,0.000726744,10
2815,2820,2817.5,5.81395e-05,0.000290698,4
2820,2825,2822.5,0.000174419,0.000872093,12
2825,2830,2827.5,8.72093e-05,0.000436047,6
2830,2835,2832.5,0.000218023,0.00109012,15
2835,2840,2837.5,0.000116279,0.000581395,8
2840,2845,2842.5,0.000116279,0.000581395,8
2845,2850,2847.5,0.000130814,0.00065407,9
2850,2855,2852.5,5.81395e-05,0.000290698,4
2855,2860,2857.5,0.000130814,0.00065407,9
2860,2865,2862.5,0.000218023,0.00109012,15
2865,2870,2867.5,0.000188953,0.000944767,13
2870,2875,2872.5,0.000116279,0.000581395,8
2875,2880,2877.5,0.000159884,0.000799419,11
2880,2885,2882.5,0.000116279,0.000581395,8
2885,2890,2887.5,8.72093e-05,0.000436047,6
2890,2895,2892.5,0.000218023,0.00109012,15
2895,2900,2897.5,8.72093e-05,0.000436047,6
2900,2905,2902.5,0.000218023,0.00109012,15
2905,2910,2907.5,0.000101744,0.000508721,7
2910,2915,2912.5,0.000145349,0.000726744,10
2915,2920,2917.5,0.000159884,0.000799419,11
2920,2925,2922.5,0.000101744,0.000508721,7
2925,2930,2927.5,0.000101744,0.000508721,7
2930,2935,2932.5,7.26744e-05,0.000363372,5
2935,2940,2937.5,0.000159884,0.000799419,11
2940,2945,2942.5,0.000218023,0.00109012,15
2945,2950,2947.5,0.000159884,0.000799419,11
2950,2955,2952.5,0.000101744,0.000508721,7
2955,2960,2957.5,0.000159884,0.000799419,11
2960,2965,2962.5,0.000130814,0.00065407,9
2965,2970,2967.5,7.26744e-05,0.000363372,5
2970,2975,2972.5,0.000145349,0.000726744,10
2975,2980,2977.5,0.000188953,0.000944767,13
2980,2985,2982.5,0.000159884,0.000799419,11
2985,2990,2987.5,8.72093e-05,0.000436047,6
2990,2995,2992.5,0.000130814,0.00065407,9
2995,3000,2997.5,0.000130814,0.00065407,9
3000,3005,3002.5,0.000188953,0.000944767,13
3005,3010,3007.5,0.000305233,0.00152616,21
3010,3015,3012.5,0.000203488,0.00101744,14
3015,3020,3017.5,0.000159884,0.000799419,11
3020,3025,3022.5,0.000159884,0.000799419,11
3025,3030,3027.5,0.000174419,0.000872093,12
3030,3035,3032.5,0.000101744,0.000508721,7
3035,3040,3037.5,0.000218023,0.00109012,15
3040,3045,3042.5,0.000116279,0.000581395,8
3045,3050,3047.5,0.000145349,0.000726744,10
3050,3055,3052.5,0.000116279,0.000581395,8
3055,3060,3057.5,0.000159884,0.000799419,11
3060,3065,3062.5,0.000188953,0.000944767,13
3065,3070,3067.5,5.81395e-05,0.000290698,4
3070,3075,3072.5,0.000101744,0.000508721,7
3075,3080,3077.5,0.000116279,0.000581395,8
3080,3085,3082.5,0.000116279,0.000581395,8
3085,3090,3087.5,0.000159884,0.000799419,11
3090,3095,3092.5,0.000130814,0.00065407,9
3095,3100,3097.5,5.81395e-05,0.000290698,4
3100,3105,3102.5,8.72093e-05,0.000436047,6
3105,3110,3107.5,0.000130814,0.00065407,9
3110,3115,3112.5,0.000218023,0.00109012,15
3115,3120,3117.5,0.000188953,0.000944767,13
3120,3125,3122.5,0.000101744,0.000508721,7
3125,3130,3127.5,0.000116279,0.000581395,8
3130,3135,3132.5,0.000174419,0.000872093,12
3135,3140,3137.5,0.000203488,0.00101744,14
3140,3145,3142.5,0.000218023,0.00109012,15
3145,3150,3147.5,0.000101744,0.000508721,7
3150,3155,3152.5,0.000116279,0.000581395,8
3155,3160,3157.5,0.000203488,0.00101744,14
3160,3165,3162.5,0.000203488,0.00101744,14
3165,3170,3167.5,0.000116279,0.000581395,8
3170,3175,3172.5,0.000116279,0.000581395,8
3175,3180,3177.5,0.000145349,0.000726744,10
3180,3185,3182.5,4.36047e-05,0.000218023,3
3185,3190,3187.5,7.26744e-05,0.000363372,5
3190,3195,3192.5,0.000101744,0.000508721,7
3195,3200,3197.5,0.000203488,0.00101744,14
3200,3205,3202.5,0.000261628,0.00130814,18
3205,3210,3207.5,0.000159884,0.000799419,11
3210,3215,3212.5,8.72093e-05,0.000436047,6
3215,3220,3217.5,8.72093e-05,0.000436047,6
3220,3225,3222.5,0.000159884,0.000799419,11
3225,3230,3227.5,0.000188953,0.000944767,13
3230,3235,3232.5,0.000101744,0.000508721,7
3235,3240,3237.5,7.26744e-05,0.000363372,5
3240,3245,3242.5,0.000218023,0.00109012,15
3245,3250,3247.5,0.000101744,0.000508721,7
3250,3255,3252.5,7.26744e-05,0.000363372,5
3255,3260,3257.5,8.72093e-05,0.000436047,6
3260,3265,3262.5,0.000145349,0.000726744,10
3265,3270,3267.5,0.000130814,0.00065407,9
3270,3275,3272.5,0.000203488,0.00101744,14
3275,3280,3277.5,0.000130814,0.00065407,9
3280,3285,3282.5,5.81395e-05,0.000290698,4
3285,3290,3287.5,0.000101744,0.000508721,7
3290,3295,3292.5,0.000188953,0.000944767,13
3295,3300,3297.5,8.72093e-05,0.000436047,6
3300,3305,3302.5,0.000101744,0.000508721,7
3305,3310,3307.5,0.000145349,0.000726744,10
3310,3315,3312.5,1.45349e-05,7.26744e-05,1
3315,3320,3317.5,0.000159884,0.000799419,11
3320,3325,3322.5,0.000116279,0.000581395,8
3325,3330,3327.5,0.000145349,0.000726744,10
3330,3335,3332.5,0.000159884,0.000799419,11
3335,3340,3337.5,0.000130814,0.00065407,9
3340,3345,3342.5,5.81395e-05,0.000290698,4
3345,3350,3347.5,0.000159884,0.000799419,11
3350,3355,3352.5,7.26744e-05,0.000363372,5
3355,3360,3357.5,0.000130814,0.00065407,9
3360,3365,3362.5,0.000145349,0.000726744,10
3365,3370,3367.5,0.000116279,0.000581395,8
3370,3375,3372.5,0.000145349,0.000726744,10
3375,3380,3377.5,8.72093e-05,0.000436047,6
3380,3385,3382.5,7.26744e-05,0.000363372,5
3385,3390,3387.5,0.000101744,0.000508721,7
3390,3395,3392.5,0.000159884,0.000799419,11
3395,3400,3397.5,0.000247093,0.00123547,17
3400,3405,3402.5,0.000101744,0.000508721,7
3405,3410,3407.5,0.000174419,0.000872093,12
3410,3415,3412.5,0.000101744,0.000508721,7
3415,3420,3417.5,0.000159884,0.000799419,11
3420,3425,3422.5,0.000145349,0.000726744,10
3425,3430,3427.5,8.72093e-05,0.000436047,6
3430,3435,3432.5,0.000116279,0.000581395,8
3435,3440,3437.5,0.000159884,0.000799419,11
3440,3445,3442.5,0.000145349,0.000726744,10
3445,3450,3447.5,0.000145349,0.000726744,10
3450,3455,3452.5,0.000174419,0.000872093,12
3455,3460,3457.5,0.000174419,0.000872093,12
3460,3465,3462.5,0.000101744,0.000508721,7
3465,3470,3467.5,0.000145349,0.000726744,10
3470,3475,3472.5,0.000145349,0.000726744,10
3475,3480,3477.5,0.000188953,0.000944767,13
3480,3485,3482.5,0.000159884,0.000799419,11
3485,3490,3487.5,8.72093e-05,0.000436047,6
3490,3495,3492.5,0.000101744,0.000508721,7
3495,3500,3497.5,0.000130814,0.00065407,9
3500,3505,3502.5,0.000116279,0.000581395,8
3505,3510,3507.5,5.81395e-05,0.000290698,4
3510,3515,3512.5,0.000116279,0.000581395,8
3515,3520,3517.5,0.000188953,0.000944767,13
3520,3525,3522.5,0.000101744,0.000508721,7
3525,3530,3527.5,0.000101744,0.000508721,7
3530,3535,3532.5,0.000116279,0.000581395,8
3535,3540,3537.5,5.81395e-05,0.000290698,4
3540,3545,3542.5,0.000203488,0.00101744,14
3545,3550,3547.5,7.26744e-05,0.000363372,5
3550,3555,3552.5,0.000116279,0.000581395,8
3555,3560,3557.5,8.72093e-05,0.000436047,6
3560,3565,3562.5,0.000188953,0.000944767,13
3565,3570,3567.5,8.72093e-05,0.000436047,6
3570,3575,3572.5,0.000174419,0.000872093,12
3575,3580,3577.5,7.26744e-05,0.000363372,5
3580,3585,3582.5,0.000174419,0.000872093,12
3585,3590,3587.5,0.000174419,0.000872093,12
3590,3595,3592.5,8.72093e-05,0.000436047,6
3595,3600,3597.5,0.000101744,0.000508721,7
3600,3605,3602.5,5.81395e-05,0.000290698,4
3605,3610,3607.5,0.000159884,0.000799419,11
3610,3615,3612.5,2.90698e-05,0.000145349,2
3615,3620,3617.5,0.000159884,0.000799419,11
3620,3625,3622.5,0.000101744,0.000508721,7
3625,3630,3627.5,0.000116279,0.000581395,8
3630,3635,3632.5,0.000101744,0.000508721,7
3635,3640,3637.5,8.72093e-05,0.000436047,6
3640,3645,3642.5,8.72093e-05,0.000436047,6
3645,3650,3647.5,7.26744e-05,0.000363372,5
3650,3655,3652.5,0.000174419,0.000872093,12
3655,3660,3657.5,0.000130814,0.00065407,9
3660,3665,3662.5,8.72093e-05,0.000436047,6
3665,3670,3667.5,0.000130814,0.00065407,9
3670,3675,3672.5,7.26744e-05,0.000363372,5
3675,3680,3677.5,0.000218023,0.00109012,15
3680,3685,3682.5,0.000116279,0.000581395,8
3685,3690,3687.5,0.000145349,0.000726744,10
3690,3695,3692.5,0.000130814,0.00065407,9
3695,3700,3697.5,0.000101744,0.000508721,7
3700,3705,3702.5,0.000159884,0.000799419,11
3705,3710,3707.5,0.000174419,0.000872093,12
3710,3715,3712.5,0.000145349,0.000726744,10
3715,3720,3717.5,5.81395e-05,0.000290698,4
3720,3725,3722.5,0.000116279,0.000581395,8
3725,3730,3727.5,8.72093e-05,0.000436047,6
3730,3735,3732.5,2.90698e-05,0.000145349,2
3735,3740,3737.5,0.000116279,0.000581395,8
3740,3745,3742.5,0.000101744,0.000508721,7
3745,3750,3747.5,0.000116279,0.000581395,8
3750,3755,3752.5,0.000159884,0.000799419,11
3755,3760,3757.5,0.000145349,0.000726744,10
3760,3765,3762.5,0.000159884,0.000799419,11
3765,3770,3767.5,0.000159884,0.000799419,11
3770,3775,3772.5,0.000116279,0.000581395,8
3775,3780,3777.5,0.000116279,0.000581395,8
3780,3785,3782.5,0.000101744,0.000508721,7
3785,3790,3787.5,0.000159884,0.000799419,11
3790,3795,3792.5,4.36047e-05,0.000218023,3
3795,3800,3797.5,0.000101744,0.000508721,7
3800,3805,3802.5,0.000145349,0.000726744,10
3805,3810,3807.5,0.000188953,0.000944767,13
3810,3815,3812.5,0.000101744,0.000508721,7
3815,3820,3817.5,0.000101744,0.000508721,7
3820,3825,3822.5,0.000116279,0.000581395,8
3825,3830,3827.5,7.26744e-05,0.000363372,5
3830,3835,3832.5,0.000116279,0.000581395,8
3835,3840,3837.5,0.000101744,0.000508721,7
3840,3845,3842.5,0.000145349,0.000726744,10
3845,3850,3847.5,0.000130814,0.00065407,9
3850,3855,3852.5,8.72093e-05,0.000436047,6
3855,3860,3857.5,0.000130814,0.00065407,9
3860,3865,3862.5,8.72093e-05,0.000436047,6
3865,3870,3867.5,0.000101744,0.000508721,7
3870,3875,3872.5,0.000130814,0.00065407,9
3875,3880,3877.5,0.000145349,0.000726744,10
3880,3885,3882.5,0.000276163,0.00138081,19
3885,3890,3887.5,0.000145349,0.000726744,10
3890,3895,3892.5,0.000130814,0.00065407,9
3895,3900,3897.5,8.72093e-05,0.000436047,6
3900,3905,3902.5,0.000116279,0.000581395,8
3905,3910,3907.5,0.000116279,0.000581395,8
3910,3915,3912.5,0.000159884,0.000799419,11
3915,3920,3917.5,0.000101744,0.000508721,7
3920,3925,3922.5,5.81395e-05,0.000290698,4
3925,3930,3927.5,0.000203488,0.00101744,14
3930,3935,3932.5,0.000174419,0.000872093,12
3935,3940,3937.5,0.000101744,0.000508721,7
3940,3945,3942.5,0.000116279,0.000581395,8
3945,3950,3947.5,0.000159884,0.000799419,11
3950,3955,3952.5,0.000188953,0.000944767,13
3955,3960,3957.5,0.000159884,0.000799419,11
3960,3965,3962.5,0.000145349,0.000726744,10
3965,3970,3967.5,0.000130814,0.00065407,9
3970,3975,3972.5,0.000116279,0.000581395,8
3975,3980,3977.5,0.000130814,0.00065407,9
3980,3985,3982.5,0.000116279,0.000581395,8
3985,3990,3987.5,0.000159884,0.000799419,11
3990,3995,3992.5,0.000116279,0.000581395,8
3995,4000,3997.5,0.000188953,0.000944767,13
4000,4005,4002.5,0.000101744,0.000508721,7
4005,4010,4007.5,0.000174419,0.000872093,12
4010,4015,4012.5,4.36047e-05,0.000218023,3
4015,4020,4017.5,0.000159884,0.000799419,11
4020,4025,4022.5,0.000174419,0.000872093,12
4025,4030,4027.5,0.000145349,0.000726744,10
4030,4035,4032.5,0.000116279,0.000581395,8
4035,4040,4037.5,0.000174419,0.000872093,12
4040,4045,4042.5,2.90698e-05,0.000145349,2
4045,4050,4047.5,4.36047e-05,0.000218023,3
4050,4055,4052.5,0.000116279,0.000581395,8
4055,4060,4057.5,0.000101744,0.000508721,7
4060,4065,4062.5,0.000188953,0.000944767,13
4065,4070,4067.5,0.000101744,0.000508721,7
4070,4075,4072.5,0.000130814,0.00065407,9
4075,4080,4077.5,7.26744e-05,0.000363372,5
4080,4085,4082.5,8.72093e-05,0.000436047,6
4085,4090,4087.5,0.000116279,0.000581395,8
4090,4095,4092.5,7.26744e-05,0.000363372,5
4095,4100,4097.5,0.000145349,0.000726744,10
4100,4105,4102.5,0.000101744,0.000508721,7
4105,4110,4107.5,0.000130814,0.00065407,9
4110,4115,4112.5,7.26744e-05,0.000363372,5
4115,4120,4117.5,0.000145349,0.000726744,10
4120,4125,4122.5,2.90698e-05,0.000145349,2
4125,4130,4127.5,8.72093e-05,0.000436047,6
4130,4135,4132.5,0.000188953,0.000944767,13
4135,4140,4137.5,8.72093e-05,0.000436047,6
4140,4145,4142.5,0.000130814,0.00065407,9
4145,4150,4147.5,8.72093e-05,0.000436047,6
4150,4155,4152.5,0.000130814,0.00065407,9
4155,4160,4157.5,0.000159884,0.000799419,11
4160,4165,4162.5,8.72093e-05,0.000436047,6
4165,4170,4167.5,0.000116279,0.000581395,8
4170,4175,4172.5,7.26744e-05,0.000363372,5
4175,4180,4177.5,0.000130814,0.00065407,9
4180,4185,4182.5,0.000101744,0.000508721,7
4185,4190,4187.5,0.000130814,0.00065407,9
4190,4195,4192.5,0.000130814,0.00065407,9
4195,4200,4197.5,5.81395e-05,0.000290698,4
4200,4205,4202.5,2.90698e-05,0.000145349,2
4205,4210,4207.5,8.72093e-05,0.000436047,6
4210,4215,4212.5,0.000174419,0.000872093,12
4215,4220,4217.5,0.000116279,0.000581395,8
4220,4225,4222.5,0.000145349,0.000726744,10
4225,4230,4227.5,0.000116279,0.000581395,8
4230,4235,4232.5,0.000174419,0.000872093,12
4235,4240,4237.5,0.000130814,0.00065407,9
4240,4245,4242.5,0.000101744,0.000508721,7
4245,4250,4247.5,0.000116279,0.000581395,8
4250,4255,4252.5,0.000130814,0.00065407,9
4255,4260,4257.5,0.000188953,0.000944767,13
4260,4265,4262.5,0.000101744,0.000508721,7
4265,4270,4267.5,0.000101744,0.000508721,7
4270,4275,4272.5,0.000116279,0.000581395,8
4275,4280,4277.5,0.000188953,0.000944767,13
4280,4285,4282.5,0.000130814,0.00065407,9
4285,4290,4287.5,0.000203488,0.00101744,14
4290,4295,4292.5,0.000130814,0.00065407,9
4295,4300,4297.5,0.000188953,0.000944767,13
4300,4305,4302.5,0.000101744,0.000508721,7
4305,4310,4307.5,7.26744e-05,0.000363372,5
4310,4315,4312.5,0.000101744,0.000508721,7
4315,4320,4317.5,0.000188953,0.000944767,13
4320,4325,4322.5,5.81395e-05,0.000290698,4
4325,4330,4327.5,0.000145349,0.000726744,10
4330,4335,4332.5,0.000101744,0.000508721,7
4335,4340,4337.5,0.000145349,0.000726744,10
4340,4345,4342.5,7.26744e-05,0.000363372,5
4345,4350,4347.5,4.36047e-05,0.000218023,3
4350,4355,4352.5,1.45349e-05,7.26744e-05,1
4355,4360,4357.5,2.90698e-05,0.000145349,2
4360,4365,4362.5,5.81395e-05,0.000290698,4
4365,4370,4367.5,1.45349e-05,7.26744e-05,1
4370,4375,4372.5,8.72093e-05,0.000436047,6
4375,4380,4377.5,1.45349e-05,7.26744e-05,1
4385,4390,4387.5,4.36047e-05,0.000218023,3
4390,4395,4392.5,4.36047e-05,0.000218023,3
4395,4400,4397.5,2.90698e-05,0.000145349,2
4400,4405,4402.5,2.90698e-05,0.000145349,2
4405,4410,4407.5,2.90698e-05,0.000145349,2
4410,4415,4412.5,4.36047e-05,0.000218023,3
4415,4420,4417.5,4.36047e-05,0.000218023,3
4420,4425,4422.5,5.81395e-05,0.000290698,4
4425,4430,4427.5,2.90698e-05,0.000145349,2
4430,4435,4432.5,4.36047e-05,0.000218023,3
4435,4440,4437.5,2.90698e-05,0.000145349,2
4440,4445,4442.5,4.36047e-05,0.000218023,3
4445,4450,4447.5,1.45349e-05,7.26744e-05,1
4450,4455,4452.5,2.90698e-05,0.000145349,2
4455,4460,4457.5,4.36047e-05,0.000218023,3
4460,4465,4462.5,1.45349e-05,7.26744e-05,1
4465,4470,4467.5,2.90698e-05,0.000145349,2
4470,4475,4472.5,2.90698e-05,0.000145349,2
4475,4480,4477.5,1.45349e-05,7.26744e-05,1
4480,4485,4482.5,4.36047e-05,0.000218023,3
4485,4490,4487.5,2.90698e-05,0.000145349,2
4490,4495,4492.5,4.36047e-05,0.000218023,3
4495,4500,4497.5,4.36047e-05,0.000218023,3
4500,4505,4502.5,4.36047e-05,0.000218023,3
4505,4510,4507.5,1.45349e-05,7.26744e-05,1
4510,4515,4512.5,5.81395e-05,0.000290698,4
4515,4520,4517.5,1.45349e-05,7.26744e-05,1
4520,4525,4522.5,5.81395e-05,0.000290698,4
4525,4530,4527.5,5.81395e-05,0.000290698,4
4530,4535,4532.5,2.90698e-05,0.000145349,2
4535,4540,4537.5,5.81395e-05,0.000290698,4
4540,4545,4542.5,1.45349e-05,7.26744e-05,1
4545,4550,4547.5,2.90698e-05,0.000145349,2
4550,4555,4552.5,1.45349e-05,7.26744e-05,1
4555,4560,4557.5,2.90698e-05,0.000145349,2
4560,4565,4562.5,0.000116279,0.000581395,8
4565,4570,4567.5,5.81395e-05,0.000290698,4
4570,4575,4572.5,1.45349e-05,7.26744e-05,1
4575,4580,4577.5,1.45349e-05,7.26744e-05,1
4580,4585,4582.5,5.81395e-05,0.000290698,4
4585,4590,4587.5,8.72093e-05,0.000436047,6
4595,4600,4597.5,4.36047e-05,0.000218023,3
4605,4610,4607.5,2.90698e-05,0.000145349,2
4620,4625,4622.5,1.45349e-05,7.26744e-05,1
4625,4630,4627.5,5.81395e-05,0.000290698,4
4630,4635,4632.5,1.45349e-05,7.26744e-05,1
4635,4640,4637.5,2.90698e-05,0.000145349,2
4640,4645,4642.5,5.81395e-05,0.000290698,4
4645,4650,4647.5,4.36047e-05,0.000218023,3
4650,4655,4652.5,2.90698e-05,0.000145349,2
4655,4660,4657.5,1.45349e-05,7.26744e-05,1
4660,4665,4662.5,1.45349e-05,7.26744e-05,1
4665,4670,4667.5,1.45349e-05,7.26744e-05,1
4670,4675,4672.5,2.90698e-05,0.000145349,2
4675,4680,4677.5,1.45349e-05,7.26744e-05,1
4680,4685,4682.5,1.45349e-05,7.26744e-05,1
4685,4690,4687.5,1.45349e-05,7.26744e-05,1
4690,4695,4692.5,1.45349e-05,7.26744e-05,1
4695,4700,4697.5,1.45349e-05,7.26744e-05,1
4700,4705,4702.5,1.45349e-05,7.26744e-05,1
4705,4710,4707.5,2.90698e-05,0.000145349,2
4710,4715,4712.5,1.45349e-05,7.26744e-05,1
4720,4725,4722.5,2.90698e-05,0.000145349,2
4735,4740,4737.5,1.45349e-05,7.26744e-05,1
4740,4745,4742.5,2.90698e-05,0.000145349,2
4745,4750,4747.5,1.45349e-05,7.26744e-05,1
4750,4755,4752.5,1.45349e-05,7.26744e-05,1
4765,4770,4767.5,1.45349e-05,7.26744e-05,1
4770,4775,4772.5,4.36047e-05,0.000218023,3
4775,4780,4777.5,2.90698e-05,0.000145349,2
4780,4785,4782.5,2.90698e-05,0.000145349,2
4785,4790,4787.5,1.45349e-05,7.26744e-05,1
4790,4795,4792.5,1.45349e-05,7.26744e-05,1
4795,4800,4797.5,1.45349e-05,7.26744e-05,1
4800,4805,4802.5,2.90698e-05,0.000145349,2
4805,4810,4807.5,4.36047e-05,0.000218023,3
4810,4815,4812.5,2.90698e-05,0.000145349,2
4815,4820,4817.5,2.90698e-05,0.000145349,2
4820,4825,4822.5,1.45349e-05,7.26744e-05,1
4825,4830,4827.5,1.45349e-05,7.26744e-05,1
4830,4835,4832.5,1.45349e-05,7.26744e-05,1
4835,4840,4837.5,1.45349e-05,7.26744e-05,1
4845,4850,4847.5,1.45349e-05,7.26744e-05,1
4850,4855,4852.5,2.90698e-05,0.000145349,2
4870,4875,4872.5,1.45349e-05,7.26744e-05,1
4880,4885,4882.5,2.90698e-05,0.000145349,2
4885,4890,4887.5,1.45349e-05,7.26744e-05,1
4890,4895,4892.5,1.45349e-05,7.26744e-05,1
4895,4900,4897.5,1.45349e-05,7.26744e-05,1
4900,4905,4902.5,1.45349e-05,7.26744e-05,1
4905,4910,4907.5,2.90698e-05,0.000145349,2
4915,4920,4917.5,1.45349e-05,7.26744e-05,1
4920,4925,4922.5,7.26744e-05,0.000363372,5
4925,4930,4927.5,5.81395e-05,0.000290698,4
4930,4935,4932.5,1.45349e-05,7.26744e-05,1
4935,4940,4937.5,1.45349e-05,7.26744e-05,1
4940,4945,4942.5,5.81395e-05,0.000290698,4
4945,4950,4947.5,1.45349e-05,7.26744e-05,1
4950,4955,4952.5,2.90698e-05,0.000145349,2
4955,4960,4957.5,2.90698e-05,0.000145349,2
4960,4965,4962.5,2.90698e-05,0.000145349,2
4965,4970,4967.5,1.45349e-05,7.26744e-05,1
4970,4975,4972.5,2.90698e-05,0.000145349,2
4975,4980,4977.5,2.90698e-05,0.000145349,2
4980,4985,4982.5,4.36047e-05,0.000218023,3
4985,4990,4987.5,1.45349e-05,7.26744e-05,1
5000,5005,5002.5,5.81395e-05,0.000290698,4
5005,5010,5007.5,2.90698e-05,0.000145349,2
5015,5020,5017.5,1.45349e-05,7.26744e-05,1
5020,5025,5022.5,2.90698e-05,0.000145349,2
5025,5030,5027.5,4.36047e-05,0.000218023,3
5030,5035,5032.5,5.81395e-05,0.000290698,4
5040,5045,5042.5,2.90698e-05,0.000145349,2
5045,5050,5047.5,2.90698e-05,0.000145349,2
5050,5055,5052.5,1.45349e-05,7.26744e-05,1
5055,5060,5057.5,2.90698e-05,0.000145349,2
5060,5065,5062.5,2.90698e-05,0.000145349,2
5065,5070,5067.5,2.90698e-05,0.000145349,2
5070,5075,5072.5,2.90698e-05,0.000145349,2
5080,5085,5082.5,1.45349e-05,7.26744e-05,1
5085,5090,5087.5,2.90698e-05,0.000145349,2
5090,5095,5092.5,4.36047e-05,0.000218023,3
5095,5100,5097.5,1.45349e-05,7.26744e-05,1
5100,5105,5102.5,2.90698e-05,0.000145349,2
5105,5110,5107.5,2.90698e-05,0.000145349,2
5115,5120,5117.5,4.36047e-05,0.000218023,3
5120,5125,5122.5,2.90698e-05,0.000145349,2
5130,5135,5132.5,2.90698e-05,0.000145349,2
5135,5140,5137.5,2.90698e-05,0.000145349,2
5140,5145,5142.5,2.90698e-05,0.000145349,2
5150,5155,5152.5,4.36047e-05,0.000218023,3
5155,5160,5157.5,1.45349e-05,7.26744e-05,1
5165,5170,5167.5,1.45349e-05,7.26744e-05,1
5170,5175,5172.5,1.45349e-05,7.26744e-05,1
5175,5180,5177.5,1.45349e-05,7.26744e-05,1
5185,5190,5187.5,5.81395e-05,0.000290698,4
5190,5195,5192.5,1.45349e-05,7.26744e-05,1
5200,5205,5202.5,1.45349e-05,7.26744e-05,1
5205,5210,5207.5,1.45349e-05,7.26744e-05,1
5210,5215,5212.5,1.45349e-05,7.26744e-05,1
5215,5220,5217.5,1.45349e-05,7.26744e-05,1
5225,5230,5227.5,1.45349e-05,7.26744e-05,1
5230,5235,5232.5,1.45349e-05,7.26744e-05,1
5235,5240,5237.5,1.45349e-05,7.26744e-05,1
5250,5255,5252.5,2.90698e-05,0.000145349,2
5255,5260,5257.5,1.45349e-05,7.26744e-05,1
5260,5265,5262.5,4.36047e-05,0.000218023,3
5265,5270,5267.5,1.45349e-05,7.26744e-05,1
5270,5275,5272.5,2.90698e-05,0.000145349,2
5275,5280,5277.5,4.36047e-05,0.000218023,3
5280,5285,5282.5,5.81395e-05,0.000290698,4
5295,5300,5297.5,4.36047e-05,0.000218023,3
5300,5305,5302.5,2.90698e-05,0.000145349,2
5305,5310,5307.5,2.90698e-05,0.000145349,2
5310,5315,5312.5,1.45349e-05,7.26744e-05,1
5315,5320,5317.5,1.45349e-05,7.26744e-05,1
5320,5325,5322.5,5.81395e-05,0.000290698,4
5325,5330,5327.5,4.36047e-05,0.000218023,3
5335,5340,5337.5,5.81395e-05,0.000290698,4
5340,5345,5342.5,4.36047e-05,0.000218023,3
5345,5350,5347.5,2.90698e-05,0.000145349,2
5350,5355,5352.5,2.90698e-05,0.000145349,2
5355,5360,5357.5,1.45349e-05,7.26744e-05,1
5380,5385,5382.5,5.81395e-05,0.000290698,4
5385,5390,5387.5,1.45349e-05,7.26744e-05,1
5390,5395,5392.5,1.45349e-05,7.26744e-05,1
5400,5405,5402.5,2.90698e-05,0.000145349,2
5415,5420,5417.5,2.90698e-05,0.000145349,2
5420,5425,5422.5,2.90698e-05,0.000145349,2
5440,5445,5442.5,1.45349e-05,7.26744e-05,1
5470,5475,5472.5,1.45349e-05,7.26744e-05,1
5475,5480,5477.5,1.45349e-05,7.26744e-05,1
5480,5485,5482.5,2.90698e-05,0.000145349,2
5485,5490,5487.5,1.45349e-05,7.26744e-05,1
5490,5495,5492.5,2.90698e-05,0.000145349,2
5495,5500,5497.5,4.36047e-05,0.000218023,3
5500,5505,5502.5,2.90698e-05,0.000145349,2
5505,5510,5507.5,1.45349e-05,7.26744e-05,1
5510,5515,5512.5,2.90698e-05,0.000145349,2
5515,5520,5517.5,1.45349e-05,7.26744e-05,1
5520,5525,5522.5,2.90698e-05,0.000145349,2
5525,5530,5527.5,2.90698e-05,0.000145349,2
5530,5535,5532.5,2.90698e-05,0.000145349,2
5545,5550,5547.5,1.45349e-05,7.26744e-05,1
5555,5560,5557.5,1.45349e-05,7.26744e-05,1
5560,5565,5562.5,1.45349e-05,7.26744e-05,1
5570,5575,5572.5,1.45349e-05,7.26744e-05,1
5575,5580,5577.5,1.45349e-05,7.26744e-05,1
5580,5585,5582.5,2.90698e-05,0.000145349,2
5585,5590,5587.5,2.90698e-05,0.000145349,2
5595,5600,5597.5,1.45349e-05,7.26744e-05,1
5605,5610,5607.5,1.45349e-05,7.26744e-05,1
5610,5615,5612.5,2.90698e-05,0.000145349,2
5615,5620,5617.5,2.90698e-05,0.000145349,2
5620,5625,5622.5,1.45349e-05,7.26744e-05,1
5625,5630,5627.5,2.90698e-05,0.000145349,2
5630,5635,5632.5,1.45349e-05,7.26744e-05,1
5635,5640,5637.5,4.36047e-05,0.000218023,3
5645,5650,5647.5,1.45349e-05,7.26744e-05,1
5650,5655,5652.5,1.45349e-05,7.26744e-05,1
5655,5660,5657.5,1.45349e-05,7.26744e-05,1
5660,5665,5662.5,1.45349e-05,7.26744e-05,1
5665,5670,5667.5,1.45349e-05,7.26744e-05,1
5675,5680,5677.5,4.36047e-05,0.000218023,3
5680,5685,5682.5,2.90698e-05,0.000145349,2
5685,5690,5687.5,4.36047e-05,0.000218023,3
5690,5695,5692.5,1.45349e-05,7.26744e-05,1
5695,5700,5697.5,4.36047e-05,0.000218023,3
5700,5705,5702.5,1.45349e-05,7.26744e-05,1
5705,5710,5707.5,1.45349e-05,7.26744e-05,1
5715,5720,5717.5,2.90698e-05,0.000145349,2
5725,5730,5727.5,1.45349e-05,7.26744e-05,1
5730,5735,5732.5,1.45349e-05,7.26744e-05,1
5735,5740,5737.5,1.45349e-05,7.26744e-05,1
5740,5745,5742.5,1.45349e-05,7.26744e-05,1
5745,5750,5747.5,1.45349e-05,7.26744e-05,1
5750,5755,5752.5,2.90698e-05,0.000145349,2
5755,5760,5757.5,2.90698e-05,0.000145349,2
5765,5770,5767.5,4.36047e-05,0.000218023,3
5770,5775,5772.5,1.45349e-05,7.26744e-05,1
5780,5785,5782.5,1.45349e-05,7.26744e-05,1
5785,5790,5787.5,1.45349e-05,7.26744e-05,1
5790,5795,5792.5,1.45349e-05,7.26744e-05,1
5795,5800,5797.5,1.45349e-05,7.26744e-05,1
5800,5805,5802.5,1.45349e-05,7.26744e-05,1
5810,5815,5812.5,1.45349e-05,7.26744e-05,1
5815,5820,5817.5,1.45349e-05,7.26744e-05,1
5820,5825,5822.5,1.45349e-05,7.26744e-05,1
5825,5830,5827.5,1.45349e-05,7.26744e-05,1
5830,5835,5832.5,1.45349e-05,7.26744e-05,1
5835,5840,5837.5,1.45349e-05,7.26744e-05,1
5840,5845,5842.5,1.45349e-05,7.26744e-05,1
5845,5850,5847.5,1.45349e-05,7.26744e-05,1
5850,5855,5852.5,4.36047e-05,0.000218023,3
5855,5860,5857.5,4.36047e-05,0.000218023,3
5880,5885,5882.5,4.36047e-05,0.000218023,3
5885,5890,5887.5,2.90698e-05,0.000145349,2
5890,5895,5892.5,1.45349e-05,7.26744e-05,1
5900,5905,5902.5,1.45349e-05,7.26744e-05,1
5910,5915,5912.5,4.36047e-05,0.000218023,3
5920,5925,5922.5,1.45349e-05,7.26744e-05,1
5925,5930,5927.5,1.45349e-05,7.26744e-05,1
5930,5935,5932.5,2.90698e-05,0.000145349,2
5945,5950,5947.5,2.90698e-05,0.000145349,2
5950,5955,5952.5,1.45349e-05,7.26744e-05,1
5960,5965,5962.5,4.36047e-05,0.000218023,3
5965,5970,5967.5,4.36047e-05,0.000218023,3
5970,5975,5972.5,1.45349e-05,7.26744e-05,1
5975,5980,5977.5,2.90698e-05,0.000145349,2
5980,5985,5982.5,1.45349e-05,7.26744e-05,1
5985,5990,5987.5,5.81395e-05,0.000290698,4
5995,6000,5997.5,1.45349e-05,7.26744e-05,1
6000,6005,6002.5,1.45349e-05,7.26744e-05,1
6015,6020,6017.5,1.45349e-05,7.26744e-05,1
6020,6025,6022.5,1.45349e-05,7.26744e-05,1
6025,6030,6027.5,4.36047e-05,0.000218023,3
6035,6040,6037.5,1.45349e-05,7.26744e-05,1
6040,6045,6042.5,4.36047e-05,0.000218023,3
6045,6050,6047.5,2.90698e-05,0.000145349,2
6055,6060,6057.5,1.45349e-05,7.26744e-05,1
6060,6065,6062.5,2.90698e-05,0.000145349,2
6065,6070,6067.5,4.36047e-05,0.000218023,3
6070,6075,6072.5,5.81395e-05,0.000290698,4
6075,6080,6077.5,1.45349e-05,7.26744e-05,1
6085,6090,6087.5,1.45349e-05,7.26744e-05,1
6105,6110,6107.5,4.36047e-05,0.000218023,3
6115,6120,6117.5,1.45349e-05,7.26744e-05,1
6120,6125,6122.5,1.45349e-05,7.26744e-05,1
6130,6135,6132.5,2.90698e-05,0.000145349,2
6145,6150,6147.5,2.90698e-05,0.000145349,2
6150,6155,6152.5,1.45349e-05,7.26744e-05,1
6155,6160,6157.5,1.45349e-05,7.26744e-05,1
6160,6165,6162.5,1.45349e-05,7.26744e-05,1
6165,6170,6167.5,2.90698e-05,0.000145349,2
6175,6180,6177.5,1.45349e-05,7.26744e-05,1
6180,6185,6182.5,1.45349e-05,7.26744e-05,1
6185,6190,6187.5,2.90698e-05,0.000145349,2
6190,6195,6192.5,2.90698e-05,0.000145349,2
6195,6200,6197.5,1.45349e-05,7.26744e-05,1
6200,6205,6202.5,1.45349e-05,7.26744e-05,1
6205,6210,6207.5,1.45349e-05,7.26744e-05,1
6210,6215,6212.5,4.36047e-05,0.000218023,3
6220,6225,6222.5,1.45349e-05,7.26744e-05,1
6230,6235,6232.5,2.90698e-05,0.000145349,2
6240,6245,6242.5,1.45349e-05,7.26744e-05,1
6245,6250,6247.5,2.90698e-05,0.000145349,2
6250,6255,6252.5,1.45349e-05,7.26744e-05,1
6260,6265,6262.5,4.36047e-05,0.000218023,3
6265,6270,6267.5,4.36047e-05,0.000218023,3
6280,6285,6282.5,2.90698e-05,0.000145349,2
6290,6295,6292.5,1.45349e-05,7.26744e-05,1
6295,6300,6297.5,1.45349e-05,7.26744e-05,1
6300,6305,6302.5,2.90698e-05,0.000145349,2
6305,6310,6307.5,2.90698e-05,0.000145349,2
6310,6315,6312.5,2.90698e-05,0.000145349,2
6325,6330,6327.5,1.45349e-05,7.26744e-05,1
6360,6365,6362.5,2.90698e-05,0.000145349,2
6365,6370,6367.5,1.45349e-05,7.26744e-05,1
6370,6375,6372.5,1.45349e-05,7.26744e-05,1
6380,6385,6382.5,1.45349e-05,7.26744e-05,1
6385,6390,6387.5,2.90698e-05,0.000145349,2
6390,6395,6392.5,1.45349e-05,7.26744e-05,1
6395,6400,6397.5,4.36047e-05,0.000218023,3
6400,6405,6402.5,2.90698e-05,0.000145349,2
6405,6410,6407.5,1.45349e-05,7.26744e-05,1
6415,6420,6417.5,2.90698e-05,0.000145349,2
6440,6445,6442.5,1.45349e-05,7.26744e-05,1
6445,6450,6447.5,1.45349e-05,7.26744e-05,1
6450,6455,6452.5,4.36047e-05,0.000218023,3
6455,6460,6457.5,1.45349e-05,7.26744e-05,1
6460,6465,6462.5,1.45349e-05,7.26744e-05,1
6485,6490,6487.5,1.45349e-05,7.26744e-05,1
6495,6500,6497.5,2.90698e-05,0.000145349,2
6505,6510,6507.5,1.45349e-05,7.26744e-05,1
6510,6515,6512.5,4.36047e-05,0.000218023,3
6530,6535,6532.5,1.45349e-05,7.26744e-05,1
6535,6540,6537.5,1.45349e-05,7.26744e-05,1
6540,6545,6542.5,1.45349e-05,7.26744e-05,1
6545,6550,6547.5,1.45349e-05,7.26744e-05,1
6550,6555,6552.5,2.90698e-05,0.000145349,2
6560,6565,6562.5,4.36047e-05,0.000218023,3
6570,6575,6572.5,4.36047e-05,0.000218023,3
6580,6585,6582.5,1.45349e-05,7.26744e-05,1
6585,6590,6587.5,1.45349e-05,7.26744e-05,1
6605,6610,6607.5,1.45349e-05,7.26744e-05,1
6610,6615,6612.5,1.45349e-05,7.26744e-05,1
6615,6620,6617.5,1.45349e-05,7.26744e-05,1
6620,6625,6622.5,2.90698e-05,0.000145349,2
6625,6630,6627.5,2.90698e-05,0.000145349,2
6635,6640,6637.5,4.36047e-05,0.000218023,3
6640,6645,6642.5,2.90698e-05,0.000145349,2
6645,6650,6647.5,1.45349e-05,7.26744e-05,1
6660,6665,6662.5,1.45349e-05,7.26744e-05,1
6665,6670,6667.5,1.45349e-05,7.26744e-05,1
6670,6675,6672.5,2.90698e-05,0.000145349,2
6680,6685,6682.5,2.90698e-05,0.000145349,2
6685,6690,6687.5,1.45349e-05,7.26744e-05,1
6690,6695,6692.5,1.45349e-05,7.26744e-05,1
6695,6700,6697.5,1.45349e-05,7.26744e-05,1
6700,6705,6702.5,2.90698e-05,0.000145349,2
6705,6710,6707.5,4.36047e-05,0.000218023,3
6710,6715,6712.5,4.36047e-05,0.000218023,3
6715,6720,6717.5,1.45349e-05,7.26744e-05,1
6720,6725,6722.5,1.45349e-05,7.26744e-05,1
6735,6740,6737.5,1.45349e-05,7.26744e-05,1
6740,6745,6742.5,5.81395e-05,0.000290698,4
6745,6750,6747.5,1.45349e-05,7.26744e-05,1
6750,6755,6752.5,2.90698e-05,0.000145349,2
6755,6760,6757.5,1.45349e-05,7.26744e-05,1
6760,6765,6762.5,1.45349e-05,7.26744e-05,1
6770,6775,6772.5,2.90698e-05,0.000145349,2
6785,6790,6787.5,2.90698e-05,0.000145349,2
6790,6795,6792.5,5.81395e-05,0.000290698,4
6800,6805,6802.5,4.36047e-05,0.000218023,3
6805,6810,6807.5,5.81395e-05,0.000290698,4
6810,6815,6812.5,1.45349e-05,7.26744e-05,1
6830,6835,6832.5,1.45349e-05,7.26744e-05,1
6840,6845,6842.5,2.90698e-05,0.000145349,2
6850,6855,6852.5,1.45349e-05,7.26744e-05,1
6855,6860,6857.5,1.45349e-05,7.26744e-05,1
6865,6870,6867.5,1.45349e-05,7.26744e-05,1
6870,6875,6872.5,2.90698e-05,0.000145349,2
6885,6890,6887.5,5.81395e-05,0.000290698,4
6900,6905,6902.5,2.90698e-05,0.000145349,2
6910,6915,6912.5,4.36047e-05,0.000218023,3
6920,6925,6922.5,1.45349e-05,7.26744e-05,1
6930,6935,6932.5,1.45349e-05,7.26744e-05,1
6935,6940,6937.5,4.36047e-05,0.000218023,3
6945,6950,6947.5,2.90698e-05,0.000145349,2
6950,6955,6952.5,5.81395e-05,0.000290698,4
6955,6960,6957.5,1.45349e-05,7.26744e-05,1
6960,6965,6962.5,1.45349e-05,7.26744e-05,1
6975,6980,6977.5,2.90698e-05,0.000145349,2
6980,6985,6982.5,2.90698e-05,0.000145349,2
6985,6990,6987.5,1.45349e-05,7.26744e-05,1
6990,6995,6992.5,4.36047e-05,0.000218023,3
6995,7000,6997.5,1.45349e-05,7.26744e-05,1
7000,7005,7002.5,2.90698e-05,0.000145349,2
7020,7025,7022.5,4.36047e-05,0.000218023,3
7030,7035,7032.5,1.45349e-05,7.26744e-05,1
7035,7040,7037.5,1.45349e-05,7.26744e-05,1
7045,7050,7047.5,2.90698e-05,0.000145349,2
7050,7055,7052.5,2.90698e-05,0.000145349,2
7055,7060,7057.5,1.45349e-05,7.26744e-05,1
7070,7075,7072.5,1.45349e-05,7.26744e-05,1
7080,7085,7082.5,2.90698e-05,0.000145349,2
7090,7095,7092.5,2.90698e-05,0.000145349,2
7095,7100,7097.5,1.45349e-05,7.26744e-05,1
7100,7105,7102.5,2.90698e-05,0.000145349,2
7105,7110,7107.5,1.45349e-05,7.26744e-05,1
7110,7115,7112.5,1.45349e-05,7.26744e-05,1
7115,7120,7117.5,1.45349e-05,7.26744e-05,1
7120,7125,7122.5,1.45349e-05,7.26744e-05,1
7130,7135,7132.5,1.45349e-05,7.26744e-05,1
7135,7140,7137.5,1.45349e-05,7.26744e-05,1
7140,7145,7142.5,2.90698e-05,0.000145349,2
7145,7150,7147.5,1.45349e-05,7.26744e-05,1
7150,7155,7152.5,2.90698e-05,0.000145349,2
7160,7165,7162.5,2.90698e-05,0.000145349,2
7165,7170,7167.5,1.45349e-05,7.26744e-05,1
7180,7185,7182.5,1.45349e-05,7.26744e-05,1
7190,7195,7192.5,1.45349e-05,7.26744e-05,1
7200,7205,7202.5,1.45349e-05,7.26744e-05,1
7215,7220,7217.5,1.45349e-05,7.26744e-05,1
7220,7225,7222.5,1.45349e-05,7.26744e-05,1
7225,7230,7227.5,2.90698e-05,0.000145349,2
7230,7235,7232.5,1.45349e-05,7.26744e-05,1
7245,7250,7247.5,1.45349e-05,7.26744e-05,1
7250,7255,7252.5,1.45349e-05,7.26744e-05,1
7255,7260,7257.5,1.45349e-05,7.26744e-05,1
7260,7265,7262.5,1.45349e-05,7.26744e-05,1
7265,7270,7267.5,1.45349e-05,7.26744e-05,1
7275,7280,7277.5,1.45349e-05,7.26744e-05,1
7285,7290,7287.5,1.45349e-05,7.26744e-05,1
7290,7295,7292.5,1.45349e-05,7.26744e-05,1
7295,7300,7297.5,1.45349e-05,7.26744e-05,1
7300,7305,7302.5,2.90698e-05,0.000145349,2
7305,7310,7307.5,4.36047e-05,0.000218023,3
7315,7320,7317.5,2.90698e-05,0.000145349,2
7325,7330,7327.5,2.90698e-05,0.000145349,2
7335,7340,7337.5,2.90698e-05,0.000145349,2
7340,7345,7342.5,4.36047e-05,0.000218023,3
7350,7355,7352.5,1.45349e-05,7.26744e-05,1
7355,7360,7357.5,4.36047e-05,0.000218023,3
7360,7365,7362.5,1.45349e-05,7.26744e-05,1
7365,7370,7367.5,1.45349e-05,7.26744e-05,1
7375,7380,7377.5,1.45349e-05,7.26744e-05,1
7385,7390,7387.5,1.45349e-05,7.26744e-05,1
7395,7400,7397.5,4.36047e-05,0.000218023,3
7400,7405,7402.5,4.36047e-05,0.000218023,3
7405,7410,7407.5,2.90698e-05,0.000145349,2
7410,7415,7412.5,1.45349e-05,7.26744e-05,1
7420,7425,7422.5,2.90698e-05,0.000145349,2
7425,7430,7427.5,1.45349e-05,7.26744e-05,1
7430,7435,7432.5,1.45349e-05,7.26744e-05,1
7435,7440,7437.5,1.45349e-05,7.26744e-05,1
7440,7445,7442.5,1.45349e-05,7.26744e-05,1
7445,7450,7447.5,1.45349e-05,7.26744e-05,1
7450,7455,7452.5,1.45349e-05,7.26744e-05,1
7455,7460,7457.5,1.45349e-05,7.26744e-05,1
7465,7470,7467.5,2.90698e-05,0.000145349,2
7475,7480,7477.5,2.90698e-05,0.000145349,2
7480,7485,7482.5,1.45349e-05,7.26744e-05,1
7485,7490,7487.5,2.90698e-05,0.000145349,2
7500,7505,7502.5,1.45349e-05,7.26744e-05,1
7505,7510,7507.5,2.90698e-05,0.000145349,2
7510,7515,7512.5,1.45349e-05,7.26744e-05,1
7515,7520,7517.5,1.45349e-05,7.26744e-05,1
7520,7525,7522.5,2.90698e-05,0.000145349,2
7535,7540,7537.5,2.90698e-05,0.000145349,2
7545,7550,7547.5,4.36047e-05,0.000218023,3
7555,7560,7557.5,2.90698e-05,0.000145349,2
7560,7565,7562.5,1.45349e-05,7.26744e-05,1
7575,7580,7577.5,1.45349e-05,7.26744e-05,1
7595,7600,7597.5,2.90698e-05,0.000145349,2
7605,7610,7607.5,1.45349e-05,7.26744e-05,1
7630,7635,7632.5,5.81395e-05,0.000290698,4
7640,7645,7642.5,2.90698e-05,0.000145349,2
7660,7665,7662.5,4.36047e-05,0.000218023,3
7675,7680,7677.5,1.45349e-05,7.26744e-05,1
7685,7690,7687.5,1.45349e-05,7.26744e-05,1
7690,7695,7692.5,1.45349e-05,7.26744e-05,1
7705,7710,7707.5,1.45349e-05,7.26744e-05,1
7710,7715,7712.5,1.45349e-05,7.26744e-05,1
7715,7720,7717.5,1.45349e-05,7.26744e-05,1
7725,7730,7727.5,1.45349e-05,7.26744e-05,1
7730,7735,7732.5,1.45349e-05,7.26744e-05,1
7745,7750,7747.5,2.90698e-05,0.000145349,2
7750,7755,7752.5,1.45349e-05,7.26744e-05,1
7760,7765,7762.5,1.45349e-05,7.26744e-05,1
7765,7770,7767.5,1.45349e-05,7.26744e-05,1
7780,7785,7782.5,1.45349e-05,7.26744e-05,1
7785,7790,7787.5,1.45349e-05,7.26744e-05,1
7790,7795,7792.5,4.36047e-05,0.000218023,3
7795,7800,7797.5,1.45349e-05,7.26744e-05,1
7805,7810,7807.5,2.90698e-05,0.000145349,2
7810,7815,7812.5,4.36047e-05,0.000218023,3
7815,7820,7817.5,2.90698e-05,0.000145349,2
7830,7835,7832.5,4.36047e-05,0.000218023,3
7845,7850,7847.5,2.90698e-05,0.000145349,2
7855,7860,7857.5,1.45349e-05,7.26744e-05,1
7860,7865,7862.5,2.90698e-05,0.000145349,2
7865,7870,7867.5,1.45349e-05,7.26744e-05,1
7870,7875,7872.5,2.90698e-05,0.000145349,2
7880,7885,7882.5,2.90698e-05,0.000145349,2
7890,7895,7892.5,1.45349e-05,7.26744e-05,1
7895,7900,7897.5,2.90698e-05,0.000145349,2
7900,7905,7902.5,2.90698e-05,0.000145349,2
7910,7915,7912.5,1.45349e-05,7.26744e-05,1
7915,7920,7917.5,1.45349e-05,7.26744e-05,1
7920,7925,7922.5,2.90698e-05,0.000145349,2
7930,7935,7932.5,2.90698e-05,0.000145349,2
7935,7940,7937.5,1.45349e-05,7.26744e-05,1
7965,7970,7967.5,1.45349e-05,7.26744e-05,1
7970,7975,7972.5,1.45349e-05,7.26744e-05,1
7985,7990,7987.5,1.45349e-05,7.26744e-05,1
7990,7995,7992.5,2.90698e-05,0.000145349,2
7995,8000,7997.5,1.45349e-05,7.26744e-05,1
8000,8005,8002.5,2.90698e-05,0.000145349,2
8005,8010,8007.5,1.45349e-05,7.26744e-05,1
8010,8015,8012.5,1.45349e-05,7.26744e-05,1
8015,8020,8017.5,1.45349e-05,7.26744e-05,1
8020,8025,8022.5,2.90698e-05,0.000145349,2
8040,8045,8042.5,1.45349e-05,7.26744e-05,1
8070,8075,8072.5,5.81395e-05,0.000290698,4
8075,8080,8077.5,1.45349e-05,7.26744e-05,1
8080,8085,8082.5,1.45349e-05,7.26744e-05,1
8085,8090,8087.5,2.90698e-05,0.000145349,2
8100,8105,8102.5,1.45349e-05,7.26744e-05,1
8105,8110,8107.5,1.45349e-05,7.26744e-05,1
8120,8125,8122.5,2.90698e-05,0.000145349,2
8130,8135,8132.5,1.45349e-05,7.26744e-05,1
8135,8140,8137.5,1.45349e-05,7.26744e-05,1
8145,8150,8147.5,2.90698e-05,0.000145349,2
8150,8155,8152.5,1.45349e-05,7.26744e-05,1
8160,8165,8162.5,1.45349e-05,7.26744e-05,1
8165,8170,8167.5,1.45349e-05,7.26744e-05,1
8175,8180,8177.5,1.45349e-05,7.26744e-05,1
8180,8185,8182.5,1.45349e-05,7.26744e-05,1
8195,8200,8197.5,1.45349e-05,7.26744e-05,1
8200,8205,8202.5,1.45349e-05,7.26744e-05,1
8205,8210,8207.5,1.45349e-05,7.26744e-05,1
8210,8215,8212.5,1.45349e-05,7.26744e-05,1
8215,8220,8217.5,1.45349e-05,7.26744e-05,1
8220,8225,8222.5,2.90698e-05,0.000145349,2
8235,8240,8237.5,2.90698e-05,0.000145349,2
8240,8245,8242.5,1.45349e-05,7.26744e-05,1
8245,8250,8247.5,1.45349e-05,7.26744e-05,1
8250,8255,8252.5,2.90698e-05,0.000145349,2
8255,8260,8257.5,2.90698e-05,0.000145349,2
8270,8275,8272.5,2.90698e-05,0.000145349,2
8275,8280,8277.5,1.45349e-05,7.26744e-05,1
8280,8285,8282.5,2.90698e-05,0.000145349,2
8290,8295,8292.5,2.90698e-05,0.000145349,2
8295,8300,8297.5,4.36047e-05,0.000218023,3
8330,8335,8332.5,1.45349e-05,7.26744e-05,1
8340,8345,8342.5,1.45349e-05,7.26744e-05,1
8345,8350,8347.5,1.45349e-05,7.26744e-05,1
8355,8360,8357.5,2.90698e-05,0.000145349,2
8360,8365,8362.5,2.90698e-05,0.000145349,2
8365,8370,8367.5,4.36047e-05,0.000218023,3
8370,8375,8372.5,1.45349e-05,7.26744e-05,1
8420,8425,8422.5,2.90698e-05,0.000145349,2
8435,8440,8437.5,1.45349e-05,7.26744e-05,1
8440,8445,8442.5,1.45349e-05,7.26744e-05,1
8470,8475,8472.5,1.45349e-05,7.26744e-05,1
8475,8480,8477.5,1.45349e-05,7.26744e-05,1
8480,8485,8482.5,1.45349e-05,7.26744e-05,1
8485,8490,8487.5,1.45349e-05,7.26744e-05,1
8510,8515,8512.5,1.45349e-05,7.26744e-05,1
8520,8525,8522.5,1.45349e-05,7.26744e-05,1
8525,8530,8527.5,4.36047e-05,0.000218023,3
8535,8540,8537.5,2.90698e-05,0.000145349,2
8545,8550,8547.5,1.45349e-05,7.26744e-05,1
8555,8560,8557.5,1.45349e-05,7.26744e-05,1
8575,8580,8577.5,2.90698e-05,0.000145349,2
8585,8590,8587.5,4.36047e-05,0.000218023,3
8590,8595,8592.5,2.90698e-05,0.000145349,2
8600,8605,8602.5,2.90698e-05,0.000145349,2
8605,8610,8607.5,2.90698e-05,0.000145349,2
8610,8615,8612.5,4.36047e-05,0.000218023,3
8620,8625,8622.5,2.90698e-05,0.000145349,2
8625,8630,8627.5,1.45349e-05,7.26744e-05,1
8645,8650,8647.5,2.90698e-05,0.000145349,2
8650,8655,8652.5,2.90698e-05,0.000145349,2
8655,8660,8657.5,1.45349e-05,7.26744e-05,1
8660,8665,8662.5,1.45349e-05,7.26744e-05,1
8670,8675,8672.5,1.45349e-05,7.26744e-05,1
8675,8680,8677.5,1.45349e-05,7.26744e-05,1
8680,8685,8682.5,1.45349e-05,7.26744e-05,1
8690,8695,8692.5,1.45349e-05,7.26744e-05,1
8695,8700,8697.5,1.45349e-05,7.26744e-05,1
8715,8720,8717.5,2.90698e-05,0.000145349,2
8720,8725,8722.5,1.45349e-05,7.26744e-05,1
8725,8730,8727.5,1.45349e-05,7.26744e-05,1
8745,8750,8747.5,2.90698e-05,0.000145349,2
8750,8755,8752.5,1.45349e-05,7.26744e-05,1
8755,8760,8757.5,2.90698e-05,0.000145349,2
8760,8765,8762.5,1.45349e-05,7.26744e-05,1
8770,8775,8772.5,2.90698e-05,0.000145349,2
8775,8780,8777.5,2.90698e-05,0.000145349,2
8780,8785,8782.5,1.45349e-05,7.26744e-05,1
8785,8790,8787.5,1.45349e-05,7.26744e-05,1
8795,8800,8797.5,1.45349e-05,7.26744e-05,1
8800,8805,8802.5,2.90698e-05,0.000145349,2
8815,8820,8817.5,1.45349e-05,7.26744e-05,1
8820,8825,8822.5,4.36047e-05,0.000218023,3
8835,8840,8837.5,1.45349e-05,7.26744e-05,1
8840,8845,8842.5,5.81395e-05,0.000290698,4
8845,8850,8847.5,2.90698e-05,0.000145349,2
8850,8855,8852.5,1.45349e-05,7.26744e-05,1
8860,8865,8862.5,1.45349e-05,7.26744e-05,1
8875,8880,8877.5,1.45349e-05,7.26744e-05,1
8890,8895,8892.5,1.45349e-05,7.26744e-05,1
8905,8910,8907.5,1.45349e-05,7.26744e-05,1
8915,8920,8917.5,1.45349e-05,7.26744e-05,1
8920,8925,8922.5,1.45349e-05,7.26744e-05,1
8930,8935,8932.5,1.45349e-05,7.26744e-05,1
8935,8940,8937.5,1.45349e-05,7.26744e-05,1
8940,8945,8942.5,1.45349e-05,7.26744e-05,1
8945,8950,8947.5,1.45349e-05,7.26744e-05,1
8950,8955,8952.5,1.45349e-05,7.26744e-05,1
8970,8975,8972.5,1.45349e-05,7.26744e-05,1
8975,8980,8977.5,1.45349e-05,7.26744e-05,1
8995,9000,8997.5,1.45349e-05,7.26744e-05,1
9000,9005,9002.5,1.45349e-05,7.26744e-05,1
9005,9010,9007.5,4.36047e-05,0.000218023,3
9015,9020,9017.5,1.45349e-05,7.26744e-05,1
9020,9025,9022.5,1.45349e-05,7.26744e-05,1
9030,9035,9032.5,2.90698e-05,0.000145349,2
9040,9045,9042.5,1.45349e-05,7.26744e-05,1
9050,9055,9052.5,1.45349e-05,7.26744e-05,1
9070,9075,9072.5,4.36047e-05,0.000218023,3
9085,9090,9087.5,1.45349e-05,7.26744e-05,1
9090,9095,9092.5,2.90698e-05,0.000145349,2
9095,9100,9097.5,2.90698e-05,0.000145349,2
9100,9105,9102.5,1.45349e-05,7.26744e-05,1
9105,9110,9107.5,2.90698e-05,0.000145349,2
9110,9115,9112.5,2.90698e-05,0.000145349,2
9115,9120,9117.5,1.45349e-05,7.26744e-05,1
9125,9130,9127.5,4.36047e-05,0.000218023,3
9135,9140,9137.5,1.45349e-05,7.26744e-05,1
9140,9145,9142.5,1.45349e-05,7.26744e-05,1
9150,9155,9152.5,1.45349e-05,7.26744e-05,1
9170,9175,9172.5,1.45349e-05,7.26744e-05,1
9175,9180,9177.5,1.45349e-05,7.26744e-05,1
9185,9190,9187.5,1.45349e-05,7.26744e-05,1
9190,9195,9192.5,1.45349e-05,7.26744e-05,1
9200,9205,9202.5,1.45349e-05,7.26744e-05,1
9210,9215,9212.5,1.45349e-05,7.26744e-05,1
9215,9220,9217.5,1.45349e-05,7.26744e-05,1
9220,9225,9222.5,1.45349e-05,7.26744e-05,1
9235,9240,9237.5,2.90698e-05,0.000145349,2
9240,9245,9242.5,1.45349e-05,7.26744e-05,1
9245,9250,9247.5,1.45349e-05,7.26744e-05,1
9255,9260,9257.5,4.36047e-05,0.000218023,3
9270,9275,9272.5,4.36047e-05,0.000218023,3
9280,9285,9282.5,2.90698e-05,0.000145349,2
9285,9290,9287.5,1.45349e-05,7.26744e-05,1
9300,9305,9302.5,1.45349e-05,7.26744e-05,1
9330,9335,9332.5,1.45349e-05,7.26744e-05,1
9340,9345,9342.5,1.45349e-05,7.26744e-05,1
9350,9355,9352.5,1.45349e-05,7.26744e-05,1
9355,9360,9357.5,1.45349e-05,7.26744e-05,1
9360,9365,9362.5,1.45349e-05,7.26744e-05,1
9370,9375,9372.5,1.45349e-05,7.26744e-05,1
9375,9380,9377.5,2.90698e-05,0.000145349,2
9380,9385,9382.5,1.45349e-05,7.26744e-05,1
9390,9395,9392.5,1.45349e-05,7.26744e-05,1
9400,9405,9402.5,2.90698e-05,0.000145349,2
9405,9410,9407.5,1.45349e-05,7.26744e-05,1
9415,9420,9417.5,4.36047e-05,0.000218023,3
9440,9445,9442.5,4.36047e-05,0.000218023,3
9445,9450,9447.5,1.45349e-05,7.26744e-05,1
9455,9460,9457.5,1.45349e-05,7.26744e-05,1
9460,9465,9462.5,4.36047e-05,0.000218023,3
9515,9520,9517.5,1.45349e-05,7.26744e-05,1
9520,9525,9522.5,2.90698e-05,0.000145349,2
9535,9540,9537.5,1.45349e-05,7.26744e-05,1
9560,9565,9562.5,1.45349e-05,7.26744e-05,1
9565,9570,9567.5,1.45349e-05,7.26744e-05,1
9570,9575,9572.5,1.45349e-05,7.26744e-05,1
9575,9580,9577.5,2.90698e-05,0.000145349,2
9580,9585,9582.5,1.45349e-05,7.26744e-05,1
9590,9595,9592.5,1.45349e-05,7.26744e-05,1
9600,9605,9602.5,2.90698e-05,0.000145349,2
9610,9615,9612.5,1.45349e-05,7.26744e-05,1
9615,9620,9617.5,1.45349e-05,7.26744e-05,1
9635,9640,9637.5,1.45349e-05,7.26744e-05,1
9655,9660,9657.5,1.45349e-05,7.26744e-05,1
9665,9670,9667.5,1.45349e-05,7.26744e-05,1
9670,9675,9672.5,2.90698e-05,0.000145349,2
9680,9685,9682.5,2.90698e-05,0.000145349,2
9700,9705,9702.5,4.36047e-05,0.000218023,3
9705,9710,9707.5,1.45349e-05,7.26744e-05,1
9720,9725,9722.5,1.45349e-05,7.26744e-05,1
9730,9735,9732.5,1.45349e-05,7.26744e-05,1
9735,9740,9737.5,1.45349e-05,7.26744e-05,1
9740,9745,9742.5,1.45349e-05,7.26744e-05,1
9755,9760,9757.5,1.45349e-05,7.26744e-05,1
9765,9770,9767.5,4.36047e-05,0.000218023,3
9770,9775,9772.5,2.90698e-05,0.000145349,2
9775,9780,9777.5,1.45349e-05,7.26744e-05,1
9780,9785,9782.5,4.36047e-05,0.000218023,3
9785,9790,9787.5,1.45349e-05,7.26744e-05,1
9790,9795,9792.5,2.90698e-05,0.000145349,2
9830,9835,9832.5,2.90698e-05,0.000145349,2
9840,9845,9842.5,1.45349e-05,7.26744e-05,1
9845,9850,9847.5,1.45349e-05,7.26744e-05,1
9860,9865,9862.5,2.90698e-05,0.000145349,2
9870,9875,9872.5,1.45349e-05,7.26744e-05,1
9875,9880,9877.5,1.45349e-05,7.26744e-05,1
9910,9915,9912.5,1.45349e-05,7.26744e-05,1
9915,9920,9917.5,1.45349e-05,7.26744e-05,1
9925,9930,9927.5,1.45349e-05,7.26744e-05,1
9935,9940,9937.5,1.45349e-05,7.26744e-05,1
9940,9945,9942.5,1.45349e-05,7.26744e-05,1
9965,9970,9967.5,2.90698e-05,0.000145349,2
9975,9980,9977.5,2.90698e-05,0.000145349,2
9995,10000,9997.5,1.45349e-05,7.26744e-05,1
10000,10005,10002.5,2.90698e-05,0.000145349,2
10020,10025,10022.5,1.45349e-05,7.26744e-05,1
10025,10030,10027.5,1.45349e-05,7.26744e-05,1
10040,10045,10042.5,1.45349e-05,7.26744e-05,1
10050,10055,10052.5,1.45349e-05,7.26744e-05,1
10055,10060,10057.5,1.45349e-05,7.26744e-05,1
10060,10065,10062.5,2.90698e-05,0.000145349,2
10080,10085,10082.5,2.90698e-05,0.000145349,2
10090,10095,10092.5,1.45349e-05,7.26744e-05,1
10095,10100,10097.5,2.90698e-05,0.000145349,2
10120,10125,10122.5,1.45349e-05,7.26744e-05,1
10125,10130,10127.5,1.45349e-05,7.26744e-05,1
10135,10140,10137.5,1.45349e-05,7.26744e-05,1
10145,10150,10147.5,1.45349e-05,7.26744e-05,1
10150,10155,10152.5,1.45349e-05,7.26744e-05,1
10155,10160,10157.5,1.45349e-05,7.26744e-05,1
10160,10165,10162.5,4.36047e-05,0.000218023,3
10165,10170,10167.5,2.90698e-05,0.000145349,2
10175,10180,10177.5,1.45349e-05,7.26744e-05,1
10185,10190,10187.5,1.45349e-05,7.26744e-05,1
10195,10200,10197.5,1.45349e-05,7.26744e-05,1
10200,10205,10202.5,2.90698e-05,0.000145349,2
10225,10230,10227.5,1.45349e-05,7.26744e-05,1
10245,10250,10247.5,1.45349e-05,7.26744e-05,1
10250,10255,10252.5,1.45349e-05,7.26744e-05,1
10260,10265,10262.5,1.45349e-05,7.26744e-05,1
10280,10285,10282.5,1.45349e-05,7.26744e-05,1
10290,10295,10292.5,1.45349e-05,7.26744e-05,1
10295,10300,10297.5,1.45349e-05,7.26744e-05,1
10305,10310,10307.5,4.36047e-05,0.000218023,3
10310,10315,10312.5,1.45349e-05,7.26744e-05,1
10330,10335,10332.5,1.45349e-05,7.26744e-05,1
10350,10355,10352.5,1.45349e-05,7.26744e-05,1
10355,10360,10357.5,1.45349e-05,7.26744e-05,1
10365,10370,10367.5,1.45349e-05,7.26744e-05,1
10375,10380,10377.5,1.45349e-05,7.26744e-05,1
10385,10390,10387.5,2.90698e-05,0.000145349,2
10395,10400,10397.5,2.90698e-05,0.000145349,2
10400,10405,10402.5,1.45349e-05,7.26744e-05,1
10405,10410,10407.5,1.45349e-05,7.26744e-05,1
10410,10415,10412.5,2.90698e-05,0.000145349,2
10430,10435,10432.5,1.45349e-05,7.26744e-05,1
10465,10470,10467.5,1.45349e-05,7.26744e-05,1
10470,10475,10472.5,1.45349e-05,7.26744e-05,1
10475,10480,10477.5,1.45349e-05,7.26744e-05,1
10485,10490,10487.5,1.45349e-05,7.26744e-05,1
10505,10510,10507.5,1.45349e-05,7.26744e-05,1
10510,10515,10512.5,2.90698e-05,0.000145349,2
10530,10535,10532.5,1.45349e-05,7.26744e-05,1
10545,10550,10547.5,1.45349e-05,7.26744e-05,1
10600,10605,10602.5,2.90698e-05,0.000145349,2
10605,10610,10607.5,1.45349e-05,7.26744e-05,1
10620,10625,10622.5,2.90698e-05,0.000145349,2
10625,10630,10627.5,2.90698e-05,0.000145349,2
10630,10635,10632.5,1.45349e-05,7.26744e-05,1
10635,10640,10637.5,1.45349e-05,7.26744e-05,1
10675,10680,10677.5,1.45349e-05,7.26744e-05,1
10680,10685,10682.5,1.45349e-05,7.26744e-05,1
10700,10705,10702.5,1.45349e-05,7.26744e-05,1
10705,10710,10707.5,1.45349e-05,7.26744e-05,1
10710,10715,10712.5,1.45349e-05,7.26744e-05,1
10715,10720,10717.5,1.45349e-05,7.26744e-05,1
10745,10750,10747.5,1.45349e-05,7.26744e-05,1
10775,10780,10777.5,1.45349e-05,7.26744e-05,1
10780,10785,10782.5,1.45349e-05,7.26744e-05,1
10800,10805,10802.5,2.90698e-05,0.000145349,2
10820,10825,10822.5,2.90698e-05,0.000145349,2
10845,10850,10847.5,1.45349e-05,7.26744e-05,1
10850,10855,10852.5,1.45349e-05,7.26744e-05,1
10875,10880,10877.5,1.45349e-05,7.26744e-05,1
10885,10890,10887.5,1.45349e-05,7.26744e-05,1
10895,10900,10897.5,1.45349e-05,7.26744e-05,1
10900,10905,10902.5,1.45349e-05,7.26744e-05,1
10905,10910,10907.5,2.90698e-05,0.000145349,2
10915,10920,10917.5,1.45349e-05,7.26744e-05,1
10920,10925,10922.5,1.45349e-05,7.26744e-05,1
10945,10950,10947.5,1.45349e-05,7.26744e-05,1
10960,10965,10962.5,2.90698e-05,0.000145349,2
10965,10970,10967.5,1.45349e-05,7.26744e-05,1
10980,10985,10982.5,2.90698e-05,0.000145349,2
11005,11010,11007.5,1.45349e-05,7.26744e-05,1
11025,11030,11027.5,1.45349e-05,7.26744e-05,1
11045,11050,11047.5,1.45349e-05,7.26744e-05,1
11060,11065,11062.5,2.90698e-05,0.000145349,2
11070,11075,11072.5,1.45349e-05,7.26744e-05,1
11075,11080,11077.5,1.45349e-05,7.26744e-05,1
11090,11095,11092.5,1.45349e-05,7.26744e-05,1
11100,11105,11102.5,1.45349e-05,7.26744e-05,1
11125,11130,11127.5,1.45349e-05,7.26744e-05,1
11140,11145,11142.5,1.45349e-05,7.26744e-05,1
11150,11155,11152.5,1.45349e-05,7.26744e-05,1
11155,11160,11157.5,1.45349e-05,7.26744e-05,1
11160,11165,11162.5,1.45349e-05,7.26744e-05,1
11220,11225,11222.5,1.45349e-05,7.26744e-05,1
11225,11230,11227.5,1.45349e-05,7.26744e-05,1
11240,11245,11242.5,4.36047e-05,0.000218023,3
11245,11250,11247.5,1.45349e-05,7.26744e-05,1
11250,11255,11252.5,2.90698e-05,0.000145349,2
11280,11285,11282.5,1.45349e-05,7.26744e-05,1
11305,11310,11307.5,2.90698e-05,0.000145349,2
11315,11320,11317.5,2.90698e-05,0.000145349,2
11325,11330,11327.5,1.45349e-05,7.26744e-05,1
11335,11340,11337.5,1.45349e-05,7.26744e-05,1
11340,11345,11342.5,1.45349e-05,7.26744e-05,1
11355,11360,11357.5,1.45349e-05,7.26744e-05,1
11395,11400,11397.5,2.90698e-05,0.000145349,2
11410,11415,11412.5,1.45349e-05,7.26744e-05,1
11415,11420,11417.5,1.45349e-05,7.26744e-05,1
11420,11425,11422.5,1.45349e-05,7.26744e-05,1
11435,11440,11437.5,1.45349e-05,7.26744e-05,1
11450,11455,11452.5,4.36047e-05,0.000218023,3
11455,11460,11457.5,1.45349e-05,7.26744e-05,1
11465,11470,11467.5,2.90698e-05,0.000145349,2
11505,11510,11507.5,2.90698e-05,0.000145349,2
11510,11515,11512.5,2.90698e-05,0.000145349,2
11515,11520,11517.5,1.45349e-05,7.26744e-05,1
11530,11535,11532.5,1.45349e-05,7.26744e-05,1
11545,11550,11547.5,1.45349e-05,7.26744e-05,1
11595,11600,11597.5,1.45349e-05,7.26744e-05,1
11615,11620,11617.5,2.90698e-05,0.000145349,2
11625,11630,11627.5,1.45349e-05,7.26744e-05,1
11630,11635,11632.5,1.45349e-05,7.26744e-05,1
11635,11640,11637.5,2.90698e-05,0.000145349,2
11655,11660,11657.5,1.45349e-05,7.26744e-05,1
11690,11695,11692.5,1.45349e-05,7.26744e-05,1
11695,11700,11697.5,2.90698e-05,0.000145349,2
11705,11710,11707.5,1.45349e-05,7.26744e-05,1
11710,11715,11712.5,1.45349e-05,7.26744e-05,1
11730,11735,11732.5,1.45349e-05,7.26744e-05,1
11735,11740,11737.5,1.45349e-05,7.26744e-05,1
11740,11745,11742.5,2.90698e-05,0.000145349,2
11790,11795,11792.5,1.45349e-05,7.26744e-05,1
11805,11810,11807.5,1.45349e-05,7.26744e-05,1
11810,11815,11812.5,1.45349e-05,7.26744e-05,1
11820,11825,11822.5,1.45349e-05,7.26744e-05,1
11825,11830,11827.5,2.90698e-05,0.000145349,2
11840,11845,11842.5,1.45349e-05,7.26744e-05,1
11870,11875,11872.5,1.45349e-05,7.26744e-05,1
11875,11880,11877.5,2.90698e-05,0.000145349,2
11880,11885,11882.5,1.45349e-05,7.26744e-05,1
11885,11890,11887.5,1.45349e-05,7.26744e-05,1
11905,11910,11907.5,1.45349e-05,7.26744e-05,1
11915,11920,11917.5,1.45349e-05,7.26744e-05,1
11930,11935,11932.5,1.45349e-05,7.26744e-05,1
11935,11940,11937.5,1.45349e-05,7.26744e-05,1
11955,11960,11957.5,1.45349e-05,7.26744e-05,1
11960,11965,11962.5,1.45349e-05,7.26744e-05,1
11965,11970,11967.5,1.45349e-05,7.26744e-05,1
12030,12035,12032.5,1.45349e-05,7.26744e-05,1
12045,12050,12047.5,1.45349e-05,7.26744e-05,1
12050,12055,12052.5,1.45349e-05,7.26744e-05,1
12060,12065,12062.5,1.45349e-05,7.26744e-05,1
12080,12085,12082.5,1.45349e-05,7.26744e-05,1
12085,12090,12087.5,1.45349e-05,7.26744e-05,1
12100,12105,12102.5,1.45349e-05,7.26744e-05,1
12115,12120,12117.5,1.45349e-05,7.26744e-05,1
12125,12130,12127.5,1.45349e-05,7.26744e-05,1
12140,12145,12142.5,1.45349e-05,7.26744e-05,1
12150,12155,12152.5,1.45349e-05,7.26744e-05,1
12160,12165,12162.5,1.45349e-05,7.26744e-05,1
12175,12180,12177.5,2.90698e-05,0.000145349,2
12185,12190,12187.5,2.90698e-05,0.000145349,2
12195,12200,12197.5,1.45349e-05,7.26744e-05,1
12200,12205,12202.5,1.45349e-05,7.26744e-05,1
12205,12210,12207.5,1.45349e-05,7.26744e-05,1
12240,12245,12242.5,1.45349e-05,7.26744e-05,1
12245,12250,12247.5,1.45349e-05,7.26744e-05,1
12265,12270,12267.5,1.45349e-05,7.26744e-05,1
12270,12275,12272.5,1.45349e-05,7.26744e-05,1
12275,12280,12277.5,1.45349e-05,7.26744e-05,1
12295,12300,12297.5,1.45349e-05,7.26744e-05,1
12300,12305,12302.5,1.45349e-05,7.26744e-05,1
12320,12325,12322.5,1.45349e-05,7.26744e-05,1
12325,12330,12327.5,1.45349e-05,7.26744e-05,1
12340,12345,12342.5,1.45349e-05,7.26744e-05,1
12350,12355,12352.5,1.45349e-05,7.26744e-05,1
12380,12385,12382.5,2.90698e-05,0.000145349,2
12390,12395,12392.5,2.90698e-05,0.000145349,2
12415,12420,12417.5,1.45349e-05,7.26744e-05,1
12430,12435,12432.5,2.90698e-05,0.000145349,2
12440,12445,12442.5,2.90698e-05,0.000145349,2
12445,12450,12447.5,1.45349e-05,7.26744e-05,1
12505,12510,12507.5,1.45349e-05,7.26744e-05,1
12520,12525,12522.5,1.45349e-05,7.26744e-05,1
12530,12535,12532.5,1.45349e-05,7.26744e-05,1
12545,12550,12547.5,1.45349e-05,7.26744e-05,1
12550,12555,12552.5,1.45349e-05,7.26744e-05,1
12560,12565,12562.5,1.45349e-05,7.26744e-05,1
12565,12570,12567.5,1.45349e-05,7.26744e-05,1
12575,12580,12577.5,1.45349e-05,7.26744e-05,1
12590,12595,12592.5,1.45349e-05,7.26744e-05,1
12620,12625,12622.5,1.45349e-05,7.26744e-05,1
12630,12635,12632.5,1.45349e-05,7.26744e-05,1
12660,12665,12662.5,1.45349e-05,7.26744e-05,1
12670,12675,12672.5,2.90698e-05,0.000145349,2
12715,12720,12717.5,1.45349e-05,7.26744e-05,1
12740,12745,12742.5,1.45349e-05,7.26744e-05,1
12775,12780,12777.5,2.90698e-05,0.000145349,2
12810,12815,12812.5,1.45349e-05,7.26744e-05,1
12835,12840,12837.5,1.45349e-05,7.26744e-05,1
12840,12845,12842.5,1.45349e-05,7.26744e-05,1
12850,12855,12852.5,1.45349e-05,7.26744e-05,1
12865,12870,12867.5,1.45349e-05,7.26744e-05,1
12870,12875,12872.5,2.90698e-05,0.000145349,2
12875,12880,12877.5,1.45349e-05,7.26744e-05,1
12880,12885,12882.5,1.45349e-05,7.26744e-05,1
12890,12895,12892.5,1.45349e-05,7.26744e-05,1
12895,12900,12897.5,1.45349e-05,7.26744e-05,1
12900,12905,12902.5,1.45349e-05,7.26744e-05,1
12910,12915,12912.5,1.45349e-05,7.26744e-05,1
12915,12920,12917.5,1.45349e-05,7.26744e-05,1
12925,12930,12927.5,2.90698e-05,0.000145349,2
12930,12935,12932.5,1.45349e-05,7.26744e-05,1
12935,12940,12937.5,1.45349e-05,7.26744e-05,1
12950,12955,12952.5,1.45349e-05,7.26744e-05,1
12965,12970,12967.5,1.45349e-05,7.26744e-05,1
12970,12975,12972.5,1.45349e-05,7.26744e-05,1
12975,12980,12977.5,2.90698e-05,0.000145349,2
12980,12985,12982.5,1.45349e-05,7.26744e-05,1
12985,12990,12987.5,1.45349e-05,7.26744e-05,1
13030,13035,13032.5,1.45349e-05,7.26744e-05,1
13035,13040,13037.5,1.45349e-05,7.26744e-05,1
13045,13050,13047.5,2.90698e-05,0.000145349,2
13060,13065,13062.5,1.45349e-05,7.26744e-05,1
13075,13080,13077.5,1.45349e-05,7.26744e-05,1
13085,13090,13087.5,1.45349e-05,7.26744e-05,1
13095,13100,13097.5,1.45349e-05,7.26744e-05,1
13100,13105,13102.5,1.45349e-05,7.26744e-05,1
13105,13110,13107.5,2.90698e-05,0.000145349,2
13110,13115,13112.5,1.45349e-05,7.26744e-05,1
13125,13130,13127.5,1.45349e-05,7.26744e-05,1
13135,13140,13137.5,1.45349e-05,7.26744e-05,1
13155,13160,13157.5,1.45349e-05,7.26744e-05,1
13200,13205,13202.5,1.45349e-05,7.26744e-05,1
13205,13210,13207.5,1.45349e-05,7.26744e-05,1
13235,13240,13237.5,1.45349e-05,7.26744e-05,1
13245,13250,13247.5,1.45349e-05,7.26744e-05,1
13250,13255,13252.5,1.45349e-05,7.26744e-05,1
13260,13265,13262.5,1.45349e-05,7.26744e-05,1
13275,13280,13277.5,1.45349e-05,7.26744e-05,1
13310,13315,13312.5,1.45349e-05,7.26744e-05,1
13325,13330,13327.5,1.45349e-05,7.26744e-05,1
13335,13340,13337.5,1.45349e-05,7.26744e-05,1
13350,13355,13352.5,1.45349e-05,7.26744e-05,1
13430,13435,13432.5,1.45349e-05,7.26744e-05,1
13470,13475,13472.5,1.45349e-05,7.26744e-05,1
13505,13510,13507.5,1.45349e-05,7.26744e-05,1
13510,13515,13512.5,1.45349e-05,7.26744e-05,1
13565,13570,13567.5,1.45349e-05,7.26744e-05,1
13590,13595,13592.5,1.45349e-05,7.26744e-05,1
13595,13600,13597.5,1.45349e-05,7.26744e-05,1
13620,13625,13622.5,1.45349e-05,7.26744e-05,1
13670,13675,13672.5,1.45349e-05,7.26744e-05,1
13675,13680,13677.5,1.45349e-05,7.26744e-05,1
13680,13685,13682.5,1.45349e-05,7.26744e-05,1
13705,13710,13707.5,1.45349e-05,7.26744e-05,1
13755,13760,13757.5,1.45349e-05,7.26744e-05,1
13760,13765,13762.5,1.45349e-05,7.26744e-05,1
13770,13775,13772.5,1.45349e-05,7.26744e-05,1
13780,13785,13782.5,1.45349e-05,7.26744e-05,1
13800,13805,13802.5,1.45349e-05,7.26744e-05,1
13830,13835,13832.5,1.45349e-05,7.26744e-05,1
13840,13845,13842.5,1.45349e-05,7.26744e-05,1
13850,13855,13852.5,1.45349e-05,7.26744e-05,1
13870,13875,13872.5,2.90698e-05,0.000145349,2
13875,13880,13877.5,1.45349e-05,7.26744e-05,1
13880,13885,13882.5,1.45349e-05,7.26744e-05,1
13885,13890,13887.5,1.45349e-05,7.26744e-05,1
13895,13900,13897.5,1.45349e-05,7.26744e-05,1
13925,13930,13927.5,1.45349e-05,7.26744e-05,1
13970,13975,13972.5,1.45349e-05,7.26744e-05,1
13980,13985,13982.5,1.45349e-05,7.26744e-05,1
13985,13990,13987.5,1.45349e-05,7.26744e-05,1
14000,14005,14002.5,1.45349e-05,7.26744e-05,1
14035,14040,14037.5,1.45349e-05,7.26744e-05,1
14045,14050,14047.5,1.45349e-05,7.26744e-05,1
14075,14080,14077.5,2.90698e-05,0.000145349,2
14080,14085,14082.5,1.45349e-05,7.26744e-05,1
14095,14100,14097.5,1.45349e-05,7.26744e-05,1
14155,14160,14157.5,1.45349e-05,7.26744e-05,1
14175,14180,14177.5,1.45349e-05,7.26744e-05,1
14190,14195,14192.5,1.45349e-05,7.26744e-05,1
14200,14205,14202.5,1.45349e-05,7.26744e-05,1
14210,14215,14212.5,1.45349e-05,7.26744e-05,1
14220,14225,14222.5,1.45349e-05,7.26744e-05,1
14235,14240,14237.5,1.45349e-05,7.26744e-05,1
14240,14245,14242.5,2.90698e-05,0.000145349,2
14275,14280,14277.5,1.45349e-05,7.26744e-05,1
14280,14285,14282.5,1.45349e-05,7.26744e-05,1
14285,14290,14287.5,1.45349e-05,7.26744e-05,1
14305,14310,14307.5,4.36047e-05,0.000218023,3
14310,14315,14312.5,1.45349e-05,7.26744e-05,1
14335,14340,14337.5,1.45349e-05,7.26744e-05,1
14350,14355,14352.5,1.45349e-05,7.26744e-05,1
14435,14440,14437.5,2.90698e-05,0.000145349,2
14445,14450,14447.5,1.45349e-05,7.26744e-05,1
14485,14490,14487.5,1.45349e-05,7.26744e-05,1
14550,14555,14552.5,1.45349e-05,7.26744e-05,1
14590,14595,14592.5,1.45349e-05,7.26744e-05,1
14610,14615,14612.5,1.45349e-05,7.26744e-05,1
14645,14650,14647.5,1.45349e-05,7.26744e-05,1
14655,14660,14657.5,1.45349e-05,7.26744e-05,1
14695,14700,14697.5,1.45349e-05,7.26744e-05,1
14700,14705,14702.5,1.45349e-05,7.26744e-05,1
14705,14710,14707.5,1.45349e-05,7.26744e-05,1
14725,14730,14727.5,1.45349e-05,7.26744e-05,1
14740,14745,14742.5,1.45349e-05,7.26744e-05,1
14760,14765,14762.5,1.45349e-05,7.26744e-05,1
14765,14770,14767.5,1.45349e-05,7.26744e-05,1
14795,14800,14797.5,1.45349e-05,7.26744e-05,1
14880,14885,14882.5,1.45349e-05,7.26744e-05,1
14900,14905,14902.5,1.45349e-05,7.26744e-05,1
14905,14910,14907.5,1.45349e-05,7.26744e-05,1
14945,14950,14947.5,1.45349e-05,7.26744e-05,1
14990,14995,14992.5,1.45349e-05,7.26744e-05,1
15025,15030,15027.5,2.90698e-05,0.000145349,2
15050,15055,15052.5,1.45349e-05,7.26744e-05,1
15130,15135,15132.5,1.45349e-05,7.26744e-05,1
15155,15160,15157.5,1.45349e-05,7.26744e-05,1
15165,15170,15167.5,1.45349e-05,7.26744e-05,1
15185,15190,15187.5,1.45349e-05,7.26744e-05,1
15190,15195,15192.5,1.45349e-05,7.26744e-05,1
15200,15205,15202.5,1.45349e-05,7.26744e-05,1
15245,15250,15247.5,1.45349e-05,7.26744e-05,1
15260,15265,15262.5,1.45349e-05,7.26744e-05,1
15275,15280,15277.5,1.45349e-05,7.26744e-05,1
15315,15320,15317.5,1.45349e-05,7.26744e-05,1
15375,15380,15377.5,1.45349e-05,7.26744e-05,1
15455,15460,15457.5,1.45349e-05,7.26744e-05,1
15460,15465,15462.5,1.45349e-05,7.26744e-05,1
15545,15550,15547.5,1.45349e-05,7.26744e-05,1
15565,15570,15567.5,1.45349e-05,7.26744e-05,1
15605,15610,15607.5,1.45349e-05,7.26744e-05,1
15635,15640,15637.5,1.45349e-05,7.26744e-05,1
15655,15660,15657.5,1.45349e-05,7.26744e-05,1
15665,15670,15667.5,1.45349e-05,7.26744e-05,1
15800,15805,15802.5,1.45349e-05,7.26744e-05,1
15860,15865,15862.5,1.45349e-05,7.26744e-05,1
15880,15885,15882.5,1.45349e-05,7.26744e-05,1
15910,15915,15912.5,1.45349e-05,7.26744e-05,1
15920,15925,15922.5,1.45349e-05,7.26744e-05,1
15925,15930,15927.5,1.45349e-05,7.26744e-05,1
15980,15985,15982.5,1.45349e-05,7.26744e-05,1
16000,16005,16002.5,1.45349e-05,7.26744e-05,1
16060,16065,16062.5,1.45349e-05,7.26744e-05,1
16075,16080,16077.5,1.45349e-05,7.26744e-05,1
16085,16090,16087.5,1.45349e-05,7.26744e-05,1
16180,16185,16182.5,1.45349e-05,7.26744e-05,1
16220,16225,16222.5,1.45349e-05,7.26744e-05,1
16255,16260,16257.5,1.45349e-05,7.26744e-05,1
16320,16325,16322.5,1.45349e-05,7.26744e-05,1
16450,16455,16452.5,1.45349e-05,7.26744e-05,1
16460,16465,16462.5,1.45349e-05,7.26744e-05,1
16480,16485,16482.5,1.45349e-05,7.26744e-05,1
16490,16495,16492.5,1.45349e-05,7.26744e-05,1
16535,16540,16537.5,1.45349e-05,7.26744e-05,1
16580,16585,16582.5,1.45349e-05,7.26744e-05,1
16590,16595,16592.5,1.45349e-05,7.26744e-05,1
16635,16640,16637.5,1.45349e-05,7.26744e-05,1
16765,16770,16767.5,1.45349e-05,7.26744e-05,1
16770,16775,16772.5,1.45349e-05,7.26744e-05,1
16820,16825,16822.5,1.45349e-05,7.26744e-05,1
16825,16830,16827.5,1.45349e-05,7.26744e-05,1
16860,16865,16862.5,1.45349e-05,7.26744e-05,1
17045,17050,17047.5,1.45349e-05,7.26744e-05,1
17055,17060,17057.5,1.45349e-05,7.26744e-05,1
17090,17095,17092.5,1.45349e-05,7.26744e-05,1
17095,17100,17097.5,1.45349e-05,7.26744e-05,1
17125,17130,17127.5,1.45349e-05,7.26744e-05,1
17220,17225,17222.5,1.45349e-05,7.26744e-05,1
17225,17230,17227.5,1.45349e-05,7.26744e-05,1
17245,17250,17247.5,1.45349e-05,7.26744e-05,1
17300,17305,17302.5,1.45349e-05,7.26744e-05,1
17320,17325,17322.5,1.45349e-05,7.26744e-05,1
17705,17710,17707.5,1.45349e-05,7.26744e-05,1
17745,17750,17747.5,1.45349e-05,7.26744e-05,1
17790,17795,17792.5,1.45349e-05,7.26744e-05,1
17825,17830,17827.5,1.45349e-05,7.26744e-05,1
18015,18020,18017.5,1.45349e-05,7.26744e-05,1
18065,18070,18067.5,1.45349e-05,7.26744e-05,1
18070,18075,18072.5,1.45349e-05,7.26744e-05,1
18075,18080,18077.5,1.45349e-05,7.26744e-05,1
18130,18135,18132.5,1.45349e-05,7.26744e-05,1
18140,18145,18142.5,1.45349e-05,7.26744e-05,1
18190,18195,18192.5,1.45349e-05,7.26744e-05,1
18195,18200,18197.5,2.90698e-05,0.000145349,2
18320,18325,18322.5,1.45349e-05,7.26744e-05,1
18385,18390,18387.5,1.45349e-05,7.26744e-05,1
18410,18415,18412.5,1.45349e-05,7.26744e-05,1
18430,18435,18432.5,1.45349e-05,7.26744e-05,1
18470,18475,18472.5,1.45349e-05,7.26744e-05,1
18730,18735,18732.5,1.45349e-05,7.26744e-05,1
18780,18785,18782.5,1.45349e-05,7.26744e-05,1
19115,19120,19117.5,1.45349e-05,7.26744e-05,1
19150,19155,19152.5,1.45349e-05,7.26744e-05,1
19840,19845,19842.5,1.45349e-05,7.26744e-05,1
20655,20660,20657.5,1.45349e-05,7.26744e-05,1
21730,21735,21732.5,1.45349e-05,7.26744e-05,1
22375,22380,22377.5,1.45349e-05,7.26744e-05,1
22805,22810,22807.5,1.45349e-05,7.26744e-05,1
VO Delay PDF CSV saved: scratch/delay_pdf/pedca_vo_delay_pdf.csv

P-EDCA STA Delay PDF CSV saved: /home/nathanlo/ns-3.45/scratch/delay_pdf/11be/adaptive_compare_burst/default_k15_s2.csv
Legacy STA Delay PDF CSV saved: /home/nathanlo/ns-3.45/scratch/delay_pdf/11be/adaptive_compare_burst/default_k15_s2_legacy.csv
--- EXTENDED_STATS_BEGIN ---
PEDCA_STA_SUCC_COUNT: 6874
PEDCA_STA_FAIL_COUNT: 544
PEDCA_STA_ZERO_RETX: 6872
LEGACY_STA_SUCC_COUNT: 6886
LEGACY_STA_FAIL_COUNT: 414
LEGACY_STA_ZERO_RETX: 6880
PEDCA_STA_AVG_MAC_DELAY: 2441.57
PEDCA_STA_AVG_QUEUE_DELAY: 2150.37
PEDCA_STA_AVG_ACCESS_DELAY: 291.193
LEGACY_STA_AVG_MAC_DELAY: 2552.8
LEGACY_STA_AVG_QUEUE_DELAY: 2228.16
LEGACY_STA_AVG_ACCESS_DELAY: 324.643
--- EXTENDED_STATS_END ---
