[INFO] std::clog redirected to: /dev/null

--- Per-STA P-EDCA Detail ---
  STA0: DS-CTS=1 S2Entry=1 S2Tx=1 PedcaOK=1 EdcaOK=0 FailCTS=0 FailColl=0 FailExp=0 Defer=0
  STA1: DS-CTS=107 S2Entry=107 S2Tx=93 PedcaOK=93 EdcaOK=574 FailCTS=0 FailColl=0 FailExp=0 Defer=0
  STA2: DS-CTS=201 S2Entry=201 S2Tx=143 PedcaOK=125 EdcaOK=246 FailCTS=18 FailColl=0 FailExp=0 Defer=0
  STA3: DS-CTS=85 S2Entry=85 S2Tx=75 PedcaOK=75 EdcaOK=807 FailCTS=0 FailColl=0 FailExp=0 Defer=0
  STA4: DS-CTS=230 S2Entry=230 S2Tx=158 PedcaOK=146 EdcaOK=347 FailCTS=12 FailColl=0 FailExp=0 Defer=2
  STA5: DS-CTS=249 S2Entry=249 S2Tx=195 PedcaOK=185 EdcaOK=380 FailCTS=10 FailColl=0 FailExp=0 Defer=0
  STA6: DS-CTS=215 S2Entry=215 S2Tx=147 PedcaOK=134 EdcaOK=188 FailCTS=13 FailColl=0 FailExp=0 Defer=2
  STA7: DS-CTS=187 S2Entry=187 S2Tx=133 PedcaOK=130 EdcaOK=356 FailCTS=3 FailColl=0 FailExp=0 Defer=0
  STA8: DS-CTS=200 S2Entry=200 S2Tx=154 PedcaOK=146 EdcaOK=244 FailCTS=8 FailColl=0 FailExp=0 Defer=0
  STA9: DS-CTS=208 S2Entry=208 S2Tx=137 PedcaOK=128 EdcaOK=220 FailCTS=9 FailColl=0 FailExp=0 Defer=0
  STA10: DS-CTS=172 S2Entry=172 S2Tx=118 PedcaOK=111 EdcaOK=150 FailCTS=7 FailColl=0 FailExp=0 Defer=0
  STA11: DS-CTS=1 S2Entry=1 S2Tx=1 PedcaOK=1 EdcaOK=0 FailCTS=0 FailColl=0 FailExp=0 Defer=0
  STA12: DS-CTS=192 S2Entry=192 S2Tx=156 PedcaOK=155 EdcaOK=610 FailCTS=1 FailColl=0 FailExp=0 Defer=0
  STA13: DS-CTS=286 S2Entry=286 S2Tx=213 PedcaOK=204 EdcaOK=403 FailCTS=9 FailColl=0 FailExp=0 Defer=3
  STA14: DS-CTS=249 S2Entry=249 S2Tx=184 PedcaOK=171 EdcaOK=357 FailCTS=13 FailColl=0 FailExp=0 Defer=11

=== General Statistics ===
P-EDCA Ratio: 0.5
P-EDCA STAs: 15/30
P-EDCA Share (Avg Per-STA P-EDCA Tx/Total Tx): 39.3242 %
Avg P-EDCA Attempt Success Rate: 75.1177 %
Global P-EDCA Tx Success: 1805
Global EDCA Tx Success: 4882
Global P-EDCA Attempt (DS-CTS Sent): 2583

--- P-EDCA Detailed Trace ---
Stage 2 Entered: 2583
Stage 2 TX Started: 1908
P-EDCA Fail RTS No CTS: 103
P-EDCA Fail RTS Collision: 0
P-EDCA Fail Timing Expired: 0
P-EDCA Fail Deferral: 18
Total VO TX (P-EDCA+EDCA): 6687
Global P-EDCA Share: 26.9927 %
Global EDCA Share: 73.0073 %
Channel Idle Time (AP): 26.4253 % (1.84977e+06 us / 7e+06 us)
Total Successes:       14086
Total Failures:        1459
Total Retransmissions: 12

--- Per-AC Success Statistics ---
AC_BE:
  Successes:         40
  Throughput:        0.0457143 Mbps
  Packet Loss:       31.0345 %
  Avg Retx/MPDU:     0
  Avg Queue Delay:   -1.26616e+06 us (Enqueue->TxStart)
  Avg Access Delay:  1.39082e+06 us (TxStart->Ack)
  Avg MAC Delay:     124661 us (Total: Enqueue->Ack)

AC_VO:
  Successes:         14046
  Throughput:        16.0526 Mbps
  Packet Loss:       9.30458 %
  Avg Retx/MPDU:     0.000854336
  Avg Queue Delay:   2092.26 us (Enqueue->TxStart)
  Avg Access Delay:  306.974 us (TxStart->Ack)
  Avg MAC Delay:     2399.24 us (Total: Enqueue->Ack)

--- Per-AC Failure Statistics ---
AC_BE Failures: 18
AC_VO Failures: 1441

--- Failure Reasons by AC ---
  AC_BE EXPIRED_LIFETIME: 18
  AC_VO RETRY_LIMIT: 1440
  AC_VO QOS_OLD_PACKET: 1


=== Extended P-EDCA vs Legacy Statistics ===

--- [Stat 1] Delay by STA Type ---
P-EDCA STAs (15 STAs):
  Successes:         7050
  Failures:          549
  Throughput:        8.05714 Mbps
  Packet Loss:       7.22463 %
  Avg Queue Delay:   1948.75 us
  Avg Access Delay:  294.097 us
  Avg MAC Delay:     2242.85 us
  Median MAC Delay:  1414 us
  P95 MAC Delay:     7000 us
  P99 MAC Delay:     13159 us
Legacy EDCA STAs (15 STAs):
  Successes:         6996
  Failures:          893
  Throughput:        7.99543 Mbps
  Packet Loss:       11.3196 %
  Avg Queue Delay:   2236.89 us
  Avg Access Delay:  319.95 us
  Avg MAC Delay:     2556.84 us
  Median MAC Delay:  1441 us
  P95 MAC Delay:     9403 us
  P99 MAC Delay:     14077 us

--- [Stat 2] Per-STA P-EDCA Attempt Count (DS-CTS Sent) ---
  STA0: 1 P-EDCA attempts
  STA1: 107 P-EDCA attempts
  STA2: 201 P-EDCA attempts
  STA3: 85 P-EDCA attempts
  STA4: 230 P-EDCA attempts
  STA5: 249 P-EDCA attempts
  STA6: 215 P-EDCA attempts
  STA7: 187 P-EDCA attempts
  STA8: 200 P-EDCA attempts
  STA9: 208 P-EDCA attempts
  STA10: 172 P-EDCA attempts
  STA11: 1 P-EDCA attempts
  STA12: 192 P-EDCA attempts
  STA13: 286 P-EDCA attempts
  STA14: 249 P-EDCA attempts
  Total: 2583 P-EDCA attempts across 15 P-EDCA STAs
  Avg per P-EDCA STA: 172.2

--- [Stat 3] P-EDCA One-Shot Success Probability ---
  P-EDCA Success / DS-CTS Sent:      1805 / 2583 = 69.88 %
  P-EDCA Success / Stage2 TX Started: 1805 / 1908 = 94.6017 %  (given RTS was actually sent)

--- [Stat 4] EDCA One-Shot Success Ratio (0 retransmissions) ---
  Legacy STAs: 6994 / 6996 = 99.9714 %
  P-EDCA STAs: 7040 / 7050 = 99.8582 %  (MAC-level, includes both P-EDCA and EDCA paths)

--- [Stat 5] P-EDCA Kickback-to-EDCA Probability ---
  Total P-EDCA Failures: 121 / 2583 DS-CTS = 4.68448 %
    RTS No CTS:       103 (3.98761 %)
    RTS Collision:    0 (0 %)
    Timing Expired:   0 (0 %)
    Deferral:         18 (0.696864 %)

--- [Stat 6] P-EDCA RTS Collision Probability ---
  RTS Collision / Stage2 TX Started: 0 / 1908 = 0 %
  RTS Collision / DS-CTS Sent:       0 / 2583 = 0 %

--- [Stat 7] P-EDCA Attempts per Successful P-EDCA TX ---
  DS-CTS Sent / P-EDCA Success: 2583 / 1805 = 1.43102 attempts/success
  Stage2 TX / P-EDCA Success:   1908 / 1805 = 1.05706 RTS/success

--- VO Delay PDF (MAC Delay) ---
bin_start_us,bin_end_us,bin_mid_us,pdf_per_us,probability,count
210,215,212.5,1.42389e-05,7.11946e-05,1
215,220,217.5,9.96725e-05,0.000498363,7
220,225,222.5,9.96725e-05,0.000498363,7
225,230,227.5,0.000113911,0.000569557,8
230,235,232.5,0.000113911,0.000569557,8
235,240,237.5,0.000113911,0.000569557,8
240,245,242.5,0.000113911,0.000569557,8
245,250,247.5,0.000113911,0.000569557,8
250,255,252.5,9.96725e-05,0.000498363,7
255,260,257.5,9.96725e-05,0.000498363,7
260,265,262.5,0.000113911,0.000569557,8
265,270,267.5,9.96725e-05,0.000498363,7
270,275,272.5,8.54336e-05,0.000427168,6
275,280,277.5,4.27168e-05,0.000213584,3
280,285,282.5,0.000213584,0.00106792,15
285,290,287.5,0.000142389,0.000711946,10
290,295,292.5,0.000156628,0.000783141,11
295,300,297.5,5.69557e-05,0.000284779,4
300,305,302.5,0.000185106,0.00092553,13
305,310,307.5,0.00012815,0.000640752,9
310,315,312.5,9.96725e-05,0.000498363,7
315,320,317.5,8.54336e-05,0.000427168,6
320,325,322.5,0.000113911,0.000569557,8
325,330,327.5,0.00012815,0.000640752,9
330,335,332.5,7.11946e-05,0.000355973,5
335,340,337.5,5.69557e-05,0.000284779,4
340,345,342.5,0.00299018,0.0149509,210
345,350,347.5,0.00412929,0.0206464,290
350,355,352.5,0.00152357,0.00761783,107
355,360,357.5,0.000612274,0.00306137,43
360,365,362.5,0.000768902,0.00384451,54
365,370,367.5,0.000726185,0.00363093,51
370,375,372.5,0.000711946,0.00355973,50
375,380,377.5,0.000256301,0.0012815,18
380,385,382.5,0.000299018,0.00149509,21
385,390,387.5,0.000213584,0.00106792,15
390,395,392.5,0.000327495,0.00163748,23
395,400,397.5,0.000412929,0.00206464,29
400,405,402.5,0.000427168,0.00213584,30
405,410,407.5,0.000313256,0.00156628,22
410,415,412.5,0.000299018,0.00149509,21
415,420,417.5,0.000341734,0.00170867,24
420,425,422.5,0.000455646,0.00227823,32
425,430,427.5,0.000598035,0.00299018,42
430,435,432.5,0.000441407,0.00220703,31
435,440,437.5,0.000583796,0.00291898,41
440,445,442.5,0.000341734,0.00170867,24
445,450,447.5,0.000427168,0.00213584,30
450,455,452.5,0.0143528,0.0717642,1008
455,460,457.5,0.000455646,0.00227823,32
460,465,462.5,0.00039869,0.00199345,28
465,470,467.5,0.000441407,0.00220703,31
470,475,472.5,0.000355973,0.00177987,25
475,480,477.5,0.000284779,0.00142389,20
480,485,482.5,0.000469885,0.00234942,33
485,490,487.5,0.000313256,0.00156628,22
490,495,492.5,0.000427168,0.00213584,30
495,500,497.5,0.000498363,0.00249181,35
500,505,502.5,0.000341734,0.00170867,24
505,510,507.5,0.000640752,0.00320376,45
510,515,512.5,0.000355973,0.00177987,25
515,520,517.5,0.000341734,0.00170867,24
520,525,522.5,0.000512601,0.00256301,36
525,530,527.5,0.000256301,0.0012815,18
530,535,532.5,0.000569557,0.00284779,40
535,540,537.5,0.000512601,0.00256301,36
540,545,542.5,0.000455646,0.00227823,32
545,550,547.5,0.000441407,0.00220703,31
550,555,552.5,0.000427168,0.00213584,30
555,560,557.5,0.000355973,0.00177987,25
560,565,562.5,0.000754663,0.00377332,53
565,570,567.5,0.000469885,0.00234942,33
570,575,572.5,0.000541079,0.0027054,38
575,580,577.5,0.000313256,0.00156628,22
580,585,582.5,0.000313256,0.00156628,22
585,590,587.5,0.000299018,0.00149509,21
590,595,592.5,0.000469885,0.00234942,33
595,600,597.5,0.000484124,0.00242062,34
600,605,602.5,0.000384451,0.00192226,27
605,610,607.5,0.000384451,0.00192226,27
610,615,612.5,0.00027054,0.0013527,19
615,620,617.5,0.000313256,0.00156628,22
620,625,622.5,0.000484124,0.00242062,34
625,630,627.5,0.000327495,0.00163748,23
630,635,632.5,0.000498363,0.00249181,35
635,640,637.5,0.000370212,0.00185106,26
640,645,642.5,0.000341734,0.00170867,24
645,650,647.5,0.000341734,0.00170867,24
650,655,652.5,0.000299018,0.00149509,21
655,660,657.5,0.000284779,0.00142389,20
660,665,662.5,0.000199345,0.000996725,14
665,670,667.5,0.000370212,0.00185106,26
670,675,672.5,0.00380179,0.019009,267
675,680,677.5,0.000242062,0.00121031,17
680,685,682.5,0.000242062,0.00121031,17
685,690,687.5,0.000412929,0.00206464,29
690,695,692.5,0.000441407,0.00220703,31
695,700,697.5,0.000341734,0.00170867,24
700,705,702.5,0.000370212,0.00185106,26
705,710,707.5,0.00039869,0.00199345,28
710,715,712.5,0.000284779,0.00142389,20
715,720,717.5,0.000412929,0.00206464,29
720,725,722.5,0.000341734,0.00170867,24
725,730,727.5,0.000327495,0.00163748,23
730,735,732.5,0.000327495,0.00163748,23
735,740,737.5,0.000384451,0.00192226,27
740,745,742.5,0.000498363,0.00249181,35
745,750,747.5,0.000341734,0.00170867,24
750,755,752.5,0.000654991,0.00327495,46
755,760,757.5,0.000242062,0.00121031,17
760,765,762.5,0.000412929,0.00206464,29
765,770,767.5,0.000441407,0.00220703,31
770,775,772.5,0.000455646,0.00227823,32
775,780,777.5,0.000384451,0.00192226,27
780,785,782.5,0.00052684,0.0026342,37
785,790,787.5,0.000583796,0.00291898,41
790,795,792.5,0.000213584,0.00106792,15
795,800,797.5,0.000313256,0.00156628,22
800,805,802.5,0.000199345,0.000996725,14
805,810,807.5,0.000213584,0.00106792,15
810,815,812.5,0.000185106,0.00092553,13
815,820,817.5,0.000185106,0.00092553,13
820,825,822.5,0.000313256,0.00156628,22
825,830,827.5,0.000284779,0.00142389,20
830,835,832.5,0.000299018,0.00149509,21
835,840,837.5,0.000227823,0.00113911,16
840,845,842.5,0.000469885,0.00234942,33
845,850,847.5,0.000256301,0.0012815,18
850,855,852.5,0.000370212,0.00185106,26
855,860,857.5,0.000185106,0.00092553,13
860,865,862.5,0.000284779,0.00142389,20
865,870,867.5,0.000327495,0.00163748,23
870,875,872.5,0.000327495,0.00163748,23
875,880,877.5,0.000199345,0.000996725,14
880,885,882.5,0.000199345,0.000996725,14
885,890,887.5,0.000299018,0.00149509,21
890,895,892.5,0.000598035,0.00299018,42
895,900,897.5,0.000412929,0.00206464,29
900,905,902.5,0.000284779,0.00142389,20
905,910,907.5,0.000227823,0.00113911,16
910,915,912.5,0.000242062,0.00121031,17
915,920,917.5,0.000242062,0.00121031,17
920,925,922.5,0.000284779,0.00142389,20
925,930,927.5,0.000327495,0.00163748,23
930,935,932.5,0.000242062,0.00121031,17
935,940,937.5,0.00027054,0.0013527,19
940,945,942.5,0.000156628,0.000783141,11
945,950,947.5,0.000213584,0.00106792,15
950,955,952.5,0.000284779,0.00142389,20
955,960,957.5,0.000170867,0.000854336,12
960,965,962.5,0.000242062,0.00121031,17
965,970,967.5,0.000299018,0.00149509,21
970,975,972.5,0.000242062,0.00121031,17
975,980,977.5,0.000170867,0.000854336,12
980,985,982.5,0.000341734,0.00170867,24
985,990,987.5,0.000256301,0.0012815,18
990,995,992.5,0.000242062,0.00121031,17
995,1000,997.5,0.000227823,0.00113911,16
1000,1005,1002.5,0.000355973,0.00177987,25
1005,1010,1007.5,0.000199345,0.000996725,14
1010,1015,1012.5,0.000284779,0.00142389,20
1015,1020,1017.5,0.00039869,0.00199345,28
1020,1025,1022.5,0.000384451,0.00192226,27
1025,1030,1027.5,0.000284779,0.00142389,20
1030,1035,1032.5,0.000455646,0.00227823,32
1035,1040,1037.5,0.000156628,0.000783141,11
1040,1045,1042.5,0.000313256,0.00156628,22
1045,1050,1047.5,0.000256301,0.0012815,18
1050,1055,1052.5,0.000327495,0.00163748,23
1055,1060,1057.5,0.000185106,0.00092553,13
1060,1065,1062.5,0.000355973,0.00177987,25
1065,1070,1067.5,0.000569557,0.00284779,40
1070,1075,1072.5,0.000213584,0.00106792,15
1075,1080,1077.5,0.00039869,0.00199345,28
1080,1085,1082.5,0.000299018,0.00149509,21
1085,1090,1087.5,0.000327495,0.00163748,23
1090,1095,1092.5,0.000170867,0.000854336,12
1095,1100,1097.5,0.000199345,0.000996725,14
1100,1105,1102.5,0.000299018,0.00149509,21
1105,1110,1107.5,0.00027054,0.0013527,19
1110,1115,1112.5,0.00039869,0.00199345,28
1115,1120,1117.5,0.00052684,0.0026342,37
1120,1125,1122.5,0.000185106,0.00092553,13
1125,1130,1127.5,0.000541079,0.0027054,38
1130,1135,1132.5,0.000341734,0.00170867,24
1135,1140,1137.5,0.000384451,0.00192226,27
1140,1145,1142.5,0.000313256,0.00156628,22
1145,1150,1147.5,0.000327495,0.00163748,23
1150,1155,1152.5,0.000313256,0.00156628,22
1155,1160,1157.5,0.000441407,0.00220703,31
1160,1165,1162.5,0.000427168,0.00213584,30
1165,1170,1167.5,0.000199345,0.000996725,14
1170,1175,1172.5,0.000341734,0.00170867,24
1175,1180,1177.5,0.000213584,0.00106792,15
1180,1185,1182.5,0.000327495,0.00163748,23
1185,1190,1187.5,0.000256301,0.0012815,18
1190,1195,1192.5,0.000170867,0.000854336,12
1195,1200,1197.5,0.000341734,0.00170867,24
1200,1205,1202.5,0.000299018,0.00149509,21
1205,1210,1207.5,0.00027054,0.0013527,19
1210,1215,1212.5,0.00039869,0.00199345,28
1215,1220,1217.5,0.000313256,0.00156628,22
1220,1225,1222.5,0.00027054,0.0013527,19
1225,1230,1227.5,0.000242062,0.00121031,17
1230,1235,1232.5,0.000213584,0.00106792,15
1235,1240,1237.5,0.000213584,0.00106792,15
1240,1245,1242.5,0.000242062,0.00121031,17
1245,1250,1247.5,0.000213584,0.00106792,15
1250,1255,1252.5,0.000199345,0.000996725,14
1255,1260,1257.5,0.000227823,0.00113911,16
1260,1265,1262.5,0.00039869,0.00199345,28
1265,1270,1267.5,0.000170867,0.000854336,12
1270,1275,1272.5,0.000199345,0.000996725,14
1275,1280,1277.5,0.000199345,0.000996725,14
1280,1285,1282.5,0.000412929,0.00206464,29
1285,1290,1287.5,0.000370212,0.00185106,26
1290,1295,1292.5,0.000170867,0.000854336,12
1295,1300,1297.5,0.000156628,0.000783141,11
1300,1305,1302.5,0.000341734,0.00170867,24
1305,1310,1307.5,0.000355973,0.00177987,25
1310,1315,1312.5,0.000199345,0.000996725,14
1315,1320,1317.5,0.000384451,0.00192226,27
1320,1325,1322.5,0.000227823,0.00113911,16
1325,1330,1327.5,0.000199345,0.000996725,14
1330,1335,1332.5,0.000355973,0.00177987,25
1335,1340,1337.5,0.00027054,0.0013527,19
1340,1345,1342.5,0.000284779,0.00142389,20
1345,1350,1347.5,0.000213584,0.00106792,15
1350,1355,1352.5,0.000170867,0.000854336,12
1355,1360,1357.5,0.000199345,0.000996725,14
1360,1365,1362.5,0.000170867,0.000854336,12
1365,1370,1367.5,0.000242062,0.00121031,17
1370,1375,1372.5,0.00027054,0.0013527,19
1375,1380,1377.5,0.000227823,0.00113911,16
1380,1385,1382.5,0.000142389,0.000711946,10
1385,1390,1387.5,0.000185106,0.00092553,13
1390,1395,1392.5,0.000256301,0.0012815,18
1395,1400,1397.5,0.000199345,0.000996725,14
1400,1405,1402.5,0.000242062,0.00121031,17
1405,1410,1407.5,0.000213584,0.00106792,15
1410,1415,1412.5,0.000199345,0.000996725,14
1415,1420,1417.5,0.000256301,0.0012815,18
1420,1425,1422.5,0.000142389,0.000711946,10
1425,1430,1427.5,0.000299018,0.00149509,21
1430,1435,1432.5,0.000170867,0.000854336,12
1435,1440,1437.5,0.000299018,0.00149509,21
1440,1445,1442.5,0.000284779,0.00142389,20
1445,1450,1447.5,0.00027054,0.0013527,19
1450,1455,1452.5,0.000242062,0.00121031,17
1455,1460,1457.5,0.000284779,0.00142389,20
1460,1465,1462.5,0.000242062,0.00121031,17
1465,1470,1467.5,0.000284779,0.00142389,20
1470,1475,1472.5,0.000185106,0.00092553,13
1475,1480,1477.5,0.000199345,0.000996725,14
1480,1485,1482.5,0.00012815,0.000640752,9
1485,1490,1487.5,0.000213584,0.00106792,15
1490,1495,1492.5,0.000185106,0.00092553,13
1495,1500,1497.5,0.000170867,0.000854336,12
1500,1505,1502.5,0.000170867,0.000854336,12
1505,1510,1507.5,0.000199345,0.000996725,14
1510,1515,1512.5,0.000227823,0.00113911,16
1515,1520,1517.5,0.000213584,0.00106792,15
1520,1525,1522.5,0.000156628,0.000783141,11
1525,1530,1527.5,0.000242062,0.00121031,17
1530,1535,1532.5,0.000256301,0.0012815,18
1535,1540,1537.5,0.000170867,0.000854336,12
1540,1545,1542.5,0.000199345,0.000996725,14
1545,1550,1547.5,0.000170867,0.000854336,12
1550,1555,1552.5,0.000156628,0.000783141,11
1555,1560,1557.5,0.000227823,0.00113911,16
1560,1565,1562.5,0.000142389,0.000711946,10
1565,1570,1567.5,0.00027054,0.0013527,19
1570,1575,1572.5,0.000213584,0.00106792,15
1575,1580,1577.5,0.000299018,0.00149509,21
1580,1585,1582.5,0.000185106,0.00092553,13
1585,1590,1587.5,0.00027054,0.0013527,19
1590,1595,1592.5,0.000213584,0.00106792,15
1595,1600,1597.5,0.000185106,0.00092553,13
1600,1605,1602.5,0.000170867,0.000854336,12
1605,1610,1607.5,0.000142389,0.000711946,10
1610,1615,1612.5,0.000256301,0.0012815,18
1615,1620,1617.5,0.000185106,0.00092553,13
1620,1625,1622.5,0.000156628,0.000783141,11
1625,1630,1627.5,0.000156628,0.000783141,11
1630,1635,1632.5,0.000284779,0.00142389,20
1635,1640,1637.5,0.00012815,0.000640752,9
1640,1645,1642.5,0.000170867,0.000854336,12
1645,1650,1647.5,0.000199345,0.000996725,14
1650,1655,1652.5,0.000199345,0.000996725,14
1655,1660,1657.5,0.000185106,0.00092553,13
1660,1665,1662.5,0.000113911,0.000569557,8
1665,1670,1667.5,0.000199345,0.000996725,14
1670,1675,1672.5,0.000170867,0.000854336,12
1675,1680,1677.5,0.000242062,0.00121031,17
1680,1685,1682.5,0.000185106,0.00092553,13
1685,1690,1687.5,0.000199345,0.000996725,14
1690,1695,1692.5,9.96725e-05,0.000498363,7
1695,1700,1697.5,0.000185106,0.00092553,13
1700,1705,1702.5,0.000185106,0.00092553,13
1705,1710,1707.5,0.000113911,0.000569557,8
1710,1715,1712.5,0.000156628,0.000783141,11
1715,1720,1717.5,9.96725e-05,0.000498363,7
1720,1725,1722.5,0.000156628,0.000783141,11
1725,1730,1727.5,9.96725e-05,0.000498363,7
1730,1735,1732.5,0.000227823,0.00113911,16
1735,1740,1737.5,0.000142389,0.000711946,10
1740,1745,1742.5,0.000199345,0.000996725,14
1745,1750,1747.5,0.000199345,0.000996725,14
1750,1755,1752.5,0.000170867,0.000854336,12
1755,1760,1757.5,0.000156628,0.000783141,11
1760,1765,1762.5,0.000242062,0.00121031,17
1765,1770,1767.5,0.000199345,0.000996725,14
1770,1775,1772.5,0.000213584,0.00106792,15
1775,1780,1777.5,0.000156628,0.000783141,11
1780,1785,1782.5,0.000213584,0.00106792,15
1785,1790,1787.5,0.000185106,0.00092553,13
1790,1795,1792.5,0.000199345,0.000996725,14
1795,1800,1797.5,0.000185106,0.00092553,13
1800,1805,1802.5,0.00027054,0.0013527,19
1805,1810,1807.5,0.000170867,0.000854336,12
1810,1815,1812.5,0.000199345,0.000996725,14
1815,1820,1817.5,0.000170867,0.000854336,12
1820,1825,1822.5,0.000242062,0.00121031,17
1825,1830,1827.5,0.000156628,0.000783141,11
1830,1835,1832.5,0.000142389,0.000711946,10
1835,1840,1837.5,0.000256301,0.0012815,18
1840,1845,1842.5,0.000170867,0.000854336,12
1845,1850,1847.5,0.000242062,0.00121031,17
1850,1855,1852.5,0.000113911,0.000569557,8
1855,1860,1857.5,0.000242062,0.00121031,17
1860,1865,1862.5,0.000199345,0.000996725,14
1865,1870,1867.5,0.000113911,0.000569557,8
1870,1875,1872.5,0.000213584,0.00106792,15
1875,1880,1877.5,0.000242062,0.00121031,17
1880,1885,1882.5,0.000113911,0.000569557,8
1885,1890,1887.5,0.000142389,0.000711946,10
1890,1895,1892.5,0.000227823,0.00113911,16
1895,1900,1897.5,9.96725e-05,0.000498363,7
1900,1905,1902.5,0.000113911,0.000569557,8
1905,1910,1907.5,0.000170867,0.000854336,12
1910,1915,1912.5,0.000213584,0.00106792,15
1915,1920,1917.5,8.54336e-05,0.000427168,6
1920,1925,1922.5,0.000142389,0.000711946,10
1925,1930,1927.5,0.000256301,0.0012815,18
1930,1935,1932.5,0.000142389,0.000711946,10
1935,1940,1937.5,7.11946e-05,0.000355973,5
1940,1945,1942.5,0.00012815,0.000640752,9
1945,1950,1947.5,0.000227823,0.00113911,16
1950,1955,1952.5,0.00012815,0.000640752,9
1955,1960,1957.5,0.00012815,0.000640752,9
1960,1965,1962.5,0.000213584,0.00106792,15
1965,1970,1967.5,0.000199345,0.000996725,14
1970,1975,1972.5,0.000185106,0.00092553,13
1975,1980,1977.5,0.000113911,0.000569557,8
1980,1985,1982.5,8.54336e-05,0.000427168,6
1985,1990,1987.5,0.00012815,0.000640752,9
1990,1995,1992.5,0.000199345,0.000996725,14
1995,2000,1997.5,0.00012815,0.000640752,9
2000,2005,2002.5,0.000142389,0.000711946,10
2005,2010,2007.5,0.000227823,0.00113911,16
2010,2015,2012.5,0.000142389,0.000711946,10
2015,2020,2017.5,0.00012815,0.000640752,9
2020,2025,2022.5,0.000142389,0.000711946,10
2025,2030,2027.5,0.000156628,0.000783141,11
2030,2035,2032.5,0.000156628,0.000783141,11
2035,2040,2037.5,7.11946e-05,0.000355973,5
2040,2045,2042.5,0.000142389,0.000711946,10
2045,2050,2047.5,9.96725e-05,0.000498363,7
2050,2055,2052.5,0.000185106,0.00092553,13
2055,2060,2057.5,0.000199345,0.000996725,14
2060,2065,2062.5,0.000185106,0.00092553,13
2065,2070,2067.5,0.000142389,0.000711946,10
2070,2075,2072.5,8.54336e-05,0.000427168,6
2075,2080,2077.5,0.000156628,0.000783141,11
2080,2085,2082.5,9.96725e-05,0.000498363,7
2085,2090,2087.5,0.000170867,0.000854336,12
2090,2095,2092.5,8.54336e-05,0.000427168,6
2095,2100,2097.5,0.000170867,0.000854336,12
2100,2105,2102.5,0.000256301,0.0012815,18
2105,2110,2107.5,0.000185106,0.00092553,13
2110,2115,2112.5,0.000142389,0.000711946,10
2115,2120,2117.5,0.00012815,0.000640752,9
2120,2125,2122.5,0.000156628,0.000783141,11
2125,2130,2127.5,7.11946e-05,0.000355973,5
2130,2135,2132.5,0.000185106,0.00092553,13
2135,2140,2137.5,0.000142389,0.000711946,10
2140,2145,2142.5,0.000185106,0.00092553,13
2145,2150,2147.5,0.000185106,0.00092553,13
2150,2155,2152.5,0.000185106,0.00092553,13
2155,2160,2157.5,0.000156628,0.000783141,11
2160,2165,2162.5,0.000199345,0.000996725,14
2165,2170,2167.5,0.000156628,0.000783141,11
2170,2175,2172.5,0.000113911,0.000569557,8
2175,2180,2177.5,0.000142389,0.000711946,10
2180,2185,2182.5,0.000156628,0.000783141,11
2185,2190,2187.5,0.000113911,0.000569557,8
2190,2195,2192.5,7.11946e-05,0.000355973,5
2195,2200,2197.5,0.000142389,0.000711946,10
2200,2205,2202.5,0.000170867,0.000854336,12
2205,2210,2207.5,8.54336e-05,0.000427168,6
2210,2215,2212.5,0.000170867,0.000854336,12
2215,2220,2217.5,0.000142389,0.000711946,10
2220,2225,2222.5,0.000156628,0.000783141,11
2225,2230,2227.5,0.000170867,0.000854336,12
2230,2235,2232.5,5.69557e-05,0.000284779,4
2235,2240,2237.5,0.000170867,0.000854336,12
2240,2245,2242.5,0.000185106,0.00092553,13
2245,2250,2247.5,0.000142389,0.000711946,10
2250,2255,2252.5,0.000170867,0.000854336,12
2255,2260,2257.5,0.000170867,0.000854336,12
2260,2265,2262.5,9.96725e-05,0.000498363,7
2265,2270,2267.5,4.27168e-05,0.000213584,3
2270,2275,2272.5,0.000113911,0.000569557,8
2275,2280,2277.5,8.54336e-05,0.000427168,6
2280,2285,2282.5,9.96725e-05,0.000498363,7
2285,2290,2287.5,7.11946e-05,0.000355973,5
2290,2295,2292.5,0.000185106,0.00092553,13
2295,2300,2297.5,0.000142389,0.000711946,10
2300,2305,2302.5,0.000227823,0.00113911,16
2305,2310,2307.5,7.11946e-05,0.000355973,5
2310,2315,2312.5,7.11946e-05,0.000355973,5
2315,2320,2317.5,0.000213584,0.00106792,15
2320,2325,2322.5,0.000170867,0.000854336,12
2325,2330,2327.5,0.000213584,0.00106792,15
2330,2335,2332.5,0.000113911,0.000569557,8
2335,2340,2337.5,0.000113911,0.000569557,8
2340,2345,2342.5,0.00012815,0.000640752,9
2345,2350,2347.5,9.96725e-05,0.000498363,7
2350,2355,2352.5,9.96725e-05,0.000498363,7
2355,2360,2357.5,0.00012815,0.000640752,9
2360,2365,2362.5,0.000142389,0.000711946,10
2365,2370,2367.5,0.00012815,0.000640752,9
2370,2375,2372.5,0.000156628,0.000783141,11
2375,2380,2377.5,0.000113911,0.000569557,8
2380,2385,2382.5,0.000156628,0.000783141,11
2385,2390,2387.5,0.00012815,0.000640752,9
2390,2395,2392.5,9.96725e-05,0.000498363,7
2395,2400,2397.5,0.000142389,0.000711946,10
2400,2405,2402.5,0.000113911,0.000569557,8
2405,2410,2407.5,0.00012815,0.000640752,9
2410,2415,2412.5,0.000113911,0.000569557,8
2415,2420,2417.5,0.000156628,0.000783141,11
2420,2425,2422.5,0.000170867,0.000854336,12
2425,2430,2427.5,9.96725e-05,0.000498363,7
2430,2435,2432.5,0.000185106,0.00092553,13
2435,2440,2437.5,7.11946e-05,0.000355973,5
2440,2445,2442.5,4.27168e-05,0.000213584,3
2445,2450,2447.5,0.000170867,0.000854336,12
2450,2455,2452.5,0.000113911,0.000569557,8
2455,2460,2457.5,0.000113911,0.000569557,8
2460,2465,2462.5,0.000170867,0.000854336,12
2465,2470,2467.5,0.000113911,0.000569557,8
2470,2475,2472.5,7.11946e-05,0.000355973,5
2475,2480,2477.5,0.000156628,0.000783141,11
2480,2485,2482.5,0.000170867,0.000854336,12
2485,2490,2487.5,0.00012815,0.000640752,9
2490,2495,2492.5,0.000156628,0.000783141,11
2495,2500,2497.5,8.54336e-05,0.000427168,6
2500,2505,2502.5,0.000156628,0.000783141,11
2505,2510,2507.5,0.000113911,0.000569557,8
2510,2515,2512.5,0.000156628,0.000783141,11
2515,2520,2517.5,0.000156628,0.000783141,11
2520,2525,2522.5,5.69557e-05,0.000284779,4
2525,2530,2527.5,0.00012815,0.000640752,9
2530,2535,2532.5,0.000113911,0.000569557,8
2535,2540,2537.5,0.000170867,0.000854336,12
2540,2545,2542.5,0.000213584,0.00106792,15
2545,2550,2547.5,0.000156628,0.000783141,11
2550,2555,2552.5,8.54336e-05,0.000427168,6
2555,2560,2557.5,7.11946e-05,0.000355973,5
2560,2565,2562.5,0.000156628,0.000783141,11
2565,2570,2567.5,0.000156628,0.000783141,11
2570,2575,2572.5,9.96725e-05,0.000498363,7
2575,2580,2577.5,9.96725e-05,0.000498363,7
2580,2585,2582.5,7.11946e-05,0.000355973,5
2585,2590,2587.5,0.000113911,0.000569557,8
2590,2595,2592.5,0.000156628,0.000783141,11
2595,2600,2597.5,0.00012815,0.000640752,9
2600,2605,2602.5,0.000242062,0.00121031,17
2605,2610,2607.5,0.000113911,0.000569557,8
2610,2615,2612.5,9.96725e-05,0.000498363,7
2615,2620,2617.5,9.96725e-05,0.000498363,7
2620,2625,2622.5,0.000170867,0.000854336,12
2625,2630,2627.5,5.69557e-05,0.000284779,4
2630,2635,2632.5,0.000113911,0.000569557,8
2635,2640,2637.5,8.54336e-05,0.000427168,6
2640,2645,2642.5,0.00012815,0.000640752,9
2645,2650,2647.5,0.000113911,0.000569557,8
2650,2655,2652.5,0.000113911,0.000569557,8
2655,2660,2657.5,9.96725e-05,0.000498363,7
2660,2665,2662.5,8.54336e-05,0.000427168,6
2665,2670,2667.5,0.000142389,0.000711946,10
2670,2675,2672.5,0.000170867,0.000854336,12
2675,2680,2677.5,9.96725e-05,0.000498363,7
2680,2685,2682.5,5.69557e-05,0.000284779,4
2685,2690,2687.5,8.54336e-05,0.000427168,6
2690,2695,2692.5,0.000113911,0.000569557,8
2695,2700,2697.5,0.000113911,0.000569557,8
2700,2705,2702.5,0.000113911,0.000569557,8
2705,2710,2707.5,7.11946e-05,0.000355973,5
2710,2715,2712.5,2.84779e-05,0.000142389,2
2715,2720,2717.5,0.000113911,0.000569557,8
2720,2725,2722.5,0.00012815,0.000640752,9
2725,2730,2727.5,0.000142389,0.000711946,10
2730,2735,2732.5,0.000156628,0.000783141,11
2735,2740,2737.5,8.54336e-05,0.000427168,6
2740,2745,2742.5,9.96725e-05,0.000498363,7
2745,2750,2747.5,0.000113911,0.000569557,8
2750,2755,2752.5,0.000256301,0.0012815,18
2755,2760,2757.5,0.000113911,0.000569557,8
2760,2765,2762.5,0.000142389,0.000711946,10
2765,2770,2767.5,0.000185106,0.00092553,13
2770,2775,2772.5,0.000199345,0.000996725,14
2775,2780,2777.5,0.00012815,0.000640752,9
2780,2785,2782.5,8.54336e-05,0.000427168,6
2785,2790,2787.5,0.00012815,0.000640752,9
2790,2795,2792.5,9.96725e-05,0.000498363,7
2795,2800,2797.5,9.96725e-05,0.000498363,7
2800,2805,2802.5,0.000142389,0.000711946,10
2805,2810,2807.5,0.000113911,0.000569557,8
2810,2815,2812.5,0.000142389,0.000711946,10
2815,2820,2817.5,0.000142389,0.000711946,10
2820,2825,2822.5,0.000142389,0.000711946,10
2825,2830,2827.5,8.54336e-05,0.000427168,6
2830,2835,2832.5,4.27168e-05,0.000213584,3
2835,2840,2837.5,0.000113911,0.000569557,8
2840,2845,2842.5,0.000142389,0.000711946,10
2845,2850,2847.5,0.000156628,0.000783141,11
2850,2855,2852.5,9.96725e-05,0.000498363,7
2855,2860,2857.5,0.000170867,0.000854336,12
2860,2865,2862.5,0.000170867,0.000854336,12
2865,2870,2867.5,0.000113911,0.000569557,8
2870,2875,2872.5,0.000156628,0.000783141,11
2875,2880,2877.5,2.84779e-05,0.000142389,2
2880,2885,2882.5,0.000142389,0.000711946,10
2885,2890,2887.5,5.69557e-05,0.000284779,4
2890,2895,2892.5,0.00012815,0.000640752,9
2895,2900,2897.5,0.000113911,0.000569557,8
2900,2905,2902.5,9.96725e-05,0.000498363,7
2905,2910,2907.5,0.000113911,0.000569557,8
2910,2915,2912.5,9.96725e-05,0.000498363,7
2915,2920,2917.5,0.00012815,0.000640752,9
2920,2925,2922.5,0.00012815,0.000640752,9
2925,2930,2927.5,0.000142389,0.000711946,10
2930,2935,2932.5,0.000185106,0.00092553,13
2935,2940,2937.5,0.000113911,0.000569557,8
2940,2945,2942.5,0.00012815,0.000640752,9
2945,2950,2947.5,8.54336e-05,0.000427168,6
2950,2955,2952.5,7.11946e-05,0.000355973,5
2955,2960,2957.5,0.000213584,0.00106792,15
2960,2965,2962.5,0.000199345,0.000996725,14
2965,2970,2967.5,8.54336e-05,0.000427168,6
2970,2975,2972.5,5.69557e-05,0.000284779,4
2975,2980,2977.5,9.96725e-05,0.000498363,7
2980,2985,2982.5,0.00012815,0.000640752,9
2985,2990,2987.5,9.96725e-05,0.000498363,7
2990,2995,2992.5,0.00012815,0.000640752,9
2995,3000,2997.5,0.000142389,0.000711946,10
3000,3005,3002.5,0.00012815,0.000640752,9
3005,3010,3007.5,9.96725e-05,0.000498363,7
3010,3015,3012.5,0.000113911,0.000569557,8
3015,3020,3017.5,0.000113911,0.000569557,8
3020,3025,3022.5,5.69557e-05,0.000284779,4
3025,3030,3027.5,1.42389e-05,7.11946e-05,1
3030,3035,3032.5,7.11946e-05,0.000355973,5
3035,3040,3037.5,7.11946e-05,0.000355973,5
3040,3045,3042.5,7.11946e-05,0.000355973,5
3045,3050,3047.5,9.96725e-05,0.000498363,7
3050,3055,3052.5,8.54336e-05,0.000427168,6
3055,3060,3057.5,0.000113911,0.000569557,8
3060,3065,3062.5,0.000113911,0.000569557,8
3065,3070,3067.5,8.54336e-05,0.000427168,6
3070,3075,3072.5,0.000142389,0.000711946,10
3075,3080,3077.5,0.000113911,0.000569557,8
3080,3085,3082.5,0.000156628,0.000783141,11
3085,3090,3087.5,9.96725e-05,0.000498363,7
3090,3095,3092.5,9.96725e-05,0.000498363,7
3095,3100,3097.5,0.000142389,0.000711946,10
3100,3105,3102.5,0.000170867,0.000854336,12
3105,3110,3107.5,7.11946e-05,0.000355973,5
3110,3115,3112.5,8.54336e-05,0.000427168,6
3115,3120,3117.5,0.000156628,0.000783141,11
3120,3125,3122.5,7.11946e-05,0.000355973,5
3125,3130,3127.5,0.000199345,0.000996725,14
3130,3135,3132.5,7.11946e-05,0.000355973,5
3135,3140,3137.5,9.96725e-05,0.000498363,7
3140,3145,3142.5,8.54336e-05,0.000427168,6
3145,3150,3147.5,0.000142389,0.000711946,10
3150,3155,3152.5,0.000113911,0.000569557,8
3155,3160,3157.5,0.00012815,0.000640752,9
3160,3165,3162.5,4.27168e-05,0.000213584,3
3165,3170,3167.5,9.96725e-05,0.000498363,7
3170,3175,3172.5,5.69557e-05,0.000284779,4
3175,3180,3177.5,5.69557e-05,0.000284779,4
3180,3185,3182.5,0.00012815,0.000640752,9
3185,3190,3187.5,0.000113911,0.000569557,8
3190,3195,3192.5,0.00012815,0.000640752,9
3195,3200,3197.5,0.000142389,0.000711946,10
3200,3205,3202.5,0.000142389,0.000711946,10
3205,3210,3207.5,0.000213584,0.00106792,15
3210,3215,3212.5,0.000170867,0.000854336,12
3215,3220,3217.5,5.69557e-05,0.000284779,4
3220,3225,3222.5,0.000170867,0.000854336,12
3225,3230,3227.5,0.00012815,0.000640752,9
3230,3235,3232.5,0.000113911,0.000569557,8
3235,3240,3237.5,8.54336e-05,0.000427168,6
3240,3245,3242.5,0.00012815,0.000640752,9
3245,3250,3247.5,0.000156628,0.000783141,11
3250,3255,3252.5,0.000113911,0.000569557,8
3255,3260,3257.5,0.000113911,0.000569557,8
3260,3265,3262.5,0.00012815,0.000640752,9
3265,3270,3267.5,0.000185106,0.00092553,13
3270,3275,3272.5,0.000185106,0.00092553,13
3275,3280,3277.5,0.00012815,0.000640752,9
3280,3285,3282.5,8.54336e-05,0.000427168,6
3285,3290,3287.5,5.69557e-05,0.000284779,4
3290,3295,3292.5,0.000113911,0.000569557,8
3295,3300,3297.5,0.000185106,0.00092553,13
3300,3305,3302.5,0.000113911,0.000569557,8
3305,3310,3307.5,0.00012815,0.000640752,9
3310,3315,3312.5,8.54336e-05,0.000427168,6
3315,3320,3317.5,0.000142389,0.000711946,10
3320,3325,3322.5,0.00012815,0.000640752,9
3325,3330,3327.5,0.000142389,0.000711946,10
3330,3335,3332.5,8.54336e-05,0.000427168,6
3335,3340,3337.5,0.000142389,0.000711946,10
3340,3345,3342.5,9.96725e-05,0.000498363,7
3345,3350,3347.5,8.54336e-05,0.000427168,6
3350,3355,3352.5,0.000170867,0.000854336,12
3355,3360,3357.5,9.96725e-05,0.000498363,7
3360,3365,3362.5,7.11946e-05,0.000355973,5
3365,3370,3367.5,9.96725e-05,0.000498363,7
3370,3375,3372.5,0.000156628,0.000783141,11
3375,3380,3377.5,7.11946e-05,0.000355973,5
3380,3385,3382.5,0.00012815,0.000640752,9
3385,3390,3387.5,7.11946e-05,0.000355973,5
3390,3395,3392.5,0.000113911,0.000569557,8
3395,3400,3397.5,5.69557e-05,0.000284779,4
3400,3405,3402.5,9.96725e-05,0.000498363,7
3405,3410,3407.5,8.54336e-05,0.000427168,6
3410,3415,3412.5,0.000142389,0.000711946,10
3415,3420,3417.5,9.96725e-05,0.000498363,7
3420,3425,3422.5,0.000142389,0.000711946,10
3425,3430,3427.5,0.000113911,0.000569557,8
3430,3435,3432.5,8.54336e-05,0.000427168,6
3435,3440,3437.5,0.00012815,0.000640752,9
3440,3445,3442.5,0.000142389,0.000711946,10
3445,3450,3447.5,0.000113911,0.000569557,8
3450,3455,3452.5,0.00012815,0.000640752,9
3455,3460,3457.5,5.69557e-05,0.000284779,4
3460,3465,3462.5,8.54336e-05,0.000427168,6
3465,3470,3467.5,7.11946e-05,0.000355973,5
3470,3475,3472.5,0.000142389,0.000711946,10
3475,3480,3477.5,0.000170867,0.000854336,12
3480,3485,3482.5,7.11946e-05,0.000355973,5
3485,3490,3487.5,0.000113911,0.000569557,8
3490,3495,3492.5,0.000142389,0.000711946,10
3495,3500,3497.5,7.11946e-05,0.000355973,5
3500,3505,3502.5,0.00012815,0.000640752,9
3505,3510,3507.5,7.11946e-05,0.000355973,5
3510,3515,3512.5,9.96725e-05,0.000498363,7
3515,3520,3517.5,0.00012815,0.000640752,9
3520,3525,3522.5,7.11946e-05,0.000355973,5
3525,3530,3527.5,0.000213584,0.00106792,15
3530,3535,3532.5,0.000113911,0.000569557,8
3535,3540,3537.5,0.000156628,0.000783141,11
3540,3545,3542.5,9.96725e-05,0.000498363,7
3545,3550,3547.5,0.000113911,0.000569557,8
3550,3555,3552.5,9.96725e-05,0.000498363,7
3555,3560,3557.5,5.69557e-05,0.000284779,4
3560,3565,3562.5,5.69557e-05,0.000284779,4
3565,3570,3567.5,0.000170867,0.000854336,12
3570,3575,3572.5,0.000142389,0.000711946,10
3575,3580,3577.5,8.54336e-05,0.000427168,6
3580,3585,3582.5,0.000170867,0.000854336,12
3585,3590,3587.5,0.000113911,0.000569557,8
3590,3595,3592.5,9.96725e-05,0.000498363,7
3595,3600,3597.5,0.000156628,0.000783141,11
3600,3605,3602.5,9.96725e-05,0.000498363,7
3605,3610,3607.5,0.00012815,0.000640752,9
3610,3615,3612.5,9.96725e-05,0.000498363,7
3615,3620,3617.5,5.69557e-05,0.000284779,4
3620,3625,3622.5,1.42389e-05,7.11946e-05,1
3625,3630,3627.5,0.00012815,0.000640752,9
3630,3635,3632.5,0.000156628,0.000783141,11
3635,3640,3637.5,7.11946e-05,0.000355973,5
3640,3645,3642.5,0.00012815,0.000640752,9
3645,3650,3647.5,1.42389e-05,7.11946e-05,1
3650,3655,3652.5,7.11946e-05,0.000355973,5
3655,3660,3657.5,2.84779e-05,0.000142389,2
3660,3665,3662.5,0.00012815,0.000640752,9
3665,3670,3667.5,8.54336e-05,0.000427168,6
3670,3675,3672.5,0.000113911,0.000569557,8
3675,3680,3677.5,4.27168e-05,0.000213584,3
3680,3685,3682.5,9.96725e-05,0.000498363,7
3685,3690,3687.5,9.96725e-05,0.000498363,7
3690,3695,3692.5,0.000113911,0.000569557,8
3695,3700,3697.5,0.00012815,0.000640752,9
3700,3705,3702.5,8.54336e-05,0.000427168,6
3705,3710,3707.5,8.54336e-05,0.000427168,6
3710,3715,3712.5,0.00012815,0.000640752,9
3715,3720,3717.5,7.11946e-05,0.000355973,5
3720,3725,3722.5,5.69557e-05,0.000284779,4
3725,3730,3727.5,5.69557e-05,0.000284779,4
3730,3735,3732.5,0.000199345,0.000996725,14
3735,3740,3737.5,0.00012815,0.000640752,9
3740,3745,3742.5,7.11946e-05,0.000355973,5
3745,3750,3747.5,0.000142389,0.000711946,10
3750,3755,3752.5,0.000142389,0.000711946,10
3755,3760,3757.5,7.11946e-05,0.000355973,5
3760,3765,3762.5,9.96725e-05,0.000498363,7
3765,3770,3767.5,5.69557e-05,0.000284779,4
3770,3775,3772.5,7.11946e-05,0.000355973,5
3775,3780,3777.5,0.000156628,0.000783141,11
3780,3785,3782.5,0.000185106,0.00092553,13
3785,3790,3787.5,0.000113911,0.000569557,8
3790,3795,3792.5,4.27168e-05,0.000213584,3
3795,3800,3797.5,8.54336e-05,0.000427168,6
3800,3805,3802.5,7.11946e-05,0.000355973,5
3805,3810,3807.5,0.000185106,0.00092553,13
3810,3815,3812.5,8.54336e-05,0.000427168,6
3815,3820,3817.5,0.000156628,0.000783141,11
3820,3825,3822.5,9.96725e-05,0.000498363,7
3825,3830,3827.5,9.96725e-05,0.000498363,7
3830,3835,3832.5,0.000170867,0.000854336,12
3835,3840,3837.5,8.54336e-05,0.000427168,6
3840,3845,3842.5,0.000213584,0.00106792,15
3845,3850,3847.5,5.69557e-05,0.000284779,4
3850,3855,3852.5,0.000142389,0.000711946,10
3855,3860,3857.5,0.00012815,0.000640752,9
3860,3865,3862.5,0.000113911,0.000569557,8
3865,3870,3867.5,1.42389e-05,7.11946e-05,1
3870,3875,3872.5,8.54336e-05,0.000427168,6
3875,3880,3877.5,0.000142389,0.000711946,10
3880,3885,3882.5,5.69557e-05,0.000284779,4
3885,3890,3887.5,0.000156628,0.000783141,11
3890,3895,3892.5,9.96725e-05,0.000498363,7
3895,3900,3897.5,0.00012815,0.000640752,9
3900,3905,3902.5,0.000113911,0.000569557,8
3905,3910,3907.5,7.11946e-05,0.000355973,5
3910,3915,3912.5,0.000170867,0.000854336,12
3915,3920,3917.5,9.96725e-05,0.000498363,7
3920,3925,3922.5,5.69557e-05,0.000284779,4
3925,3930,3927.5,0.00012815,0.000640752,9
3930,3935,3932.5,0.000113911,0.000569557,8
3935,3940,3937.5,0.000113911,0.000569557,8
3940,3945,3942.5,0.000142389,0.000711946,10
3945,3950,3947.5,9.96725e-05,0.000498363,7
3950,3955,3952.5,9.96725e-05,0.000498363,7
3955,3960,3957.5,8.54336e-05,0.000427168,6
3960,3965,3962.5,7.11946e-05,0.000355973,5
3965,3970,3967.5,0.00012815,0.000640752,9
3970,3975,3972.5,0.000113911,0.000569557,8
3975,3980,3977.5,0.000113911,0.000569557,8
3980,3985,3982.5,7.11946e-05,0.000355973,5
3985,3990,3987.5,0.00012815,0.000640752,9
3990,3995,3992.5,9.96725e-05,0.000498363,7
3995,4000,3997.5,7.11946e-05,0.000355973,5
4000,4005,4002.5,0.000156628,0.000783141,11
4005,4010,4007.5,0.000113911,0.000569557,8
4010,4015,4012.5,0.00012815,0.000640752,9
4015,4020,4017.5,0.000113911,0.000569557,8
4020,4025,4022.5,9.96725e-05,0.000498363,7
4025,4030,4027.5,0.000113911,0.000569557,8
4030,4035,4032.5,0.00012815,0.000640752,9
4035,4040,4037.5,9.96725e-05,0.000498363,7
4040,4045,4042.5,8.54336e-05,0.000427168,6
4045,4050,4047.5,8.54336e-05,0.000427168,6
4050,4055,4052.5,0.000142389,0.000711946,10
4055,4060,4057.5,0.000142389,0.000711946,10
4060,4065,4062.5,0.00012815,0.000640752,9
4065,4070,4067.5,7.11946e-05,0.000355973,5
4070,4075,4072.5,0.000142389,0.000711946,10
4075,4080,4077.5,8.54336e-05,0.000427168,6
4080,4085,4082.5,0.000113911,0.000569557,8
4085,4090,4087.5,8.54336e-05,0.000427168,6
4090,4095,4092.5,0.00012815,0.000640752,9
4095,4100,4097.5,9.96725e-05,0.000498363,7
4100,4105,4102.5,9.96725e-05,0.000498363,7
4105,4110,4107.5,5.69557e-05,0.000284779,4
4110,4115,4112.5,0.000113911,0.000569557,8
4115,4120,4117.5,5.69557e-05,0.000284779,4
4120,4125,4122.5,9.96725e-05,0.000498363,7
4125,4130,4127.5,9.96725e-05,0.000498363,7
4130,4135,4132.5,9.96725e-05,0.000498363,7
4135,4140,4137.5,5.69557e-05,0.000284779,4
4140,4145,4142.5,5.69557e-05,0.000284779,4
4145,4150,4147.5,1.42389e-05,7.11946e-05,1
4150,4155,4152.5,8.54336e-05,0.000427168,6
4155,4160,4157.5,8.54336e-05,0.000427168,6
4160,4165,4162.5,5.69557e-05,0.000284779,4
4165,4170,4167.5,9.96725e-05,0.000498363,7
4170,4175,4172.5,0.000142389,0.000711946,10
4175,4180,4177.5,5.69557e-05,0.000284779,4
4180,4185,4182.5,7.11946e-05,0.000355973,5
4185,4190,4187.5,5.69557e-05,0.000284779,4
4190,4195,4192.5,5.69557e-05,0.000284779,4
4195,4200,4197.5,7.11946e-05,0.000355973,5
4200,4205,4202.5,9.96725e-05,0.000498363,7
4205,4210,4207.5,9.96725e-05,0.000498363,7
4210,4215,4212.5,8.54336e-05,0.000427168,6
4215,4220,4217.5,0.000156628,0.000783141,11
4220,4225,4222.5,8.54336e-05,0.000427168,6
4225,4230,4227.5,9.96725e-05,0.000498363,7
4230,4235,4232.5,0.000156628,0.000783141,11
4235,4240,4237.5,0.000113911,0.000569557,8
4240,4245,4242.5,5.69557e-05,0.000284779,4
4245,4250,4247.5,0.000113911,0.000569557,8
4250,4255,4252.5,9.96725e-05,0.000498363,7
4255,4260,4257.5,4.27168e-05,0.000213584,3
4260,4265,4262.5,0.000156628,0.000783141,11
4265,4270,4267.5,0.000113911,0.000569557,8
4270,4275,4272.5,0.000156628,0.000783141,11
4275,4280,4277.5,0.000113911,0.000569557,8
4280,4285,4282.5,0.000113911,0.000569557,8
4285,4290,4287.5,0.000113911,0.000569557,8
4290,4295,4292.5,0.000170867,0.000854336,12
4295,4300,4297.5,9.96725e-05,0.000498363,7
4300,4305,4302.5,8.54336e-05,0.000427168,6
4305,4310,4307.5,0.00012815,0.000640752,9
4310,4315,4312.5,7.11946e-05,0.000355973,5
4315,4320,4317.5,8.54336e-05,0.000427168,6
4320,4325,4322.5,0.00012815,0.000640752,9
4325,4330,4327.5,0.00012815,0.000640752,9
4330,4335,4332.5,9.96725e-05,0.000498363,7
4335,4340,4337.5,0.000113911,0.000569557,8
4340,4345,4342.5,8.54336e-05,0.000427168,6
4345,4350,4347.5,1.42389e-05,7.11946e-05,1
4350,4355,4352.5,5.69557e-05,0.000284779,4
4355,4360,4357.5,5.69557e-05,0.000284779,4
4360,4365,4362.5,2.84779e-05,0.000142389,2
4365,4370,4367.5,5.69557e-05,0.000284779,4
4370,4375,4372.5,5.69557e-05,0.000284779,4
4375,4380,4377.5,5.69557e-05,0.000284779,4
4380,4385,4382.5,1.42389e-05,7.11946e-05,1
4385,4390,4387.5,1.42389e-05,7.11946e-05,1
4390,4395,4392.5,5.69557e-05,0.000284779,4
4395,4400,4397.5,1.42389e-05,7.11946e-05,1
4400,4405,4402.5,2.84779e-05,0.000142389,2
4405,4410,4407.5,1.42389e-05,7.11946e-05,1
4410,4415,4412.5,2.84779e-05,0.000142389,2
4420,4425,4422.5,1.42389e-05,7.11946e-05,1
4425,4430,4427.5,1.42389e-05,7.11946e-05,1
4435,4440,4437.5,2.84779e-05,0.000142389,2
4445,4450,4447.5,4.27168e-05,0.000213584,3
4460,4465,4462.5,2.84779e-05,0.000142389,2
4470,4475,4472.5,8.54336e-05,0.000427168,6
4475,4480,4477.5,4.27168e-05,0.000213584,3
4485,4490,4487.5,1.42389e-05,7.11946e-05,1
4490,4495,4492.5,1.42389e-05,7.11946e-05,1
4495,4500,4497.5,4.27168e-05,0.000213584,3
4500,4505,4502.5,1.42389e-05,7.11946e-05,1
4505,4510,4507.5,2.84779e-05,0.000142389,2
4510,4515,4512.5,2.84779e-05,0.000142389,2
4515,4520,4517.5,5.69557e-05,0.000284779,4
4520,4525,4522.5,1.42389e-05,7.11946e-05,1
4525,4530,4527.5,1.42389e-05,7.11946e-05,1
4535,4540,4537.5,2.84779e-05,0.000142389,2
4540,4545,4542.5,5.69557e-05,0.000284779,4
4545,4550,4547.5,4.27168e-05,0.000213584,3
4550,4555,4552.5,4.27168e-05,0.000213584,3
4555,4560,4557.5,5.69557e-05,0.000284779,4
4560,4565,4562.5,5.69557e-05,0.000284779,4
4565,4570,4567.5,1.42389e-05,7.11946e-05,1
4570,4575,4572.5,2.84779e-05,0.000142389,2
4575,4580,4577.5,7.11946e-05,0.000355973,5
4580,4585,4582.5,2.84779e-05,0.000142389,2
4585,4590,4587.5,2.84779e-05,0.000142389,2
4590,4595,4592.5,1.42389e-05,7.11946e-05,1
4595,4600,4597.5,5.69557e-05,0.000284779,4
4600,4605,4602.5,1.42389e-05,7.11946e-05,1
4605,4610,4607.5,1.42389e-05,7.11946e-05,1
4615,4620,4617.5,2.84779e-05,0.000142389,2
4620,4625,4622.5,1.42389e-05,7.11946e-05,1
4625,4630,4627.5,2.84779e-05,0.000142389,2
4635,4640,4637.5,2.84779e-05,0.000142389,2
4640,4645,4642.5,5.69557e-05,0.000284779,4
4645,4650,4647.5,2.84779e-05,0.000142389,2
4650,4655,4652.5,2.84779e-05,0.000142389,2
4655,4660,4657.5,1.42389e-05,7.11946e-05,1
4665,4670,4667.5,1.42389e-05,7.11946e-05,1
4670,4675,4672.5,4.27168e-05,0.000213584,3
4675,4680,4677.5,1.42389e-05,7.11946e-05,1
4680,4685,4682.5,1.42389e-05,7.11946e-05,1
4685,4690,4687.5,2.84779e-05,0.000142389,2
4690,4695,4692.5,4.27168e-05,0.000213584,3
4695,4700,4697.5,1.42389e-05,7.11946e-05,1
4705,4710,4707.5,4.27168e-05,0.000213584,3
4715,4720,4717.5,2.84779e-05,0.000142389,2
4720,4725,4722.5,1.42389e-05,7.11946e-05,1
4725,4730,4727.5,2.84779e-05,0.000142389,2
4730,4735,4732.5,2.84779e-05,0.000142389,2
4735,4740,4737.5,2.84779e-05,0.000142389,2
4745,4750,4747.5,5.69557e-05,0.000284779,4
4750,4755,4752.5,1.42389e-05,7.11946e-05,1
4755,4760,4757.5,4.27168e-05,0.000213584,3
4760,4765,4762.5,4.27168e-05,0.000213584,3
4765,4770,4767.5,2.84779e-05,0.000142389,2
4775,4780,4777.5,2.84779e-05,0.000142389,2
4785,4790,4787.5,2.84779e-05,0.000142389,2
4790,4795,4792.5,1.42389e-05,7.11946e-05,1
4805,4810,4807.5,1.42389e-05,7.11946e-05,1
4810,4815,4812.5,2.84779e-05,0.000142389,2
4815,4820,4817.5,1.42389e-05,7.11946e-05,1
4820,4825,4822.5,1.42389e-05,7.11946e-05,1
4835,4840,4837.5,1.42389e-05,7.11946e-05,1
4840,4845,4842.5,1.42389e-05,7.11946e-05,1
4845,4850,4847.5,1.42389e-05,7.11946e-05,1
4850,4855,4852.5,1.42389e-05,7.11946e-05,1
4855,4860,4857.5,1.42389e-05,7.11946e-05,1
4860,4865,4862.5,1.42389e-05,7.11946e-05,1
4870,4875,4872.5,2.84779e-05,0.000142389,2
4880,4885,4882.5,1.42389e-05,7.11946e-05,1
4885,4890,4887.5,5.69557e-05,0.000284779,4
4890,4895,4892.5,2.84779e-05,0.000142389,2
4900,4905,4902.5,2.84779e-05,0.000142389,2
4905,4910,4907.5,1.42389e-05,7.11946e-05,1
4915,4920,4917.5,1.42389e-05,7.11946e-05,1
4925,4930,4927.5,1.42389e-05,7.11946e-05,1
4930,4935,4932.5,2.84779e-05,0.000142389,2
4935,4940,4937.5,4.27168e-05,0.000213584,3
4940,4945,4942.5,1.42389e-05,7.11946e-05,1
4945,4950,4947.5,1.42389e-05,7.11946e-05,1
4950,4955,4952.5,2.84779e-05,0.000142389,2
4955,4960,4957.5,1.42389e-05,7.11946e-05,1
4960,4965,4962.5,2.84779e-05,0.000142389,2
4965,4970,4967.5,1.42389e-05,7.11946e-05,1
4975,4980,4977.5,2.84779e-05,0.000142389,2
4985,4990,4987.5,4.27168e-05,0.000213584,3
4990,4995,4992.5,2.84779e-05,0.000142389,2
4995,5000,4997.5,2.84779e-05,0.000142389,2
5000,5005,5002.5,1.42389e-05,7.11946e-05,1
5005,5010,5007.5,4.27168e-05,0.000213584,3
5010,5015,5012.5,2.84779e-05,0.000142389,2
5015,5020,5017.5,4.27168e-05,0.000213584,3
5020,5025,5022.5,5.69557e-05,0.000284779,4
5025,5030,5027.5,1.42389e-05,7.11946e-05,1
5030,5035,5032.5,1.42389e-05,7.11946e-05,1
5035,5040,5037.5,1.42389e-05,7.11946e-05,1
5045,5050,5047.5,1.42389e-05,7.11946e-05,1
5050,5055,5052.5,1.42389e-05,7.11946e-05,1
5060,5065,5062.5,2.84779e-05,0.000142389,2
5065,5070,5067.5,2.84779e-05,0.000142389,2
5070,5075,5072.5,2.84779e-05,0.000142389,2
5075,5080,5077.5,1.42389e-05,7.11946e-05,1
5080,5085,5082.5,1.42389e-05,7.11946e-05,1
5085,5090,5087.5,1.42389e-05,7.11946e-05,1
5090,5095,5092.5,2.84779e-05,0.000142389,2
5110,5115,5112.5,1.42389e-05,7.11946e-05,1
5115,5120,5117.5,2.84779e-05,0.000142389,2
5125,5130,5127.5,4.27168e-05,0.000213584,3
5130,5135,5132.5,4.27168e-05,0.000213584,3
5135,5140,5137.5,2.84779e-05,0.000142389,2
5140,5145,5142.5,5.69557e-05,0.000284779,4
5145,5150,5147.5,2.84779e-05,0.000142389,2
5150,5155,5152.5,1.42389e-05,7.11946e-05,1
5155,5160,5157.5,1.42389e-05,7.11946e-05,1
5165,5170,5167.5,7.11946e-05,0.000355973,5
5175,5180,5177.5,2.84779e-05,0.000142389,2
5190,5195,5192.5,5.69557e-05,0.000284779,4
5195,5200,5197.5,2.84779e-05,0.000142389,2
5200,5205,5202.5,4.27168e-05,0.000213584,3
5205,5210,5207.5,1.42389e-05,7.11946e-05,1
5210,5215,5212.5,1.42389e-05,7.11946e-05,1
5215,5220,5217.5,2.84779e-05,0.000142389,2
5225,5230,5227.5,4.27168e-05,0.000213584,3
5230,5235,5232.5,4.27168e-05,0.000213584,3
5235,5240,5237.5,7.11946e-05,0.000355973,5
5245,5250,5247.5,2.84779e-05,0.000142389,2
5250,5255,5252.5,4.27168e-05,0.000213584,3
5255,5260,5257.5,4.27168e-05,0.000213584,3
5260,5265,5262.5,1.42389e-05,7.11946e-05,1
5270,5275,5272.5,1.42389e-05,7.11946e-05,1
5275,5280,5277.5,1.42389e-05,7.11946e-05,1
5280,5285,5282.5,4.27168e-05,0.000213584,3
5285,5290,5287.5,1.42389e-05,7.11946e-05,1
5290,5295,5292.5,1.42389e-05,7.11946e-05,1
5300,5305,5302.5,2.84779e-05,0.000142389,2
5310,5315,5312.5,4.27168e-05,0.000213584,3
5315,5320,5317.5,1.42389e-05,7.11946e-05,1
5320,5325,5322.5,4.27168e-05,0.000213584,3
5325,5330,5327.5,2.84779e-05,0.000142389,2
5330,5335,5332.5,1.42389e-05,7.11946e-05,1
5335,5340,5337.5,5.69557e-05,0.000284779,4
5340,5345,5342.5,1.42389e-05,7.11946e-05,1
5345,5350,5347.5,4.27168e-05,0.000213584,3
5355,5360,5357.5,4.27168e-05,0.000213584,3
5360,5365,5362.5,1.42389e-05,7.11946e-05,1
5370,5375,5372.5,2.84779e-05,0.000142389,2
5375,5380,5377.5,1.42389e-05,7.11946e-05,1
5380,5385,5382.5,2.84779e-05,0.000142389,2
5385,5390,5387.5,4.27168e-05,0.000213584,3
5390,5395,5392.5,1.42389e-05,7.11946e-05,1
5400,5405,5402.5,2.84779e-05,0.000142389,2
5405,5410,5407.5,1.42389e-05,7.11946e-05,1
5410,5415,5412.5,2.84779e-05,0.000142389,2
5415,5420,5417.5,2.84779e-05,0.000142389,2
5420,5425,5422.5,1.42389e-05,7.11946e-05,1
5425,5430,5427.5,2.84779e-05,0.000142389,2
5435,5440,5437.5,2.84779e-05,0.000142389,2
5440,5445,5442.5,1.42389e-05,7.11946e-05,1
5445,5450,5447.5,1.42389e-05,7.11946e-05,1
5450,5455,5452.5,1.42389e-05,7.11946e-05,1
5455,5460,5457.5,4.27168e-05,0.000213584,3
5460,5465,5462.5,4.27168e-05,0.000213584,3
5470,5475,5472.5,1.42389e-05,7.11946e-05,1
5475,5480,5477.5,1.42389e-05,7.11946e-05,1
5480,5485,5482.5,1.42389e-05,7.11946e-05,1
5485,5490,5487.5,2.84779e-05,0.000142389,2
5490,5495,5492.5,5.69557e-05,0.000284779,4
5495,5500,5497.5,1.42389e-05,7.11946e-05,1
5500,5505,5502.5,1.42389e-05,7.11946e-05,1
5505,5510,5507.5,2.84779e-05,0.000142389,2
5515,5520,5517.5,1.42389e-05,7.11946e-05,1
5520,5525,5522.5,1.42389e-05,7.11946e-05,1
5525,5530,5527.5,1.42389e-05,7.11946e-05,1
5530,5535,5532.5,2.84779e-05,0.000142389,2
5535,5540,5537.5,1.42389e-05,7.11946e-05,1
5545,5550,5547.5,1.42389e-05,7.11946e-05,1
5560,5565,5562.5,1.42389e-05,7.11946e-05,1
5565,5570,5567.5,1.42389e-05,7.11946e-05,1
5570,5575,5572.5,8.54336e-05,0.000427168,6
5575,5580,5577.5,2.84779e-05,0.000142389,2
5580,5585,5582.5,1.42389e-05,7.11946e-05,1
5585,5590,5587.5,2.84779e-05,0.000142389,2
5590,5595,5592.5,1.42389e-05,7.11946e-05,1
5595,5600,5597.5,4.27168e-05,0.000213584,3
5600,5605,5602.5,1.42389e-05,7.11946e-05,1
5615,5620,5617.5,1.42389e-05,7.11946e-05,1
5620,5625,5622.5,1.42389e-05,7.11946e-05,1
5630,5635,5632.5,4.27168e-05,0.000213584,3
5635,5640,5637.5,2.84779e-05,0.000142389,2
5640,5645,5642.5,1.42389e-05,7.11946e-05,1
5645,5650,5647.5,1.42389e-05,7.11946e-05,1
5650,5655,5652.5,2.84779e-05,0.000142389,2
5670,5675,5672.5,2.84779e-05,0.000142389,2
5675,5680,5677.5,7.11946e-05,0.000355973,5
5690,5695,5692.5,2.84779e-05,0.000142389,2
5695,5700,5697.5,1.42389e-05,7.11946e-05,1
5700,5705,5702.5,1.42389e-05,7.11946e-05,1
5710,5715,5712.5,2.84779e-05,0.000142389,2
5715,5720,5717.5,1.42389e-05,7.11946e-05,1
5720,5725,5722.5,1.42389e-05,7.11946e-05,1
5730,5735,5732.5,2.84779e-05,0.000142389,2
5735,5740,5737.5,1.42389e-05,7.11946e-05,1
5740,5745,5742.5,1.42389e-05,7.11946e-05,1
5745,5750,5747.5,4.27168e-05,0.000213584,3
5750,5755,5752.5,2.84779e-05,0.000142389,2
5760,5765,5762.5,1.42389e-05,7.11946e-05,1
5765,5770,5767.5,4.27168e-05,0.000213584,3
5775,5780,5777.5,1.42389e-05,7.11946e-05,1
5780,5785,5782.5,2.84779e-05,0.000142389,2
5790,5795,5792.5,4.27168e-05,0.000213584,3
5795,5800,5797.5,7.11946e-05,0.000355973,5
5800,5805,5802.5,1.42389e-05,7.11946e-05,1
5805,5810,5807.5,2.84779e-05,0.000142389,2
5820,5825,5822.5,4.27168e-05,0.000213584,3
5825,5830,5827.5,2.84779e-05,0.000142389,2
5835,5840,5837.5,4.27168e-05,0.000213584,3
5840,5845,5842.5,2.84779e-05,0.000142389,2
5850,5855,5852.5,4.27168e-05,0.000213584,3
5855,5860,5857.5,2.84779e-05,0.000142389,2
5860,5865,5862.5,4.27168e-05,0.000213584,3
5865,5870,5867.5,2.84779e-05,0.000142389,2
5870,5875,5872.5,4.27168e-05,0.000213584,3
5875,5880,5877.5,2.84779e-05,0.000142389,2
5880,5885,5882.5,1.42389e-05,7.11946e-05,1
5885,5890,5887.5,4.27168e-05,0.000213584,3
5890,5895,5892.5,1.42389e-05,7.11946e-05,1
5895,5900,5897.5,2.84779e-05,0.000142389,2
5900,5905,5902.5,1.42389e-05,7.11946e-05,1
5910,5915,5912.5,1.42389e-05,7.11946e-05,1
5915,5920,5917.5,7.11946e-05,0.000355973,5
5925,5930,5927.5,1.42389e-05,7.11946e-05,1
5930,5935,5932.5,2.84779e-05,0.000142389,2
5935,5940,5937.5,1.42389e-05,7.11946e-05,1
5940,5945,5942.5,4.27168e-05,0.000213584,3
5945,5950,5947.5,1.42389e-05,7.11946e-05,1
5950,5955,5952.5,1.42389e-05,7.11946e-05,1
5955,5960,5957.5,5.69557e-05,0.000284779,4
5960,5965,5962.5,2.84779e-05,0.000142389,2
5965,5970,5967.5,1.42389e-05,7.11946e-05,1
5970,5975,5972.5,2.84779e-05,0.000142389,2
5975,5980,5977.5,2.84779e-05,0.000142389,2
5980,5985,5982.5,1.42389e-05,7.11946e-05,1
5985,5990,5987.5,2.84779e-05,0.000142389,2
5995,6000,5997.5,1.42389e-05,7.11946e-05,1
6000,6005,6002.5,1.42389e-05,7.11946e-05,1
6005,6010,6007.5,1.42389e-05,7.11946e-05,1
6020,6025,6022.5,1.42389e-05,7.11946e-05,1
6025,6030,6027.5,2.84779e-05,0.000142389,2
6030,6035,6032.5,1.42389e-05,7.11946e-05,1
6035,6040,6037.5,4.27168e-05,0.000213584,3
6040,6045,6042.5,2.84779e-05,0.000142389,2
6045,6050,6047.5,1.42389e-05,7.11946e-05,1
6050,6055,6052.5,1.42389e-05,7.11946e-05,1
6060,6065,6062.5,1.42389e-05,7.11946e-05,1
6065,6070,6067.5,1.42389e-05,7.11946e-05,1
6075,6080,6077.5,2.84779e-05,0.000142389,2
6085,6090,6087.5,1.42389e-05,7.11946e-05,1
6095,6100,6097.5,2.84779e-05,0.000142389,2
6100,6105,6102.5,1.42389e-05,7.11946e-05,1
6105,6110,6107.5,2.84779e-05,0.000142389,2
6110,6115,6112.5,5.69557e-05,0.000284779,4
6120,6125,6122.5,1.42389e-05,7.11946e-05,1
6130,6135,6132.5,2.84779e-05,0.000142389,2
6140,6145,6142.5,1.42389e-05,7.11946e-05,1
6145,6150,6147.5,2.84779e-05,0.000142389,2
6155,6160,6157.5,1.42389e-05,7.11946e-05,1
6170,6175,6172.5,1.42389e-05,7.11946e-05,1
6185,6190,6187.5,1.42389e-05,7.11946e-05,1
6190,6195,6192.5,5.69557e-05,0.000284779,4
6195,6200,6197.5,1.42389e-05,7.11946e-05,1
6200,6205,6202.5,2.84779e-05,0.000142389,2
6215,6220,6217.5,1.42389e-05,7.11946e-05,1
6220,6225,6222.5,4.27168e-05,0.000213584,3
6230,6235,6232.5,1.42389e-05,7.11946e-05,1
6240,6245,6242.5,2.84779e-05,0.000142389,2
6245,6250,6247.5,4.27168e-05,0.000213584,3
6250,6255,6252.5,1.42389e-05,7.11946e-05,1
6255,6260,6257.5,4.27168e-05,0.000213584,3
6260,6265,6262.5,1.42389e-05,7.11946e-05,1
6275,6280,6277.5,7.11946e-05,0.000355973,5
6280,6285,6282.5,4.27168e-05,0.000213584,3
6290,6295,6292.5,1.42389e-05,7.11946e-05,1
6310,6315,6312.5,1.42389e-05,7.11946e-05,1
6320,6325,6322.5,1.42389e-05,7.11946e-05,1
6325,6330,6327.5,1.42389e-05,7.11946e-05,1
6335,6340,6337.5,1.42389e-05,7.11946e-05,1
6355,6360,6357.5,4.27168e-05,0.000213584,3
6365,6370,6367.5,1.42389e-05,7.11946e-05,1
6370,6375,6372.5,1.42389e-05,7.11946e-05,1
6375,6380,6377.5,1.42389e-05,7.11946e-05,1
6380,6385,6382.5,1.42389e-05,7.11946e-05,1
6385,6390,6387.5,1.42389e-05,7.11946e-05,1
6390,6395,6392.5,1.42389e-05,7.11946e-05,1
6400,6405,6402.5,2.84779e-05,0.000142389,2
6405,6410,6407.5,1.42389e-05,7.11946e-05,1
6410,6415,6412.5,1.42389e-05,7.11946e-05,1
6415,6420,6417.5,1.42389e-05,7.11946e-05,1
6420,6425,6422.5,4.27168e-05,0.000213584,3
6425,6430,6427.5,2.84779e-05,0.000142389,2
6435,6440,6437.5,2.84779e-05,0.000142389,2
6440,6445,6442.5,1.42389e-05,7.11946e-05,1
6450,6455,6452.5,1.42389e-05,7.11946e-05,1
6455,6460,6457.5,2.84779e-05,0.000142389,2
6460,6465,6462.5,1.42389e-05,7.11946e-05,1
6465,6470,6467.5,4.27168e-05,0.000213584,3
6470,6475,6472.5,1.42389e-05,7.11946e-05,1
6475,6480,6477.5,1.42389e-05,7.11946e-05,1
6480,6485,6482.5,2.84779e-05,0.000142389,2
6485,6490,6487.5,4.27168e-05,0.000213584,3
6510,6515,6512.5,1.42389e-05,7.11946e-05,1
6520,6525,6522.5,1.42389e-05,7.11946e-05,1
6525,6530,6527.5,1.42389e-05,7.11946e-05,1
6530,6535,6532.5,1.42389e-05,7.11946e-05,1
6540,6545,6542.5,1.42389e-05,7.11946e-05,1
6545,6550,6547.5,2.84779e-05,0.000142389,2
6550,6555,6552.5,2.84779e-05,0.000142389,2
6555,6560,6557.5,1.42389e-05,7.11946e-05,1
6565,6570,6567.5,1.42389e-05,7.11946e-05,1
6570,6575,6572.5,1.42389e-05,7.11946e-05,1
6600,6605,6602.5,1.42389e-05,7.11946e-05,1
6610,6615,6612.5,1.42389e-05,7.11946e-05,1
6615,6620,6617.5,1.42389e-05,7.11946e-05,1
6620,6625,6622.5,1.42389e-05,7.11946e-05,1
6625,6630,6627.5,4.27168e-05,0.000213584,3
6630,6635,6632.5,1.42389e-05,7.11946e-05,1
6640,6645,6642.5,5.69557e-05,0.000284779,4
6645,6650,6647.5,2.84779e-05,0.000142389,2
6665,6670,6667.5,2.84779e-05,0.000142389,2
6670,6675,6672.5,1.42389e-05,7.11946e-05,1
6675,6680,6677.5,1.42389e-05,7.11946e-05,1
6680,6685,6682.5,1.42389e-05,7.11946e-05,1
6690,6695,6692.5,1.42389e-05,7.11946e-05,1
6695,6700,6697.5,1.42389e-05,7.11946e-05,1
6705,6710,6707.5,1.42389e-05,7.11946e-05,1
6710,6715,6712.5,2.84779e-05,0.000142389,2
6715,6720,6717.5,1.42389e-05,7.11946e-05,1
6725,6730,6727.5,1.42389e-05,7.11946e-05,1
6730,6735,6732.5,1.42389e-05,7.11946e-05,1
6750,6755,6752.5,2.84779e-05,0.000142389,2
6760,6765,6762.5,1.42389e-05,7.11946e-05,1
6765,6770,6767.5,1.42389e-05,7.11946e-05,1
6780,6785,6782.5,1.42389e-05,7.11946e-05,1
6785,6790,6787.5,2.84779e-05,0.000142389,2
6810,6815,6812.5,2.84779e-05,0.000142389,2
6815,6820,6817.5,2.84779e-05,0.000142389,2
6835,6840,6837.5,1.42389e-05,7.11946e-05,1
6840,6845,6842.5,1.42389e-05,7.11946e-05,1
6845,6850,6847.5,4.27168e-05,0.000213584,3
6855,6860,6857.5,4.27168e-05,0.000213584,3
6860,6865,6862.5,1.42389e-05,7.11946e-05,1
6865,6870,6867.5,1.42389e-05,7.11946e-05,1
6870,6875,6872.5,1.42389e-05,7.11946e-05,1
6875,6880,6877.5,1.42389e-05,7.11946e-05,1
6885,6890,6887.5,1.42389e-05,7.11946e-05,1
6900,6905,6902.5,1.42389e-05,7.11946e-05,1
6915,6920,6917.5,1.42389e-05,7.11946e-05,1
6920,6925,6922.5,1.42389e-05,7.11946e-05,1
6925,6930,6927.5,1.42389e-05,7.11946e-05,1
6930,6935,6932.5,2.84779e-05,0.000142389,2
6935,6940,6937.5,1.42389e-05,7.11946e-05,1
6945,6950,6947.5,4.27168e-05,0.000213584,3
6950,6955,6952.5,2.84779e-05,0.000142389,2
6955,6960,6957.5,2.84779e-05,0.000142389,2
6965,6970,6967.5,1.42389e-05,7.11946e-05,1
6970,6975,6972.5,1.42389e-05,7.11946e-05,1
6975,6980,6977.5,1.42389e-05,7.11946e-05,1
6990,6995,6992.5,1.42389e-05,7.11946e-05,1
6995,7000,6997.5,1.42389e-05,7.11946e-05,1
7000,7005,7002.5,4.27168e-05,0.000213584,3
7005,7010,7007.5,1.42389e-05,7.11946e-05,1
7015,7020,7017.5,1.42389e-05,7.11946e-05,1
7020,7025,7022.5,1.42389e-05,7.11946e-05,1
7025,7030,7027.5,1.42389e-05,7.11946e-05,1
7035,7040,7037.5,2.84779e-05,0.000142389,2
7040,7045,7042.5,2.84779e-05,0.000142389,2
7045,7050,7047.5,1.42389e-05,7.11946e-05,1
7065,7070,7067.5,2.84779e-05,0.000142389,2
7080,7085,7082.5,1.42389e-05,7.11946e-05,1
7085,7090,7087.5,2.84779e-05,0.000142389,2
7090,7095,7092.5,1.42389e-05,7.11946e-05,1
7095,7100,7097.5,1.42389e-05,7.11946e-05,1
7100,7105,7102.5,1.42389e-05,7.11946e-05,1
7110,7115,7112.5,2.84779e-05,0.000142389,2
7115,7120,7117.5,5.69557e-05,0.000284779,4
7120,7125,7122.5,1.42389e-05,7.11946e-05,1
7125,7130,7127.5,1.42389e-05,7.11946e-05,1
7130,7135,7132.5,1.42389e-05,7.11946e-05,1
7145,7150,7147.5,2.84779e-05,0.000142389,2
7165,7170,7167.5,1.42389e-05,7.11946e-05,1
7175,7180,7177.5,1.42389e-05,7.11946e-05,1
7180,7185,7182.5,1.42389e-05,7.11946e-05,1
7185,7190,7187.5,1.42389e-05,7.11946e-05,1
7190,7195,7192.5,1.42389e-05,7.11946e-05,1
7200,7205,7202.5,5.69557e-05,0.000284779,4
7215,7220,7217.5,1.42389e-05,7.11946e-05,1
7220,7225,7222.5,5.69557e-05,0.000284779,4
7225,7230,7227.5,2.84779e-05,0.000142389,2
7245,7250,7247.5,1.42389e-05,7.11946e-05,1
7250,7255,7252.5,1.42389e-05,7.11946e-05,1
7255,7260,7257.5,1.42389e-05,7.11946e-05,1
7270,7275,7272.5,1.42389e-05,7.11946e-05,1
7275,7280,7277.5,1.42389e-05,7.11946e-05,1
7285,7290,7287.5,1.42389e-05,7.11946e-05,1
7290,7295,7292.5,1.42389e-05,7.11946e-05,1
7295,7300,7297.5,1.42389e-05,7.11946e-05,1
7305,7310,7307.5,2.84779e-05,0.000142389,2
7310,7315,7312.5,1.42389e-05,7.11946e-05,1
7325,7330,7327.5,1.42389e-05,7.11946e-05,1
7330,7335,7332.5,1.42389e-05,7.11946e-05,1
7335,7340,7337.5,1.42389e-05,7.11946e-05,1
7350,7355,7352.5,1.42389e-05,7.11946e-05,1
7360,7365,7362.5,2.84779e-05,0.000142389,2
7370,7375,7372.5,2.84779e-05,0.000142389,2
7380,7385,7382.5,1.42389e-05,7.11946e-05,1
7385,7390,7387.5,1.42389e-05,7.11946e-05,1
7390,7395,7392.5,1.42389e-05,7.11946e-05,1
7405,7410,7407.5,2.84779e-05,0.000142389,2
7410,7415,7412.5,1.42389e-05,7.11946e-05,1
7415,7420,7417.5,1.42389e-05,7.11946e-05,1
7420,7425,7422.5,2.84779e-05,0.000142389,2
7425,7430,7427.5,1.42389e-05,7.11946e-05,1
7430,7435,7432.5,1.42389e-05,7.11946e-05,1
7440,7445,7442.5,1.42389e-05,7.11946e-05,1
7445,7450,7447.5,2.84779e-05,0.000142389,2
7450,7455,7452.5,1.42389e-05,7.11946e-05,1
7455,7460,7457.5,1.42389e-05,7.11946e-05,1
7470,7475,7472.5,2.84779e-05,0.000142389,2
7475,7480,7477.5,1.42389e-05,7.11946e-05,1
7480,7485,7482.5,1.42389e-05,7.11946e-05,1
7495,7500,7497.5,1.42389e-05,7.11946e-05,1
7505,7510,7507.5,2.84779e-05,0.000142389,2
7510,7515,7512.5,2.84779e-05,0.000142389,2
7515,7520,7517.5,2.84779e-05,0.000142389,2
7525,7530,7527.5,1.42389e-05,7.11946e-05,1
7540,7545,7542.5,2.84779e-05,0.000142389,2
7545,7550,7547.5,1.42389e-05,7.11946e-05,1
7555,7560,7557.5,1.42389e-05,7.11946e-05,1
7560,7565,7562.5,1.42389e-05,7.11946e-05,1
7565,7570,7567.5,1.42389e-05,7.11946e-05,1
7575,7580,7577.5,2.84779e-05,0.000142389,2
7580,7585,7582.5,2.84779e-05,0.000142389,2
7585,7590,7587.5,1.42389e-05,7.11946e-05,1
7590,7595,7592.5,2.84779e-05,0.000142389,2
7600,7605,7602.5,2.84779e-05,0.000142389,2
7605,7610,7607.5,1.42389e-05,7.11946e-05,1
7625,7630,7627.5,1.42389e-05,7.11946e-05,1
7640,7645,7642.5,1.42389e-05,7.11946e-05,1
7645,7650,7647.5,1.42389e-05,7.11946e-05,1
7650,7655,7652.5,1.42389e-05,7.11946e-05,1
7660,7665,7662.5,1.42389e-05,7.11946e-05,1
7670,7675,7672.5,2.84779e-05,0.000142389,2
7675,7680,7677.5,1.42389e-05,7.11946e-05,1
7685,7690,7687.5,2.84779e-05,0.000142389,2
7695,7700,7697.5,1.42389e-05,7.11946e-05,1
7700,7705,7702.5,1.42389e-05,7.11946e-05,1
7715,7720,7717.5,1.42389e-05,7.11946e-05,1
7725,7730,7727.5,1.42389e-05,7.11946e-05,1
7735,7740,7737.5,1.42389e-05,7.11946e-05,1
7740,7745,7742.5,1.42389e-05,7.11946e-05,1
7750,7755,7752.5,4.27168e-05,0.000213584,3
7760,7765,7762.5,1.42389e-05,7.11946e-05,1
7765,7770,7767.5,1.42389e-05,7.11946e-05,1
7770,7775,7772.5,1.42389e-05,7.11946e-05,1
7785,7790,7787.5,1.42389e-05,7.11946e-05,1
7790,7795,7792.5,1.42389e-05,7.11946e-05,1
7805,7810,7807.5,4.27168e-05,0.000213584,3
7835,7840,7837.5,1.42389e-05,7.11946e-05,1
7845,7850,7847.5,1.42389e-05,7.11946e-05,1
7850,7855,7852.5,1.42389e-05,7.11946e-05,1
7855,7860,7857.5,2.84779e-05,0.000142389,2
7870,7875,7872.5,1.42389e-05,7.11946e-05,1
7885,7890,7887.5,1.42389e-05,7.11946e-05,1
7890,7895,7892.5,1.42389e-05,7.11946e-05,1
7895,7900,7897.5,1.42389e-05,7.11946e-05,1
7900,7905,7902.5,4.27168e-05,0.000213584,3
7905,7910,7907.5,1.42389e-05,7.11946e-05,1
7910,7915,7912.5,1.42389e-05,7.11946e-05,1
7925,7930,7927.5,1.42389e-05,7.11946e-05,1
7935,7940,7937.5,2.84779e-05,0.000142389,2
7945,7950,7947.5,2.84779e-05,0.000142389,2
7965,7970,7967.5,1.42389e-05,7.11946e-05,1
7980,7985,7982.5,1.42389e-05,7.11946e-05,1
7985,7990,7987.5,1.42389e-05,7.11946e-05,1
7995,8000,7997.5,1.42389e-05,7.11946e-05,1
8005,8010,8007.5,2.84779e-05,0.000142389,2
8015,8020,8017.5,1.42389e-05,7.11946e-05,1
8025,8030,8027.5,1.42389e-05,7.11946e-05,1
8030,8035,8032.5,1.42389e-05,7.11946e-05,1
8035,8040,8037.5,1.42389e-05,7.11946e-05,1
8040,8045,8042.5,1.42389e-05,7.11946e-05,1
8045,8050,8047.5,1.42389e-05,7.11946e-05,1
8050,8055,8052.5,1.42389e-05,7.11946e-05,1
8060,8065,8062.5,1.42389e-05,7.11946e-05,1
8070,8075,8072.5,1.42389e-05,7.11946e-05,1
8080,8085,8082.5,2.84779e-05,0.000142389,2
8090,8095,8092.5,1.42389e-05,7.11946e-05,1
8095,8100,8097.5,1.42389e-05,7.11946e-05,1
8110,8115,8112.5,7.11946e-05,0.000355973,5
8115,8120,8117.5,1.42389e-05,7.11946e-05,1
8120,8125,8122.5,1.42389e-05,7.11946e-05,1
8125,8130,8127.5,1.42389e-05,7.11946e-05,1
8135,8140,8137.5,1.42389e-05,7.11946e-05,1
8140,8145,8142.5,1.42389e-05,7.11946e-05,1
8145,8150,8147.5,5.69557e-05,0.000284779,4
8150,8155,8152.5,1.42389e-05,7.11946e-05,1
8160,8165,8162.5,1.42389e-05,7.11946e-05,1
8165,8170,8167.5,1.42389e-05,7.11946e-05,1
8170,8175,8172.5,1.42389e-05,7.11946e-05,1
8200,8205,8202.5,1.42389e-05,7.11946e-05,1
8205,8210,8207.5,2.84779e-05,0.000142389,2
8210,8215,8212.5,1.42389e-05,7.11946e-05,1
8220,8225,8222.5,1.42389e-05,7.11946e-05,1
8230,8235,8232.5,2.84779e-05,0.000142389,2
8235,8240,8237.5,1.42389e-05,7.11946e-05,1
8245,8250,8247.5,1.42389e-05,7.11946e-05,1
8255,8260,8257.5,1.42389e-05,7.11946e-05,1
8260,8265,8262.5,5.69557e-05,0.000284779,4
8275,8280,8277.5,4.27168e-05,0.000213584,3
8280,8285,8282.5,1.42389e-05,7.11946e-05,1
8285,8290,8287.5,1.42389e-05,7.11946e-05,1
8300,8305,8302.5,1.42389e-05,7.11946e-05,1
8305,8310,8307.5,1.42389e-05,7.11946e-05,1
8315,8320,8317.5,1.42389e-05,7.11946e-05,1
8325,8330,8327.5,2.84779e-05,0.000142389,2
8330,8335,8332.5,1.42389e-05,7.11946e-05,1
8335,8340,8337.5,1.42389e-05,7.11946e-05,1
8350,8355,8352.5,1.42389e-05,7.11946e-05,1
8355,8360,8357.5,2.84779e-05,0.000142389,2
8365,8370,8367.5,4.27168e-05,0.000213584,3
8370,8375,8372.5,1.42389e-05,7.11946e-05,1
8380,8385,8382.5,1.42389e-05,7.11946e-05,1
8390,8395,8392.5,1.42389e-05,7.11946e-05,1
8395,8400,8397.5,1.42389e-05,7.11946e-05,1
8410,8415,8412.5,1.42389e-05,7.11946e-05,1
8415,8420,8417.5,1.42389e-05,7.11946e-05,1
8420,8425,8422.5,1.42389e-05,7.11946e-05,1
8425,8430,8427.5,1.42389e-05,7.11946e-05,1
8430,8435,8432.5,1.42389e-05,7.11946e-05,1
8435,8440,8437.5,2.84779e-05,0.000142389,2
8440,8445,8442.5,1.42389e-05,7.11946e-05,1
8450,8455,8452.5,1.42389e-05,7.11946e-05,1
8455,8460,8457.5,2.84779e-05,0.000142389,2
8460,8465,8462.5,1.42389e-05,7.11946e-05,1
8465,8470,8467.5,1.42389e-05,7.11946e-05,1
8485,8490,8487.5,1.42389e-05,7.11946e-05,1
8495,8500,8497.5,2.84779e-05,0.000142389,2
8500,8505,8502.5,1.42389e-05,7.11946e-05,1
8505,8510,8507.5,1.42389e-05,7.11946e-05,1
8515,8520,8517.5,1.42389e-05,7.11946e-05,1
8535,8540,8537.5,1.42389e-05,7.11946e-05,1
8540,8545,8542.5,2.84779e-05,0.000142389,2
8545,8550,8547.5,4.27168e-05,0.000213584,3
8565,8570,8567.5,1.42389e-05,7.11946e-05,1
8575,8580,8577.5,1.42389e-05,7.11946e-05,1
8585,8590,8587.5,1.42389e-05,7.11946e-05,1
8590,8595,8592.5,1.42389e-05,7.11946e-05,1
8595,8600,8597.5,1.42389e-05,7.11946e-05,1
8620,8625,8622.5,1.42389e-05,7.11946e-05,1
8625,8630,8627.5,2.84779e-05,0.000142389,2
8630,8635,8632.5,1.42389e-05,7.11946e-05,1
8640,8645,8642.5,2.84779e-05,0.000142389,2
8645,8650,8647.5,1.42389e-05,7.11946e-05,1
8655,8660,8657.5,1.42389e-05,7.11946e-05,1
8660,8665,8662.5,1.42389e-05,7.11946e-05,1
8665,8670,8667.5,1.42389e-05,7.11946e-05,1
8670,8675,8672.5,1.42389e-05,7.11946e-05,1
8675,8680,8677.5,1.42389e-05,7.11946e-05,1
8685,8690,8687.5,2.84779e-05,0.000142389,2
8700,8705,8702.5,1.42389e-05,7.11946e-05,1
8715,8720,8717.5,1.42389e-05,7.11946e-05,1
8730,8735,8732.5,2.84779e-05,0.000142389,2
8735,8740,8737.5,2.84779e-05,0.000142389,2
8740,8745,8742.5,1.42389e-05,7.11946e-05,1
8745,8750,8747.5,1.42389e-05,7.11946e-05,1
8750,8755,8752.5,1.42389e-05,7.11946e-05,1
8760,8765,8762.5,1.42389e-05,7.11946e-05,1
8765,8770,8767.5,2.84779e-05,0.000142389,2
8770,8775,8772.5,4.27168e-05,0.000213584,3
8775,8780,8777.5,2.84779e-05,0.000142389,2
8780,8785,8782.5,2.84779e-05,0.000142389,2
8790,8795,8792.5,1.42389e-05,7.11946e-05,1
8800,8805,8802.5,1.42389e-05,7.11946e-05,1
8825,8830,8827.5,2.84779e-05,0.000142389,2
8835,8840,8837.5,1.42389e-05,7.11946e-05,1
8840,8845,8842.5,1.42389e-05,7.11946e-05,1
8850,8855,8852.5,1.42389e-05,7.11946e-05,1
8870,8875,8872.5,1.42389e-05,7.11946e-05,1
8885,8890,8887.5,1.42389e-05,7.11946e-05,1
8890,8895,8892.5,1.42389e-05,7.11946e-05,1
8900,8905,8902.5,4.27168e-05,0.000213584,3
8905,8910,8907.5,2.84779e-05,0.000142389,2
8910,8915,8912.5,1.42389e-05,7.11946e-05,1
8925,8930,8927.5,1.42389e-05,7.11946e-05,1
8935,8940,8937.5,4.27168e-05,0.000213584,3
8945,8950,8947.5,2.84779e-05,0.000142389,2
8960,8965,8962.5,1.42389e-05,7.11946e-05,1
8965,8970,8967.5,1.42389e-05,7.11946e-05,1
8970,8975,8972.5,2.84779e-05,0.000142389,2
8975,8980,8977.5,2.84779e-05,0.000142389,2
8980,8985,8982.5,2.84779e-05,0.000142389,2
8995,9000,8997.5,2.84779e-05,0.000142389,2
9000,9005,9002.5,2.84779e-05,0.000142389,2
9005,9010,9007.5,2.84779e-05,0.000142389,2
9025,9030,9027.5,2.84779e-05,0.000142389,2
9030,9035,9032.5,2.84779e-05,0.000142389,2
9035,9040,9037.5,2.84779e-05,0.000142389,2
9040,9045,9042.5,1.42389e-05,7.11946e-05,1
9045,9050,9047.5,4.27168e-05,0.000213584,3
9055,9060,9057.5,2.84779e-05,0.000142389,2
9060,9065,9062.5,1.42389e-05,7.11946e-05,1
9065,9070,9067.5,1.42389e-05,7.11946e-05,1
9075,9080,9077.5,1.42389e-05,7.11946e-05,1
9095,9100,9097.5,1.42389e-05,7.11946e-05,1
9100,9105,9102.5,1.42389e-05,7.11946e-05,1
9115,9120,9117.5,4.27168e-05,0.000213584,3
9120,9125,9122.5,1.42389e-05,7.11946e-05,1
9130,9135,9132.5,1.42389e-05,7.11946e-05,1
9135,9140,9137.5,2.84779e-05,0.000142389,2
9145,9150,9147.5,1.42389e-05,7.11946e-05,1
9155,9160,9157.5,1.42389e-05,7.11946e-05,1
9160,9165,9162.5,1.42389e-05,7.11946e-05,1
9165,9170,9167.5,2.84779e-05,0.000142389,2
9175,9180,9177.5,1.42389e-05,7.11946e-05,1
9180,9185,9182.5,2.84779e-05,0.000142389,2
9185,9190,9187.5,1.42389e-05,7.11946e-05,1
9190,9195,9192.5,1.42389e-05,7.11946e-05,1
9195,9200,9197.5,1.42389e-05,7.11946e-05,1
9200,9205,9202.5,1.42389e-05,7.11946e-05,1
9205,9210,9207.5,2.84779e-05,0.000142389,2
9215,9220,9217.5,2.84779e-05,0.000142389,2
9220,9225,9222.5,2.84779e-05,0.000142389,2
9225,9230,9227.5,1.42389e-05,7.11946e-05,1
9230,9235,9232.5,2.84779e-05,0.000142389,2
9235,9240,9237.5,2.84779e-05,0.000142389,2
9240,9245,9242.5,1.42389e-05,7.11946e-05,1
9250,9255,9252.5,1.42389e-05,7.11946e-05,1
9265,9270,9267.5,1.42389e-05,7.11946e-05,1
9270,9275,9272.5,1.42389e-05,7.11946e-05,1
9285,9290,9287.5,2.84779e-05,0.000142389,2
9290,9295,9292.5,1.42389e-05,7.11946e-05,1
9310,9315,9312.5,1.42389e-05,7.11946e-05,1
9315,9320,9317.5,1.42389e-05,7.11946e-05,1
9320,9325,9322.5,1.42389e-05,7.11946e-05,1
9330,9335,9332.5,4.27168e-05,0.000213584,3
9340,9345,9342.5,2.84779e-05,0.000142389,2
9345,9350,9347.5,1.42389e-05,7.11946e-05,1
9360,9365,9362.5,1.42389e-05,7.11946e-05,1
9370,9375,9372.5,1.42389e-05,7.11946e-05,1
9380,9385,9382.5,4.27168e-05,0.000213584,3
9400,9405,9402.5,2.84779e-05,0.000142389,2
9405,9410,9407.5,1.42389e-05,7.11946e-05,1
9410,9415,9412.5,1.42389e-05,7.11946e-05,1
9425,9430,9427.5,4.27168e-05,0.000213584,3
9440,9445,9442.5,4.27168e-05,0.000213584,3
9445,9450,9447.5,1.42389e-05,7.11946e-05,1
9450,9455,9452.5,1.42389e-05,7.11946e-05,1
9460,9465,9462.5,1.42389e-05,7.11946e-05,1
9465,9470,9467.5,2.84779e-05,0.000142389,2
9475,9480,9477.5,1.42389e-05,7.11946e-05,1
9495,9500,9497.5,1.42389e-05,7.11946e-05,1
9520,9525,9522.5,2.84779e-05,0.000142389,2
9530,9535,9532.5,1.42389e-05,7.11946e-05,1
9580,9585,9582.5,1.42389e-05,7.11946e-05,1
9585,9590,9587.5,1.42389e-05,7.11946e-05,1
9595,9600,9597.5,1.42389e-05,7.11946e-05,1
9605,9610,9607.5,1.42389e-05,7.11946e-05,1
9610,9615,9612.5,1.42389e-05,7.11946e-05,1
9615,9620,9617.5,2.84779e-05,0.000142389,2
9620,9625,9622.5,1.42389e-05,7.11946e-05,1
9630,9635,9632.5,2.84779e-05,0.000142389,2
9685,9690,9687.5,1.42389e-05,7.11946e-05,1
9695,9700,9697.5,2.84779e-05,0.000142389,2
9700,9705,9702.5,1.42389e-05,7.11946e-05,1
9705,9710,9707.5,2.84779e-05,0.000142389,2
9720,9725,9722.5,1.42389e-05,7.11946e-05,1
9760,9765,9762.5,2.84779e-05,0.000142389,2
9765,9770,9767.5,2.84779e-05,0.000142389,2
9780,9785,9782.5,1.42389e-05,7.11946e-05,1
9790,9795,9792.5,1.42389e-05,7.11946e-05,1
9805,9810,9807.5,1.42389e-05,7.11946e-05,1
9810,9815,9812.5,4.27168e-05,0.000213584,3
9825,9830,9827.5,1.42389e-05,7.11946e-05,1
9835,9840,9837.5,1.42389e-05,7.11946e-05,1
9840,9845,9842.5,1.42389e-05,7.11946e-05,1
9845,9850,9847.5,1.42389e-05,7.11946e-05,1
9860,9865,9862.5,1.42389e-05,7.11946e-05,1
9870,9875,9872.5,1.42389e-05,7.11946e-05,1
9875,9880,9877.5,1.42389e-05,7.11946e-05,1
9880,9885,9882.5,1.42389e-05,7.11946e-05,1
9885,9890,9887.5,2.84779e-05,0.000142389,2
9890,9895,9892.5,1.42389e-05,7.11946e-05,1
9915,9920,9917.5,1.42389e-05,7.11946e-05,1
9930,9935,9932.5,1.42389e-05,7.11946e-05,1
9935,9940,9937.5,1.42389e-05,7.11946e-05,1
9940,9945,9942.5,1.42389e-05,7.11946e-05,1
9950,9955,9952.5,1.42389e-05,7.11946e-05,1
9955,9960,9957.5,1.42389e-05,7.11946e-05,1
9960,9965,9962.5,2.84779e-05,0.000142389,2
9965,9970,9967.5,1.42389e-05,7.11946e-05,1
9970,9975,9972.5,1.42389e-05,7.11946e-05,1
9975,9980,9977.5,1.42389e-05,7.11946e-05,1
9985,9990,9987.5,2.84779e-05,0.000142389,2
10015,10020,10017.5,1.42389e-05,7.11946e-05,1
10025,10030,10027.5,1.42389e-05,7.11946e-05,1
10030,10035,10032.5,2.84779e-05,0.000142389,2
10035,10040,10037.5,1.42389e-05,7.11946e-05,1
10045,10050,10047.5,1.42389e-05,7.11946e-05,1
10055,10060,10057.5,1.42389e-05,7.11946e-05,1
10065,10070,10067.5,1.42389e-05,7.11946e-05,1
10070,10075,10072.5,1.42389e-05,7.11946e-05,1
10080,10085,10082.5,2.84779e-05,0.000142389,2
10085,10090,10087.5,1.42389e-05,7.11946e-05,1
10090,10095,10092.5,1.42389e-05,7.11946e-05,1
10135,10140,10137.5,1.42389e-05,7.11946e-05,1
10150,10155,10152.5,1.42389e-05,7.11946e-05,1
10160,10165,10162.5,1.42389e-05,7.11946e-05,1
10170,10175,10172.5,2.84779e-05,0.000142389,2
10180,10185,10182.5,1.42389e-05,7.11946e-05,1
10210,10215,10212.5,2.84779e-05,0.000142389,2
10225,10230,10227.5,2.84779e-05,0.000142389,2
10245,10250,10247.5,1.42389e-05,7.11946e-05,1
10255,10260,10257.5,1.42389e-05,7.11946e-05,1
10260,10265,10262.5,1.42389e-05,7.11946e-05,1
10275,10280,10277.5,1.42389e-05,7.11946e-05,1
10280,10285,10282.5,2.84779e-05,0.000142389,2
10290,10295,10292.5,2.84779e-05,0.000142389,2
10305,10310,10307.5,1.42389e-05,7.11946e-05,1
10325,10330,10327.5,2.84779e-05,0.000142389,2
10330,10335,10332.5,1.42389e-05,7.11946e-05,1
10340,10345,10342.5,1.42389e-05,7.11946e-05,1
10345,10350,10347.5,1.42389e-05,7.11946e-05,1
10390,10395,10392.5,1.42389e-05,7.11946e-05,1
10395,10400,10397.5,2.84779e-05,0.000142389,2
10415,10420,10417.5,1.42389e-05,7.11946e-05,1
10420,10425,10422.5,1.42389e-05,7.11946e-05,1
10425,10430,10427.5,4.27168e-05,0.000213584,3
10430,10435,10432.5,1.42389e-05,7.11946e-05,1
10440,10445,10442.5,1.42389e-05,7.11946e-05,1
10450,10455,10452.5,2.84779e-05,0.000142389,2
10455,10460,10457.5,1.42389e-05,7.11946e-05,1
10480,10485,10482.5,1.42389e-05,7.11946e-05,1
10485,10490,10487.5,1.42389e-05,7.11946e-05,1
10510,10515,10512.5,1.42389e-05,7.11946e-05,1
10525,10530,10527.5,1.42389e-05,7.11946e-05,1
10530,10535,10532.5,1.42389e-05,7.11946e-05,1
10540,10545,10542.5,1.42389e-05,7.11946e-05,1
10545,10550,10547.5,1.42389e-05,7.11946e-05,1
10555,10560,10557.5,1.42389e-05,7.11946e-05,1
10560,10565,10562.5,1.42389e-05,7.11946e-05,1
10570,10575,10572.5,1.42389e-05,7.11946e-05,1
10575,10580,10577.5,2.84779e-05,0.000142389,2
10580,10585,10582.5,1.42389e-05,7.11946e-05,1
10590,10595,10592.5,1.42389e-05,7.11946e-05,1
10620,10625,10622.5,5.69557e-05,0.000284779,4
10625,10630,10627.5,4.27168e-05,0.000213584,3
10640,10645,10642.5,1.42389e-05,7.11946e-05,1
10645,10650,10647.5,1.42389e-05,7.11946e-05,1
10655,10660,10657.5,2.84779e-05,0.000142389,2
10670,10675,10672.5,1.42389e-05,7.11946e-05,1
10685,10690,10687.5,2.84779e-05,0.000142389,2
10695,10700,10697.5,1.42389e-05,7.11946e-05,1
10700,10705,10702.5,1.42389e-05,7.11946e-05,1
10705,10710,10707.5,1.42389e-05,7.11946e-05,1
10710,10715,10712.5,2.84779e-05,0.000142389,2
10725,10730,10727.5,2.84779e-05,0.000142389,2
10730,10735,10732.5,1.42389e-05,7.11946e-05,1
10740,10745,10742.5,1.42389e-05,7.11946e-05,1
10745,10750,10747.5,1.42389e-05,7.11946e-05,1
10750,10755,10752.5,1.42389e-05,7.11946e-05,1
10760,10765,10762.5,1.42389e-05,7.11946e-05,1
10765,10770,10767.5,1.42389e-05,7.11946e-05,1
10770,10775,10772.5,1.42389e-05,7.11946e-05,1
10775,10780,10777.5,1.42389e-05,7.11946e-05,1
10785,10790,10787.5,2.84779e-05,0.000142389,2
10790,10795,10792.5,1.42389e-05,7.11946e-05,1
10800,10805,10802.5,2.84779e-05,0.000142389,2
10815,10820,10817.5,5.69557e-05,0.000284779,4
10820,10825,10822.5,1.42389e-05,7.11946e-05,1
10840,10845,10842.5,1.42389e-05,7.11946e-05,1
10860,10865,10862.5,2.84779e-05,0.000142389,2
10865,10870,10867.5,4.27168e-05,0.000213584,3
10870,10875,10872.5,2.84779e-05,0.000142389,2
10885,10890,10887.5,1.42389e-05,7.11946e-05,1
10890,10895,10892.5,1.42389e-05,7.11946e-05,1
10895,10900,10897.5,1.42389e-05,7.11946e-05,1
10900,10905,10902.5,2.84779e-05,0.000142389,2
10910,10915,10912.5,1.42389e-05,7.11946e-05,1
10915,10920,10917.5,2.84779e-05,0.000142389,2
10945,10950,10947.5,1.42389e-05,7.11946e-05,1
10960,10965,10962.5,1.42389e-05,7.11946e-05,1
10970,10975,10972.5,1.42389e-05,7.11946e-05,1
10975,10980,10977.5,1.42389e-05,7.11946e-05,1
10980,10985,10982.5,1.42389e-05,7.11946e-05,1
10985,10990,10987.5,1.42389e-05,7.11946e-05,1
10990,10995,10992.5,1.42389e-05,7.11946e-05,1
10995,11000,10997.5,1.42389e-05,7.11946e-05,1
11005,11010,11007.5,4.27168e-05,0.000213584,3
11015,11020,11017.5,2.84779e-05,0.000142389,2
11035,11040,11037.5,1.42389e-05,7.11946e-05,1
11045,11050,11047.5,1.42389e-05,7.11946e-05,1
11050,11055,11052.5,1.42389e-05,7.11946e-05,1
11065,11070,11067.5,1.42389e-05,7.11946e-05,1
11075,11080,11077.5,1.42389e-05,7.11946e-05,1
11085,11090,11087.5,2.84779e-05,0.000142389,2
11090,11095,11092.5,1.42389e-05,7.11946e-05,1
11095,11100,11097.5,1.42389e-05,7.11946e-05,1
11100,11105,11102.5,1.42389e-05,7.11946e-05,1
11140,11145,11142.5,1.42389e-05,7.11946e-05,1
11155,11160,11157.5,2.84779e-05,0.000142389,2
11180,11185,11182.5,1.42389e-05,7.11946e-05,1
11205,11210,11207.5,1.42389e-05,7.11946e-05,1
11210,11215,11212.5,1.42389e-05,7.11946e-05,1
11225,11230,11227.5,1.42389e-05,7.11946e-05,1
11250,11255,11252.5,2.84779e-05,0.000142389,2
11270,11275,11272.5,2.84779e-05,0.000142389,2
11290,11295,11292.5,4.27168e-05,0.000213584,3
11295,11300,11297.5,1.42389e-05,7.11946e-05,1
11315,11320,11317.5,1.42389e-05,7.11946e-05,1
11325,11330,11327.5,1.42389e-05,7.11946e-05,1
11335,11340,11337.5,1.42389e-05,7.11946e-05,1
11340,11345,11342.5,1.42389e-05,7.11946e-05,1
11370,11375,11372.5,1.42389e-05,7.11946e-05,1
11375,11380,11377.5,1.42389e-05,7.11946e-05,1
11390,11395,11392.5,1.42389e-05,7.11946e-05,1
11395,11400,11397.5,1.42389e-05,7.11946e-05,1
11400,11405,11402.5,2.84779e-05,0.000142389,2
11405,11410,11407.5,1.42389e-05,7.11946e-05,1
11415,11420,11417.5,2.84779e-05,0.000142389,2
11450,11455,11452.5,1.42389e-05,7.11946e-05,1
11465,11470,11467.5,1.42389e-05,7.11946e-05,1
11480,11485,11482.5,1.42389e-05,7.11946e-05,1
11490,11495,11492.5,1.42389e-05,7.11946e-05,1
11500,11505,11502.5,2.84779e-05,0.000142389,2
11505,11510,11507.5,1.42389e-05,7.11946e-05,1
11520,11525,11522.5,1.42389e-05,7.11946e-05,1
11565,11570,11567.5,1.42389e-05,7.11946e-05,1
11590,11595,11592.5,1.42389e-05,7.11946e-05,1
11600,11605,11602.5,1.42389e-05,7.11946e-05,1
11605,11610,11607.5,4.27168e-05,0.000213584,3
11615,11620,11617.5,1.42389e-05,7.11946e-05,1
11620,11625,11622.5,1.42389e-05,7.11946e-05,1
11640,11645,11642.5,2.84779e-05,0.000142389,2
11655,11660,11657.5,2.84779e-05,0.000142389,2
11660,11665,11662.5,1.42389e-05,7.11946e-05,1
11670,11675,11672.5,1.42389e-05,7.11946e-05,1
11685,11690,11687.5,1.42389e-05,7.11946e-05,1
11695,11700,11697.5,1.42389e-05,7.11946e-05,1
11720,11725,11722.5,1.42389e-05,7.11946e-05,1
11730,11735,11732.5,1.42389e-05,7.11946e-05,1
11735,11740,11737.5,1.42389e-05,7.11946e-05,1
11745,11750,11747.5,1.42389e-05,7.11946e-05,1
11755,11760,11757.5,1.42389e-05,7.11946e-05,1
11760,11765,11762.5,1.42389e-05,7.11946e-05,1
11770,11775,11772.5,1.42389e-05,7.11946e-05,1
11790,11795,11792.5,1.42389e-05,7.11946e-05,1
11795,11800,11797.5,1.42389e-05,7.11946e-05,1
11835,11840,11837.5,1.42389e-05,7.11946e-05,1
11840,11845,11842.5,5.69557e-05,0.000284779,4
11855,11860,11857.5,1.42389e-05,7.11946e-05,1
11875,11880,11877.5,1.42389e-05,7.11946e-05,1
11880,11885,11882.5,1.42389e-05,7.11946e-05,1
11890,11895,11892.5,1.42389e-05,7.11946e-05,1
11900,11905,11902.5,1.42389e-05,7.11946e-05,1
11920,11925,11922.5,4.27168e-05,0.000213584,3
11930,11935,11932.5,1.42389e-05,7.11946e-05,1
11950,11955,11952.5,1.42389e-05,7.11946e-05,1
11960,11965,11962.5,1.42389e-05,7.11946e-05,1
11965,11970,11967.5,1.42389e-05,7.11946e-05,1
12000,12005,12002.5,1.42389e-05,7.11946e-05,1
12005,12010,12007.5,1.42389e-05,7.11946e-05,1
12055,12060,12057.5,1.42389e-05,7.11946e-05,1
12095,12100,12097.5,1.42389e-05,7.11946e-05,1
12100,12105,12102.5,1.42389e-05,7.11946e-05,1
12105,12110,12107.5,1.42389e-05,7.11946e-05,1
12110,12115,12112.5,1.42389e-05,7.11946e-05,1
12120,12125,12122.5,1.42389e-05,7.11946e-05,1
12130,12135,12132.5,1.42389e-05,7.11946e-05,1
12135,12140,12137.5,1.42389e-05,7.11946e-05,1
12140,12145,12142.5,1.42389e-05,7.11946e-05,1
12155,12160,12157.5,1.42389e-05,7.11946e-05,1
12165,12170,12167.5,1.42389e-05,7.11946e-05,1
12175,12180,12177.5,1.42389e-05,7.11946e-05,1
12195,12200,12197.5,1.42389e-05,7.11946e-05,1
12200,12205,12202.5,1.42389e-05,7.11946e-05,1
12210,12215,12212.5,1.42389e-05,7.11946e-05,1
12235,12240,12237.5,2.84779e-05,0.000142389,2
12285,12290,12287.5,1.42389e-05,7.11946e-05,1
12320,12325,12322.5,1.42389e-05,7.11946e-05,1
12330,12335,12332.5,5.69557e-05,0.000284779,4
12340,12345,12342.5,1.42389e-05,7.11946e-05,1
12345,12350,12347.5,1.42389e-05,7.11946e-05,1
12350,12355,12352.5,1.42389e-05,7.11946e-05,1
12360,12365,12362.5,1.42389e-05,7.11946e-05,1
12370,12375,12372.5,1.42389e-05,7.11946e-05,1
12375,12380,12377.5,1.42389e-05,7.11946e-05,1
12385,12390,12387.5,1.42389e-05,7.11946e-05,1
12390,12395,12392.5,1.42389e-05,7.11946e-05,1
12410,12415,12412.5,1.42389e-05,7.11946e-05,1
12460,12465,12462.5,1.42389e-05,7.11946e-05,1
12465,12470,12467.5,1.42389e-05,7.11946e-05,1
12480,12485,12482.5,1.42389e-05,7.11946e-05,1
12485,12490,12487.5,1.42389e-05,7.11946e-05,1
12490,12495,12492.5,1.42389e-05,7.11946e-05,1
12495,12500,12497.5,1.42389e-05,7.11946e-05,1
12500,12505,12502.5,4.27168e-05,0.000213584,3
12515,12520,12517.5,1.42389e-05,7.11946e-05,1
12520,12525,12522.5,1.42389e-05,7.11946e-05,1
12525,12530,12527.5,1.42389e-05,7.11946e-05,1
12530,12535,12532.5,1.42389e-05,7.11946e-05,1
12535,12540,12537.5,1.42389e-05,7.11946e-05,1
12540,12545,12542.5,1.42389e-05,7.11946e-05,1
12555,12560,12557.5,1.42389e-05,7.11946e-05,1
12560,12565,12562.5,1.42389e-05,7.11946e-05,1
12570,12575,12572.5,1.42389e-05,7.11946e-05,1
12585,12590,12587.5,1.42389e-05,7.11946e-05,1
12590,12595,12592.5,1.42389e-05,7.11946e-05,1
12605,12610,12607.5,1.42389e-05,7.11946e-05,1
12610,12615,12612.5,1.42389e-05,7.11946e-05,1
12615,12620,12617.5,1.42389e-05,7.11946e-05,1
12620,12625,12622.5,1.42389e-05,7.11946e-05,1
12640,12645,12642.5,1.42389e-05,7.11946e-05,1
12680,12685,12682.5,1.42389e-05,7.11946e-05,1
12700,12705,12702.5,1.42389e-05,7.11946e-05,1
12710,12715,12712.5,2.84779e-05,0.000142389,2
12730,12735,12732.5,1.42389e-05,7.11946e-05,1
12740,12745,12742.5,4.27168e-05,0.000213584,3
12755,12760,12757.5,1.42389e-05,7.11946e-05,1
12765,12770,12767.5,1.42389e-05,7.11946e-05,1
12770,12775,12772.5,2.84779e-05,0.000142389,2
12775,12780,12777.5,2.84779e-05,0.000142389,2
12825,12830,12827.5,1.42389e-05,7.11946e-05,1
12865,12870,12867.5,1.42389e-05,7.11946e-05,1
12870,12875,12872.5,1.42389e-05,7.11946e-05,1
12880,12885,12882.5,1.42389e-05,7.11946e-05,1
12885,12890,12887.5,4.27168e-05,0.000213584,3
12895,12900,12897.5,1.42389e-05,7.11946e-05,1
12905,12910,12907.5,1.42389e-05,7.11946e-05,1
12915,12920,12917.5,1.42389e-05,7.11946e-05,1
12920,12925,12922.5,1.42389e-05,7.11946e-05,1
12945,12950,12947.5,1.42389e-05,7.11946e-05,1
12955,12960,12957.5,1.42389e-05,7.11946e-05,1
12970,12975,12972.5,2.84779e-05,0.000142389,2
12975,12980,12977.5,1.42389e-05,7.11946e-05,1
13005,13010,13007.5,1.42389e-05,7.11946e-05,1
13015,13020,13017.5,2.84779e-05,0.000142389,2
13025,13030,13027.5,2.84779e-05,0.000142389,2
13035,13040,13037.5,2.84779e-05,0.000142389,2
13040,13045,13042.5,1.42389e-05,7.11946e-05,1
13045,13050,13047.5,1.42389e-05,7.11946e-05,1
13050,13055,13052.5,1.42389e-05,7.11946e-05,1
13060,13065,13062.5,1.42389e-05,7.11946e-05,1
13095,13100,13097.5,1.42389e-05,7.11946e-05,1
13110,13115,13112.5,1.42389e-05,7.11946e-05,1
13115,13120,13117.5,1.42389e-05,7.11946e-05,1
13155,13160,13157.5,1.42389e-05,7.11946e-05,1
13180,13185,13182.5,1.42389e-05,7.11946e-05,1
13210,13215,13212.5,2.84779e-05,0.000142389,2
13220,13225,13222.5,1.42389e-05,7.11946e-05,1
13235,13240,13237.5,1.42389e-05,7.11946e-05,1
13250,13255,13252.5,1.42389e-05,7.11946e-05,1
13275,13280,13277.5,1.42389e-05,7.11946e-05,1
13280,13285,13282.5,2.84779e-05,0.000142389,2
13295,13300,13297.5,1.42389e-05,7.11946e-05,1
13325,13330,13327.5,1.42389e-05,7.11946e-05,1
13330,13335,13332.5,1.42389e-05,7.11946e-05,1
13340,13345,13342.5,1.42389e-05,7.11946e-05,1
13350,13355,13352.5,1.42389e-05,7.11946e-05,1
13355,13360,13357.5,1.42389e-05,7.11946e-05,1
13365,13370,13367.5,1.42389e-05,7.11946e-05,1
13370,13375,13372.5,1.42389e-05,7.11946e-05,1
13400,13405,13402.5,1.42389e-05,7.11946e-05,1
13405,13410,13407.5,1.42389e-05,7.11946e-05,1
13415,13420,13417.5,1.42389e-05,7.11946e-05,1
13440,13445,13442.5,1.42389e-05,7.11946e-05,1
13470,13475,13472.5,1.42389e-05,7.11946e-05,1
13530,13535,13532.5,1.42389e-05,7.11946e-05,1
13545,13550,13547.5,1.42389e-05,7.11946e-05,1
13565,13570,13567.5,1.42389e-05,7.11946e-05,1
13580,13585,13582.5,1.42389e-05,7.11946e-05,1
13650,13655,13652.5,1.42389e-05,7.11946e-05,1
13665,13670,13667.5,1.42389e-05,7.11946e-05,1
13675,13680,13677.5,1.42389e-05,7.11946e-05,1
13685,13690,13687.5,1.42389e-05,7.11946e-05,1
13690,13695,13692.5,1.42389e-05,7.11946e-05,1
13695,13700,13697.5,2.84779e-05,0.000142389,2
13705,13710,13707.5,1.42389e-05,7.11946e-05,1
13715,13720,13717.5,1.42389e-05,7.11946e-05,1
13720,13725,13722.5,1.42389e-05,7.11946e-05,1
13740,13745,13742.5,2.84779e-05,0.000142389,2
13790,13795,13792.5,1.42389e-05,7.11946e-05,1
13805,13810,13807.5,1.42389e-05,7.11946e-05,1
13900,13905,13902.5,1.42389e-05,7.11946e-05,1
13910,13915,13912.5,1.42389e-05,7.11946e-05,1
13915,13920,13917.5,1.42389e-05,7.11946e-05,1
13925,13930,13927.5,2.84779e-05,0.000142389,2
13940,13945,13942.5,1.42389e-05,7.11946e-05,1
13960,13965,13962.5,2.84779e-05,0.000142389,2
13990,13995,13992.5,1.42389e-05,7.11946e-05,1
14005,14010,14007.5,1.42389e-05,7.11946e-05,1
14010,14015,14012.5,1.42389e-05,7.11946e-05,1
14015,14020,14017.5,1.42389e-05,7.11946e-05,1
14035,14040,14037.5,4.27168e-05,0.000213584,3
14040,14045,14042.5,1.42389e-05,7.11946e-05,1
14060,14065,14062.5,2.84779e-05,0.000142389,2
14075,14080,14077.5,4.27168e-05,0.000213584,3
14090,14095,14092.5,1.42389e-05,7.11946e-05,1
14095,14100,14097.5,1.42389e-05,7.11946e-05,1
14100,14105,14102.5,1.42389e-05,7.11946e-05,1
14135,14140,14137.5,1.42389e-05,7.11946e-05,1
14145,14150,14147.5,1.42389e-05,7.11946e-05,1
14155,14160,14157.5,1.42389e-05,7.11946e-05,1
14175,14180,14177.5,1.42389e-05,7.11946e-05,1
14195,14200,14197.5,2.84779e-05,0.000142389,2
14205,14210,14207.5,1.42389e-05,7.11946e-05,1
14215,14220,14217.5,1.42389e-05,7.11946e-05,1
14220,14225,14222.5,1.42389e-05,7.11946e-05,1
14225,14230,14227.5,1.42389e-05,7.11946e-05,1
14245,14250,14247.5,1.42389e-05,7.11946e-05,1
14255,14260,14257.5,1.42389e-05,7.11946e-05,1
14265,14270,14267.5,1.42389e-05,7.11946e-05,1
14275,14280,14277.5,1.42389e-05,7.11946e-05,1
14280,14285,14282.5,1.42389e-05,7.11946e-05,1
14290,14295,14292.5,1.42389e-05,7.11946e-05,1
14295,14300,14297.5,1.42389e-05,7.11946e-05,1
14325,14330,14327.5,1.42389e-05,7.11946e-05,1
14335,14340,14337.5,1.42389e-05,7.11946e-05,1
14345,14350,14347.5,1.42389e-05,7.11946e-05,1
14365,14370,14367.5,1.42389e-05,7.11946e-05,1
14385,14390,14387.5,1.42389e-05,7.11946e-05,1
14400,14405,14402.5,1.42389e-05,7.11946e-05,1
14410,14415,14412.5,1.42389e-05,7.11946e-05,1
14450,14455,14452.5,2.84779e-05,0.000142389,2
14455,14460,14457.5,1.42389e-05,7.11946e-05,1
14465,14470,14467.5,1.42389e-05,7.11946e-05,1
14490,14495,14492.5,1.42389e-05,7.11946e-05,1
14515,14520,14517.5,1.42389e-05,7.11946e-05,1
14625,14630,14627.5,1.42389e-05,7.11946e-05,1
14665,14670,14667.5,1.42389e-05,7.11946e-05,1
14735,14740,14737.5,1.42389e-05,7.11946e-05,1
14745,14750,14747.5,1.42389e-05,7.11946e-05,1
14750,14755,14752.5,1.42389e-05,7.11946e-05,1
14785,14790,14787.5,1.42389e-05,7.11946e-05,1
14920,14925,14922.5,1.42389e-05,7.11946e-05,1
14945,14950,14947.5,1.42389e-05,7.11946e-05,1
14960,14965,14962.5,1.42389e-05,7.11946e-05,1
14975,14980,14977.5,1.42389e-05,7.11946e-05,1
14985,14990,14987.5,1.42389e-05,7.11946e-05,1
15040,15045,15042.5,1.42389e-05,7.11946e-05,1
15070,15075,15072.5,1.42389e-05,7.11946e-05,1
15080,15085,15082.5,1.42389e-05,7.11946e-05,1
15105,15110,15107.5,1.42389e-05,7.11946e-05,1
15115,15120,15117.5,1.42389e-05,7.11946e-05,1
15180,15185,15182.5,1.42389e-05,7.11946e-05,1
15210,15215,15212.5,1.42389e-05,7.11946e-05,1
15240,15245,15242.5,1.42389e-05,7.11946e-05,1
15250,15255,15252.5,1.42389e-05,7.11946e-05,1
15285,15290,15287.5,1.42389e-05,7.11946e-05,1
15325,15330,15327.5,2.84779e-05,0.000142389,2
15345,15350,15347.5,1.42389e-05,7.11946e-05,1
15350,15355,15352.5,1.42389e-05,7.11946e-05,1
15400,15405,15402.5,1.42389e-05,7.11946e-05,1
15410,15415,15412.5,1.42389e-05,7.11946e-05,1
15565,15570,15567.5,1.42389e-05,7.11946e-05,1
15645,15650,15647.5,1.42389e-05,7.11946e-05,1
15655,15660,15657.5,1.42389e-05,7.11946e-05,1
15735,15740,15737.5,1.42389e-05,7.11946e-05,1
15750,15755,15752.5,1.42389e-05,7.11946e-05,1
15800,15805,15802.5,1.42389e-05,7.11946e-05,1
15860,15865,15862.5,1.42389e-05,7.11946e-05,1
15885,15890,15887.5,1.42389e-05,7.11946e-05,1
15895,15900,15897.5,1.42389e-05,7.11946e-05,1
15910,15915,15912.5,2.84779e-05,0.000142389,2
15975,15980,15977.5,1.42389e-05,7.11946e-05,1
15995,16000,15997.5,1.42389e-05,7.11946e-05,1
16000,16005,16002.5,1.42389e-05,7.11946e-05,1
16045,16050,16047.5,1.42389e-05,7.11946e-05,1
16055,16060,16057.5,1.42389e-05,7.11946e-05,1
16190,16195,16192.5,1.42389e-05,7.11946e-05,1
16235,16240,16237.5,1.42389e-05,7.11946e-05,1
16275,16280,16277.5,1.42389e-05,7.11946e-05,1
16290,16295,16292.5,1.42389e-05,7.11946e-05,1
16365,16370,16367.5,1.42389e-05,7.11946e-05,1
16390,16395,16392.5,1.42389e-05,7.11946e-05,1
16415,16420,16417.5,1.42389e-05,7.11946e-05,1
16545,16550,16547.5,1.42389e-05,7.11946e-05,1
16625,16630,16627.5,1.42389e-05,7.11946e-05,1
16630,16635,16632.5,1.42389e-05,7.11946e-05,1
16690,16695,16692.5,1.42389e-05,7.11946e-05,1
16710,16715,16712.5,1.42389e-05,7.11946e-05,1
16780,16785,16782.5,1.42389e-05,7.11946e-05,1
16890,16895,16892.5,1.42389e-05,7.11946e-05,1
16980,16985,16982.5,1.42389e-05,7.11946e-05,1
16990,16995,16992.5,1.42389e-05,7.11946e-05,1
17090,17095,17092.5,1.42389e-05,7.11946e-05,1
17145,17150,17147.5,1.42389e-05,7.11946e-05,1
17170,17175,17172.5,1.42389e-05,7.11946e-05,1
17195,17200,17197.5,1.42389e-05,7.11946e-05,1
17225,17230,17227.5,1.42389e-05,7.11946e-05,1
17440,17445,17442.5,1.42389e-05,7.11946e-05,1
17560,17565,17562.5,1.42389e-05,7.11946e-05,1
17605,17610,17607.5,1.42389e-05,7.11946e-05,1
17800,17805,17802.5,1.42389e-05,7.11946e-05,1
18030,18035,18032.5,1.42389e-05,7.11946e-05,1
18135,18140,18137.5,1.42389e-05,7.11946e-05,1
18180,18185,18182.5,1.42389e-05,7.11946e-05,1
18355,18360,18357.5,1.42389e-05,7.11946e-05,1
18880,18885,18882.5,1.42389e-05,7.11946e-05,1
18975,18980,18977.5,1.42389e-05,7.11946e-05,1
19055,19060,19057.5,1.42389e-05,7.11946e-05,1
19550,19555,19552.5,1.42389e-05,7.11946e-05,1
19855,19860,19857.5,1.42389e-05,7.11946e-05,1
19965,19970,19967.5,1.42389e-05,7.11946e-05,1
26460,26465,26462.5,1.42389e-05,7.11946e-05,1
28205,28210,28207.5,1.42389e-05,7.11946e-05,1
35280,35285,35282.5,1.42389e-05,7.11946e-05,1
VO Delay PDF CSV saved: scratch/delay_pdf/pedca_vo_delay_pdf.csv

P-EDCA STA Delay PDF CSV saved: /home/nathanlo/ns-3.45/scratch/delay_pdf/11be/adaptive_compare_burst/default_k15_s3.csv
Legacy STA Delay PDF CSV saved: /home/nathanlo/ns-3.45/scratch/delay_pdf/11be/adaptive_compare_burst/default_k15_s3_legacy.csv
--- EXTENDED_STATS_BEGIN ---
PEDCA_STA_SUCC_COUNT: 7050
PEDCA_STA_FAIL_COUNT: 549
PEDCA_STA_ZERO_RETX: 7040
LEGACY_STA_SUCC_COUNT: 6996
LEGACY_STA_FAIL_COUNT: 893
LEGACY_STA_ZERO_RETX: 6994
PEDCA_STA_AVG_MAC_DELAY: 2242.85
PEDCA_STA_AVG_QUEUE_DELAY: 1948.75
PEDCA_STA_AVG_ACCESS_DELAY: 294.097
LEGACY_STA_AVG_MAC_DELAY: 2556.84
LEGACY_STA_AVG_QUEUE_DELAY: 2236.89
LEGACY_STA_AVG_ACCESS_DELAY: 319.95
--- EXTENDED_STATS_END ---
