[INFO] std::clog redirected to: /dev/null

--- Per-STA P-EDCA Detail ---
  STA0: DS-CTS=3 S2Entry=3 S2Tx=3 PedcaOK=2 EdcaOK=2 FailCTS=1 FailColl=0 FailExp=0 Defer=0
  STA1: DS-CTS=1 S2Entry=1 S2Tx=1 PedcaOK=1 EdcaOK=0 FailCTS=0 FailColl=0 FailExp=0 Defer=0
  STA2: DS-CTS=233 S2Entry=233 S2Tx=156 PedcaOK=140 EdcaOK=346 FailCTS=16 FailColl=0 FailExp=0 Defer=0
  STA3: DS-CTS=2 S2Entry=2 S2Tx=2 PedcaOK=1 EdcaOK=2 FailCTS=1 FailColl=0 FailExp=0 Defer=0
  STA4: DS-CTS=120 S2Entry=120 S2Tx=85 PedcaOK=84 EdcaOK=643 FailCTS=1 FailColl=0 FailExp=0 Defer=0
  STA5: DS-CTS=194 S2Entry=194 S2Tx=132 PedcaOK=119 EdcaOK=249 FailCTS=13 FailColl=0 FailExp=0 Defer=4
  STA6: DS-CTS=142 S2Entry=142 S2Tx=109 PedcaOK=103 EdcaOK=647 FailCTS=6 FailColl=0 FailExp=0 Defer=0
  STA7: DS-CTS=183 S2Entry=183 S2Tx=124 PedcaOK=112 EdcaOK=360 FailCTS=12 FailColl=0 FailExp=0 Defer=0
  STA8: DS-CTS=260 S2Entry=260 S2Tx=174 PedcaOK=158 EdcaOK=397 FailCTS=16 FailColl=0 FailExp=0 Defer=0
  STA9: DS-CTS=292 S2Entry=292 S2Tx=201 PedcaOK=172 EdcaOK=317 FailCTS=29 FailColl=0 FailExp=0 Defer=0
  STA10: DS-CTS=165 S2Entry=165 S2Tx=124 PedcaOK=116 EdcaOK=504 FailCTS=8 FailColl=0 FailExp=0 Defer=0
  STA11: DS-CTS=269 S2Entry=269 S2Tx=186 PedcaOK=165 EdcaOK=303 FailCTS=21 FailColl=0 FailExp=0 Defer=0
  STA12: DS-CTS=159 S2Entry=159 S2Tx=109 PedcaOK=100 EdcaOK=410 FailCTS=9 FailColl=0 FailExp=0 Defer=0
  STA13: DS-CTS=198 S2Entry=198 S2Tx=146 PedcaOK=136 EdcaOK=427 FailCTS=10 FailColl=0 FailExp=0 Defer=0
  STA14: DS-CTS=295 S2Entry=295 S2Tx=205 PedcaOK=187 EdcaOK=352 FailCTS=18 FailColl=0 FailExp=0 Defer=0
  STA15: DS-CTS=191 S2Entry=191 S2Tx=140 PedcaOK=134 EdcaOK=572 FailCTS=6 FailColl=0 FailExp=0 Defer=0
  STA16: DS-CTS=175 S2Entry=175 S2Tx=118 PedcaOK=108 EdcaOK=168 FailCTS=10 FailColl=0 FailExp=0 Defer=2
  STA17: DS-CTS=126 S2Entry=126 S2Tx=94 PedcaOK=91 EdcaOK=182 FailCTS=3 FailColl=0 FailExp=0 Defer=0
  STA18: DS-CTS=240 S2Entry=240 S2Tx=155 PedcaOK=139 EdcaOK=345 FailCTS=16 FailColl=0 FailExp=0 Defer=0
  STA19: DS-CTS=187 S2Entry=187 S2Tx=137 PedcaOK=132 EdcaOK=436 FailCTS=5 FailColl=0 FailExp=0 Defer=0
  STA20: DS-CTS=213 S2Entry=213 S2Tx=132 PedcaOK=123 EdcaOK=365 FailCTS=8 FailColl=1 FailExp=0 Defer=0
  STA21: DS-CTS=218 S2Entry=218 S2Tx=148 PedcaOK=127 EdcaOK=257 FailCTS=21 FailColl=0 FailExp=0 Defer=0
  STA22: DS-CTS=292 S2Entry=292 S2Tx=220 PedcaOK=206 EdcaOK=418 FailCTS=14 FailColl=0 FailExp=0 Defer=0
  STA23: DS-CTS=3 S2Entry=3 S2Tx=3 PedcaOK=3 EdcaOK=0 FailCTS=0 FailColl=0 FailExp=0 Defer=0
  STA24: DS-CTS=2 S2Entry=2 S2Tx=2 PedcaOK=2 EdcaOK=0 FailCTS=0 FailColl=0 FailExp=0 Defer=0
  STA25: DS-CTS=211 S2Entry=211 S2Tx=138 PedcaOK=131 EdcaOK=545 FailCTS=7 FailColl=0 FailExp=0 Defer=0
  STA26: DS-CTS=165 S2Entry=165 S2Tx=113 PedcaOK=104 EdcaOK=163 FailCTS=9 FailColl=0 FailExp=0 Defer=5
  STA27: DS-CTS=115 S2Entry=115 S2Tx=69 PedcaOK=59 EdcaOK=124 FailCTS=10 FailColl=0 FailExp=0 Defer=0
  STA28: DS-CTS=230 S2Entry=230 S2Tx=150 PedcaOK=134 EdcaOK=333 FailCTS=16 FailColl=0 FailExp=0 Defer=1
  STA29: DS-CTS=249 S2Entry=249 S2Tx=172 PedcaOK=154 EdcaOK=383 FailCTS=18 FailColl=0 FailExp=0 Defer=0

=== General Statistics ===
P-EDCA Ratio: 1
P-EDCA STAs: 30/30
P-EDCA Share (Avg Per-STA P-EDCA Tx/Total Tx): 35.7398 %
Avg P-EDCA Attempt Success Rate: 66.7931 %
Global P-EDCA Tx Success: 3243
Global EDCA Tx Success: 9250
Global P-EDCA Attempt (DS-CTS Sent): 5133

--- P-EDCA Detailed Trace ---
Stage 2 Entered: 5133
Stage 2 TX Started: 3548
P-EDCA Fail RTS No CTS: 304
P-EDCA Fail RTS Collision: 1
P-EDCA Fail Timing Expired: 0
P-EDCA Fail Deferral: 12
Total VO TX (P-EDCA+EDCA): 12493
Global P-EDCA Share: 25.9585 %
Global EDCA Share: 74.0415 %
Channel Idle Time (AP): 26.7068 % (1.86947e+06 us / 7e+06 us)
Total Successes:       13408
Total Failures:        1003
Total Retransmissions: 12

--- Per-AC Success Statistics ---
AC_BE:
  Successes:         54
  Throughput:        0.0617143 Mbps
  Packet Loss:       35.7143 %
  Avg Retx/MPDU:     0
  Avg Queue Delay:   -1.7109e+06 us (Enqueue->TxStart)
  Avg Access Delay:  1.81435e+06 us (TxStart->Ack)
  Avg MAC Delay:     103451 us (Total: Enqueue->Ack)

AC_VO:
  Successes:         13354
  Throughput:        15.2617 Mbps
  Packet Loss:       6.79137 %
  Avg Retx/MPDU:     0.000898607
  Avg Queue Delay:   2017.44 us (Enqueue->TxStart)
  Avg Access Delay:  289.264 us (TxStart->Ack)
  Avg MAC Delay:     2306.71 us (Total: Enqueue->Ack)

--- Per-AC Failure Statistics ---
AC_BE Failures: 30
AC_VO Failures: 973

--- Failure Reasons by AC ---
  AC_BE EXPIRED_LIFETIME: 30
  AC_VO RETRY_LIMIT: 973


=== Extended P-EDCA vs Legacy Statistics ===

--- [Stat 1] Delay by STA Type ---
P-EDCA STAs (30 STAs):
  Successes:         13354
  Failures:          973
  Throughput:        15.2617 Mbps
  Packet Loss:       6.79137 %
  Avg Queue Delay:   2017.44 us
  Avg Access Delay:  289.264 us
  Avg MAC Delay:     2306.71 us
  Median MAC Delay:  1503 us
  P95 MAC Delay:     7427 us
  P99 MAC Delay:     13582 us
Legacy EDCA STAs (0 STAs):
  Successes:         0
  Failures:          0
  Throughput:        0 Mbps
  Packet Loss:       0 %
  Avg Queue Delay:   0 us
  Avg Access Delay:  0 us
  Avg MAC Delay:     0 us

--- [Stat 2] Per-STA P-EDCA Attempt Count (DS-CTS Sent) ---
  STA0: 3 P-EDCA attempts
  STA1: 1 P-EDCA attempts
  STA2: 233 P-EDCA attempts
  STA3: 2 P-EDCA attempts
  STA4: 120 P-EDCA attempts
  STA5: 194 P-EDCA attempts
  STA6: 142 P-EDCA attempts
  STA7: 183 P-EDCA attempts
  STA8: 260 P-EDCA attempts
  STA9: 292 P-EDCA attempts
  STA10: 165 P-EDCA attempts
  STA11: 269 P-EDCA attempts
  STA12: 159 P-EDCA attempts
  STA13: 198 P-EDCA attempts
  STA14: 295 P-EDCA attempts
  STA15: 191 P-EDCA attempts
  STA16: 175 P-EDCA attempts
  STA17: 126 P-EDCA attempts
  STA18: 240 P-EDCA attempts
  STA19: 187 P-EDCA attempts
  STA20: 213 P-EDCA attempts
  STA21: 218 P-EDCA attempts
  STA22: 292 P-EDCA attempts
  STA23: 3 P-EDCA attempts
  STA24: 2 P-EDCA attempts
  STA25: 211 P-EDCA attempts
  STA26: 165 P-EDCA attempts
  STA27: 115 P-EDCA attempts
  STA28: 230 P-EDCA attempts
  STA29: 249 P-EDCA attempts
  Total: 5133 P-EDCA attempts across 30 P-EDCA STAs
  Avg per P-EDCA STA: 171.1

--- [Stat 3] P-EDCA One-Shot Success Probability ---
  P-EDCA Success / DS-CTS Sent:      3243 / 5133 = 63.1794 %
  P-EDCA Success / Stage2 TX Started: 3243 / 3548 = 91.4036 %  (given RTS was actually sent)

--- [Stat 4] EDCA One-Shot Success Ratio (0 retransmissions) ---
  Legacy STAs: 0 / 0 = 0 %
  P-EDCA STAs: 13342 / 13354 = 99.9101 %  (MAC-level, includes both P-EDCA and EDCA paths)

--- [Stat 5] P-EDCA Kickback-to-EDCA Probability ---
  Total P-EDCA Failures: 317 / 5133 DS-CTS = 6.17573 %
    RTS No CTS:       304 (5.92246 %)
    RTS Collision:    1 (0.0194818 %)
    Timing Expired:   0 (0 %)
    Deferral:         12 (0.233781 %)

--- [Stat 6] P-EDCA RTS Collision Probability ---
  RTS Collision / Stage2 TX Started: 1 / 3548 = 0.0281849 %
  RTS Collision / DS-CTS Sent:       1 / 5133 = 0.0194818 %

--- [Stat 7] P-EDCA Attempts per Successful P-EDCA TX ---
  DS-CTS Sent / P-EDCA Success: 5133 / 3243 = 1.58279 attempts/success
  Stage2 TX / P-EDCA Success:   3548 / 3243 = 1.09405 RTS/success

--- VO Delay PDF (MAC Delay) ---
bin_start_us,bin_end_us,bin_mid_us,pdf_per_us,probability,count
210,215,212.5,2.99536e-05,0.000149768,2
215,220,217.5,0.000134791,0.000673955,9
220,225,222.5,7.48839e-05,0.00037442,5
225,230,227.5,0.000239629,0.00119814,16
230,235,232.5,0.000164745,0.000823723,11
235,240,237.5,0.000149768,0.000748839,10
240,245,242.5,0.000149768,0.000748839,10
245,250,247.5,8.98607e-05,0.000449304,6
250,255,252.5,0.000149768,0.000748839,10
255,260,257.5,2.99536e-05,0.000149768,2
260,265,262.5,0.000104838,0.000524188,7
265,270,267.5,0.000164745,0.000823723,11
270,275,272.5,0.000194698,0.000973491,13
275,280,277.5,8.98607e-05,0.000449304,6
280,285,282.5,8.98607e-05,0.000449304,6
285,290,287.5,0.000149768,0.000748839,10
290,295,292.5,0.000104838,0.000524188,7
295,300,297.5,7.48839e-05,0.00037442,5
300,305,302.5,8.98607e-05,0.000449304,6
305,310,307.5,0.000104838,0.000524188,7
310,315,312.5,7.48839e-05,0.00037442,5
315,320,317.5,5.99071e-05,0.000299536,4
320,325,322.5,0.000179721,0.000898607,12
325,330,327.5,0.000164745,0.000823723,11
330,335,332.5,8.98607e-05,0.000449304,6
335,340,337.5,0.000104838,0.000524188,7
340,345,342.5,0.00229145,0.0114572,153
345,350,347.5,0.00356448,0.0178224,238
350,355,352.5,0.00121312,0.0060656,81
355,360,357.5,0.00118317,0.00591583,79
360,365,362.5,0.000808746,0.00404373,54
365,370,367.5,0.000614048,0.00307024,41
370,375,372.5,0.000673955,0.00336978,45
375,380,377.5,0.000389396,0.00194698,26
380,385,382.5,0.000269582,0.00134791,18
385,390,387.5,0.000299536,0.00149768,20
390,395,392.5,0.000269582,0.00134791,18
395,400,397.5,0.00037442,0.0018721,25
400,405,402.5,0.00037442,0.0018721,25
405,410,407.5,0.000359443,0.00179721,24
410,415,412.5,0.000344466,0.00172233,23
415,420,417.5,0.000479257,0.00239629,32
420,425,422.5,0.00037442,0.0018721,25
425,430,427.5,0.000479257,0.00239629,32
430,435,432.5,0.000314513,0.00157256,21
435,440,437.5,0.00037442,0.0018721,25
440,445,442.5,0.000299536,0.00149768,20
445,450,447.5,0.000314513,0.00157256,21
450,455,452.5,0.0153961,0.0769807,1028
455,460,457.5,0.000209675,0.00104838,14
460,465,462.5,0.000254605,0.00127303,17
465,470,467.5,0.00037442,0.0018721,25
470,475,472.5,0.000404373,0.00202187,27
475,480,477.5,0.000404373,0.00202187,27
480,485,482.5,0.000359443,0.00179721,24
485,490,487.5,0.000434327,0.00217163,29
490,495,492.5,0.000434327,0.00217163,29
495,500,497.5,0.000329489,0.00164745,22
500,505,502.5,0.000434327,0.00217163,29
505,510,507.5,0.00041935,0.00209675,28
510,515,512.5,0.000299536,0.00149768,20
515,520,517.5,0.000314513,0.00157256,21
520,525,522.5,0.000434327,0.00217163,29
525,530,527.5,0.00037442,0.0018721,25
530,535,532.5,0.000359443,0.00179721,24
535,540,537.5,0.000509211,0.00254605,34
540,545,542.5,0.000344466,0.00172233,23
545,550,547.5,0.000314513,0.00157256,21
550,555,552.5,0.00041935,0.00209675,28
555,560,557.5,0.00037442,0.0018721,25
560,565,562.5,0.000614048,0.00307024,41
565,570,567.5,0.00046428,0.0023214,31
570,575,572.5,0.000299536,0.00149768,20
575,580,577.5,0.000284559,0.00142279,19
580,585,582.5,0.000284559,0.00142279,19
585,590,587.5,0.000269582,0.00134791,18
590,595,592.5,0.000449304,0.00224652,30
595,600,597.5,0.000314513,0.00157256,21
600,605,602.5,0.000329489,0.00164745,22
605,610,607.5,0.000299536,0.00149768,20
610,615,612.5,0.000434327,0.00217163,29
615,620,617.5,0.000239629,0.00119814,16
620,625,622.5,0.000239629,0.00119814,16
625,630,627.5,0.00037442,0.0018721,25
630,635,632.5,0.000344466,0.00172233,23
635,640,637.5,0.000239629,0.00119814,16
640,645,642.5,0.00041935,0.00209675,28
645,650,647.5,0.000149768,0.000748839,10
650,655,652.5,0.000194698,0.000973491,13
655,660,657.5,0.000329489,0.00164745,22
660,665,662.5,0.000239629,0.00119814,16
665,670,667.5,0.000284559,0.00142279,19
670,675,672.5,0.00293545,0.0146773,196
675,680,677.5,0.000269582,0.00134791,18
680,685,682.5,0.000329489,0.00164745,22
685,690,687.5,0.000239629,0.00119814,16
690,695,692.5,0.000224652,0.00112326,15
695,700,697.5,0.000299536,0.00149768,20
700,705,702.5,0.000254605,0.00127303,17
705,710,707.5,0.000389396,0.00194698,26
710,715,712.5,0.000389396,0.00194698,26
715,720,717.5,0.000269582,0.00134791,18
720,725,722.5,0.000359443,0.00179721,24
725,730,727.5,0.00041935,0.00209675,28
730,735,732.5,0.000179721,0.000898607,12
735,740,737.5,0.000404373,0.00202187,27
740,745,742.5,0.000404373,0.00202187,27
745,750,747.5,0.000404373,0.00202187,27
750,755,752.5,0.000344466,0.00172233,23
755,760,757.5,0.000359443,0.00179721,24
760,765,762.5,0.000239629,0.00119814,16
765,770,767.5,0.000329489,0.00164745,22
770,775,772.5,0.000314513,0.00157256,21
775,780,777.5,0.000434327,0.00217163,29
780,785,782.5,0.000584095,0.00292047,39
785,790,787.5,0.000509211,0.00254605,34
790,795,792.5,0.000149768,0.000748839,10
795,800,797.5,0.000209675,0.00104838,14
800,805,802.5,0.000149768,0.000748839,10
805,810,807.5,0.000254605,0.00127303,17
810,815,812.5,0.000179721,0.000898607,12
815,820,817.5,0.000269582,0.00134791,18
820,825,822.5,0.000284559,0.00142279,19
825,830,827.5,0.000314513,0.00157256,21
830,835,832.5,0.000284559,0.00142279,19
835,840,837.5,0.000269582,0.00134791,18
840,845,842.5,0.000359443,0.00179721,24
845,850,847.5,0.000359443,0.00179721,24
850,855,852.5,0.000314513,0.00157256,21
855,860,857.5,0.000329489,0.00164745,22
860,865,862.5,0.000239629,0.00119814,16
865,870,867.5,0.000224652,0.00112326,15
870,875,872.5,0.000194698,0.000973491,13
875,880,877.5,0.000224652,0.00112326,15
880,885,882.5,0.000149768,0.000748839,10
885,890,887.5,0.000269582,0.00134791,18
890,895,892.5,0.000868654,0.00434327,58
895,900,897.5,0.000179721,0.000898607,12
900,905,902.5,0.000314513,0.00157256,21
905,910,907.5,0.000194698,0.000973491,13
910,915,912.5,0.000224652,0.00112326,15
915,920,917.5,0.000119814,0.000599071,8
920,925,922.5,0.000299536,0.00149768,20
925,930,927.5,0.000194698,0.000973491,13
930,935,932.5,0.000194698,0.000973491,13
935,940,937.5,0.000269582,0.00134791,18
940,945,942.5,0.000194698,0.000973491,13
945,950,947.5,0.000149768,0.000748839,10
950,955,952.5,0.000164745,0.000823723,11
955,960,957.5,0.000254605,0.00127303,17
960,965,962.5,0.000269582,0.00134791,18
965,970,967.5,0.000149768,0.000748839,10
970,975,972.5,0.000134791,0.000673955,9
975,980,977.5,0.000239629,0.00119814,16
980,985,982.5,0.000359443,0.00179721,24
985,990,987.5,0.000254605,0.00127303,17
990,995,992.5,0.000329489,0.00164745,22
995,1000,997.5,0.000239629,0.00119814,16
1000,1005,1002.5,0.000149768,0.000748839,10
1005,1010,1007.5,0.000179721,0.000898607,12
1010,1015,1012.5,0.000254605,0.00127303,17
1015,1020,1017.5,0.00037442,0.0018721,25
1020,1025,1022.5,0.00041935,0.00209675,28
1025,1030,1027.5,0.000149768,0.000748839,10
1030,1035,1032.5,0.000554141,0.00277071,37
1035,1040,1037.5,0.000194698,0.000973491,13
1040,1045,1042.5,0.00037442,0.0018721,25
1045,1050,1047.5,0.000149768,0.000748839,10
1050,1055,1052.5,0.000524188,0.00262094,35
1055,1060,1057.5,0.000194698,0.000973491,13
1060,1065,1062.5,0.000344466,0.00172233,23
1065,1070,1067.5,0.000389396,0.00194698,26
1070,1075,1072.5,0.000329489,0.00164745,22
1075,1080,1077.5,0.00046428,0.0023214,31
1080,1085,1082.5,0.000149768,0.000748839,10
1085,1090,1087.5,0.000254605,0.00127303,17
1090,1095,1092.5,0.000209675,0.00104838,14
1095,1100,1097.5,0.000194698,0.000973491,13
1100,1105,1102.5,0.00041935,0.00209675,28
1105,1110,1107.5,0.000164745,0.000823723,11
1110,1115,1112.5,0.000614048,0.00307024,41
1115,1120,1117.5,0.000703909,0.00351954,47
1120,1125,1122.5,0.000134791,0.000673955,9
1125,1130,1127.5,0.000688932,0.00344466,46
1130,1135,1132.5,0.000284559,0.00142279,19
1135,1140,1137.5,0.000434327,0.00217163,29
1140,1145,1142.5,0.00037442,0.0018721,25
1145,1150,1147.5,0.000479257,0.00239629,32
1150,1155,1152.5,0.000404373,0.00202187,27
1155,1160,1157.5,0.000389396,0.00194698,26
1160,1165,1162.5,0.000569118,0.00284559,38
1165,1170,1167.5,0.000149768,0.000748839,10
1170,1175,1172.5,0.000269582,0.00134791,18
1175,1180,1177.5,0.000179721,0.000898607,12
1180,1185,1182.5,0.000434327,0.00217163,29
1185,1190,1187.5,0.000404373,0.00202187,27
1190,1195,1192.5,0.000254605,0.00127303,17
1195,1200,1197.5,0.000254605,0.00127303,17
1200,1205,1202.5,0.000254605,0.00127303,17
1205,1210,1207.5,0.000284559,0.00142279,19
1210,1215,1212.5,0.000494234,0.00247117,33
1215,1220,1217.5,0.000404373,0.00202187,27
1220,1225,1222.5,0.000224652,0.00112326,15
1225,1230,1227.5,0.000509211,0.00254605,34
1230,1235,1232.5,0.000389396,0.00194698,26
1235,1240,1237.5,0.000254605,0.00127303,17
1240,1245,1242.5,0.000389396,0.00194698,26
1245,1250,1247.5,0.000299536,0.00149768,20
1250,1255,1252.5,0.00037442,0.0018721,25
1255,1260,1257.5,0.000344466,0.00172233,23
1260,1265,1262.5,0.000329489,0.00164745,22
1265,1270,1267.5,0.000104838,0.000524188,7
1270,1275,1272.5,0.00037442,0.0018721,25
1275,1280,1277.5,0.000254605,0.00127303,17
1280,1285,1282.5,0.000344466,0.00172233,23
1285,1290,1287.5,0.000179721,0.000898607,12
1290,1295,1292.5,0.000119814,0.000599071,8
1295,1300,1297.5,0.000314513,0.00157256,21
1300,1305,1302.5,0.000134791,0.000673955,9
1305,1310,1307.5,0.00041935,0.00209675,28
1310,1315,1312.5,0.000194698,0.000973491,13
1315,1320,1317.5,0.000434327,0.00217163,29
1320,1325,1322.5,0.000194698,0.000973491,13
1325,1330,1327.5,0.000359443,0.00179721,24
1330,1335,1332.5,0.000329489,0.00164745,22
1335,1340,1337.5,0.000209675,0.00104838,14
1340,1345,1342.5,0.000284559,0.00142279,19
1345,1350,1347.5,0.000119814,0.000599071,8
1350,1355,1352.5,0.000344466,0.00172233,23
1355,1360,1357.5,0.000254605,0.00127303,17
1360,1365,1362.5,0.000164745,0.000823723,11
1365,1370,1367.5,0.000179721,0.000898607,12
1370,1375,1372.5,0.000344466,0.00172233,23
1375,1380,1377.5,0.000194698,0.000973491,13
1380,1385,1382.5,0.000194698,0.000973491,13
1385,1390,1387.5,0.000209675,0.00104838,14
1390,1395,1392.5,0.000209675,0.00104838,14
1395,1400,1397.5,0.000269582,0.00134791,18
1400,1405,1402.5,0.000179721,0.000898607,12
1405,1410,1407.5,0.000284559,0.00142279,19
1410,1415,1412.5,0.000329489,0.00164745,22
1415,1420,1417.5,0.000239629,0.00119814,16
1420,1425,1422.5,0.000224652,0.00112326,15
1425,1430,1427.5,0.000149768,0.000748839,10
1430,1435,1432.5,0.000344466,0.00172233,23
1435,1440,1437.5,0.000179721,0.000898607,12
1440,1445,1442.5,0.000209675,0.00104838,14
1445,1450,1447.5,0.000224652,0.00112326,15
1450,1455,1452.5,0.000134791,0.000673955,9
1455,1460,1457.5,0.000209675,0.00104838,14
1460,1465,1462.5,0.000254605,0.00127303,17
1465,1470,1467.5,0.000284559,0.00142279,19
1470,1475,1472.5,0.000254605,0.00127303,17
1475,1480,1477.5,0.000179721,0.000898607,12
1480,1485,1482.5,0.000179721,0.000898607,12
1485,1490,1487.5,0.000299536,0.00149768,20
1490,1495,1492.5,0.000239629,0.00119814,16
1495,1500,1497.5,0.000134791,0.000673955,9
1500,1505,1502.5,0.000209675,0.00104838,14
1505,1510,1507.5,0.000284559,0.00142279,19
1510,1515,1512.5,0.000284559,0.00142279,19
1515,1520,1517.5,0.000134791,0.000673955,9
1520,1525,1522.5,0.000149768,0.000748839,10
1525,1530,1527.5,0.000179721,0.000898607,12
1530,1535,1532.5,0.000194698,0.000973491,13
1535,1540,1537.5,8.98607e-05,0.000449304,6
1540,1545,1542.5,0.000239629,0.00119814,16
1545,1550,1547.5,0.000209675,0.00104838,14
1550,1555,1552.5,0.000194698,0.000973491,13
1555,1560,1557.5,0.000269582,0.00134791,18
1560,1565,1562.5,0.000254605,0.00127303,17
1565,1570,1567.5,0.000239629,0.00119814,16
1570,1575,1572.5,0.000194698,0.000973491,13
1575,1580,1577.5,0.000194698,0.000973491,13
1580,1585,1582.5,0.000284559,0.00142279,19
1585,1590,1587.5,0.000254605,0.00127303,17
1590,1595,1592.5,0.000254605,0.00127303,17
1595,1600,1597.5,0.000254605,0.00127303,17
1600,1605,1602.5,0.000209675,0.00104838,14
1605,1610,1607.5,0.000164745,0.000823723,11
1610,1615,1612.5,0.000224652,0.00112326,15
1615,1620,1617.5,0.000134791,0.000673955,9
1620,1625,1622.5,0.000254605,0.00127303,17
1625,1630,1627.5,8.98607e-05,0.000449304,6
1630,1635,1632.5,0.000119814,0.000599071,8
1635,1640,1637.5,0.000269582,0.00134791,18
1640,1645,1642.5,0.000179721,0.000898607,12
1645,1650,1647.5,0.000284559,0.00142279,19
1650,1655,1652.5,0.000164745,0.000823723,11
1655,1660,1657.5,0.000299536,0.00149768,20
1660,1665,1662.5,0.000299536,0.00149768,20
1665,1670,1667.5,0.000179721,0.000898607,12
1670,1675,1672.5,0.000194698,0.000973491,13
1675,1680,1677.5,0.000149768,0.000748839,10
1680,1685,1682.5,0.000104838,0.000524188,7
1685,1690,1687.5,0.000209675,0.00104838,14
1690,1695,1692.5,0.000194698,0.000973491,13
1695,1700,1697.5,0.000239629,0.00119814,16
1700,1705,1702.5,0.000179721,0.000898607,12
1705,1710,1707.5,0.000134791,0.000673955,9
1710,1715,1712.5,0.000254605,0.00127303,17
1715,1720,1717.5,0.000239629,0.00119814,16
1720,1725,1722.5,0.000194698,0.000973491,13
1725,1730,1727.5,0.000209675,0.00104838,14
1730,1735,1732.5,0.000194698,0.000973491,13
1735,1740,1737.5,0.000164745,0.000823723,11
1740,1745,1742.5,0.000209675,0.00104838,14
1745,1750,1747.5,0.000104838,0.000524188,7
1750,1755,1752.5,0.000239629,0.00119814,16
1755,1760,1757.5,0.000209675,0.00104838,14
1760,1765,1762.5,0.000194698,0.000973491,13
1765,1770,1767.5,0.000149768,0.000748839,10
1770,1775,1772.5,0.000209675,0.00104838,14
1775,1780,1777.5,0.000194698,0.000973491,13
1780,1785,1782.5,0.000164745,0.000823723,11
1785,1790,1787.5,0.000269582,0.00134791,18
1790,1795,1792.5,0.000254605,0.00127303,17
1795,1800,1797.5,0.000179721,0.000898607,12
1800,1805,1802.5,0.000149768,0.000748839,10
1805,1810,1807.5,0.000134791,0.000673955,9
1810,1815,1812.5,0.000134791,0.000673955,9
1815,1820,1817.5,0.000119814,0.000599071,8
1820,1825,1822.5,0.000149768,0.000748839,10
1825,1830,1827.5,0.000269582,0.00134791,18
1830,1835,1832.5,0.000134791,0.000673955,9
1835,1840,1837.5,0.000209675,0.00104838,14
1840,1845,1842.5,0.000224652,0.00112326,15
1845,1850,1847.5,7.48839e-05,0.00037442,5
1850,1855,1852.5,0.000239629,0.00119814,16
1855,1860,1857.5,0.000179721,0.000898607,12
1860,1865,1862.5,0.000164745,0.000823723,11
1865,1870,1867.5,0.000194698,0.000973491,13
1870,1875,1872.5,0.000299536,0.00149768,20
1875,1880,1877.5,0.000164745,0.000823723,11
1880,1885,1882.5,0.000194698,0.000973491,13
1885,1890,1887.5,0.000224652,0.00112326,15
1890,1895,1892.5,8.98607e-05,0.000449304,6
1895,1900,1897.5,0.000194698,0.000973491,13
1900,1905,1902.5,0.000239629,0.00119814,16
1905,1910,1907.5,7.48839e-05,0.00037442,5
1910,1915,1912.5,0.000134791,0.000673955,9
1915,1920,1917.5,0.000149768,0.000748839,10
1920,1925,1922.5,0.000149768,0.000748839,10
1925,1930,1927.5,0.000194698,0.000973491,13
1930,1935,1932.5,0.000194698,0.000973491,13
1935,1940,1937.5,0.000134791,0.000673955,9
1940,1945,1942.5,0.000104838,0.000524188,7
1945,1950,1947.5,0.000179721,0.000898607,12
1950,1955,1952.5,0.000119814,0.000599071,8
1955,1960,1957.5,0.000194698,0.000973491,13
1960,1965,1962.5,0.000209675,0.00104838,14
1965,1970,1967.5,0.000149768,0.000748839,10
1970,1975,1972.5,0.000179721,0.000898607,12
1975,1980,1977.5,0.000254605,0.00127303,17
1980,1985,1982.5,0.000224652,0.00112326,15
1985,1990,1987.5,8.98607e-05,0.000449304,6
1990,1995,1992.5,0.000164745,0.000823723,11
1995,2000,1997.5,0.000164745,0.000823723,11
2000,2005,2002.5,4.49304e-05,0.000224652,3
2005,2010,2007.5,0.000164745,0.000823723,11
2010,2015,2012.5,0.000194698,0.000973491,13
2015,2020,2017.5,0.000194698,0.000973491,13
2020,2025,2022.5,0.000179721,0.000898607,12
2025,2030,2027.5,0.000209675,0.00104838,14
2030,2035,2032.5,0.000164745,0.000823723,11
2035,2040,2037.5,0.000119814,0.000599071,8
2040,2045,2042.5,0.000209675,0.00104838,14
2045,2050,2047.5,0.000134791,0.000673955,9
2050,2055,2052.5,0.000164745,0.000823723,11
2055,2060,2057.5,7.48839e-05,0.00037442,5
2060,2065,2062.5,0.000254605,0.00127303,17
2065,2070,2067.5,0.000119814,0.000599071,8
2070,2075,2072.5,0.000134791,0.000673955,9
2075,2080,2077.5,0.000134791,0.000673955,9
2080,2085,2082.5,0.000299536,0.00149768,20
2085,2090,2087.5,0.000179721,0.000898607,12
2090,2095,2092.5,8.98607e-05,0.000449304,6
2095,2100,2097.5,0.000149768,0.000748839,10
2100,2105,2102.5,0.000194698,0.000973491,13
2105,2110,2107.5,0.000239629,0.00119814,16
2110,2115,2112.5,7.48839e-05,0.00037442,5
2115,2120,2117.5,0.000149768,0.000748839,10
2120,2125,2122.5,0.000134791,0.000673955,9
2125,2130,2127.5,0.000164745,0.000823723,11
2130,2135,2132.5,0.000104838,0.000524188,7
2135,2140,2137.5,0.000134791,0.000673955,9
2140,2145,2142.5,0.000209675,0.00104838,14
2145,2150,2147.5,0.000179721,0.000898607,12
2150,2155,2152.5,0.000134791,0.000673955,9
2155,2160,2157.5,0.000104838,0.000524188,7
2160,2165,2162.5,0.000209675,0.00104838,14
2165,2170,2167.5,0.000119814,0.000599071,8
2170,2175,2172.5,0.000224652,0.00112326,15
2175,2180,2177.5,0.000164745,0.000823723,11
2180,2185,2182.5,0.000119814,0.000599071,8
2185,2190,2187.5,0.000194698,0.000973491,13
2190,2195,2192.5,0.000104838,0.000524188,7
2195,2200,2197.5,0.000209675,0.00104838,14
2200,2205,2202.5,0.000209675,0.00104838,14
2205,2210,2207.5,0.000179721,0.000898607,12
2210,2215,2212.5,8.98607e-05,0.000449304,6
2215,2220,2217.5,0.000194698,0.000973491,13
2220,2225,2222.5,0.000224652,0.00112326,15
2225,2230,2227.5,0.000224652,0.00112326,15
2230,2235,2232.5,0.000194698,0.000973491,13
2235,2240,2237.5,7.48839e-05,0.00037442,5
2240,2245,2242.5,5.99071e-05,0.000299536,4
2245,2250,2247.5,0.000164745,0.000823723,11
2250,2255,2252.5,0.000164745,0.000823723,11
2255,2260,2257.5,7.48839e-05,0.00037442,5
2260,2265,2262.5,0.000149768,0.000748839,10
2265,2270,2267.5,0.000209675,0.00104838,14
2270,2275,2272.5,0.000194698,0.000973491,13
2275,2280,2277.5,0.000149768,0.000748839,10
2280,2285,2282.5,0.000164745,0.000823723,11
2285,2290,2287.5,0.000209675,0.00104838,14
2290,2295,2292.5,0.000119814,0.000599071,8
2295,2300,2297.5,0.000119814,0.000599071,8
2300,2305,2302.5,0.000194698,0.000973491,13
2305,2310,2307.5,7.48839e-05,0.00037442,5
2310,2315,2312.5,0.000164745,0.000823723,11
2315,2320,2317.5,0.000119814,0.000599071,8
2320,2325,2322.5,0.000134791,0.000673955,9
2325,2330,2327.5,0.000119814,0.000599071,8
2330,2335,2332.5,7.48839e-05,0.00037442,5
2335,2340,2337.5,0.000134791,0.000673955,9
2340,2345,2342.5,0.000179721,0.000898607,12
2345,2350,2347.5,0.000119814,0.000599071,8
2350,2355,2352.5,0.000119814,0.000599071,8
2355,2360,2357.5,0.000149768,0.000748839,10
2360,2365,2362.5,0.000134791,0.000673955,9
2365,2370,2367.5,0.000149768,0.000748839,10
2370,2375,2372.5,0.000164745,0.000823723,11
2375,2380,2377.5,0.000149768,0.000748839,10
2380,2385,2382.5,0.000149768,0.000748839,10
2385,2390,2387.5,0.000164745,0.000823723,11
2390,2395,2392.5,0.000119814,0.000599071,8
2395,2400,2397.5,0.000134791,0.000673955,9
2400,2405,2402.5,7.48839e-05,0.00037442,5
2405,2410,2407.5,8.98607e-05,0.000449304,6
2410,2415,2412.5,0.000194698,0.000973491,13
2415,2420,2417.5,0.000104838,0.000524188,7
2420,2425,2422.5,0.000164745,0.000823723,11
2425,2430,2427.5,0.000194698,0.000973491,13
2430,2435,2432.5,0.000134791,0.000673955,9
2435,2440,2437.5,0.000149768,0.000748839,10
2440,2445,2442.5,0.000104838,0.000524188,7
2445,2450,2447.5,0.000314513,0.00157256,21
2450,2455,2452.5,0.000179721,0.000898607,12
2455,2460,2457.5,8.98607e-05,0.000449304,6
2460,2465,2462.5,0.000164745,0.000823723,11
2465,2470,2467.5,0.000239629,0.00119814,16
2470,2475,2472.5,0.000149768,0.000748839,10
2475,2480,2477.5,0.000179721,0.000898607,12
2480,2485,2482.5,0.000149768,0.000748839,10
2485,2490,2487.5,0.000104838,0.000524188,7
2490,2495,2492.5,0.000194698,0.000973491,13
2495,2500,2497.5,0.000269582,0.00134791,18
2500,2505,2502.5,0.000104838,0.000524188,7
2505,2510,2507.5,0.000239629,0.00119814,16
2510,2515,2512.5,0.000134791,0.000673955,9
2515,2520,2517.5,8.98607e-05,0.000449304,6
2520,2525,2522.5,0.000164745,0.000823723,11
2525,2530,2527.5,0.000104838,0.000524188,7
2530,2535,2532.5,0.000149768,0.000748839,10
2535,2540,2537.5,0.000224652,0.00112326,15
2540,2545,2542.5,0.000134791,0.000673955,9
2545,2550,2547.5,8.98607e-05,0.000449304,6
2550,2555,2552.5,0.000104838,0.000524188,7
2555,2560,2557.5,0.000149768,0.000748839,10
2560,2565,2562.5,0.000119814,0.000599071,8
2565,2570,2567.5,0.000179721,0.000898607,12
2570,2575,2572.5,0.000149768,0.000748839,10
2575,2580,2577.5,0.000119814,0.000599071,8
2580,2585,2582.5,0.000164745,0.000823723,11
2585,2590,2587.5,0.000164745,0.000823723,11
2590,2595,2592.5,0.000119814,0.000599071,8
2595,2600,2597.5,0.000104838,0.000524188,7
2600,2605,2602.5,0.000164745,0.000823723,11
2605,2610,2607.5,0.000104838,0.000524188,7
2610,2615,2612.5,0.000119814,0.000599071,8
2615,2620,2617.5,0.000179721,0.000898607,12
2620,2625,2622.5,0.000164745,0.000823723,11
2625,2630,2627.5,0.000134791,0.000673955,9
2630,2635,2632.5,0.000104838,0.000524188,7
2635,2640,2637.5,0.000224652,0.00112326,15
2640,2645,2642.5,8.98607e-05,0.000449304,6
2645,2650,2647.5,0.000149768,0.000748839,10
2650,2655,2652.5,0.000254605,0.00127303,17
2655,2660,2657.5,0.000164745,0.000823723,11
2660,2665,2662.5,7.48839e-05,0.00037442,5
2665,2670,2667.5,0.000104838,0.000524188,7
2670,2675,2672.5,5.99071e-05,0.000299536,4
2675,2680,2677.5,0.000134791,0.000673955,9
2680,2685,2682.5,0.000104838,0.000524188,7
2685,2690,2687.5,0.000134791,0.000673955,9
2690,2695,2692.5,8.98607e-05,0.000449304,6
2695,2700,2697.5,0.000209675,0.00104838,14
2700,2705,2702.5,0.000164745,0.000823723,11
2705,2710,2707.5,0.000134791,0.000673955,9
2710,2715,2712.5,0.000104838,0.000524188,7
2715,2720,2717.5,0.000179721,0.000898607,12
2720,2725,2722.5,0.000164745,0.000823723,11
2725,2730,2727.5,0.000134791,0.000673955,9
2730,2735,2732.5,7.48839e-05,0.00037442,5
2735,2740,2737.5,0.000164745,0.000823723,11
2740,2745,2742.5,0.000134791,0.000673955,9
2745,2750,2747.5,0.000119814,0.000599071,8
2750,2755,2752.5,0.000224652,0.00112326,15
2755,2760,2757.5,0.000104838,0.000524188,7
2760,2765,2762.5,0.000104838,0.000524188,7
2765,2770,2767.5,0.000119814,0.000599071,8
2770,2775,2772.5,0.000239629,0.00119814,16
2775,2780,2777.5,0.000164745,0.000823723,11
2780,2785,2782.5,8.98607e-05,0.000449304,6
2785,2790,2787.5,0.000179721,0.000898607,12
2790,2795,2792.5,7.48839e-05,0.00037442,5
2795,2800,2797.5,4.49304e-05,0.000224652,3
2800,2805,2802.5,0.000194698,0.000973491,13
2805,2810,2807.5,0.000149768,0.000748839,10
2810,2815,2812.5,0.000179721,0.000898607,12
2815,2820,2817.5,0.000134791,0.000673955,9
2820,2825,2822.5,0.000164745,0.000823723,11
2825,2830,2827.5,0.000179721,0.000898607,12
2830,2835,2832.5,8.98607e-05,0.000449304,6
2835,2840,2837.5,0.000149768,0.000748839,10
2840,2845,2842.5,0.000239629,0.00119814,16
2845,2850,2847.5,0.000119814,0.000599071,8
2850,2855,2852.5,0.000104838,0.000524188,7
2855,2860,2857.5,0.000119814,0.000599071,8
2860,2865,2862.5,0.000119814,0.000599071,8
2865,2870,2867.5,0.000329489,0.00164745,22
2870,2875,2872.5,0.000149768,0.000748839,10
2875,2880,2877.5,8.98607e-05,0.000449304,6
2880,2885,2882.5,8.98607e-05,0.000449304,6
2885,2890,2887.5,0.000104838,0.000524188,7
2890,2895,2892.5,7.48839e-05,0.00037442,5
2895,2900,2897.5,0.000119814,0.000599071,8
2900,2905,2902.5,0.000134791,0.000673955,9
2905,2910,2907.5,8.98607e-05,0.000449304,6
2910,2915,2912.5,0.000134791,0.000673955,9
2915,2920,2917.5,0.000179721,0.000898607,12
2920,2925,2922.5,0.000194698,0.000973491,13
2925,2930,2927.5,8.98607e-05,0.000449304,6
2930,2935,2932.5,0.000209675,0.00104838,14
2935,2940,2937.5,0.000134791,0.000673955,9
2940,2945,2942.5,0.000209675,0.00104838,14
2945,2950,2947.5,0.000119814,0.000599071,8
2950,2955,2952.5,0.000164745,0.000823723,11
2955,2960,2957.5,8.98607e-05,0.000449304,6
2960,2965,2962.5,0.000134791,0.000673955,9
2965,2970,2967.5,8.98607e-05,0.000449304,6
2970,2975,2972.5,0.000134791,0.000673955,9
2975,2980,2977.5,0.000119814,0.000599071,8
2980,2985,2982.5,8.98607e-05,0.000449304,6
2985,2990,2987.5,8.98607e-05,0.000449304,6
2990,2995,2992.5,0.000119814,0.000599071,8
2995,3000,2997.5,4.49304e-05,0.000224652,3
3000,3005,3002.5,0.000179721,0.000898607,12
3005,3010,3007.5,0.000254605,0.00127303,17
3010,3015,3012.5,0.000149768,0.000748839,10
3015,3020,3017.5,0.000164745,0.000823723,11
3020,3025,3022.5,0.000179721,0.000898607,12
3025,3030,3027.5,0.000104838,0.000524188,7
3030,3035,3032.5,0.000119814,0.000599071,8
3035,3040,3037.5,0.000164745,0.000823723,11
3040,3045,3042.5,0.000149768,0.000748839,10
3045,3050,3047.5,5.99071e-05,0.000299536,4
3050,3055,3052.5,0.000179721,0.000898607,12
3055,3060,3057.5,8.98607e-05,0.000449304,6
3060,3065,3062.5,0.000224652,0.00112326,15
3065,3070,3067.5,0.000224652,0.00112326,15
3070,3075,3072.5,7.48839e-05,0.00037442,5
3075,3080,3077.5,0.000104838,0.000524188,7
3080,3085,3082.5,0.000179721,0.000898607,12
3085,3090,3087.5,5.99071e-05,0.000299536,4
3090,3095,3092.5,0.000104838,0.000524188,7
3095,3100,3097.5,0.000164745,0.000823723,11
3100,3105,3102.5,0.000134791,0.000673955,9
3105,3110,3107.5,0.000119814,0.000599071,8
3110,3115,3112.5,0.000119814,0.000599071,8
3115,3120,3117.5,0.000149768,0.000748839,10
3120,3125,3122.5,4.49304e-05,0.000224652,3
3125,3130,3127.5,0.000164745,0.000823723,11
3130,3135,3132.5,0.000119814,0.000599071,8
3135,3140,3137.5,0.000134791,0.000673955,9
3140,3145,3142.5,0.000119814,0.000599071,8
3145,3150,3147.5,0.000104838,0.000524188,7
3150,3155,3152.5,8.98607e-05,0.000449304,6
3155,3160,3157.5,7.48839e-05,0.00037442,5
3160,3165,3162.5,5.99071e-05,0.000299536,4
3165,3170,3167.5,0.000104838,0.000524188,7
3170,3175,3172.5,8.98607e-05,0.000449304,6
3175,3180,3177.5,0.000164745,0.000823723,11
3180,3185,3182.5,0.000119814,0.000599071,8
3185,3190,3187.5,0.000194698,0.000973491,13
3190,3195,3192.5,0.000149768,0.000748839,10
3195,3200,3197.5,8.98607e-05,0.000449304,6
3200,3205,3202.5,0.000119814,0.000599071,8
3205,3210,3207.5,4.49304e-05,0.000224652,3
3210,3215,3212.5,0.000134791,0.000673955,9
3215,3220,3217.5,0.000164745,0.000823723,11
3220,3225,3222.5,7.48839e-05,0.00037442,5
3225,3230,3227.5,7.48839e-05,0.00037442,5
3230,3235,3232.5,8.98607e-05,0.000449304,6
3235,3240,3237.5,0.000119814,0.000599071,8
3240,3245,3242.5,5.99071e-05,0.000299536,4
3245,3250,3247.5,0.000104838,0.000524188,7
3250,3255,3252.5,0.000239629,0.00119814,16
3255,3260,3257.5,0.000134791,0.000673955,9
3260,3265,3262.5,0.000149768,0.000748839,10
3265,3270,3267.5,0.000104838,0.000524188,7
3270,3275,3272.5,7.48839e-05,0.00037442,5
3275,3280,3277.5,0.000149768,0.000748839,10
3280,3285,3282.5,0.000164745,0.000823723,11
3285,3290,3287.5,0.000179721,0.000898607,12
3290,3295,3292.5,0.000164745,0.000823723,11
3295,3300,3297.5,0.000239629,0.00119814,16
3300,3305,3302.5,0.000209675,0.00104838,14
3305,3310,3307.5,5.99071e-05,0.000299536,4
3310,3315,3312.5,0.000104838,0.000524188,7
3315,3320,3317.5,7.48839e-05,0.00037442,5
3320,3325,3322.5,4.49304e-05,0.000224652,3
3325,3330,3327.5,8.98607e-05,0.000449304,6
3330,3335,3332.5,0.000164745,0.000823723,11
3335,3340,3337.5,0.000164745,0.000823723,11
3340,3345,3342.5,0.000179721,0.000898607,12
3345,3350,3347.5,5.99071e-05,0.000299536,4
3350,3355,3352.5,7.48839e-05,0.00037442,5
3355,3360,3357.5,2.99536e-05,0.000149768,2
3360,3365,3362.5,0.000149768,0.000748839,10
3365,3370,3367.5,0.000104838,0.000524188,7
3370,3375,3372.5,8.98607e-05,0.000449304,6
3375,3380,3377.5,0.000149768,0.000748839,10
3380,3385,3382.5,0.000104838,0.000524188,7
3385,3390,3387.5,0.000179721,0.000898607,12
3390,3395,3392.5,0.000104838,0.000524188,7
3395,3400,3397.5,0.000164745,0.000823723,11
3400,3405,3402.5,7.48839e-05,0.00037442,5
3405,3410,3407.5,0.000119814,0.000599071,8
3410,3415,3412.5,0.000164745,0.000823723,11
3415,3420,3417.5,4.49304e-05,0.000224652,3
3420,3425,3422.5,0.000179721,0.000898607,12
3425,3430,3427.5,0.000149768,0.000748839,10
3430,3435,3432.5,0.000254605,0.00127303,17
3435,3440,3437.5,5.99071e-05,0.000299536,4
3440,3445,3442.5,0.000134791,0.000673955,9
3445,3450,3447.5,0.000104838,0.000524188,7
3450,3455,3452.5,8.98607e-05,0.000449304,6
3455,3460,3457.5,0.000104838,0.000524188,7
3460,3465,3462.5,0.000104838,0.000524188,7
3465,3470,3467.5,8.98607e-05,0.000449304,6
3470,3475,3472.5,0.000119814,0.000599071,8
3475,3480,3477.5,0.000149768,0.000748839,10
3480,3485,3482.5,0.000134791,0.000673955,9
3485,3490,3487.5,0.000119814,0.000599071,8
3490,3495,3492.5,0.000104838,0.000524188,7
3495,3500,3497.5,0.000134791,0.000673955,9
3500,3505,3502.5,8.98607e-05,0.000449304,6
3505,3510,3507.5,0.000179721,0.000898607,12
3510,3515,3512.5,0.000164745,0.000823723,11
3515,3520,3517.5,0.000149768,0.000748839,10
3520,3525,3522.5,0.000119814,0.000599071,8
3525,3530,3527.5,0.000104838,0.000524188,7
3530,3535,3532.5,0.000149768,0.000748839,10
3535,3540,3537.5,0.000164745,0.000823723,11
3540,3545,3542.5,8.98607e-05,0.000449304,6
3545,3550,3547.5,4.49304e-05,0.000224652,3
3550,3555,3552.5,0.000134791,0.000673955,9
3555,3560,3557.5,8.98607e-05,0.000449304,6
3560,3565,3562.5,0.000179721,0.000898607,12
3565,3570,3567.5,0.000104838,0.000524188,7
3570,3575,3572.5,0.000179721,0.000898607,12
3575,3580,3577.5,0.000134791,0.000673955,9
3580,3585,3582.5,7.48839e-05,0.00037442,5
3585,3590,3587.5,0.000149768,0.000748839,10
3590,3595,3592.5,0.000164745,0.000823723,11
3595,3600,3597.5,0.000164745,0.000823723,11
3600,3605,3602.5,0.000164745,0.000823723,11
3605,3610,3607.5,8.98607e-05,0.000449304,6
3610,3615,3612.5,0.000164745,0.000823723,11
3615,3620,3617.5,7.48839e-05,0.00037442,5
3620,3625,3622.5,0.000179721,0.000898607,12
3625,3630,3627.5,5.99071e-05,0.000299536,4
3630,3635,3632.5,0.000134791,0.000673955,9
3635,3640,3637.5,0.000149768,0.000748839,10
3640,3645,3642.5,0.000149768,0.000748839,10
3645,3650,3647.5,2.99536e-05,0.000149768,2
3650,3655,3652.5,7.48839e-05,0.00037442,5
3655,3660,3657.5,0.000104838,0.000524188,7
3660,3665,3662.5,0.000119814,0.000599071,8
3665,3670,3667.5,0.000269582,0.00134791,18
3670,3675,3672.5,7.48839e-05,0.00037442,5
3675,3680,3677.5,0.000194698,0.000973491,13
3680,3685,3682.5,0.000179721,0.000898607,12
3685,3690,3687.5,0.000209675,0.00104838,14
3690,3695,3692.5,8.98607e-05,0.000449304,6
3695,3700,3697.5,0.000134791,0.000673955,9
3700,3705,3702.5,4.49304e-05,0.000224652,3
3705,3710,3707.5,0.000164745,0.000823723,11
3710,3715,3712.5,0.000134791,0.000673955,9
3715,3720,3717.5,0.000194698,0.000973491,13
3720,3725,3722.5,0.000134791,0.000673955,9
3725,3730,3727.5,8.98607e-05,0.000449304,6
3730,3735,3732.5,0.000149768,0.000748839,10
3735,3740,3737.5,0.000119814,0.000599071,8
3740,3745,3742.5,5.99071e-05,0.000299536,4
3745,3750,3747.5,2.99536e-05,0.000149768,2
3750,3755,3752.5,0.000164745,0.000823723,11
3755,3760,3757.5,0.000134791,0.000673955,9
3760,3765,3762.5,0.000149768,0.000748839,10
3765,3770,3767.5,0.000134791,0.000673955,9
3770,3775,3772.5,0.000119814,0.000599071,8
3775,3780,3777.5,0.000149768,0.000748839,10
3780,3785,3782.5,2.99536e-05,0.000149768,2
3785,3790,3787.5,8.98607e-05,0.000449304,6
3790,3795,3792.5,0.000194698,0.000973491,13
3795,3800,3797.5,0.000104838,0.000524188,7
3800,3805,3802.5,8.98607e-05,0.000449304,6
3805,3810,3807.5,0.000134791,0.000673955,9
3810,3815,3812.5,0.000149768,0.000748839,10
3815,3820,3817.5,0.000179721,0.000898607,12
3820,3825,3822.5,0.000149768,0.000748839,10
3825,3830,3827.5,0.000119814,0.000599071,8
3830,3835,3832.5,0.000179721,0.000898607,12
3835,3840,3837.5,0.000119814,0.000599071,8
3840,3845,3842.5,5.99071e-05,0.000299536,4
3845,3850,3847.5,0.000134791,0.000673955,9
3850,3855,3852.5,0.000134791,0.000673955,9
3855,3860,3857.5,8.98607e-05,0.000449304,6
3860,3865,3862.5,0.000119814,0.000599071,8
3865,3870,3867.5,7.48839e-05,0.00037442,5
3870,3875,3872.5,8.98607e-05,0.000449304,6
3875,3880,3877.5,8.98607e-05,0.000449304,6
3880,3885,3882.5,0.000104838,0.000524188,7
3885,3890,3887.5,0.000179721,0.000898607,12
3890,3895,3892.5,0.000119814,0.000599071,8
3895,3900,3897.5,0.000119814,0.000599071,8
3900,3905,3902.5,7.48839e-05,0.00037442,5
3905,3910,3907.5,7.48839e-05,0.00037442,5
3910,3915,3912.5,0.000164745,0.000823723,11
3915,3920,3917.5,0.000194698,0.000973491,13
3920,3925,3922.5,0.000179721,0.000898607,12
3925,3930,3927.5,0.000119814,0.000599071,8
3930,3935,3932.5,0.000104838,0.000524188,7
3935,3940,3937.5,0.000209675,0.00104838,14
3940,3945,3942.5,0.000134791,0.000673955,9
3945,3950,3947.5,8.98607e-05,0.000449304,6
3950,3955,3952.5,0.000179721,0.000898607,12
3955,3960,3957.5,8.98607e-05,0.000449304,6
3960,3965,3962.5,0.000119814,0.000599071,8
3965,3970,3967.5,0.000119814,0.000599071,8
3970,3975,3972.5,0.000119814,0.000599071,8
3975,3980,3977.5,0.000164745,0.000823723,11
3980,3985,3982.5,0.000149768,0.000748839,10
3985,3990,3987.5,0.000104838,0.000524188,7
3990,3995,3992.5,8.98607e-05,0.000449304,6
3995,4000,3997.5,0.000194698,0.000973491,13
4000,4005,4002.5,0.000104838,0.000524188,7
4005,4010,4007.5,0.000119814,0.000599071,8
4010,4015,4012.5,0.000119814,0.000599071,8
4015,4020,4017.5,8.98607e-05,0.000449304,6
4020,4025,4022.5,0.000134791,0.000673955,9
4025,4030,4027.5,4.49304e-05,0.000224652,3
4030,4035,4032.5,0.000119814,0.000599071,8
4035,4040,4037.5,0.000104838,0.000524188,7
4040,4045,4042.5,0.000209675,0.00104838,14
4045,4050,4047.5,0.000149768,0.000748839,10
4050,4055,4052.5,8.98607e-05,0.000449304,6
4055,4060,4057.5,0.000134791,0.000673955,9
4060,4065,4062.5,8.98607e-05,0.000449304,6
4065,4070,4067.5,7.48839e-05,0.00037442,5
4070,4075,4072.5,7.48839e-05,0.00037442,5
4075,4080,4077.5,0.000134791,0.000673955,9
4080,4085,4082.5,8.98607e-05,0.000449304,6
4085,4090,4087.5,4.49304e-05,0.000224652,3
4090,4095,4092.5,0.000209675,0.00104838,14
4095,4100,4097.5,0.000164745,0.000823723,11
4100,4105,4102.5,7.48839e-05,0.00037442,5
4105,4110,4107.5,0.000119814,0.000599071,8
4110,4115,4112.5,0.000149768,0.000748839,10
4115,4120,4117.5,0.000104838,0.000524188,7
4120,4125,4122.5,4.49304e-05,0.000224652,3
4125,4130,4127.5,0.000164745,0.000823723,11
4130,4135,4132.5,0.000119814,0.000599071,8
4135,4140,4137.5,7.48839e-05,0.00037442,5
4140,4145,4142.5,0.000149768,0.000748839,10
4145,4150,4147.5,0.000149768,0.000748839,10
4150,4155,4152.5,0.000119814,0.000599071,8
4155,4160,4157.5,7.48839e-05,0.00037442,5
4160,4165,4162.5,0.000134791,0.000673955,9
4165,4170,4167.5,8.98607e-05,0.000449304,6
4170,4175,4172.5,5.99071e-05,0.000299536,4
4175,4180,4177.5,4.49304e-05,0.000224652,3
4180,4185,4182.5,7.48839e-05,0.00037442,5
4185,4190,4187.5,4.49304e-05,0.000224652,3
4190,4195,4192.5,0.000134791,0.000673955,9
4195,4200,4197.5,0.000149768,0.000748839,10
4200,4205,4202.5,0.000149768,0.000748839,10
4205,4210,4207.5,8.98607e-05,0.000449304,6
4210,4215,4212.5,0.000164745,0.000823723,11
4215,4220,4217.5,7.48839e-05,0.00037442,5
4220,4225,4222.5,0.000104838,0.000524188,7
4225,4230,4227.5,7.48839e-05,0.00037442,5
4230,4235,4232.5,0.000119814,0.000599071,8
4235,4240,4237.5,0.000179721,0.000898607,12
4240,4245,4242.5,0.000119814,0.000599071,8
4245,4250,4247.5,7.48839e-05,0.00037442,5
4250,4255,4252.5,0.000134791,0.000673955,9
4255,4260,4257.5,0.000149768,0.000748839,10
4260,4265,4262.5,0.000179721,0.000898607,12
4265,4270,4267.5,0.000104838,0.000524188,7
4270,4275,4272.5,0.000119814,0.000599071,8
4275,4280,4277.5,0.000104838,0.000524188,7
4280,4285,4282.5,0.000104838,0.000524188,7
4285,4290,4287.5,0.000134791,0.000673955,9
4290,4295,4292.5,0.000149768,0.000748839,10
4295,4300,4297.5,8.98607e-05,0.000449304,6
4300,4305,4302.5,8.98607e-05,0.000449304,6
4305,4310,4307.5,0.000164745,0.000823723,11
4310,4315,4312.5,8.98607e-05,0.000449304,6
4315,4320,4317.5,8.98607e-05,0.000449304,6
4320,4325,4322.5,8.98607e-05,0.000449304,6
4325,4330,4327.5,0.000104838,0.000524188,7
4330,4335,4332.5,0.000134791,0.000673955,9
4335,4340,4337.5,0.000104838,0.000524188,7
4340,4345,4342.5,2.99536e-05,0.000149768,2
4350,4355,4352.5,1.49768e-05,7.48839e-05,1
4355,4360,4357.5,4.49304e-05,0.000224652,3
4360,4365,4362.5,2.99536e-05,0.000149768,2
4365,4370,4367.5,1.49768e-05,7.48839e-05,1
4370,4375,4372.5,8.98607e-05,0.000449304,6
4375,4380,4377.5,2.99536e-05,0.000149768,2
4380,4385,4382.5,5.99071e-05,0.000299536,4
4385,4390,4387.5,2.99536e-05,0.000149768,2
4390,4395,4392.5,2.99536e-05,0.000149768,2
4395,4400,4397.5,1.49768e-05,7.48839e-05,1
4410,4415,4412.5,2.99536e-05,0.000149768,2
4425,4430,4427.5,1.49768e-05,7.48839e-05,1
4430,4435,4432.5,7.48839e-05,0.00037442,5
4435,4440,4437.5,1.49768e-05,7.48839e-05,1
4445,4450,4447.5,0.000104838,0.000524188,7
4450,4455,4452.5,1.49768e-05,7.48839e-05,1
4460,4465,4462.5,2.99536e-05,0.000149768,2
4465,4470,4467.5,8.98607e-05,0.000449304,6
4470,4475,4472.5,4.49304e-05,0.000224652,3
4475,4480,4477.5,1.49768e-05,7.48839e-05,1
4480,4485,4482.5,2.99536e-05,0.000149768,2
4485,4490,4487.5,5.99071e-05,0.000299536,4
4490,4495,4492.5,7.48839e-05,0.00037442,5
4495,4500,4497.5,4.49304e-05,0.000224652,3
4500,4505,4502.5,4.49304e-05,0.000224652,3
4505,4510,4507.5,4.49304e-05,0.000224652,3
4510,4515,4512.5,2.99536e-05,0.000149768,2
4515,4520,4517.5,1.49768e-05,7.48839e-05,1
4520,4525,4522.5,1.49768e-05,7.48839e-05,1
4525,4530,4527.5,1.49768e-05,7.48839e-05,1
4535,4540,4537.5,2.99536e-05,0.000149768,2
4545,4550,4547.5,1.49768e-05,7.48839e-05,1
4550,4555,4552.5,2.99536e-05,0.000149768,2
4560,4565,4562.5,2.99536e-05,0.000149768,2
4565,4570,4567.5,1.49768e-05,7.48839e-05,1
4570,4575,4572.5,2.99536e-05,0.000149768,2
4580,4585,4582.5,4.49304e-05,0.000224652,3
4590,4595,4592.5,4.49304e-05,0.000224652,3
4595,4600,4597.5,1.49768e-05,7.48839e-05,1
4610,4615,4612.5,1.49768e-05,7.48839e-05,1
4635,4640,4637.5,4.49304e-05,0.000224652,3
4640,4645,4642.5,1.49768e-05,7.48839e-05,1
4655,4660,4657.5,4.49304e-05,0.000224652,3
4660,4665,4662.5,1.49768e-05,7.48839e-05,1
4665,4670,4667.5,2.99536e-05,0.000149768,2
4675,4680,4677.5,2.99536e-05,0.000149768,2
4690,4695,4692.5,4.49304e-05,0.000224652,3
4700,4705,4702.5,2.99536e-05,0.000149768,2
4705,4710,4707.5,4.49304e-05,0.000224652,3
4710,4715,4712.5,5.99071e-05,0.000299536,4
4725,4730,4727.5,1.49768e-05,7.48839e-05,1
4730,4735,4732.5,1.49768e-05,7.48839e-05,1
4735,4740,4737.5,4.49304e-05,0.000224652,3
4740,4745,4742.5,1.49768e-05,7.48839e-05,1
4750,4755,4752.5,4.49304e-05,0.000224652,3
4755,4760,4757.5,2.99536e-05,0.000149768,2
4760,4765,4762.5,2.99536e-05,0.000149768,2
4775,4780,4777.5,1.49768e-05,7.48839e-05,1
4780,4785,4782.5,2.99536e-05,0.000149768,2
4790,4795,4792.5,1.49768e-05,7.48839e-05,1
4800,4805,4802.5,4.49304e-05,0.000224652,3
4805,4810,4807.5,4.49304e-05,0.000224652,3
4810,4815,4812.5,2.99536e-05,0.000149768,2
4815,4820,4817.5,4.49304e-05,0.000224652,3
4820,4825,4822.5,1.49768e-05,7.48839e-05,1
4825,4830,4827.5,1.49768e-05,7.48839e-05,1
4830,4835,4832.5,1.49768e-05,7.48839e-05,1
4835,4840,4837.5,2.99536e-05,0.000149768,2
4840,4845,4842.5,1.49768e-05,7.48839e-05,1
4845,4850,4847.5,1.49768e-05,7.48839e-05,1
4850,4855,4852.5,2.99536e-05,0.000149768,2
4855,4860,4857.5,2.99536e-05,0.000149768,2
4860,4865,4862.5,5.99071e-05,0.000299536,4
4865,4870,4867.5,2.99536e-05,0.000149768,2
4875,4880,4877.5,1.49768e-05,7.48839e-05,1
4890,4895,4892.5,1.49768e-05,7.48839e-05,1
4900,4905,4902.5,1.49768e-05,7.48839e-05,1
4905,4910,4907.5,1.49768e-05,7.48839e-05,1
4910,4915,4912.5,1.49768e-05,7.48839e-05,1
4915,4920,4917.5,1.49768e-05,7.48839e-05,1
4925,4930,4927.5,1.49768e-05,7.48839e-05,1
4930,4935,4932.5,1.49768e-05,7.48839e-05,1
4935,4940,4937.5,2.99536e-05,0.000149768,2
4945,4950,4947.5,1.49768e-05,7.48839e-05,1
4960,4965,4962.5,1.49768e-05,7.48839e-05,1
4965,4970,4967.5,1.49768e-05,7.48839e-05,1
4970,4975,4972.5,1.49768e-05,7.48839e-05,1
4975,4980,4977.5,1.49768e-05,7.48839e-05,1
4980,4985,4982.5,1.49768e-05,7.48839e-05,1
4990,4995,4992.5,1.49768e-05,7.48839e-05,1
4995,5000,4997.5,1.49768e-05,7.48839e-05,1
5005,5010,5007.5,2.99536e-05,0.000149768,2
5010,5015,5012.5,2.99536e-05,0.000149768,2
5015,5020,5017.5,1.49768e-05,7.48839e-05,1
5020,5025,5022.5,1.49768e-05,7.48839e-05,1
5030,5035,5032.5,2.99536e-05,0.000149768,2
5035,5040,5037.5,1.49768e-05,7.48839e-05,1
5040,5045,5042.5,2.99536e-05,0.000149768,2
5050,5055,5052.5,1.49768e-05,7.48839e-05,1
5055,5060,5057.5,1.49768e-05,7.48839e-05,1
5065,5070,5067.5,1.49768e-05,7.48839e-05,1
5075,5080,5077.5,1.49768e-05,7.48839e-05,1
5090,5095,5092.5,1.49768e-05,7.48839e-05,1
5095,5100,5097.5,1.49768e-05,7.48839e-05,1
5100,5105,5102.5,1.49768e-05,7.48839e-05,1
5105,5110,5107.5,1.49768e-05,7.48839e-05,1
5110,5115,5112.5,1.49768e-05,7.48839e-05,1
5115,5120,5117.5,2.99536e-05,0.000149768,2
5120,5125,5122.5,1.49768e-05,7.48839e-05,1
5125,5130,5127.5,1.49768e-05,7.48839e-05,1
5135,5140,5137.5,2.99536e-05,0.000149768,2
5140,5145,5142.5,2.99536e-05,0.000149768,2
5145,5150,5147.5,2.99536e-05,0.000149768,2
5155,5160,5157.5,1.49768e-05,7.48839e-05,1
5170,5175,5172.5,1.49768e-05,7.48839e-05,1
5180,5185,5182.5,1.49768e-05,7.48839e-05,1
5190,5195,5192.5,1.49768e-05,7.48839e-05,1
5205,5210,5207.5,1.49768e-05,7.48839e-05,1
5210,5215,5212.5,2.99536e-05,0.000149768,2
5220,5225,5222.5,1.49768e-05,7.48839e-05,1
5225,5230,5227.5,1.49768e-05,7.48839e-05,1
5235,5240,5237.5,2.99536e-05,0.000149768,2
5245,5250,5247.5,2.99536e-05,0.000149768,2
5250,5255,5252.5,4.49304e-05,0.000224652,3
5255,5260,5257.5,1.49768e-05,7.48839e-05,1
5270,5275,5272.5,1.49768e-05,7.48839e-05,1
5275,5280,5277.5,1.49768e-05,7.48839e-05,1
5280,5285,5282.5,1.49768e-05,7.48839e-05,1
5285,5290,5287.5,1.49768e-05,7.48839e-05,1
5295,5300,5297.5,2.99536e-05,0.000149768,2
5300,5305,5302.5,2.99536e-05,0.000149768,2
5310,5315,5312.5,2.99536e-05,0.000149768,2
5325,5330,5327.5,1.49768e-05,7.48839e-05,1
5335,5340,5337.5,1.49768e-05,7.48839e-05,1
5340,5345,5342.5,5.99071e-05,0.000299536,4
5345,5350,5347.5,1.49768e-05,7.48839e-05,1
5350,5355,5352.5,1.49768e-05,7.48839e-05,1
5355,5360,5357.5,4.49304e-05,0.000224652,3
5360,5365,5362.5,2.99536e-05,0.000149768,2
5365,5370,5367.5,1.49768e-05,7.48839e-05,1
5370,5375,5372.5,2.99536e-05,0.000149768,2
5375,5380,5377.5,1.49768e-05,7.48839e-05,1
5380,5385,5382.5,1.49768e-05,7.48839e-05,1
5385,5390,5387.5,2.99536e-05,0.000149768,2
5395,5400,5397.5,1.49768e-05,7.48839e-05,1
5405,5410,5407.5,1.49768e-05,7.48839e-05,1
5410,5415,5412.5,1.49768e-05,7.48839e-05,1
5415,5420,5417.5,2.99536e-05,0.000149768,2
5420,5425,5422.5,1.49768e-05,7.48839e-05,1
5425,5430,5427.5,1.49768e-05,7.48839e-05,1
5440,5445,5442.5,1.49768e-05,7.48839e-05,1
5445,5450,5447.5,2.99536e-05,0.000149768,2
5455,5460,5457.5,1.49768e-05,7.48839e-05,1
5460,5465,5462.5,2.99536e-05,0.000149768,2
5465,5470,5467.5,4.49304e-05,0.000224652,3
5470,5475,5472.5,1.49768e-05,7.48839e-05,1
5485,5490,5487.5,1.49768e-05,7.48839e-05,1
5490,5495,5492.5,1.49768e-05,7.48839e-05,1
5495,5500,5497.5,1.49768e-05,7.48839e-05,1
5510,5515,5512.5,1.49768e-05,7.48839e-05,1
5515,5520,5517.5,1.49768e-05,7.48839e-05,1
5525,5530,5527.5,2.99536e-05,0.000149768,2
5530,5535,5532.5,1.49768e-05,7.48839e-05,1
5550,5555,5552.5,2.99536e-05,0.000149768,2
5555,5560,5557.5,1.49768e-05,7.48839e-05,1
5565,5570,5567.5,1.49768e-05,7.48839e-05,1
5570,5575,5572.5,1.49768e-05,7.48839e-05,1
5575,5580,5577.5,1.49768e-05,7.48839e-05,1
5580,5585,5582.5,1.49768e-05,7.48839e-05,1
5585,5590,5587.5,2.99536e-05,0.000149768,2
5595,5600,5597.5,1.49768e-05,7.48839e-05,1
5610,5615,5612.5,1.49768e-05,7.48839e-05,1
5620,5625,5622.5,1.49768e-05,7.48839e-05,1
5625,5630,5627.5,1.49768e-05,7.48839e-05,1
5635,5640,5637.5,2.99536e-05,0.000149768,2
5665,5670,5667.5,1.49768e-05,7.48839e-05,1
5670,5675,5672.5,1.49768e-05,7.48839e-05,1
5680,5685,5682.5,2.99536e-05,0.000149768,2
5685,5690,5687.5,2.99536e-05,0.000149768,2
5695,5700,5697.5,4.49304e-05,0.000224652,3
5700,5705,5702.5,2.99536e-05,0.000149768,2
5715,5720,5717.5,1.49768e-05,7.48839e-05,1
5725,5730,5727.5,2.99536e-05,0.000149768,2
5730,5735,5732.5,1.49768e-05,7.48839e-05,1
5745,5750,5747.5,1.49768e-05,7.48839e-05,1
5755,5760,5757.5,1.49768e-05,7.48839e-05,1
5760,5765,5762.5,1.49768e-05,7.48839e-05,1
5770,5775,5772.5,2.99536e-05,0.000149768,2
5780,5785,5782.5,4.49304e-05,0.000224652,3
5785,5790,5787.5,1.49768e-05,7.48839e-05,1
5790,5795,5792.5,1.49768e-05,7.48839e-05,1
5795,5800,5797.5,1.49768e-05,7.48839e-05,1
5800,5805,5802.5,4.49304e-05,0.000224652,3
5835,5840,5837.5,1.49768e-05,7.48839e-05,1
5840,5845,5842.5,2.99536e-05,0.000149768,2
5845,5850,5847.5,1.49768e-05,7.48839e-05,1
5860,5865,5862.5,1.49768e-05,7.48839e-05,1
5865,5870,5867.5,2.99536e-05,0.000149768,2
5870,5875,5872.5,1.49768e-05,7.48839e-05,1
5880,5885,5882.5,1.49768e-05,7.48839e-05,1
5885,5890,5887.5,1.49768e-05,7.48839e-05,1
5890,5895,5892.5,2.99536e-05,0.000149768,2
5895,5900,5897.5,1.49768e-05,7.48839e-05,1
5900,5905,5902.5,1.49768e-05,7.48839e-05,1
5910,5915,5912.5,4.49304e-05,0.000224652,3
5915,5920,5917.5,1.49768e-05,7.48839e-05,1
5925,5930,5927.5,1.49768e-05,7.48839e-05,1
5930,5935,5932.5,1.49768e-05,7.48839e-05,1
5940,5945,5942.5,4.49304e-05,0.000224652,3
5960,5965,5962.5,1.49768e-05,7.48839e-05,1
5965,5970,5967.5,1.49768e-05,7.48839e-05,1
5970,5975,5972.5,1.49768e-05,7.48839e-05,1
5975,5980,5977.5,1.49768e-05,7.48839e-05,1
5990,5995,5992.5,2.99536e-05,0.000149768,2
5995,6000,5997.5,1.49768e-05,7.48839e-05,1
6010,6015,6012.5,1.49768e-05,7.48839e-05,1
6015,6020,6017.5,1.49768e-05,7.48839e-05,1
6020,6025,6022.5,1.49768e-05,7.48839e-05,1
6025,6030,6027.5,1.49768e-05,7.48839e-05,1
6030,6035,6032.5,2.99536e-05,0.000149768,2
6035,6040,6037.5,1.49768e-05,7.48839e-05,1
6040,6045,6042.5,1.49768e-05,7.48839e-05,1
6045,6050,6047.5,2.99536e-05,0.000149768,2
6060,6065,6062.5,1.49768e-05,7.48839e-05,1
6065,6070,6067.5,2.99536e-05,0.000149768,2
6080,6085,6082.5,1.49768e-05,7.48839e-05,1
6100,6105,6102.5,1.49768e-05,7.48839e-05,1
6105,6110,6107.5,1.49768e-05,7.48839e-05,1
6110,6115,6112.5,1.49768e-05,7.48839e-05,1
6115,6120,6117.5,2.99536e-05,0.000149768,2
6120,6125,6122.5,1.49768e-05,7.48839e-05,1
6135,6140,6137.5,1.49768e-05,7.48839e-05,1
6155,6160,6157.5,1.49768e-05,7.48839e-05,1
6160,6165,6162.5,1.49768e-05,7.48839e-05,1
6170,6175,6172.5,1.49768e-05,7.48839e-05,1
6180,6185,6182.5,1.49768e-05,7.48839e-05,1
6190,6195,6192.5,2.99536e-05,0.000149768,2
6205,6210,6207.5,2.99536e-05,0.000149768,2
6210,6215,6212.5,1.49768e-05,7.48839e-05,1
6225,6230,6227.5,7.48839e-05,0.00037442,5
6240,6245,6242.5,4.49304e-05,0.000224652,3
6250,6255,6252.5,1.49768e-05,7.48839e-05,1
6255,6260,6257.5,2.99536e-05,0.000149768,2
6270,6275,6272.5,1.49768e-05,7.48839e-05,1
6275,6280,6277.5,1.49768e-05,7.48839e-05,1
6285,6290,6287.5,1.49768e-05,7.48839e-05,1
6290,6295,6292.5,1.49768e-05,7.48839e-05,1
6300,6305,6302.5,4.49304e-05,0.000224652,3
6305,6310,6307.5,1.49768e-05,7.48839e-05,1
6310,6315,6312.5,2.99536e-05,0.000149768,2
6320,6325,6322.5,2.99536e-05,0.000149768,2
6325,6330,6327.5,1.49768e-05,7.48839e-05,1
6330,6335,6332.5,2.99536e-05,0.000149768,2
6340,6345,6342.5,1.49768e-05,7.48839e-05,1
6345,6350,6347.5,4.49304e-05,0.000224652,3
6350,6355,6352.5,2.99536e-05,0.000149768,2
6360,6365,6362.5,1.49768e-05,7.48839e-05,1
6375,6380,6377.5,1.49768e-05,7.48839e-05,1
6380,6385,6382.5,1.49768e-05,7.48839e-05,1
6390,6395,6392.5,1.49768e-05,7.48839e-05,1
6425,6430,6427.5,1.49768e-05,7.48839e-05,1
6440,6445,6442.5,2.99536e-05,0.000149768,2
6455,6460,6457.5,1.49768e-05,7.48839e-05,1
6465,6470,6467.5,1.49768e-05,7.48839e-05,1
6470,6475,6472.5,2.99536e-05,0.000149768,2
6490,6495,6492.5,2.99536e-05,0.000149768,2
6495,6500,6497.5,2.99536e-05,0.000149768,2
6500,6505,6502.5,1.49768e-05,7.48839e-05,1
6505,6510,6507.5,2.99536e-05,0.000149768,2
6515,6520,6517.5,1.49768e-05,7.48839e-05,1
6520,6525,6522.5,2.99536e-05,0.000149768,2
6525,6530,6527.5,2.99536e-05,0.000149768,2
6530,6535,6532.5,1.49768e-05,7.48839e-05,1
6540,6545,6542.5,4.49304e-05,0.000224652,3
6545,6550,6547.5,1.49768e-05,7.48839e-05,1
6550,6555,6552.5,1.49768e-05,7.48839e-05,1
6555,6560,6557.5,2.99536e-05,0.000149768,2
6570,6575,6572.5,2.99536e-05,0.000149768,2
6575,6580,6577.5,1.49768e-05,7.48839e-05,1
6580,6585,6582.5,1.49768e-05,7.48839e-05,1
6595,6600,6597.5,1.49768e-05,7.48839e-05,1
6600,6605,6602.5,1.49768e-05,7.48839e-05,1
6610,6615,6612.5,2.99536e-05,0.000149768,2
6615,6620,6617.5,1.49768e-05,7.48839e-05,1
6630,6635,6632.5,5.99071e-05,0.000299536,4
6645,6650,6647.5,1.49768e-05,7.48839e-05,1
6650,6655,6652.5,1.49768e-05,7.48839e-05,1
6660,6665,6662.5,1.49768e-05,7.48839e-05,1
6665,6670,6667.5,2.99536e-05,0.000149768,2
6670,6675,6672.5,1.49768e-05,7.48839e-05,1
6680,6685,6682.5,1.49768e-05,7.48839e-05,1
6695,6700,6697.5,1.49768e-05,7.48839e-05,1
6700,6705,6702.5,2.99536e-05,0.000149768,2
6705,6710,6707.5,1.49768e-05,7.48839e-05,1
6725,6730,6727.5,1.49768e-05,7.48839e-05,1
6735,6740,6737.5,1.49768e-05,7.48839e-05,1
6740,6745,6742.5,2.99536e-05,0.000149768,2
6745,6750,6747.5,1.49768e-05,7.48839e-05,1
6755,6760,6757.5,1.49768e-05,7.48839e-05,1
6760,6765,6762.5,4.49304e-05,0.000224652,3
6765,6770,6767.5,1.49768e-05,7.48839e-05,1
6770,6775,6772.5,2.99536e-05,0.000149768,2
6780,6785,6782.5,1.49768e-05,7.48839e-05,1
6790,6795,6792.5,1.49768e-05,7.48839e-05,1
6795,6800,6797.5,1.49768e-05,7.48839e-05,1
6800,6805,6802.5,1.49768e-05,7.48839e-05,1
6825,6830,6827.5,1.49768e-05,7.48839e-05,1
6830,6835,6832.5,1.49768e-05,7.48839e-05,1
6835,6840,6837.5,1.49768e-05,7.48839e-05,1
6840,6845,6842.5,4.49304e-05,0.000224652,3
6850,6855,6852.5,2.99536e-05,0.000149768,2
6870,6875,6872.5,1.49768e-05,7.48839e-05,1
6880,6885,6882.5,4.49304e-05,0.000224652,3
6885,6890,6887.5,2.99536e-05,0.000149768,2
6895,6900,6897.5,1.49768e-05,7.48839e-05,1
6910,6915,6912.5,1.49768e-05,7.48839e-05,1
6925,6930,6927.5,4.49304e-05,0.000224652,3
6940,6945,6942.5,1.49768e-05,7.48839e-05,1
6945,6950,6947.5,2.99536e-05,0.000149768,2
6960,6965,6962.5,2.99536e-05,0.000149768,2
6965,6970,6967.5,1.49768e-05,7.48839e-05,1
6970,6975,6972.5,1.49768e-05,7.48839e-05,1
6985,6990,6987.5,1.49768e-05,7.48839e-05,1
6990,6995,6992.5,1.49768e-05,7.48839e-05,1
7005,7010,7007.5,1.49768e-05,7.48839e-05,1
7020,7025,7022.5,1.49768e-05,7.48839e-05,1
7035,7040,7037.5,1.49768e-05,7.48839e-05,1
7040,7045,7042.5,1.49768e-05,7.48839e-05,1
7050,7055,7052.5,2.99536e-05,0.000149768,2
7060,7065,7062.5,2.99536e-05,0.000149768,2
7065,7070,7067.5,1.49768e-05,7.48839e-05,1
7075,7080,7077.5,1.49768e-05,7.48839e-05,1
7080,7085,7082.5,1.49768e-05,7.48839e-05,1
7085,7090,7087.5,1.49768e-05,7.48839e-05,1
7100,7105,7102.5,1.49768e-05,7.48839e-05,1
7115,7120,7117.5,1.49768e-05,7.48839e-05,1
7135,7140,7137.5,1.49768e-05,7.48839e-05,1
7140,7145,7142.5,1.49768e-05,7.48839e-05,1
7145,7150,7147.5,1.49768e-05,7.48839e-05,1
7165,7170,7167.5,2.99536e-05,0.000149768,2
7170,7175,7172.5,4.49304e-05,0.000224652,3
7175,7180,7177.5,1.49768e-05,7.48839e-05,1
7185,7190,7187.5,2.99536e-05,0.000149768,2
7190,7195,7192.5,1.49768e-05,7.48839e-05,1
7220,7225,7222.5,1.49768e-05,7.48839e-05,1
7230,7235,7232.5,1.49768e-05,7.48839e-05,1
7265,7270,7267.5,1.49768e-05,7.48839e-05,1
7275,7280,7277.5,1.49768e-05,7.48839e-05,1
7280,7285,7282.5,2.99536e-05,0.000149768,2
7300,7305,7302.5,1.49768e-05,7.48839e-05,1
7305,7310,7307.5,1.49768e-05,7.48839e-05,1
7310,7315,7312.5,1.49768e-05,7.48839e-05,1
7315,7320,7317.5,1.49768e-05,7.48839e-05,1
7325,7330,7327.5,2.99536e-05,0.000149768,2
7350,7355,7352.5,1.49768e-05,7.48839e-05,1
7355,7360,7357.5,1.49768e-05,7.48839e-05,1
7360,7365,7362.5,1.49768e-05,7.48839e-05,1
7370,7375,7372.5,1.49768e-05,7.48839e-05,1
7385,7390,7387.5,2.99536e-05,0.000149768,2
7400,7405,7402.5,1.49768e-05,7.48839e-05,1
7410,7415,7412.5,1.49768e-05,7.48839e-05,1
7415,7420,7417.5,1.49768e-05,7.48839e-05,1
7425,7430,7427.5,1.49768e-05,7.48839e-05,1
7430,7435,7432.5,1.49768e-05,7.48839e-05,1
7440,7445,7442.5,2.99536e-05,0.000149768,2
7455,7460,7457.5,2.99536e-05,0.000149768,2
7465,7470,7467.5,1.49768e-05,7.48839e-05,1
7470,7475,7472.5,2.99536e-05,0.000149768,2
7475,7480,7477.5,4.49304e-05,0.000224652,3
7480,7485,7482.5,2.99536e-05,0.000149768,2
7485,7490,7487.5,2.99536e-05,0.000149768,2
7490,7495,7492.5,1.49768e-05,7.48839e-05,1
7500,7505,7502.5,1.49768e-05,7.48839e-05,1
7505,7510,7507.5,1.49768e-05,7.48839e-05,1
7510,7515,7512.5,1.49768e-05,7.48839e-05,1
7520,7525,7522.5,1.49768e-05,7.48839e-05,1
7535,7540,7537.5,2.99536e-05,0.000149768,2
7540,7545,7542.5,2.99536e-05,0.000149768,2
7545,7550,7547.5,1.49768e-05,7.48839e-05,1
7550,7555,7552.5,1.49768e-05,7.48839e-05,1
7560,7565,7562.5,5.99071e-05,0.000299536,4
7565,7570,7567.5,2.99536e-05,0.000149768,2
7570,7575,7572.5,1.49768e-05,7.48839e-05,1
7580,7585,7582.5,2.99536e-05,0.000149768,2
7585,7590,7587.5,1.49768e-05,7.48839e-05,1
7620,7625,7622.5,4.49304e-05,0.000224652,3
7625,7630,7627.5,2.99536e-05,0.000149768,2
7630,7635,7632.5,1.49768e-05,7.48839e-05,1
7635,7640,7637.5,1.49768e-05,7.48839e-05,1
7640,7645,7642.5,1.49768e-05,7.48839e-05,1
7660,7665,7662.5,1.49768e-05,7.48839e-05,1
7665,7670,7667.5,1.49768e-05,7.48839e-05,1
7680,7685,7682.5,2.99536e-05,0.000149768,2
7685,7690,7687.5,1.49768e-05,7.48839e-05,1
7690,7695,7692.5,1.49768e-05,7.48839e-05,1
7700,7705,7702.5,1.49768e-05,7.48839e-05,1
7710,7715,7712.5,2.99536e-05,0.000149768,2
7715,7720,7717.5,2.99536e-05,0.000149768,2
7720,7725,7722.5,1.49768e-05,7.48839e-05,1
7725,7730,7727.5,1.49768e-05,7.48839e-05,1
7740,7745,7742.5,1.49768e-05,7.48839e-05,1
7760,7765,7762.5,1.49768e-05,7.48839e-05,1
7765,7770,7767.5,1.49768e-05,7.48839e-05,1
7770,7775,7772.5,1.49768e-05,7.48839e-05,1
7775,7780,7777.5,2.99536e-05,0.000149768,2
7805,7810,7807.5,1.49768e-05,7.48839e-05,1
7815,7820,7817.5,1.49768e-05,7.48839e-05,1
7825,7830,7827.5,1.49768e-05,7.48839e-05,1
7835,7840,7837.5,1.49768e-05,7.48839e-05,1
7845,7850,7847.5,1.49768e-05,7.48839e-05,1
7850,7855,7852.5,1.49768e-05,7.48839e-05,1
7875,7880,7877.5,2.99536e-05,0.000149768,2
7905,7910,7907.5,1.49768e-05,7.48839e-05,1
7910,7915,7912.5,2.99536e-05,0.000149768,2
7930,7935,7932.5,2.99536e-05,0.000149768,2
7940,7945,7942.5,1.49768e-05,7.48839e-05,1
7945,7950,7947.5,1.49768e-05,7.48839e-05,1
7950,7955,7952.5,2.99536e-05,0.000149768,2
7975,7980,7977.5,1.49768e-05,7.48839e-05,1
7990,7995,7992.5,1.49768e-05,7.48839e-05,1
7995,8000,7997.5,2.99536e-05,0.000149768,2
8000,8005,8002.5,1.49768e-05,7.48839e-05,1
8005,8010,8007.5,1.49768e-05,7.48839e-05,1
8020,8025,8022.5,1.49768e-05,7.48839e-05,1
8050,8055,8052.5,1.49768e-05,7.48839e-05,1
8060,8065,8062.5,1.49768e-05,7.48839e-05,1
8100,8105,8102.5,1.49768e-05,7.48839e-05,1
8115,8120,8117.5,1.49768e-05,7.48839e-05,1
8120,8125,8122.5,1.49768e-05,7.48839e-05,1
8145,8150,8147.5,1.49768e-05,7.48839e-05,1
8155,8160,8157.5,1.49768e-05,7.48839e-05,1
8170,8175,8172.5,2.99536e-05,0.000149768,2
8180,8185,8182.5,1.49768e-05,7.48839e-05,1
8185,8190,8187.5,1.49768e-05,7.48839e-05,1
8190,8195,8192.5,1.49768e-05,7.48839e-05,1
8200,8205,8202.5,1.49768e-05,7.48839e-05,1
8205,8210,8207.5,2.99536e-05,0.000149768,2
8210,8215,8212.5,1.49768e-05,7.48839e-05,1
8215,8220,8217.5,2.99536e-05,0.000149768,2
8220,8225,8222.5,1.49768e-05,7.48839e-05,1
8230,8235,8232.5,4.49304e-05,0.000224652,3
8235,8240,8237.5,2.99536e-05,0.000149768,2
8240,8245,8242.5,2.99536e-05,0.000149768,2
8255,8260,8257.5,4.49304e-05,0.000224652,3
8260,8265,8262.5,1.49768e-05,7.48839e-05,1
8270,8275,8272.5,1.49768e-05,7.48839e-05,1
8285,8290,8287.5,1.49768e-05,7.48839e-05,1
8300,8305,8302.5,2.99536e-05,0.000149768,2
8320,8325,8322.5,1.49768e-05,7.48839e-05,1
8325,8330,8327.5,2.99536e-05,0.000149768,2
8345,8350,8347.5,1.49768e-05,7.48839e-05,1
8355,8360,8357.5,1.49768e-05,7.48839e-05,1
8360,8365,8362.5,1.49768e-05,7.48839e-05,1
8370,8375,8372.5,1.49768e-05,7.48839e-05,1
8405,8410,8407.5,1.49768e-05,7.48839e-05,1
8410,8415,8412.5,1.49768e-05,7.48839e-05,1
8415,8420,8417.5,1.49768e-05,7.48839e-05,1
8430,8435,8432.5,1.49768e-05,7.48839e-05,1
8445,8450,8447.5,1.49768e-05,7.48839e-05,1
8450,8455,8452.5,1.49768e-05,7.48839e-05,1
8455,8460,8457.5,1.49768e-05,7.48839e-05,1
8475,8480,8477.5,1.49768e-05,7.48839e-05,1
8480,8485,8482.5,2.99536e-05,0.000149768,2
8490,8495,8492.5,1.49768e-05,7.48839e-05,1
8505,8510,8507.5,1.49768e-05,7.48839e-05,1
8510,8515,8512.5,2.99536e-05,0.000149768,2
8520,8525,8522.5,1.49768e-05,7.48839e-05,1
8540,8545,8542.5,2.99536e-05,0.000149768,2
8550,8555,8552.5,1.49768e-05,7.48839e-05,1
8560,8565,8562.5,1.49768e-05,7.48839e-05,1
8575,8580,8577.5,1.49768e-05,7.48839e-05,1
8595,8600,8597.5,1.49768e-05,7.48839e-05,1
8600,8605,8602.5,2.99536e-05,0.000149768,2
8610,8615,8612.5,1.49768e-05,7.48839e-05,1
8630,8635,8632.5,2.99536e-05,0.000149768,2
8635,8640,8637.5,1.49768e-05,7.48839e-05,1
8680,8685,8682.5,2.99536e-05,0.000149768,2
8685,8690,8687.5,2.99536e-05,0.000149768,2
8705,8710,8707.5,1.49768e-05,7.48839e-05,1
8710,8715,8712.5,2.99536e-05,0.000149768,2
8715,8720,8717.5,1.49768e-05,7.48839e-05,1
8740,8745,8742.5,4.49304e-05,0.000224652,3
8745,8750,8747.5,1.49768e-05,7.48839e-05,1
8750,8755,8752.5,1.49768e-05,7.48839e-05,1
8760,8765,8762.5,1.49768e-05,7.48839e-05,1
8770,8775,8772.5,1.49768e-05,7.48839e-05,1
8775,8780,8777.5,2.99536e-05,0.000149768,2
8785,8790,8787.5,1.49768e-05,7.48839e-05,1
8815,8820,8817.5,2.99536e-05,0.000149768,2
8835,8840,8837.5,1.49768e-05,7.48839e-05,1
8840,8845,8842.5,1.49768e-05,7.48839e-05,1
8850,8855,8852.5,1.49768e-05,7.48839e-05,1
8855,8860,8857.5,1.49768e-05,7.48839e-05,1
8860,8865,8862.5,1.49768e-05,7.48839e-05,1
8865,8870,8867.5,1.49768e-05,7.48839e-05,1
8875,8880,8877.5,2.99536e-05,0.000149768,2
8885,8890,8887.5,1.49768e-05,7.48839e-05,1
8890,8895,8892.5,1.49768e-05,7.48839e-05,1
8900,8905,8902.5,1.49768e-05,7.48839e-05,1
8910,8915,8912.5,1.49768e-05,7.48839e-05,1
8915,8920,8917.5,2.99536e-05,0.000149768,2
8925,8930,8927.5,2.99536e-05,0.000149768,2
8930,8935,8932.5,2.99536e-05,0.000149768,2
8935,8940,8937.5,1.49768e-05,7.48839e-05,1
8940,8945,8942.5,1.49768e-05,7.48839e-05,1
8970,8975,8972.5,2.99536e-05,0.000149768,2
8990,8995,8992.5,1.49768e-05,7.48839e-05,1
9000,9005,9002.5,1.49768e-05,7.48839e-05,1
9010,9015,9012.5,1.49768e-05,7.48839e-05,1
9015,9020,9017.5,2.99536e-05,0.000149768,2
9020,9025,9022.5,1.49768e-05,7.48839e-05,1
9030,9035,9032.5,1.49768e-05,7.48839e-05,1
9040,9045,9042.5,1.49768e-05,7.48839e-05,1
9050,9055,9052.5,2.99536e-05,0.000149768,2
9070,9075,9072.5,1.49768e-05,7.48839e-05,1
9080,9085,9082.5,1.49768e-05,7.48839e-05,1
9090,9095,9092.5,1.49768e-05,7.48839e-05,1
9110,9115,9112.5,1.49768e-05,7.48839e-05,1
9140,9145,9142.5,1.49768e-05,7.48839e-05,1
9160,9165,9162.5,2.99536e-05,0.000149768,2
9175,9180,9177.5,1.49768e-05,7.48839e-05,1
9185,9190,9187.5,1.49768e-05,7.48839e-05,1
9190,9195,9192.5,1.49768e-05,7.48839e-05,1
9200,9205,9202.5,2.99536e-05,0.000149768,2
9215,9220,9217.5,1.49768e-05,7.48839e-05,1
9225,9230,9227.5,1.49768e-05,7.48839e-05,1
9245,9250,9247.5,1.49768e-05,7.48839e-05,1
9250,9255,9252.5,1.49768e-05,7.48839e-05,1
9275,9280,9277.5,1.49768e-05,7.48839e-05,1
9280,9285,9282.5,4.49304e-05,0.000224652,3
9285,9290,9287.5,1.49768e-05,7.48839e-05,1
9300,9305,9302.5,1.49768e-05,7.48839e-05,1
9305,9310,9307.5,1.49768e-05,7.48839e-05,1
9310,9315,9312.5,1.49768e-05,7.48839e-05,1
9315,9320,9317.5,1.49768e-05,7.48839e-05,1
9320,9325,9322.5,1.49768e-05,7.48839e-05,1
9325,9330,9327.5,2.99536e-05,0.000149768,2
9330,9335,9332.5,1.49768e-05,7.48839e-05,1
9335,9340,9337.5,1.49768e-05,7.48839e-05,1
9355,9360,9357.5,1.49768e-05,7.48839e-05,1
9390,9395,9392.5,1.49768e-05,7.48839e-05,1
9440,9445,9442.5,1.49768e-05,7.48839e-05,1
9445,9450,9447.5,1.49768e-05,7.48839e-05,1
9495,9500,9497.5,1.49768e-05,7.48839e-05,1
9510,9515,9512.5,1.49768e-05,7.48839e-05,1
9515,9520,9517.5,2.99536e-05,0.000149768,2
9525,9530,9527.5,1.49768e-05,7.48839e-05,1
9550,9555,9552.5,2.99536e-05,0.000149768,2
9560,9565,9562.5,2.99536e-05,0.000149768,2
9565,9570,9567.5,1.49768e-05,7.48839e-05,1
9570,9575,9572.5,1.49768e-05,7.48839e-05,1
9585,9590,9587.5,2.99536e-05,0.000149768,2
9605,9610,9607.5,1.49768e-05,7.48839e-05,1
9610,9615,9612.5,4.49304e-05,0.000224652,3
9615,9620,9617.5,1.49768e-05,7.48839e-05,1
9625,9630,9627.5,1.49768e-05,7.48839e-05,1
9635,9640,9637.5,1.49768e-05,7.48839e-05,1
9660,9665,9662.5,1.49768e-05,7.48839e-05,1
9685,9690,9687.5,1.49768e-05,7.48839e-05,1
9690,9695,9692.5,1.49768e-05,7.48839e-05,1
9695,9700,9697.5,2.99536e-05,0.000149768,2
9705,9710,9707.5,1.49768e-05,7.48839e-05,1
9710,9715,9712.5,1.49768e-05,7.48839e-05,1
9720,9725,9722.5,1.49768e-05,7.48839e-05,1
9735,9740,9737.5,1.49768e-05,7.48839e-05,1
9755,9760,9757.5,1.49768e-05,7.48839e-05,1
9770,9775,9772.5,1.49768e-05,7.48839e-05,1
9790,9795,9792.5,1.49768e-05,7.48839e-05,1
9795,9800,9797.5,1.49768e-05,7.48839e-05,1
9805,9810,9807.5,1.49768e-05,7.48839e-05,1
9825,9830,9827.5,1.49768e-05,7.48839e-05,1
9830,9835,9832.5,1.49768e-05,7.48839e-05,1
9845,9850,9847.5,2.99536e-05,0.000149768,2
9850,9855,9852.5,1.49768e-05,7.48839e-05,1
9885,9890,9887.5,1.49768e-05,7.48839e-05,1
9895,9900,9897.5,4.49304e-05,0.000224652,3
9900,9905,9902.5,1.49768e-05,7.48839e-05,1
9910,9915,9912.5,2.99536e-05,0.000149768,2
9915,9920,9917.5,1.49768e-05,7.48839e-05,1
9930,9935,9932.5,1.49768e-05,7.48839e-05,1
9935,9940,9937.5,1.49768e-05,7.48839e-05,1
9940,9945,9942.5,1.49768e-05,7.48839e-05,1
9950,9955,9952.5,2.99536e-05,0.000149768,2
9975,9980,9977.5,1.49768e-05,7.48839e-05,1
9985,9990,9987.5,1.49768e-05,7.48839e-05,1
9990,9995,9992.5,1.49768e-05,7.48839e-05,1
10005,10010,10007.5,1.49768e-05,7.48839e-05,1
10015,10020,10017.5,2.99536e-05,0.000149768,2
10020,10025,10022.5,2.99536e-05,0.000149768,2
10025,10030,10027.5,1.49768e-05,7.48839e-05,1
10050,10055,10052.5,1.49768e-05,7.48839e-05,1
10065,10070,10067.5,1.49768e-05,7.48839e-05,1
10070,10075,10072.5,1.49768e-05,7.48839e-05,1
10075,10080,10077.5,1.49768e-05,7.48839e-05,1
10105,10110,10107.5,1.49768e-05,7.48839e-05,1
10140,10145,10142.5,1.49768e-05,7.48839e-05,1
10155,10160,10157.5,1.49768e-05,7.48839e-05,1
10165,10170,10167.5,1.49768e-05,7.48839e-05,1
10180,10185,10182.5,1.49768e-05,7.48839e-05,1
10215,10220,10217.5,1.49768e-05,7.48839e-05,1
10220,10225,10222.5,1.49768e-05,7.48839e-05,1
10225,10230,10227.5,1.49768e-05,7.48839e-05,1
10230,10235,10232.5,2.99536e-05,0.000149768,2
10240,10245,10242.5,1.49768e-05,7.48839e-05,1
10255,10260,10257.5,2.99536e-05,0.000149768,2
10260,10265,10262.5,1.49768e-05,7.48839e-05,1
10270,10275,10272.5,2.99536e-05,0.000149768,2
10275,10280,10277.5,1.49768e-05,7.48839e-05,1
10330,10335,10332.5,1.49768e-05,7.48839e-05,1
10380,10385,10382.5,2.99536e-05,0.000149768,2
10410,10415,10412.5,1.49768e-05,7.48839e-05,1
10415,10420,10417.5,1.49768e-05,7.48839e-05,1
10420,10425,10422.5,1.49768e-05,7.48839e-05,1
10425,10430,10427.5,4.49304e-05,0.000224652,3
10430,10435,10432.5,1.49768e-05,7.48839e-05,1
10435,10440,10437.5,1.49768e-05,7.48839e-05,1
10450,10455,10452.5,2.99536e-05,0.000149768,2
10455,10460,10457.5,1.49768e-05,7.48839e-05,1
10470,10475,10472.5,1.49768e-05,7.48839e-05,1
10485,10490,10487.5,1.49768e-05,7.48839e-05,1
10490,10495,10492.5,1.49768e-05,7.48839e-05,1
10495,10500,10497.5,1.49768e-05,7.48839e-05,1
10545,10550,10547.5,1.49768e-05,7.48839e-05,1
10550,10555,10552.5,2.99536e-05,0.000149768,2
10580,10585,10582.5,1.49768e-05,7.48839e-05,1
10610,10615,10612.5,2.99536e-05,0.000149768,2
10615,10620,10617.5,1.49768e-05,7.48839e-05,1
10685,10690,10687.5,1.49768e-05,7.48839e-05,1
10705,10710,10707.5,2.99536e-05,0.000149768,2
10715,10720,10717.5,2.99536e-05,0.000149768,2
10740,10745,10742.5,1.49768e-05,7.48839e-05,1
10745,10750,10747.5,1.49768e-05,7.48839e-05,1
10755,10760,10757.5,2.99536e-05,0.000149768,2
10765,10770,10767.5,1.49768e-05,7.48839e-05,1
10795,10800,10797.5,1.49768e-05,7.48839e-05,1
10800,10805,10802.5,1.49768e-05,7.48839e-05,1
10805,10810,10807.5,1.49768e-05,7.48839e-05,1
10810,10815,10812.5,1.49768e-05,7.48839e-05,1
10825,10830,10827.5,1.49768e-05,7.48839e-05,1
10830,10835,10832.5,1.49768e-05,7.48839e-05,1
10855,10860,10857.5,1.49768e-05,7.48839e-05,1
10870,10875,10872.5,2.99536e-05,0.000149768,2
10875,10880,10877.5,1.49768e-05,7.48839e-05,1
10895,10900,10897.5,1.49768e-05,7.48839e-05,1
10900,10905,10902.5,1.49768e-05,7.48839e-05,1
10905,10910,10907.5,1.49768e-05,7.48839e-05,1
10915,10920,10917.5,1.49768e-05,7.48839e-05,1
10935,10940,10937.5,2.99536e-05,0.000149768,2
10965,10970,10967.5,1.49768e-05,7.48839e-05,1
10970,10975,10972.5,1.49768e-05,7.48839e-05,1
10980,10985,10982.5,2.99536e-05,0.000149768,2
10990,10995,10992.5,1.49768e-05,7.48839e-05,1
11015,11020,11017.5,1.49768e-05,7.48839e-05,1
11035,11040,11037.5,2.99536e-05,0.000149768,2
11050,11055,11052.5,1.49768e-05,7.48839e-05,1
11080,11085,11082.5,1.49768e-05,7.48839e-05,1
11090,11095,11092.5,1.49768e-05,7.48839e-05,1
11100,11105,11102.5,1.49768e-05,7.48839e-05,1
11110,11115,11112.5,1.49768e-05,7.48839e-05,1
11125,11130,11127.5,1.49768e-05,7.48839e-05,1
11130,11135,11132.5,1.49768e-05,7.48839e-05,1
11165,11170,11167.5,1.49768e-05,7.48839e-05,1
11185,11190,11187.5,1.49768e-05,7.48839e-05,1
11225,11230,11227.5,1.49768e-05,7.48839e-05,1
11240,11245,11242.5,1.49768e-05,7.48839e-05,1
11270,11275,11272.5,1.49768e-05,7.48839e-05,1
11300,11305,11302.5,1.49768e-05,7.48839e-05,1
11310,11315,11312.5,2.99536e-05,0.000149768,2
11325,11330,11327.5,2.99536e-05,0.000149768,2
11340,11345,11342.5,1.49768e-05,7.48839e-05,1
11350,11355,11352.5,1.49768e-05,7.48839e-05,1
11395,11400,11397.5,1.49768e-05,7.48839e-05,1
11400,11405,11402.5,1.49768e-05,7.48839e-05,1
11410,11415,11412.5,1.49768e-05,7.48839e-05,1
11415,11420,11417.5,2.99536e-05,0.000149768,2
11425,11430,11427.5,1.49768e-05,7.48839e-05,1
11430,11435,11432.5,1.49768e-05,7.48839e-05,1
11440,11445,11442.5,1.49768e-05,7.48839e-05,1
11455,11460,11457.5,1.49768e-05,7.48839e-05,1
11465,11470,11467.5,1.49768e-05,7.48839e-05,1
11475,11480,11477.5,1.49768e-05,7.48839e-05,1
11515,11520,11517.5,2.99536e-05,0.000149768,2
11520,11525,11522.5,1.49768e-05,7.48839e-05,1
11535,11540,11537.5,1.49768e-05,7.48839e-05,1
11565,11570,11567.5,1.49768e-05,7.48839e-05,1
11595,11600,11597.5,1.49768e-05,7.48839e-05,1
11600,11605,11602.5,1.49768e-05,7.48839e-05,1
11615,11620,11617.5,2.99536e-05,0.000149768,2
11640,11645,11642.5,1.49768e-05,7.48839e-05,1
11655,11660,11657.5,1.49768e-05,7.48839e-05,1
11670,11675,11672.5,4.49304e-05,0.000224652,3
11680,11685,11682.5,1.49768e-05,7.48839e-05,1
11690,11695,11692.5,1.49768e-05,7.48839e-05,1
11715,11720,11717.5,1.49768e-05,7.48839e-05,1
11735,11740,11737.5,1.49768e-05,7.48839e-05,1
11790,11795,11792.5,1.49768e-05,7.48839e-05,1
11805,11810,11807.5,1.49768e-05,7.48839e-05,1
11810,11815,11812.5,1.49768e-05,7.48839e-05,1
11835,11840,11837.5,2.99536e-05,0.000149768,2
11850,11855,11852.5,1.49768e-05,7.48839e-05,1
11875,11880,11877.5,1.49768e-05,7.48839e-05,1
11890,11895,11892.5,1.49768e-05,7.48839e-05,1
11900,11905,11902.5,1.49768e-05,7.48839e-05,1
11920,11925,11922.5,1.49768e-05,7.48839e-05,1
11930,11935,11932.5,1.49768e-05,7.48839e-05,1
11945,11950,11947.5,1.49768e-05,7.48839e-05,1
11950,11955,11952.5,2.99536e-05,0.000149768,2
11990,11995,11992.5,1.49768e-05,7.48839e-05,1
12010,12015,12012.5,1.49768e-05,7.48839e-05,1
12030,12035,12032.5,1.49768e-05,7.48839e-05,1
12070,12075,12072.5,1.49768e-05,7.48839e-05,1
12085,12090,12087.5,1.49768e-05,7.48839e-05,1
12095,12100,12097.5,1.49768e-05,7.48839e-05,1
12100,12105,12102.5,1.49768e-05,7.48839e-05,1
12120,12125,12122.5,1.49768e-05,7.48839e-05,1
12140,12145,12142.5,1.49768e-05,7.48839e-05,1
12160,12165,12162.5,1.49768e-05,7.48839e-05,1
12170,12175,12172.5,1.49768e-05,7.48839e-05,1
12200,12205,12202.5,1.49768e-05,7.48839e-05,1
12210,12215,12212.5,1.49768e-05,7.48839e-05,1
12225,12230,12227.5,1.49768e-05,7.48839e-05,1
12250,12255,12252.5,1.49768e-05,7.48839e-05,1
12275,12280,12277.5,2.99536e-05,0.000149768,2
12280,12285,12282.5,1.49768e-05,7.48839e-05,1
12320,12325,12322.5,2.99536e-05,0.000149768,2
12360,12365,12362.5,1.49768e-05,7.48839e-05,1
12365,12370,12367.5,1.49768e-05,7.48839e-05,1
12380,12385,12382.5,1.49768e-05,7.48839e-05,1
12390,12395,12392.5,2.99536e-05,0.000149768,2
12405,12410,12407.5,1.49768e-05,7.48839e-05,1
12410,12415,12412.5,1.49768e-05,7.48839e-05,1
12420,12425,12422.5,2.99536e-05,0.000149768,2
12475,12480,12477.5,1.49768e-05,7.48839e-05,1
12480,12485,12482.5,2.99536e-05,0.000149768,2
12490,12495,12492.5,1.49768e-05,7.48839e-05,1
12495,12500,12497.5,2.99536e-05,0.000149768,2
12505,12510,12507.5,1.49768e-05,7.48839e-05,1
12525,12530,12527.5,1.49768e-05,7.48839e-05,1
12570,12575,12572.5,1.49768e-05,7.48839e-05,1
12575,12580,12577.5,1.49768e-05,7.48839e-05,1
12585,12590,12587.5,1.49768e-05,7.48839e-05,1
12595,12600,12597.5,2.99536e-05,0.000149768,2
12625,12630,12627.5,2.99536e-05,0.000149768,2
12670,12675,12672.5,1.49768e-05,7.48839e-05,1
12730,12735,12732.5,1.49768e-05,7.48839e-05,1
12780,12785,12782.5,1.49768e-05,7.48839e-05,1
12785,12790,12787.5,1.49768e-05,7.48839e-05,1
12815,12820,12817.5,1.49768e-05,7.48839e-05,1
12825,12830,12827.5,1.49768e-05,7.48839e-05,1
12850,12855,12852.5,1.49768e-05,7.48839e-05,1
12875,12880,12877.5,1.49768e-05,7.48839e-05,1
12890,12895,12892.5,1.49768e-05,7.48839e-05,1
12895,12900,12897.5,2.99536e-05,0.000149768,2
12900,12905,12902.5,1.49768e-05,7.48839e-05,1
12960,12965,12962.5,1.49768e-05,7.48839e-05,1
12970,12975,12972.5,1.49768e-05,7.48839e-05,1
13000,13005,13002.5,1.49768e-05,7.48839e-05,1
13005,13010,13007.5,1.49768e-05,7.48839e-05,1
13050,13055,13052.5,2.99536e-05,0.000149768,2
13070,13075,13072.5,1.49768e-05,7.48839e-05,1
13075,13080,13077.5,1.49768e-05,7.48839e-05,1
13090,13095,13092.5,1.49768e-05,7.48839e-05,1
13120,13125,13122.5,1.49768e-05,7.48839e-05,1
13165,13170,13167.5,1.49768e-05,7.48839e-05,1
13205,13210,13207.5,1.49768e-05,7.48839e-05,1
13235,13240,13237.5,1.49768e-05,7.48839e-05,1
13250,13255,13252.5,1.49768e-05,7.48839e-05,1
13255,13260,13257.5,4.49304e-05,0.000224652,3
13275,13280,13277.5,1.49768e-05,7.48839e-05,1
13285,13290,13287.5,5.99071e-05,0.000299536,4
13305,13310,13307.5,1.49768e-05,7.48839e-05,1
13335,13340,13337.5,1.49768e-05,7.48839e-05,1
13355,13360,13357.5,1.49768e-05,7.48839e-05,1
13375,13380,13377.5,1.49768e-05,7.48839e-05,1
13460,13465,13462.5,1.49768e-05,7.48839e-05,1
13480,13485,13482.5,2.99536e-05,0.000149768,2
13485,13490,13487.5,1.49768e-05,7.48839e-05,1
13505,13510,13507.5,1.49768e-05,7.48839e-05,1
13515,13520,13517.5,1.49768e-05,7.48839e-05,1
13535,13540,13537.5,1.49768e-05,7.48839e-05,1
13580,13585,13582.5,1.49768e-05,7.48839e-05,1
13600,13605,13602.5,1.49768e-05,7.48839e-05,1
13610,13615,13612.5,2.99536e-05,0.000149768,2
13675,13680,13677.5,2.99536e-05,0.000149768,2
13690,13695,13692.5,2.99536e-05,0.000149768,2
13695,13700,13697.5,1.49768e-05,7.48839e-05,1
13730,13735,13732.5,1.49768e-05,7.48839e-05,1
13745,13750,13747.5,1.49768e-05,7.48839e-05,1
13760,13765,13762.5,2.99536e-05,0.000149768,2
13785,13790,13787.5,1.49768e-05,7.48839e-05,1
13790,13795,13792.5,1.49768e-05,7.48839e-05,1
13810,13815,13812.5,1.49768e-05,7.48839e-05,1
13855,13860,13857.5,1.49768e-05,7.48839e-05,1
13920,13925,13922.5,1.49768e-05,7.48839e-05,1
13925,13930,13927.5,2.99536e-05,0.000149768,2
13965,13970,13967.5,1.49768e-05,7.48839e-05,1
13975,13980,13977.5,1.49768e-05,7.48839e-05,1
13985,13990,13987.5,1.49768e-05,7.48839e-05,1
14045,14050,14047.5,2.99536e-05,0.000149768,2
14070,14075,14072.5,1.49768e-05,7.48839e-05,1
14075,14080,14077.5,1.49768e-05,7.48839e-05,1
14080,14085,14082.5,1.49768e-05,7.48839e-05,1
14090,14095,14092.5,1.49768e-05,7.48839e-05,1
14120,14125,14122.5,1.49768e-05,7.48839e-05,1
14140,14145,14142.5,1.49768e-05,7.48839e-05,1
14160,14165,14162.5,1.49768e-05,7.48839e-05,1
14210,14215,14212.5,1.49768e-05,7.48839e-05,1
14225,14230,14227.5,1.49768e-05,7.48839e-05,1
14275,14280,14277.5,1.49768e-05,7.48839e-05,1
14285,14290,14287.5,1.49768e-05,7.48839e-05,1
14300,14305,14302.5,1.49768e-05,7.48839e-05,1
14315,14320,14317.5,1.49768e-05,7.48839e-05,1
14350,14355,14352.5,2.99536e-05,0.000149768,2
14365,14370,14367.5,1.49768e-05,7.48839e-05,1
14385,14390,14387.5,1.49768e-05,7.48839e-05,1
14425,14430,14427.5,1.49768e-05,7.48839e-05,1
14435,14440,14437.5,1.49768e-05,7.48839e-05,1
14475,14480,14477.5,1.49768e-05,7.48839e-05,1
14510,14515,14512.5,1.49768e-05,7.48839e-05,1
14540,14545,14542.5,1.49768e-05,7.48839e-05,1
14580,14585,14582.5,1.49768e-05,7.48839e-05,1
14600,14605,14602.5,1.49768e-05,7.48839e-05,1
14635,14640,14637.5,1.49768e-05,7.48839e-05,1
14655,14660,14657.5,1.49768e-05,7.48839e-05,1
14660,14665,14662.5,1.49768e-05,7.48839e-05,1
14665,14670,14667.5,1.49768e-05,7.48839e-05,1
14690,14695,14692.5,1.49768e-05,7.48839e-05,1
14710,14715,14712.5,1.49768e-05,7.48839e-05,1
14720,14725,14722.5,1.49768e-05,7.48839e-05,1
14765,14770,14767.5,1.49768e-05,7.48839e-05,1
14785,14790,14787.5,1.49768e-05,7.48839e-05,1
14790,14795,14792.5,1.49768e-05,7.48839e-05,1
14800,14805,14802.5,1.49768e-05,7.48839e-05,1
14835,14840,14837.5,1.49768e-05,7.48839e-05,1
14880,14885,14882.5,1.49768e-05,7.48839e-05,1
14885,14890,14887.5,1.49768e-05,7.48839e-05,1
14925,14930,14927.5,1.49768e-05,7.48839e-05,1
14935,14940,14937.5,1.49768e-05,7.48839e-05,1
14975,14980,14977.5,1.49768e-05,7.48839e-05,1
15035,15040,15037.5,1.49768e-05,7.48839e-05,1
15040,15045,15042.5,1.49768e-05,7.48839e-05,1
15105,15110,15107.5,1.49768e-05,7.48839e-05,1
15145,15150,15147.5,1.49768e-05,7.48839e-05,1
15160,15165,15162.5,1.49768e-05,7.48839e-05,1
15185,15190,15187.5,1.49768e-05,7.48839e-05,1
15205,15210,15207.5,1.49768e-05,7.48839e-05,1
15215,15220,15217.5,1.49768e-05,7.48839e-05,1
15230,15235,15232.5,1.49768e-05,7.48839e-05,1
15245,15250,15247.5,1.49768e-05,7.48839e-05,1
15265,15270,15267.5,1.49768e-05,7.48839e-05,1
15330,15335,15332.5,1.49768e-05,7.48839e-05,1
15375,15380,15377.5,1.49768e-05,7.48839e-05,1
15410,15415,15412.5,1.49768e-05,7.48839e-05,1
15480,15485,15482.5,1.49768e-05,7.48839e-05,1
15540,15545,15542.5,1.49768e-05,7.48839e-05,1
15570,15575,15572.5,1.49768e-05,7.48839e-05,1
15625,15630,15627.5,1.49768e-05,7.48839e-05,1
15690,15695,15692.5,1.49768e-05,7.48839e-05,1
15710,15715,15712.5,1.49768e-05,7.48839e-05,1
15720,15725,15722.5,1.49768e-05,7.48839e-05,1
15750,15755,15752.5,1.49768e-05,7.48839e-05,1
15810,15815,15812.5,1.49768e-05,7.48839e-05,1
15820,15825,15822.5,1.49768e-05,7.48839e-05,1
15865,15870,15867.5,1.49768e-05,7.48839e-05,1
15875,15880,15877.5,1.49768e-05,7.48839e-05,1
15940,15945,15942.5,1.49768e-05,7.48839e-05,1
16085,16090,16087.5,1.49768e-05,7.48839e-05,1
16170,16175,16172.5,1.49768e-05,7.48839e-05,1
16355,16360,16357.5,1.49768e-05,7.48839e-05,1
16385,16390,16387.5,1.49768e-05,7.48839e-05,1
16500,16505,16502.5,1.49768e-05,7.48839e-05,1
16585,16590,16587.5,1.49768e-05,7.48839e-05,1
16595,16600,16597.5,1.49768e-05,7.48839e-05,1
16630,16635,16632.5,1.49768e-05,7.48839e-05,1
16670,16675,16672.5,1.49768e-05,7.48839e-05,1
16680,16685,16682.5,1.49768e-05,7.48839e-05,1
16695,16700,16697.5,1.49768e-05,7.48839e-05,1
16720,16725,16722.5,1.49768e-05,7.48839e-05,1
16810,16815,16812.5,1.49768e-05,7.48839e-05,1
16840,16845,16842.5,1.49768e-05,7.48839e-05,1
16880,16885,16882.5,1.49768e-05,7.48839e-05,1
17050,17055,17052.5,1.49768e-05,7.48839e-05,1
17070,17075,17072.5,1.49768e-05,7.48839e-05,1
17095,17100,17097.5,1.49768e-05,7.48839e-05,1
17100,17105,17102.5,1.49768e-05,7.48839e-05,1
17425,17430,17427.5,1.49768e-05,7.48839e-05,1
17500,17505,17502.5,1.49768e-05,7.48839e-05,1
17550,17555,17552.5,1.49768e-05,7.48839e-05,1
17585,17590,17587.5,1.49768e-05,7.48839e-05,1
17685,17690,17687.5,1.49768e-05,7.48839e-05,1
17690,17695,17692.5,1.49768e-05,7.48839e-05,1
17780,17785,17782.5,1.49768e-05,7.48839e-05,1
18120,18125,18122.5,1.49768e-05,7.48839e-05,1
18350,18355,18352.5,1.49768e-05,7.48839e-05,1
18710,18715,18712.5,1.49768e-05,7.48839e-05,1
18855,18860,18857.5,1.49768e-05,7.48839e-05,1
19055,19060,19057.5,1.49768e-05,7.48839e-05,1
19100,19105,19102.5,1.49768e-05,7.48839e-05,1
19300,19305,19302.5,1.49768e-05,7.48839e-05,1
19720,19725,19722.5,1.49768e-05,7.48839e-05,1
20210,20215,20212.5,1.49768e-05,7.48839e-05,1
20555,20560,20557.5,1.49768e-05,7.48839e-05,1
20620,20625,20622.5,1.49768e-05,7.48839e-05,1
21250,21255,21252.5,1.49768e-05,7.48839e-05,1
22805,22810,22807.5,1.49768e-05,7.48839e-05,1
22885,22890,22887.5,1.49768e-05,7.48839e-05,1
22935,22940,22937.5,1.49768e-05,7.48839e-05,1
VO Delay PDF CSV saved: scratch/delay_pdf/pedca_vo_delay_pdf.csv

P-EDCA STA Delay PDF CSV saved: /home/nathanlo/ns-3.45/scratch/delay_pdf/11be/adaptive_compare_burst/default_k30_s1.csv
--- EXTENDED_STATS_BEGIN ---
PEDCA_STA_SUCC_COUNT: 13354
PEDCA_STA_FAIL_COUNT: 973
PEDCA_STA_ZERO_RETX: 13342
LEGACY_STA_SUCC_COUNT: 0
LEGACY_STA_FAIL_COUNT: 0
LEGACY_STA_ZERO_RETX: 0
PEDCA_STA_AVG_MAC_DELAY: 2306.71
PEDCA_STA_AVG_QUEUE_DELAY: 2017.44
PEDCA_STA_AVG_ACCESS_DELAY: 289.264
--- EXTENDED_STATS_END ---
