[INFO] std::clog redirected to: /dev/null

--- Per-STA P-EDCA Detail ---
  STA0: DS-CTS=313 S2Entry=313 S2Tx=210 PedcaOK=193 EdcaOK=415 FailCTS=17 FailColl=0 FailExp=0 Defer=0
  STA1: DS-CTS=160 S2Entry=160 S2Tx=135 PedcaOK=131 EdcaOK=579 FailCTS=4 FailColl=0 FailExp=0 Defer=0
  STA2: DS-CTS=172 S2Entry=172 S2Tx=139 PedcaOK=134 EdcaOK=145 FailCTS=5 FailColl=0 FailExp=0 Defer=0
  STA3: DS-CTS=283 S2Entry=283 S2Tx=235 PedcaOK=231 EdcaOK=447 FailCTS=4 FailColl=0 FailExp=0 Defer=0
  STA4: DS-CTS=105 S2Entry=105 S2Tx=92 PedcaOK=91 EdcaOK=667 FailCTS=1 FailColl=0 FailExp=0 Defer=0
  STA5: DS-CTS=231 S2Entry=231 S2Tx=173 PedcaOK=161 EdcaOK=316 FailCTS=12 FailColl=0 FailExp=0 Defer=0
  STA6: DS-CTS=145 S2Entry=145 S2Tx=124 PedcaOK=121 EdcaOK=641 FailCTS=3 FailColl=0 FailExp=0 Defer=0
  STA7: DS-CTS=4 S2Entry=4 S2Tx=4 PedcaOK=3 EdcaOK=1 FailCTS=1 FailColl=0 FailExp=0 Defer=0
  STA8: DS-CTS=313 S2Entry=313 S2Tx=238 PedcaOK=222 EdcaOK=398 FailCTS=16 FailColl=0 FailExp=0 Defer=0
  STA9: DS-CTS=221 S2Entry=221 S2Tx=156 PedcaOK=145 EdcaOK=222 FailCTS=11 FailColl=0 FailExp=0 Defer=0
  STA10: DS-CTS=170 S2Entry=170 S2Tx=146 PedcaOK=143 EdcaOK=510 FailCTS=3 FailColl=0 FailExp=0 Defer=1
  STA11: DS-CTS=287 S2Entry=287 S2Tx=195 PedcaOK=182 EdcaOK=314 FailCTS=13 FailColl=0 FailExp=0 Defer=0
  STA12: DS-CTS=210 S2Entry=210 S2Tx=185 PedcaOK=185 EdcaOK=397 FailCTS=0 FailColl=0 FailExp=0 Defer=0
  STA13: DS-CTS=230 S2Entry=230 S2Tx=194 PedcaOK=188 EdcaOK=505 FailCTS=6 FailColl=0 FailExp=0 Defer=0
  STA14: DS-CTS=2 S2Entry=2 S2Tx=2 PedcaOK=2 EdcaOK=1 FailCTS=0 FailColl=0 FailExp=0 Defer=0

=== General Statistics ===
P-EDCA Ratio: 0.5
P-EDCA STAs: 15/30
P-EDCA Share (Avg Per-STA P-EDCA Tx/Total Tx): 35.2281 %
Avg P-EDCA Attempt Success Rate: 78.119 %
Global P-EDCA Tx Success: 2132
Global EDCA Tx Success: 5558
Global P-EDCA Attempt (DS-CTS Sent): 2846

--- P-EDCA Detailed Trace ---
Stage 2 Entered: 2846
Stage 2 TX Started: 2228
P-EDCA Fail RTS No CTS: 96
P-EDCA Fail RTS Collision: 0
P-EDCA Fail Timing Expired: 0
P-EDCA Fail Deferral: 1
Total VO TX (P-EDCA+EDCA): 7690
Global P-EDCA Share: 27.7243 %
Global EDCA Share: 72.2757 %
Channel Idle Time (AP): 25.8005 % (1.80604e+06 us / 7e+06 us)
Total Successes:       13992
Total Failures:        914
Total Retransmissions: 2

--- Per-AC Success Statistics ---
AC_BE:
  Successes:         52
  Throughput:        0.0594286 Mbps
  Packet Loss:       33.3333 %
  Avg Retx/MPDU:     0
  Avg Queue Delay:   -1.72574e+06 us (Enqueue->TxStart)
  Avg Access Delay:  1.79509e+06 us (TxStart->Ack)
  Avg MAC Delay:     69351 us (Total: Enqueue->Ack)

AC_VO:
  Successes:         13940
  Throughput:        15.9314 Mbps
  Packet Loss:       5.98867 %
  Avg Retx/MPDU:     0.000143472
  Avg Queue Delay:   2084.06 us (Enqueue->TxStart)
  Avg Access Delay:  290.776 us (TxStart->Ack)
  Avg MAC Delay:     2374.84 us (Total: Enqueue->Ack)

--- Per-AC Failure Statistics ---
AC_BE Failures: 26
AC_VO Failures: 888

--- Failure Reasons by AC ---
  AC_BE EXPIRED_LIFETIME: 26
  AC_VO RETRY_LIMIT: 888


=== Extended P-EDCA vs Legacy Statistics ===

--- [Stat 1] Delay by STA Type ---
P-EDCA STAs (15 STAs):
  Successes:         7913
  Failures:          280
  Throughput:        9.04343 Mbps
  Packet Loss:       3.41755 %
  Avg Queue Delay:   1784.66 us
  Avg Access Delay:  259.446 us
  Avg MAC Delay:     2044.11 us
  Median MAC Delay:  1473 us
  P95 MAC Delay:     4646 us
  P99 MAC Delay:     10994 us
Legacy EDCA STAs (15 STAs):
  Successes:         6027
  Failures:          611
  Throughput:        6.888 Mbps
  Packet Loss:       9.20458 %
  Avg Queue Delay:   2477.15 us
  Avg Access Delay:  331.911 us
  Avg MAC Delay:     2809.06 us
  Median MAC Delay:  1768 us
  P95 MAC Delay:     9804 us
  P99 MAC Delay:     14545 us

--- [Stat 2] Per-STA P-EDCA Attempt Count (DS-CTS Sent) ---
  STA0: 313 P-EDCA attempts
  STA1: 160 P-EDCA attempts
  STA2: 172 P-EDCA attempts
  STA3: 283 P-EDCA attempts
  STA4: 105 P-EDCA attempts
  STA5: 231 P-EDCA attempts
  STA6: 145 P-EDCA attempts
  STA7: 4 P-EDCA attempts
  STA8: 313 P-EDCA attempts
  STA9: 221 P-EDCA attempts
  STA10: 170 P-EDCA attempts
  STA11: 287 P-EDCA attempts
  STA12: 210 P-EDCA attempts
  STA13: 230 P-EDCA attempts
  STA14: 2 P-EDCA attempts
  Total: 2846 P-EDCA attempts across 15 P-EDCA STAs
  Avg per P-EDCA STA: 189.733

--- [Stat 3] P-EDCA One-Shot Success Probability ---
  P-EDCA Success / DS-CTS Sent:      2132 / 2846 = 74.9122 %
  P-EDCA Success / Stage2 TX Started: 2132 / 2228 = 95.6912 %  (given RTS was actually sent)

--- [Stat 4] EDCA One-Shot Success Ratio (0 retransmissions) ---
  Legacy STAs: 6027 / 6027 = 100 %
  P-EDCA STAs: 7911 / 7913 = 99.9747 %  (MAC-level, includes both P-EDCA and EDCA paths)

--- [Stat 5] P-EDCA Kickback-to-EDCA Probability ---
  Total P-EDCA Failures: 97 / 2846 DS-CTS = 3.40829 %
    RTS No CTS:       96 (3.37316 %)
    RTS Collision:    0 (0 %)
    Timing Expired:   0 (0 %)
    Deferral:         1 (0.035137 %)

--- [Stat 6] P-EDCA RTS Collision Probability ---
  RTS Collision / Stage2 TX Started: 0 / 2228 = 0 %
  RTS Collision / DS-CTS Sent:       0 / 2846 = 0 %

--- [Stat 7] P-EDCA Attempts per Successful P-EDCA TX ---
  DS-CTS Sent / P-EDCA Success: 2846 / 2132 = 1.3349 attempts/success
  Stage2 TX / P-EDCA Success:   2228 / 2132 = 1.04503 RTS/success

--- VO Delay PDF (MAC Delay) ---
bin_start_us,bin_end_us,bin_mid_us,pdf_per_us,probability,count
210,215,212.5,8.60832e-05,0.000430416,6
215,220,217.5,0.00010043,0.000502152,7
220,225,222.5,0.000129125,0.000645624,9
225,230,227.5,0.000129125,0.000645624,9
230,235,232.5,0.00010043,0.000502152,7
235,240,237.5,0.000129125,0.000645624,9
240,245,242.5,4.30416e-05,0.000215208,3
245,250,247.5,0.00010043,0.000502152,7
250,255,252.5,7.1736e-05,0.00035868,5
255,260,257.5,0.000143472,0.00071736,10
260,265,262.5,0.000186514,0.000932568,13
265,270,267.5,0.00010043,0.000502152,7
270,275,272.5,0.000157819,0.000789096,11
275,280,277.5,0.000157819,0.000789096,11
280,285,282.5,0.000157819,0.000789096,11
285,290,287.5,0.000129125,0.000645624,9
290,295,292.5,0.000129125,0.000645624,9
295,300,297.5,0.000157819,0.000789096,11
300,305,302.5,5.73888e-05,0.000286944,4
305,310,307.5,0.000129125,0.000645624,9
310,315,312.5,0.000114778,0.000573888,8
315,320,317.5,0.000215208,0.00107604,15
320,325,322.5,0.00010043,0.000502152,7
325,330,327.5,8.60832e-05,0.000430416,6
330,335,332.5,0.000172166,0.000860832,12
335,340,337.5,8.60832e-05,0.000430416,6
340,345,342.5,0.00133429,0.00667145,93
345,350,347.5,0.00218077,0.0109039,152
350,355,352.5,0.001033,0.00516499,72
355,360,357.5,0.000631277,0.00315638,44
360,365,362.5,0.000760402,0.00380201,53
365,370,367.5,0.000817791,0.00408895,57
370,375,372.5,0.000731707,0.00365854,51
375,380,377.5,0.000373027,0.00186514,26
380,385,382.5,0.000200861,0.0010043,14
385,390,387.5,0.000315638,0.00157819,22
390,395,392.5,0.000329986,0.00164993,23
395,400,397.5,0.000444763,0.00222382,31
400,405,402.5,0.000344333,0.00172166,24
405,410,407.5,0.000344333,0.00172166,24
410,415,412.5,0.000401722,0.00200861,28
415,420,417.5,0.000430416,0.00215208,30
420,425,422.5,0.000301291,0.00150646,21
425,430,427.5,0.000416069,0.00208034,29
430,435,432.5,0.000229555,0.00114778,16
435,440,437.5,0.000329986,0.00164993,23
440,445,442.5,0.000186514,0.000932568,13
445,450,447.5,0.000186514,0.000932568,13
450,455,452.5,0.0148063,0.0740316,1032
455,460,457.5,0.00035868,0.0017934,25
460,465,462.5,0.000301291,0.00150646,21
465,470,467.5,0.000301291,0.00150646,21
470,475,472.5,0.00035868,0.0017934,25
475,480,477.5,0.000329986,0.00164993,23
480,485,482.5,0.000401722,0.00200861,28
485,490,487.5,0.000373027,0.00186514,26
490,495,492.5,0.000315638,0.00157819,22
495,500,497.5,0.000373027,0.00186514,26
500,505,502.5,0.000301291,0.00150646,21
505,510,507.5,0.000545194,0.00272597,38
510,515,512.5,0.000387374,0.00193687,27
515,520,517.5,0.000301291,0.00150646,21
520,525,522.5,0.000373027,0.00186514,26
525,530,527.5,0.000373027,0.00186514,26
530,535,532.5,0.000416069,0.00208034,29
535,540,537.5,0.000286944,0.00143472,20
540,545,542.5,0.00035868,0.0017934,25
545,550,547.5,0.000329986,0.00164993,23
550,555,552.5,0.000473458,0.00236729,33
555,560,557.5,0.000344333,0.00172166,24
560,565,562.5,0.000674319,0.00337159,47
565,570,567.5,0.000373027,0.00186514,26
570,575,572.5,0.000401722,0.00200861,28
575,580,577.5,0.000286944,0.00143472,20
580,585,582.5,0.000401722,0.00200861,28
585,590,587.5,0.000301291,0.00150646,21
590,595,592.5,0.000430416,0.00215208,30
595,600,597.5,0.000272597,0.00136298,19
600,605,602.5,0.000416069,0.00208034,29
605,610,607.5,0.000272597,0.00136298,19
610,615,612.5,0.00025825,0.00129125,18
615,620,617.5,0.000272597,0.00136298,19
620,625,622.5,0.000416069,0.00208034,29
625,630,627.5,0.000157819,0.000789096,11
630,635,632.5,0.000373027,0.00186514,26
635,640,637.5,0.000329986,0.00164993,23
640,645,642.5,0.000430416,0.00215208,30
645,650,647.5,0.00035868,0.0017934,25
650,655,652.5,0.00025825,0.00129125,18
655,660,657.5,0.000286944,0.00143472,20
660,665,662.5,0.00045911,0.00229555,32
665,670,667.5,0.000502152,0.00251076,35
670,675,672.5,0.00328551,0.0164275,229
675,680,677.5,0.000200861,0.0010043,14
680,685,682.5,0.000229555,0.00114778,16
685,690,687.5,0.000215208,0.00107604,15
690,695,692.5,0.000229555,0.00114778,16
695,700,697.5,0.000143472,0.00071736,10
700,705,702.5,0.000430416,0.00215208,30
705,710,707.5,0.000444763,0.00222382,31
710,715,712.5,0.000186514,0.000932568,13
715,720,717.5,0.00035868,0.0017934,25
720,725,722.5,0.000315638,0.00157819,22
725,730,727.5,0.00035868,0.0017934,25
730,735,732.5,0.00035868,0.0017934,25
735,740,737.5,0.000315638,0.00157819,22
740,745,742.5,0.00035868,0.0017934,25
745,750,747.5,0.000373027,0.00186514,26
750,755,752.5,0.000416069,0.00208034,29
755,760,757.5,0.000373027,0.00186514,26
760,765,762.5,0.000344333,0.00172166,24
765,770,767.5,0.00035868,0.0017934,25
770,775,772.5,0.000430416,0.00215208,30
775,780,777.5,0.000416069,0.00208034,29
780,785,782.5,0.000444763,0.00222382,31
785,790,787.5,0.00025825,0.00129125,18
790,795,792.5,0.000186514,0.000932568,13
795,800,797.5,0.000329986,0.00164993,23
800,805,802.5,0.000200861,0.0010043,14
805,810,807.5,0.000229555,0.00114778,16
810,815,812.5,0.000301291,0.00150646,21
815,820,817.5,0.000157819,0.000789096,11
820,825,822.5,0.000229555,0.00114778,16
825,830,827.5,0.000272597,0.00136298,19
830,835,832.5,0.00035868,0.0017934,25
835,840,837.5,0.000286944,0.00143472,20
840,845,842.5,0.000200861,0.0010043,14
845,850,847.5,0.000215208,0.00107604,15
850,855,852.5,0.000315638,0.00157819,22
855,860,857.5,0.000315638,0.00157819,22
860,865,862.5,0.000186514,0.000932568,13
865,870,867.5,0.000272597,0.00136298,19
870,875,872.5,0.000301291,0.00150646,21
875,880,877.5,0.000200861,0.0010043,14
880,885,882.5,0.000344333,0.00172166,24
885,890,887.5,0.000143472,0.00071736,10
890,895,892.5,0.000746055,0.00373027,52
895,900,897.5,0.000215208,0.00107604,15
900,905,902.5,0.000143472,0.00071736,10
905,910,907.5,0.000243902,0.00121951,17
910,915,912.5,0.000229555,0.00114778,16
915,920,917.5,0.000186514,0.000932568,13
920,925,922.5,0.000344333,0.00172166,24
925,930,927.5,0.000157819,0.000789096,11
930,935,932.5,0.000272597,0.00136298,19
935,940,937.5,0.000243902,0.00121951,17
940,945,942.5,0.000315638,0.00157819,22
945,950,947.5,0.000301291,0.00150646,21
950,955,952.5,0.000272597,0.00136298,19
955,960,957.5,0.000315638,0.00157819,22
960,965,962.5,0.000344333,0.00172166,24
965,970,967.5,0.00025825,0.00129125,18
970,975,972.5,0.000243902,0.00121951,17
975,980,977.5,0.00025825,0.00129125,18
980,985,982.5,0.000387374,0.00193687,27
985,990,987.5,0.000344333,0.00172166,24
990,995,992.5,0.000344333,0.00172166,24
995,1000,997.5,0.000229555,0.00114778,16
1000,1005,1002.5,0.000272597,0.00136298,19
1005,1010,1007.5,0.000215208,0.00107604,15
1010,1015,1012.5,0.000243902,0.00121951,17
1015,1020,1017.5,0.000272597,0.00136298,19
1020,1025,1022.5,0.000444763,0.00222382,31
1025,1030,1027.5,0.00025825,0.00129125,18
1030,1035,1032.5,0.000301291,0.00150646,21
1035,1040,1037.5,0.000286944,0.00143472,20
1040,1045,1042.5,0.000329986,0.00164993,23
1045,1050,1047.5,0.000301291,0.00150646,21
1050,1055,1052.5,0.000272597,0.00136298,19
1055,1060,1057.5,0.000272597,0.00136298,19
1060,1065,1062.5,0.000286944,0.00143472,20
1065,1070,1067.5,0.000387374,0.00193687,27
1070,1075,1072.5,0.000157819,0.000789096,11
1075,1080,1077.5,0.000416069,0.00208034,29
1080,1085,1082.5,0.000301291,0.00150646,21
1085,1090,1087.5,0.000157819,0.000789096,11
1090,1095,1092.5,0.000186514,0.000932568,13
1095,1100,1097.5,0.000229555,0.00114778,16
1100,1105,1102.5,0.000329986,0.00164993,23
1105,1110,1107.5,0.000200861,0.0010043,14
1110,1115,1112.5,0.000530846,0.00265423,37
1115,1120,1117.5,0.000502152,0.00251076,35
1120,1125,1122.5,0.000186514,0.000932568,13
1125,1130,1127.5,0.00045911,0.00229555,32
1130,1135,1132.5,0.000329986,0.00164993,23
1135,1140,1137.5,0.000387374,0.00193687,27
1140,1145,1142.5,0.00035868,0.0017934,25
1145,1150,1147.5,0.000487805,0.00243902,34
1150,1155,1152.5,0.000272597,0.00136298,19
1155,1160,1157.5,0.000545194,0.00272597,38
1160,1165,1162.5,0.000430416,0.00215208,30
1165,1170,1167.5,0.00025825,0.00129125,18
1170,1175,1172.5,0.000243902,0.00121951,17
1175,1180,1177.5,0.000286944,0.00143472,20
1180,1185,1182.5,0.000416069,0.00208034,29
1185,1190,1187.5,0.000344333,0.00172166,24
1190,1195,1192.5,0.000229555,0.00114778,16
1195,1200,1197.5,0.000373027,0.00186514,26
1200,1205,1202.5,0.000387374,0.00193687,27
1205,1210,1207.5,0.000373027,0.00186514,26
1210,1215,1212.5,0.000143472,0.00071736,10
1215,1220,1217.5,0.000387374,0.00193687,27
1220,1225,1222.5,0.000315638,0.00157819,22
1225,1230,1227.5,0.000301291,0.00150646,21
1230,1235,1232.5,0.000186514,0.000932568,13
1235,1240,1237.5,0.000186514,0.000932568,13
1240,1245,1242.5,0.000243902,0.00121951,17
1245,1250,1247.5,0.000272597,0.00136298,19
1250,1255,1252.5,0.000215208,0.00107604,15
1255,1260,1257.5,0.000301291,0.00150646,21
1260,1265,1262.5,0.000286944,0.00143472,20
1265,1270,1267.5,0.000200861,0.0010043,14
1270,1275,1272.5,0.000286944,0.00143472,20
1275,1280,1277.5,0.000186514,0.000932568,13
1280,1285,1282.5,0.000272597,0.00136298,19
1285,1290,1287.5,0.000172166,0.000860832,12
1290,1295,1292.5,0.000286944,0.00143472,20
1295,1300,1297.5,0.000373027,0.00186514,26
1300,1305,1302.5,0.000215208,0.00107604,15
1305,1310,1307.5,0.000387374,0.00193687,27
1310,1315,1312.5,0.000229555,0.00114778,16
1315,1320,1317.5,0.00035868,0.0017934,25
1320,1325,1322.5,0.000272597,0.00136298,19
1325,1330,1327.5,0.000301291,0.00150646,21
1330,1335,1332.5,0.00025825,0.00129125,18
1335,1340,1337.5,0.000157819,0.000789096,11
1340,1345,1342.5,0.000272597,0.00136298,19
1345,1350,1347.5,0.00025825,0.00129125,18
1350,1355,1352.5,0.000301291,0.00150646,21
1355,1360,1357.5,0.000373027,0.00186514,26
1360,1365,1362.5,0.000186514,0.000932568,13
1365,1370,1367.5,0.000200861,0.0010043,14
1370,1375,1372.5,0.000215208,0.00107604,15
1375,1380,1377.5,0.000200861,0.0010043,14
1380,1385,1382.5,0.00025825,0.00129125,18
1385,1390,1387.5,0.00025825,0.00129125,18
1390,1395,1392.5,0.000301291,0.00150646,21
1395,1400,1397.5,0.000157819,0.000789096,11
1400,1405,1402.5,0.000200861,0.0010043,14
1405,1410,1407.5,0.000200861,0.0010043,14
1410,1415,1412.5,0.000200861,0.0010043,14
1415,1420,1417.5,0.000272597,0.00136298,19
1420,1425,1422.5,0.00010043,0.000502152,7
1425,1430,1427.5,0.000143472,0.00071736,10
1430,1435,1432.5,0.000329986,0.00164993,23
1435,1440,1437.5,0.000157819,0.000789096,11
1440,1445,1442.5,0.000243902,0.00121951,17
1445,1450,1447.5,0.000272597,0.00136298,19
1450,1455,1452.5,0.000200861,0.0010043,14
1455,1460,1457.5,0.00025825,0.00129125,18
1460,1465,1462.5,0.000172166,0.000860832,12
1465,1470,1467.5,0.000229555,0.00114778,16
1470,1475,1472.5,0.000143472,0.00071736,10
1475,1480,1477.5,0.000272597,0.00136298,19
1480,1485,1482.5,0.000286944,0.00143472,20
1485,1490,1487.5,0.000200861,0.0010043,14
1490,1495,1492.5,0.00025825,0.00129125,18
1495,1500,1497.5,0.000272597,0.00136298,19
1500,1505,1502.5,0.000157819,0.000789096,11
1505,1510,1507.5,0.000243902,0.00121951,17
1510,1515,1512.5,0.000172166,0.000860832,12
1515,1520,1517.5,0.000172166,0.000860832,12
1520,1525,1522.5,0.000344333,0.00172166,24
1525,1530,1527.5,0.000157819,0.000789096,11
1530,1535,1532.5,0.000243902,0.00121951,17
1535,1540,1537.5,0.000157819,0.000789096,11
1540,1545,1542.5,0.000286944,0.00143472,20
1545,1550,1547.5,0.00025825,0.00129125,18
1550,1555,1552.5,0.000229555,0.00114778,16
1555,1560,1557.5,0.000172166,0.000860832,12
1560,1565,1562.5,0.000215208,0.00107604,15
1565,1570,1567.5,0.000186514,0.000932568,13
1570,1575,1572.5,0.000215208,0.00107604,15
1575,1580,1577.5,0.000172166,0.000860832,12
1580,1585,1582.5,0.000200861,0.0010043,14
1585,1590,1587.5,0.000215208,0.00107604,15
1590,1595,1592.5,0.000186514,0.000932568,13
1595,1600,1597.5,0.000229555,0.00114778,16
1600,1605,1602.5,0.000129125,0.000645624,9
1605,1610,1607.5,0.000172166,0.000860832,12
1610,1615,1612.5,0.000243902,0.00121951,17
1615,1620,1617.5,0.000215208,0.00107604,15
1620,1625,1622.5,0.000315638,0.00157819,22
1625,1630,1627.5,0.000286944,0.00143472,20
1630,1635,1632.5,0.000329986,0.00164993,23
1635,1640,1637.5,0.000243902,0.00121951,17
1640,1645,1642.5,0.000243902,0.00121951,17
1645,1650,1647.5,0.000315638,0.00157819,22
1650,1655,1652.5,0.000272597,0.00136298,19
1655,1660,1657.5,0.000186514,0.000932568,13
1660,1665,1662.5,0.000172166,0.000860832,12
1665,1670,1667.5,0.000186514,0.000932568,13
1670,1675,1672.5,0.000200861,0.0010043,14
1675,1680,1677.5,0.000186514,0.000932568,13
1680,1685,1682.5,0.000301291,0.00150646,21
1685,1690,1687.5,0.000243902,0.00121951,17
1690,1695,1692.5,0.000186514,0.000932568,13
1695,1700,1697.5,0.000172166,0.000860832,12
1700,1705,1702.5,0.000114778,0.000573888,8
1705,1710,1707.5,0.000200861,0.0010043,14
1710,1715,1712.5,0.000129125,0.000645624,9
1715,1720,1717.5,0.000114778,0.000573888,8
1720,1725,1722.5,0.00025825,0.00129125,18
1725,1730,1727.5,0.000172166,0.000860832,12
1730,1735,1732.5,0.000200861,0.0010043,14
1735,1740,1737.5,0.00025825,0.00129125,18
1740,1745,1742.5,0.000215208,0.00107604,15
1745,1750,1747.5,0.000215208,0.00107604,15
1750,1755,1752.5,0.000157819,0.000789096,11
1755,1760,1757.5,0.000200861,0.0010043,14
1760,1765,1762.5,0.000215208,0.00107604,15
1765,1770,1767.5,0.000200861,0.0010043,14
1770,1775,1772.5,0.000172166,0.000860832,12
1775,1780,1777.5,0.000186514,0.000932568,13
1780,1785,1782.5,0.000129125,0.000645624,9
1785,1790,1787.5,0.000157819,0.000789096,11
1790,1795,1792.5,0.000243902,0.00121951,17
1795,1800,1797.5,7.1736e-05,0.00035868,5
1800,1805,1802.5,0.000186514,0.000932568,13
1805,1810,1807.5,0.000129125,0.000645624,9
1810,1815,1812.5,0.000344333,0.00172166,24
1815,1820,1817.5,0.00010043,0.000502152,7
1820,1825,1822.5,8.60832e-05,0.000430416,6
1825,1830,1827.5,0.000200861,0.0010043,14
1830,1835,1832.5,0.000215208,0.00107604,15
1835,1840,1837.5,0.000143472,0.00071736,10
1840,1845,1842.5,0.000186514,0.000932568,13
1845,1850,1847.5,0.000243902,0.00121951,17
1850,1855,1852.5,0.000143472,0.00071736,10
1855,1860,1857.5,0.000200861,0.0010043,14
1860,1865,1862.5,0.000229555,0.00114778,16
1865,1870,1867.5,0.000157819,0.000789096,11
1870,1875,1872.5,0.000229555,0.00114778,16
1875,1880,1877.5,0.000243902,0.00121951,17
1880,1885,1882.5,0.000229555,0.00114778,16
1885,1890,1887.5,0.000243902,0.00121951,17
1890,1895,1892.5,0.000172166,0.000860832,12
1895,1900,1897.5,0.000215208,0.00107604,15
1900,1905,1902.5,0.000243902,0.00121951,17
1905,1910,1907.5,0.000229555,0.00114778,16
1910,1915,1912.5,0.000186514,0.000932568,13
1915,1920,1917.5,0.000143472,0.00071736,10
1920,1925,1922.5,8.60832e-05,0.000430416,6
1925,1930,1927.5,7.1736e-05,0.00035868,5
1930,1935,1932.5,0.000229555,0.00114778,16
1935,1940,1937.5,0.000143472,0.00071736,10
1940,1945,1942.5,0.000286944,0.00143472,20
1945,1950,1947.5,0.000200861,0.0010043,14
1950,1955,1952.5,0.000186514,0.000932568,13
1955,1960,1957.5,0.000114778,0.000573888,8
1960,1965,1962.5,0.00025825,0.00129125,18
1965,1970,1967.5,0.000229555,0.00114778,16
1970,1975,1972.5,0.000143472,0.00071736,10
1975,1980,1977.5,0.000215208,0.00107604,15
1980,1985,1982.5,0.000272597,0.00136298,19
1985,1990,1987.5,0.000200861,0.0010043,14
1990,1995,1992.5,0.000329986,0.00164993,23
1995,2000,1997.5,0.000186514,0.000932568,13
2000,2005,2002.5,0.000172166,0.000860832,12
2005,2010,2007.5,0.000157819,0.000789096,11
2010,2015,2012.5,0.000143472,0.00071736,10
2015,2020,2017.5,0.000229555,0.00114778,16
2020,2025,2022.5,0.000114778,0.000573888,8
2025,2030,2027.5,0.000172166,0.000860832,12
2030,2035,2032.5,0.00010043,0.000502152,7
2035,2040,2037.5,0.000114778,0.000573888,8
2040,2045,2042.5,0.000186514,0.000932568,13
2045,2050,2047.5,0.000186514,0.000932568,13
2050,2055,2052.5,0.000215208,0.00107604,15
2055,2060,2057.5,0.000229555,0.00114778,16
2060,2065,2062.5,0.000215208,0.00107604,15
2065,2070,2067.5,0.00025825,0.00129125,18
2070,2075,2072.5,0.000215208,0.00107604,15
2075,2080,2077.5,0.000129125,0.000645624,9
2080,2085,2082.5,0.000157819,0.000789096,11
2085,2090,2087.5,0.000215208,0.00107604,15
2090,2095,2092.5,0.000172166,0.000860832,12
2095,2100,2097.5,0.000243902,0.00121951,17
2100,2105,2102.5,0.000200861,0.0010043,14
2105,2110,2107.5,0.000157819,0.000789096,11
2110,2115,2112.5,0.000172166,0.000860832,12
2115,2120,2117.5,0.000172166,0.000860832,12
2120,2125,2122.5,0.000157819,0.000789096,11
2125,2130,2127.5,0.000186514,0.000932568,13
2130,2135,2132.5,0.000172166,0.000860832,12
2135,2140,2137.5,0.000186514,0.000932568,13
2140,2145,2142.5,0.000172166,0.000860832,12
2145,2150,2147.5,0.000114778,0.000573888,8
2150,2155,2152.5,0.000129125,0.000645624,9
2155,2160,2157.5,0.000200861,0.0010043,14
2160,2165,2162.5,4.30416e-05,0.000215208,3
2165,2170,2167.5,0.000229555,0.00114778,16
2170,2175,2172.5,0.000114778,0.000573888,8
2175,2180,2177.5,0.000157819,0.000789096,11
2180,2185,2182.5,0.000143472,0.00071736,10
2185,2190,2187.5,0.000215208,0.00107604,15
2190,2195,2192.5,0.000143472,0.00071736,10
2195,2200,2197.5,0.000129125,0.000645624,9
2200,2205,2202.5,0.000114778,0.000573888,8
2205,2210,2207.5,0.000129125,0.000645624,9
2210,2215,2212.5,0.000186514,0.000932568,13
2215,2220,2217.5,0.000172166,0.000860832,12
2220,2225,2222.5,0.000200861,0.0010043,14
2225,2230,2227.5,0.000200861,0.0010043,14
2230,2235,2232.5,4.30416e-05,0.000215208,3
2235,2240,2237.5,0.000129125,0.000645624,9
2240,2245,2242.5,0.000157819,0.000789096,11
2245,2250,2247.5,0.000286944,0.00143472,20
2250,2255,2252.5,0.000272597,0.00136298,19
2255,2260,2257.5,0.000200861,0.0010043,14
2260,2265,2262.5,0.000215208,0.00107604,15
2265,2270,2267.5,0.000157819,0.000789096,11
2270,2275,2272.5,0.000200861,0.0010043,14
2275,2280,2277.5,0.000143472,0.00071736,10
2280,2285,2282.5,0.000186514,0.000932568,13
2285,2290,2287.5,0.000186514,0.000932568,13
2290,2295,2292.5,0.000200861,0.0010043,14
2295,2300,2297.5,0.000172166,0.000860832,12
2300,2305,2302.5,0.000172166,0.000860832,12
2305,2310,2307.5,0.000229555,0.00114778,16
2310,2315,2312.5,0.000129125,0.000645624,9
2315,2320,2317.5,0.000200861,0.0010043,14
2320,2325,2322.5,0.000215208,0.00107604,15
2325,2330,2327.5,0.000129125,0.000645624,9
2330,2335,2332.5,0.000186514,0.000932568,13
2335,2340,2337.5,0.000172166,0.000860832,12
2340,2345,2342.5,0.000243902,0.00121951,17
2345,2350,2347.5,0.000243902,0.00121951,17
2350,2355,2352.5,0.000129125,0.000645624,9
2355,2360,2357.5,0.000200861,0.0010043,14
2360,2365,2362.5,0.000215208,0.00107604,15
2365,2370,2367.5,0.000143472,0.00071736,10
2370,2375,2372.5,0.000143472,0.00071736,10
2375,2380,2377.5,0.00025825,0.00129125,18
2380,2385,2382.5,0.000157819,0.000789096,11
2385,2390,2387.5,0.000172166,0.000860832,12
2390,2395,2392.5,0.000129125,0.000645624,9
2395,2400,2397.5,0.000157819,0.000789096,11
2400,2405,2402.5,0.000129125,0.000645624,9
2405,2410,2407.5,0.000143472,0.00071736,10
2410,2415,2412.5,0.000114778,0.000573888,8
2415,2420,2417.5,0.000143472,0.00071736,10
2420,2425,2422.5,5.73888e-05,0.000286944,4
2425,2430,2427.5,0.000157819,0.000789096,11
2430,2435,2432.5,8.60832e-05,0.000430416,6
2435,2440,2437.5,0.000157819,0.000789096,11
2440,2445,2442.5,0.000186514,0.000932568,13
2445,2450,2447.5,0.000114778,0.000573888,8
2450,2455,2452.5,0.000200861,0.0010043,14
2455,2460,2457.5,0.000172166,0.000860832,12
2460,2465,2462.5,0.000186514,0.000932568,13
2465,2470,2467.5,7.1736e-05,0.00035868,5
2470,2475,2472.5,0.00010043,0.000502152,7
2475,2480,2477.5,0.00010043,0.000502152,7
2480,2485,2482.5,0.000157819,0.000789096,11
2485,2490,2487.5,8.60832e-05,0.000430416,6
2490,2495,2492.5,0.000172166,0.000860832,12
2495,2500,2497.5,0.000186514,0.000932568,13
2500,2505,2502.5,0.000186514,0.000932568,13
2505,2510,2507.5,0.000143472,0.00071736,10
2510,2515,2512.5,0.000229555,0.00114778,16
2515,2520,2517.5,0.000186514,0.000932568,13
2520,2525,2522.5,0.000157819,0.000789096,11
2525,2530,2527.5,0.000172166,0.000860832,12
2530,2535,2532.5,0.000114778,0.000573888,8
2535,2540,2537.5,0.00010043,0.000502152,7
2540,2545,2542.5,0.000114778,0.000573888,8
2545,2550,2547.5,0.000229555,0.00114778,16
2550,2555,2552.5,0.000157819,0.000789096,11
2555,2560,2557.5,0.000114778,0.000573888,8
2560,2565,2562.5,0.000129125,0.000645624,9
2565,2570,2567.5,7.1736e-05,0.00035868,5
2570,2575,2572.5,0.000157819,0.000789096,11
2575,2580,2577.5,0.000186514,0.000932568,13
2580,2585,2582.5,0.000157819,0.000789096,11
2585,2590,2587.5,5.73888e-05,0.000286944,4
2590,2595,2592.5,0.00010043,0.000502152,7
2595,2600,2597.5,0.000129125,0.000645624,9
2600,2605,2602.5,0.000186514,0.000932568,13
2605,2610,2607.5,7.1736e-05,0.00035868,5
2610,2615,2612.5,0.000129125,0.000645624,9
2615,2620,2617.5,0.000143472,0.00071736,10
2620,2625,2622.5,0.000129125,0.000645624,9
2625,2630,2627.5,4.30416e-05,0.000215208,3
2630,2635,2632.5,0.000157819,0.000789096,11
2635,2640,2637.5,0.000114778,0.000573888,8
2640,2645,2642.5,0.000143472,0.00071736,10
2645,2650,2647.5,0.00010043,0.000502152,7
2650,2655,2652.5,0.000114778,0.000573888,8
2655,2660,2657.5,0.000200861,0.0010043,14
2660,2665,2662.5,0.000129125,0.000645624,9
2665,2670,2667.5,0.000200861,0.0010043,14
2670,2675,2672.5,0.000157819,0.000789096,11
2675,2680,2677.5,0.000200861,0.0010043,14
2680,2685,2682.5,0.000114778,0.000573888,8
2685,2690,2687.5,7.1736e-05,0.00035868,5
2690,2695,2692.5,0.000186514,0.000932568,13
2695,2700,2697.5,0.000114778,0.000573888,8
2700,2705,2702.5,0.000143472,0.00071736,10
2705,2710,2707.5,0.000114778,0.000573888,8
2710,2715,2712.5,4.30416e-05,0.000215208,3
2715,2720,2717.5,0.000114778,0.000573888,8
2720,2725,2722.5,0.000157819,0.000789096,11
2725,2730,2727.5,0.000129125,0.000645624,9
2730,2735,2732.5,0.000157819,0.000789096,11
2735,2740,2737.5,0.000172166,0.000860832,12
2740,2745,2742.5,0.00010043,0.000502152,7
2745,2750,2747.5,0.000200861,0.0010043,14
2750,2755,2752.5,0.000129125,0.000645624,9
2755,2760,2757.5,0.000229555,0.00114778,16
2760,2765,2762.5,0.000114778,0.000573888,8
2765,2770,2767.5,0.000114778,0.000573888,8
2770,2775,2772.5,0.000172166,0.000860832,12
2775,2780,2777.5,5.73888e-05,0.000286944,4
2780,2785,2782.5,0.000157819,0.000789096,11
2785,2790,2787.5,0.000200861,0.0010043,14
2790,2795,2792.5,8.60832e-05,0.000430416,6
2795,2800,2797.5,0.000200861,0.0010043,14
2800,2805,2802.5,0.000157819,0.000789096,11
2805,2810,2807.5,0.000143472,0.00071736,10
2810,2815,2812.5,0.000215208,0.00107604,15
2815,2820,2817.5,0.000143472,0.00071736,10
2820,2825,2822.5,0.000129125,0.000645624,9
2825,2830,2827.5,0.000129125,0.000645624,9
2830,2835,2832.5,0.000143472,0.00071736,10
2835,2840,2837.5,0.000172166,0.000860832,12
2840,2845,2842.5,0.000114778,0.000573888,8
2845,2850,2847.5,0.000172166,0.000860832,12
2850,2855,2852.5,0.000129125,0.000645624,9
2855,2860,2857.5,0.000186514,0.000932568,13
2860,2865,2862.5,0.00010043,0.000502152,7
2865,2870,2867.5,0.000157819,0.000789096,11
2870,2875,2872.5,0.000143472,0.00071736,10
2875,2880,2877.5,0.000186514,0.000932568,13
2880,2885,2882.5,0.000143472,0.00071736,10
2885,2890,2887.5,0.000200861,0.0010043,14
2890,2895,2892.5,0.00010043,0.000502152,7
2895,2900,2897.5,5.73888e-05,0.000286944,4
2900,2905,2902.5,8.60832e-05,0.000430416,6
2905,2910,2907.5,0.00010043,0.000502152,7
2910,2915,2912.5,0.000157819,0.000789096,11
2915,2920,2917.5,7.1736e-05,0.00035868,5
2920,2925,2922.5,0.000129125,0.000645624,9
2925,2930,2927.5,0.000143472,0.00071736,10
2930,2935,2932.5,8.60832e-05,0.000430416,6
2935,2940,2937.5,8.60832e-05,0.000430416,6
2940,2945,2942.5,0.000129125,0.000645624,9
2945,2950,2947.5,0.000114778,0.000573888,8
2950,2955,2952.5,8.60832e-05,0.000430416,6
2955,2960,2957.5,0.000172166,0.000860832,12
2960,2965,2962.5,0.000143472,0.00071736,10
2965,2970,2967.5,0.000129125,0.000645624,9
2970,2975,2972.5,0.000200861,0.0010043,14
2975,2980,2977.5,0.000114778,0.000573888,8
2980,2985,2982.5,0.00010043,0.000502152,7
2985,2990,2987.5,0.000143472,0.00071736,10
2990,2995,2992.5,0.000215208,0.00107604,15
2995,3000,2997.5,0.000157819,0.000789096,11
3000,3005,3002.5,0.000129125,0.000645624,9
3005,3010,3007.5,0.00010043,0.000502152,7
3010,3015,3012.5,0.000129125,0.000645624,9
3015,3020,3017.5,0.000200861,0.0010043,14
3020,3025,3022.5,0.000129125,0.000645624,9
3025,3030,3027.5,0.000143472,0.00071736,10
3030,3035,3032.5,0.000172166,0.000860832,12
3035,3040,3037.5,0.000114778,0.000573888,8
3040,3045,3042.5,0.000172166,0.000860832,12
3045,3050,3047.5,0.000143472,0.00071736,10
3050,3055,3052.5,0.000200861,0.0010043,14
3055,3060,3057.5,0.000157819,0.000789096,11
3060,3065,3062.5,4.30416e-05,0.000215208,3
3065,3070,3067.5,0.000129125,0.000645624,9
3070,3075,3072.5,0.000272597,0.00136298,19
3075,3080,3077.5,8.60832e-05,0.000430416,6
3080,3085,3082.5,0.000215208,0.00107604,15
3085,3090,3087.5,0.000186514,0.000932568,13
3090,3095,3092.5,7.1736e-05,0.00035868,5
3095,3100,3097.5,0.000143472,0.00071736,10
3100,3105,3102.5,0.000114778,0.000573888,8
3105,3110,3107.5,7.1736e-05,0.00035868,5
3110,3115,3112.5,0.000143472,0.00071736,10
3115,3120,3117.5,8.60832e-05,0.000430416,6
3120,3125,3122.5,0.000114778,0.000573888,8
3125,3130,3127.5,0.000129125,0.000645624,9
3130,3135,3132.5,0.000157819,0.000789096,11
3135,3140,3137.5,0.000129125,0.000645624,9
3140,3145,3142.5,0.000129125,0.000645624,9
3145,3150,3147.5,0.000157819,0.000789096,11
3150,3155,3152.5,7.1736e-05,0.00035868,5
3155,3160,3157.5,0.000114778,0.000573888,8
3160,3165,3162.5,0.00025825,0.00129125,18
3165,3170,3167.5,0.000114778,0.000573888,8
3170,3175,3172.5,0.00010043,0.000502152,7
3175,3180,3177.5,0.00010043,0.000502152,7
3180,3185,3182.5,0.000186514,0.000932568,13
3185,3190,3187.5,0.00010043,0.000502152,7
3190,3195,3192.5,0.000215208,0.00107604,15
3195,3200,3197.5,0.000157819,0.000789096,11
3200,3205,3202.5,4.30416e-05,0.000215208,3
3205,3210,3207.5,0.000157819,0.000789096,11
3210,3215,3212.5,5.73888e-05,0.000286944,4
3215,3220,3217.5,0.00010043,0.000502152,7
3220,3225,3222.5,0.000186514,0.000932568,13
3225,3230,3227.5,0.00010043,0.000502152,7
3230,3235,3232.5,0.000157819,0.000789096,11
3235,3240,3237.5,7.1736e-05,0.00035868,5
3240,3245,3242.5,0.000129125,0.000645624,9
3245,3250,3247.5,0.00010043,0.000502152,7
3250,3255,3252.5,0.000114778,0.000573888,8
3255,3260,3257.5,0.000157819,0.000789096,11
3260,3265,3262.5,8.60832e-05,0.000430416,6
3265,3270,3267.5,0.000143472,0.00071736,10
3270,3275,3272.5,0.000157819,0.000789096,11
3275,3280,3277.5,5.73888e-05,0.000286944,4
3280,3285,3282.5,0.000114778,0.000573888,8
3285,3290,3287.5,0.000114778,0.000573888,8
3290,3295,3292.5,0.000157819,0.000789096,11
3295,3300,3297.5,0.000114778,0.000573888,8
3300,3305,3302.5,0.00010043,0.000502152,7
3305,3310,3307.5,0.000172166,0.000860832,12
3310,3315,3312.5,0.000114778,0.000573888,8
3315,3320,3317.5,0.000129125,0.000645624,9
3320,3325,3322.5,0.000229555,0.00114778,16
3325,3330,3327.5,8.60832e-05,0.000430416,6
3330,3335,3332.5,0.000129125,0.000645624,9
3335,3340,3337.5,0.00010043,0.000502152,7
3340,3345,3342.5,0.000157819,0.000789096,11
3345,3350,3347.5,0.000172166,0.000860832,12
3350,3355,3352.5,0.000114778,0.000573888,8
3355,3360,3357.5,0.000129125,0.000645624,9
3360,3365,3362.5,0.000143472,0.00071736,10
3365,3370,3367.5,0.00025825,0.00129125,18
3370,3375,3372.5,0.000129125,0.000645624,9
3375,3380,3377.5,0.000143472,0.00071736,10
3380,3385,3382.5,0.000143472,0.00071736,10
3385,3390,3387.5,8.60832e-05,0.000430416,6
3390,3395,3392.5,7.1736e-05,0.00035868,5
3395,3400,3397.5,0.000114778,0.000573888,8
3400,3405,3402.5,8.60832e-05,0.000430416,6
3405,3410,3407.5,0.000172166,0.000860832,12
3410,3415,3412.5,0.000114778,0.000573888,8
3415,3420,3417.5,0.000114778,0.000573888,8
3420,3425,3422.5,0.000129125,0.000645624,9
3425,3430,3427.5,0.000143472,0.00071736,10
3430,3435,3432.5,7.1736e-05,0.00035868,5
3435,3440,3437.5,0.000114778,0.000573888,8
3440,3445,3442.5,4.30416e-05,0.000215208,3
3445,3450,3447.5,0.00010043,0.000502152,7
3450,3455,3452.5,7.1736e-05,0.00035868,5
3455,3460,3457.5,8.60832e-05,0.000430416,6
3460,3465,3462.5,8.60832e-05,0.000430416,6
3465,3470,3467.5,0.000172166,0.000860832,12
3470,3475,3472.5,0.000215208,0.00107604,15
3475,3480,3477.5,5.73888e-05,0.000286944,4
3480,3485,3482.5,0.00010043,0.000502152,7
3485,3490,3487.5,0.000129125,0.000645624,9
3490,3495,3492.5,0.00010043,0.000502152,7
3495,3500,3497.5,0.000114778,0.000573888,8
3500,3505,3502.5,0.000129125,0.000645624,9
3505,3510,3507.5,0.000129125,0.000645624,9
3510,3515,3512.5,5.73888e-05,0.000286944,4
3515,3520,3517.5,0.000129125,0.000645624,9
3520,3525,3522.5,0.000172166,0.000860832,12
3525,3530,3527.5,0.000157819,0.000789096,11
3530,3535,3532.5,0.000200861,0.0010043,14
3535,3540,3537.5,0.00010043,0.000502152,7
3540,3545,3542.5,0.000172166,0.000860832,12
3545,3550,3547.5,0.000172166,0.000860832,12
3550,3555,3552.5,0.000114778,0.000573888,8
3555,3560,3557.5,0.00010043,0.000502152,7
3560,3565,3562.5,8.60832e-05,0.000430416,6
3565,3570,3567.5,0.000114778,0.000573888,8
3570,3575,3572.5,7.1736e-05,0.00035868,5
3575,3580,3577.5,0.000200861,0.0010043,14
3580,3585,3582.5,7.1736e-05,0.00035868,5
3585,3590,3587.5,7.1736e-05,0.00035868,5
3590,3595,3592.5,0.000129125,0.000645624,9
3595,3600,3597.5,0.000157819,0.000789096,11
3600,3605,3602.5,0.00010043,0.000502152,7
3605,3610,3607.5,0.000114778,0.000573888,8
3610,3615,3612.5,0.000114778,0.000573888,8
3615,3620,3617.5,0.000143472,0.00071736,10
3620,3625,3622.5,0.000143472,0.00071736,10
3625,3630,3627.5,5.73888e-05,0.000286944,4
3630,3635,3632.5,0.000114778,0.000573888,8
3635,3640,3637.5,0.000114778,0.000573888,8
3640,3645,3642.5,0.00010043,0.000502152,7
3645,3650,3647.5,0.000229555,0.00114778,16
3650,3655,3652.5,5.73888e-05,0.000286944,4
3655,3660,3657.5,5.73888e-05,0.000286944,4
3660,3665,3662.5,8.60832e-05,0.000430416,6
3665,3670,3667.5,0.000229555,0.00114778,16
3670,3675,3672.5,0.000200861,0.0010043,14
3675,3680,3677.5,0.000114778,0.000573888,8
3680,3685,3682.5,8.60832e-05,0.000430416,6
3685,3690,3687.5,0.000157819,0.000789096,11
3690,3695,3692.5,0.000114778,0.000573888,8
3695,3700,3697.5,0.000129125,0.000645624,9
3700,3705,3702.5,0.000243902,0.00121951,17
3705,3710,3707.5,7.1736e-05,0.00035868,5
3710,3715,3712.5,8.60832e-05,0.000430416,6
3715,3720,3717.5,0.000172166,0.000860832,12
3720,3725,3722.5,7.1736e-05,0.00035868,5
3725,3730,3727.5,0.00010043,0.000502152,7
3730,3735,3732.5,0.000129125,0.000645624,9
3735,3740,3737.5,0.000229555,0.00114778,16
3740,3745,3742.5,8.60832e-05,0.000430416,6
3745,3750,3747.5,0.000200861,0.0010043,14
3750,3755,3752.5,0.000157819,0.000789096,11
3755,3760,3757.5,0.00010043,0.000502152,7
3760,3765,3762.5,0.00010043,0.000502152,7
3765,3770,3767.5,0.00010043,0.000502152,7
3770,3775,3772.5,0.000157819,0.000789096,11
3775,3780,3777.5,8.60832e-05,0.000430416,6
3780,3785,3782.5,0.000143472,0.00071736,10
3785,3790,3787.5,0.000114778,0.000573888,8
3790,3795,3792.5,0.000114778,0.000573888,8
3795,3800,3797.5,7.1736e-05,0.00035868,5
3800,3805,3802.5,0.00010043,0.000502152,7
3805,3810,3807.5,7.1736e-05,0.00035868,5
3810,3815,3812.5,5.73888e-05,0.000286944,4
3815,3820,3817.5,7.1736e-05,0.00035868,5
3820,3825,3822.5,0.000114778,0.000573888,8
3825,3830,3827.5,0.000114778,0.000573888,8
3830,3835,3832.5,0.000114778,0.000573888,8
3835,3840,3837.5,0.000143472,0.00071736,10
3840,3845,3842.5,0.000129125,0.000645624,9
3845,3850,3847.5,0.000129125,0.000645624,9
3850,3855,3852.5,0.000172166,0.000860832,12
3855,3860,3857.5,0.000129125,0.000645624,9
3860,3865,3862.5,7.1736e-05,0.00035868,5
3865,3870,3867.5,4.30416e-05,0.000215208,3
3870,3875,3872.5,0.000143472,0.00071736,10
3875,3880,3877.5,0.000200861,0.0010043,14
3880,3885,3882.5,2.86944e-05,0.000143472,2
3885,3890,3887.5,8.60832e-05,0.000430416,6
3890,3895,3892.5,5.73888e-05,0.000286944,4
3895,3900,3897.5,7.1736e-05,0.00035868,5
3900,3905,3902.5,0.00010043,0.000502152,7
3905,3910,3907.5,0.00010043,0.000502152,7
3910,3915,3912.5,0.000143472,0.00071736,10
3915,3920,3917.5,0.000200861,0.0010043,14
3920,3925,3922.5,5.73888e-05,0.000286944,4
3925,3930,3927.5,0.000129125,0.000645624,9
3930,3935,3932.5,7.1736e-05,0.00035868,5
3935,3940,3937.5,0.00010043,0.000502152,7
3940,3945,3942.5,7.1736e-05,0.00035868,5
3945,3950,3947.5,8.60832e-05,0.000430416,6
3950,3955,3952.5,7.1736e-05,0.00035868,5
3955,3960,3957.5,0.00010043,0.000502152,7
3960,3965,3962.5,2.86944e-05,0.000143472,2
3965,3970,3967.5,0.00010043,0.000502152,7
3970,3975,3972.5,7.1736e-05,0.00035868,5
3975,3980,3977.5,0.000143472,0.00071736,10
3980,3985,3982.5,0.000186514,0.000932568,13
3985,3990,3987.5,0.00010043,0.000502152,7
3990,3995,3992.5,0.000114778,0.000573888,8
3995,4000,3997.5,7.1736e-05,0.00035868,5
4000,4005,4002.5,8.60832e-05,0.000430416,6
4005,4010,4007.5,0.000129125,0.000645624,9
4010,4015,4012.5,5.73888e-05,0.000286944,4
4015,4020,4017.5,5.73888e-05,0.000286944,4
4020,4025,4022.5,0.00010043,0.000502152,7
4025,4030,4027.5,0.000172166,0.000860832,12
4030,4035,4032.5,0.000157819,0.000789096,11
4035,4040,4037.5,5.73888e-05,0.000286944,4
4040,4045,4042.5,0.000200861,0.0010043,14
4045,4050,4047.5,0.000172166,0.000860832,12
4050,4055,4052.5,0.000143472,0.00071736,10
4055,4060,4057.5,8.60832e-05,0.000430416,6
4060,4065,4062.5,0.00010043,0.000502152,7
4065,4070,4067.5,0.000129125,0.000645624,9
4070,4075,4072.5,7.1736e-05,0.00035868,5
4075,4080,4077.5,0.000129125,0.000645624,9
4080,4085,4082.5,0.00010043,0.000502152,7
4085,4090,4087.5,0.000143472,0.00071736,10
4090,4095,4092.5,8.60832e-05,0.000430416,6
4095,4100,4097.5,0.000172166,0.000860832,12
4100,4105,4102.5,0.000129125,0.000645624,9
4105,4110,4107.5,8.60832e-05,0.000430416,6
4110,4115,4112.5,7.1736e-05,0.00035868,5
4115,4120,4117.5,0.000143472,0.00071736,10
4120,4125,4122.5,0.000157819,0.000789096,11
4125,4130,4127.5,5.73888e-05,0.000286944,4
4130,4135,4132.5,0.00010043,0.000502152,7
4135,4140,4137.5,8.60832e-05,0.000430416,6
4140,4145,4142.5,0.000186514,0.000932568,13
4145,4150,4147.5,0.000114778,0.000573888,8
4150,4155,4152.5,0.00010043,0.000502152,7
4155,4160,4157.5,0.00010043,0.000502152,7
4160,4165,4162.5,0.000129125,0.000645624,9
4165,4170,4167.5,0.000129125,0.000645624,9
4170,4175,4172.5,0.000114778,0.000573888,8
4175,4180,4177.5,8.60832e-05,0.000430416,6
4180,4185,4182.5,0.000114778,0.000573888,8
4185,4190,4187.5,0.000143472,0.00071736,10
4190,4195,4192.5,5.73888e-05,0.000286944,4
4195,4200,4197.5,5.73888e-05,0.000286944,4
4200,4205,4202.5,2.86944e-05,0.000143472,2
4205,4210,4207.5,0.000200861,0.0010043,14
4210,4215,4212.5,5.73888e-05,0.000286944,4
4215,4220,4217.5,7.1736e-05,0.00035868,5
4220,4225,4222.5,5.73888e-05,0.000286944,4
4225,4230,4227.5,0.000114778,0.000573888,8
4230,4235,4232.5,7.1736e-05,0.00035868,5
4235,4240,4237.5,0.000157819,0.000789096,11
4240,4245,4242.5,0.000129125,0.000645624,9
4245,4250,4247.5,0.000129125,0.000645624,9
4250,4255,4252.5,0.000143472,0.00071736,10
4255,4260,4257.5,0.000129125,0.000645624,9
4260,4265,4262.5,8.60832e-05,0.000430416,6
4265,4270,4267.5,2.86944e-05,0.000143472,2
4270,4275,4272.5,0.00010043,0.000502152,7
4275,4280,4277.5,0.00010043,0.000502152,7
4280,4285,4282.5,0.00010043,0.000502152,7
4285,4290,4287.5,5.73888e-05,0.000286944,4
4290,4295,4292.5,0.000143472,0.00071736,10
4295,4300,4297.5,7.1736e-05,0.00035868,5
4300,4305,4302.5,0.000215208,0.00107604,15
4305,4310,4307.5,0.000114778,0.000573888,8
4310,4315,4312.5,4.30416e-05,0.000215208,3
4315,4320,4317.5,7.1736e-05,0.00035868,5
4320,4325,4322.5,0.000114778,0.000573888,8
4325,4330,4327.5,4.30416e-05,0.000215208,3
4330,4335,4332.5,7.1736e-05,0.00035868,5
4335,4340,4337.5,0.000114778,0.000573888,8
4340,4345,4342.5,0.000143472,0.00071736,10
4345,4350,4347.5,4.30416e-05,0.000215208,3
4350,4355,4352.5,1.43472e-05,7.1736e-05,1
4355,4360,4357.5,4.30416e-05,0.000215208,3
4360,4365,4362.5,2.86944e-05,0.000143472,2
4370,4375,4372.5,4.30416e-05,0.000215208,3
4375,4380,4377.5,1.43472e-05,7.1736e-05,1
4380,4385,4382.5,1.43472e-05,7.1736e-05,1
4385,4390,4387.5,4.30416e-05,0.000215208,3
4395,4400,4397.5,2.86944e-05,0.000143472,2
4400,4405,4402.5,5.73888e-05,0.000286944,4
4405,4410,4407.5,2.86944e-05,0.000143472,2
4410,4415,4412.5,7.1736e-05,0.00035868,5
4415,4420,4417.5,2.86944e-05,0.000143472,2
4420,4425,4422.5,4.30416e-05,0.000215208,3
4425,4430,4427.5,1.43472e-05,7.1736e-05,1
4435,4440,4437.5,8.60832e-05,0.000430416,6
4440,4445,4442.5,5.73888e-05,0.000286944,4
4445,4450,4447.5,4.30416e-05,0.000215208,3
4450,4455,4452.5,1.43472e-05,7.1736e-05,1
4455,4460,4457.5,1.43472e-05,7.1736e-05,1
4460,4465,4462.5,7.1736e-05,0.00035868,5
4465,4470,4467.5,2.86944e-05,0.000143472,2
4470,4475,4472.5,5.73888e-05,0.000286944,4
4475,4480,4477.5,2.86944e-05,0.000143472,2
4480,4485,4482.5,2.86944e-05,0.000143472,2
4490,4495,4492.5,7.1736e-05,0.00035868,5
4495,4500,4497.5,1.43472e-05,7.1736e-05,1
4500,4505,4502.5,2.86944e-05,0.000143472,2
4505,4510,4507.5,1.43472e-05,7.1736e-05,1
4515,4520,4517.5,4.30416e-05,0.000215208,3
4520,4525,4522.5,5.73888e-05,0.000286944,4
4525,4530,4527.5,1.43472e-05,7.1736e-05,1
4530,4535,4532.5,2.86944e-05,0.000143472,2
4535,4540,4537.5,1.43472e-05,7.1736e-05,1
4540,4545,4542.5,0.00010043,0.000502152,7
4545,4550,4547.5,4.30416e-05,0.000215208,3
4550,4555,4552.5,2.86944e-05,0.000143472,2
4555,4560,4557.5,4.30416e-05,0.000215208,3
4560,4565,4562.5,4.30416e-05,0.000215208,3
4565,4570,4567.5,1.43472e-05,7.1736e-05,1
4575,4580,4577.5,1.43472e-05,7.1736e-05,1
4580,4585,4582.5,5.73888e-05,0.000286944,4
4590,4595,4592.5,2.86944e-05,0.000143472,2
4595,4600,4597.5,1.43472e-05,7.1736e-05,1
4610,4615,4612.5,2.86944e-05,0.000143472,2
4615,4620,4617.5,5.73888e-05,0.000286944,4
4625,4630,4627.5,2.86944e-05,0.000143472,2
4635,4640,4637.5,2.86944e-05,0.000143472,2
4640,4645,4642.5,1.43472e-05,7.1736e-05,1
4645,4650,4647.5,2.86944e-05,0.000143472,2
4650,4655,4652.5,2.86944e-05,0.000143472,2
4660,4665,4662.5,2.86944e-05,0.000143472,2
4675,4680,4677.5,2.86944e-05,0.000143472,2
4680,4685,4682.5,1.43472e-05,7.1736e-05,1
4685,4690,4687.5,2.86944e-05,0.000143472,2
4690,4695,4692.5,1.43472e-05,7.1736e-05,1
4695,4700,4697.5,2.86944e-05,0.000143472,2
4700,4705,4702.5,4.30416e-05,0.000215208,3
4710,4715,4712.5,1.43472e-05,7.1736e-05,1
4715,4720,4717.5,1.43472e-05,7.1736e-05,1
4720,4725,4722.5,1.43472e-05,7.1736e-05,1
4725,4730,4727.5,1.43472e-05,7.1736e-05,1
4730,4735,4732.5,2.86944e-05,0.000143472,2
4735,4740,4737.5,1.43472e-05,7.1736e-05,1
4740,4745,4742.5,2.86944e-05,0.000143472,2
4745,4750,4747.5,4.30416e-05,0.000215208,3
4760,4765,4762.5,1.43472e-05,7.1736e-05,1
4775,4780,4777.5,5.73888e-05,0.000286944,4
4780,4785,4782.5,1.43472e-05,7.1736e-05,1
4785,4790,4787.5,1.43472e-05,7.1736e-05,1
4795,4800,4797.5,1.43472e-05,7.1736e-05,1
4800,4805,4802.5,2.86944e-05,0.000143472,2
4805,4810,4807.5,5.73888e-05,0.000286944,4
4810,4815,4812.5,2.86944e-05,0.000143472,2
4815,4820,4817.5,2.86944e-05,0.000143472,2
4825,4830,4827.5,1.43472e-05,7.1736e-05,1
4830,4835,4832.5,1.43472e-05,7.1736e-05,1
4835,4840,4837.5,1.43472e-05,7.1736e-05,1
4840,4845,4842.5,1.43472e-05,7.1736e-05,1
4845,4850,4847.5,1.43472e-05,7.1736e-05,1
4850,4855,4852.5,1.43472e-05,7.1736e-05,1
4860,4865,4862.5,1.43472e-05,7.1736e-05,1
4865,4870,4867.5,4.30416e-05,0.000215208,3
4870,4875,4872.5,2.86944e-05,0.000143472,2
4875,4880,4877.5,5.73888e-05,0.000286944,4
4880,4885,4882.5,1.43472e-05,7.1736e-05,1
4890,4895,4892.5,1.43472e-05,7.1736e-05,1
4900,4905,4902.5,1.43472e-05,7.1736e-05,1
4910,4915,4912.5,2.86944e-05,0.000143472,2
4915,4920,4917.5,1.43472e-05,7.1736e-05,1
4920,4925,4922.5,2.86944e-05,0.000143472,2
4925,4930,4927.5,1.43472e-05,7.1736e-05,1
4935,4940,4937.5,5.73888e-05,0.000286944,4
4940,4945,4942.5,4.30416e-05,0.000215208,3
4945,4950,4947.5,5.73888e-05,0.000286944,4
4950,4955,4952.5,1.43472e-05,7.1736e-05,1
4955,4960,4957.5,1.43472e-05,7.1736e-05,1
4965,4970,4967.5,1.43472e-05,7.1736e-05,1
4970,4975,4972.5,1.43472e-05,7.1736e-05,1
4975,4980,4977.5,1.43472e-05,7.1736e-05,1
4980,4985,4982.5,2.86944e-05,0.000143472,2
4985,4990,4987.5,4.30416e-05,0.000215208,3
4990,4995,4992.5,4.30416e-05,0.000215208,3
4995,5000,4997.5,1.43472e-05,7.1736e-05,1
5000,5005,5002.5,2.86944e-05,0.000143472,2
5005,5010,5007.5,2.86944e-05,0.000143472,2
5010,5015,5012.5,1.43472e-05,7.1736e-05,1
5020,5025,5022.5,1.43472e-05,7.1736e-05,1
5030,5035,5032.5,1.43472e-05,7.1736e-05,1
5035,5040,5037.5,1.43472e-05,7.1736e-05,1
5040,5045,5042.5,5.73888e-05,0.000286944,4
5045,5050,5047.5,7.1736e-05,0.00035868,5
5050,5055,5052.5,2.86944e-05,0.000143472,2
5055,5060,5057.5,1.43472e-05,7.1736e-05,1
5060,5065,5062.5,1.43472e-05,7.1736e-05,1
5065,5070,5067.5,2.86944e-05,0.000143472,2
5075,5080,5077.5,2.86944e-05,0.000143472,2
5080,5085,5082.5,1.43472e-05,7.1736e-05,1
5090,5095,5092.5,1.43472e-05,7.1736e-05,1
5095,5100,5097.5,1.43472e-05,7.1736e-05,1
5100,5105,5102.5,1.43472e-05,7.1736e-05,1
5105,5110,5107.5,1.43472e-05,7.1736e-05,1
5130,5135,5132.5,2.86944e-05,0.000143472,2
5135,5140,5137.5,1.43472e-05,7.1736e-05,1
5140,5145,5142.5,4.30416e-05,0.000215208,3
5145,5150,5147.5,2.86944e-05,0.000143472,2
5150,5155,5152.5,1.43472e-05,7.1736e-05,1
5155,5160,5157.5,2.86944e-05,0.000143472,2
5160,5165,5162.5,5.73888e-05,0.000286944,4
5165,5170,5167.5,1.43472e-05,7.1736e-05,1
5175,5180,5177.5,4.30416e-05,0.000215208,3
5180,5185,5182.5,7.1736e-05,0.00035868,5
5185,5190,5187.5,4.30416e-05,0.000215208,3
5190,5195,5192.5,4.30416e-05,0.000215208,3
5195,5200,5197.5,1.43472e-05,7.1736e-05,1
5200,5205,5202.5,1.43472e-05,7.1736e-05,1
5205,5210,5207.5,2.86944e-05,0.000143472,2
5210,5215,5212.5,1.43472e-05,7.1736e-05,1
5215,5220,5217.5,1.43472e-05,7.1736e-05,1
5220,5225,5222.5,1.43472e-05,7.1736e-05,1
5225,5230,5227.5,1.43472e-05,7.1736e-05,1
5230,5235,5232.5,2.86944e-05,0.000143472,2
5235,5240,5237.5,2.86944e-05,0.000143472,2
5245,5250,5247.5,2.86944e-05,0.000143472,2
5250,5255,5252.5,1.43472e-05,7.1736e-05,1
5265,5270,5267.5,4.30416e-05,0.000215208,3
5270,5275,5272.5,2.86944e-05,0.000143472,2
5275,5280,5277.5,4.30416e-05,0.000215208,3
5280,5285,5282.5,2.86944e-05,0.000143472,2
5290,5295,5292.5,2.86944e-05,0.000143472,2
5300,5305,5302.5,2.86944e-05,0.000143472,2
5310,5315,5312.5,1.43472e-05,7.1736e-05,1
5315,5320,5317.5,5.73888e-05,0.000286944,4
5320,5325,5322.5,1.43472e-05,7.1736e-05,1
5335,5340,5337.5,2.86944e-05,0.000143472,2
5340,5345,5342.5,1.43472e-05,7.1736e-05,1
5345,5350,5347.5,1.43472e-05,7.1736e-05,1
5350,5355,5352.5,1.43472e-05,7.1736e-05,1
5355,5360,5357.5,1.43472e-05,7.1736e-05,1
5365,5370,5367.5,1.43472e-05,7.1736e-05,1
5370,5375,5372.5,4.30416e-05,0.000215208,3
5380,5385,5382.5,5.73888e-05,0.000286944,4
5385,5390,5387.5,1.43472e-05,7.1736e-05,1
5390,5395,5392.5,1.43472e-05,7.1736e-05,1
5405,5410,5407.5,1.43472e-05,7.1736e-05,1
5410,5415,5412.5,1.43472e-05,7.1736e-05,1
5415,5420,5417.5,1.43472e-05,7.1736e-05,1
5425,5430,5427.5,1.43472e-05,7.1736e-05,1
5430,5435,5432.5,1.43472e-05,7.1736e-05,1
5435,5440,5437.5,2.86944e-05,0.000143472,2
5440,5445,5442.5,2.86944e-05,0.000143472,2
5450,5455,5452.5,1.43472e-05,7.1736e-05,1
5455,5460,5457.5,4.30416e-05,0.000215208,3
5460,5465,5462.5,2.86944e-05,0.000143472,2
5465,5470,5467.5,2.86944e-05,0.000143472,2
5470,5475,5472.5,1.43472e-05,7.1736e-05,1
5485,5490,5487.5,2.86944e-05,0.000143472,2
5500,5505,5502.5,1.43472e-05,7.1736e-05,1
5505,5510,5507.5,1.43472e-05,7.1736e-05,1
5510,5515,5512.5,2.86944e-05,0.000143472,2
5515,5520,5517.5,5.73888e-05,0.000286944,4
5520,5525,5522.5,2.86944e-05,0.000143472,2
5535,5540,5537.5,2.86944e-05,0.000143472,2
5540,5545,5542.5,1.43472e-05,7.1736e-05,1
5555,5560,5557.5,2.86944e-05,0.000143472,2
5560,5565,5562.5,2.86944e-05,0.000143472,2
5575,5580,5577.5,2.86944e-05,0.000143472,2
5580,5585,5582.5,2.86944e-05,0.000143472,2
5585,5590,5587.5,1.43472e-05,7.1736e-05,1
5595,5600,5597.5,5.73888e-05,0.000286944,4
5600,5605,5602.5,4.30416e-05,0.000215208,3
5605,5610,5607.5,1.43472e-05,7.1736e-05,1
5610,5615,5612.5,4.30416e-05,0.000215208,3
5625,5630,5627.5,1.43472e-05,7.1736e-05,1
5630,5635,5632.5,1.43472e-05,7.1736e-05,1
5640,5645,5642.5,4.30416e-05,0.000215208,3
5645,5650,5647.5,1.43472e-05,7.1736e-05,1
5650,5655,5652.5,1.43472e-05,7.1736e-05,1
5655,5660,5657.5,2.86944e-05,0.000143472,2
5665,5670,5667.5,1.43472e-05,7.1736e-05,1
5670,5675,5672.5,1.43472e-05,7.1736e-05,1
5680,5685,5682.5,2.86944e-05,0.000143472,2
5695,5700,5697.5,1.43472e-05,7.1736e-05,1
5705,5710,5707.5,1.43472e-05,7.1736e-05,1
5710,5715,5712.5,1.43472e-05,7.1736e-05,1
5715,5720,5717.5,4.30416e-05,0.000215208,3
5720,5725,5722.5,1.43472e-05,7.1736e-05,1
5730,5735,5732.5,1.43472e-05,7.1736e-05,1
5735,5740,5737.5,4.30416e-05,0.000215208,3
5740,5745,5742.5,1.43472e-05,7.1736e-05,1
5745,5750,5747.5,1.43472e-05,7.1736e-05,1
5750,5755,5752.5,2.86944e-05,0.000143472,2
5760,5765,5762.5,2.86944e-05,0.000143472,2
5765,5770,5767.5,1.43472e-05,7.1736e-05,1
5775,5780,5777.5,5.73888e-05,0.000286944,4
5780,5785,5782.5,2.86944e-05,0.000143472,2
5785,5790,5787.5,1.43472e-05,7.1736e-05,1
5790,5795,5792.5,4.30416e-05,0.000215208,3
5795,5800,5797.5,1.43472e-05,7.1736e-05,1
5800,5805,5802.5,1.43472e-05,7.1736e-05,1
5805,5810,5807.5,4.30416e-05,0.000215208,3
5815,5820,5817.5,2.86944e-05,0.000143472,2
5820,5825,5822.5,1.43472e-05,7.1736e-05,1
5825,5830,5827.5,2.86944e-05,0.000143472,2
5830,5835,5832.5,1.43472e-05,7.1736e-05,1
5835,5840,5837.5,2.86944e-05,0.000143472,2
5840,5845,5842.5,1.43472e-05,7.1736e-05,1
5845,5850,5847.5,1.43472e-05,7.1736e-05,1
5850,5855,5852.5,1.43472e-05,7.1736e-05,1
5855,5860,5857.5,2.86944e-05,0.000143472,2
5865,5870,5867.5,2.86944e-05,0.000143472,2
5870,5875,5872.5,2.86944e-05,0.000143472,2
5875,5880,5877.5,2.86944e-05,0.000143472,2
5880,5885,5882.5,1.43472e-05,7.1736e-05,1
5885,5890,5887.5,2.86944e-05,0.000143472,2
5895,5900,5897.5,2.86944e-05,0.000143472,2
5900,5905,5902.5,1.43472e-05,7.1736e-05,1
5905,5910,5907.5,2.86944e-05,0.000143472,2
5910,5915,5912.5,2.86944e-05,0.000143472,2
5920,5925,5922.5,4.30416e-05,0.000215208,3
5925,5930,5927.5,1.43472e-05,7.1736e-05,1
5940,5945,5942.5,1.43472e-05,7.1736e-05,1
5950,5955,5952.5,1.43472e-05,7.1736e-05,1
5965,5970,5967.5,1.43472e-05,7.1736e-05,1
5975,5980,5977.5,2.86944e-05,0.000143472,2
5985,5990,5987.5,1.43472e-05,7.1736e-05,1
5990,5995,5992.5,1.43472e-05,7.1736e-05,1
5995,6000,5997.5,4.30416e-05,0.000215208,3
6000,6005,6002.5,1.43472e-05,7.1736e-05,1
6005,6010,6007.5,2.86944e-05,0.000143472,2
6010,6015,6012.5,1.43472e-05,7.1736e-05,1
6015,6020,6017.5,1.43472e-05,7.1736e-05,1
6020,6025,6022.5,1.43472e-05,7.1736e-05,1
6025,6030,6027.5,4.30416e-05,0.000215208,3
6030,6035,6032.5,1.43472e-05,7.1736e-05,1
6040,6045,6042.5,2.86944e-05,0.000143472,2
6045,6050,6047.5,2.86944e-05,0.000143472,2
6055,6060,6057.5,1.43472e-05,7.1736e-05,1
6060,6065,6062.5,1.43472e-05,7.1736e-05,1
6065,6070,6067.5,2.86944e-05,0.000143472,2
6075,6080,6077.5,1.43472e-05,7.1736e-05,1
6090,6095,6092.5,1.43472e-05,7.1736e-05,1
6095,6100,6097.5,4.30416e-05,0.000215208,3
6100,6105,6102.5,2.86944e-05,0.000143472,2
6105,6110,6107.5,2.86944e-05,0.000143472,2
6110,6115,6112.5,1.43472e-05,7.1736e-05,1
6115,6120,6117.5,4.30416e-05,0.000215208,3
6130,6135,6132.5,1.43472e-05,7.1736e-05,1
6135,6140,6137.5,4.30416e-05,0.000215208,3
6145,6150,6147.5,1.43472e-05,7.1736e-05,1
6150,6155,6152.5,2.86944e-05,0.000143472,2
6155,6160,6157.5,1.43472e-05,7.1736e-05,1
6160,6165,6162.5,4.30416e-05,0.000215208,3
6170,6175,6172.5,2.86944e-05,0.000143472,2
6175,6180,6177.5,2.86944e-05,0.000143472,2
6180,6185,6182.5,4.30416e-05,0.000215208,3
6195,6200,6197.5,4.30416e-05,0.000215208,3
6210,6215,6212.5,1.43472e-05,7.1736e-05,1
6215,6220,6217.5,1.43472e-05,7.1736e-05,1
6225,6230,6227.5,1.43472e-05,7.1736e-05,1
6235,6240,6237.5,1.43472e-05,7.1736e-05,1
6240,6245,6242.5,1.43472e-05,7.1736e-05,1
6250,6255,6252.5,4.30416e-05,0.000215208,3
6255,6260,6257.5,1.43472e-05,7.1736e-05,1
6260,6265,6262.5,1.43472e-05,7.1736e-05,1
6270,6275,6272.5,2.86944e-05,0.000143472,2
6275,6280,6277.5,2.86944e-05,0.000143472,2
6280,6285,6282.5,2.86944e-05,0.000143472,2
6285,6290,6287.5,2.86944e-05,0.000143472,2
6300,6305,6302.5,2.86944e-05,0.000143472,2
6305,6310,6307.5,1.43472e-05,7.1736e-05,1
6315,6320,6317.5,1.43472e-05,7.1736e-05,1
6335,6340,6337.5,2.86944e-05,0.000143472,2
6340,6345,6342.5,1.43472e-05,7.1736e-05,1
6345,6350,6347.5,2.86944e-05,0.000143472,2
6355,6360,6357.5,5.73888e-05,0.000286944,4
6365,6370,6367.5,2.86944e-05,0.000143472,2
6375,6380,6377.5,2.86944e-05,0.000143472,2
6390,6395,6392.5,2.86944e-05,0.000143472,2
6400,6405,6402.5,1.43472e-05,7.1736e-05,1
6405,6410,6407.5,1.43472e-05,7.1736e-05,1
6410,6415,6412.5,1.43472e-05,7.1736e-05,1
6415,6420,6417.5,1.43472e-05,7.1736e-05,1
6420,6425,6422.5,1.43472e-05,7.1736e-05,1
6425,6430,6427.5,1.43472e-05,7.1736e-05,1
6430,6435,6432.5,1.43472e-05,7.1736e-05,1
6440,6445,6442.5,1.43472e-05,7.1736e-05,1
6445,6450,6447.5,1.43472e-05,7.1736e-05,1
6450,6455,6452.5,2.86944e-05,0.000143472,2
6460,6465,6462.5,1.43472e-05,7.1736e-05,1
6465,6470,6467.5,1.43472e-05,7.1736e-05,1
6470,6475,6472.5,1.43472e-05,7.1736e-05,1
6475,6480,6477.5,1.43472e-05,7.1736e-05,1
6480,6485,6482.5,2.86944e-05,0.000143472,2
6490,6495,6492.5,2.86944e-05,0.000143472,2
6495,6500,6497.5,1.43472e-05,7.1736e-05,1
6505,6510,6507.5,2.86944e-05,0.000143472,2
6510,6515,6512.5,1.43472e-05,7.1736e-05,1
6515,6520,6517.5,1.43472e-05,7.1736e-05,1
6525,6530,6527.5,1.43472e-05,7.1736e-05,1
6530,6535,6532.5,2.86944e-05,0.000143472,2
6550,6555,6552.5,1.43472e-05,7.1736e-05,1
6555,6560,6557.5,1.43472e-05,7.1736e-05,1
6560,6565,6562.5,2.86944e-05,0.000143472,2
6570,6575,6572.5,4.30416e-05,0.000215208,3
6575,6580,6577.5,2.86944e-05,0.000143472,2
6580,6585,6582.5,4.30416e-05,0.000215208,3
6585,6590,6587.5,1.43472e-05,7.1736e-05,1
6595,6600,6597.5,1.43472e-05,7.1736e-05,1
6600,6605,6602.5,1.43472e-05,7.1736e-05,1
6605,6610,6607.5,2.86944e-05,0.000143472,2
6610,6615,6612.5,1.43472e-05,7.1736e-05,1
6615,6620,6617.5,2.86944e-05,0.000143472,2
6620,6625,6622.5,1.43472e-05,7.1736e-05,1
6625,6630,6627.5,2.86944e-05,0.000143472,2
6630,6635,6632.5,2.86944e-05,0.000143472,2
6635,6640,6637.5,1.43472e-05,7.1736e-05,1
6640,6645,6642.5,1.43472e-05,7.1736e-05,1
6645,6650,6647.5,1.43472e-05,7.1736e-05,1
6655,6660,6657.5,1.43472e-05,7.1736e-05,1
6665,6670,6667.5,2.86944e-05,0.000143472,2
6670,6675,6672.5,1.43472e-05,7.1736e-05,1
6680,6685,6682.5,1.43472e-05,7.1736e-05,1
6685,6690,6687.5,1.43472e-05,7.1736e-05,1
6690,6695,6692.5,4.30416e-05,0.000215208,3
6695,6700,6697.5,2.86944e-05,0.000143472,2
6715,6720,6717.5,1.43472e-05,7.1736e-05,1
6720,6725,6722.5,1.43472e-05,7.1736e-05,1
6725,6730,6727.5,1.43472e-05,7.1736e-05,1
6730,6735,6732.5,1.43472e-05,7.1736e-05,1
6735,6740,6737.5,1.43472e-05,7.1736e-05,1
6745,6750,6747.5,2.86944e-05,0.000143472,2
6750,6755,6752.5,1.43472e-05,7.1736e-05,1
6760,6765,6762.5,1.43472e-05,7.1736e-05,1
6765,6770,6767.5,1.43472e-05,7.1736e-05,1
6775,6780,6777.5,4.30416e-05,0.000215208,3
6785,6790,6787.5,1.43472e-05,7.1736e-05,1
6790,6795,6792.5,2.86944e-05,0.000143472,2
6800,6805,6802.5,1.43472e-05,7.1736e-05,1
6830,6835,6832.5,2.86944e-05,0.000143472,2
6840,6845,6842.5,1.43472e-05,7.1736e-05,1
6855,6860,6857.5,1.43472e-05,7.1736e-05,1
6870,6875,6872.5,2.86944e-05,0.000143472,2
6875,6880,6877.5,1.43472e-05,7.1736e-05,1
6880,6885,6882.5,1.43472e-05,7.1736e-05,1
6885,6890,6887.5,4.30416e-05,0.000215208,3
6890,6895,6892.5,2.86944e-05,0.000143472,2
6915,6920,6917.5,2.86944e-05,0.000143472,2
6935,6940,6937.5,2.86944e-05,0.000143472,2
6945,6950,6947.5,1.43472e-05,7.1736e-05,1
6950,6955,6952.5,2.86944e-05,0.000143472,2
6960,6965,6962.5,2.86944e-05,0.000143472,2
6970,6975,6972.5,2.86944e-05,0.000143472,2
6975,6980,6977.5,2.86944e-05,0.000143472,2
6980,6985,6982.5,1.43472e-05,7.1736e-05,1
6995,7000,6997.5,2.86944e-05,0.000143472,2
7000,7005,7002.5,1.43472e-05,7.1736e-05,1
7010,7015,7012.5,4.30416e-05,0.000215208,3
7020,7025,7022.5,2.86944e-05,0.000143472,2
7030,7035,7032.5,1.43472e-05,7.1736e-05,1
7035,7040,7037.5,4.30416e-05,0.000215208,3
7040,7045,7042.5,1.43472e-05,7.1736e-05,1
7045,7050,7047.5,1.43472e-05,7.1736e-05,1
7050,7055,7052.5,1.43472e-05,7.1736e-05,1
7055,7060,7057.5,1.43472e-05,7.1736e-05,1
7070,7075,7072.5,2.86944e-05,0.000143472,2
7080,7085,7082.5,1.43472e-05,7.1736e-05,1
7085,7090,7087.5,1.43472e-05,7.1736e-05,1
7090,7095,7092.5,1.43472e-05,7.1736e-05,1
7100,7105,7102.5,1.43472e-05,7.1736e-05,1
7110,7115,7112.5,1.43472e-05,7.1736e-05,1
7125,7130,7127.5,1.43472e-05,7.1736e-05,1
7130,7135,7132.5,1.43472e-05,7.1736e-05,1
7135,7140,7137.5,1.43472e-05,7.1736e-05,1
7150,7155,7152.5,1.43472e-05,7.1736e-05,1
7155,7160,7157.5,1.43472e-05,7.1736e-05,1
7160,7165,7162.5,5.73888e-05,0.000286944,4
7165,7170,7167.5,2.86944e-05,0.000143472,2
7170,7175,7172.5,1.43472e-05,7.1736e-05,1
7175,7180,7177.5,1.43472e-05,7.1736e-05,1
7180,7185,7182.5,1.43472e-05,7.1736e-05,1
7185,7190,7187.5,1.43472e-05,7.1736e-05,1
7190,7195,7192.5,1.43472e-05,7.1736e-05,1
7210,7215,7212.5,1.43472e-05,7.1736e-05,1
7230,7235,7232.5,2.86944e-05,0.000143472,2
7235,7240,7237.5,1.43472e-05,7.1736e-05,1
7240,7245,7242.5,1.43472e-05,7.1736e-05,1
7250,7255,7252.5,1.43472e-05,7.1736e-05,1
7255,7260,7257.5,4.30416e-05,0.000215208,3
7260,7265,7262.5,1.43472e-05,7.1736e-05,1
7265,7270,7267.5,1.43472e-05,7.1736e-05,1
7280,7285,7282.5,1.43472e-05,7.1736e-05,1
7290,7295,7292.5,1.43472e-05,7.1736e-05,1
7295,7300,7297.5,2.86944e-05,0.000143472,2
7300,7305,7302.5,7.1736e-05,0.00035868,5
7310,7315,7312.5,4.30416e-05,0.000215208,3
7315,7320,7317.5,1.43472e-05,7.1736e-05,1
7325,7330,7327.5,1.43472e-05,7.1736e-05,1
7330,7335,7332.5,1.43472e-05,7.1736e-05,1
7335,7340,7337.5,1.43472e-05,7.1736e-05,1
7345,7350,7347.5,1.43472e-05,7.1736e-05,1
7355,7360,7357.5,4.30416e-05,0.000215208,3
7360,7365,7362.5,2.86944e-05,0.000143472,2
7365,7370,7367.5,1.43472e-05,7.1736e-05,1
7370,7375,7372.5,2.86944e-05,0.000143472,2
7375,7380,7377.5,1.43472e-05,7.1736e-05,1
7385,7390,7387.5,1.43472e-05,7.1736e-05,1
7390,7395,7392.5,1.43472e-05,7.1736e-05,1
7395,7400,7397.5,1.43472e-05,7.1736e-05,1
7400,7405,7402.5,2.86944e-05,0.000143472,2
7415,7420,7417.5,2.86944e-05,0.000143472,2
7425,7430,7427.5,1.43472e-05,7.1736e-05,1
7430,7435,7432.5,1.43472e-05,7.1736e-05,1
7440,7445,7442.5,1.43472e-05,7.1736e-05,1
7445,7450,7447.5,1.43472e-05,7.1736e-05,1
7455,7460,7457.5,1.43472e-05,7.1736e-05,1
7475,7480,7477.5,1.43472e-05,7.1736e-05,1
7480,7485,7482.5,1.43472e-05,7.1736e-05,1
7490,7495,7492.5,1.43472e-05,7.1736e-05,1
7510,7515,7512.5,1.43472e-05,7.1736e-05,1
7525,7530,7527.5,1.43472e-05,7.1736e-05,1
7535,7540,7537.5,2.86944e-05,0.000143472,2
7550,7555,7552.5,1.43472e-05,7.1736e-05,1
7565,7570,7567.5,1.43472e-05,7.1736e-05,1
7570,7575,7572.5,1.43472e-05,7.1736e-05,1
7580,7585,7582.5,1.43472e-05,7.1736e-05,1
7585,7590,7587.5,1.43472e-05,7.1736e-05,1
7600,7605,7602.5,5.73888e-05,0.000286944,4
7610,7615,7612.5,1.43472e-05,7.1736e-05,1
7615,7620,7617.5,2.86944e-05,0.000143472,2
7620,7625,7622.5,1.43472e-05,7.1736e-05,1
7630,7635,7632.5,1.43472e-05,7.1736e-05,1
7635,7640,7637.5,1.43472e-05,7.1736e-05,1
7640,7645,7642.5,1.43472e-05,7.1736e-05,1
7645,7650,7647.5,4.30416e-05,0.000215208,3
7650,7655,7652.5,7.1736e-05,0.00035868,5
7655,7660,7657.5,1.43472e-05,7.1736e-05,1
7675,7680,7677.5,1.43472e-05,7.1736e-05,1
7685,7690,7687.5,1.43472e-05,7.1736e-05,1
7710,7715,7712.5,2.86944e-05,0.000143472,2
7720,7725,7722.5,1.43472e-05,7.1736e-05,1
7735,7740,7737.5,1.43472e-05,7.1736e-05,1
7745,7750,7747.5,2.86944e-05,0.000143472,2
7750,7755,7752.5,1.43472e-05,7.1736e-05,1
7760,7765,7762.5,2.86944e-05,0.000143472,2
7765,7770,7767.5,1.43472e-05,7.1736e-05,1
7780,7785,7782.5,1.43472e-05,7.1736e-05,1
7790,7795,7792.5,1.43472e-05,7.1736e-05,1
7800,7805,7802.5,1.43472e-05,7.1736e-05,1
7810,7815,7812.5,1.43472e-05,7.1736e-05,1
7830,7835,7832.5,1.43472e-05,7.1736e-05,1
7845,7850,7847.5,1.43472e-05,7.1736e-05,1
7850,7855,7852.5,1.43472e-05,7.1736e-05,1
7855,7860,7857.5,2.86944e-05,0.000143472,2
7865,7870,7867.5,4.30416e-05,0.000215208,3
7870,7875,7872.5,1.43472e-05,7.1736e-05,1
7875,7880,7877.5,1.43472e-05,7.1736e-05,1
7880,7885,7882.5,1.43472e-05,7.1736e-05,1
7885,7890,7887.5,1.43472e-05,7.1736e-05,1
7890,7895,7892.5,1.43472e-05,7.1736e-05,1
7915,7920,7917.5,2.86944e-05,0.000143472,2
7925,7930,7927.5,1.43472e-05,7.1736e-05,1
7935,7940,7937.5,1.43472e-05,7.1736e-05,1
7940,7945,7942.5,1.43472e-05,7.1736e-05,1
7945,7950,7947.5,2.86944e-05,0.000143472,2
7950,7955,7952.5,1.43472e-05,7.1736e-05,1
7965,7970,7967.5,2.86944e-05,0.000143472,2
7980,7985,7982.5,1.43472e-05,7.1736e-05,1
7985,7990,7987.5,1.43472e-05,7.1736e-05,1
7990,7995,7992.5,1.43472e-05,7.1736e-05,1
7995,8000,7997.5,1.43472e-05,7.1736e-05,1
8000,8005,8002.5,4.30416e-05,0.000215208,3
8005,8010,8007.5,2.86944e-05,0.000143472,2
8010,8015,8012.5,1.43472e-05,7.1736e-05,1
8015,8020,8017.5,1.43472e-05,7.1736e-05,1
8030,8035,8032.5,2.86944e-05,0.000143472,2
8035,8040,8037.5,2.86944e-05,0.000143472,2
8040,8045,8042.5,2.86944e-05,0.000143472,2
8050,8055,8052.5,1.43472e-05,7.1736e-05,1
8060,8065,8062.5,1.43472e-05,7.1736e-05,1
8065,8070,8067.5,2.86944e-05,0.000143472,2
8075,8080,8077.5,1.43472e-05,7.1736e-05,1
8080,8085,8082.5,2.86944e-05,0.000143472,2
8085,8090,8087.5,5.73888e-05,0.000286944,4
8095,8100,8097.5,1.43472e-05,7.1736e-05,1
8105,8110,8107.5,4.30416e-05,0.000215208,3
8110,8115,8112.5,1.43472e-05,7.1736e-05,1
8120,8125,8122.5,2.86944e-05,0.000143472,2
8140,8145,8142.5,2.86944e-05,0.000143472,2
8145,8150,8147.5,2.86944e-05,0.000143472,2
8155,8160,8157.5,1.43472e-05,7.1736e-05,1
8170,8175,8172.5,1.43472e-05,7.1736e-05,1
8185,8190,8187.5,2.86944e-05,0.000143472,2
8190,8195,8192.5,1.43472e-05,7.1736e-05,1
8195,8200,8197.5,2.86944e-05,0.000143472,2
8200,8205,8202.5,2.86944e-05,0.000143472,2
8210,8215,8212.5,5.73888e-05,0.000286944,4
8220,8225,8222.5,2.86944e-05,0.000143472,2
8225,8230,8227.5,1.43472e-05,7.1736e-05,1
8230,8235,8232.5,2.86944e-05,0.000143472,2
8240,8245,8242.5,4.30416e-05,0.000215208,3
8255,8260,8257.5,1.43472e-05,7.1736e-05,1
8270,8275,8272.5,1.43472e-05,7.1736e-05,1
8300,8305,8302.5,1.43472e-05,7.1736e-05,1
8325,8330,8327.5,1.43472e-05,7.1736e-05,1
8330,8335,8332.5,1.43472e-05,7.1736e-05,1
8345,8350,8347.5,1.43472e-05,7.1736e-05,1
8350,8355,8352.5,4.30416e-05,0.000215208,3
8355,8360,8357.5,1.43472e-05,7.1736e-05,1
8360,8365,8362.5,4.30416e-05,0.000215208,3
8370,8375,8372.5,4.30416e-05,0.000215208,3
8385,8390,8387.5,2.86944e-05,0.000143472,2
8395,8400,8397.5,1.43472e-05,7.1736e-05,1
8400,8405,8402.5,1.43472e-05,7.1736e-05,1
8405,8410,8407.5,2.86944e-05,0.000143472,2
8420,8425,8422.5,1.43472e-05,7.1736e-05,1
8425,8430,8427.5,1.43472e-05,7.1736e-05,1
8430,8435,8432.5,1.43472e-05,7.1736e-05,1
8435,8440,8437.5,1.43472e-05,7.1736e-05,1
8445,8450,8447.5,1.43472e-05,7.1736e-05,1
8455,8460,8457.5,1.43472e-05,7.1736e-05,1
8480,8485,8482.5,2.86944e-05,0.000143472,2
8490,8495,8492.5,1.43472e-05,7.1736e-05,1
8515,8520,8517.5,1.43472e-05,7.1736e-05,1
8525,8530,8527.5,1.43472e-05,7.1736e-05,1
8545,8550,8547.5,1.43472e-05,7.1736e-05,1
8555,8560,8557.5,1.43472e-05,7.1736e-05,1
8570,8575,8572.5,1.43472e-05,7.1736e-05,1
8580,8585,8582.5,1.43472e-05,7.1736e-05,1
8585,8590,8587.5,1.43472e-05,7.1736e-05,1
8590,8595,8592.5,2.86944e-05,0.000143472,2
8595,8600,8597.5,1.43472e-05,7.1736e-05,1
8605,8610,8607.5,1.43472e-05,7.1736e-05,1
8615,8620,8617.5,1.43472e-05,7.1736e-05,1
8620,8625,8622.5,1.43472e-05,7.1736e-05,1
8635,8640,8637.5,2.86944e-05,0.000143472,2
8650,8655,8652.5,1.43472e-05,7.1736e-05,1
8655,8660,8657.5,4.30416e-05,0.000215208,3
8670,8675,8672.5,1.43472e-05,7.1736e-05,1
8690,8695,8692.5,1.43472e-05,7.1736e-05,1
8700,8705,8702.5,1.43472e-05,7.1736e-05,1
8710,8715,8712.5,2.86944e-05,0.000143472,2
8715,8720,8717.5,1.43472e-05,7.1736e-05,1
8725,8730,8727.5,1.43472e-05,7.1736e-05,1
8730,8735,8732.5,1.43472e-05,7.1736e-05,1
8745,8750,8747.5,1.43472e-05,7.1736e-05,1
8750,8755,8752.5,1.43472e-05,7.1736e-05,1
8755,8760,8757.5,1.43472e-05,7.1736e-05,1
8760,8765,8762.5,1.43472e-05,7.1736e-05,1
8775,8780,8777.5,2.86944e-05,0.000143472,2
8780,8785,8782.5,1.43472e-05,7.1736e-05,1
8790,8795,8792.5,2.86944e-05,0.000143472,2
8800,8805,8802.5,1.43472e-05,7.1736e-05,1
8810,8815,8812.5,1.43472e-05,7.1736e-05,1
8815,8820,8817.5,1.43472e-05,7.1736e-05,1
8820,8825,8822.5,1.43472e-05,7.1736e-05,1
8825,8830,8827.5,1.43472e-05,7.1736e-05,1
8830,8835,8832.5,1.43472e-05,7.1736e-05,1
8835,8840,8837.5,2.86944e-05,0.000143472,2
8840,8845,8842.5,1.43472e-05,7.1736e-05,1
8870,8875,8872.5,1.43472e-05,7.1736e-05,1
8875,8880,8877.5,1.43472e-05,7.1736e-05,1
8880,8885,8882.5,1.43472e-05,7.1736e-05,1
8920,8925,8922.5,1.43472e-05,7.1736e-05,1
8935,8940,8937.5,1.43472e-05,7.1736e-05,1
8945,8950,8947.5,2.86944e-05,0.000143472,2
8950,8955,8952.5,1.43472e-05,7.1736e-05,1
8960,8965,8962.5,1.43472e-05,7.1736e-05,1
8990,8995,8992.5,1.43472e-05,7.1736e-05,1
9005,9010,9007.5,1.43472e-05,7.1736e-05,1
9010,9015,9012.5,1.43472e-05,7.1736e-05,1
9025,9030,9027.5,2.86944e-05,0.000143472,2
9030,9035,9032.5,2.86944e-05,0.000143472,2
9045,9050,9047.5,1.43472e-05,7.1736e-05,1
9060,9065,9062.5,1.43472e-05,7.1736e-05,1
9100,9105,9102.5,2.86944e-05,0.000143472,2
9105,9110,9107.5,1.43472e-05,7.1736e-05,1
9125,9130,9127.5,4.30416e-05,0.000215208,3
9130,9135,9132.5,1.43472e-05,7.1736e-05,1
9135,9140,9137.5,1.43472e-05,7.1736e-05,1
9145,9150,9147.5,4.30416e-05,0.000215208,3
9150,9155,9152.5,1.43472e-05,7.1736e-05,1
9155,9160,9157.5,1.43472e-05,7.1736e-05,1
9170,9175,9172.5,1.43472e-05,7.1736e-05,1
9180,9185,9182.5,1.43472e-05,7.1736e-05,1
9185,9190,9187.5,1.43472e-05,7.1736e-05,1
9200,9205,9202.5,1.43472e-05,7.1736e-05,1
9205,9210,9207.5,2.86944e-05,0.000143472,2
9215,9220,9217.5,2.86944e-05,0.000143472,2
9225,9230,9227.5,4.30416e-05,0.000215208,3
9230,9235,9232.5,4.30416e-05,0.000215208,3
9235,9240,9237.5,1.43472e-05,7.1736e-05,1
9240,9245,9242.5,1.43472e-05,7.1736e-05,1
9255,9260,9257.5,1.43472e-05,7.1736e-05,1
9260,9265,9262.5,1.43472e-05,7.1736e-05,1
9275,9280,9277.5,1.43472e-05,7.1736e-05,1
9280,9285,9282.5,1.43472e-05,7.1736e-05,1
9285,9290,9287.5,1.43472e-05,7.1736e-05,1
9290,9295,9292.5,2.86944e-05,0.000143472,2
9300,9305,9302.5,1.43472e-05,7.1736e-05,1
9305,9310,9307.5,1.43472e-05,7.1736e-05,1
9320,9325,9322.5,1.43472e-05,7.1736e-05,1
9325,9330,9327.5,2.86944e-05,0.000143472,2
9330,9335,9332.5,1.43472e-05,7.1736e-05,1
9340,9345,9342.5,1.43472e-05,7.1736e-05,1
9365,9370,9367.5,2.86944e-05,0.000143472,2
9375,9380,9377.5,1.43472e-05,7.1736e-05,1
9385,9390,9387.5,1.43472e-05,7.1736e-05,1
9395,9400,9397.5,2.86944e-05,0.000143472,2
9400,9405,9402.5,1.43472e-05,7.1736e-05,1
9410,9415,9412.5,1.43472e-05,7.1736e-05,1
9425,9430,9427.5,2.86944e-05,0.000143472,2
9460,9465,9462.5,2.86944e-05,0.000143472,2
9475,9480,9477.5,1.43472e-05,7.1736e-05,1
9500,9505,9502.5,1.43472e-05,7.1736e-05,1
9505,9510,9507.5,1.43472e-05,7.1736e-05,1
9510,9515,9512.5,1.43472e-05,7.1736e-05,1
9515,9520,9517.5,1.43472e-05,7.1736e-05,1
9525,9530,9527.5,4.30416e-05,0.000215208,3
9540,9545,9542.5,1.43472e-05,7.1736e-05,1
9560,9565,9562.5,1.43472e-05,7.1736e-05,1
9580,9585,9582.5,1.43472e-05,7.1736e-05,1
9595,9600,9597.5,1.43472e-05,7.1736e-05,1
9600,9605,9602.5,1.43472e-05,7.1736e-05,1
9610,9615,9612.5,1.43472e-05,7.1736e-05,1
9615,9620,9617.5,1.43472e-05,7.1736e-05,1
9620,9625,9622.5,1.43472e-05,7.1736e-05,1
9635,9640,9637.5,1.43472e-05,7.1736e-05,1
9665,9670,9667.5,1.43472e-05,7.1736e-05,1
9700,9705,9702.5,1.43472e-05,7.1736e-05,1
9705,9710,9707.5,1.43472e-05,7.1736e-05,1
9715,9720,9717.5,2.86944e-05,0.000143472,2
9735,9740,9737.5,1.43472e-05,7.1736e-05,1
9745,9750,9747.5,4.30416e-05,0.000215208,3
9785,9790,9787.5,1.43472e-05,7.1736e-05,1
9795,9800,9797.5,1.43472e-05,7.1736e-05,1
9800,9805,9802.5,4.30416e-05,0.000215208,3
9805,9810,9807.5,2.86944e-05,0.000143472,2
9810,9815,9812.5,1.43472e-05,7.1736e-05,1
9840,9845,9842.5,1.43472e-05,7.1736e-05,1
9880,9885,9882.5,2.86944e-05,0.000143472,2
9895,9900,9897.5,1.43472e-05,7.1736e-05,1
9910,9915,9912.5,1.43472e-05,7.1736e-05,1
9925,9930,9927.5,1.43472e-05,7.1736e-05,1
9930,9935,9932.5,1.43472e-05,7.1736e-05,1
9940,9945,9942.5,1.43472e-05,7.1736e-05,1
9945,9950,9947.5,1.43472e-05,7.1736e-05,1
9950,9955,9952.5,1.43472e-05,7.1736e-05,1
9955,9960,9957.5,1.43472e-05,7.1736e-05,1
9960,9965,9962.5,1.43472e-05,7.1736e-05,1
9965,9970,9967.5,1.43472e-05,7.1736e-05,1
9975,9980,9977.5,2.86944e-05,0.000143472,2
9980,9985,9982.5,1.43472e-05,7.1736e-05,1
9985,9990,9987.5,1.43472e-05,7.1736e-05,1
10000,10005,10002.5,1.43472e-05,7.1736e-05,1
10025,10030,10027.5,1.43472e-05,7.1736e-05,1
10035,10040,10037.5,1.43472e-05,7.1736e-05,1
10040,10045,10042.5,1.43472e-05,7.1736e-05,1
10060,10065,10062.5,1.43472e-05,7.1736e-05,1
10070,10075,10072.5,1.43472e-05,7.1736e-05,1
10075,10080,10077.5,1.43472e-05,7.1736e-05,1
10080,10085,10082.5,4.30416e-05,0.000215208,3
10095,10100,10097.5,1.43472e-05,7.1736e-05,1
10115,10120,10117.5,1.43472e-05,7.1736e-05,1
10175,10180,10177.5,1.43472e-05,7.1736e-05,1
10195,10200,10197.5,1.43472e-05,7.1736e-05,1
10215,10220,10217.5,1.43472e-05,7.1736e-05,1
10220,10225,10222.5,1.43472e-05,7.1736e-05,1
10225,10230,10227.5,2.86944e-05,0.000143472,2
10235,10240,10237.5,1.43472e-05,7.1736e-05,1
10240,10245,10242.5,2.86944e-05,0.000143472,2
10245,10250,10247.5,1.43472e-05,7.1736e-05,1
10260,10265,10262.5,2.86944e-05,0.000143472,2
10265,10270,10267.5,2.86944e-05,0.000143472,2
10280,10285,10282.5,1.43472e-05,7.1736e-05,1
10290,10295,10292.5,4.30416e-05,0.000215208,3
10300,10305,10302.5,1.43472e-05,7.1736e-05,1
10320,10325,10322.5,1.43472e-05,7.1736e-05,1
10325,10330,10327.5,4.30416e-05,0.000215208,3
10335,10340,10337.5,2.86944e-05,0.000143472,2
10380,10385,10382.5,1.43472e-05,7.1736e-05,1
10415,10420,10417.5,1.43472e-05,7.1736e-05,1
10420,10425,10422.5,2.86944e-05,0.000143472,2
10435,10440,10437.5,2.86944e-05,0.000143472,2
10440,10445,10442.5,1.43472e-05,7.1736e-05,1
10455,10460,10457.5,1.43472e-05,7.1736e-05,1
10470,10475,10472.5,1.43472e-05,7.1736e-05,1
10480,10485,10482.5,1.43472e-05,7.1736e-05,1
10505,10510,10507.5,2.86944e-05,0.000143472,2
10515,10520,10517.5,1.43472e-05,7.1736e-05,1
10520,10525,10522.5,1.43472e-05,7.1736e-05,1
10530,10535,10532.5,1.43472e-05,7.1736e-05,1
10540,10545,10542.5,1.43472e-05,7.1736e-05,1
10550,10555,10552.5,2.86944e-05,0.000143472,2
10565,10570,10567.5,1.43472e-05,7.1736e-05,1
10570,10575,10572.5,1.43472e-05,7.1736e-05,1
10580,10585,10582.5,1.43472e-05,7.1736e-05,1
10585,10590,10587.5,1.43472e-05,7.1736e-05,1
10590,10595,10592.5,2.86944e-05,0.000143472,2
10600,10605,10602.5,2.86944e-05,0.000143472,2
10625,10630,10627.5,2.86944e-05,0.000143472,2
10650,10655,10652.5,2.86944e-05,0.000143472,2
10655,10660,10657.5,1.43472e-05,7.1736e-05,1
10665,10670,10667.5,2.86944e-05,0.000143472,2
10690,10695,10692.5,1.43472e-05,7.1736e-05,1
10700,10705,10702.5,1.43472e-05,7.1736e-05,1
10715,10720,10717.5,1.43472e-05,7.1736e-05,1
10720,10725,10722.5,1.43472e-05,7.1736e-05,1
10725,10730,10727.5,1.43472e-05,7.1736e-05,1
10745,10750,10747.5,1.43472e-05,7.1736e-05,1
10770,10775,10772.5,1.43472e-05,7.1736e-05,1
10785,10790,10787.5,1.43472e-05,7.1736e-05,1
10795,10800,10797.5,1.43472e-05,7.1736e-05,1
10805,10810,10807.5,1.43472e-05,7.1736e-05,1
10820,10825,10822.5,1.43472e-05,7.1736e-05,1
10840,10845,10842.5,1.43472e-05,7.1736e-05,1
10850,10855,10852.5,2.86944e-05,0.000143472,2
10865,10870,10867.5,1.43472e-05,7.1736e-05,1
10870,10875,10872.5,1.43472e-05,7.1736e-05,1
10875,10880,10877.5,1.43472e-05,7.1736e-05,1
10885,10890,10887.5,2.86944e-05,0.000143472,2
10910,10915,10912.5,2.86944e-05,0.000143472,2
10915,10920,10917.5,1.43472e-05,7.1736e-05,1
10930,10935,10932.5,1.43472e-05,7.1736e-05,1
10935,10940,10937.5,1.43472e-05,7.1736e-05,1
10945,10950,10947.5,2.86944e-05,0.000143472,2
10965,10970,10967.5,1.43472e-05,7.1736e-05,1
10970,10975,10972.5,2.86944e-05,0.000143472,2
10975,10980,10977.5,1.43472e-05,7.1736e-05,1
10980,10985,10982.5,2.86944e-05,0.000143472,2
10985,10990,10987.5,1.43472e-05,7.1736e-05,1
10990,10995,10992.5,1.43472e-05,7.1736e-05,1
10995,11000,10997.5,1.43472e-05,7.1736e-05,1
11000,11005,11002.5,2.86944e-05,0.000143472,2
11050,11055,11052.5,2.86944e-05,0.000143472,2
11075,11080,11077.5,2.86944e-05,0.000143472,2
11085,11090,11087.5,1.43472e-05,7.1736e-05,1
11140,11145,11142.5,1.43472e-05,7.1736e-05,1
11145,11150,11147.5,1.43472e-05,7.1736e-05,1
11190,11195,11192.5,1.43472e-05,7.1736e-05,1
11200,11205,11202.5,1.43472e-05,7.1736e-05,1
11205,11210,11207.5,1.43472e-05,7.1736e-05,1
11215,11220,11217.5,1.43472e-05,7.1736e-05,1
11220,11225,11222.5,1.43472e-05,7.1736e-05,1
11250,11255,11252.5,2.86944e-05,0.000143472,2
11265,11270,11267.5,1.43472e-05,7.1736e-05,1
11275,11280,11277.5,1.43472e-05,7.1736e-05,1
11315,11320,11317.5,1.43472e-05,7.1736e-05,1
11320,11325,11322.5,1.43472e-05,7.1736e-05,1
11340,11345,11342.5,1.43472e-05,7.1736e-05,1
11355,11360,11357.5,1.43472e-05,7.1736e-05,1
11365,11370,11367.5,1.43472e-05,7.1736e-05,1
11395,11400,11397.5,1.43472e-05,7.1736e-05,1
11410,11415,11412.5,1.43472e-05,7.1736e-05,1
11415,11420,11417.5,1.43472e-05,7.1736e-05,1
11420,11425,11422.5,1.43472e-05,7.1736e-05,1
11445,11450,11447.5,1.43472e-05,7.1736e-05,1
11450,11455,11452.5,1.43472e-05,7.1736e-05,1
11515,11520,11517.5,1.43472e-05,7.1736e-05,1
11535,11540,11537.5,1.43472e-05,7.1736e-05,1
11570,11575,11572.5,1.43472e-05,7.1736e-05,1
11595,11600,11597.5,1.43472e-05,7.1736e-05,1
11600,11605,11602.5,1.43472e-05,7.1736e-05,1
11615,11620,11617.5,1.43472e-05,7.1736e-05,1
11620,11625,11622.5,1.43472e-05,7.1736e-05,1
11625,11630,11627.5,1.43472e-05,7.1736e-05,1
11635,11640,11637.5,2.86944e-05,0.000143472,2
11660,11665,11662.5,1.43472e-05,7.1736e-05,1
11670,11675,11672.5,2.86944e-05,0.000143472,2
11675,11680,11677.5,2.86944e-05,0.000143472,2
11680,11685,11682.5,1.43472e-05,7.1736e-05,1
11705,11710,11707.5,1.43472e-05,7.1736e-05,1
11720,11725,11722.5,1.43472e-05,7.1736e-05,1
11730,11735,11732.5,1.43472e-05,7.1736e-05,1
11735,11740,11737.5,1.43472e-05,7.1736e-05,1
11740,11745,11742.5,1.43472e-05,7.1736e-05,1
11760,11765,11762.5,1.43472e-05,7.1736e-05,1
11765,11770,11767.5,1.43472e-05,7.1736e-05,1
11770,11775,11772.5,1.43472e-05,7.1736e-05,1
11775,11780,11777.5,2.86944e-05,0.000143472,2
11790,11795,11792.5,2.86944e-05,0.000143472,2
11795,11800,11797.5,1.43472e-05,7.1736e-05,1
11800,11805,11802.5,1.43472e-05,7.1736e-05,1
11805,11810,11807.5,1.43472e-05,7.1736e-05,1
11815,11820,11817.5,1.43472e-05,7.1736e-05,1
11840,11845,11842.5,2.86944e-05,0.000143472,2
11865,11870,11867.5,2.86944e-05,0.000143472,2
11870,11875,11872.5,2.86944e-05,0.000143472,2
11930,11935,11932.5,1.43472e-05,7.1736e-05,1
11940,11945,11942.5,1.43472e-05,7.1736e-05,1
11950,11955,11952.5,1.43472e-05,7.1736e-05,1
11970,11975,11972.5,1.43472e-05,7.1736e-05,1
11980,11985,11982.5,1.43472e-05,7.1736e-05,1
12015,12020,12017.5,1.43472e-05,7.1736e-05,1
12020,12025,12022.5,1.43472e-05,7.1736e-05,1
12060,12065,12062.5,1.43472e-05,7.1736e-05,1
12095,12100,12097.5,2.86944e-05,0.000143472,2
12100,12105,12102.5,1.43472e-05,7.1736e-05,1
12135,12140,12137.5,1.43472e-05,7.1736e-05,1
12150,12155,12152.5,1.43472e-05,7.1736e-05,1
12165,12170,12167.5,1.43472e-05,7.1736e-05,1
12180,12185,12182.5,1.43472e-05,7.1736e-05,1
12185,12190,12187.5,2.86944e-05,0.000143472,2
12230,12235,12232.5,1.43472e-05,7.1736e-05,1
12250,12255,12252.5,2.86944e-05,0.000143472,2
12255,12260,12257.5,1.43472e-05,7.1736e-05,1
12260,12265,12262.5,1.43472e-05,7.1736e-05,1
12265,12270,12267.5,1.43472e-05,7.1736e-05,1
12285,12290,12287.5,1.43472e-05,7.1736e-05,1
12330,12335,12332.5,1.43472e-05,7.1736e-05,1
12385,12390,12387.5,1.43472e-05,7.1736e-05,1
12415,12420,12417.5,1.43472e-05,7.1736e-05,1
12425,12430,12427.5,1.43472e-05,7.1736e-05,1
12430,12435,12432.5,1.43472e-05,7.1736e-05,1
12435,12440,12437.5,1.43472e-05,7.1736e-05,1
12445,12450,12447.5,1.43472e-05,7.1736e-05,1
12460,12465,12462.5,1.43472e-05,7.1736e-05,1
12470,12475,12472.5,4.30416e-05,0.000215208,3
12475,12480,12477.5,1.43472e-05,7.1736e-05,1
12480,12485,12482.5,1.43472e-05,7.1736e-05,1
12550,12555,12552.5,2.86944e-05,0.000143472,2
12565,12570,12567.5,1.43472e-05,7.1736e-05,1
12595,12600,12597.5,1.43472e-05,7.1736e-05,1
12605,12610,12607.5,1.43472e-05,7.1736e-05,1
12610,12615,12612.5,1.43472e-05,7.1736e-05,1
12655,12660,12657.5,1.43472e-05,7.1736e-05,1
12680,12685,12682.5,2.86944e-05,0.000143472,2
12695,12700,12697.5,1.43472e-05,7.1736e-05,1
12725,12730,12727.5,1.43472e-05,7.1736e-05,1
12735,12740,12737.5,1.43472e-05,7.1736e-05,1
12740,12745,12742.5,1.43472e-05,7.1736e-05,1
12765,12770,12767.5,1.43472e-05,7.1736e-05,1
12780,12785,12782.5,1.43472e-05,7.1736e-05,1
12795,12800,12797.5,1.43472e-05,7.1736e-05,1
12815,12820,12817.5,1.43472e-05,7.1736e-05,1
12835,12840,12837.5,1.43472e-05,7.1736e-05,1
12885,12890,12887.5,1.43472e-05,7.1736e-05,1
12905,12910,12907.5,1.43472e-05,7.1736e-05,1
12915,12920,12917.5,1.43472e-05,7.1736e-05,1
12925,12930,12927.5,1.43472e-05,7.1736e-05,1
12980,12985,12982.5,2.86944e-05,0.000143472,2
13000,13005,13002.5,1.43472e-05,7.1736e-05,1
13005,13010,13007.5,2.86944e-05,0.000143472,2
13045,13050,13047.5,4.30416e-05,0.000215208,3
13100,13105,13102.5,1.43472e-05,7.1736e-05,1
13115,13120,13117.5,2.86944e-05,0.000143472,2
13120,13125,13122.5,1.43472e-05,7.1736e-05,1
13130,13135,13132.5,1.43472e-05,7.1736e-05,1
13140,13145,13142.5,2.86944e-05,0.000143472,2
13175,13180,13177.5,1.43472e-05,7.1736e-05,1
13180,13185,13182.5,1.43472e-05,7.1736e-05,1
13190,13195,13192.5,1.43472e-05,7.1736e-05,1
13195,13200,13197.5,1.43472e-05,7.1736e-05,1
13250,13255,13252.5,1.43472e-05,7.1736e-05,1
13255,13260,13257.5,2.86944e-05,0.000143472,2
13300,13305,13302.5,1.43472e-05,7.1736e-05,1
13315,13320,13317.5,1.43472e-05,7.1736e-05,1
13330,13335,13332.5,1.43472e-05,7.1736e-05,1
13340,13345,13342.5,1.43472e-05,7.1736e-05,1
13345,13350,13347.5,1.43472e-05,7.1736e-05,1
13350,13355,13352.5,1.43472e-05,7.1736e-05,1
13370,13375,13372.5,1.43472e-05,7.1736e-05,1
13385,13390,13387.5,1.43472e-05,7.1736e-05,1
13390,13395,13392.5,1.43472e-05,7.1736e-05,1
13400,13405,13402.5,1.43472e-05,7.1736e-05,1
13420,13425,13422.5,2.86944e-05,0.000143472,2
13460,13465,13462.5,1.43472e-05,7.1736e-05,1
13465,13470,13467.5,1.43472e-05,7.1736e-05,1
13480,13485,13482.5,1.43472e-05,7.1736e-05,1
13485,13490,13487.5,1.43472e-05,7.1736e-05,1
13495,13500,13497.5,1.43472e-05,7.1736e-05,1
13525,13530,13527.5,1.43472e-05,7.1736e-05,1
13580,13585,13582.5,1.43472e-05,7.1736e-05,1
13625,13630,13627.5,1.43472e-05,7.1736e-05,1
13640,13645,13642.5,1.43472e-05,7.1736e-05,1
13680,13685,13682.5,1.43472e-05,7.1736e-05,1
13710,13715,13712.5,1.43472e-05,7.1736e-05,1
13730,13735,13732.5,2.86944e-05,0.000143472,2
13740,13745,13742.5,1.43472e-05,7.1736e-05,1
13745,13750,13747.5,1.43472e-05,7.1736e-05,1
13770,13775,13772.5,1.43472e-05,7.1736e-05,1
13865,13870,13867.5,1.43472e-05,7.1736e-05,1
13885,13890,13887.5,1.43472e-05,7.1736e-05,1
13905,13910,13907.5,1.43472e-05,7.1736e-05,1
13915,13920,13917.5,1.43472e-05,7.1736e-05,1
13940,13945,13942.5,1.43472e-05,7.1736e-05,1
13980,13985,13982.5,1.43472e-05,7.1736e-05,1
14015,14020,14017.5,1.43472e-05,7.1736e-05,1
14020,14025,14022.5,2.86944e-05,0.000143472,2
14040,14045,14042.5,1.43472e-05,7.1736e-05,1
14060,14065,14062.5,1.43472e-05,7.1736e-05,1
14100,14105,14102.5,1.43472e-05,7.1736e-05,1
14125,14130,14127.5,1.43472e-05,7.1736e-05,1
14165,14170,14167.5,1.43472e-05,7.1736e-05,1
14190,14195,14192.5,1.43472e-05,7.1736e-05,1
14200,14205,14202.5,1.43472e-05,7.1736e-05,1
14205,14210,14207.5,1.43472e-05,7.1736e-05,1
14225,14230,14227.5,2.86944e-05,0.000143472,2
14295,14300,14297.5,1.43472e-05,7.1736e-05,1
14325,14330,14327.5,1.43472e-05,7.1736e-05,1
14350,14355,14352.5,1.43472e-05,7.1736e-05,1
14390,14395,14392.5,1.43472e-05,7.1736e-05,1
14405,14410,14407.5,1.43472e-05,7.1736e-05,1
14415,14420,14417.5,2.86944e-05,0.000143472,2
14465,14470,14467.5,1.43472e-05,7.1736e-05,1
14545,14550,14547.5,1.43472e-05,7.1736e-05,1
14580,14585,14582.5,1.43472e-05,7.1736e-05,1
14600,14605,14602.5,1.43472e-05,7.1736e-05,1
14625,14630,14627.5,1.43472e-05,7.1736e-05,1
14665,14670,14667.5,1.43472e-05,7.1736e-05,1
14700,14705,14702.5,1.43472e-05,7.1736e-05,1
14740,14745,14742.5,1.43472e-05,7.1736e-05,1
14820,14825,14822.5,1.43472e-05,7.1736e-05,1
14830,14835,14832.5,1.43472e-05,7.1736e-05,1
14860,14865,14862.5,1.43472e-05,7.1736e-05,1
14870,14875,14872.5,1.43472e-05,7.1736e-05,1
14905,14910,14907.5,1.43472e-05,7.1736e-05,1
14975,14980,14977.5,1.43472e-05,7.1736e-05,1
14980,14985,14982.5,1.43472e-05,7.1736e-05,1
15000,15005,15002.5,1.43472e-05,7.1736e-05,1
15050,15055,15052.5,1.43472e-05,7.1736e-05,1
15070,15075,15072.5,1.43472e-05,7.1736e-05,1
15100,15105,15102.5,1.43472e-05,7.1736e-05,1
15110,15115,15112.5,1.43472e-05,7.1736e-05,1
15140,15145,15142.5,1.43472e-05,7.1736e-05,1
15155,15160,15157.5,1.43472e-05,7.1736e-05,1
15190,15195,15192.5,1.43472e-05,7.1736e-05,1
15300,15305,15302.5,1.43472e-05,7.1736e-05,1
15310,15315,15312.5,1.43472e-05,7.1736e-05,1
15350,15355,15352.5,1.43472e-05,7.1736e-05,1
15455,15460,15457.5,1.43472e-05,7.1736e-05,1
15470,15475,15472.5,1.43472e-05,7.1736e-05,1
15520,15525,15522.5,1.43472e-05,7.1736e-05,1
15620,15625,15622.5,1.43472e-05,7.1736e-05,1
15685,15690,15687.5,1.43472e-05,7.1736e-05,1
15700,15705,15702.5,1.43472e-05,7.1736e-05,1
15705,15710,15707.5,1.43472e-05,7.1736e-05,1
15770,15775,15772.5,1.43472e-05,7.1736e-05,1
15795,15800,15797.5,1.43472e-05,7.1736e-05,1
15805,15810,15807.5,1.43472e-05,7.1736e-05,1
15890,15895,15892.5,1.43472e-05,7.1736e-05,1
15900,15905,15902.5,1.43472e-05,7.1736e-05,1
15905,15910,15907.5,1.43472e-05,7.1736e-05,1
15950,15955,15952.5,1.43472e-05,7.1736e-05,1
16015,16020,16017.5,1.43472e-05,7.1736e-05,1
16060,16065,16062.5,1.43472e-05,7.1736e-05,1
16150,16155,16152.5,1.43472e-05,7.1736e-05,1
16160,16165,16162.5,1.43472e-05,7.1736e-05,1
16260,16265,16262.5,1.43472e-05,7.1736e-05,1
16290,16295,16292.5,1.43472e-05,7.1736e-05,1
16320,16325,16322.5,1.43472e-05,7.1736e-05,1
16340,16345,16342.5,1.43472e-05,7.1736e-05,1
16440,16445,16442.5,1.43472e-05,7.1736e-05,1
16465,16470,16467.5,1.43472e-05,7.1736e-05,1
16505,16510,16507.5,1.43472e-05,7.1736e-05,1
16535,16540,16537.5,1.43472e-05,7.1736e-05,1
16600,16605,16602.5,1.43472e-05,7.1736e-05,1
16635,16640,16637.5,1.43472e-05,7.1736e-05,1
16725,16730,16727.5,1.43472e-05,7.1736e-05,1
16800,16805,16802.5,1.43472e-05,7.1736e-05,1
16815,16820,16817.5,1.43472e-05,7.1736e-05,1
16830,16835,16832.5,1.43472e-05,7.1736e-05,1
16865,16870,16867.5,1.43472e-05,7.1736e-05,1
16875,16880,16877.5,1.43472e-05,7.1736e-05,1
16925,16930,16927.5,1.43472e-05,7.1736e-05,1
17060,17065,17062.5,1.43472e-05,7.1736e-05,1
17100,17105,17102.5,1.43472e-05,7.1736e-05,1
17305,17310,17307.5,1.43472e-05,7.1736e-05,1
17320,17325,17322.5,1.43472e-05,7.1736e-05,1
17350,17355,17352.5,1.43472e-05,7.1736e-05,1
17500,17505,17502.5,1.43472e-05,7.1736e-05,1
17585,17590,17587.5,1.43472e-05,7.1736e-05,1
17650,17655,17652.5,1.43472e-05,7.1736e-05,1
17720,17725,17722.5,1.43472e-05,7.1736e-05,1
17835,17840,17837.5,1.43472e-05,7.1736e-05,1
17930,17935,17932.5,1.43472e-05,7.1736e-05,1
18130,18135,18132.5,1.43472e-05,7.1736e-05,1
18520,18525,18522.5,1.43472e-05,7.1736e-05,1
18730,18735,18732.5,1.43472e-05,7.1736e-05,1
18735,18740,18737.5,1.43472e-05,7.1736e-05,1
18810,18815,18812.5,1.43472e-05,7.1736e-05,1
20250,20255,20252.5,1.43472e-05,7.1736e-05,1
21570,21575,21572.5,1.43472e-05,7.1736e-05,1
21745,21750,21747.5,1.43472e-05,7.1736e-05,1
25810,25815,25812.5,1.43472e-05,7.1736e-05,1
VO Delay PDF CSV saved: scratch/delay_pdf/pedca_vo_delay_pdf.csv

P-EDCA STA Delay PDF CSV saved: /home/nathanlo/ns-3.45/scratch/delay_pdf/11be/adaptive_compare_burst/default_k15_s1.csv
Legacy STA Delay PDF CSV saved: /home/nathanlo/ns-3.45/scratch/delay_pdf/11be/adaptive_compare_burst/default_k15_s1_legacy.csv
--- EXTENDED_STATS_BEGIN ---
PEDCA_STA_SUCC_COUNT: 7913
PEDCA_STA_FAIL_COUNT: 280
PEDCA_STA_ZERO_RETX: 7911
LEGACY_STA_SUCC_COUNT: 6027
LEGACY_STA_FAIL_COUNT: 611
LEGACY_STA_ZERO_RETX: 6027
PEDCA_STA_AVG_MAC_DELAY: 2044.11
PEDCA_STA_AVG_QUEUE_DELAY: 1784.66
PEDCA_STA_AVG_ACCESS_DELAY: 259.446
LEGACY_STA_AVG_MAC_DELAY: 2809.06
LEGACY_STA_AVG_QUEUE_DELAY: 2477.15
LEGACY_STA_AVG_ACCESS_DELAY: 331.911
--- EXTENDED_STATS_END ---
