[INFO] std::clog redirected to: /dev/null

--- Per-STA P-EDCA Detail ---
  STA0: DS-CTS=226 S2Entry=226 S2Tx=174 PedcaOK=163 EdcaOK=256 FailCTS=11 FailColl=0 FailExp=0 Defer=0
  STA1: DS-CTS=107 S2Entry=107 S2Tx=100 PedcaOK=100 EdcaOK=835 FailCTS=0 FailColl=0 FailExp=0 Defer=0
  STA2: DS-CTS=191 S2Entry=191 S2Tx=145 PedcaOK=135 EdcaOK=184 FailCTS=10 FailColl=0 FailExp=0 Defer=0
  STA3: DS-CTS=258 S2Entry=258 S2Tx=200 PedcaOK=189 EdcaOK=359 FailCTS=11 FailColl=0 FailExp=0 Defer=0
  STA4: DS-CTS=287 S2Entry=287 S2Tx=246 PedcaOK=238 EdcaOK=431 FailCTS=8 FailColl=0 FailExp=0 Defer=0

=== General Statistics ===
P-EDCA Ratio: 0.1667
P-EDCA STAs: 5/30
P-EDCA Share (Avg Per-STA P-EDCA Tx/Total Tx): 32.3963 %
Avg P-EDCA Attempt Success Rate: 78.489 %
Global P-EDCA Tx Success: 825
Global EDCA Tx Success: 2065
Global P-EDCA Attempt (DS-CTS Sent): 1069

--- P-EDCA Detailed Trace ---
Stage 2 Entered: 1069
Stage 2 TX Started: 865
P-EDCA Fail RTS No CTS: 40
P-EDCA Fail RTS Collision: 0
P-EDCA Fail Timing Expired: 0
P-EDCA Fail Deferral: 0
Total VO TX (P-EDCA+EDCA): 2890
Global P-EDCA Share: 28.5467 %
Global EDCA Share: 71.4533 %
Channel Idle Time (AP): 25.8116 % (1.80681e+06 us / 7e+06 us)
Total Successes:       14421
Total Failures:        783
Total Retransmissions: 0

--- Per-AC Success Statistics ---
AC_BE:
  Successes:         48
  Throughput:        0.0548571 Mbps
  Packet Loss:       38.4615 %
  Avg Retx/MPDU:     0
  Avg Queue Delay:   -2.08113e+06 us (Enqueue->TxStart)
  Avg Access Delay:  2.16364e+06 us (TxStart->Ack)
  Avg MAC Delay:     82510.9 us (Total: Enqueue->Ack)

AC_VO:
  Successes:         14373
  Throughput:        16.4263 Mbps
  Packet Loss:       4.97818 %
  Avg Retx/MPDU:     0
  Avg Queue Delay:   1922.7 us (Enqueue->TxStart)
  Avg Access Delay:  286.825 us (TxStart->Ack)
  Avg MAC Delay:     2209.52 us (Total: Enqueue->Ack)

--- Per-AC Failure Statistics ---
AC_BE Failures: 30
AC_VO Failures: 753

--- Failure Reasons by AC ---
  AC_BE EXPIRED_LIFETIME: 30
  AC_VO RETRY_LIMIT: 753


=== Extended P-EDCA vs Legacy Statistics ===

--- [Stat 1] Delay by STA Type ---
P-EDCA STAs (5 STAs):
  Successes:         2986
  Failures:          134
  Throughput:        3.41257 Mbps
  Packet Loss:       4.29487 %
  Avg Queue Delay:   1671.4 us
  Avg Access Delay:  254.356 us
  Avg MAC Delay:     1925.75 us
  Median MAC Delay:  1382 us
  P95 MAC Delay:     4287 us
  P99 MAC Delay:     10075 us
Legacy EDCA STAs (25 STAs):
  Successes:         11387
  Failures:          619
  Throughput:        13.0137 Mbps
  Packet Loss:       5.15576 %
  Avg Queue Delay:   1988.6 us
  Avg Access Delay:  295.339 us
  Avg MAC Delay:     2283.94 us
  Median MAC Delay:  1425 us
  P95 MAC Delay:     7673 us
  P99 MAC Delay:     12669 us

--- [Stat 2] Per-STA P-EDCA Attempt Count (DS-CTS Sent) ---
  STA0: 226 P-EDCA attempts
  STA1: 107 P-EDCA attempts
  STA2: 191 P-EDCA attempts
  STA3: 258 P-EDCA attempts
  STA4: 287 P-EDCA attempts
  Total: 1069 P-EDCA attempts across 5 P-EDCA STAs
  Avg per P-EDCA STA: 213.8

--- [Stat 3] P-EDCA One-Shot Success Probability ---
  P-EDCA Success / DS-CTS Sent:      825 / 1069 = 77.1749 %
  P-EDCA Success / Stage2 TX Started: 825 / 865 = 95.3757 %  (given RTS was actually sent)

--- [Stat 4] EDCA One-Shot Success Ratio (0 retransmissions) ---
  Legacy STAs: 11387 / 11387 = 100 %
  P-EDCA STAs: 2986 / 2986 = 100 %  (MAC-level, includes both P-EDCA and EDCA paths)

--- [Stat 5] P-EDCA Kickback-to-EDCA Probability ---
  Total P-EDCA Failures: 40 / 1069 DS-CTS = 3.74181 %
    RTS No CTS:       40 (3.74181 %)
    RTS Collision:    0 (0 %)
    Timing Expired:   0 (0 %)
    Deferral:         0 (0 %)

--- [Stat 6] P-EDCA RTS Collision Probability ---
  RTS Collision / Stage2 TX Started: 0 / 865 = 0 %
  RTS Collision / DS-CTS Sent:       0 / 1069 = 0 %

--- [Stat 7] P-EDCA Attempts per Successful P-EDCA TX ---
  DS-CTS Sent / P-EDCA Success: 1069 / 825 = 1.29576 attempts/success
  Stage2 TX / P-EDCA Success:   865 / 825 = 1.04848 RTS/success

--- VO Delay PDF (MAC Delay) ---
bin_start_us,bin_end_us,bin_mid_us,pdf_per_us,probability,count
210,215,212.5,1.3915e-05,6.95749e-05,1
215,220,217.5,0.00011132,0.000556599,8
220,225,222.5,8.34899e-05,0.000417449,6
225,230,227.5,9.74049e-05,0.000487024,7
230,235,232.5,0.00013915,0.000695749,10
235,240,237.5,0.00011132,0.000556599,8
240,245,242.5,9.74049e-05,0.000487024,7
245,250,247.5,9.74049e-05,0.000487024,7
250,255,252.5,8.34899e-05,0.000417449,6
255,260,257.5,6.95749e-05,0.000347874,5
260,265,262.5,6.95749e-05,0.000347874,5
265,270,267.5,0.00013915,0.000695749,10
270,275,272.5,9.74049e-05,0.000487024,7
275,280,277.5,4.17449e-05,0.000208725,3
280,285,282.5,8.34899e-05,0.000417449,6
285,290,287.5,0.000153065,0.000765324,11
290,295,292.5,0.000153065,0.000765324,11
295,300,297.5,0.00011132,0.000556599,8
300,305,302.5,6.95749e-05,0.000347874,5
305,310,307.5,0.000125235,0.000626174,9
310,315,312.5,8.34899e-05,0.000417449,6
315,320,317.5,0.00013915,0.000695749,10
320,325,322.5,6.95749e-05,0.000347874,5
325,330,327.5,9.74049e-05,0.000487024,7
330,335,332.5,0.00011132,0.000556599,8
335,340,337.5,0.00011132,0.000556599,8
340,345,342.5,0.00205942,0.0102971,148
345,350,347.5,0.00359006,0.0179503,258
350,355,352.5,0.000987964,0.00493982,71
355,360,357.5,0.000890559,0.00445279,64
360,365,362.5,0.00104362,0.00521812,75
365,370,367.5,0.000737494,0.00368747,53
370,375,372.5,0.000779239,0.00389619,56
375,380,377.5,0.000417449,0.00208725,30
380,385,382.5,0.00022264,0.0011132,16
385,390,387.5,0.000389619,0.0019481,28
390,395,392.5,0.000528769,0.00264385,38
395,400,397.5,0.000389619,0.0019481,28
400,405,402.5,0.000361789,0.00180895,26
405,410,407.5,0.000431364,0.00215682,31
410,415,412.5,0.000361789,0.00180895,26
415,420,417.5,0.000417449,0.00208725,30
420,425,422.5,0.000320045,0.00160022,23
425,430,427.5,0.000445279,0.0022264,32
430,435,432.5,0.000417449,0.00208725,30
435,440,437.5,0.000292215,0.00146107,21
440,445,442.5,0.000389619,0.0019481,28
445,450,447.5,0.000375704,0.00187852,27
450,455,452.5,0.0145272,0.0726362,1044
455,460,457.5,0.000417449,0.00208725,30
460,465,462.5,0.000514854,0.00257427,37
465,470,467.5,0.000445279,0.0022264,32
470,475,472.5,0.000403534,0.00201767,29
475,480,477.5,0.000487024,0.00243512,35
480,485,482.5,0.000361789,0.00180895,26
485,490,487.5,0.000320045,0.00160022,23
490,495,492.5,0.00030613,0.00153065,22
495,500,497.5,0.000542684,0.00271342,39
500,505,502.5,0.000375704,0.00187852,27
505,510,507.5,0.000403534,0.00201767,29
510,515,512.5,0.000320045,0.00160022,23
515,520,517.5,0.000389619,0.0019481,28
520,525,522.5,0.000500939,0.0025047,36
525,530,527.5,0.000417449,0.00208725,30
530,535,532.5,0.000431364,0.00215682,31
535,540,537.5,0.000431364,0.00215682,31
540,545,542.5,0.000500939,0.0025047,36
545,550,547.5,0.00030613,0.00153065,22
550,555,552.5,0.000514854,0.00257427,37
555,560,557.5,0.000500939,0.0025047,36
560,565,562.5,0.000542684,0.00271342,39
565,570,567.5,0.000473109,0.00236555,34
570,575,572.5,0.000403534,0.00201767,29
575,580,577.5,0.000389619,0.0019481,28
580,585,582.5,0.000570514,0.00285257,41
585,590,587.5,0.000320045,0.00160022,23
590,595,592.5,0.000361789,0.00180895,26
595,600,597.5,0.000347874,0.00173937,25
600,605,602.5,0.000347874,0.00173937,25
605,610,607.5,0.000347874,0.00173937,25
610,615,612.5,0.000445279,0.0022264,32
615,620,617.5,0.00030613,0.00153065,22
620,625,622.5,0.000459194,0.00229597,33
625,630,627.5,0.000320045,0.00160022,23
630,635,632.5,0.000514854,0.00257427,37
635,640,637.5,0.000417449,0.00208725,30
640,645,642.5,0.000473109,0.00236555,34
645,650,647.5,0.000375704,0.00187852,27
650,655,652.5,0.000431364,0.00215682,31
655,660,657.5,0.000236555,0.00118277,17
660,665,662.5,0.000403534,0.00201767,29
665,670,667.5,0.000445279,0.0022264,32
670,675,672.5,0.00357615,0.0178807,257
675,680,677.5,0.000445279,0.0022264,32
680,685,682.5,0.00033396,0.0016698,24
685,690,687.5,0.0002783,0.0013915,20
690,695,692.5,0.00025047,0.00125235,18
695,700,697.5,0.000459194,0.00229597,33
700,705,702.5,0.000570514,0.00285257,41
705,710,707.5,0.00030613,0.00153065,22
710,715,712.5,0.000431364,0.00215682,31
715,720,717.5,0.000320045,0.00160022,23
720,725,722.5,0.000389619,0.0019481,28
725,730,727.5,0.000500939,0.0025047,36
730,735,732.5,0.000403534,0.00201767,29
735,740,737.5,0.000542684,0.00271342,39
740,745,742.5,0.00030613,0.00153065,22
745,750,747.5,0.000375704,0.00187852,27
750,755,752.5,0.000403534,0.00201767,29
755,760,757.5,0.000542684,0.00271342,39
760,765,762.5,0.0002783,0.0013915,20
765,770,767.5,0.000375704,0.00187852,27
770,775,772.5,0.000528769,0.00264385,38
775,780,777.5,0.000361789,0.00180895,26
780,785,782.5,0.000570514,0.00285257,41
785,790,787.5,0.000445279,0.0022264,32
790,795,792.5,0.000292215,0.00146107,21
795,800,797.5,0.00013915,0.000695749,10
800,805,802.5,0.00016698,0.000834899,12
805,810,807.5,0.000153065,0.000765324,11
810,815,812.5,0.000180895,0.000904474,13
815,820,817.5,0.000208725,0.00104362,15
820,825,822.5,0.00022264,0.0011132,16
825,830,827.5,0.00022264,0.0011132,16
830,835,832.5,0.00033396,0.0016698,24
835,840,837.5,0.000361789,0.00180895,26
840,845,842.5,0.000236555,0.00118277,17
845,850,847.5,0.0002783,0.0013915,20
850,855,852.5,0.00030613,0.00153065,22
855,860,857.5,0.0002783,0.0013915,20
860,865,862.5,0.000389619,0.0019481,28
865,870,867.5,0.00033396,0.0016698,24
870,875,872.5,0.000320045,0.00160022,23
875,880,877.5,0.00022264,0.0011132,16
880,885,882.5,0.00030613,0.00153065,22
885,890,887.5,0.000180895,0.000904474,13
890,895,892.5,0.000431364,0.00215682,31
895,900,897.5,0.000459194,0.00229597,33
900,905,902.5,0.000125235,0.000626174,9
905,910,907.5,0.000236555,0.00118277,17
910,915,912.5,0.000361789,0.00180895,26
915,920,917.5,0.0002783,0.0013915,20
920,925,922.5,0.0002783,0.0013915,20
925,930,927.5,0.00025047,0.00125235,18
930,935,932.5,0.00025047,0.00125235,18
935,940,937.5,0.00025047,0.00125235,18
940,945,942.5,0.000361789,0.00180895,26
945,950,947.5,0.00030613,0.00153065,22
950,955,952.5,0.000361789,0.00180895,26
955,960,957.5,0.00030613,0.00153065,22
960,965,962.5,0.00025047,0.00125235,18
965,970,967.5,0.000292215,0.00146107,21
970,975,972.5,0.00022264,0.0011132,16
975,980,977.5,0.000264385,0.00132192,19
980,985,982.5,0.000389619,0.0019481,28
985,990,987.5,0.000264385,0.00132192,19
990,995,992.5,0.000459194,0.00229597,33
995,1000,997.5,0.000473109,0.00236555,34
1000,1005,1002.5,0.000236555,0.00118277,17
1005,1010,1007.5,0.000292215,0.00146107,21
1010,1015,1012.5,0.00022264,0.0011132,16
1015,1020,1017.5,0.000320045,0.00160022,23
1020,1025,1022.5,0.000417449,0.00208725,30
1025,1030,1027.5,0.00030613,0.00153065,22
1030,1035,1032.5,0.000292215,0.00146107,21
1035,1040,1037.5,0.0002783,0.0013915,20
1040,1045,1042.5,0.000375704,0.00187852,27
1045,1050,1047.5,0.000361789,0.00180895,26
1050,1055,1052.5,0.000389619,0.0019481,28
1055,1060,1057.5,0.00025047,0.00125235,18
1060,1065,1062.5,0.000361789,0.00180895,26
1065,1070,1067.5,0.000361789,0.00180895,26
1070,1075,1072.5,0.00033396,0.0016698,24
1075,1080,1077.5,0.000347874,0.00173937,25
1080,1085,1082.5,0.000347874,0.00173937,25
1085,1090,1087.5,0.000320045,0.00160022,23
1090,1095,1092.5,0.000320045,0.00160022,23
1095,1100,1097.5,0.000236555,0.00118277,17
1100,1105,1102.5,0.000292215,0.00146107,21
1105,1110,1107.5,0.00019481,0.000974049,14
1110,1115,1112.5,0.000514854,0.00257427,37
1115,1120,1117.5,0.000403534,0.00201767,29
1120,1125,1122.5,0.00019481,0.000974049,14
1125,1130,1127.5,0.000320045,0.00160022,23
1130,1135,1132.5,0.000292215,0.00146107,21
1135,1140,1137.5,0.000445279,0.0022264,32
1140,1145,1142.5,0.000292215,0.00146107,21
1145,1150,1147.5,0.000361789,0.00180895,26
1150,1155,1152.5,0.000375704,0.00187852,27
1155,1160,1157.5,0.000375704,0.00187852,27
1160,1165,1162.5,0.000459194,0.00229597,33
1165,1170,1167.5,0.000292215,0.00146107,21
1170,1175,1172.5,0.000347874,0.00173937,25
1175,1180,1177.5,0.00030613,0.00153065,22
1180,1185,1182.5,0.000459194,0.00229597,33
1185,1190,1187.5,0.00030613,0.00153065,22
1190,1195,1192.5,0.0002783,0.0013915,20
1195,1200,1197.5,0.000264385,0.00132192,19
1200,1205,1202.5,0.000375704,0.00187852,27
1205,1210,1207.5,0.000292215,0.00146107,21
1210,1215,1212.5,0.000473109,0.00236555,34
1215,1220,1217.5,0.00019481,0.000974049,14
1220,1225,1222.5,0.000208725,0.00104362,15
1225,1230,1227.5,0.000375704,0.00187852,27
1230,1235,1232.5,0.00019481,0.000974049,14
1235,1240,1237.5,0.00022264,0.0011132,16
1240,1245,1242.5,0.00025047,0.00125235,18
1245,1250,1247.5,0.000264385,0.00132192,19
1250,1255,1252.5,0.00022264,0.0011132,16
1255,1260,1257.5,0.000320045,0.00160022,23
1260,1265,1262.5,0.000347874,0.00173937,25
1265,1270,1267.5,0.000180895,0.000904474,13
1270,1275,1272.5,0.000208725,0.00104362,15
1275,1280,1277.5,0.000264385,0.00132192,19
1280,1285,1282.5,0.000292215,0.00146107,21
1285,1290,1287.5,0.000264385,0.00132192,19
1290,1295,1292.5,0.00016698,0.000834899,12
1295,1300,1297.5,0.00030613,0.00153065,22
1300,1305,1302.5,0.000236555,0.00118277,17
1305,1310,1307.5,0.000264385,0.00132192,19
1310,1315,1312.5,0.00019481,0.000974049,14
1315,1320,1317.5,0.000292215,0.00146107,21
1320,1325,1322.5,0.000236555,0.00118277,17
1325,1330,1327.5,0.000180895,0.000904474,13
1330,1335,1332.5,0.000236555,0.00118277,17
1335,1340,1337.5,0.000292215,0.00146107,21
1340,1345,1342.5,0.000236555,0.00118277,17
1345,1350,1347.5,0.000264385,0.00132192,19
1350,1355,1352.5,0.00022264,0.0011132,16
1355,1360,1357.5,0.00030613,0.00153065,22
1360,1365,1362.5,0.000264385,0.00132192,19
1365,1370,1367.5,0.00019481,0.000974049,14
1370,1375,1372.5,0.000180895,0.000904474,13
1375,1380,1377.5,0.000208725,0.00104362,15
1380,1385,1382.5,0.00030613,0.00153065,22
1385,1390,1387.5,0.000264385,0.00132192,19
1390,1395,1392.5,0.00022264,0.0011132,16
1395,1400,1397.5,0.0002783,0.0013915,20
1400,1405,1402.5,0.0002783,0.0013915,20
1405,1410,1407.5,0.0002783,0.0013915,20
1410,1415,1412.5,0.00025047,0.00125235,18
1415,1420,1417.5,0.000153065,0.000765324,11
1420,1425,1422.5,0.00025047,0.00125235,18
1425,1430,1427.5,0.00030613,0.00153065,22
1430,1435,1432.5,0.00033396,0.0016698,24
1435,1440,1437.5,0.00013915,0.000695749,10
1440,1445,1442.5,0.000264385,0.00132192,19
1445,1450,1447.5,0.000292215,0.00146107,21
1450,1455,1452.5,0.000320045,0.00160022,23
1455,1460,1457.5,0.000180895,0.000904474,13
1460,1465,1462.5,0.00033396,0.0016698,24
1465,1470,1467.5,0.00022264,0.0011132,16
1470,1475,1472.5,0.00030613,0.00153065,22
1475,1480,1477.5,0.000208725,0.00104362,15
1480,1485,1482.5,0.000208725,0.00104362,15
1485,1490,1487.5,0.000125235,0.000626174,9
1490,1495,1492.5,0.000236555,0.00118277,17
1495,1500,1497.5,0.00022264,0.0011132,16
1500,1505,1502.5,0.000264385,0.00132192,19
1505,1510,1507.5,0.000180895,0.000904474,13
1510,1515,1512.5,0.000180895,0.000904474,13
1515,1520,1517.5,8.34899e-05,0.000417449,6
1520,1525,1522.5,0.000417449,0.00208725,30
1525,1530,1527.5,0.0002783,0.0013915,20
1530,1535,1532.5,0.000236555,0.00118277,17
1535,1540,1537.5,0.000264385,0.00132192,19
1540,1545,1542.5,0.00025047,0.00125235,18
1545,1550,1547.5,0.000180895,0.000904474,13
1550,1555,1552.5,0.00025047,0.00125235,18
1555,1560,1557.5,0.0002783,0.0013915,20
1560,1565,1562.5,0.000264385,0.00132192,19
1565,1570,1567.5,0.00022264,0.0011132,16
1570,1575,1572.5,0.000320045,0.00160022,23
1575,1580,1577.5,0.00022264,0.0011132,16
1580,1585,1582.5,0.00022264,0.0011132,16
1585,1590,1587.5,0.00022264,0.0011132,16
1590,1595,1592.5,0.00019481,0.000974049,14
1595,1600,1597.5,0.00022264,0.0011132,16
1600,1605,1602.5,0.00019481,0.000974049,14
1605,1610,1607.5,0.00016698,0.000834899,12
1610,1615,1612.5,0.000236555,0.00118277,17
1615,1620,1617.5,0.00016698,0.000834899,12
1620,1625,1622.5,0.0002783,0.0013915,20
1625,1630,1627.5,0.00019481,0.000974049,14
1630,1635,1632.5,0.00025047,0.00125235,18
1635,1640,1637.5,0.00016698,0.000834899,12
1640,1645,1642.5,0.00025047,0.00125235,18
1645,1650,1647.5,0.00013915,0.000695749,10
1650,1655,1652.5,0.000292215,0.00146107,21
1655,1660,1657.5,0.00016698,0.000834899,12
1660,1665,1662.5,0.00019481,0.000974049,14
1665,1670,1667.5,0.000320045,0.00160022,23
1670,1675,1672.5,0.00019481,0.000974049,14
1675,1680,1677.5,0.000153065,0.000765324,11
1680,1685,1682.5,0.000208725,0.00104362,15
1685,1690,1687.5,9.74049e-05,0.000487024,7
1690,1695,1692.5,0.00013915,0.000695749,10
1695,1700,1697.5,0.0002783,0.0013915,20
1700,1705,1702.5,0.00011132,0.000556599,8
1705,1710,1707.5,0.00025047,0.00125235,18
1710,1715,1712.5,0.0002783,0.0013915,20
1715,1720,1717.5,0.00025047,0.00125235,18
1720,1725,1722.5,0.000236555,0.00118277,17
1725,1730,1727.5,0.00022264,0.0011132,16
1730,1735,1732.5,0.000153065,0.000765324,11
1735,1740,1737.5,9.74049e-05,0.000487024,7
1740,1745,1742.5,0.00013915,0.000695749,10
1745,1750,1747.5,0.000208725,0.00104362,15
1750,1755,1752.5,0.00019481,0.000974049,14
1755,1760,1757.5,0.000180895,0.000904474,13
1760,1765,1762.5,0.000236555,0.00118277,17
1765,1770,1767.5,0.000236555,0.00118277,17
1770,1775,1772.5,8.34899e-05,0.000417449,6
1775,1780,1777.5,0.00016698,0.000834899,12
1780,1785,1782.5,0.000375704,0.00187852,27
1785,1790,1787.5,0.00022264,0.0011132,16
1790,1795,1792.5,0.000180895,0.000904474,13
1795,1800,1797.5,0.000125235,0.000626174,9
1800,1805,1802.5,0.00025047,0.00125235,18
1805,1810,1807.5,0.000180895,0.000904474,13
1810,1815,1812.5,0.00022264,0.0011132,16
1815,1820,1817.5,0.00019481,0.000974049,14
1820,1825,1822.5,0.000236555,0.00118277,17
1825,1830,1827.5,0.00025047,0.00125235,18
1830,1835,1832.5,0.000153065,0.000765324,11
1835,1840,1837.5,8.34899e-05,0.000417449,6
1840,1845,1842.5,0.000153065,0.000765324,11
1845,1850,1847.5,0.000153065,0.000765324,11
1850,1855,1852.5,0.00030613,0.00153065,22
1855,1860,1857.5,0.00025047,0.00125235,18
1860,1865,1862.5,0.000153065,0.000765324,11
1865,1870,1867.5,0.00016698,0.000834899,12
1870,1875,1872.5,0.000292215,0.00146107,21
1875,1880,1877.5,8.34899e-05,0.000417449,6
1880,1885,1882.5,0.000153065,0.000765324,11
1885,1890,1887.5,0.00013915,0.000695749,10
1890,1895,1892.5,0.00013915,0.000695749,10
1895,1900,1897.5,0.000208725,0.00104362,15
1900,1905,1902.5,0.000153065,0.000765324,11
1905,1910,1907.5,0.000180895,0.000904474,13
1910,1915,1912.5,0.00013915,0.000695749,10
1915,1920,1917.5,0.000125235,0.000626174,9
1920,1925,1922.5,0.000236555,0.00118277,17
1925,1930,1927.5,0.00013915,0.000695749,10
1930,1935,1932.5,0.0002783,0.0013915,20
1935,1940,1937.5,0.00025047,0.00125235,18
1940,1945,1942.5,0.00013915,0.000695749,10
1945,1950,1947.5,0.00016698,0.000834899,12
1950,1955,1952.5,0.000153065,0.000765324,11
1955,1960,1957.5,0.00013915,0.000695749,10
1960,1965,1962.5,0.000180895,0.000904474,13
1965,1970,1967.5,0.000125235,0.000626174,9
1970,1975,1972.5,0.000180895,0.000904474,13
1975,1980,1977.5,9.74049e-05,0.000487024,7
1980,1985,1982.5,0.00022264,0.0011132,16
1985,1990,1987.5,0.00019481,0.000974049,14
1990,1995,1992.5,0.000153065,0.000765324,11
1995,2000,1997.5,0.000208725,0.00104362,15
2000,2005,2002.5,0.000125235,0.000626174,9
2005,2010,2007.5,0.000208725,0.00104362,15
2010,2015,2012.5,0.00016698,0.000834899,12
2015,2020,2017.5,0.000125235,0.000626174,9
2020,2025,2022.5,0.00019481,0.000974049,14
2025,2030,2027.5,0.000153065,0.000765324,11
2030,2035,2032.5,0.000180895,0.000904474,13
2035,2040,2037.5,0.000153065,0.000765324,11
2040,2045,2042.5,0.000236555,0.00118277,17
2045,2050,2047.5,0.000236555,0.00118277,17
2050,2055,2052.5,0.000180895,0.000904474,13
2055,2060,2057.5,0.000180895,0.000904474,13
2060,2065,2062.5,8.34899e-05,0.000417449,6
2065,2070,2067.5,0.00022264,0.0011132,16
2070,2075,2072.5,0.000180895,0.000904474,13
2075,2080,2077.5,9.74049e-05,0.000487024,7
2080,2085,2082.5,9.74049e-05,0.000487024,7
2085,2090,2087.5,0.00019481,0.000974049,14
2090,2095,2092.5,0.000236555,0.00118277,17
2095,2100,2097.5,0.000180895,0.000904474,13
2100,2105,2102.5,0.000125235,0.000626174,9
2105,2110,2107.5,0.000208725,0.00104362,15
2110,2115,2112.5,0.000264385,0.00132192,19
2115,2120,2117.5,0.000125235,0.000626174,9
2120,2125,2122.5,0.00019481,0.000974049,14
2125,2130,2127.5,0.000292215,0.00146107,21
2130,2135,2132.5,9.74049e-05,0.000487024,7
2135,2140,2137.5,0.000153065,0.000765324,11
2140,2145,2142.5,0.00025047,0.00125235,18
2145,2150,2147.5,0.00022264,0.0011132,16
2150,2155,2152.5,0.00013915,0.000695749,10
2155,2160,2157.5,0.000208725,0.00104362,15
2160,2165,2162.5,0.00019481,0.000974049,14
2165,2170,2167.5,0.00019481,0.000974049,14
2170,2175,2172.5,0.000125235,0.000626174,9
2175,2180,2177.5,0.000180895,0.000904474,13
2180,2185,2182.5,0.00013915,0.000695749,10
2185,2190,2187.5,0.00019481,0.000974049,14
2190,2195,2192.5,0.00019481,0.000974049,14
2195,2200,2197.5,0.00013915,0.000695749,10
2200,2205,2202.5,0.000180895,0.000904474,13
2205,2210,2207.5,9.74049e-05,0.000487024,7
2210,2215,2212.5,9.74049e-05,0.000487024,7
2215,2220,2217.5,0.000153065,0.000765324,11
2220,2225,2222.5,0.00016698,0.000834899,12
2225,2230,2227.5,0.000153065,0.000765324,11
2230,2235,2232.5,0.000208725,0.00104362,15
2235,2240,2237.5,0.00016698,0.000834899,12
2240,2245,2242.5,9.74049e-05,0.000487024,7
2245,2250,2247.5,0.00013915,0.000695749,10
2250,2255,2252.5,0.00013915,0.000695749,10
2255,2260,2257.5,0.00016698,0.000834899,12
2260,2265,2262.5,0.000125235,0.000626174,9
2265,2270,2267.5,0.00013915,0.000695749,10
2270,2275,2272.5,0.00011132,0.000556599,8
2275,2280,2277.5,0.00016698,0.000834899,12
2280,2285,2282.5,6.95749e-05,0.000347874,5
2285,2290,2287.5,0.00011132,0.000556599,8
2290,2295,2292.5,0.00013915,0.000695749,10
2295,2300,2297.5,5.56599e-05,0.0002783,4
2300,2305,2302.5,0.000180895,0.000904474,13
2305,2310,2307.5,9.74049e-05,0.000487024,7
2310,2315,2312.5,0.00019481,0.000974049,14
2315,2320,2317.5,8.34899e-05,0.000417449,6
2320,2325,2322.5,0.000208725,0.00104362,15
2325,2330,2327.5,0.00016698,0.000834899,12
2330,2335,2332.5,0.00022264,0.0011132,16
2335,2340,2337.5,9.74049e-05,0.000487024,7
2340,2345,2342.5,0.000125235,0.000626174,9
2345,2350,2347.5,0.000236555,0.00118277,17
2350,2355,2352.5,0.00011132,0.000556599,8
2355,2360,2357.5,0.00019481,0.000974049,14
2360,2365,2362.5,0.000180895,0.000904474,13
2365,2370,2367.5,0.00019481,0.000974049,14
2370,2375,2372.5,0.000208725,0.00104362,15
2375,2380,2377.5,8.34899e-05,0.000417449,6
2380,2385,2382.5,0.00013915,0.000695749,10
2385,2390,2387.5,0.000153065,0.000765324,11
2390,2395,2392.5,0.000208725,0.00104362,15
2395,2400,2397.5,6.95749e-05,0.000347874,5
2400,2405,2402.5,0.00016698,0.000834899,12
2405,2410,2407.5,0.000153065,0.000765324,11
2410,2415,2412.5,8.34899e-05,0.000417449,6
2415,2420,2417.5,0.00025047,0.00125235,18
2420,2425,2422.5,0.00019481,0.000974049,14
2425,2430,2427.5,0.000153065,0.000765324,11
2430,2435,2432.5,0.00013915,0.000695749,10
2435,2440,2437.5,0.00013915,0.000695749,10
2440,2445,2442.5,0.000236555,0.00118277,17
2445,2450,2447.5,0.000125235,0.000626174,9
2450,2455,2452.5,0.00011132,0.000556599,8
2455,2460,2457.5,0.00013915,0.000695749,10
2460,2465,2462.5,9.74049e-05,0.000487024,7
2465,2470,2467.5,0.00011132,0.000556599,8
2470,2475,2472.5,0.000153065,0.000765324,11
2475,2480,2477.5,0.00013915,0.000695749,10
2480,2485,2482.5,0.000125235,0.000626174,9
2485,2490,2487.5,0.000180895,0.000904474,13
2490,2495,2492.5,0.000153065,0.000765324,11
2495,2500,2497.5,0.000125235,0.000626174,9
2500,2505,2502.5,0.000125235,0.000626174,9
2505,2510,2507.5,0.000125235,0.000626174,9
2510,2515,2512.5,0.00019481,0.000974049,14
2515,2520,2517.5,0.00022264,0.0011132,16
2520,2525,2522.5,0.00011132,0.000556599,8
2525,2530,2527.5,8.34899e-05,0.000417449,6
2530,2535,2532.5,0.000153065,0.000765324,11
2535,2540,2537.5,0.000125235,0.000626174,9
2540,2545,2542.5,0.000153065,0.000765324,11
2545,2550,2547.5,0.000125235,0.000626174,9
2550,2555,2552.5,5.56599e-05,0.0002783,4
2555,2560,2557.5,0.000180895,0.000904474,13
2560,2565,2562.5,0.00019481,0.000974049,14
2565,2570,2567.5,0.00011132,0.000556599,8
2570,2575,2572.5,0.000264385,0.00132192,19
2575,2580,2577.5,0.000125235,0.000626174,9
2580,2585,2582.5,6.95749e-05,0.000347874,5
2585,2590,2587.5,6.95749e-05,0.000347874,5
2590,2595,2592.5,8.34899e-05,0.000417449,6
2595,2600,2597.5,0.000125235,0.000626174,9
2600,2605,2602.5,0.000125235,0.000626174,9
2605,2610,2607.5,0.000180895,0.000904474,13
2610,2615,2612.5,0.000125235,0.000626174,9
2615,2620,2617.5,9.74049e-05,0.000487024,7
2620,2625,2622.5,0.000180895,0.000904474,13
2625,2630,2627.5,0.000153065,0.000765324,11
2630,2635,2632.5,6.95749e-05,0.000347874,5
2635,2640,2637.5,0.00013915,0.000695749,10
2640,2645,2642.5,0.000125235,0.000626174,9
2645,2650,2647.5,9.74049e-05,0.000487024,7
2650,2655,2652.5,8.34899e-05,0.000417449,6
2655,2660,2657.5,0.00016698,0.000834899,12
2660,2665,2662.5,0.000208725,0.00104362,15
2665,2670,2667.5,5.56599e-05,0.0002783,4
2670,2675,2672.5,0.000153065,0.000765324,11
2675,2680,2677.5,0.00011132,0.000556599,8
2680,2685,2682.5,0.00011132,0.000556599,8
2685,2690,2687.5,9.74049e-05,0.000487024,7
2690,2695,2692.5,6.95749e-05,0.000347874,5
2695,2700,2697.5,2.783e-05,0.00013915,2
2700,2705,2702.5,0.00019481,0.000974049,14
2705,2710,2707.5,0.000180895,0.000904474,13
2710,2715,2712.5,8.34899e-05,0.000417449,6
2715,2720,2717.5,6.95749e-05,0.000347874,5
2720,2725,2722.5,0.00013915,0.000695749,10
2725,2730,2727.5,0.000125235,0.000626174,9
2730,2735,2732.5,6.95749e-05,0.000347874,5
2735,2740,2737.5,0.00016698,0.000834899,12
2740,2745,2742.5,9.74049e-05,0.000487024,7
2745,2750,2747.5,0.00011132,0.000556599,8
2750,2755,2752.5,0.00011132,0.000556599,8
2755,2760,2757.5,0.00019481,0.000974049,14
2760,2765,2762.5,0.000125235,0.000626174,9
2765,2770,2767.5,9.74049e-05,0.000487024,7
2770,2775,2772.5,0.00019481,0.000974049,14
2775,2780,2777.5,9.74049e-05,0.000487024,7
2780,2785,2782.5,6.95749e-05,0.000347874,5
2785,2790,2787.5,0.000153065,0.000765324,11
2790,2795,2792.5,0.00013915,0.000695749,10
2795,2800,2797.5,8.34899e-05,0.000417449,6
2800,2805,2802.5,9.74049e-05,0.000487024,7
2805,2810,2807.5,0.000125235,0.000626174,9
2810,2815,2812.5,6.95749e-05,0.000347874,5
2815,2820,2817.5,6.95749e-05,0.000347874,5
2820,2825,2822.5,8.34899e-05,0.000417449,6
2825,2830,2827.5,0.000153065,0.000765324,11
2830,2835,2832.5,0.00013915,0.000695749,10
2835,2840,2837.5,0.000125235,0.000626174,9
2840,2845,2842.5,0.000180895,0.000904474,13
2845,2850,2847.5,9.74049e-05,0.000487024,7
2850,2855,2852.5,0.000153065,0.000765324,11
2855,2860,2857.5,0.000125235,0.000626174,9
2860,2865,2862.5,0.00011132,0.000556599,8
2865,2870,2867.5,6.95749e-05,0.000347874,5
2870,2875,2872.5,0.000153065,0.000765324,11
2875,2880,2877.5,0.00011132,0.000556599,8
2880,2885,2882.5,0.00016698,0.000834899,12
2885,2890,2887.5,8.34899e-05,0.000417449,6
2890,2895,2892.5,6.95749e-05,0.000347874,5
2895,2900,2897.5,9.74049e-05,0.000487024,7
2900,2905,2902.5,0.000153065,0.000765324,11
2905,2910,2907.5,0.00019481,0.000974049,14
2910,2915,2912.5,0.000153065,0.000765324,11
2915,2920,2917.5,0.000125235,0.000626174,9
2920,2925,2922.5,0.000125235,0.000626174,9
2925,2930,2927.5,8.34899e-05,0.000417449,6
2930,2935,2932.5,0.000153065,0.000765324,11
2935,2940,2937.5,0.000180895,0.000904474,13
2940,2945,2942.5,0.00013915,0.000695749,10
2945,2950,2947.5,0.000180895,0.000904474,13
2950,2955,2952.5,0.00011132,0.000556599,8
2955,2960,2957.5,0.00011132,0.000556599,8
2960,2965,2962.5,6.95749e-05,0.000347874,5
2965,2970,2967.5,0.00013915,0.000695749,10
2970,2975,2972.5,0.000125235,0.000626174,9
2975,2980,2977.5,0.000125235,0.000626174,9
2980,2985,2982.5,8.34899e-05,0.000417449,6
2985,2990,2987.5,0.00011132,0.000556599,8
2990,2995,2992.5,0.00016698,0.000834899,12
2995,3000,2997.5,4.17449e-05,0.000208725,3
3000,3005,3002.5,8.34899e-05,0.000417449,6
3005,3010,3007.5,0.00016698,0.000834899,12
3010,3015,3012.5,0.00013915,0.000695749,10
3015,3020,3017.5,0.000180895,0.000904474,13
3020,3025,3022.5,9.74049e-05,0.000487024,7
3025,3030,3027.5,0.000125235,0.000626174,9
3030,3035,3032.5,8.34899e-05,0.000417449,6
3035,3040,3037.5,0.00013915,0.000695749,10
3040,3045,3042.5,6.95749e-05,0.000347874,5
3045,3050,3047.5,0.00011132,0.000556599,8
3050,3055,3052.5,6.95749e-05,0.000347874,5
3055,3060,3057.5,0.000180895,0.000904474,13
3060,3065,3062.5,0.00013915,0.000695749,10
3065,3070,3067.5,0.000125235,0.000626174,9
3070,3075,3072.5,0.000125235,0.000626174,9
3075,3080,3077.5,9.74049e-05,0.000487024,7
3080,3085,3082.5,0.00013915,0.000695749,10
3085,3090,3087.5,0.00013915,0.000695749,10
3090,3095,3092.5,9.74049e-05,0.000487024,7
3095,3100,3097.5,5.56599e-05,0.0002783,4
3100,3105,3102.5,0.00016698,0.000834899,12
3105,3110,3107.5,0.00013915,0.000695749,10
3110,3115,3112.5,6.95749e-05,0.000347874,5
3115,3120,3117.5,0.000125235,0.000626174,9
3120,3125,3122.5,0.00013915,0.000695749,10
3125,3130,3127.5,0.000153065,0.000765324,11
3130,3135,3132.5,5.56599e-05,0.0002783,4
3135,3140,3137.5,0.00016698,0.000834899,12
3140,3145,3142.5,5.56599e-05,0.0002783,4
3145,3150,3147.5,9.74049e-05,0.000487024,7
3150,3155,3152.5,0.000125235,0.000626174,9
3155,3160,3157.5,9.74049e-05,0.000487024,7
3160,3165,3162.5,9.74049e-05,0.000487024,7
3165,3170,3167.5,0.00016698,0.000834899,12
3170,3175,3172.5,8.34899e-05,0.000417449,6
3175,3180,3177.5,0.00016698,0.000834899,12
3180,3185,3182.5,0.00019481,0.000974049,14
3185,3190,3187.5,2.783e-05,0.00013915,2
3190,3195,3192.5,0.000153065,0.000765324,11
3195,3200,3197.5,0.00011132,0.000556599,8
3200,3205,3202.5,0.000125235,0.000626174,9
3205,3210,3207.5,9.74049e-05,0.000487024,7
3210,3215,3212.5,0.000125235,0.000626174,9
3220,3225,3222.5,5.56599e-05,0.0002783,4
3225,3230,3227.5,0.000125235,0.000626174,9
3230,3235,3232.5,0.000180895,0.000904474,13
3235,3240,3237.5,0.00011132,0.000556599,8
3240,3245,3242.5,0.00011132,0.000556599,8
3245,3250,3247.5,4.17449e-05,0.000208725,3
3250,3255,3252.5,0.00013915,0.000695749,10
3255,3260,3257.5,5.56599e-05,0.0002783,4
3260,3265,3262.5,1.3915e-05,6.95749e-05,1
3265,3270,3267.5,9.74049e-05,0.000487024,7
3270,3275,3272.5,0.00011132,0.000556599,8
3275,3280,3277.5,0.00016698,0.000834899,12
3280,3285,3282.5,8.34899e-05,0.000417449,6
3285,3290,3287.5,0.000180895,0.000904474,13
3290,3295,3292.5,0.00011132,0.000556599,8
3295,3300,3297.5,0.000153065,0.000765324,11
3300,3305,3302.5,4.17449e-05,0.000208725,3
3305,3310,3307.5,0.00013915,0.000695749,10
3310,3315,3312.5,0.00013915,0.000695749,10
3315,3320,3317.5,9.74049e-05,0.000487024,7
3320,3325,3322.5,0.000180895,0.000904474,13
3325,3330,3327.5,5.56599e-05,0.0002783,4
3330,3335,3332.5,9.74049e-05,0.000487024,7
3335,3340,3337.5,6.95749e-05,0.000347874,5
3340,3345,3342.5,0.000125235,0.000626174,9
3345,3350,3347.5,0.00013915,0.000695749,10
3350,3355,3352.5,0.00011132,0.000556599,8
3355,3360,3357.5,8.34899e-05,0.000417449,6
3360,3365,3362.5,0.000180895,0.000904474,13
3365,3370,3367.5,0.00011132,0.000556599,8
3370,3375,3372.5,0.00019481,0.000974049,14
3375,3380,3377.5,0.000125235,0.000626174,9
3380,3385,3382.5,5.56599e-05,0.0002783,4
3385,3390,3387.5,6.95749e-05,0.000347874,5
3390,3395,3392.5,8.34899e-05,0.000417449,6
3395,3400,3397.5,6.95749e-05,0.000347874,5
3400,3405,3402.5,9.74049e-05,0.000487024,7
3405,3410,3407.5,0.000180895,0.000904474,13
3410,3415,3412.5,0.00013915,0.000695749,10
3415,3420,3417.5,0.000125235,0.000626174,9
3420,3425,3422.5,0.000125235,0.000626174,9
3425,3430,3427.5,0.000125235,0.000626174,9
3430,3435,3432.5,0.000180895,0.000904474,13
3435,3440,3437.5,0.00013915,0.000695749,10
3440,3445,3442.5,0.00011132,0.000556599,8
3445,3450,3447.5,0.00013915,0.000695749,10
3450,3455,3452.5,4.17449e-05,0.000208725,3
3455,3460,3457.5,0.00011132,0.000556599,8
3460,3465,3462.5,8.34899e-05,0.000417449,6
3465,3470,3467.5,6.95749e-05,0.000347874,5
3470,3475,3472.5,8.34899e-05,0.000417449,6
3475,3480,3477.5,8.34899e-05,0.000417449,6
3480,3485,3482.5,8.34899e-05,0.000417449,6
3485,3490,3487.5,0.000153065,0.000765324,11
3490,3495,3492.5,5.56599e-05,0.0002783,4
3495,3500,3497.5,0.00016698,0.000834899,12
3500,3505,3502.5,8.34899e-05,0.000417449,6
3505,3510,3507.5,6.95749e-05,0.000347874,5
3510,3515,3512.5,8.34899e-05,0.000417449,6
3515,3520,3517.5,6.95749e-05,0.000347874,5
3520,3525,3522.5,8.34899e-05,0.000417449,6
3525,3530,3527.5,9.74049e-05,0.000487024,7
3530,3535,3532.5,8.34899e-05,0.000417449,6
3535,3540,3537.5,9.74049e-05,0.000487024,7
3540,3545,3542.5,6.95749e-05,0.000347874,5
3545,3550,3547.5,9.74049e-05,0.000487024,7
3550,3555,3552.5,0.00011132,0.000556599,8
3555,3560,3557.5,9.74049e-05,0.000487024,7
3560,3565,3562.5,9.74049e-05,0.000487024,7
3565,3570,3567.5,8.34899e-05,0.000417449,6
3570,3575,3572.5,5.56599e-05,0.0002783,4
3575,3580,3577.5,2.783e-05,0.00013915,2
3580,3585,3582.5,8.34899e-05,0.000417449,6
3585,3590,3587.5,0.000153065,0.000765324,11
3590,3595,3592.5,5.56599e-05,0.0002783,4
3595,3600,3597.5,9.74049e-05,0.000487024,7
3600,3605,3602.5,0.000125235,0.000626174,9
3605,3610,3607.5,5.56599e-05,0.0002783,4
3610,3615,3612.5,8.34899e-05,0.000417449,6
3615,3620,3617.5,4.17449e-05,0.000208725,3
3620,3625,3622.5,5.56599e-05,0.0002783,4
3625,3630,3627.5,5.56599e-05,0.0002783,4
3630,3635,3632.5,6.95749e-05,0.000347874,5
3635,3640,3637.5,6.95749e-05,0.000347874,5
3640,3645,3642.5,8.34899e-05,0.000417449,6
3645,3650,3647.5,8.34899e-05,0.000417449,6
3650,3655,3652.5,0.00011132,0.000556599,8
3655,3660,3657.5,4.17449e-05,0.000208725,3
3660,3665,3662.5,9.74049e-05,0.000487024,7
3665,3670,3667.5,4.17449e-05,0.000208725,3
3670,3675,3672.5,0.00016698,0.000834899,12
3675,3680,3677.5,0.000125235,0.000626174,9
3680,3685,3682.5,9.74049e-05,0.000487024,7
3685,3690,3687.5,8.34899e-05,0.000417449,6
3690,3695,3692.5,2.783e-05,0.00013915,2
3695,3700,3697.5,4.17449e-05,0.000208725,3
3700,3705,3702.5,0.000153065,0.000765324,11
3705,3710,3707.5,6.95749e-05,0.000347874,5
3710,3715,3712.5,0.000125235,0.000626174,9
3715,3720,3717.5,0.00013915,0.000695749,10
3725,3730,3727.5,0.00016698,0.000834899,12
3730,3735,3732.5,0.00013915,0.000695749,10
3735,3740,3737.5,9.74049e-05,0.000487024,7
3740,3745,3742.5,8.34899e-05,0.000417449,6
3745,3750,3747.5,0.000153065,0.000765324,11
3750,3755,3752.5,0.000153065,0.000765324,11
3755,3760,3757.5,0.000125235,0.000626174,9
3760,3765,3762.5,0.00013915,0.000695749,10
3765,3770,3767.5,9.74049e-05,0.000487024,7
3770,3775,3772.5,5.56599e-05,0.0002783,4
3775,3780,3777.5,9.74049e-05,0.000487024,7
3780,3785,3782.5,0.000153065,0.000765324,11
3785,3790,3787.5,0.00011132,0.000556599,8
3790,3795,3792.5,9.74049e-05,0.000487024,7
3795,3800,3797.5,0.00013915,0.000695749,10
3800,3805,3802.5,0.00016698,0.000834899,12
3805,3810,3807.5,9.74049e-05,0.000487024,7
3810,3815,3812.5,0.00011132,0.000556599,8
3815,3820,3817.5,0.000236555,0.00118277,17
3820,3825,3822.5,9.74049e-05,0.000487024,7
3825,3830,3827.5,9.74049e-05,0.000487024,7
3830,3835,3832.5,0.000153065,0.000765324,11
3835,3840,3837.5,8.34899e-05,0.000417449,6
3840,3845,3842.5,9.74049e-05,0.000487024,7
3845,3850,3847.5,0.00011132,0.000556599,8
3850,3855,3852.5,0.000125235,0.000626174,9
3855,3860,3857.5,6.95749e-05,0.000347874,5
3860,3865,3862.5,6.95749e-05,0.000347874,5
3865,3870,3867.5,0.00016698,0.000834899,12
3870,3875,3872.5,0.00016698,0.000834899,12
3875,3880,3877.5,4.17449e-05,0.000208725,3
3880,3885,3882.5,0.00013915,0.000695749,10
3885,3890,3887.5,0.00013915,0.000695749,10
3890,3895,3892.5,6.95749e-05,0.000347874,5
3895,3900,3897.5,0.00011132,0.000556599,8
3900,3905,3902.5,9.74049e-05,0.000487024,7
3905,3910,3907.5,0.000125235,0.000626174,9
3910,3915,3912.5,0.00019481,0.000974049,14
3915,3920,3917.5,6.95749e-05,0.000347874,5
3920,3925,3922.5,0.000125235,0.000626174,9
3925,3930,3927.5,9.74049e-05,0.000487024,7
3930,3935,3932.5,0.00011132,0.000556599,8
3935,3940,3937.5,8.34899e-05,0.000417449,6
3940,3945,3942.5,0.00011132,0.000556599,8
3945,3950,3947.5,9.74049e-05,0.000487024,7
3950,3955,3952.5,0.000125235,0.000626174,9
3955,3960,3957.5,0.00013915,0.000695749,10
3960,3965,3962.5,0.00011132,0.000556599,8
3965,3970,3967.5,8.34899e-05,0.000417449,6
3970,3975,3972.5,0.00011132,0.000556599,8
3975,3980,3977.5,0.00016698,0.000834899,12
3980,3985,3982.5,4.17449e-05,0.000208725,3
3985,3990,3987.5,0.000153065,0.000765324,11
3990,3995,3992.5,9.74049e-05,0.000487024,7
3995,4000,3997.5,0.000125235,0.000626174,9
4000,4005,4002.5,0.000125235,0.000626174,9
4005,4010,4007.5,9.74049e-05,0.000487024,7
4010,4015,4012.5,8.34899e-05,0.000417449,6
4015,4020,4017.5,8.34899e-05,0.000417449,6
4020,4025,4022.5,6.95749e-05,0.000347874,5
4025,4030,4027.5,5.56599e-05,0.0002783,4
4030,4035,4032.5,8.34899e-05,0.000417449,6
4035,4040,4037.5,0.000125235,0.000626174,9
4040,4045,4042.5,8.34899e-05,0.000417449,6
4045,4050,4047.5,6.95749e-05,0.000347874,5
4050,4055,4052.5,9.74049e-05,0.000487024,7
4055,4060,4057.5,0.00013915,0.000695749,10
4060,4065,4062.5,0.000125235,0.000626174,9
4065,4070,4067.5,8.34899e-05,0.000417449,6
4070,4075,4072.5,8.34899e-05,0.000417449,6
4075,4080,4077.5,0.000125235,0.000626174,9
4080,4085,4082.5,6.95749e-05,0.000347874,5
4085,4090,4087.5,0.00013915,0.000695749,10
4090,4095,4092.5,2.783e-05,0.00013915,2
4095,4100,4097.5,8.34899e-05,0.000417449,6
4100,4105,4102.5,9.74049e-05,0.000487024,7
4105,4110,4107.5,6.95749e-05,0.000347874,5
4110,4115,4112.5,6.95749e-05,0.000347874,5
4115,4120,4117.5,0.00011132,0.000556599,8
4120,4125,4122.5,4.17449e-05,0.000208725,3
4125,4130,4127.5,0.00011132,0.000556599,8
4130,4135,4132.5,5.56599e-05,0.0002783,4
4135,4140,4137.5,9.74049e-05,0.000487024,7
4140,4145,4142.5,2.783e-05,0.00013915,2
4145,4150,4147.5,0.00011132,0.000556599,8
4150,4155,4152.5,9.74049e-05,0.000487024,7
4155,4160,4157.5,0.000125235,0.000626174,9
4160,4165,4162.5,0.00011132,0.000556599,8
4165,4170,4167.5,0.00013915,0.000695749,10
4170,4175,4172.5,9.74049e-05,0.000487024,7
4175,4180,4177.5,0.00013915,0.000695749,10
4180,4185,4182.5,9.74049e-05,0.000487024,7
4185,4190,4187.5,8.34899e-05,0.000417449,6
4190,4195,4192.5,5.56599e-05,0.0002783,4
4195,4200,4197.5,0.000180895,0.000904474,13
4200,4205,4202.5,0.00011132,0.000556599,8
4205,4210,4207.5,8.34899e-05,0.000417449,6
4210,4215,4212.5,9.74049e-05,0.000487024,7
4215,4220,4217.5,0.00013915,0.000695749,10
4220,4225,4222.5,5.56599e-05,0.0002783,4
4225,4230,4227.5,0.00011132,0.000556599,8
4230,4235,4232.5,0.00011132,0.000556599,8
4235,4240,4237.5,6.95749e-05,0.000347874,5
4240,4245,4242.5,0.00013915,0.000695749,10
4245,4250,4247.5,0.00013915,0.000695749,10
4250,4255,4252.5,4.17449e-05,0.000208725,3
4255,4260,4257.5,4.17449e-05,0.000208725,3
4260,4265,4262.5,4.17449e-05,0.000208725,3
4265,4270,4267.5,0.00011132,0.000556599,8
4270,4275,4272.5,6.95749e-05,0.000347874,5
4275,4280,4277.5,8.34899e-05,0.000417449,6
4280,4285,4282.5,0.00011132,0.000556599,8
4285,4290,4287.5,0.00013915,0.000695749,10
4290,4295,4292.5,5.56599e-05,0.0002783,4
4295,4300,4297.5,8.34899e-05,0.000417449,6
4300,4305,4302.5,8.34899e-05,0.000417449,6
4305,4310,4307.5,8.34899e-05,0.000417449,6
4310,4315,4312.5,4.17449e-05,0.000208725,3
4315,4320,4317.5,5.56599e-05,0.0002783,4
4320,4325,4322.5,0.000125235,0.000626174,9
4325,4330,4327.5,8.34899e-05,0.000417449,6
4330,4335,4332.5,9.74049e-05,0.000487024,7
4335,4340,4337.5,2.783e-05,0.00013915,2
4340,4345,4342.5,2.783e-05,0.00013915,2
4345,4350,4347.5,8.34899e-05,0.000417449,6
4350,4355,4352.5,1.3915e-05,6.95749e-05,1
4355,4360,4357.5,1.3915e-05,6.95749e-05,1
4360,4365,4362.5,4.17449e-05,0.000208725,3
4365,4370,4367.5,2.783e-05,0.00013915,2
4370,4375,4372.5,1.3915e-05,6.95749e-05,1
4375,4380,4377.5,2.783e-05,0.00013915,2
4380,4385,4382.5,2.783e-05,0.00013915,2
4385,4390,4387.5,4.17449e-05,0.000208725,3
4390,4395,4392.5,2.783e-05,0.00013915,2
4395,4400,4397.5,2.783e-05,0.00013915,2
4400,4405,4402.5,5.56599e-05,0.0002783,4
4405,4410,4407.5,1.3915e-05,6.95749e-05,1
4410,4415,4412.5,2.783e-05,0.00013915,2
4420,4425,4422.5,1.3915e-05,6.95749e-05,1
4430,4435,4432.5,4.17449e-05,0.000208725,3
4435,4440,4437.5,2.783e-05,0.00013915,2
4440,4445,4442.5,2.783e-05,0.00013915,2
4445,4450,4447.5,5.56599e-05,0.0002783,4
4450,4455,4452.5,4.17449e-05,0.000208725,3
4455,4460,4457.5,1.3915e-05,6.95749e-05,1
4460,4465,4462.5,5.56599e-05,0.0002783,4
4465,4470,4467.5,5.56599e-05,0.0002783,4
4470,4475,4472.5,2.783e-05,0.00013915,2
4475,4480,4477.5,1.3915e-05,6.95749e-05,1
4485,4490,4487.5,1.3915e-05,6.95749e-05,1
4490,4495,4492.5,2.783e-05,0.00013915,2
4495,4500,4497.5,5.56599e-05,0.0002783,4
4500,4505,4502.5,2.783e-05,0.00013915,2
4505,4510,4507.5,2.783e-05,0.00013915,2
4510,4515,4512.5,1.3915e-05,6.95749e-05,1
4515,4520,4517.5,1.3915e-05,6.95749e-05,1
4525,4530,4527.5,4.17449e-05,0.000208725,3
4535,4540,4537.5,2.783e-05,0.00013915,2
4545,4550,4547.5,4.17449e-05,0.000208725,3
4550,4555,4552.5,5.56599e-05,0.0002783,4
4555,4560,4557.5,4.17449e-05,0.000208725,3
4560,4565,4562.5,2.783e-05,0.00013915,2
4570,4575,4572.5,2.783e-05,0.00013915,2
4575,4580,4577.5,1.3915e-05,6.95749e-05,1
4580,4585,4582.5,2.783e-05,0.00013915,2
4585,4590,4587.5,4.17449e-05,0.000208725,3
4590,4595,4592.5,1.3915e-05,6.95749e-05,1
4595,4600,4597.5,2.783e-05,0.00013915,2
4605,4610,4607.5,4.17449e-05,0.000208725,3
4610,4615,4612.5,6.95749e-05,0.000347874,5
4635,4640,4637.5,2.783e-05,0.00013915,2
4640,4645,4642.5,2.783e-05,0.00013915,2
4645,4650,4647.5,2.783e-05,0.00013915,2
4650,4655,4652.5,2.783e-05,0.00013915,2
4655,4660,4657.5,2.783e-05,0.00013915,2
4665,4670,4667.5,2.783e-05,0.00013915,2
4670,4675,4672.5,1.3915e-05,6.95749e-05,1
4680,4685,4682.5,2.783e-05,0.00013915,2
4685,4690,4687.5,5.56599e-05,0.0002783,4
4690,4695,4692.5,1.3915e-05,6.95749e-05,1
4705,4710,4707.5,2.783e-05,0.00013915,2
4710,4715,4712.5,2.783e-05,0.00013915,2
4715,4720,4717.5,1.3915e-05,6.95749e-05,1
4720,4725,4722.5,1.3915e-05,6.95749e-05,1
4725,4730,4727.5,1.3915e-05,6.95749e-05,1
4730,4735,4732.5,1.3915e-05,6.95749e-05,1
4735,4740,4737.5,1.3915e-05,6.95749e-05,1
4740,4745,4742.5,2.783e-05,0.00013915,2
4745,4750,4747.5,1.3915e-05,6.95749e-05,1
4750,4755,4752.5,1.3915e-05,6.95749e-05,1
4755,4760,4757.5,1.3915e-05,6.95749e-05,1
4760,4765,4762.5,1.3915e-05,6.95749e-05,1
4765,4770,4767.5,2.783e-05,0.00013915,2
4775,4780,4777.5,2.783e-05,0.00013915,2
4780,4785,4782.5,1.3915e-05,6.95749e-05,1
4785,4790,4787.5,1.3915e-05,6.95749e-05,1
4790,4795,4792.5,2.783e-05,0.00013915,2
4800,4805,4802.5,1.3915e-05,6.95749e-05,1
4810,4815,4812.5,2.783e-05,0.00013915,2
4815,4820,4817.5,1.3915e-05,6.95749e-05,1
4825,4830,4827.5,1.3915e-05,6.95749e-05,1
4835,4840,4837.5,1.3915e-05,6.95749e-05,1
4840,4845,4842.5,2.783e-05,0.00013915,2
4850,4855,4852.5,2.783e-05,0.00013915,2
4855,4860,4857.5,2.783e-05,0.00013915,2
4860,4865,4862.5,2.783e-05,0.00013915,2
4865,4870,4867.5,4.17449e-05,0.000208725,3
4870,4875,4872.5,1.3915e-05,6.95749e-05,1
4875,4880,4877.5,1.3915e-05,6.95749e-05,1
4885,4890,4887.5,2.783e-05,0.00013915,2
4900,4905,4902.5,1.3915e-05,6.95749e-05,1
4910,4915,4912.5,1.3915e-05,6.95749e-05,1
4920,4925,4922.5,1.3915e-05,6.95749e-05,1
4925,4930,4927.5,2.783e-05,0.00013915,2
4930,4935,4932.5,2.783e-05,0.00013915,2
4935,4940,4937.5,2.783e-05,0.00013915,2
4950,4955,4952.5,1.3915e-05,6.95749e-05,1
4960,4965,4962.5,5.56599e-05,0.0002783,4
4975,4980,4977.5,4.17449e-05,0.000208725,3
4980,4985,4982.5,4.17449e-05,0.000208725,3
4985,4990,4987.5,1.3915e-05,6.95749e-05,1
4990,4995,4992.5,5.56599e-05,0.0002783,4
4995,5000,4997.5,2.783e-05,0.00013915,2
5000,5005,5002.5,1.3915e-05,6.95749e-05,1
5010,5015,5012.5,4.17449e-05,0.000208725,3
5015,5020,5017.5,1.3915e-05,6.95749e-05,1
5025,5030,5027.5,2.783e-05,0.00013915,2
5040,5045,5042.5,2.783e-05,0.00013915,2
5045,5050,5047.5,4.17449e-05,0.000208725,3
5050,5055,5052.5,2.783e-05,0.00013915,2
5055,5060,5057.5,2.783e-05,0.00013915,2
5060,5065,5062.5,1.3915e-05,6.95749e-05,1
5065,5070,5067.5,2.783e-05,0.00013915,2
5070,5075,5072.5,4.17449e-05,0.000208725,3
5075,5080,5077.5,4.17449e-05,0.000208725,3
5080,5085,5082.5,2.783e-05,0.00013915,2
5090,5095,5092.5,1.3915e-05,6.95749e-05,1
5095,5100,5097.5,1.3915e-05,6.95749e-05,1
5100,5105,5102.5,4.17449e-05,0.000208725,3
5105,5110,5107.5,2.783e-05,0.00013915,2
5110,5115,5112.5,1.3915e-05,6.95749e-05,1
5115,5120,5117.5,1.3915e-05,6.95749e-05,1
5125,5130,5127.5,2.783e-05,0.00013915,2
5130,5135,5132.5,1.3915e-05,6.95749e-05,1
5135,5140,5137.5,1.3915e-05,6.95749e-05,1
5140,5145,5142.5,1.3915e-05,6.95749e-05,1
5150,5155,5152.5,4.17449e-05,0.000208725,3
5155,5160,5157.5,1.3915e-05,6.95749e-05,1
5160,5165,5162.5,2.783e-05,0.00013915,2
5170,5175,5172.5,4.17449e-05,0.000208725,3
5175,5180,5177.5,1.3915e-05,6.95749e-05,1
5180,5185,5182.5,4.17449e-05,0.000208725,3
5185,5190,5187.5,4.17449e-05,0.000208725,3
5195,5200,5197.5,1.3915e-05,6.95749e-05,1
5200,5205,5202.5,1.3915e-05,6.95749e-05,1
5210,5215,5212.5,1.3915e-05,6.95749e-05,1
5220,5225,5222.5,1.3915e-05,6.95749e-05,1
5225,5230,5227.5,1.3915e-05,6.95749e-05,1
5230,5235,5232.5,2.783e-05,0.00013915,2
5235,5240,5237.5,1.3915e-05,6.95749e-05,1
5240,5245,5242.5,1.3915e-05,6.95749e-05,1
5245,5250,5247.5,5.56599e-05,0.0002783,4
5255,5260,5257.5,4.17449e-05,0.000208725,3
5260,5265,5262.5,4.17449e-05,0.000208725,3
5265,5270,5267.5,4.17449e-05,0.000208725,3
5270,5275,5272.5,4.17449e-05,0.000208725,3
5275,5280,5277.5,1.3915e-05,6.95749e-05,1
5280,5285,5282.5,1.3915e-05,6.95749e-05,1
5285,5290,5287.5,1.3915e-05,6.95749e-05,1
5295,5300,5297.5,2.783e-05,0.00013915,2
5300,5305,5302.5,4.17449e-05,0.000208725,3
5310,5315,5312.5,4.17449e-05,0.000208725,3
5315,5320,5317.5,2.783e-05,0.00013915,2
5320,5325,5322.5,2.783e-05,0.00013915,2
5325,5330,5327.5,1.3915e-05,6.95749e-05,1
5330,5335,5332.5,4.17449e-05,0.000208725,3
5335,5340,5337.5,1.3915e-05,6.95749e-05,1
5340,5345,5342.5,1.3915e-05,6.95749e-05,1
5345,5350,5347.5,2.783e-05,0.00013915,2
5355,5360,5357.5,4.17449e-05,0.000208725,3
5360,5365,5362.5,4.17449e-05,0.000208725,3
5365,5370,5367.5,4.17449e-05,0.000208725,3
5375,5380,5377.5,1.3915e-05,6.95749e-05,1
5380,5385,5382.5,1.3915e-05,6.95749e-05,1
5385,5390,5387.5,1.3915e-05,6.95749e-05,1
5395,5400,5397.5,1.3915e-05,6.95749e-05,1
5400,5405,5402.5,2.783e-05,0.00013915,2
5405,5410,5407.5,4.17449e-05,0.000208725,3
5410,5415,5412.5,1.3915e-05,6.95749e-05,1
5415,5420,5417.5,2.783e-05,0.00013915,2
5420,5425,5422.5,2.783e-05,0.00013915,2
5425,5430,5427.5,1.3915e-05,6.95749e-05,1
5430,5435,5432.5,1.3915e-05,6.95749e-05,1
5435,5440,5437.5,1.3915e-05,6.95749e-05,1
5440,5445,5442.5,1.3915e-05,6.95749e-05,1
5455,5460,5457.5,1.3915e-05,6.95749e-05,1
5460,5465,5462.5,2.783e-05,0.00013915,2
5465,5470,5467.5,4.17449e-05,0.000208725,3
5470,5475,5472.5,1.3915e-05,6.95749e-05,1
5475,5480,5477.5,1.3915e-05,6.95749e-05,1
5480,5485,5482.5,2.783e-05,0.00013915,2
5485,5490,5487.5,1.3915e-05,6.95749e-05,1
5490,5495,5492.5,1.3915e-05,6.95749e-05,1
5495,5500,5497.5,1.3915e-05,6.95749e-05,1
5500,5505,5502.5,2.783e-05,0.00013915,2
5505,5510,5507.5,2.783e-05,0.00013915,2
5510,5515,5512.5,1.3915e-05,6.95749e-05,1
5515,5520,5517.5,2.783e-05,0.00013915,2
5520,5525,5522.5,1.3915e-05,6.95749e-05,1
5525,5530,5527.5,2.783e-05,0.00013915,2
5530,5535,5532.5,1.3915e-05,6.95749e-05,1
5535,5540,5537.5,1.3915e-05,6.95749e-05,1
5540,5545,5542.5,2.783e-05,0.00013915,2
5545,5550,5547.5,2.783e-05,0.00013915,2
5550,5555,5552.5,2.783e-05,0.00013915,2
5560,5565,5562.5,1.3915e-05,6.95749e-05,1
5565,5570,5567.5,4.17449e-05,0.000208725,3
5570,5575,5572.5,4.17449e-05,0.000208725,3
5575,5580,5577.5,4.17449e-05,0.000208725,3
5580,5585,5582.5,1.3915e-05,6.95749e-05,1
5585,5590,5587.5,5.56599e-05,0.0002783,4
5590,5595,5592.5,2.783e-05,0.00013915,2
5600,5605,5602.5,1.3915e-05,6.95749e-05,1
5605,5610,5607.5,1.3915e-05,6.95749e-05,1
5610,5615,5612.5,4.17449e-05,0.000208725,3
5620,5625,5622.5,2.783e-05,0.00013915,2
5625,5630,5627.5,1.3915e-05,6.95749e-05,1
5630,5635,5632.5,4.17449e-05,0.000208725,3
5635,5640,5637.5,2.783e-05,0.00013915,2
5645,5650,5647.5,4.17449e-05,0.000208725,3
5650,5655,5652.5,1.3915e-05,6.95749e-05,1
5655,5660,5657.5,1.3915e-05,6.95749e-05,1
5670,5675,5672.5,2.783e-05,0.00013915,2
5675,5680,5677.5,1.3915e-05,6.95749e-05,1
5690,5695,5692.5,1.3915e-05,6.95749e-05,1
5705,5710,5707.5,1.3915e-05,6.95749e-05,1
5710,5715,5712.5,2.783e-05,0.00013915,2
5715,5720,5717.5,2.783e-05,0.00013915,2
5720,5725,5722.5,4.17449e-05,0.000208725,3
5725,5730,5727.5,1.3915e-05,6.95749e-05,1
5730,5735,5732.5,2.783e-05,0.00013915,2
5735,5740,5737.5,2.783e-05,0.00013915,2
5740,5745,5742.5,2.783e-05,0.00013915,2
5745,5750,5747.5,2.783e-05,0.00013915,2
5750,5755,5752.5,1.3915e-05,6.95749e-05,1
5765,5770,5767.5,1.3915e-05,6.95749e-05,1
5785,5790,5787.5,2.783e-05,0.00013915,2
5790,5795,5792.5,1.3915e-05,6.95749e-05,1
5800,5805,5802.5,1.3915e-05,6.95749e-05,1
5815,5820,5817.5,1.3915e-05,6.95749e-05,1
5820,5825,5822.5,1.3915e-05,6.95749e-05,1
5830,5835,5832.5,1.3915e-05,6.95749e-05,1
5835,5840,5837.5,4.17449e-05,0.000208725,3
5840,5845,5842.5,1.3915e-05,6.95749e-05,1
5845,5850,5847.5,1.3915e-05,6.95749e-05,1
5850,5855,5852.5,1.3915e-05,6.95749e-05,1
5860,5865,5862.5,1.3915e-05,6.95749e-05,1
5865,5870,5867.5,2.783e-05,0.00013915,2
5870,5875,5872.5,4.17449e-05,0.000208725,3
5880,5885,5882.5,1.3915e-05,6.95749e-05,1
5890,5895,5892.5,2.783e-05,0.00013915,2
5895,5900,5897.5,2.783e-05,0.00013915,2
5900,5905,5902.5,1.3915e-05,6.95749e-05,1
5905,5910,5907.5,1.3915e-05,6.95749e-05,1
5915,5920,5917.5,1.3915e-05,6.95749e-05,1
5920,5925,5922.5,1.3915e-05,6.95749e-05,1
5925,5930,5927.5,1.3915e-05,6.95749e-05,1
5930,5935,5932.5,1.3915e-05,6.95749e-05,1
5935,5940,5937.5,1.3915e-05,6.95749e-05,1
5940,5945,5942.5,1.3915e-05,6.95749e-05,1
5945,5950,5947.5,2.783e-05,0.00013915,2
5950,5955,5952.5,1.3915e-05,6.95749e-05,1
5960,5965,5962.5,1.3915e-05,6.95749e-05,1
5965,5970,5967.5,2.783e-05,0.00013915,2
5970,5975,5972.5,2.783e-05,0.00013915,2
5980,5985,5982.5,2.783e-05,0.00013915,2
5985,5990,5987.5,2.783e-05,0.00013915,2
5990,5995,5992.5,1.3915e-05,6.95749e-05,1
6005,6010,6007.5,1.3915e-05,6.95749e-05,1
6010,6015,6012.5,1.3915e-05,6.95749e-05,1
6015,6020,6017.5,2.783e-05,0.00013915,2
6020,6025,6022.5,2.783e-05,0.00013915,2
6025,6030,6027.5,1.3915e-05,6.95749e-05,1
6030,6035,6032.5,2.783e-05,0.00013915,2
6035,6040,6037.5,1.3915e-05,6.95749e-05,1
6040,6045,6042.5,4.17449e-05,0.000208725,3
6050,6055,6052.5,2.783e-05,0.00013915,2
6055,6060,6057.5,1.3915e-05,6.95749e-05,1
6060,6065,6062.5,1.3915e-05,6.95749e-05,1
6065,6070,6067.5,1.3915e-05,6.95749e-05,1
6075,6080,6077.5,4.17449e-05,0.000208725,3
6080,6085,6082.5,1.3915e-05,6.95749e-05,1
6085,6090,6087.5,1.3915e-05,6.95749e-05,1
6090,6095,6092.5,1.3915e-05,6.95749e-05,1
6100,6105,6102.5,1.3915e-05,6.95749e-05,1
6105,6110,6107.5,4.17449e-05,0.000208725,3
6115,6120,6117.5,2.783e-05,0.00013915,2
6120,6125,6122.5,2.783e-05,0.00013915,2
6135,6140,6137.5,1.3915e-05,6.95749e-05,1
6140,6145,6142.5,2.783e-05,0.00013915,2
6145,6150,6147.5,1.3915e-05,6.95749e-05,1
6165,6170,6167.5,2.783e-05,0.00013915,2
6170,6175,6172.5,1.3915e-05,6.95749e-05,1
6175,6180,6177.5,1.3915e-05,6.95749e-05,1
6180,6185,6182.5,6.95749e-05,0.000347874,5
6185,6190,6187.5,1.3915e-05,6.95749e-05,1
6195,6200,6197.5,1.3915e-05,6.95749e-05,1
6205,6210,6207.5,2.783e-05,0.00013915,2
6210,6215,6212.5,1.3915e-05,6.95749e-05,1
6220,6225,6222.5,1.3915e-05,6.95749e-05,1
6225,6230,6227.5,1.3915e-05,6.95749e-05,1
6255,6260,6257.5,1.3915e-05,6.95749e-05,1
6265,6270,6267.5,2.783e-05,0.00013915,2
6280,6285,6282.5,1.3915e-05,6.95749e-05,1
6285,6290,6287.5,1.3915e-05,6.95749e-05,1
6305,6310,6307.5,2.783e-05,0.00013915,2
6310,6315,6312.5,2.783e-05,0.00013915,2
6340,6345,6342.5,1.3915e-05,6.95749e-05,1
6345,6350,6347.5,2.783e-05,0.00013915,2
6375,6380,6377.5,1.3915e-05,6.95749e-05,1
6385,6390,6387.5,1.3915e-05,6.95749e-05,1
6395,6400,6397.5,1.3915e-05,6.95749e-05,1
6400,6405,6402.5,2.783e-05,0.00013915,2
6405,6410,6407.5,1.3915e-05,6.95749e-05,1
6410,6415,6412.5,2.783e-05,0.00013915,2
6415,6420,6417.5,1.3915e-05,6.95749e-05,1
6420,6425,6422.5,2.783e-05,0.00013915,2
6425,6430,6427.5,4.17449e-05,0.000208725,3
6430,6435,6432.5,1.3915e-05,6.95749e-05,1
6435,6440,6437.5,2.783e-05,0.00013915,2
6440,6445,6442.5,1.3915e-05,6.95749e-05,1
6445,6450,6447.5,1.3915e-05,6.95749e-05,1
6450,6455,6452.5,1.3915e-05,6.95749e-05,1
6455,6460,6457.5,5.56599e-05,0.0002783,4
6465,6470,6467.5,2.783e-05,0.00013915,2
6470,6475,6472.5,1.3915e-05,6.95749e-05,1
6475,6480,6477.5,4.17449e-05,0.000208725,3
6480,6485,6482.5,1.3915e-05,6.95749e-05,1
6490,6495,6492.5,1.3915e-05,6.95749e-05,1
6495,6500,6497.5,1.3915e-05,6.95749e-05,1
6505,6510,6507.5,1.3915e-05,6.95749e-05,1
6510,6515,6512.5,1.3915e-05,6.95749e-05,1
6520,6525,6522.5,1.3915e-05,6.95749e-05,1
6535,6540,6537.5,1.3915e-05,6.95749e-05,1
6540,6545,6542.5,1.3915e-05,6.95749e-05,1
6545,6550,6547.5,1.3915e-05,6.95749e-05,1
6550,6555,6552.5,1.3915e-05,6.95749e-05,1
6555,6560,6557.5,2.783e-05,0.00013915,2
6570,6575,6572.5,1.3915e-05,6.95749e-05,1
6575,6580,6577.5,2.783e-05,0.00013915,2
6585,6590,6587.5,1.3915e-05,6.95749e-05,1
6590,6595,6592.5,1.3915e-05,6.95749e-05,1
6595,6600,6597.5,1.3915e-05,6.95749e-05,1
6600,6605,6602.5,1.3915e-05,6.95749e-05,1
6610,6615,6612.5,1.3915e-05,6.95749e-05,1
6615,6620,6617.5,1.3915e-05,6.95749e-05,1
6620,6625,6622.5,1.3915e-05,6.95749e-05,1
6635,6640,6637.5,1.3915e-05,6.95749e-05,1
6640,6645,6642.5,1.3915e-05,6.95749e-05,1
6660,6665,6662.5,2.783e-05,0.00013915,2
6675,6680,6677.5,1.3915e-05,6.95749e-05,1
6680,6685,6682.5,1.3915e-05,6.95749e-05,1
6695,6700,6697.5,1.3915e-05,6.95749e-05,1
6700,6705,6702.5,1.3915e-05,6.95749e-05,1
6705,6710,6707.5,2.783e-05,0.00013915,2
6725,6730,6727.5,1.3915e-05,6.95749e-05,1
6730,6735,6732.5,5.56599e-05,0.0002783,4
6745,6750,6747.5,1.3915e-05,6.95749e-05,1
6750,6755,6752.5,2.783e-05,0.00013915,2
6765,6770,6767.5,1.3915e-05,6.95749e-05,1
6770,6775,6772.5,1.3915e-05,6.95749e-05,1
6775,6780,6777.5,2.783e-05,0.00013915,2
6780,6785,6782.5,4.17449e-05,0.000208725,3
6795,6800,6797.5,2.783e-05,0.00013915,2
6800,6805,6802.5,1.3915e-05,6.95749e-05,1
6805,6810,6807.5,1.3915e-05,6.95749e-05,1
6810,6815,6812.5,2.783e-05,0.00013915,2
6830,6835,6832.5,2.783e-05,0.00013915,2
6840,6845,6842.5,4.17449e-05,0.000208725,3
6845,6850,6847.5,1.3915e-05,6.95749e-05,1
6850,6855,6852.5,1.3915e-05,6.95749e-05,1
6860,6865,6862.5,2.783e-05,0.00013915,2
6865,6870,6867.5,1.3915e-05,6.95749e-05,1
6875,6880,6877.5,4.17449e-05,0.000208725,3
6880,6885,6882.5,2.783e-05,0.00013915,2
6895,6900,6897.5,1.3915e-05,6.95749e-05,1
6900,6905,6902.5,1.3915e-05,6.95749e-05,1
6910,6915,6912.5,4.17449e-05,0.000208725,3
6915,6920,6917.5,2.783e-05,0.00013915,2
6920,6925,6922.5,2.783e-05,0.00013915,2
6925,6930,6927.5,2.783e-05,0.00013915,2
6935,6940,6937.5,5.56599e-05,0.0002783,4
6940,6945,6942.5,2.783e-05,0.00013915,2
6945,6950,6947.5,2.783e-05,0.00013915,2
6955,6960,6957.5,1.3915e-05,6.95749e-05,1
6960,6965,6962.5,1.3915e-05,6.95749e-05,1
6965,6970,6967.5,1.3915e-05,6.95749e-05,1
6975,6980,6977.5,2.783e-05,0.00013915,2
6980,6985,6982.5,1.3915e-05,6.95749e-05,1
6985,6990,6987.5,4.17449e-05,0.000208725,3
6990,6995,6992.5,1.3915e-05,6.95749e-05,1
7000,7005,7002.5,4.17449e-05,0.000208725,3
7005,7010,7007.5,2.783e-05,0.00013915,2
7020,7025,7022.5,2.783e-05,0.00013915,2
7025,7030,7027.5,1.3915e-05,6.95749e-05,1
7030,7035,7032.5,1.3915e-05,6.95749e-05,1
7035,7040,7037.5,1.3915e-05,6.95749e-05,1
7040,7045,7042.5,2.783e-05,0.00013915,2
7045,7050,7047.5,1.3915e-05,6.95749e-05,1
7055,7060,7057.5,4.17449e-05,0.000208725,3
7065,7070,7067.5,2.783e-05,0.00013915,2
7070,7075,7072.5,2.783e-05,0.00013915,2
7080,7085,7082.5,1.3915e-05,6.95749e-05,1
7085,7090,7087.5,1.3915e-05,6.95749e-05,1
7090,7095,7092.5,1.3915e-05,6.95749e-05,1
7095,7100,7097.5,2.783e-05,0.00013915,2
7115,7120,7117.5,1.3915e-05,6.95749e-05,1
7125,7130,7127.5,1.3915e-05,6.95749e-05,1
7130,7135,7132.5,1.3915e-05,6.95749e-05,1
7135,7140,7137.5,5.56599e-05,0.0002783,4
7140,7145,7142.5,1.3915e-05,6.95749e-05,1
7145,7150,7147.5,2.783e-05,0.00013915,2
7155,7160,7157.5,1.3915e-05,6.95749e-05,1
7160,7165,7162.5,2.783e-05,0.00013915,2
7170,7175,7172.5,1.3915e-05,6.95749e-05,1
7175,7180,7177.5,1.3915e-05,6.95749e-05,1
7180,7185,7182.5,1.3915e-05,6.95749e-05,1
7185,7190,7187.5,1.3915e-05,6.95749e-05,1
7190,7195,7192.5,1.3915e-05,6.95749e-05,1
7200,7205,7202.5,1.3915e-05,6.95749e-05,1
7210,7215,7212.5,1.3915e-05,6.95749e-05,1
7220,7225,7222.5,1.3915e-05,6.95749e-05,1
7230,7235,7232.5,1.3915e-05,6.95749e-05,1
7235,7240,7237.5,1.3915e-05,6.95749e-05,1
7240,7245,7242.5,1.3915e-05,6.95749e-05,1
7245,7250,7247.5,1.3915e-05,6.95749e-05,1
7250,7255,7252.5,2.783e-05,0.00013915,2
7260,7265,7262.5,1.3915e-05,6.95749e-05,1
7270,7275,7272.5,2.783e-05,0.00013915,2
7300,7305,7302.5,1.3915e-05,6.95749e-05,1
7305,7310,7307.5,1.3915e-05,6.95749e-05,1
7315,7320,7317.5,2.783e-05,0.00013915,2
7340,7345,7342.5,4.17449e-05,0.000208725,3
7350,7355,7352.5,6.95749e-05,0.000347874,5
7360,7365,7362.5,1.3915e-05,6.95749e-05,1
7365,7370,7367.5,1.3915e-05,6.95749e-05,1
7375,7380,7377.5,1.3915e-05,6.95749e-05,1
7380,7385,7382.5,1.3915e-05,6.95749e-05,1
7385,7390,7387.5,1.3915e-05,6.95749e-05,1
7390,7395,7392.5,1.3915e-05,6.95749e-05,1
7395,7400,7397.5,1.3915e-05,6.95749e-05,1
7400,7405,7402.5,1.3915e-05,6.95749e-05,1
7405,7410,7407.5,2.783e-05,0.00013915,2
7410,7415,7412.5,1.3915e-05,6.95749e-05,1
7415,7420,7417.5,1.3915e-05,6.95749e-05,1
7420,7425,7422.5,4.17449e-05,0.000208725,3
7435,7440,7437.5,2.783e-05,0.00013915,2
7440,7445,7442.5,1.3915e-05,6.95749e-05,1
7445,7450,7447.5,1.3915e-05,6.95749e-05,1
7450,7455,7452.5,2.783e-05,0.00013915,2
7455,7460,7457.5,1.3915e-05,6.95749e-05,1
7460,7465,7462.5,1.3915e-05,6.95749e-05,1
7465,7470,7467.5,2.783e-05,0.00013915,2
7470,7475,7472.5,2.783e-05,0.00013915,2
7475,7480,7477.5,1.3915e-05,6.95749e-05,1
7480,7485,7482.5,1.3915e-05,6.95749e-05,1
7485,7490,7487.5,1.3915e-05,6.95749e-05,1
7490,7495,7492.5,1.3915e-05,6.95749e-05,1
7500,7505,7502.5,1.3915e-05,6.95749e-05,1
7505,7510,7507.5,2.783e-05,0.00013915,2
7510,7515,7512.5,1.3915e-05,6.95749e-05,1
7520,7525,7522.5,2.783e-05,0.00013915,2
7525,7530,7527.5,4.17449e-05,0.000208725,3
7535,7540,7537.5,1.3915e-05,6.95749e-05,1
7540,7545,7542.5,2.783e-05,0.00013915,2
7545,7550,7547.5,1.3915e-05,6.95749e-05,1
7570,7575,7572.5,2.783e-05,0.00013915,2
7575,7580,7577.5,1.3915e-05,6.95749e-05,1
7580,7585,7582.5,1.3915e-05,6.95749e-05,1
7585,7590,7587.5,1.3915e-05,6.95749e-05,1
7590,7595,7592.5,1.3915e-05,6.95749e-05,1
7595,7600,7597.5,1.3915e-05,6.95749e-05,1
7600,7605,7602.5,1.3915e-05,6.95749e-05,1
7610,7615,7612.5,1.3915e-05,6.95749e-05,1
7620,7625,7622.5,1.3915e-05,6.95749e-05,1
7645,7650,7647.5,2.783e-05,0.00013915,2
7655,7660,7657.5,2.783e-05,0.00013915,2
7660,7665,7662.5,1.3915e-05,6.95749e-05,1
7670,7675,7672.5,5.56599e-05,0.0002783,4
7690,7695,7692.5,2.783e-05,0.00013915,2
7700,7705,7702.5,2.783e-05,0.00013915,2
7705,7710,7707.5,1.3915e-05,6.95749e-05,1
7710,7715,7712.5,2.783e-05,0.00013915,2
7715,7720,7717.5,2.783e-05,0.00013915,2
7720,7725,7722.5,1.3915e-05,6.95749e-05,1
7725,7730,7727.5,1.3915e-05,6.95749e-05,1
7735,7740,7737.5,2.783e-05,0.00013915,2
7740,7745,7742.5,2.783e-05,0.00013915,2
7745,7750,7747.5,4.17449e-05,0.000208725,3
7750,7755,7752.5,1.3915e-05,6.95749e-05,1
7765,7770,7767.5,1.3915e-05,6.95749e-05,1
7770,7775,7772.5,1.3915e-05,6.95749e-05,1
7775,7780,7777.5,2.783e-05,0.00013915,2
7790,7795,7792.5,1.3915e-05,6.95749e-05,1
7800,7805,7802.5,1.3915e-05,6.95749e-05,1
7805,7810,7807.5,1.3915e-05,6.95749e-05,1
7810,7815,7812.5,5.56599e-05,0.0002783,4
7820,7825,7822.5,1.3915e-05,6.95749e-05,1
7825,7830,7827.5,1.3915e-05,6.95749e-05,1
7845,7850,7847.5,2.783e-05,0.00013915,2
7855,7860,7857.5,1.3915e-05,6.95749e-05,1
7860,7865,7862.5,2.783e-05,0.00013915,2
7865,7870,7867.5,1.3915e-05,6.95749e-05,1
7870,7875,7872.5,1.3915e-05,6.95749e-05,1
7885,7890,7887.5,2.783e-05,0.00013915,2
7890,7895,7892.5,2.783e-05,0.00013915,2
7915,7920,7917.5,1.3915e-05,6.95749e-05,1
7925,7930,7927.5,1.3915e-05,6.95749e-05,1
7930,7935,7932.5,2.783e-05,0.00013915,2
7935,7940,7937.5,2.783e-05,0.00013915,2
7940,7945,7942.5,2.783e-05,0.00013915,2
7945,7950,7947.5,1.3915e-05,6.95749e-05,1
7950,7955,7952.5,1.3915e-05,6.95749e-05,1
7960,7965,7962.5,2.783e-05,0.00013915,2
7965,7970,7967.5,2.783e-05,0.00013915,2
7970,7975,7972.5,1.3915e-05,6.95749e-05,1
7975,7980,7977.5,2.783e-05,0.00013915,2
7980,7985,7982.5,1.3915e-05,6.95749e-05,1
7990,7995,7992.5,1.3915e-05,6.95749e-05,1
7995,8000,7997.5,2.783e-05,0.00013915,2
8015,8020,8017.5,2.783e-05,0.00013915,2
8020,8025,8022.5,1.3915e-05,6.95749e-05,1
8040,8045,8042.5,1.3915e-05,6.95749e-05,1
8045,8050,8047.5,4.17449e-05,0.000208725,3
8050,8055,8052.5,4.17449e-05,0.000208725,3
8060,8065,8062.5,1.3915e-05,6.95749e-05,1
8070,8075,8072.5,2.783e-05,0.00013915,2
8080,8085,8082.5,1.3915e-05,6.95749e-05,1
8090,8095,8092.5,2.783e-05,0.00013915,2
8105,8110,8107.5,2.783e-05,0.00013915,2
8110,8115,8112.5,1.3915e-05,6.95749e-05,1
8135,8140,8137.5,1.3915e-05,6.95749e-05,1
8140,8145,8142.5,1.3915e-05,6.95749e-05,1
8145,8150,8147.5,1.3915e-05,6.95749e-05,1
8170,8175,8172.5,2.783e-05,0.00013915,2
8180,8185,8182.5,1.3915e-05,6.95749e-05,1
8195,8200,8197.5,1.3915e-05,6.95749e-05,1
8200,8205,8202.5,1.3915e-05,6.95749e-05,1
8225,8230,8227.5,2.783e-05,0.00013915,2
8230,8235,8232.5,2.783e-05,0.00013915,2
8245,8250,8247.5,2.783e-05,0.00013915,2
8255,8260,8257.5,1.3915e-05,6.95749e-05,1
8270,8275,8272.5,1.3915e-05,6.95749e-05,1
8275,8280,8277.5,1.3915e-05,6.95749e-05,1
8290,8295,8292.5,2.783e-05,0.00013915,2
8300,8305,8302.5,1.3915e-05,6.95749e-05,1
8305,8310,8307.5,1.3915e-05,6.95749e-05,1
8310,8315,8312.5,1.3915e-05,6.95749e-05,1
8320,8325,8322.5,1.3915e-05,6.95749e-05,1
8340,8345,8342.5,2.783e-05,0.00013915,2
8345,8350,8347.5,1.3915e-05,6.95749e-05,1
8360,8365,8362.5,1.3915e-05,6.95749e-05,1
8370,8375,8372.5,1.3915e-05,6.95749e-05,1
8375,8380,8377.5,1.3915e-05,6.95749e-05,1
8380,8385,8382.5,1.3915e-05,6.95749e-05,1
8390,8395,8392.5,2.783e-05,0.00013915,2
8420,8425,8422.5,1.3915e-05,6.95749e-05,1
8435,8440,8437.5,1.3915e-05,6.95749e-05,1
8440,8445,8442.5,1.3915e-05,6.95749e-05,1
8445,8450,8447.5,1.3915e-05,6.95749e-05,1
8450,8455,8452.5,1.3915e-05,6.95749e-05,1
8460,8465,8462.5,1.3915e-05,6.95749e-05,1
8465,8470,8467.5,1.3915e-05,6.95749e-05,1
8480,8485,8482.5,1.3915e-05,6.95749e-05,1
8495,8500,8497.5,1.3915e-05,6.95749e-05,1
8525,8530,8527.5,1.3915e-05,6.95749e-05,1
8545,8550,8547.5,1.3915e-05,6.95749e-05,1
8550,8555,8552.5,1.3915e-05,6.95749e-05,1
8555,8560,8557.5,1.3915e-05,6.95749e-05,1
8575,8580,8577.5,1.3915e-05,6.95749e-05,1
8605,8610,8607.5,1.3915e-05,6.95749e-05,1
8610,8615,8612.5,1.3915e-05,6.95749e-05,1
8620,8625,8622.5,1.3915e-05,6.95749e-05,1
8640,8645,8642.5,2.783e-05,0.00013915,2
8645,8650,8647.5,1.3915e-05,6.95749e-05,1
8650,8655,8652.5,2.783e-05,0.00013915,2
8665,8670,8667.5,1.3915e-05,6.95749e-05,1
8670,8675,8672.5,1.3915e-05,6.95749e-05,1
8675,8680,8677.5,2.783e-05,0.00013915,2
8690,8695,8692.5,2.783e-05,0.00013915,2
8695,8700,8697.5,1.3915e-05,6.95749e-05,1
8720,8725,8722.5,1.3915e-05,6.95749e-05,1
8730,8735,8732.5,2.783e-05,0.00013915,2
8735,8740,8737.5,1.3915e-05,6.95749e-05,1
8740,8745,8742.5,2.783e-05,0.00013915,2
8745,8750,8747.5,2.783e-05,0.00013915,2
8760,8765,8762.5,1.3915e-05,6.95749e-05,1
8765,8770,8767.5,1.3915e-05,6.95749e-05,1
8780,8785,8782.5,2.783e-05,0.00013915,2
8795,8800,8797.5,1.3915e-05,6.95749e-05,1
8800,8805,8802.5,2.783e-05,0.00013915,2
8815,8820,8817.5,1.3915e-05,6.95749e-05,1
8820,8825,8822.5,1.3915e-05,6.95749e-05,1
8825,8830,8827.5,5.56599e-05,0.0002783,4
8840,8845,8842.5,1.3915e-05,6.95749e-05,1
8845,8850,8847.5,1.3915e-05,6.95749e-05,1
8860,8865,8862.5,1.3915e-05,6.95749e-05,1
8865,8870,8867.5,1.3915e-05,6.95749e-05,1
8885,8890,8887.5,1.3915e-05,6.95749e-05,1
8920,8925,8922.5,1.3915e-05,6.95749e-05,1
8925,8930,8927.5,2.783e-05,0.00013915,2
8935,8940,8937.5,8.34899e-05,0.000417449,6
8940,8945,8942.5,4.17449e-05,0.000208725,3
8945,8950,8947.5,2.783e-05,0.00013915,2
8950,8955,8952.5,1.3915e-05,6.95749e-05,1
8975,8980,8977.5,1.3915e-05,6.95749e-05,1
8980,8985,8982.5,1.3915e-05,6.95749e-05,1
9005,9010,9007.5,1.3915e-05,6.95749e-05,1
9015,9020,9017.5,1.3915e-05,6.95749e-05,1
9025,9030,9027.5,2.783e-05,0.00013915,2
9035,9040,9037.5,1.3915e-05,6.95749e-05,1
9040,9045,9042.5,1.3915e-05,6.95749e-05,1
9045,9050,9047.5,1.3915e-05,6.95749e-05,1
9050,9055,9052.5,1.3915e-05,6.95749e-05,1
9090,9095,9092.5,1.3915e-05,6.95749e-05,1
9110,9115,9112.5,1.3915e-05,6.95749e-05,1
9125,9130,9127.5,1.3915e-05,6.95749e-05,1
9130,9135,9132.5,1.3915e-05,6.95749e-05,1
9135,9140,9137.5,1.3915e-05,6.95749e-05,1
9140,9145,9142.5,1.3915e-05,6.95749e-05,1
9145,9150,9147.5,1.3915e-05,6.95749e-05,1
9155,9160,9157.5,2.783e-05,0.00013915,2
9170,9175,9172.5,1.3915e-05,6.95749e-05,1
9185,9190,9187.5,1.3915e-05,6.95749e-05,1
9190,9195,9192.5,1.3915e-05,6.95749e-05,1
9195,9200,9197.5,2.783e-05,0.00013915,2
9215,9220,9217.5,2.783e-05,0.00013915,2
9225,9230,9227.5,2.783e-05,0.00013915,2
9235,9240,9237.5,2.783e-05,0.00013915,2
9240,9245,9242.5,1.3915e-05,6.95749e-05,1
9250,9255,9252.5,1.3915e-05,6.95749e-05,1
9255,9260,9257.5,2.783e-05,0.00013915,2
9275,9280,9277.5,1.3915e-05,6.95749e-05,1
9280,9285,9282.5,1.3915e-05,6.95749e-05,1
9295,9300,9297.5,1.3915e-05,6.95749e-05,1
9300,9305,9302.5,1.3915e-05,6.95749e-05,1
9305,9310,9307.5,1.3915e-05,6.95749e-05,1
9310,9315,9312.5,1.3915e-05,6.95749e-05,1
9315,9320,9317.5,2.783e-05,0.00013915,2
9320,9325,9322.5,1.3915e-05,6.95749e-05,1
9340,9345,9342.5,1.3915e-05,6.95749e-05,1
9350,9355,9352.5,1.3915e-05,6.95749e-05,1
9355,9360,9357.5,1.3915e-05,6.95749e-05,1
9360,9365,9362.5,2.783e-05,0.00013915,2
9375,9380,9377.5,1.3915e-05,6.95749e-05,1
9385,9390,9387.5,1.3915e-05,6.95749e-05,1
9390,9395,9392.5,1.3915e-05,6.95749e-05,1
9395,9400,9397.5,1.3915e-05,6.95749e-05,1
9400,9405,9402.5,1.3915e-05,6.95749e-05,1
9405,9410,9407.5,1.3915e-05,6.95749e-05,1
9410,9415,9412.5,1.3915e-05,6.95749e-05,1
9440,9445,9442.5,1.3915e-05,6.95749e-05,1
9445,9450,9447.5,1.3915e-05,6.95749e-05,1
9450,9455,9452.5,1.3915e-05,6.95749e-05,1
9455,9460,9457.5,1.3915e-05,6.95749e-05,1
9460,9465,9462.5,1.3915e-05,6.95749e-05,1
9480,9485,9482.5,4.17449e-05,0.000208725,3
9505,9510,9507.5,1.3915e-05,6.95749e-05,1
9520,9525,9522.5,1.3915e-05,6.95749e-05,1
9525,9530,9527.5,1.3915e-05,6.95749e-05,1
9565,9570,9567.5,4.17449e-05,0.000208725,3
9570,9575,9572.5,1.3915e-05,6.95749e-05,1
9590,9595,9592.5,1.3915e-05,6.95749e-05,1
9610,9615,9612.5,1.3915e-05,6.95749e-05,1
9625,9630,9627.5,1.3915e-05,6.95749e-05,1
9630,9635,9632.5,1.3915e-05,6.95749e-05,1
9635,9640,9637.5,1.3915e-05,6.95749e-05,1
9640,9645,9642.5,2.783e-05,0.00013915,2
9650,9655,9652.5,1.3915e-05,6.95749e-05,1
9670,9675,9672.5,2.783e-05,0.00013915,2
9685,9690,9687.5,2.783e-05,0.00013915,2
9695,9700,9697.5,2.783e-05,0.00013915,2
9715,9720,9717.5,2.783e-05,0.00013915,2
9725,9730,9727.5,1.3915e-05,6.95749e-05,1
9730,9735,9732.5,1.3915e-05,6.95749e-05,1
9735,9740,9737.5,1.3915e-05,6.95749e-05,1
9750,9755,9752.5,1.3915e-05,6.95749e-05,1
9780,9785,9782.5,1.3915e-05,6.95749e-05,1
9790,9795,9792.5,1.3915e-05,6.95749e-05,1
9795,9800,9797.5,1.3915e-05,6.95749e-05,1
9810,9815,9812.5,1.3915e-05,6.95749e-05,1
9835,9840,9837.5,1.3915e-05,6.95749e-05,1
9845,9850,9847.5,1.3915e-05,6.95749e-05,1
9850,9855,9852.5,4.17449e-05,0.000208725,3
9855,9860,9857.5,1.3915e-05,6.95749e-05,1
9860,9865,9862.5,1.3915e-05,6.95749e-05,1
9870,9875,9872.5,2.783e-05,0.00013915,2
9875,9880,9877.5,2.783e-05,0.00013915,2
9885,9890,9887.5,1.3915e-05,6.95749e-05,1
9890,9895,9892.5,1.3915e-05,6.95749e-05,1
9915,9920,9917.5,1.3915e-05,6.95749e-05,1
9920,9925,9922.5,1.3915e-05,6.95749e-05,1
9925,9930,9927.5,2.783e-05,0.00013915,2
9945,9950,9947.5,1.3915e-05,6.95749e-05,1
9995,10000,9997.5,2.783e-05,0.00013915,2
10000,10005,10002.5,1.3915e-05,6.95749e-05,1
10020,10025,10022.5,1.3915e-05,6.95749e-05,1
10035,10040,10037.5,1.3915e-05,6.95749e-05,1
10075,10080,10077.5,4.17449e-05,0.000208725,3
10090,10095,10092.5,1.3915e-05,6.95749e-05,1
10140,10145,10142.5,1.3915e-05,6.95749e-05,1
10150,10155,10152.5,2.783e-05,0.00013915,2
10160,10165,10162.5,1.3915e-05,6.95749e-05,1
10165,10170,10167.5,1.3915e-05,6.95749e-05,1
10170,10175,10172.5,1.3915e-05,6.95749e-05,1
10175,10180,10177.5,1.3915e-05,6.95749e-05,1
10180,10185,10182.5,1.3915e-05,6.95749e-05,1
10185,10190,10187.5,1.3915e-05,6.95749e-05,1
10195,10200,10197.5,1.3915e-05,6.95749e-05,1
10200,10205,10202.5,1.3915e-05,6.95749e-05,1
10210,10215,10212.5,1.3915e-05,6.95749e-05,1
10215,10220,10217.5,1.3915e-05,6.95749e-05,1
10220,10225,10222.5,1.3915e-05,6.95749e-05,1
10225,10230,10227.5,1.3915e-05,6.95749e-05,1
10230,10235,10232.5,1.3915e-05,6.95749e-05,1
10235,10240,10237.5,1.3915e-05,6.95749e-05,1
10240,10245,10242.5,1.3915e-05,6.95749e-05,1
10245,10250,10247.5,1.3915e-05,6.95749e-05,1
10255,10260,10257.5,1.3915e-05,6.95749e-05,1
10260,10265,10262.5,1.3915e-05,6.95749e-05,1
10280,10285,10282.5,1.3915e-05,6.95749e-05,1
10290,10295,10292.5,1.3915e-05,6.95749e-05,1
10310,10315,10312.5,1.3915e-05,6.95749e-05,1
10315,10320,10317.5,4.17449e-05,0.000208725,3
10325,10330,10327.5,1.3915e-05,6.95749e-05,1
10340,10345,10342.5,1.3915e-05,6.95749e-05,1
10350,10355,10352.5,1.3915e-05,6.95749e-05,1
10355,10360,10357.5,1.3915e-05,6.95749e-05,1
10365,10370,10367.5,1.3915e-05,6.95749e-05,1
10380,10385,10382.5,1.3915e-05,6.95749e-05,1
10395,10400,10397.5,1.3915e-05,6.95749e-05,1
10400,10405,10402.5,1.3915e-05,6.95749e-05,1
10410,10415,10412.5,1.3915e-05,6.95749e-05,1
10415,10420,10417.5,1.3915e-05,6.95749e-05,1
10430,10435,10432.5,2.783e-05,0.00013915,2
10435,10440,10437.5,1.3915e-05,6.95749e-05,1
10455,10460,10457.5,1.3915e-05,6.95749e-05,1
10460,10465,10462.5,1.3915e-05,6.95749e-05,1
10490,10495,10492.5,2.783e-05,0.00013915,2
10520,10525,10522.5,1.3915e-05,6.95749e-05,1
10525,10530,10527.5,1.3915e-05,6.95749e-05,1
10530,10535,10532.5,1.3915e-05,6.95749e-05,1
10535,10540,10537.5,1.3915e-05,6.95749e-05,1
10540,10545,10542.5,1.3915e-05,6.95749e-05,1
10560,10565,10562.5,1.3915e-05,6.95749e-05,1
10570,10575,10572.5,1.3915e-05,6.95749e-05,1
10575,10580,10577.5,1.3915e-05,6.95749e-05,1
10590,10595,10592.5,1.3915e-05,6.95749e-05,1
10600,10605,10602.5,1.3915e-05,6.95749e-05,1
10605,10610,10607.5,1.3915e-05,6.95749e-05,1
10630,10635,10632.5,1.3915e-05,6.95749e-05,1
10640,10645,10642.5,1.3915e-05,6.95749e-05,1
10645,10650,10647.5,1.3915e-05,6.95749e-05,1
10655,10660,10657.5,1.3915e-05,6.95749e-05,1
10670,10675,10672.5,1.3915e-05,6.95749e-05,1
10695,10700,10697.5,4.17449e-05,0.000208725,3
10705,10710,10707.5,2.783e-05,0.00013915,2
10715,10720,10717.5,2.783e-05,0.00013915,2
10720,10725,10722.5,1.3915e-05,6.95749e-05,1
10725,10730,10727.5,2.783e-05,0.00013915,2
10735,10740,10737.5,1.3915e-05,6.95749e-05,1
10750,10755,10752.5,2.783e-05,0.00013915,2
10765,10770,10767.5,1.3915e-05,6.95749e-05,1
10770,10775,10772.5,1.3915e-05,6.95749e-05,1
10785,10790,10787.5,1.3915e-05,6.95749e-05,1
10805,10810,10807.5,2.783e-05,0.00013915,2
10820,10825,10822.5,1.3915e-05,6.95749e-05,1
10835,10840,10837.5,1.3915e-05,6.95749e-05,1
10840,10845,10842.5,1.3915e-05,6.95749e-05,1
10850,10855,10852.5,1.3915e-05,6.95749e-05,1
10865,10870,10867.5,1.3915e-05,6.95749e-05,1
10900,10905,10902.5,1.3915e-05,6.95749e-05,1
10910,10915,10912.5,1.3915e-05,6.95749e-05,1
10930,10935,10932.5,1.3915e-05,6.95749e-05,1
10975,10980,10977.5,1.3915e-05,6.95749e-05,1
10980,10985,10982.5,2.783e-05,0.00013915,2
10985,10990,10987.5,1.3915e-05,6.95749e-05,1
11020,11025,11022.5,1.3915e-05,6.95749e-05,1
11030,11035,11032.5,1.3915e-05,6.95749e-05,1
11040,11045,11042.5,1.3915e-05,6.95749e-05,1
11045,11050,11047.5,2.783e-05,0.00013915,2
11055,11060,11057.5,2.783e-05,0.00013915,2
11070,11075,11072.5,2.783e-05,0.00013915,2
11095,11100,11097.5,4.17449e-05,0.000208725,3
11120,11125,11122.5,1.3915e-05,6.95749e-05,1
11135,11140,11137.5,1.3915e-05,6.95749e-05,1
11145,11150,11147.5,1.3915e-05,6.95749e-05,1
11180,11185,11182.5,1.3915e-05,6.95749e-05,1
11190,11195,11192.5,2.783e-05,0.00013915,2
11195,11200,11197.5,1.3915e-05,6.95749e-05,1
11200,11205,11202.5,1.3915e-05,6.95749e-05,1
11210,11215,11212.5,1.3915e-05,6.95749e-05,1
11215,11220,11217.5,4.17449e-05,0.000208725,3
11230,11235,11232.5,1.3915e-05,6.95749e-05,1
11240,11245,11242.5,1.3915e-05,6.95749e-05,1
11250,11255,11252.5,2.783e-05,0.00013915,2
11295,11300,11297.5,1.3915e-05,6.95749e-05,1
11305,11310,11307.5,2.783e-05,0.00013915,2
11320,11325,11322.5,2.783e-05,0.00013915,2
11330,11335,11332.5,1.3915e-05,6.95749e-05,1
11335,11340,11337.5,1.3915e-05,6.95749e-05,1
11355,11360,11357.5,1.3915e-05,6.95749e-05,1
11380,11385,11382.5,2.783e-05,0.00013915,2
11385,11390,11387.5,1.3915e-05,6.95749e-05,1
11395,11400,11397.5,1.3915e-05,6.95749e-05,1
11400,11405,11402.5,1.3915e-05,6.95749e-05,1
11435,11440,11437.5,4.17449e-05,0.000208725,3
11450,11455,11452.5,1.3915e-05,6.95749e-05,1
11465,11470,11467.5,1.3915e-05,6.95749e-05,1
11480,11485,11482.5,1.3915e-05,6.95749e-05,1
11490,11495,11492.5,1.3915e-05,6.95749e-05,1
11500,11505,11502.5,2.783e-05,0.00013915,2
11520,11525,11522.5,1.3915e-05,6.95749e-05,1
11535,11540,11537.5,1.3915e-05,6.95749e-05,1
11575,11580,11577.5,1.3915e-05,6.95749e-05,1
11580,11585,11582.5,1.3915e-05,6.95749e-05,1
11595,11600,11597.5,1.3915e-05,6.95749e-05,1
11615,11620,11617.5,1.3915e-05,6.95749e-05,1
11625,11630,11627.5,4.17449e-05,0.000208725,3
11635,11640,11637.5,1.3915e-05,6.95749e-05,1
11645,11650,11647.5,1.3915e-05,6.95749e-05,1
11665,11670,11667.5,1.3915e-05,6.95749e-05,1
11670,11675,11672.5,2.783e-05,0.00013915,2
11685,11690,11687.5,1.3915e-05,6.95749e-05,1
11820,11825,11822.5,1.3915e-05,6.95749e-05,1
11835,11840,11837.5,1.3915e-05,6.95749e-05,1
11840,11845,11842.5,1.3915e-05,6.95749e-05,1
11850,11855,11852.5,1.3915e-05,6.95749e-05,1
11870,11875,11872.5,1.3915e-05,6.95749e-05,1
11875,11880,11877.5,1.3915e-05,6.95749e-05,1
11895,11900,11897.5,1.3915e-05,6.95749e-05,1
11900,11905,11902.5,2.783e-05,0.00013915,2
11920,11925,11922.5,1.3915e-05,6.95749e-05,1
11930,11935,11932.5,1.3915e-05,6.95749e-05,1
11985,11990,11987.5,1.3915e-05,6.95749e-05,1
12010,12015,12012.5,1.3915e-05,6.95749e-05,1
12015,12020,12017.5,2.783e-05,0.00013915,2
12025,12030,12027.5,1.3915e-05,6.95749e-05,1
12040,12045,12042.5,1.3915e-05,6.95749e-05,1
12060,12065,12062.5,1.3915e-05,6.95749e-05,1
12070,12075,12072.5,1.3915e-05,6.95749e-05,1
12085,12090,12087.5,1.3915e-05,6.95749e-05,1
12100,12105,12102.5,1.3915e-05,6.95749e-05,1
12130,12135,12132.5,1.3915e-05,6.95749e-05,1
12160,12165,12162.5,2.783e-05,0.00013915,2
12195,12200,12197.5,1.3915e-05,6.95749e-05,1
12205,12210,12207.5,1.3915e-05,6.95749e-05,1
12270,12275,12272.5,1.3915e-05,6.95749e-05,1
12325,12330,12327.5,1.3915e-05,6.95749e-05,1
12330,12335,12332.5,1.3915e-05,6.95749e-05,1
12335,12340,12337.5,2.783e-05,0.00013915,2
12350,12355,12352.5,1.3915e-05,6.95749e-05,1
12355,12360,12357.5,1.3915e-05,6.95749e-05,1
12365,12370,12367.5,2.783e-05,0.00013915,2
12385,12390,12387.5,1.3915e-05,6.95749e-05,1
12395,12400,12397.5,1.3915e-05,6.95749e-05,1
12400,12405,12402.5,1.3915e-05,6.95749e-05,1
12410,12415,12412.5,1.3915e-05,6.95749e-05,1
12440,12445,12442.5,1.3915e-05,6.95749e-05,1
12450,12455,12452.5,1.3915e-05,6.95749e-05,1
12475,12480,12477.5,1.3915e-05,6.95749e-05,1
12495,12500,12497.5,1.3915e-05,6.95749e-05,1
12515,12520,12517.5,1.3915e-05,6.95749e-05,1
12525,12530,12527.5,1.3915e-05,6.95749e-05,1
12535,12540,12537.5,1.3915e-05,6.95749e-05,1
12550,12555,12552.5,1.3915e-05,6.95749e-05,1
12570,12575,12572.5,1.3915e-05,6.95749e-05,1
12580,12585,12582.5,1.3915e-05,6.95749e-05,1
12645,12650,12647.5,2.783e-05,0.00013915,2
12665,12670,12667.5,1.3915e-05,6.95749e-05,1
12695,12700,12697.5,1.3915e-05,6.95749e-05,1
12710,12715,12712.5,1.3915e-05,6.95749e-05,1
12715,12720,12717.5,1.3915e-05,6.95749e-05,1
12720,12725,12722.5,1.3915e-05,6.95749e-05,1
12750,12755,12752.5,1.3915e-05,6.95749e-05,1
12845,12850,12847.5,1.3915e-05,6.95749e-05,1
12895,12900,12897.5,1.3915e-05,6.95749e-05,1
12935,12940,12937.5,1.3915e-05,6.95749e-05,1
12945,12950,12947.5,1.3915e-05,6.95749e-05,1
12950,12955,12952.5,1.3915e-05,6.95749e-05,1
12975,12980,12977.5,1.3915e-05,6.95749e-05,1
12985,12990,12987.5,1.3915e-05,6.95749e-05,1
12990,12995,12992.5,1.3915e-05,6.95749e-05,1
13005,13010,13007.5,1.3915e-05,6.95749e-05,1
13040,13045,13042.5,1.3915e-05,6.95749e-05,1
13050,13055,13052.5,1.3915e-05,6.95749e-05,1
13055,13060,13057.5,1.3915e-05,6.95749e-05,1
13060,13065,13062.5,1.3915e-05,6.95749e-05,1
13160,13165,13162.5,1.3915e-05,6.95749e-05,1
13185,13190,13187.5,1.3915e-05,6.95749e-05,1
13210,13215,13212.5,1.3915e-05,6.95749e-05,1
13215,13220,13217.5,1.3915e-05,6.95749e-05,1
13260,13265,13262.5,1.3915e-05,6.95749e-05,1
13285,13290,13287.5,1.3915e-05,6.95749e-05,1
13305,13310,13307.5,1.3915e-05,6.95749e-05,1
13335,13340,13337.5,1.3915e-05,6.95749e-05,1
13355,13360,13357.5,1.3915e-05,6.95749e-05,1
13365,13370,13367.5,1.3915e-05,6.95749e-05,1
13435,13440,13437.5,1.3915e-05,6.95749e-05,1
13440,13445,13442.5,1.3915e-05,6.95749e-05,1
13445,13450,13447.5,1.3915e-05,6.95749e-05,1
13500,13505,13502.5,1.3915e-05,6.95749e-05,1
13555,13560,13557.5,1.3915e-05,6.95749e-05,1
13565,13570,13567.5,1.3915e-05,6.95749e-05,1
13585,13590,13587.5,2.783e-05,0.00013915,2
13600,13605,13602.5,2.783e-05,0.00013915,2
13610,13615,13612.5,1.3915e-05,6.95749e-05,1
13620,13625,13622.5,1.3915e-05,6.95749e-05,1
13625,13630,13627.5,1.3915e-05,6.95749e-05,1
13665,13670,13667.5,1.3915e-05,6.95749e-05,1
13670,13675,13672.5,1.3915e-05,6.95749e-05,1
13675,13680,13677.5,1.3915e-05,6.95749e-05,1
13705,13710,13707.5,1.3915e-05,6.95749e-05,1
13735,13740,13737.5,1.3915e-05,6.95749e-05,1
13760,13765,13762.5,1.3915e-05,6.95749e-05,1
13765,13770,13767.5,1.3915e-05,6.95749e-05,1
13780,13785,13782.5,1.3915e-05,6.95749e-05,1
13795,13800,13797.5,1.3915e-05,6.95749e-05,1
13810,13815,13812.5,1.3915e-05,6.95749e-05,1
13880,13885,13882.5,1.3915e-05,6.95749e-05,1
13890,13895,13892.5,1.3915e-05,6.95749e-05,1
13915,13920,13917.5,1.3915e-05,6.95749e-05,1
13950,13955,13952.5,1.3915e-05,6.95749e-05,1
13965,13970,13967.5,1.3915e-05,6.95749e-05,1
13990,13995,13992.5,1.3915e-05,6.95749e-05,1
14000,14005,14002.5,1.3915e-05,6.95749e-05,1
14015,14020,14017.5,2.783e-05,0.00013915,2
14070,14075,14072.5,1.3915e-05,6.95749e-05,1
14095,14100,14097.5,1.3915e-05,6.95749e-05,1
14140,14145,14142.5,1.3915e-05,6.95749e-05,1
14155,14160,14157.5,1.3915e-05,6.95749e-05,1
14220,14225,14222.5,2.783e-05,0.00013915,2
14230,14235,14232.5,1.3915e-05,6.95749e-05,1
14260,14265,14262.5,1.3915e-05,6.95749e-05,1
14300,14305,14302.5,1.3915e-05,6.95749e-05,1
14425,14430,14427.5,1.3915e-05,6.95749e-05,1
14495,14500,14497.5,1.3915e-05,6.95749e-05,1
14655,14660,14657.5,1.3915e-05,6.95749e-05,1
14725,14730,14727.5,1.3915e-05,6.95749e-05,1
14745,14750,14747.5,1.3915e-05,6.95749e-05,1
14860,14865,14862.5,1.3915e-05,6.95749e-05,1
14865,14870,14867.5,1.3915e-05,6.95749e-05,1
15000,15005,15002.5,1.3915e-05,6.95749e-05,1
15035,15040,15037.5,1.3915e-05,6.95749e-05,1
15075,15080,15077.5,1.3915e-05,6.95749e-05,1
15100,15105,15102.5,1.3915e-05,6.95749e-05,1
15105,15110,15107.5,1.3915e-05,6.95749e-05,1
15170,15175,15172.5,1.3915e-05,6.95749e-05,1
15195,15200,15197.5,1.3915e-05,6.95749e-05,1
15220,15225,15222.5,1.3915e-05,6.95749e-05,1
15245,15250,15247.5,2.783e-05,0.00013915,2
15300,15305,15302.5,1.3915e-05,6.95749e-05,1
15325,15330,15327.5,1.3915e-05,6.95749e-05,1
15495,15500,15497.5,2.783e-05,0.00013915,2
15525,15530,15527.5,1.3915e-05,6.95749e-05,1
15540,15545,15542.5,1.3915e-05,6.95749e-05,1
15685,15690,15687.5,1.3915e-05,6.95749e-05,1
15720,15725,15722.5,1.3915e-05,6.95749e-05,1
15765,15770,15767.5,1.3915e-05,6.95749e-05,1
15805,15810,15807.5,1.3915e-05,6.95749e-05,1
15940,15945,15942.5,1.3915e-05,6.95749e-05,1
16070,16075,16072.5,1.3915e-05,6.95749e-05,1
16140,16145,16142.5,1.3915e-05,6.95749e-05,1
16440,16445,16442.5,1.3915e-05,6.95749e-05,1
16680,16685,16682.5,1.3915e-05,6.95749e-05,1
16750,16755,16752.5,1.3915e-05,6.95749e-05,1
16895,16900,16897.5,1.3915e-05,6.95749e-05,1
16910,16915,16912.5,1.3915e-05,6.95749e-05,1
17165,17170,17167.5,1.3915e-05,6.95749e-05,1
17190,17195,17192.5,1.3915e-05,6.95749e-05,1
17240,17245,17242.5,1.3915e-05,6.95749e-05,1
17245,17250,17247.5,1.3915e-05,6.95749e-05,1
17295,17300,17297.5,1.3915e-05,6.95749e-05,1
17585,17590,17587.5,1.3915e-05,6.95749e-05,1
17740,17745,17742.5,1.3915e-05,6.95749e-05,1
17840,17845,17842.5,1.3915e-05,6.95749e-05,1
17975,17980,17977.5,1.3915e-05,6.95749e-05,1
18685,18690,18687.5,1.3915e-05,6.95749e-05,1
19000,19005,19002.5,1.3915e-05,6.95749e-05,1
19040,19045,19042.5,1.3915e-05,6.95749e-05,1
19135,19140,19137.5,1.3915e-05,6.95749e-05,1
19320,19325,19322.5,1.3915e-05,6.95749e-05,1
19890,19895,19892.5,1.3915e-05,6.95749e-05,1
20905,20910,20907.5,1.3915e-05,6.95749e-05,1
21005,21010,21007.5,1.3915e-05,6.95749e-05,1
VO Delay PDF CSV saved: scratch/delay_pdf/pedca_vo_delay_pdf.csv

P-EDCA STA Delay PDF CSV saved: /home/nathanlo/ns-3.45/scratch/delay_pdf/11be/adaptive_compare_burst/default_k5_s2.csv
Legacy STA Delay PDF CSV saved: /home/nathanlo/ns-3.45/scratch/delay_pdf/11be/adaptive_compare_burst/default_k5_s2_legacy.csv
--- EXTENDED_STATS_BEGIN ---
PEDCA_STA_SUCC_COUNT: 2986
PEDCA_STA_FAIL_COUNT: 134
PEDCA_STA_ZERO_RETX: 2986
LEGACY_STA_SUCC_COUNT: 11387
LEGACY_STA_FAIL_COUNT: 619
LEGACY_STA_ZERO_RETX: 11387
PEDCA_STA_AVG_MAC_DELAY: 1925.75
PEDCA_STA_AVG_QUEUE_DELAY: 1671.4
PEDCA_STA_AVG_ACCESS_DELAY: 254.356
LEGACY_STA_AVG_MAC_DELAY: 2283.94
LEGACY_STA_AVG_QUEUE_DELAY: 1988.6
LEGACY_STA_AVG_ACCESS_DELAY: 295.339
--- EXTENDED_STATS_END ---
