[INFO] std::clog redirected to: /dev/null

--- Per-STA P-EDCA Detail ---

=== General Statistics ===
P-EDCA Ratio: 0
P-EDCA STAs: 0/30
P-EDCA Share (Avg Per-STA P-EDCA Tx/Total Tx): 0 %
Avg P-EDCA Attempt Success Rate: 0 %
Global P-EDCA Tx Success: 0
Global EDCA Tx Success: 0
Global P-EDCA Attempt (DS-CTS Sent): 0

--- P-EDCA Detailed Trace ---
Stage 2 Entered: 0
Stage 2 TX Started: 0
P-EDCA Fail RTS No CTS: 0
P-EDCA Fail RTS Collision: 0
P-EDCA Fail Timing Expired: 0
P-EDCA Fail Deferral: 0
Total VO TX (P-EDCA+EDCA): 0
Global P-EDCA Share: 0 %
Global EDCA Share: 0 %
Channel Idle Time (AP): 25.5761 % (1.79033e+06 us / 7e+06 us)
Total Successes:       14638
Total Failures:        802
Total Retransmissions: 0

--- Per-AC Success Statistics ---
AC_BE:
  Successes:         49
  Throughput:        0.056 Mbps
  Packet Loss:       34.6667 %
  Avg Retx/MPDU:     0
  Avg Queue Delay:   -1.81198e+06 us (Enqueue->TxStart)
  Avg Access Delay:  1.9016e+06 us (TxStart->Ack)
  Avg MAC Delay:     89616.5 us (Total: Enqueue->Ack)

AC_VO:
  Successes:         14589
  Throughput:        16.6731 Mbps
  Packet Loss:       5.05044 %
  Avg Retx/MPDU:     0
  Avg Queue Delay:   1968.44 us (Enqueue->TxStart)
  Avg Access Delay:  290.65 us (TxStart->Ack)
  Avg MAC Delay:     2259.09 us (Total: Enqueue->Ack)

--- Per-AC Failure Statistics ---
AC_BE Failures: 26
AC_VO Failures: 776

--- Failure Reasons by AC ---
  AC_BE EXPIRED_LIFETIME: 26
  AC_VO RETRY_LIMIT: 776


=== Extended P-EDCA vs Legacy Statistics ===

--- [Stat 1] Delay by STA Type ---
P-EDCA STAs (0 STAs):
  Successes:         0
  Failures:          0
  Throughput:        0 Mbps
  Packet Loss:       0 %
  Avg Queue Delay:   0 us
  Avg Access Delay:  0 us
  Avg MAC Delay:     0 us
Legacy EDCA STAs (30 STAs):
  Successes:         14589
  Failures:          776
  Throughput:        16.6731 Mbps
  Packet Loss:       5.05044 %
  Avg Queue Delay:   1968.44 us
  Avg Access Delay:  290.65 us
  Avg MAC Delay:     2259.09 us
  Median MAC Delay:  1438 us
  P95 MAC Delay:     7485 us
  P99 MAC Delay:     11859 us

--- [Stat 2] Per-STA P-EDCA Attempt Count (DS-CTS Sent) ---
  Total: 0 P-EDCA attempts across 0 P-EDCA STAs

--- [Stat 3] P-EDCA One-Shot Success Probability ---
  P-EDCA Success / DS-CTS Sent:      0 / 0 = 0 %
  P-EDCA Success / Stage2 TX Started: 0 / 0 = 0 %  (given RTS was actually sent)

--- [Stat 4] EDCA One-Shot Success Ratio (0 retransmissions) ---
  Legacy STAs: 14589 / 14589 = 100 %
  P-EDCA STAs: 0 / 0 = 0 %  (MAC-level, includes both P-EDCA and EDCA paths)

--- [Stat 5] P-EDCA Kickback-to-EDCA Probability ---
  Total P-EDCA Failures: 0 / 0 DS-CTS = 0 %

--- [Stat 6] P-EDCA RTS Collision Probability ---
  RTS Collision / Stage2 TX Started: 0 / 0 = 0 %
  RTS Collision / DS-CTS Sent:       0 / 0 = 0 %

--- [Stat 7] P-EDCA Attempts per Successful P-EDCA TX ---
  DS-CTS Sent / P-EDCA Success: 0 / 0 = 0 attempts/success
  Stage2 TX / P-EDCA Success:   0 / 0 = 0 RTS/success

--- VO Delay PDF (MAC Delay) ---
bin_start_us,bin_end_us,bin_mid_us,pdf_per_us,probability,count
210,215,212.5,4.11269e-05,0.000205634,3
215,220,217.5,0.000123381,0.000616903,9
220,225,222.5,9.59627e-05,0.000479814,7
225,230,227.5,9.59627e-05,0.000479814,7
230,235,232.5,0.000109672,0.000548358,8
235,240,237.5,0.00013709,0.000685448,10
240,245,242.5,0.00013709,0.000685448,10
245,250,247.5,9.59627e-05,0.000479814,7
250,255,252.5,0.000123381,0.000616903,9
255,260,257.5,0.000109672,0.000548358,8
260,265,262.5,9.59627e-05,0.000479814,7
265,270,267.5,6.85448e-05,0.000342724,5
270,275,272.5,0.000109672,0.000548358,8
275,280,277.5,4.11269e-05,0.000205634,3
280,285,282.5,4.11269e-05,0.000205634,3
285,290,287.5,0.000123381,0.000616903,9
290,295,292.5,5.48358e-05,0.000274179,4
295,300,297.5,0.000109672,0.000548358,8
300,305,302.5,9.59627e-05,0.000479814,7
305,310,307.5,2.74179e-05,0.00013709,2
310,315,312.5,0.000123381,0.000616903,9
315,320,317.5,9.59627e-05,0.000479814,7
320,325,322.5,0.000123381,0.000616903,9
325,330,327.5,0.00013709,0.000685448,10
330,335,332.5,0.000109672,0.000548358,8
335,340,337.5,0.000150799,0.000753993,11
340,345,342.5,0.00178216,0.00891082,130
345,350,347.5,0.00330386,0.0165193,241
350,355,352.5,0.00130235,0.00651176,95
355,360,357.5,0.000932209,0.00466105,68
360,365,362.5,0.000753993,0.00376996,55
365,370,367.5,0.00104188,0.0052094,76
370,375,372.5,0.000822538,0.00411269,60
375,380,377.5,0.00039756,0.0019878,29
380,385,382.5,0.000233052,0.00116526,17
385,390,387.5,0.000383851,0.00191925,28
390,395,392.5,0.000493523,0.00246761,36
395,400,397.5,0.000507231,0.00253616,37
400,405,402.5,0.000479814,0.00239907,35
405,410,407.5,0.00039756,0.0019878,29
410,415,412.5,0.000603194,0.00301597,44
415,420,417.5,0.000438687,0.00219343,32
420,425,422.5,0.000507231,0.00253616,37
425,430,427.5,0.000534649,0.00267325,39
430,435,432.5,0.000424978,0.00212489,31
435,440,437.5,0.000424978,0.00212489,31
440,445,442.5,0.000219343,0.00109672,16
445,450,447.5,0.000315306,0.00157653,23
450,455,452.5,0.0140791,0.0703955,1027
455,460,457.5,0.000466105,0.00233052,34
460,465,462.5,0.000370142,0.00185071,27
465,470,467.5,0.000411269,0.00205634,30
470,475,472.5,0.000370142,0.00185071,27
475,480,477.5,0.000424978,0.00212489,31
480,485,482.5,0.000383851,0.00191925,28
485,490,487.5,0.000493523,0.00246761,36
490,495,492.5,0.000383851,0.00191925,28
495,500,497.5,0.000356433,0.00178216,26
500,505,502.5,0.000479814,0.00239907,35
505,510,507.5,0.000493523,0.00246761,36
510,515,512.5,0.000438687,0.00219343,32
515,520,517.5,0.000534649,0.00267325,39
520,525,522.5,0.000383851,0.00191925,28
525,530,527.5,0.000342724,0.00171362,25
530,535,532.5,0.000507231,0.00253616,37
535,540,537.5,0.000466105,0.00233052,34
540,545,542.5,0.00039756,0.0019878,29
545,550,547.5,0.000411269,0.00205634,30
550,555,552.5,0.000438687,0.00219343,32
555,560,557.5,0.000424978,0.00212489,31
560,565,562.5,0.000562067,0.00281034,41
565,570,567.5,0.00039756,0.0019878,29
570,575,572.5,0.00039756,0.0019878,29
575,580,577.5,0.000383851,0.00191925,28
580,585,582.5,0.000616903,0.00308452,45
585,590,587.5,0.00052094,0.0026047,38
590,595,592.5,0.000575776,0.00287888,42
595,600,597.5,0.000507231,0.00253616,37
600,605,602.5,0.000466105,0.00233052,34
605,610,607.5,0.000452396,0.00226198,33
610,615,612.5,0.000424978,0.00212489,31
615,620,617.5,0.000383851,0.00191925,28
620,625,622.5,0.000548358,0.00274179,40
625,630,627.5,0.000507231,0.00253616,37
630,635,632.5,0.000493523,0.00246761,36
635,640,637.5,0.000342724,0.00171362,25
640,645,642.5,0.000452396,0.00226198,33
645,650,647.5,0.00026047,0.00130235,19
650,655,652.5,0.000342724,0.00171362,25
655,660,657.5,0.000329015,0.00164508,24
660,665,662.5,0.000329015,0.00164508,24
665,670,667.5,0.000370142,0.00185071,27
670,675,672.5,0.0039756,0.019878,290
675,680,677.5,0.000383851,0.00191925,28
680,685,682.5,0.000383851,0.00191925,28
685,690,687.5,0.000507231,0.00253616,37
690,695,692.5,0.000219343,0.00109672,16
695,700,697.5,0.000233052,0.00116526,17
700,705,702.5,0.000342724,0.00171362,25
705,710,707.5,0.000342724,0.00171362,25
710,715,712.5,0.000424978,0.00212489,31
715,720,717.5,0.000301597,0.00150799,22
720,725,722.5,0.000356433,0.00178216,26
725,730,727.5,0.000452396,0.00226198,33
730,735,732.5,0.000315306,0.00157653,23
735,740,737.5,0.000383851,0.00191925,28
740,745,742.5,0.000452396,0.00226198,33
745,750,747.5,0.000356433,0.00178216,26
750,755,752.5,0.000315306,0.00157653,23
755,760,757.5,0.000315306,0.00157653,23
760,765,762.5,0.000329015,0.00164508,24
765,770,767.5,0.000315306,0.00157653,23
770,775,772.5,0.000411269,0.00205634,30
775,780,777.5,0.000411269,0.00205634,30
780,785,782.5,0.000548358,0.00274179,40
785,790,787.5,0.000370142,0.00185071,27
790,795,792.5,0.000301597,0.00150799,22
795,800,797.5,0.000150799,0.000753993,11
800,805,802.5,0.000246761,0.00123381,18
805,810,807.5,0.000233052,0.00116526,17
810,815,812.5,0.000109672,0.000548358,8
815,820,817.5,0.000164508,0.000822538,12
820,825,822.5,0.000301597,0.00150799,22
825,830,827.5,0.000315306,0.00157653,23
830,835,832.5,0.000233052,0.00116526,17
835,840,837.5,0.000301597,0.00150799,22
840,845,842.5,0.000424978,0.00212489,31
845,850,847.5,0.000342724,0.00171362,25
850,855,852.5,0.000356433,0.00178216,26
855,860,857.5,0.00026047,0.00130235,19
860,865,862.5,0.000329015,0.00164508,24
865,870,867.5,0.000315306,0.00157653,23
870,875,872.5,0.000411269,0.00205634,30
875,880,877.5,0.000219343,0.00109672,16
880,885,882.5,0.000233052,0.00116526,17
885,890,887.5,0.000191925,0.000959627,14
890,895,892.5,0.000356433,0.00178216,26
895,900,897.5,0.000246761,0.00123381,18
900,905,902.5,0.000219343,0.00109672,16
905,910,907.5,0.00026047,0.00130235,19
910,915,912.5,0.000329015,0.00164508,24
915,920,917.5,0.00039756,0.0019878,29
920,925,922.5,0.000342724,0.00171362,25
925,930,927.5,0.000205634,0.00102817,15
930,935,932.5,0.00026047,0.00130235,19
935,940,937.5,0.000356433,0.00178216,26
940,945,942.5,0.000315306,0.00157653,23
945,950,947.5,0.000219343,0.00109672,16
950,955,952.5,0.000219343,0.00109672,16
955,960,957.5,0.000205634,0.00102817,15
960,965,962.5,0.000424978,0.00212489,31
965,970,967.5,0.000329015,0.00164508,24
970,975,972.5,0.000315306,0.00157653,23
975,980,977.5,0.000342724,0.00171362,25
980,985,982.5,0.000575776,0.00287888,42
985,990,987.5,0.000301597,0.00150799,22
990,995,992.5,0.000452396,0.00226198,33
995,1000,997.5,0.000274179,0.0013709,20
1000,1005,1002.5,0.000287888,0.00143944,21
1005,1010,1007.5,0.000287888,0.00143944,21
1010,1015,1012.5,0.000329015,0.00164508,24
1015,1020,1017.5,0.000274179,0.0013709,20
1020,1025,1022.5,0.000329015,0.00164508,24
1025,1030,1027.5,0.000287888,0.00143944,21
1030,1035,1032.5,0.00026047,0.00130235,19
1035,1040,1037.5,0.000246761,0.00123381,18
1040,1045,1042.5,0.000246761,0.00123381,18
1045,1050,1047.5,0.000274179,0.0013709,20
1050,1055,1052.5,0.000287888,0.00143944,21
1055,1060,1057.5,0.000150799,0.000753993,11
1060,1065,1062.5,0.000342724,0.00171362,25
1065,1070,1067.5,0.000452396,0.00226198,33
1070,1075,1072.5,0.000233052,0.00116526,17
1075,1080,1077.5,0.000356433,0.00178216,26
1080,1085,1082.5,0.000301597,0.00150799,22
1085,1090,1087.5,0.000342724,0.00171362,25
1090,1095,1092.5,0.000287888,0.00143944,21
1095,1100,1097.5,0.000329015,0.00164508,24
1100,1105,1102.5,0.000356433,0.00178216,26
1105,1110,1107.5,0.000219343,0.00109672,16
1110,1115,1112.5,0.000301597,0.00150799,22
1115,1120,1117.5,0.000233052,0.00116526,17
1120,1125,1122.5,0.000274179,0.0013709,20
1125,1130,1127.5,0.000329015,0.00164508,24
1130,1135,1132.5,0.000191925,0.000959627,14
1135,1140,1137.5,0.000301597,0.00150799,22
1140,1145,1142.5,0.000191925,0.000959627,14
1145,1150,1147.5,0.00026047,0.00130235,19
1150,1155,1152.5,0.000287888,0.00143944,21
1155,1160,1157.5,0.000274179,0.0013709,20
1160,1165,1162.5,0.00026047,0.00130235,19
1165,1170,1167.5,0.000233052,0.00116526,17
1170,1175,1172.5,0.000246761,0.00123381,18
1175,1180,1177.5,0.000438687,0.00219343,32
1180,1185,1182.5,0.000383851,0.00191925,28
1185,1190,1187.5,0.000329015,0.00164508,24
1190,1195,1192.5,0.000383851,0.00191925,28
1195,1200,1197.5,0.000274179,0.0013709,20
1200,1205,1202.5,0.000356433,0.00178216,26
1205,1210,1207.5,0.000342724,0.00171362,25
1210,1215,1212.5,0.000301597,0.00150799,22
1215,1220,1217.5,0.000233052,0.00116526,17
1220,1225,1222.5,0.000356433,0.00178216,26
1225,1230,1227.5,0.000329015,0.00164508,24
1230,1235,1232.5,0.000246761,0.00123381,18
1235,1240,1237.5,0.000274179,0.0013709,20
1240,1245,1242.5,0.000123381,0.000616903,9
1245,1250,1247.5,0.000191925,0.000959627,14
1250,1255,1252.5,0.000178216,0.000891082,13
1255,1260,1257.5,0.00013709,0.000685448,10
1260,1265,1262.5,0.000205634,0.00102817,15
1265,1270,1267.5,0.000438687,0.00219343,32
1270,1275,1272.5,0.000246761,0.00123381,18
1275,1280,1277.5,0.000219343,0.00109672,16
1280,1285,1282.5,0.000246761,0.00123381,18
1285,1290,1287.5,0.000219343,0.00109672,16
1290,1295,1292.5,0.000219343,0.00109672,16
1295,1300,1297.5,0.000342724,0.00171362,25
1300,1305,1302.5,0.000205634,0.00102817,15
1305,1310,1307.5,0.000205634,0.00102817,15
1310,1315,1312.5,0.00026047,0.00130235,19
1315,1320,1317.5,0.000301597,0.00150799,22
1320,1325,1322.5,0.000274179,0.0013709,20
1325,1330,1327.5,0.00026047,0.00130235,19
1330,1335,1332.5,0.000219343,0.00109672,16
1335,1340,1337.5,0.000178216,0.000891082,13
1340,1345,1342.5,0.000191925,0.000959627,14
1345,1350,1347.5,0.000191925,0.000959627,14
1350,1355,1352.5,0.000205634,0.00102817,15
1355,1360,1357.5,0.000329015,0.00164508,24
1360,1365,1362.5,0.000246761,0.00123381,18
1365,1370,1367.5,0.000219343,0.00109672,16
1370,1375,1372.5,0.000233052,0.00116526,17
1375,1380,1377.5,0.000191925,0.000959627,14
1380,1385,1382.5,0.000233052,0.00116526,17
1385,1390,1387.5,0.000150799,0.000753993,11
1390,1395,1392.5,0.000233052,0.00116526,17
1395,1400,1397.5,0.000370142,0.00185071,27
1400,1405,1402.5,0.000233052,0.00116526,17
1405,1410,1407.5,0.000287888,0.00143944,21
1410,1415,1412.5,0.000287888,0.00143944,21
1415,1420,1417.5,0.00013709,0.000685448,10
1420,1425,1422.5,0.000301597,0.00150799,22
1425,1430,1427.5,0.000329015,0.00164508,24
1430,1435,1432.5,0.000246761,0.00123381,18
1435,1440,1437.5,0.000191925,0.000959627,14
1440,1445,1442.5,0.000164508,0.000822538,12
1445,1450,1447.5,0.000246761,0.00123381,18
1450,1455,1452.5,0.000178216,0.000891082,13
1455,1460,1457.5,0.000205634,0.00102817,15
1460,1465,1462.5,0.000191925,0.000959627,14
1465,1470,1467.5,0.000219343,0.00109672,16
1470,1475,1472.5,0.000109672,0.000548358,8
1475,1480,1477.5,0.000233052,0.00116526,17
1480,1485,1482.5,0.000164508,0.000822538,12
1485,1490,1487.5,0.000274179,0.0013709,20
1490,1495,1492.5,0.000205634,0.00102817,15
1495,1500,1497.5,0.000109672,0.000548358,8
1500,1505,1502.5,0.000219343,0.00109672,16
1505,1510,1507.5,0.00026047,0.00130235,19
1510,1515,1512.5,0.000301597,0.00150799,22
1515,1520,1517.5,0.00026047,0.00130235,19
1520,1525,1522.5,0.000329015,0.00164508,24
1525,1530,1527.5,0.000315306,0.00157653,23
1530,1535,1532.5,0.000301597,0.00150799,22
1535,1540,1537.5,0.000191925,0.000959627,14
1540,1545,1542.5,0.000233052,0.00116526,17
1545,1550,1547.5,0.000191925,0.000959627,14
1550,1555,1552.5,0.000246761,0.00123381,18
1555,1560,1557.5,0.000219343,0.00109672,16
1560,1565,1562.5,0.000219343,0.00109672,16
1565,1570,1567.5,0.000233052,0.00116526,17
1570,1575,1572.5,0.000178216,0.000891082,13
1575,1580,1577.5,0.000150799,0.000753993,11
1580,1585,1582.5,0.000178216,0.000891082,13
1585,1590,1587.5,0.000246761,0.00123381,18
1590,1595,1592.5,0.000205634,0.00102817,15
1595,1600,1597.5,0.000178216,0.000891082,13
1600,1605,1602.5,0.000246761,0.00123381,18
1605,1610,1607.5,0.000233052,0.00116526,17
1610,1615,1612.5,0.000274179,0.0013709,20
1615,1620,1617.5,0.000233052,0.00116526,17
1620,1625,1622.5,0.000205634,0.00102817,15
1625,1630,1627.5,0.000219343,0.00109672,16
1630,1635,1632.5,0.000205634,0.00102817,15
1635,1640,1637.5,0.00013709,0.000685448,10
1640,1645,1642.5,0.000205634,0.00102817,15
1645,1650,1647.5,0.000370142,0.00185071,27
1650,1655,1652.5,0.00013709,0.000685448,10
1655,1660,1657.5,0.000315306,0.00157653,23
1660,1665,1662.5,0.000123381,0.000616903,9
1665,1670,1667.5,0.000191925,0.000959627,14
1670,1675,1672.5,0.000219343,0.00109672,16
1675,1680,1677.5,0.000246761,0.00123381,18
1680,1685,1682.5,0.000246761,0.00123381,18
1685,1690,1687.5,0.000109672,0.000548358,8
1690,1695,1692.5,0.00013709,0.000685448,10
1695,1700,1697.5,0.000109672,0.000548358,8
1700,1705,1702.5,0.000164508,0.000822538,12
1705,1710,1707.5,8.22538e-05,0.000411269,6
1710,1715,1712.5,0.000205634,0.00102817,15
1715,1720,1717.5,0.000191925,0.000959627,14
1720,1725,1722.5,0.000123381,0.000616903,9
1725,1730,1727.5,0.000150799,0.000753993,11
1730,1735,1732.5,0.000191925,0.000959627,14
1735,1740,1737.5,9.59627e-05,0.000479814,7
1740,1745,1742.5,0.000233052,0.00116526,17
1745,1750,1747.5,0.000219343,0.00109672,16
1750,1755,1752.5,0.000219343,0.00109672,16
1755,1760,1757.5,0.000246761,0.00123381,18
1760,1765,1762.5,0.00026047,0.00130235,19
1765,1770,1767.5,0.000274179,0.0013709,20
1770,1775,1772.5,0.000191925,0.000959627,14
1775,1780,1777.5,0.000219343,0.00109672,16
1780,1785,1782.5,0.000123381,0.000616903,9
1785,1790,1787.5,0.000123381,0.000616903,9
1790,1795,1792.5,0.000191925,0.000959627,14
1795,1800,1797.5,0.00013709,0.000685448,10
1800,1805,1802.5,0.000246761,0.00123381,18
1805,1810,1807.5,0.000205634,0.00102817,15
1810,1815,1812.5,0.000233052,0.00116526,17
1815,1820,1817.5,0.000123381,0.000616903,9
1820,1825,1822.5,0.00013709,0.000685448,10
1825,1830,1827.5,0.000123381,0.000616903,9
1830,1835,1832.5,6.85448e-05,0.000342724,5
1835,1840,1837.5,0.000109672,0.000548358,8
1840,1845,1842.5,0.000164508,0.000822538,12
1845,1850,1847.5,0.000219343,0.00109672,16
1850,1855,1852.5,0.000178216,0.000891082,13
1855,1860,1857.5,0.000219343,0.00109672,16
1860,1865,1862.5,0.000150799,0.000753993,11
1865,1870,1867.5,0.00026047,0.00130235,19
1870,1875,1872.5,0.000164508,0.000822538,12
1875,1880,1877.5,0.000233052,0.00116526,17
1880,1885,1882.5,0.000150799,0.000753993,11
1885,1890,1887.5,0.000219343,0.00109672,16
1890,1895,1892.5,0.000233052,0.00116526,17
1895,1900,1897.5,0.000315306,0.00157653,23
1900,1905,1902.5,9.59627e-05,0.000479814,7
1905,1910,1907.5,0.000164508,0.000822538,12
1910,1915,1912.5,0.000205634,0.00102817,15
1915,1920,1917.5,0.000178216,0.000891082,13
1920,1925,1922.5,0.000164508,0.000822538,12
1925,1930,1927.5,0.000178216,0.000891082,13
1930,1935,1932.5,0.000164508,0.000822538,12
1935,1940,1937.5,0.000109672,0.000548358,8
1940,1945,1942.5,0.000164508,0.000822538,12
1945,1950,1947.5,0.00013709,0.000685448,10
1950,1955,1952.5,0.000246761,0.00123381,18
1955,1960,1957.5,0.000233052,0.00116526,17
1960,1965,1962.5,0.000205634,0.00102817,15
1965,1970,1967.5,0.000123381,0.000616903,9
1970,1975,1972.5,0.000274179,0.0013709,20
1975,1980,1977.5,0.000205634,0.00102817,15
1980,1985,1982.5,0.00026047,0.00130235,19
1985,1990,1987.5,0.000150799,0.000753993,11
1990,1995,1992.5,8.22538e-05,0.000411269,6
1995,2000,1997.5,9.59627e-05,0.000479814,7
2000,2005,2002.5,0.000274179,0.0013709,20
2005,2010,2007.5,0.000150799,0.000753993,11
2010,2015,2012.5,0.000191925,0.000959627,14
2015,2020,2017.5,0.000246761,0.00123381,18
2020,2025,2022.5,0.00013709,0.000685448,10
2025,2030,2027.5,0.000246761,0.00123381,18
2030,2035,2032.5,0.000123381,0.000616903,9
2035,2040,2037.5,0.000342724,0.00171362,25
2040,2045,2042.5,0.000109672,0.000548358,8
2045,2050,2047.5,0.000109672,0.000548358,8
2050,2055,2052.5,0.000287888,0.00143944,21
2055,2060,2057.5,8.22538e-05,0.000411269,6
2060,2065,2062.5,0.000123381,0.000616903,9
2065,2070,2067.5,0.000178216,0.000891082,13
2070,2075,2072.5,0.000205634,0.00102817,15
2075,2080,2077.5,0.000150799,0.000753993,11
2080,2085,2082.5,0.00013709,0.000685448,10
2085,2090,2087.5,0.000164508,0.000822538,12
2090,2095,2092.5,0.000178216,0.000891082,13
2095,2100,2097.5,0.00013709,0.000685448,10
2100,2105,2102.5,0.000178216,0.000891082,13
2105,2110,2107.5,0.000123381,0.000616903,9
2110,2115,2112.5,0.00013709,0.000685448,10
2115,2120,2117.5,0.000123381,0.000616903,9
2120,2125,2122.5,9.59627e-05,0.000479814,7
2125,2130,2127.5,0.000150799,0.000753993,11
2130,2135,2132.5,6.85448e-05,0.000342724,5
2135,2140,2137.5,0.000178216,0.000891082,13
2140,2145,2142.5,0.000164508,0.000822538,12
2145,2150,2147.5,0.000123381,0.000616903,9
2150,2155,2152.5,0.00013709,0.000685448,10
2155,2160,2157.5,0.000233052,0.00116526,17
2160,2165,2162.5,0.000109672,0.000548358,8
2165,2170,2167.5,0.000178216,0.000891082,13
2170,2175,2172.5,0.000150799,0.000753993,11
2175,2180,2177.5,0.000123381,0.000616903,9
2180,2185,2182.5,9.59627e-05,0.000479814,7
2185,2190,2187.5,0.000178216,0.000891082,13
2190,2195,2192.5,0.000219343,0.00109672,16
2195,2200,2197.5,0.000109672,0.000548358,8
2200,2205,2202.5,0.000150799,0.000753993,11
2205,2210,2207.5,0.000123381,0.000616903,9
2210,2215,2212.5,0.000150799,0.000753993,11
2215,2220,2217.5,0.00026047,0.00130235,19
2220,2225,2222.5,6.85448e-05,0.000342724,5
2225,2230,2227.5,0.000233052,0.00116526,17
2230,2235,2232.5,0.000178216,0.000891082,13
2235,2240,2237.5,0.000219343,0.00109672,16
2240,2245,2242.5,9.59627e-05,0.000479814,7
2245,2250,2247.5,0.00013709,0.000685448,10
2250,2255,2252.5,0.000205634,0.00102817,15
2255,2260,2257.5,6.85448e-05,0.000342724,5
2260,2265,2262.5,0.000178216,0.000891082,13
2265,2270,2267.5,0.000109672,0.000548358,8
2270,2275,2272.5,0.000178216,0.000891082,13
2275,2280,2277.5,0.000164508,0.000822538,12
2280,2285,2282.5,0.000178216,0.000891082,13
2285,2290,2287.5,0.00013709,0.000685448,10
2290,2295,2292.5,0.000150799,0.000753993,11
2295,2300,2297.5,0.000246761,0.00123381,18
2300,2305,2302.5,0.000150799,0.000753993,11
2305,2310,2307.5,0.000109672,0.000548358,8
2310,2315,2312.5,0.000164508,0.000822538,12
2315,2320,2317.5,0.00013709,0.000685448,10
2320,2325,2322.5,0.000164508,0.000822538,12
2325,2330,2327.5,9.59627e-05,0.000479814,7
2330,2335,2332.5,0.000164508,0.000822538,12
2335,2340,2337.5,6.85448e-05,0.000342724,5
2340,2345,2342.5,8.22538e-05,0.000411269,6
2345,2350,2347.5,0.000233052,0.00116526,17
2350,2355,2352.5,0.000150799,0.000753993,11
2355,2360,2357.5,6.85448e-05,0.000342724,5
2360,2365,2362.5,0.000219343,0.00109672,16
2365,2370,2367.5,0.000178216,0.000891082,13
2370,2375,2372.5,5.48358e-05,0.000274179,4
2375,2380,2377.5,9.59627e-05,0.000479814,7
2380,2385,2382.5,0.00013709,0.000685448,10
2385,2390,2387.5,0.000123381,0.000616903,9
2390,2395,2392.5,0.000178216,0.000891082,13
2395,2400,2397.5,0.000205634,0.00102817,15
2400,2405,2402.5,0.000150799,0.000753993,11
2405,2410,2407.5,0.000123381,0.000616903,9
2410,2415,2412.5,0.000150799,0.000753993,11
2415,2420,2417.5,5.48358e-05,0.000274179,4
2420,2425,2422.5,8.22538e-05,0.000411269,6
2425,2430,2427.5,0.000109672,0.000548358,8
2430,2435,2432.5,6.85448e-05,0.000342724,5
2435,2440,2437.5,0.00013709,0.000685448,10
2440,2445,2442.5,0.000123381,0.000616903,9
2445,2450,2447.5,0.000246761,0.00123381,18
2450,2455,2452.5,0.000191925,0.000959627,14
2455,2460,2457.5,0.000109672,0.000548358,8
2460,2465,2462.5,0.000164508,0.000822538,12
2465,2470,2467.5,0.000123381,0.000616903,9
2470,2475,2472.5,5.48358e-05,0.000274179,4
2475,2480,2477.5,0.000150799,0.000753993,11
2480,2485,2482.5,4.11269e-05,0.000205634,3
2485,2490,2487.5,0.000164508,0.000822538,12
2490,2495,2492.5,0.000178216,0.000891082,13
2495,2500,2497.5,0.000109672,0.000548358,8
2500,2505,2502.5,0.000150799,0.000753993,11
2505,2510,2507.5,0.000205634,0.00102817,15
2510,2515,2512.5,0.000150799,0.000753993,11
2515,2520,2517.5,0.000150799,0.000753993,11
2520,2525,2522.5,0.00013709,0.000685448,10
2525,2530,2527.5,0.00013709,0.000685448,10
2530,2535,2532.5,0.000150799,0.000753993,11
2535,2540,2537.5,0.000150799,0.000753993,11
2540,2545,2542.5,9.59627e-05,0.000479814,7
2545,2550,2547.5,0.000150799,0.000753993,11
2550,2555,2552.5,0.000109672,0.000548358,8
2555,2560,2557.5,0.000150799,0.000753993,11
2560,2565,2562.5,5.48358e-05,0.000274179,4
2565,2570,2567.5,9.59627e-05,0.000479814,7
2570,2575,2572.5,0.000150799,0.000753993,11
2575,2580,2577.5,0.000178216,0.000891082,13
2580,2585,2582.5,5.48358e-05,0.000274179,4
2585,2590,2587.5,0.000191925,0.000959627,14
2590,2595,2592.5,6.85448e-05,0.000342724,5
2595,2600,2597.5,0.00013709,0.000685448,10
2600,2605,2602.5,9.59627e-05,0.000479814,7
2605,2610,2607.5,8.22538e-05,0.000411269,6
2610,2615,2612.5,0.000123381,0.000616903,9
2615,2620,2617.5,8.22538e-05,0.000411269,6
2620,2625,2622.5,0.000178216,0.000891082,13
2625,2630,2627.5,0.000164508,0.000822538,12
2630,2635,2632.5,0.000164508,0.000822538,12
2635,2640,2637.5,0.000150799,0.000753993,11
2640,2645,2642.5,0.00013709,0.000685448,10
2645,2650,2647.5,0.000191925,0.000959627,14
2650,2655,2652.5,6.85448e-05,0.000342724,5
2655,2660,2657.5,9.59627e-05,0.000479814,7
2660,2665,2662.5,0.00013709,0.000685448,10
2665,2670,2667.5,0.000150799,0.000753993,11
2670,2675,2672.5,0.000109672,0.000548358,8
2675,2680,2677.5,0.000150799,0.000753993,11
2680,2685,2682.5,0.000123381,0.000616903,9
2685,2690,2687.5,0.000109672,0.000548358,8
2690,2695,2692.5,0.000178216,0.000891082,13
2695,2700,2697.5,0.000109672,0.000548358,8
2700,2705,2702.5,0.000150799,0.000753993,11
2705,2710,2707.5,0.000164508,0.000822538,12
2710,2715,2712.5,8.22538e-05,0.000411269,6
2715,2720,2717.5,8.22538e-05,0.000411269,6
2720,2725,2722.5,5.48358e-05,0.000274179,4
2725,2730,2727.5,8.22538e-05,0.000411269,6
2730,2735,2732.5,0.00013709,0.000685448,10
2735,2740,2737.5,0.000191925,0.000959627,14
2740,2745,2742.5,0.00013709,0.000685448,10
2745,2750,2747.5,0.00013709,0.000685448,10
2750,2755,2752.5,9.59627e-05,0.000479814,7
2755,2760,2757.5,0.000191925,0.000959627,14
2760,2765,2762.5,0.00013709,0.000685448,10
2765,2770,2767.5,8.22538e-05,0.000411269,6
2770,2775,2772.5,9.59627e-05,0.000479814,7
2775,2780,2777.5,0.00013709,0.000685448,10
2780,2785,2782.5,9.59627e-05,0.000479814,7
2785,2790,2787.5,0.000123381,0.000616903,9
2790,2795,2792.5,0.000109672,0.000548358,8
2795,2800,2797.5,5.48358e-05,0.000274179,4
2800,2805,2802.5,0.00013709,0.000685448,10
2805,2810,2807.5,0.000109672,0.000548358,8
2810,2815,2812.5,0.000109672,0.000548358,8
2815,2820,2817.5,6.85448e-05,0.000342724,5
2820,2825,2822.5,9.59627e-05,0.000479814,7
2825,2830,2827.5,0.000123381,0.000616903,9
2830,2835,2832.5,9.59627e-05,0.000479814,7
2835,2840,2837.5,0.00013709,0.000685448,10
2840,2845,2842.5,0.000109672,0.000548358,8
2845,2850,2847.5,0.000191925,0.000959627,14
2850,2855,2852.5,0.000109672,0.000548358,8
2855,2860,2857.5,0.000164508,0.000822538,12
2860,2865,2862.5,5.48358e-05,0.000274179,4
2865,2870,2867.5,0.000109672,0.000548358,8
2870,2875,2872.5,9.59627e-05,0.000479814,7
2875,2880,2877.5,0.000191925,0.000959627,14
2880,2885,2882.5,0.000109672,0.000548358,8
2885,2890,2887.5,6.85448e-05,0.000342724,5
2890,2895,2892.5,0.00013709,0.000685448,10
2895,2900,2897.5,0.000123381,0.000616903,9
2900,2905,2902.5,0.000164508,0.000822538,12
2905,2910,2907.5,8.22538e-05,0.000411269,6
2910,2915,2912.5,8.22538e-05,0.000411269,6
2915,2920,2917.5,8.22538e-05,0.000411269,6
2920,2925,2922.5,0.000123381,0.000616903,9
2925,2930,2927.5,0.00013709,0.000685448,10
2930,2935,2932.5,0.000164508,0.000822538,12
2935,2940,2937.5,0.000205634,0.00102817,15
2940,2945,2942.5,9.59627e-05,0.000479814,7
2945,2950,2947.5,0.000109672,0.000548358,8
2950,2955,2952.5,0.000178216,0.000891082,13
2955,2960,2957.5,0.000150799,0.000753993,11
2960,2965,2962.5,0.000109672,0.000548358,8
2965,2970,2967.5,0.000123381,0.000616903,9
2970,2975,2972.5,0.000109672,0.000548358,8
2975,2980,2977.5,0.00013709,0.000685448,10
2980,2985,2982.5,9.59627e-05,0.000479814,7
2985,2990,2987.5,6.85448e-05,0.000342724,5
2990,2995,2992.5,8.22538e-05,0.000411269,6
2995,3000,2997.5,0.000178216,0.000891082,13
3000,3005,3002.5,6.85448e-05,0.000342724,5
3005,3010,3007.5,9.59627e-05,0.000479814,7
3010,3015,3012.5,0.000150799,0.000753993,11
3015,3020,3017.5,0.000123381,0.000616903,9
3020,3025,3022.5,6.85448e-05,0.000342724,5
3025,3030,3027.5,0.000123381,0.000616903,9
3030,3035,3032.5,2.74179e-05,0.00013709,2
3035,3040,3037.5,5.48358e-05,0.000274179,4
3040,3045,3042.5,9.59627e-05,0.000479814,7
3045,3050,3047.5,0.000205634,0.00102817,15
3050,3055,3052.5,0.00013709,0.000685448,10
3055,3060,3057.5,9.59627e-05,0.000479814,7
3060,3065,3062.5,0.000109672,0.000548358,8
3065,3070,3067.5,0.000109672,0.000548358,8
3070,3075,3072.5,0.000205634,0.00102817,15
3075,3080,3077.5,6.85448e-05,0.000342724,5
3080,3085,3082.5,5.48358e-05,0.000274179,4
3085,3090,3087.5,5.48358e-05,0.000274179,4
3090,3095,3092.5,2.74179e-05,0.00013709,2
3095,3100,3097.5,0.000150799,0.000753993,11
3100,3105,3102.5,0.000164508,0.000822538,12
3105,3110,3107.5,5.48358e-05,0.000274179,4
3110,3115,3112.5,0.000123381,0.000616903,9
3115,3120,3117.5,8.22538e-05,0.000411269,6
3120,3125,3122.5,0.000123381,0.000616903,9
3125,3130,3127.5,0.00013709,0.000685448,10
3130,3135,3132.5,0.000164508,0.000822538,12
3135,3140,3137.5,0.000150799,0.000753993,11
3140,3145,3142.5,0.000109672,0.000548358,8
3145,3150,3147.5,0.000109672,0.000548358,8
3150,3155,3152.5,0.000164508,0.000822538,12
3155,3160,3157.5,0.000109672,0.000548358,8
3160,3165,3162.5,5.48358e-05,0.000274179,4
3165,3170,3167.5,9.59627e-05,0.000479814,7
3170,3175,3172.5,8.22538e-05,0.000411269,6
3175,3180,3177.5,8.22538e-05,0.000411269,6
3180,3185,3182.5,5.48358e-05,0.000274179,4
3185,3190,3187.5,0.000109672,0.000548358,8
3190,3195,3192.5,0.000123381,0.000616903,9
3195,3200,3197.5,0.000150799,0.000753993,11
3200,3205,3202.5,0.00013709,0.000685448,10
3205,3210,3207.5,8.22538e-05,0.000411269,6
3210,3215,3212.5,9.59627e-05,0.000479814,7
3215,3220,3217.5,9.59627e-05,0.000479814,7
3220,3225,3222.5,0.000123381,0.000616903,9
3225,3230,3227.5,0.00013709,0.000685448,10
3230,3235,3232.5,0.000123381,0.000616903,9
3235,3240,3237.5,0.000123381,0.000616903,9
3240,3245,3242.5,0.000150799,0.000753993,11
3245,3250,3247.5,0.000123381,0.000616903,9
3250,3255,3252.5,0.00013709,0.000685448,10
3255,3260,3257.5,0.000109672,0.000548358,8
3260,3265,3262.5,0.000109672,0.000548358,8
3265,3270,3267.5,0.000178216,0.000891082,13
3270,3275,3272.5,9.59627e-05,0.000479814,7
3275,3280,3277.5,0.00013709,0.000685448,10
3280,3285,3282.5,0.000178216,0.000891082,13
3285,3290,3287.5,0.000178216,0.000891082,13
3290,3295,3292.5,0.000109672,0.000548358,8
3295,3300,3297.5,9.59627e-05,0.000479814,7
3300,3305,3302.5,1.3709e-05,6.85448e-05,1
3305,3310,3307.5,4.11269e-05,0.000205634,3
3310,3315,3312.5,9.59627e-05,0.000479814,7
3315,3320,3317.5,5.48358e-05,0.000274179,4
3320,3325,3322.5,0.000150799,0.000753993,11
3325,3330,3327.5,8.22538e-05,0.000411269,6
3330,3335,3332.5,0.000164508,0.000822538,12
3335,3340,3337.5,0.00013709,0.000685448,10
3340,3345,3342.5,5.48358e-05,0.000274179,4
3345,3350,3347.5,0.000123381,0.000616903,9
3350,3355,3352.5,0.000123381,0.000616903,9
3355,3360,3357.5,9.59627e-05,0.000479814,7
3360,3365,3362.5,9.59627e-05,0.000479814,7
3365,3370,3367.5,0.000164508,0.000822538,12
3370,3375,3372.5,0.000178216,0.000891082,13
3375,3380,3377.5,9.59627e-05,0.000479814,7
3380,3385,3382.5,4.11269e-05,0.000205634,3
3385,3390,3387.5,9.59627e-05,0.000479814,7
3390,3395,3392.5,9.59627e-05,0.000479814,7
3395,3400,3397.5,8.22538e-05,0.000411269,6
3400,3405,3402.5,9.59627e-05,0.000479814,7
3405,3410,3407.5,0.00013709,0.000685448,10
3410,3415,3412.5,0.00013709,0.000685448,10
3415,3420,3417.5,9.59627e-05,0.000479814,7
3420,3425,3422.5,9.59627e-05,0.000479814,7
3425,3430,3427.5,0.000164508,0.000822538,12
3430,3435,3432.5,6.85448e-05,0.000342724,5
3435,3440,3437.5,4.11269e-05,0.000205634,3
3440,3445,3442.5,0.000109672,0.000548358,8
3445,3450,3447.5,0.000164508,0.000822538,12
3450,3455,3452.5,0.000164508,0.000822538,12
3455,3460,3457.5,0.000150799,0.000753993,11
3460,3465,3462.5,0.000178216,0.000891082,13
3465,3470,3467.5,9.59627e-05,0.000479814,7
3470,3475,3472.5,0.00013709,0.000685448,10
3475,3480,3477.5,9.59627e-05,0.000479814,7
3480,3485,3482.5,0.000178216,0.000891082,13
3485,3490,3487.5,0.000109672,0.000548358,8
3490,3495,3492.5,0.000109672,0.000548358,8
3495,3500,3497.5,8.22538e-05,0.000411269,6
3500,3505,3502.5,0.000150799,0.000753993,11
3505,3510,3507.5,9.59627e-05,0.000479814,7
3510,3515,3512.5,0.000191925,0.000959627,14
3515,3520,3517.5,8.22538e-05,0.000411269,6
3520,3525,3522.5,5.48358e-05,0.000274179,4
3525,3530,3527.5,5.48358e-05,0.000274179,4
3530,3535,3532.5,4.11269e-05,0.000205634,3
3535,3540,3537.5,9.59627e-05,0.000479814,7
3540,3545,3542.5,2.74179e-05,0.00013709,2
3545,3550,3547.5,0.000150799,0.000753993,11
3550,3555,3552.5,0.00013709,0.000685448,10
3555,3560,3557.5,9.59627e-05,0.000479814,7
3560,3565,3562.5,0.00013709,0.000685448,10
3565,3570,3567.5,9.59627e-05,0.000479814,7
3570,3575,3572.5,9.59627e-05,0.000479814,7
3575,3580,3577.5,0.000191925,0.000959627,14
3580,3585,3582.5,0.000150799,0.000753993,11
3585,3590,3587.5,5.48358e-05,0.000274179,4
3590,3595,3592.5,0.00013709,0.000685448,10
3595,3600,3597.5,0.000150799,0.000753993,11
3600,3605,3602.5,0.000164508,0.000822538,12
3605,3610,3607.5,0.000164508,0.000822538,12
3610,3615,3612.5,6.85448e-05,0.000342724,5
3615,3620,3617.5,9.59627e-05,0.000479814,7
3620,3625,3622.5,6.85448e-05,0.000342724,5
3625,3630,3627.5,0.000150799,0.000753993,11
3630,3635,3632.5,0.000109672,0.000548358,8
3635,3640,3637.5,6.85448e-05,0.000342724,5
3640,3645,3642.5,0.000205634,0.00102817,15
3645,3650,3647.5,9.59627e-05,0.000479814,7
3650,3655,3652.5,0.000178216,0.000891082,13
3655,3660,3657.5,8.22538e-05,0.000411269,6
3660,3665,3662.5,0.000150799,0.000753993,11
3665,3670,3667.5,0.000109672,0.000548358,8
3670,3675,3672.5,6.85448e-05,0.000342724,5
3675,3680,3677.5,0.000123381,0.000616903,9
3680,3685,3682.5,0.000123381,0.000616903,9
3685,3690,3687.5,0.00013709,0.000685448,10
3690,3695,3692.5,0.00013709,0.000685448,10
3695,3700,3697.5,0.000109672,0.000548358,8
3700,3705,3702.5,9.59627e-05,0.000479814,7
3705,3710,3707.5,0.000178216,0.000891082,13
3710,3715,3712.5,9.59627e-05,0.000479814,7
3715,3720,3717.5,0.00013709,0.000685448,10
3720,3725,3722.5,0.000123381,0.000616903,9
3725,3730,3727.5,4.11269e-05,0.000205634,3
3730,3735,3732.5,0.000164508,0.000822538,12
3735,3740,3737.5,0.000109672,0.000548358,8
3740,3745,3742.5,0.000150799,0.000753993,11
3745,3750,3747.5,8.22538e-05,0.000411269,6
3750,3755,3752.5,9.59627e-05,0.000479814,7
3755,3760,3757.5,5.48358e-05,0.000274179,4
3760,3765,3762.5,9.59627e-05,0.000479814,7
3765,3770,3767.5,5.48358e-05,0.000274179,4
3770,3775,3772.5,0.00013709,0.000685448,10
3775,3780,3777.5,0.00013709,0.000685448,10
3780,3785,3782.5,0.000150799,0.000753993,11
3785,3790,3787.5,5.48358e-05,0.000274179,4
3790,3795,3792.5,5.48358e-05,0.000274179,4
3795,3800,3797.5,0.000150799,0.000753993,11
3800,3805,3802.5,0.000123381,0.000616903,9
3805,3810,3807.5,8.22538e-05,0.000411269,6
3810,3815,3812.5,6.85448e-05,0.000342724,5
3815,3820,3817.5,0.000123381,0.000616903,9
3820,3825,3822.5,0.000109672,0.000548358,8
3825,3830,3827.5,0.00013709,0.000685448,10
3830,3835,3832.5,4.11269e-05,0.000205634,3
3835,3840,3837.5,0.000178216,0.000891082,13
3840,3845,3842.5,8.22538e-05,0.000411269,6
3845,3850,3847.5,0.000150799,0.000753993,11
3850,3855,3852.5,4.11269e-05,0.000205634,3
3855,3860,3857.5,0.00013709,0.000685448,10
3860,3865,3862.5,0.00013709,0.000685448,10
3865,3870,3867.5,6.85448e-05,0.000342724,5
3870,3875,3872.5,0.000164508,0.000822538,12
3875,3880,3877.5,8.22538e-05,0.000411269,6
3880,3885,3882.5,4.11269e-05,0.000205634,3
3885,3890,3887.5,4.11269e-05,0.000205634,3
3890,3895,3892.5,0.000109672,0.000548358,8
3895,3900,3897.5,0.000178216,0.000891082,13
3900,3905,3902.5,0.000150799,0.000753993,11
3905,3910,3907.5,8.22538e-05,0.000411269,6
3910,3915,3912.5,0.000123381,0.000616903,9
3915,3920,3917.5,8.22538e-05,0.000411269,6
3920,3925,3922.5,0.000178216,0.000891082,13
3925,3930,3927.5,4.11269e-05,0.000205634,3
3930,3935,3932.5,9.59627e-05,0.000479814,7
3935,3940,3937.5,0.000150799,0.000753993,11
3940,3945,3942.5,0.00013709,0.000685448,10
3945,3950,3947.5,0.000164508,0.000822538,12
3950,3955,3952.5,9.59627e-05,0.000479814,7
3955,3960,3957.5,5.48358e-05,0.000274179,4
3960,3965,3962.5,4.11269e-05,0.000205634,3
3965,3970,3967.5,0.00013709,0.000685448,10
3970,3975,3972.5,8.22538e-05,0.000411269,6
3975,3980,3977.5,6.85448e-05,0.000342724,5
3980,3985,3982.5,0.000164508,0.000822538,12
3985,3990,3987.5,0.00013709,0.000685448,10
3990,3995,3992.5,0.000109672,0.000548358,8
3995,4000,3997.5,9.59627e-05,0.000479814,7
4000,4005,4002.5,5.48358e-05,0.000274179,4
4005,4010,4007.5,0.00013709,0.000685448,10
4010,4015,4012.5,0.000109672,0.000548358,8
4015,4020,4017.5,0.000109672,0.000548358,8
4020,4025,4022.5,0.000123381,0.000616903,9
4025,4030,4027.5,0.000164508,0.000822538,12
4030,4035,4032.5,9.59627e-05,0.000479814,7
4035,4040,4037.5,0.000109672,0.000548358,8
4040,4045,4042.5,6.85448e-05,0.000342724,5
4045,4050,4047.5,8.22538e-05,0.000411269,6
4050,4055,4052.5,6.85448e-05,0.000342724,5
4055,4060,4057.5,0.000164508,0.000822538,12
4060,4065,4062.5,4.11269e-05,0.000205634,3
4065,4070,4067.5,0.000123381,0.000616903,9
4070,4075,4072.5,5.48358e-05,0.000274179,4
4075,4080,4077.5,4.11269e-05,0.000205634,3
4080,4085,4082.5,0.000109672,0.000548358,8
4085,4090,4087.5,6.85448e-05,0.000342724,5
4090,4095,4092.5,0.00013709,0.000685448,10
4095,4100,4097.5,5.48358e-05,0.000274179,4
4100,4105,4102.5,0.00013709,0.000685448,10
4105,4110,4107.5,0.000150799,0.000753993,11
4110,4115,4112.5,0.000123381,0.000616903,9
4115,4120,4117.5,9.59627e-05,0.000479814,7
4120,4125,4122.5,0.000150799,0.000753993,11
4125,4130,4127.5,0.000150799,0.000753993,11
4130,4135,4132.5,8.22538e-05,0.000411269,6
4135,4140,4137.5,0.000123381,0.000616903,9
4140,4145,4142.5,9.59627e-05,0.000479814,7
4145,4150,4147.5,0.000109672,0.000548358,8
4150,4155,4152.5,0.000109672,0.000548358,8
4155,4160,4157.5,9.59627e-05,0.000479814,7
4160,4165,4162.5,0.00013709,0.000685448,10
4165,4170,4167.5,0.00013709,0.000685448,10
4170,4175,4172.5,4.11269e-05,0.000205634,3
4175,4180,4177.5,2.74179e-05,0.00013709,2
4180,4185,4182.5,8.22538e-05,0.000411269,6
4185,4190,4187.5,5.48358e-05,0.000274179,4
4190,4195,4192.5,0.000123381,0.000616903,9
4195,4200,4197.5,8.22538e-05,0.000411269,6
4200,4205,4202.5,5.48358e-05,0.000274179,4
4205,4210,4207.5,9.59627e-05,0.000479814,7
4210,4215,4212.5,0.000150799,0.000753993,11
4215,4220,4217.5,8.22538e-05,0.000411269,6
4220,4225,4222.5,5.48358e-05,0.000274179,4
4225,4230,4227.5,5.48358e-05,0.000274179,4
4230,4235,4232.5,0.000150799,0.000753993,11
4235,4240,4237.5,0.000164508,0.000822538,12
4240,4245,4242.5,9.59627e-05,0.000479814,7
4245,4250,4247.5,2.74179e-05,0.00013709,2
4250,4255,4252.5,6.85448e-05,0.000342724,5
4255,4260,4257.5,0.00013709,0.000685448,10
4260,4265,4262.5,6.85448e-05,0.000342724,5
4265,4270,4267.5,5.48358e-05,0.000274179,4
4270,4275,4272.5,5.48358e-05,0.000274179,4
4275,4280,4277.5,8.22538e-05,0.000411269,6
4280,4285,4282.5,0.000109672,0.000548358,8
4285,4290,4287.5,8.22538e-05,0.000411269,6
4290,4295,4292.5,5.48358e-05,0.000274179,4
4295,4300,4297.5,8.22538e-05,0.000411269,6
4300,4305,4302.5,5.48358e-05,0.000274179,4
4305,4310,4307.5,6.85448e-05,0.000342724,5
4310,4315,4312.5,6.85448e-05,0.000342724,5
4315,4320,4317.5,4.11269e-05,0.000205634,3
4320,4325,4322.5,4.11269e-05,0.000205634,3
4325,4330,4327.5,9.59627e-05,0.000479814,7
4330,4335,4332.5,6.85448e-05,0.000342724,5
4335,4340,4337.5,6.85448e-05,0.000342724,5
4340,4345,4342.5,8.22538e-05,0.000411269,6
4345,4350,4347.5,4.11269e-05,0.000205634,3
4350,4355,4352.5,1.3709e-05,6.85448e-05,1
4355,4360,4357.5,5.48358e-05,0.000274179,4
4360,4365,4362.5,6.85448e-05,0.000342724,5
4365,4370,4367.5,1.3709e-05,6.85448e-05,1
4370,4375,4372.5,1.3709e-05,6.85448e-05,1
4375,4380,4377.5,1.3709e-05,6.85448e-05,1
4380,4385,4382.5,5.48358e-05,0.000274179,4
4385,4390,4387.5,1.3709e-05,6.85448e-05,1
4390,4395,4392.5,2.74179e-05,0.00013709,2
4395,4400,4397.5,4.11269e-05,0.000205634,3
4400,4405,4402.5,2.74179e-05,0.00013709,2
4405,4410,4407.5,2.74179e-05,0.00013709,2
4415,4420,4417.5,5.48358e-05,0.000274179,4
4420,4425,4422.5,2.74179e-05,0.00013709,2
4425,4430,4427.5,1.3709e-05,6.85448e-05,1
4430,4435,4432.5,4.11269e-05,0.000205634,3
4435,4440,4437.5,5.48358e-05,0.000274179,4
4440,4445,4442.5,5.48358e-05,0.000274179,4
4450,4455,4452.5,4.11269e-05,0.000205634,3
4455,4460,4457.5,5.48358e-05,0.000274179,4
4460,4465,4462.5,8.22538e-05,0.000411269,6
4470,4475,4472.5,4.11269e-05,0.000205634,3
4475,4480,4477.5,2.74179e-05,0.00013709,2
4480,4485,4482.5,8.22538e-05,0.000411269,6
4490,4495,4492.5,1.3709e-05,6.85448e-05,1
4495,4500,4497.5,4.11269e-05,0.000205634,3
4500,4505,4502.5,1.3709e-05,6.85448e-05,1
4510,4515,4512.5,4.11269e-05,0.000205634,3
4515,4520,4517.5,5.48358e-05,0.000274179,4
4520,4525,4522.5,5.48358e-05,0.000274179,4
4535,4540,4537.5,2.74179e-05,0.00013709,2
4540,4545,4542.5,4.11269e-05,0.000205634,3
4545,4550,4547.5,2.74179e-05,0.00013709,2
4550,4555,4552.5,1.3709e-05,6.85448e-05,1
4555,4560,4557.5,5.48358e-05,0.000274179,4
4560,4565,4562.5,4.11269e-05,0.000205634,3
4565,4570,4567.5,5.48358e-05,0.000274179,4
4570,4575,4572.5,1.3709e-05,6.85448e-05,1
4575,4580,4577.5,2.74179e-05,0.00013709,2
4585,4590,4587.5,1.3709e-05,6.85448e-05,1
4590,4595,4592.5,4.11269e-05,0.000205634,3
4595,4600,4597.5,1.3709e-05,6.85448e-05,1
4605,4610,4607.5,1.3709e-05,6.85448e-05,1
4610,4615,4612.5,2.74179e-05,0.00013709,2
4615,4620,4617.5,4.11269e-05,0.000205634,3
4620,4625,4622.5,2.74179e-05,0.00013709,2
4625,4630,4627.5,2.74179e-05,0.00013709,2
4630,4635,4632.5,2.74179e-05,0.00013709,2
4635,4640,4637.5,6.85448e-05,0.000342724,5
4645,4650,4647.5,2.74179e-05,0.00013709,2
4650,4655,4652.5,1.3709e-05,6.85448e-05,1
4655,4660,4657.5,4.11269e-05,0.000205634,3
4660,4665,4662.5,1.3709e-05,6.85448e-05,1
4665,4670,4667.5,5.48358e-05,0.000274179,4
4670,4675,4672.5,2.74179e-05,0.00013709,2
4675,4680,4677.5,1.3709e-05,6.85448e-05,1
4680,4685,4682.5,4.11269e-05,0.000205634,3
4685,4690,4687.5,2.74179e-05,0.00013709,2
4690,4695,4692.5,2.74179e-05,0.00013709,2
4695,4700,4697.5,4.11269e-05,0.000205634,3
4700,4705,4702.5,5.48358e-05,0.000274179,4
4705,4710,4707.5,2.74179e-05,0.00013709,2
4710,4715,4712.5,1.3709e-05,6.85448e-05,1
4715,4720,4717.5,2.74179e-05,0.00013709,2
4720,4725,4722.5,1.3709e-05,6.85448e-05,1
4725,4730,4727.5,1.3709e-05,6.85448e-05,1
4730,4735,4732.5,1.3709e-05,6.85448e-05,1
4735,4740,4737.5,1.3709e-05,6.85448e-05,1
4740,4745,4742.5,4.11269e-05,0.000205634,3
4745,4750,4747.5,5.48358e-05,0.000274179,4
4755,4760,4757.5,4.11269e-05,0.000205634,3
4760,4765,4762.5,4.11269e-05,0.000205634,3
4765,4770,4767.5,2.74179e-05,0.00013709,2
4770,4775,4772.5,1.3709e-05,6.85448e-05,1
4785,4790,4787.5,2.74179e-05,0.00013709,2
4790,4795,4792.5,2.74179e-05,0.00013709,2
4795,4800,4797.5,2.74179e-05,0.00013709,2
4800,4805,4802.5,1.3709e-05,6.85448e-05,1
4805,4810,4807.5,1.3709e-05,6.85448e-05,1
4810,4815,4812.5,4.11269e-05,0.000205634,3
4815,4820,4817.5,1.3709e-05,6.85448e-05,1
4820,4825,4822.5,4.11269e-05,0.000205634,3
4825,4830,4827.5,1.3709e-05,6.85448e-05,1
4835,4840,4837.5,1.3709e-05,6.85448e-05,1
4840,4845,4842.5,2.74179e-05,0.00013709,2
4845,4850,4847.5,1.3709e-05,6.85448e-05,1
4855,4860,4857.5,4.11269e-05,0.000205634,3
4860,4865,4862.5,2.74179e-05,0.00013709,2
4865,4870,4867.5,2.74179e-05,0.00013709,2
4870,4875,4872.5,2.74179e-05,0.00013709,2
4875,4880,4877.5,2.74179e-05,0.00013709,2
4880,4885,4882.5,2.74179e-05,0.00013709,2
4885,4890,4887.5,1.3709e-05,6.85448e-05,1
4890,4895,4892.5,2.74179e-05,0.00013709,2
4895,4900,4897.5,5.48358e-05,0.000274179,4
4900,4905,4902.5,1.3709e-05,6.85448e-05,1
4905,4910,4907.5,4.11269e-05,0.000205634,3
4910,4915,4912.5,4.11269e-05,0.000205634,3
4920,4925,4922.5,4.11269e-05,0.000205634,3
4925,4930,4927.5,2.74179e-05,0.00013709,2
4930,4935,4932.5,2.74179e-05,0.00013709,2
4935,4940,4937.5,1.3709e-05,6.85448e-05,1
4940,4945,4942.5,1.3709e-05,6.85448e-05,1
4945,4950,4947.5,2.74179e-05,0.00013709,2
4950,4955,4952.5,1.3709e-05,6.85448e-05,1
4955,4960,4957.5,6.85448e-05,0.000342724,5
4970,4975,4972.5,1.3709e-05,6.85448e-05,1
4980,4985,4982.5,2.74179e-05,0.00013709,2
4990,4995,4992.5,4.11269e-05,0.000205634,3
4995,5000,4997.5,2.74179e-05,0.00013709,2
5000,5005,5002.5,8.22538e-05,0.000411269,6
5010,5015,5012.5,6.85448e-05,0.000342724,5
5015,5020,5017.5,2.74179e-05,0.00013709,2
5020,5025,5022.5,1.3709e-05,6.85448e-05,1
5025,5030,5027.5,1.3709e-05,6.85448e-05,1
5030,5035,5032.5,1.3709e-05,6.85448e-05,1
5035,5040,5037.5,1.3709e-05,6.85448e-05,1
5040,5045,5042.5,1.3709e-05,6.85448e-05,1
5045,5050,5047.5,1.3709e-05,6.85448e-05,1
5055,5060,5057.5,1.3709e-05,6.85448e-05,1
5060,5065,5062.5,4.11269e-05,0.000205634,3
5065,5070,5067.5,1.3709e-05,6.85448e-05,1
5070,5075,5072.5,2.74179e-05,0.00013709,2
5075,5080,5077.5,2.74179e-05,0.00013709,2
5080,5085,5082.5,1.3709e-05,6.85448e-05,1
5085,5090,5087.5,2.74179e-05,0.00013709,2
5090,5095,5092.5,2.74179e-05,0.00013709,2
5095,5100,5097.5,2.74179e-05,0.00013709,2
5100,5105,5102.5,1.3709e-05,6.85448e-05,1
5105,5110,5107.5,4.11269e-05,0.000205634,3
5110,5115,5112.5,1.3709e-05,6.85448e-05,1
5115,5120,5117.5,2.74179e-05,0.00013709,2
5120,5125,5122.5,4.11269e-05,0.000205634,3
5125,5130,5127.5,1.3709e-05,6.85448e-05,1
5130,5135,5132.5,1.3709e-05,6.85448e-05,1
5135,5140,5137.5,2.74179e-05,0.00013709,2
5140,5145,5142.5,2.74179e-05,0.00013709,2
5145,5150,5147.5,2.74179e-05,0.00013709,2
5150,5155,5152.5,1.3709e-05,6.85448e-05,1
5155,5160,5157.5,1.3709e-05,6.85448e-05,1
5160,5165,5162.5,2.74179e-05,0.00013709,2
5165,5170,5167.5,4.11269e-05,0.000205634,3
5170,5175,5172.5,1.3709e-05,6.85448e-05,1
5175,5180,5177.5,1.3709e-05,6.85448e-05,1
5180,5185,5182.5,1.3709e-05,6.85448e-05,1
5185,5190,5187.5,1.3709e-05,6.85448e-05,1
5195,5200,5197.5,1.3709e-05,6.85448e-05,1
5200,5205,5202.5,1.3709e-05,6.85448e-05,1
5205,5210,5207.5,1.3709e-05,6.85448e-05,1
5210,5215,5212.5,2.74179e-05,0.00013709,2
5215,5220,5217.5,2.74179e-05,0.00013709,2
5220,5225,5222.5,4.11269e-05,0.000205634,3
5225,5230,5227.5,1.3709e-05,6.85448e-05,1
5230,5235,5232.5,4.11269e-05,0.000205634,3
5235,5240,5237.5,2.74179e-05,0.00013709,2
5245,5250,5247.5,4.11269e-05,0.000205634,3
5250,5255,5252.5,1.3709e-05,6.85448e-05,1
5255,5260,5257.5,1.3709e-05,6.85448e-05,1
5260,5265,5262.5,4.11269e-05,0.000205634,3
5265,5270,5267.5,1.3709e-05,6.85448e-05,1
5270,5275,5272.5,4.11269e-05,0.000205634,3
5285,5290,5287.5,4.11269e-05,0.000205634,3
5290,5295,5292.5,4.11269e-05,0.000205634,3
5295,5300,5297.5,1.3709e-05,6.85448e-05,1
5300,5305,5302.5,2.74179e-05,0.00013709,2
5315,5320,5317.5,1.3709e-05,6.85448e-05,1
5330,5335,5332.5,1.3709e-05,6.85448e-05,1
5335,5340,5337.5,2.74179e-05,0.00013709,2
5340,5345,5342.5,4.11269e-05,0.000205634,3
5345,5350,5347.5,1.3709e-05,6.85448e-05,1
5350,5355,5352.5,2.74179e-05,0.00013709,2
5355,5360,5357.5,2.74179e-05,0.00013709,2
5370,5375,5372.5,4.11269e-05,0.000205634,3
5375,5380,5377.5,1.3709e-05,6.85448e-05,1
5380,5385,5382.5,1.3709e-05,6.85448e-05,1
5395,5400,5397.5,1.3709e-05,6.85448e-05,1
5400,5405,5402.5,1.3709e-05,6.85448e-05,1
5405,5410,5407.5,1.3709e-05,6.85448e-05,1
5410,5415,5412.5,1.3709e-05,6.85448e-05,1
5415,5420,5417.5,1.3709e-05,6.85448e-05,1
5420,5425,5422.5,4.11269e-05,0.000205634,3
5425,5430,5427.5,2.74179e-05,0.00013709,2
5430,5435,5432.5,4.11269e-05,0.000205634,3
5450,5455,5452.5,1.3709e-05,6.85448e-05,1
5455,5460,5457.5,1.3709e-05,6.85448e-05,1
5465,5470,5467.5,4.11269e-05,0.000205634,3
5470,5475,5472.5,2.74179e-05,0.00013709,2
5475,5480,5477.5,1.3709e-05,6.85448e-05,1
5480,5485,5482.5,1.3709e-05,6.85448e-05,1
5485,5490,5487.5,2.74179e-05,0.00013709,2
5495,5500,5497.5,4.11269e-05,0.000205634,3
5500,5505,5502.5,4.11269e-05,0.000205634,3
5505,5510,5507.5,2.74179e-05,0.00013709,2
5510,5515,5512.5,5.48358e-05,0.000274179,4
5515,5520,5517.5,2.74179e-05,0.00013709,2
5525,5530,5527.5,2.74179e-05,0.00013709,2
5530,5535,5532.5,1.3709e-05,6.85448e-05,1
5535,5540,5537.5,1.3709e-05,6.85448e-05,1
5540,5545,5542.5,2.74179e-05,0.00013709,2
5550,5555,5552.5,2.74179e-05,0.00013709,2
5555,5560,5557.5,2.74179e-05,0.00013709,2
5560,5565,5562.5,1.3709e-05,6.85448e-05,1
5565,5570,5567.5,1.3709e-05,6.85448e-05,1
5575,5580,5577.5,2.74179e-05,0.00013709,2
5580,5585,5582.5,1.3709e-05,6.85448e-05,1
5595,5600,5597.5,1.3709e-05,6.85448e-05,1
5605,5610,5607.5,2.74179e-05,0.00013709,2
5615,5620,5617.5,2.74179e-05,0.00013709,2
5620,5625,5622.5,4.11269e-05,0.000205634,3
5625,5630,5627.5,4.11269e-05,0.000205634,3
5630,5635,5632.5,1.3709e-05,6.85448e-05,1
5635,5640,5637.5,5.48358e-05,0.000274179,4
5650,5655,5652.5,1.3709e-05,6.85448e-05,1
5655,5660,5657.5,4.11269e-05,0.000205634,3
5660,5665,5662.5,1.3709e-05,6.85448e-05,1
5670,5675,5672.5,2.74179e-05,0.00013709,2
5680,5685,5682.5,1.3709e-05,6.85448e-05,1
5690,5695,5692.5,4.11269e-05,0.000205634,3
5695,5700,5697.5,1.3709e-05,6.85448e-05,1
5700,5705,5702.5,1.3709e-05,6.85448e-05,1
5705,5710,5707.5,2.74179e-05,0.00013709,2
5725,5730,5727.5,2.74179e-05,0.00013709,2
5730,5735,5732.5,4.11269e-05,0.000205634,3
5740,5745,5742.5,2.74179e-05,0.00013709,2
5745,5750,5747.5,1.3709e-05,6.85448e-05,1
5750,5755,5752.5,1.3709e-05,6.85448e-05,1
5755,5760,5757.5,1.3709e-05,6.85448e-05,1
5760,5765,5762.5,1.3709e-05,6.85448e-05,1
5770,5775,5772.5,1.3709e-05,6.85448e-05,1
5775,5780,5777.5,1.3709e-05,6.85448e-05,1
5785,5790,5787.5,1.3709e-05,6.85448e-05,1
5800,5805,5802.5,4.11269e-05,0.000205634,3
5810,5815,5812.5,1.3709e-05,6.85448e-05,1
5820,5825,5822.5,4.11269e-05,0.000205634,3
5830,5835,5832.5,1.3709e-05,6.85448e-05,1
5840,5845,5842.5,1.3709e-05,6.85448e-05,1
5845,5850,5847.5,1.3709e-05,6.85448e-05,1
5850,5855,5852.5,1.3709e-05,6.85448e-05,1
5855,5860,5857.5,1.3709e-05,6.85448e-05,1
5860,5865,5862.5,2.74179e-05,0.00013709,2
5870,5875,5872.5,2.74179e-05,0.00013709,2
5880,5885,5882.5,5.48358e-05,0.000274179,4
5885,5890,5887.5,1.3709e-05,6.85448e-05,1
5890,5895,5892.5,4.11269e-05,0.000205634,3
5895,5900,5897.5,4.11269e-05,0.000205634,3
5900,5905,5902.5,1.3709e-05,6.85448e-05,1
5910,5915,5912.5,2.74179e-05,0.00013709,2
5915,5920,5917.5,2.74179e-05,0.00013709,2
5920,5925,5922.5,1.3709e-05,6.85448e-05,1
5930,5935,5932.5,2.74179e-05,0.00013709,2
5940,5945,5942.5,4.11269e-05,0.000205634,3
5945,5950,5947.5,1.3709e-05,6.85448e-05,1
5950,5955,5952.5,1.3709e-05,6.85448e-05,1
5955,5960,5957.5,2.74179e-05,0.00013709,2
5960,5965,5962.5,1.3709e-05,6.85448e-05,1
5970,5975,5972.5,4.11269e-05,0.000205634,3
5975,5980,5977.5,4.11269e-05,0.000205634,3
5980,5985,5982.5,2.74179e-05,0.00013709,2
5985,5990,5987.5,1.3709e-05,6.85448e-05,1
5990,5995,5992.5,4.11269e-05,0.000205634,3
5995,6000,5997.5,1.3709e-05,6.85448e-05,1
6000,6005,6002.5,2.74179e-05,0.00013709,2
6015,6020,6017.5,5.48358e-05,0.000274179,4
6020,6025,6022.5,1.3709e-05,6.85448e-05,1
6025,6030,6027.5,2.74179e-05,0.00013709,2
6030,6035,6032.5,1.3709e-05,6.85448e-05,1
6035,6040,6037.5,1.3709e-05,6.85448e-05,1
6040,6045,6042.5,1.3709e-05,6.85448e-05,1
6045,6050,6047.5,1.3709e-05,6.85448e-05,1
6055,6060,6057.5,1.3709e-05,6.85448e-05,1
6065,6070,6067.5,1.3709e-05,6.85448e-05,1
6070,6075,6072.5,1.3709e-05,6.85448e-05,1
6075,6080,6077.5,1.3709e-05,6.85448e-05,1
6080,6085,6082.5,4.11269e-05,0.000205634,3
6085,6090,6087.5,1.3709e-05,6.85448e-05,1
6090,6095,6092.5,1.3709e-05,6.85448e-05,1
6095,6100,6097.5,4.11269e-05,0.000205634,3
6100,6105,6102.5,4.11269e-05,0.000205634,3
6105,6110,6107.5,2.74179e-05,0.00013709,2
6115,6120,6117.5,4.11269e-05,0.000205634,3
6120,6125,6122.5,1.3709e-05,6.85448e-05,1
6125,6130,6127.5,1.3709e-05,6.85448e-05,1
6130,6135,6132.5,2.74179e-05,0.00013709,2
6135,6140,6137.5,2.74179e-05,0.00013709,2
6140,6145,6142.5,2.74179e-05,0.00013709,2
6145,6150,6147.5,1.3709e-05,6.85448e-05,1
6165,6170,6167.5,4.11269e-05,0.000205634,3
6180,6185,6182.5,1.3709e-05,6.85448e-05,1
6190,6195,6192.5,2.74179e-05,0.00013709,2
6195,6200,6197.5,2.74179e-05,0.00013709,2
6205,6210,6207.5,1.3709e-05,6.85448e-05,1
6215,6220,6217.5,1.3709e-05,6.85448e-05,1
6220,6225,6222.5,5.48358e-05,0.000274179,4
6225,6230,6227.5,2.74179e-05,0.00013709,2
6230,6235,6232.5,1.3709e-05,6.85448e-05,1
6235,6240,6237.5,1.3709e-05,6.85448e-05,1
6240,6245,6242.5,1.3709e-05,6.85448e-05,1
6245,6250,6247.5,4.11269e-05,0.000205634,3
6260,6265,6262.5,2.74179e-05,0.00013709,2
6265,6270,6267.5,1.3709e-05,6.85448e-05,1
6270,6275,6272.5,2.74179e-05,0.00013709,2
6275,6280,6277.5,1.3709e-05,6.85448e-05,1
6280,6285,6282.5,1.3709e-05,6.85448e-05,1
6285,6290,6287.5,5.48358e-05,0.000274179,4
6295,6300,6297.5,4.11269e-05,0.000205634,3
6305,6310,6307.5,1.3709e-05,6.85448e-05,1
6310,6315,6312.5,1.3709e-05,6.85448e-05,1
6315,6320,6317.5,2.74179e-05,0.00013709,2
6320,6325,6322.5,4.11269e-05,0.000205634,3
6325,6330,6327.5,5.48358e-05,0.000274179,4
6330,6335,6332.5,1.3709e-05,6.85448e-05,1
6335,6340,6337.5,2.74179e-05,0.00013709,2
6345,6350,6347.5,2.74179e-05,0.00013709,2
6350,6355,6352.5,2.74179e-05,0.00013709,2
6365,6370,6367.5,4.11269e-05,0.000205634,3
6380,6385,6382.5,2.74179e-05,0.00013709,2
6405,6410,6407.5,1.3709e-05,6.85448e-05,1
6410,6415,6412.5,1.3709e-05,6.85448e-05,1
6415,6420,6417.5,2.74179e-05,0.00013709,2
6420,6425,6422.5,2.74179e-05,0.00013709,2
6430,6435,6432.5,4.11269e-05,0.000205634,3
6435,6440,6437.5,1.3709e-05,6.85448e-05,1
6440,6445,6442.5,1.3709e-05,6.85448e-05,1
6445,6450,6447.5,2.74179e-05,0.00013709,2
6450,6455,6452.5,2.74179e-05,0.00013709,2
6465,6470,6467.5,2.74179e-05,0.00013709,2
6490,6495,6492.5,4.11269e-05,0.000205634,3
6495,6500,6497.5,2.74179e-05,0.00013709,2
6500,6505,6502.5,2.74179e-05,0.00013709,2
6515,6520,6517.5,1.3709e-05,6.85448e-05,1
6520,6525,6522.5,1.3709e-05,6.85448e-05,1
6525,6530,6527.5,4.11269e-05,0.000205634,3
6530,6535,6532.5,2.74179e-05,0.00013709,2
6535,6540,6537.5,4.11269e-05,0.000205634,3
6540,6545,6542.5,2.74179e-05,0.00013709,2
6545,6550,6547.5,4.11269e-05,0.000205634,3
6550,6555,6552.5,1.3709e-05,6.85448e-05,1
6560,6565,6562.5,2.74179e-05,0.00013709,2
6570,6575,6572.5,1.3709e-05,6.85448e-05,1
6575,6580,6577.5,6.85448e-05,0.000342724,5
6580,6585,6582.5,1.3709e-05,6.85448e-05,1
6590,6595,6592.5,4.11269e-05,0.000205634,3
6600,6605,6602.5,4.11269e-05,0.000205634,3
6605,6610,6607.5,1.3709e-05,6.85448e-05,1
6610,6615,6612.5,1.3709e-05,6.85448e-05,1
6620,6625,6622.5,2.74179e-05,0.00013709,2
6625,6630,6627.5,2.74179e-05,0.00013709,2
6640,6645,6642.5,1.3709e-05,6.85448e-05,1
6645,6650,6647.5,1.3709e-05,6.85448e-05,1
6660,6665,6662.5,2.74179e-05,0.00013709,2
6665,6670,6667.5,2.74179e-05,0.00013709,2
6675,6680,6677.5,2.74179e-05,0.00013709,2
6680,6685,6682.5,2.74179e-05,0.00013709,2
6695,6700,6697.5,1.3709e-05,6.85448e-05,1
6700,6705,6702.5,1.3709e-05,6.85448e-05,1
6710,6715,6712.5,4.11269e-05,0.000205634,3
6720,6725,6722.5,1.3709e-05,6.85448e-05,1
6725,6730,6727.5,1.3709e-05,6.85448e-05,1
6730,6735,6732.5,2.74179e-05,0.00013709,2
6735,6740,6737.5,4.11269e-05,0.000205634,3
6740,6745,6742.5,4.11269e-05,0.000205634,3
6745,6750,6747.5,1.3709e-05,6.85448e-05,1
6755,6760,6757.5,5.48358e-05,0.000274179,4
6765,6770,6767.5,1.3709e-05,6.85448e-05,1
6770,6775,6772.5,1.3709e-05,6.85448e-05,1
6775,6780,6777.5,2.74179e-05,0.00013709,2
6780,6785,6782.5,1.3709e-05,6.85448e-05,1
6785,6790,6787.5,1.3709e-05,6.85448e-05,1
6790,6795,6792.5,1.3709e-05,6.85448e-05,1
6800,6805,6802.5,2.74179e-05,0.00013709,2
6805,6810,6807.5,1.3709e-05,6.85448e-05,1
6810,6815,6812.5,2.74179e-05,0.00013709,2
6815,6820,6817.5,1.3709e-05,6.85448e-05,1
6820,6825,6822.5,2.74179e-05,0.00013709,2
6825,6830,6827.5,4.11269e-05,0.000205634,3
6830,6835,6832.5,1.3709e-05,6.85448e-05,1
6845,6850,6847.5,1.3709e-05,6.85448e-05,1
6850,6855,6852.5,1.3709e-05,6.85448e-05,1
6865,6870,6867.5,1.3709e-05,6.85448e-05,1
6870,6875,6872.5,4.11269e-05,0.000205634,3
6875,6880,6877.5,2.74179e-05,0.00013709,2
6880,6885,6882.5,2.74179e-05,0.00013709,2
6885,6890,6887.5,2.74179e-05,0.00013709,2
6890,6895,6892.5,1.3709e-05,6.85448e-05,1
6900,6905,6902.5,4.11269e-05,0.000205634,3
6905,6910,6907.5,1.3709e-05,6.85448e-05,1
6915,6920,6917.5,1.3709e-05,6.85448e-05,1
6920,6925,6922.5,2.74179e-05,0.00013709,2
6925,6930,6927.5,1.3709e-05,6.85448e-05,1
6930,6935,6932.5,1.3709e-05,6.85448e-05,1
6940,6945,6942.5,1.3709e-05,6.85448e-05,1
6950,6955,6952.5,1.3709e-05,6.85448e-05,1
6965,6970,6967.5,1.3709e-05,6.85448e-05,1
6970,6975,6972.5,1.3709e-05,6.85448e-05,1
6975,6980,6977.5,2.74179e-05,0.00013709,2
6990,6995,6992.5,1.3709e-05,6.85448e-05,1
6995,7000,6997.5,2.74179e-05,0.00013709,2
7000,7005,7002.5,1.3709e-05,6.85448e-05,1
7005,7010,7007.5,2.74179e-05,0.00013709,2
7010,7015,7012.5,1.3709e-05,6.85448e-05,1
7015,7020,7017.5,1.3709e-05,6.85448e-05,1
7020,7025,7022.5,4.11269e-05,0.000205634,3
7025,7030,7027.5,1.3709e-05,6.85448e-05,1
7030,7035,7032.5,2.74179e-05,0.00013709,2
7045,7050,7047.5,1.3709e-05,6.85448e-05,1
7050,7055,7052.5,2.74179e-05,0.00013709,2
7055,7060,7057.5,1.3709e-05,6.85448e-05,1
7060,7065,7062.5,1.3709e-05,6.85448e-05,1
7065,7070,7067.5,1.3709e-05,6.85448e-05,1
7070,7075,7072.5,1.3709e-05,6.85448e-05,1
7080,7085,7082.5,1.3709e-05,6.85448e-05,1
7090,7095,7092.5,2.74179e-05,0.00013709,2
7095,7100,7097.5,1.3709e-05,6.85448e-05,1
7100,7105,7102.5,2.74179e-05,0.00013709,2
7105,7110,7107.5,1.3709e-05,6.85448e-05,1
7110,7115,7112.5,1.3709e-05,6.85448e-05,1
7120,7125,7122.5,1.3709e-05,6.85448e-05,1
7125,7130,7127.5,1.3709e-05,6.85448e-05,1
7130,7135,7132.5,2.74179e-05,0.00013709,2
7135,7140,7137.5,4.11269e-05,0.000205634,3
7145,7150,7147.5,4.11269e-05,0.000205634,3
7150,7155,7152.5,1.3709e-05,6.85448e-05,1
7155,7160,7157.5,2.74179e-05,0.00013709,2
7160,7165,7162.5,2.74179e-05,0.00013709,2
7165,7170,7167.5,2.74179e-05,0.00013709,2
7170,7175,7172.5,1.3709e-05,6.85448e-05,1
7175,7180,7177.5,1.3709e-05,6.85448e-05,1
7195,7200,7197.5,2.74179e-05,0.00013709,2
7200,7205,7202.5,1.3709e-05,6.85448e-05,1
7210,7215,7212.5,1.3709e-05,6.85448e-05,1
7215,7220,7217.5,1.3709e-05,6.85448e-05,1
7220,7225,7222.5,2.74179e-05,0.00013709,2
7230,7235,7232.5,1.3709e-05,6.85448e-05,1
7240,7245,7242.5,2.74179e-05,0.00013709,2
7245,7250,7247.5,5.48358e-05,0.000274179,4
7255,7260,7257.5,2.74179e-05,0.00013709,2
7265,7270,7267.5,1.3709e-05,6.85448e-05,1
7275,7280,7277.5,1.3709e-05,6.85448e-05,1
7285,7290,7287.5,1.3709e-05,6.85448e-05,1
7290,7295,7292.5,1.3709e-05,6.85448e-05,1
7295,7300,7297.5,1.3709e-05,6.85448e-05,1
7310,7315,7312.5,1.3709e-05,6.85448e-05,1
7315,7320,7317.5,1.3709e-05,6.85448e-05,1
7320,7325,7322.5,1.3709e-05,6.85448e-05,1
7325,7330,7327.5,1.3709e-05,6.85448e-05,1
7345,7350,7347.5,2.74179e-05,0.00013709,2
7350,7355,7352.5,2.74179e-05,0.00013709,2
7355,7360,7357.5,1.3709e-05,6.85448e-05,1
7360,7365,7362.5,1.3709e-05,6.85448e-05,1
7365,7370,7367.5,1.3709e-05,6.85448e-05,1
7370,7375,7372.5,1.3709e-05,6.85448e-05,1
7380,7385,7382.5,2.74179e-05,0.00013709,2
7385,7390,7387.5,1.3709e-05,6.85448e-05,1
7390,7395,7392.5,1.3709e-05,6.85448e-05,1
7395,7400,7397.5,1.3709e-05,6.85448e-05,1
7410,7415,7412.5,1.3709e-05,6.85448e-05,1
7415,7420,7417.5,1.3709e-05,6.85448e-05,1
7420,7425,7422.5,1.3709e-05,6.85448e-05,1
7425,7430,7427.5,1.3709e-05,6.85448e-05,1
7440,7445,7442.5,1.3709e-05,6.85448e-05,1
7445,7450,7447.5,1.3709e-05,6.85448e-05,1
7450,7455,7452.5,1.3709e-05,6.85448e-05,1
7455,7460,7457.5,1.3709e-05,6.85448e-05,1
7460,7465,7462.5,1.3709e-05,6.85448e-05,1
7465,7470,7467.5,1.3709e-05,6.85448e-05,1
7470,7475,7472.5,4.11269e-05,0.000205634,3
7475,7480,7477.5,1.3709e-05,6.85448e-05,1
7485,7490,7487.5,4.11269e-05,0.000205634,3
7490,7495,7492.5,1.3709e-05,6.85448e-05,1
7495,7500,7497.5,1.3709e-05,6.85448e-05,1
7505,7510,7507.5,2.74179e-05,0.00013709,2
7510,7515,7512.5,2.74179e-05,0.00013709,2
7515,7520,7517.5,1.3709e-05,6.85448e-05,1
7520,7525,7522.5,1.3709e-05,6.85448e-05,1
7525,7530,7527.5,5.48358e-05,0.000274179,4
7530,7535,7532.5,5.48358e-05,0.000274179,4
7535,7540,7537.5,1.3709e-05,6.85448e-05,1
7545,7550,7547.5,5.48358e-05,0.000274179,4
7550,7555,7552.5,1.3709e-05,6.85448e-05,1
7555,7560,7557.5,1.3709e-05,6.85448e-05,1
7560,7565,7562.5,1.3709e-05,6.85448e-05,1
7570,7575,7572.5,1.3709e-05,6.85448e-05,1
7585,7590,7587.5,1.3709e-05,6.85448e-05,1
7595,7600,7597.5,2.74179e-05,0.00013709,2
7600,7605,7602.5,2.74179e-05,0.00013709,2
7605,7610,7607.5,1.3709e-05,6.85448e-05,1
7610,7615,7612.5,1.3709e-05,6.85448e-05,1
7620,7625,7622.5,1.3709e-05,6.85448e-05,1
7625,7630,7627.5,1.3709e-05,6.85448e-05,1
7630,7635,7632.5,1.3709e-05,6.85448e-05,1
7655,7660,7657.5,2.74179e-05,0.00013709,2
7660,7665,7662.5,4.11269e-05,0.000205634,3
7665,7670,7667.5,1.3709e-05,6.85448e-05,1
7670,7675,7672.5,2.74179e-05,0.00013709,2
7680,7685,7682.5,5.48358e-05,0.000274179,4
7690,7695,7692.5,2.74179e-05,0.00013709,2
7710,7715,7712.5,1.3709e-05,6.85448e-05,1
7715,7720,7717.5,2.74179e-05,0.00013709,2
7725,7730,7727.5,1.3709e-05,6.85448e-05,1
7735,7740,7737.5,1.3709e-05,6.85448e-05,1
7750,7755,7752.5,2.74179e-05,0.00013709,2
7760,7765,7762.5,1.3709e-05,6.85448e-05,1
7765,7770,7767.5,2.74179e-05,0.00013709,2
7770,7775,7772.5,1.3709e-05,6.85448e-05,1
7780,7785,7782.5,1.3709e-05,6.85448e-05,1
7785,7790,7787.5,2.74179e-05,0.00013709,2
7790,7795,7792.5,2.74179e-05,0.00013709,2
7795,7800,7797.5,1.3709e-05,6.85448e-05,1
7800,7805,7802.5,2.74179e-05,0.00013709,2
7805,7810,7807.5,1.3709e-05,6.85448e-05,1
7815,7820,7817.5,1.3709e-05,6.85448e-05,1
7820,7825,7822.5,4.11269e-05,0.000205634,3
7830,7835,7832.5,1.3709e-05,6.85448e-05,1
7835,7840,7837.5,1.3709e-05,6.85448e-05,1
7840,7845,7842.5,1.3709e-05,6.85448e-05,1
7855,7860,7857.5,2.74179e-05,0.00013709,2
7860,7865,7862.5,2.74179e-05,0.00013709,2
7865,7870,7867.5,1.3709e-05,6.85448e-05,1
7875,7880,7877.5,1.3709e-05,6.85448e-05,1
7885,7890,7887.5,2.74179e-05,0.00013709,2
7890,7895,7892.5,1.3709e-05,6.85448e-05,1
7900,7905,7902.5,4.11269e-05,0.000205634,3
7910,7915,7912.5,1.3709e-05,6.85448e-05,1
7915,7920,7917.5,1.3709e-05,6.85448e-05,1
7925,7930,7927.5,2.74179e-05,0.00013709,2
7930,7935,7932.5,1.3709e-05,6.85448e-05,1
7935,7940,7937.5,4.11269e-05,0.000205634,3
7940,7945,7942.5,2.74179e-05,0.00013709,2
7945,7950,7947.5,1.3709e-05,6.85448e-05,1
7950,7955,7952.5,1.3709e-05,6.85448e-05,1
7955,7960,7957.5,1.3709e-05,6.85448e-05,1
7960,7965,7962.5,2.74179e-05,0.00013709,2
7970,7975,7972.5,1.3709e-05,6.85448e-05,1
7975,7980,7977.5,1.3709e-05,6.85448e-05,1
7980,7985,7982.5,2.74179e-05,0.00013709,2
7985,7990,7987.5,1.3709e-05,6.85448e-05,1
7990,7995,7992.5,1.3709e-05,6.85448e-05,1
7995,8000,7997.5,1.3709e-05,6.85448e-05,1
8010,8015,8012.5,4.11269e-05,0.000205634,3
8020,8025,8022.5,2.74179e-05,0.00013709,2
8030,8035,8032.5,1.3709e-05,6.85448e-05,1
8040,8045,8042.5,1.3709e-05,6.85448e-05,1
8060,8065,8062.5,1.3709e-05,6.85448e-05,1
8065,8070,8067.5,1.3709e-05,6.85448e-05,1
8070,8075,8072.5,2.74179e-05,0.00013709,2
8100,8105,8102.5,2.74179e-05,0.00013709,2
8105,8110,8107.5,1.3709e-05,6.85448e-05,1
8110,8115,8112.5,4.11269e-05,0.000205634,3
8115,8120,8117.5,1.3709e-05,6.85448e-05,1
8120,8125,8122.5,1.3709e-05,6.85448e-05,1
8130,8135,8132.5,2.74179e-05,0.00013709,2
8135,8140,8137.5,1.3709e-05,6.85448e-05,1
8140,8145,8142.5,1.3709e-05,6.85448e-05,1
8150,8155,8152.5,1.3709e-05,6.85448e-05,1
8155,8160,8157.5,1.3709e-05,6.85448e-05,1
8175,8180,8177.5,1.3709e-05,6.85448e-05,1
8190,8195,8192.5,1.3709e-05,6.85448e-05,1
8195,8200,8197.5,1.3709e-05,6.85448e-05,1
8200,8205,8202.5,1.3709e-05,6.85448e-05,1
8205,8210,8207.5,2.74179e-05,0.00013709,2
8210,8215,8212.5,4.11269e-05,0.000205634,3
8220,8225,8222.5,1.3709e-05,6.85448e-05,1
8235,8240,8237.5,1.3709e-05,6.85448e-05,1
8240,8245,8242.5,1.3709e-05,6.85448e-05,1
8255,8260,8257.5,4.11269e-05,0.000205634,3
8265,8270,8267.5,1.3709e-05,6.85448e-05,1
8290,8295,8292.5,2.74179e-05,0.00013709,2
8295,8300,8297.5,1.3709e-05,6.85448e-05,1
8300,8305,8302.5,2.74179e-05,0.00013709,2
8310,8315,8312.5,2.74179e-05,0.00013709,2
8325,8330,8327.5,1.3709e-05,6.85448e-05,1
8335,8340,8337.5,1.3709e-05,6.85448e-05,1
8360,8365,8362.5,4.11269e-05,0.000205634,3
8375,8380,8377.5,2.74179e-05,0.00013709,2
8405,8410,8407.5,1.3709e-05,6.85448e-05,1
8415,8420,8417.5,1.3709e-05,6.85448e-05,1
8435,8440,8437.5,2.74179e-05,0.00013709,2
8445,8450,8447.5,1.3709e-05,6.85448e-05,1
8450,8455,8452.5,1.3709e-05,6.85448e-05,1
8455,8460,8457.5,1.3709e-05,6.85448e-05,1
8480,8485,8482.5,1.3709e-05,6.85448e-05,1
8485,8490,8487.5,2.74179e-05,0.00013709,2
8490,8495,8492.5,1.3709e-05,6.85448e-05,1
8495,8500,8497.5,1.3709e-05,6.85448e-05,1
8515,8520,8517.5,1.3709e-05,6.85448e-05,1
8525,8530,8527.5,1.3709e-05,6.85448e-05,1
8535,8540,8537.5,1.3709e-05,6.85448e-05,1
8540,8545,8542.5,1.3709e-05,6.85448e-05,1
8545,8550,8547.5,1.3709e-05,6.85448e-05,1
8550,8555,8552.5,2.74179e-05,0.00013709,2
8555,8560,8557.5,1.3709e-05,6.85448e-05,1
8560,8565,8562.5,2.74179e-05,0.00013709,2
8565,8570,8567.5,1.3709e-05,6.85448e-05,1
8570,8575,8572.5,1.3709e-05,6.85448e-05,1
8580,8585,8582.5,1.3709e-05,6.85448e-05,1
8585,8590,8587.5,1.3709e-05,6.85448e-05,1
8600,8605,8602.5,1.3709e-05,6.85448e-05,1
8605,8610,8607.5,1.3709e-05,6.85448e-05,1
8610,8615,8612.5,1.3709e-05,6.85448e-05,1
8620,8625,8622.5,1.3709e-05,6.85448e-05,1
8630,8635,8632.5,1.3709e-05,6.85448e-05,1
8635,8640,8637.5,2.74179e-05,0.00013709,2
8645,8650,8647.5,1.3709e-05,6.85448e-05,1
8650,8655,8652.5,1.3709e-05,6.85448e-05,1
8665,8670,8667.5,1.3709e-05,6.85448e-05,1
8670,8675,8672.5,1.3709e-05,6.85448e-05,1
8680,8685,8682.5,2.74179e-05,0.00013709,2
8690,8695,8692.5,2.74179e-05,0.00013709,2
8695,8700,8697.5,1.3709e-05,6.85448e-05,1
8705,8710,8707.5,2.74179e-05,0.00013709,2
8720,8725,8722.5,2.74179e-05,0.00013709,2
8725,8730,8727.5,4.11269e-05,0.000205634,3
8735,8740,8737.5,2.74179e-05,0.00013709,2
8740,8745,8742.5,1.3709e-05,6.85448e-05,1
8750,8755,8752.5,1.3709e-05,6.85448e-05,1
8760,8765,8762.5,1.3709e-05,6.85448e-05,1
8765,8770,8767.5,1.3709e-05,6.85448e-05,1
8775,8780,8777.5,1.3709e-05,6.85448e-05,1
8780,8785,8782.5,1.3709e-05,6.85448e-05,1
8790,8795,8792.5,2.74179e-05,0.00013709,2
8795,8800,8797.5,1.3709e-05,6.85448e-05,1
8805,8810,8807.5,1.3709e-05,6.85448e-05,1
8815,8820,8817.5,2.74179e-05,0.00013709,2
8820,8825,8822.5,1.3709e-05,6.85448e-05,1
8825,8830,8827.5,4.11269e-05,0.000205634,3
8830,8835,8832.5,1.3709e-05,6.85448e-05,1
8840,8845,8842.5,2.74179e-05,0.00013709,2
8845,8850,8847.5,4.11269e-05,0.000205634,3
8855,8860,8857.5,1.3709e-05,6.85448e-05,1
8870,8875,8872.5,1.3709e-05,6.85448e-05,1
8875,8880,8877.5,1.3709e-05,6.85448e-05,1
8880,8885,8882.5,1.3709e-05,6.85448e-05,1
8885,8890,8887.5,2.74179e-05,0.00013709,2
8890,8895,8892.5,1.3709e-05,6.85448e-05,1
8895,8900,8897.5,1.3709e-05,6.85448e-05,1
8905,8910,8907.5,2.74179e-05,0.00013709,2
8910,8915,8912.5,1.3709e-05,6.85448e-05,1
8935,8940,8937.5,1.3709e-05,6.85448e-05,1
8940,8945,8942.5,2.74179e-05,0.00013709,2
8945,8950,8947.5,1.3709e-05,6.85448e-05,1
8950,8955,8952.5,1.3709e-05,6.85448e-05,1
8955,8960,8957.5,2.74179e-05,0.00013709,2
8970,8975,8972.5,1.3709e-05,6.85448e-05,1
8975,8980,8977.5,1.3709e-05,6.85448e-05,1
8985,8990,8987.5,1.3709e-05,6.85448e-05,1
8990,8995,8992.5,1.3709e-05,6.85448e-05,1
8995,9000,8997.5,2.74179e-05,0.00013709,2
9005,9010,9007.5,1.3709e-05,6.85448e-05,1
9010,9015,9012.5,2.74179e-05,0.00013709,2
9035,9040,9037.5,2.74179e-05,0.00013709,2
9045,9050,9047.5,2.74179e-05,0.00013709,2
9055,9060,9057.5,1.3709e-05,6.85448e-05,1
9060,9065,9062.5,1.3709e-05,6.85448e-05,1
9065,9070,9067.5,1.3709e-05,6.85448e-05,1
9080,9085,9082.5,1.3709e-05,6.85448e-05,1
9085,9090,9087.5,1.3709e-05,6.85448e-05,1
9100,9105,9102.5,1.3709e-05,6.85448e-05,1
9105,9110,9107.5,2.74179e-05,0.00013709,2
9110,9115,9112.5,2.74179e-05,0.00013709,2
9115,9120,9117.5,2.74179e-05,0.00013709,2
9125,9130,9127.5,1.3709e-05,6.85448e-05,1
9130,9135,9132.5,2.74179e-05,0.00013709,2
9135,9140,9137.5,1.3709e-05,6.85448e-05,1
9140,9145,9142.5,1.3709e-05,6.85448e-05,1
9145,9150,9147.5,2.74179e-05,0.00013709,2
9155,9160,9157.5,1.3709e-05,6.85448e-05,1
9165,9170,9167.5,2.74179e-05,0.00013709,2
9175,9180,9177.5,1.3709e-05,6.85448e-05,1
9210,9215,9212.5,1.3709e-05,6.85448e-05,1
9215,9220,9217.5,2.74179e-05,0.00013709,2
9220,9225,9222.5,1.3709e-05,6.85448e-05,1
9230,9235,9232.5,1.3709e-05,6.85448e-05,1
9235,9240,9237.5,1.3709e-05,6.85448e-05,1
9245,9250,9247.5,1.3709e-05,6.85448e-05,1
9255,9260,9257.5,2.74179e-05,0.00013709,2
9260,9265,9262.5,1.3709e-05,6.85448e-05,1
9265,9270,9267.5,4.11269e-05,0.000205634,3
9270,9275,9272.5,1.3709e-05,6.85448e-05,1
9275,9280,9277.5,1.3709e-05,6.85448e-05,1
9280,9285,9282.5,1.3709e-05,6.85448e-05,1
9285,9290,9287.5,4.11269e-05,0.000205634,3
9300,9305,9302.5,2.74179e-05,0.00013709,2
9310,9315,9312.5,2.74179e-05,0.00013709,2
9320,9325,9322.5,5.48358e-05,0.000274179,4
9325,9330,9327.5,1.3709e-05,6.85448e-05,1
9340,9345,9342.5,2.74179e-05,0.00013709,2
9345,9350,9347.5,1.3709e-05,6.85448e-05,1
9370,9375,9372.5,1.3709e-05,6.85448e-05,1
9380,9385,9382.5,1.3709e-05,6.85448e-05,1
9390,9395,9392.5,1.3709e-05,6.85448e-05,1
9400,9405,9402.5,2.74179e-05,0.00013709,2
9405,9410,9407.5,1.3709e-05,6.85448e-05,1
9410,9415,9412.5,1.3709e-05,6.85448e-05,1
9420,9425,9422.5,1.3709e-05,6.85448e-05,1
9425,9430,9427.5,2.74179e-05,0.00013709,2
9430,9435,9432.5,1.3709e-05,6.85448e-05,1
9440,9445,9442.5,1.3709e-05,6.85448e-05,1
9455,9460,9457.5,1.3709e-05,6.85448e-05,1
9470,9475,9472.5,1.3709e-05,6.85448e-05,1
9475,9480,9477.5,2.74179e-05,0.00013709,2
9490,9495,9492.5,1.3709e-05,6.85448e-05,1
9495,9500,9497.5,2.74179e-05,0.00013709,2
9505,9510,9507.5,1.3709e-05,6.85448e-05,1
9515,9520,9517.5,1.3709e-05,6.85448e-05,1
9520,9525,9522.5,1.3709e-05,6.85448e-05,1
9545,9550,9547.5,1.3709e-05,6.85448e-05,1
9550,9555,9552.5,4.11269e-05,0.000205634,3
9555,9560,9557.5,2.74179e-05,0.00013709,2
9585,9590,9587.5,1.3709e-05,6.85448e-05,1
9590,9595,9592.5,1.3709e-05,6.85448e-05,1
9600,9605,9602.5,2.74179e-05,0.00013709,2
9605,9610,9607.5,1.3709e-05,6.85448e-05,1
9620,9625,9622.5,1.3709e-05,6.85448e-05,1
9625,9630,9627.5,2.74179e-05,0.00013709,2
9635,9640,9637.5,2.74179e-05,0.00013709,2
9655,9660,9657.5,1.3709e-05,6.85448e-05,1
9670,9675,9672.5,4.11269e-05,0.000205634,3
9690,9695,9692.5,1.3709e-05,6.85448e-05,1
9700,9705,9702.5,5.48358e-05,0.000274179,4
9705,9710,9707.5,1.3709e-05,6.85448e-05,1
9715,9720,9717.5,1.3709e-05,6.85448e-05,1
9730,9735,9732.5,1.3709e-05,6.85448e-05,1
9735,9740,9737.5,2.74179e-05,0.00013709,2
9740,9745,9742.5,1.3709e-05,6.85448e-05,1
9765,9770,9767.5,1.3709e-05,6.85448e-05,1
9770,9775,9772.5,1.3709e-05,6.85448e-05,1
9775,9780,9777.5,2.74179e-05,0.00013709,2
9785,9790,9787.5,1.3709e-05,6.85448e-05,1
9795,9800,9797.5,1.3709e-05,6.85448e-05,1
9800,9805,9802.5,1.3709e-05,6.85448e-05,1
9805,9810,9807.5,1.3709e-05,6.85448e-05,1
9835,9840,9837.5,2.74179e-05,0.00013709,2
9840,9845,9842.5,2.74179e-05,0.00013709,2
9845,9850,9847.5,1.3709e-05,6.85448e-05,1
9850,9855,9852.5,4.11269e-05,0.000205634,3
9865,9870,9867.5,2.74179e-05,0.00013709,2
9885,9890,9887.5,2.74179e-05,0.00013709,2
9905,9910,9907.5,1.3709e-05,6.85448e-05,1
9920,9925,9922.5,1.3709e-05,6.85448e-05,1
9925,9930,9927.5,1.3709e-05,6.85448e-05,1
9950,9955,9952.5,1.3709e-05,6.85448e-05,1
9955,9960,9957.5,1.3709e-05,6.85448e-05,1
9965,9970,9967.5,2.74179e-05,0.00013709,2
9975,9980,9977.5,1.3709e-05,6.85448e-05,1
9990,9995,9992.5,1.3709e-05,6.85448e-05,1
10005,10010,10007.5,1.3709e-05,6.85448e-05,1
10010,10015,10012.5,2.74179e-05,0.00013709,2
10015,10020,10017.5,1.3709e-05,6.85448e-05,1
10030,10035,10032.5,1.3709e-05,6.85448e-05,1
10035,10040,10037.5,1.3709e-05,6.85448e-05,1
10040,10045,10042.5,2.74179e-05,0.00013709,2
10045,10050,10047.5,1.3709e-05,6.85448e-05,1
10055,10060,10057.5,1.3709e-05,6.85448e-05,1
10075,10080,10077.5,4.11269e-05,0.000205634,3
10080,10085,10082.5,2.74179e-05,0.00013709,2
10095,10100,10097.5,1.3709e-05,6.85448e-05,1
10105,10110,10107.5,1.3709e-05,6.85448e-05,1
10115,10120,10117.5,1.3709e-05,6.85448e-05,1
10145,10150,10147.5,2.74179e-05,0.00013709,2
10155,10160,10157.5,1.3709e-05,6.85448e-05,1
10170,10175,10172.5,1.3709e-05,6.85448e-05,1
10175,10180,10177.5,2.74179e-05,0.00013709,2
10180,10185,10182.5,2.74179e-05,0.00013709,2
10190,10195,10192.5,1.3709e-05,6.85448e-05,1
10205,10210,10207.5,4.11269e-05,0.000205634,3
10255,10260,10257.5,1.3709e-05,6.85448e-05,1
10280,10285,10282.5,1.3709e-05,6.85448e-05,1
10285,10290,10287.5,1.3709e-05,6.85448e-05,1
10295,10300,10297.5,1.3709e-05,6.85448e-05,1
10300,10305,10302.5,1.3709e-05,6.85448e-05,1
10310,10315,10312.5,1.3709e-05,6.85448e-05,1
10315,10320,10317.5,2.74179e-05,0.00013709,2
10325,10330,10327.5,1.3709e-05,6.85448e-05,1
10360,10365,10362.5,1.3709e-05,6.85448e-05,1
10375,10380,10377.5,2.74179e-05,0.00013709,2
10380,10385,10382.5,1.3709e-05,6.85448e-05,1
10385,10390,10387.5,1.3709e-05,6.85448e-05,1
10390,10395,10392.5,1.3709e-05,6.85448e-05,1
10395,10400,10397.5,1.3709e-05,6.85448e-05,1
10420,10425,10422.5,2.74179e-05,0.00013709,2
10425,10430,10427.5,2.74179e-05,0.00013709,2
10445,10450,10447.5,1.3709e-05,6.85448e-05,1
10450,10455,10452.5,1.3709e-05,6.85448e-05,1
10455,10460,10457.5,1.3709e-05,6.85448e-05,1
10480,10485,10482.5,1.3709e-05,6.85448e-05,1
10485,10490,10487.5,1.3709e-05,6.85448e-05,1
10490,10495,10492.5,1.3709e-05,6.85448e-05,1
10540,10545,10542.5,1.3709e-05,6.85448e-05,1
10555,10560,10557.5,2.74179e-05,0.00013709,2
10565,10570,10567.5,1.3709e-05,6.85448e-05,1
10570,10575,10572.5,1.3709e-05,6.85448e-05,1
10575,10580,10577.5,1.3709e-05,6.85448e-05,1
10590,10595,10592.5,1.3709e-05,6.85448e-05,1
10595,10600,10597.5,1.3709e-05,6.85448e-05,1
10615,10620,10617.5,1.3709e-05,6.85448e-05,1
10620,10625,10622.5,1.3709e-05,6.85448e-05,1
10640,10645,10642.5,1.3709e-05,6.85448e-05,1
10655,10660,10657.5,1.3709e-05,6.85448e-05,1
10660,10665,10662.5,1.3709e-05,6.85448e-05,1
10665,10670,10667.5,2.74179e-05,0.00013709,2
10670,10675,10672.5,1.3709e-05,6.85448e-05,1
10690,10695,10692.5,1.3709e-05,6.85448e-05,1
10695,10700,10697.5,1.3709e-05,6.85448e-05,1
10705,10710,10707.5,1.3709e-05,6.85448e-05,1
10710,10715,10712.5,1.3709e-05,6.85448e-05,1
10725,10730,10727.5,1.3709e-05,6.85448e-05,1
10755,10760,10757.5,1.3709e-05,6.85448e-05,1
10775,10780,10777.5,1.3709e-05,6.85448e-05,1
10785,10790,10787.5,1.3709e-05,6.85448e-05,1
10805,10810,10807.5,2.74179e-05,0.00013709,2
10830,10835,10832.5,1.3709e-05,6.85448e-05,1
10835,10840,10837.5,1.3709e-05,6.85448e-05,1
10860,10865,10862.5,1.3709e-05,6.85448e-05,1
10875,10880,10877.5,1.3709e-05,6.85448e-05,1
10880,10885,10882.5,2.74179e-05,0.00013709,2
10885,10890,10887.5,4.11269e-05,0.000205634,3
10890,10895,10892.5,1.3709e-05,6.85448e-05,1
10895,10900,10897.5,1.3709e-05,6.85448e-05,1
10905,10910,10907.5,2.74179e-05,0.00013709,2
10910,10915,10912.5,1.3709e-05,6.85448e-05,1
10940,10945,10942.5,1.3709e-05,6.85448e-05,1
10945,10950,10947.5,1.3709e-05,6.85448e-05,1
10975,10980,10977.5,2.74179e-05,0.00013709,2
10995,11000,10997.5,2.74179e-05,0.00013709,2
11005,11010,11007.5,1.3709e-05,6.85448e-05,1
11010,11015,11012.5,2.74179e-05,0.00013709,2
11025,11030,11027.5,1.3709e-05,6.85448e-05,1
11030,11035,11032.5,1.3709e-05,6.85448e-05,1
11040,11045,11042.5,1.3709e-05,6.85448e-05,1
11045,11050,11047.5,1.3709e-05,6.85448e-05,1
11060,11065,11062.5,2.74179e-05,0.00013709,2
11065,11070,11067.5,2.74179e-05,0.00013709,2
11085,11090,11087.5,1.3709e-05,6.85448e-05,1
11100,11105,11102.5,1.3709e-05,6.85448e-05,1
11115,11120,11117.5,1.3709e-05,6.85448e-05,1
11135,11140,11137.5,2.74179e-05,0.00013709,2
11140,11145,11142.5,1.3709e-05,6.85448e-05,1
11155,11160,11157.5,1.3709e-05,6.85448e-05,1
11170,11175,11172.5,1.3709e-05,6.85448e-05,1
11175,11180,11177.5,1.3709e-05,6.85448e-05,1
11180,11185,11182.5,1.3709e-05,6.85448e-05,1
11195,11200,11197.5,1.3709e-05,6.85448e-05,1
11210,11215,11212.5,1.3709e-05,6.85448e-05,1
11220,11225,11222.5,1.3709e-05,6.85448e-05,1
11230,11235,11232.5,1.3709e-05,6.85448e-05,1
11235,11240,11237.5,1.3709e-05,6.85448e-05,1
11290,11295,11292.5,1.3709e-05,6.85448e-05,1
11295,11300,11297.5,1.3709e-05,6.85448e-05,1
11300,11305,11302.5,1.3709e-05,6.85448e-05,1
11315,11320,11317.5,1.3709e-05,6.85448e-05,1
11320,11325,11322.5,1.3709e-05,6.85448e-05,1
11325,11330,11327.5,2.74179e-05,0.00013709,2
11360,11365,11362.5,1.3709e-05,6.85448e-05,1
11365,11370,11367.5,1.3709e-05,6.85448e-05,1
11375,11380,11377.5,1.3709e-05,6.85448e-05,1
11385,11390,11387.5,1.3709e-05,6.85448e-05,1
11400,11405,11402.5,2.74179e-05,0.00013709,2
11440,11445,11442.5,1.3709e-05,6.85448e-05,1
11455,11460,11457.5,1.3709e-05,6.85448e-05,1
11495,11500,11497.5,4.11269e-05,0.000205634,3
11500,11505,11502.5,1.3709e-05,6.85448e-05,1
11520,11525,11522.5,1.3709e-05,6.85448e-05,1
11525,11530,11527.5,1.3709e-05,6.85448e-05,1
11530,11535,11532.5,1.3709e-05,6.85448e-05,1
11535,11540,11537.5,1.3709e-05,6.85448e-05,1
11545,11550,11547.5,2.74179e-05,0.00013709,2
11555,11560,11557.5,1.3709e-05,6.85448e-05,1
11575,11580,11577.5,1.3709e-05,6.85448e-05,1
11590,11595,11592.5,1.3709e-05,6.85448e-05,1
11600,11605,11602.5,1.3709e-05,6.85448e-05,1
11610,11615,11612.5,1.3709e-05,6.85448e-05,1
11630,11635,11632.5,1.3709e-05,6.85448e-05,1
11635,11640,11637.5,1.3709e-05,6.85448e-05,1
11670,11675,11672.5,1.3709e-05,6.85448e-05,1
11690,11695,11692.5,2.74179e-05,0.00013709,2
11700,11705,11702.5,1.3709e-05,6.85448e-05,1
11725,11730,11727.5,2.74179e-05,0.00013709,2
11730,11735,11732.5,1.3709e-05,6.85448e-05,1
11740,11745,11742.5,1.3709e-05,6.85448e-05,1
11750,11755,11752.5,1.3709e-05,6.85448e-05,1
11755,11760,11757.5,1.3709e-05,6.85448e-05,1
11775,11780,11777.5,1.3709e-05,6.85448e-05,1
11780,11785,11782.5,1.3709e-05,6.85448e-05,1
11785,11790,11787.5,1.3709e-05,6.85448e-05,1
11825,11830,11827.5,1.3709e-05,6.85448e-05,1
11835,11840,11837.5,1.3709e-05,6.85448e-05,1
11845,11850,11847.5,1.3709e-05,6.85448e-05,1
11855,11860,11857.5,1.3709e-05,6.85448e-05,1
11875,11880,11877.5,1.3709e-05,6.85448e-05,1
11880,11885,11882.5,1.3709e-05,6.85448e-05,1
11900,11905,11902.5,1.3709e-05,6.85448e-05,1
11905,11910,11907.5,1.3709e-05,6.85448e-05,1
11915,11920,11917.5,1.3709e-05,6.85448e-05,1
11920,11925,11922.5,1.3709e-05,6.85448e-05,1
11930,11935,11932.5,1.3709e-05,6.85448e-05,1
11940,11945,11942.5,1.3709e-05,6.85448e-05,1
11955,11960,11957.5,4.11269e-05,0.000205634,3
11965,11970,11967.5,1.3709e-05,6.85448e-05,1
11970,11975,11972.5,1.3709e-05,6.85448e-05,1
11980,11985,11982.5,1.3709e-05,6.85448e-05,1
11990,11995,11992.5,1.3709e-05,6.85448e-05,1
12025,12030,12027.5,1.3709e-05,6.85448e-05,1
12050,12055,12052.5,1.3709e-05,6.85448e-05,1
12055,12060,12057.5,1.3709e-05,6.85448e-05,1
12120,12125,12122.5,2.74179e-05,0.00013709,2
12145,12150,12147.5,1.3709e-05,6.85448e-05,1
12210,12215,12212.5,1.3709e-05,6.85448e-05,1
12220,12225,12222.5,1.3709e-05,6.85448e-05,1
12245,12250,12247.5,1.3709e-05,6.85448e-05,1
12270,12275,12272.5,2.74179e-05,0.00013709,2
12275,12280,12277.5,1.3709e-05,6.85448e-05,1
12290,12295,12292.5,1.3709e-05,6.85448e-05,1
12295,12300,12297.5,1.3709e-05,6.85448e-05,1
12300,12305,12302.5,1.3709e-05,6.85448e-05,1
12320,12325,12322.5,1.3709e-05,6.85448e-05,1
12380,12385,12382.5,1.3709e-05,6.85448e-05,1
12390,12395,12392.5,1.3709e-05,6.85448e-05,1
12415,12420,12417.5,1.3709e-05,6.85448e-05,1
12420,12425,12422.5,1.3709e-05,6.85448e-05,1
12450,12455,12452.5,1.3709e-05,6.85448e-05,1
12490,12495,12492.5,1.3709e-05,6.85448e-05,1
12575,12580,12577.5,1.3709e-05,6.85448e-05,1
12600,12605,12602.5,1.3709e-05,6.85448e-05,1
12605,12610,12607.5,2.74179e-05,0.00013709,2
12660,12665,12662.5,1.3709e-05,6.85448e-05,1
12675,12680,12677.5,1.3709e-05,6.85448e-05,1
12690,12695,12692.5,1.3709e-05,6.85448e-05,1
12695,12700,12697.5,1.3709e-05,6.85448e-05,1
12710,12715,12712.5,1.3709e-05,6.85448e-05,1
12715,12720,12717.5,1.3709e-05,6.85448e-05,1
12735,12740,12737.5,1.3709e-05,6.85448e-05,1
12755,12760,12757.5,1.3709e-05,6.85448e-05,1
12805,12810,12807.5,1.3709e-05,6.85448e-05,1
12860,12865,12862.5,1.3709e-05,6.85448e-05,1
12875,12880,12877.5,1.3709e-05,6.85448e-05,1
12885,12890,12887.5,1.3709e-05,6.85448e-05,1
12895,12900,12897.5,1.3709e-05,6.85448e-05,1
12920,12925,12922.5,1.3709e-05,6.85448e-05,1
12930,12935,12932.5,1.3709e-05,6.85448e-05,1
12950,12955,12952.5,1.3709e-05,6.85448e-05,1
12980,12985,12982.5,1.3709e-05,6.85448e-05,1
13015,13020,13017.5,1.3709e-05,6.85448e-05,1
13055,13060,13057.5,1.3709e-05,6.85448e-05,1
13065,13070,13067.5,1.3709e-05,6.85448e-05,1
13230,13235,13232.5,1.3709e-05,6.85448e-05,1
13235,13240,13237.5,1.3709e-05,6.85448e-05,1
13260,13265,13262.5,1.3709e-05,6.85448e-05,1
13285,13290,13287.5,1.3709e-05,6.85448e-05,1
13300,13305,13302.5,1.3709e-05,6.85448e-05,1
13320,13325,13322.5,1.3709e-05,6.85448e-05,1
13335,13340,13337.5,1.3709e-05,6.85448e-05,1
13385,13390,13387.5,4.11269e-05,0.000205634,3
13480,13485,13482.5,1.3709e-05,6.85448e-05,1
13485,13490,13487.5,1.3709e-05,6.85448e-05,1
13490,13495,13492.5,1.3709e-05,6.85448e-05,1
13535,13540,13537.5,1.3709e-05,6.85448e-05,1
13580,13585,13582.5,1.3709e-05,6.85448e-05,1
13590,13595,13592.5,1.3709e-05,6.85448e-05,1
13605,13610,13607.5,1.3709e-05,6.85448e-05,1
13630,13635,13632.5,1.3709e-05,6.85448e-05,1
13635,13640,13637.5,1.3709e-05,6.85448e-05,1
13645,13650,13647.5,1.3709e-05,6.85448e-05,1
13660,13665,13662.5,1.3709e-05,6.85448e-05,1
13670,13675,13672.5,1.3709e-05,6.85448e-05,1
13705,13710,13707.5,1.3709e-05,6.85448e-05,1
13730,13735,13732.5,1.3709e-05,6.85448e-05,1
13810,13815,13812.5,1.3709e-05,6.85448e-05,1
13815,13820,13817.5,1.3709e-05,6.85448e-05,1
13825,13830,13827.5,1.3709e-05,6.85448e-05,1
13880,13885,13882.5,1.3709e-05,6.85448e-05,1
13940,13945,13942.5,1.3709e-05,6.85448e-05,1
13965,13970,13967.5,1.3709e-05,6.85448e-05,1
13980,13985,13982.5,1.3709e-05,6.85448e-05,1
13995,14000,13997.5,2.74179e-05,0.00013709,2
14075,14080,14077.5,1.3709e-05,6.85448e-05,1
14080,14085,14082.5,1.3709e-05,6.85448e-05,1
14105,14110,14107.5,1.3709e-05,6.85448e-05,1
14125,14130,14127.5,1.3709e-05,6.85448e-05,1
14130,14135,14132.5,1.3709e-05,6.85448e-05,1
14235,14240,14237.5,1.3709e-05,6.85448e-05,1
14250,14255,14252.5,1.3709e-05,6.85448e-05,1
14375,14380,14377.5,1.3709e-05,6.85448e-05,1
14380,14385,14382.5,1.3709e-05,6.85448e-05,1
14390,14395,14392.5,1.3709e-05,6.85448e-05,1
14450,14455,14452.5,1.3709e-05,6.85448e-05,1
14495,14500,14497.5,1.3709e-05,6.85448e-05,1
14585,14590,14587.5,1.3709e-05,6.85448e-05,1
14600,14605,14602.5,1.3709e-05,6.85448e-05,1
14775,14780,14777.5,1.3709e-05,6.85448e-05,1
14895,14900,14897.5,1.3709e-05,6.85448e-05,1
14900,14905,14902.5,1.3709e-05,6.85448e-05,1
14975,14980,14977.5,1.3709e-05,6.85448e-05,1
15000,15005,15002.5,1.3709e-05,6.85448e-05,1
15025,15030,15027.5,1.3709e-05,6.85448e-05,1
15030,15035,15032.5,1.3709e-05,6.85448e-05,1
15125,15130,15127.5,1.3709e-05,6.85448e-05,1
15145,15150,15147.5,1.3709e-05,6.85448e-05,1
15160,15165,15162.5,1.3709e-05,6.85448e-05,1
15195,15200,15197.5,1.3709e-05,6.85448e-05,1
15290,15295,15292.5,1.3709e-05,6.85448e-05,1
15310,15315,15312.5,1.3709e-05,6.85448e-05,1
15320,15325,15322.5,1.3709e-05,6.85448e-05,1
15325,15330,15327.5,1.3709e-05,6.85448e-05,1
15330,15335,15332.5,1.3709e-05,6.85448e-05,1
15350,15355,15352.5,1.3709e-05,6.85448e-05,1
15500,15505,15502.5,1.3709e-05,6.85448e-05,1
15530,15535,15532.5,1.3709e-05,6.85448e-05,1
15685,15690,15687.5,1.3709e-05,6.85448e-05,1
15735,15740,15737.5,1.3709e-05,6.85448e-05,1
16020,16025,16022.5,1.3709e-05,6.85448e-05,1
16370,16375,16372.5,1.3709e-05,6.85448e-05,1
16410,16415,16412.5,1.3709e-05,6.85448e-05,1
16515,16520,16517.5,1.3709e-05,6.85448e-05,1
16685,16690,16687.5,1.3709e-05,6.85448e-05,1
16895,16900,16897.5,1.3709e-05,6.85448e-05,1
16945,16950,16947.5,1.3709e-05,6.85448e-05,1
17170,17175,17172.5,1.3709e-05,6.85448e-05,1
17190,17195,17192.5,1.3709e-05,6.85448e-05,1
17420,17425,17422.5,1.3709e-05,6.85448e-05,1
17575,17580,17577.5,1.3709e-05,6.85448e-05,1
17830,17835,17832.5,1.3709e-05,6.85448e-05,1
18150,18155,18152.5,1.3709e-05,6.85448e-05,1
18825,18830,18827.5,1.3709e-05,6.85448e-05,1
19340,19345,19342.5,1.3709e-05,6.85448e-05,1
20130,20135,20132.5,1.3709e-05,6.85448e-05,1
VO Delay PDF CSV saved: /home/nathanlo/ns-3.45/scratch/delay_pdf/11be/adaptive_compare_burst/edca_k0_s2.csv

--- EXTENDED_STATS_BEGIN ---
PEDCA_STA_SUCC_COUNT: 0
PEDCA_STA_FAIL_COUNT: 0
PEDCA_STA_ZERO_RETX: 0
LEGACY_STA_SUCC_COUNT: 14589
LEGACY_STA_FAIL_COUNT: 776
LEGACY_STA_ZERO_RETX: 14589
LEGACY_STA_AVG_MAC_DELAY: 2259.09
LEGACY_STA_AVG_QUEUE_DELAY: 1968.44
LEGACY_STA_AVG_ACCESS_DELAY: 290.65
--- EXTENDED_STATS_END ---
