[INFO] std::clog redirected to: /dev/null

--- Per-STA P-EDCA Detail ---
  STA0: DS-CTS=38 S2Entry=38 S2Tx=23 PedcaOK=19 EdcaOK=77 FailCTS=2 FailColl=2 FailExp=0 Defer=0
  STA1: DS-CTS=10 S2Entry=10 S2Tx=7 PedcaOK=6 EdcaOK=92 FailCTS=0 FailColl=1 FailExp=0 Defer=0
  STA2: DS-CTS=68 S2Entry=68 S2Tx=49 PedcaOK=46 EdcaOK=223 FailCTS=1 FailColl=2 FailExp=0 Defer=0
  STA3: DS-CTS=5 S2Entry=5 S2Tx=5 PedcaOK=4 EdcaOK=47 FailCTS=1 FailColl=0 FailExp=0 Defer=0
  STA4: DS-CTS=21 S2Entry=21 S2Tx=15 PedcaOK=14 EdcaOK=311 FailCTS=1 FailColl=0 FailExp=0 Defer=0
  STA5: DS-CTS=60 S2Entry=60 S2Tx=44 PedcaOK=40 EdcaOK=114 FailCTS=0 FailColl=4 FailExp=0 Defer=0
  STA6: DS-CTS=9 S2Entry=9 S2Tx=9 PedcaOK=8 EdcaOK=352 FailCTS=1 FailColl=0 FailExp=0 Defer=0
  STA7: DS-CTS=68 S2Entry=68 S2Tx=45 PedcaOK=43 EdcaOK=265 FailCTS=0 FailColl=2 FailExp=0 Defer=0
  STA8: DS-CTS=61 S2Entry=61 S2Tx=50 PedcaOK=48 EdcaOK=262 FailCTS=1 FailColl=1 FailExp=0 Defer=0
  STA9: DS-CTS=95 S2Entry=95 S2Tx=66 PedcaOK=62 EdcaOK=181 FailCTS=1 FailColl=3 FailExp=0 Defer=0
  STA10: DS-CTS=17 S2Entry=17 S2Tx=15 PedcaOK=15 EdcaOK=215 FailCTS=0 FailColl=0 FailExp=0 Defer=0
  STA11: DS-CTS=77 S2Entry=77 S2Tx=53 PedcaOK=51 EdcaOK=161 FailCTS=1 FailColl=1 FailExp=0 Defer=0
  STA12: DS-CTS=23 S2Entry=23 S2Tx=15 PedcaOK=14 EdcaOK=247 FailCTS=1 FailColl=0 FailExp=0 Defer=0
  STA13: DS-CTS=39 S2Entry=39 S2Tx=28 PedcaOK=25 EdcaOK=251 FailCTS=2 FailColl=1 FailExp=0 Defer=0
  STA14: DS-CTS=61 S2Entry=61 S2Tx=44 PedcaOK=37 EdcaOK=175 FailCTS=3 FailColl=4 FailExp=0 Defer=0
  STA15: DS-CTS=10 S2Entry=10 S2Tx=8 PedcaOK=7 EdcaOK=331 FailCTS=1 FailColl=0 FailExp=0 Defer=0
  STA16: DS-CTS=3 S2Entry=3 S2Tx=3 PedcaOK=2 EdcaOK=3 FailCTS=1 FailColl=0 FailExp=0 Defer=0
  STA17: DS-CTS=1 S2Entry=1 S2Tx=1 PedcaOK=0 EdcaOK=3 FailCTS=1 FailColl=0 FailExp=0 Defer=0
  STA18: DS-CTS=88 S2Entry=88 S2Tx=61 PedcaOK=53 EdcaOK=174 FailCTS=2 FailColl=6 FailExp=0 Defer=0
  STA19: DS-CTS=17 S2Entry=17 S2Tx=15 PedcaOK=15 EdcaOK=123 FailCTS=0 FailColl=0 FailExp=0 Defer=0
  STA20: DS-CTS=73 S2Entry=73 S2Tx=56 PedcaOK=52 EdcaOK=231 FailCTS=1 FailColl=3 FailExp=0 Defer=0
  STA21: DS-CTS=65 S2Entry=65 S2Tx=47 PedcaOK=42 EdcaOK=128 FailCTS=2 FailColl=3 FailExp=0 Defer=0
  STA22: DS-CTS=42 S2Entry=42 S2Tx=32 PedcaOK=27 EdcaOK=188 FailCTS=2 FailColl=3 FailExp=0 Defer=8
  STA23: DS-CTS=3 S2Entry=3 S2Tx=3 PedcaOK=3 EdcaOK=2 FailCTS=0 FailColl=0 FailExp=0 Defer=0
  STA24: DS-CTS=7 S2Entry=7 S2Tx=5 PedcaOK=5 EdcaOK=14 FailCTS=0 FailColl=0 FailExp=0 Defer=0
  STA25: DS-CTS=39 S2Entry=39 S2Tx=27 PedcaOK=23 EdcaOK=321 FailCTS=2 FailColl=2 FailExp=0 Defer=0
  STA26: DS-CTS=1 S2Entry=1 S2Tx=1 PedcaOK=0 EdcaOK=6 FailCTS=1 FailColl=0 FailExp=0 Defer=0
  STA27: DS-CTS=1 S2Entry=1 S2Tx=1 PedcaOK=0 EdcaOK=5 FailCTS=1 FailColl=0 FailExp=0 Defer=0
  STA28: DS-CTS=91 S2Entry=91 S2Tx=51 PedcaOK=47 EdcaOK=248 FailCTS=1 FailColl=3 FailExp=0 Defer=0
  STA29: DS-CTS=39 S2Entry=39 S2Tx=25 PedcaOK=22 EdcaOK=158 FailCTS=1 FailColl=2 FailExp=0 Defer=0

=== General Statistics ===
P-EDCA Ratio: 1
P-EDCA STAs: 30/30
P-EDCA Share (Avg Per-STA P-EDCA Tx/Total Tx): 15.1286 %
Avg P-EDCA Attempt Success Rate: 61.6959 %
Global P-EDCA Tx Success: 730
Global EDCA Tx Success: 4908
Global P-EDCA Attempt (DS-CTS Sent): 1132

--- P-EDCA Detailed Trace ---
Stage 2 Entered: 1132
Stage 2 TX Started: 804
P-EDCA Fail RTS No CTS: 31
P-EDCA Fail RTS Collision: 43
P-EDCA Fail Timing Expired: 0
P-EDCA Fail Deferral: 8
Total VO TX (P-EDCA+EDCA): 5638
Global P-EDCA Share: 12.9479 %
Global EDCA Share: 87.0521 %
Channel Idle Time (AP): 27.1285 % (813854 us / 3e+06 us)
Total Successes:       5861
Total Failures:        60
Total Retransmissions: 5

--- Per-AC Success Statistics ---
AC_BE:
  Successes:         45
  Throughput:        0.12 Mbps
  Packet Loss:       28.5714 %
  Avg Retx/MPDU:     0
  Avg Queue Delay:   -1.1645e+06 us (Enqueue->TxStart)
  Avg Access Delay:  1.2974e+06 us (TxStart->Ack)
  Avg MAC Delay:     132897 us (Total: Enqueue->Ack)

AC_VO:
  Successes:         5816
  Throughput:        15.5093 Mbps
  Packet Loss:       0.716968 %
  Avg Retx/MPDU:     0.000859697
  Avg Queue Delay:   1745.18 us (Enqueue->TxStart)
  Avg Access Delay:  288.843 us (TxStart->Ack)
  Avg MAC Delay:     2034.02 us (Total: Enqueue->Ack)

--- Per-AC Failure Statistics ---
AC_BE Failures: 18
AC_VO Failures: 42

--- Failure Reasons by AC ---
  AC_BE EXPIRED_LIFETIME: 18
  AC_VO RETRY_LIMIT: 42


=== Extended P-EDCA vs Legacy Statistics ===

--- [Stat 1] Delay by STA Type ---
P-EDCA STAs (30 STAs):
  Successes:         5816
  Failures:          42
  Throughput:        15.5093 Mbps
  Packet Loss:       0.716968 %
  Avg Queue Delay:   1745.18 us
  Avg Access Delay:  288.843 us
  Avg MAC Delay:     2034.02 us
  Median MAC Delay:  1216 us
  P95 MAC Delay:     6218 us
  P99 MAC Delay:     12753 us
Legacy EDCA STAs (0 STAs):
  Successes:         0
  Failures:          0
  Throughput:        0 Mbps
  Packet Loss:       0 %
  Avg Queue Delay:   0 us
  Avg Access Delay:  0 us
  Avg MAC Delay:     0 us

--- [Stat 2] Per-STA P-EDCA Attempt Count (DS-CTS Sent) ---
  STA0: 38 P-EDCA attempts
  STA1: 10 P-EDCA attempts
  STA2: 68 P-EDCA attempts
  STA3: 5 P-EDCA attempts
  STA4: 21 P-EDCA attempts
  STA5: 60 P-EDCA attempts
  STA6: 9 P-EDCA attempts
  STA7: 68 P-EDCA attempts
  STA8: 61 P-EDCA attempts
  STA9: 95 P-EDCA attempts
  STA10: 17 P-EDCA attempts
  STA11: 77 P-EDCA attempts
  STA12: 23 P-EDCA attempts
  STA13: 39 P-EDCA attempts
  STA14: 61 P-EDCA attempts
  STA15: 10 P-EDCA attempts
  STA16: 3 P-EDCA attempts
  STA17: 1 P-EDCA attempts
  STA18: 88 P-EDCA attempts
  STA19: 17 P-EDCA attempts
  STA20: 73 P-EDCA attempts
  STA21: 65 P-EDCA attempts
  STA22: 42 P-EDCA attempts
  STA23: 3 P-EDCA attempts
  STA24: 7 P-EDCA attempts
  STA25: 39 P-EDCA attempts
  STA26: 1 P-EDCA attempts
  STA27: 1 P-EDCA attempts
  STA28: 91 P-EDCA attempts
  STA29: 39 P-EDCA attempts
  Total: 1132 P-EDCA attempts across 30 P-EDCA STAs
  Avg per P-EDCA STA: 37.7333

--- [Stat 3] P-EDCA One-Shot Success Probability ---
  P-EDCA Success / DS-CTS Sent:      730 / 1132 = 64.4876 %
  P-EDCA Success / Stage2 TX Started: 730 / 804 = 90.796 %  (given RTS was actually sent)

--- [Stat 4] EDCA One-Shot Success Ratio (0 retransmissions) ---
  Legacy STAs: 0 / 0 = 0 %
  P-EDCA STAs: 5811 / 5816 = 99.914 %  (MAC-level, includes both P-EDCA and EDCA paths)

--- [Stat 5] P-EDCA Kickback-to-EDCA Probability ---
  Total P-EDCA Failures: 82 / 1132 DS-CTS = 7.24382 %
    RTS No CTS:       31 (2.73852 %)
    RTS Collision:    43 (3.79859 %)
    Timing Expired:   0 (0 %)
    Deferral:         8 (0.706714 %)

--- [Stat 6] P-EDCA RTS Collision Probability ---
  RTS Collision / Stage2 TX Started: 43 / 804 = 5.34826 %
  RTS Collision / DS-CTS Sent:       43 / 1132 = 3.79859 %

--- [Stat 7] P-EDCA Attempts per Successful P-EDCA TX ---
  DS-CTS Sent / P-EDCA Success: 1132 / 730 = 1.55068 attempts/success
  Stage2 TX / P-EDCA Success:   804 / 730 = 1.10137 RTS/success

--- VO Delay PDF (MAC Delay) ---
bin_start_us,bin_end_us,bin_mid_us,pdf_per_us,probability,count
215,220,217.5,0.000103164,0.000515818,3
220,225,222.5,6.87758e-05,0.000343879,2
225,230,227.5,6.87758e-05,0.000343879,2
230,235,232.5,3.43879e-05,0.000171939,1
235,240,237.5,3.43879e-05,0.000171939,1
240,245,242.5,6.87758e-05,0.000343879,2
245,250,247.5,3.43879e-05,0.000171939,1
250,255,252.5,0.000103164,0.000515818,3
255,260,257.5,6.87758e-05,0.000343879,2
260,265,262.5,0.000103164,0.000515818,3
265,270,267.5,3.43879e-05,0.000171939,1
270,275,272.5,6.87758e-05,0.000343879,2
275,280,277.5,0.000137552,0.000687758,4
280,285,282.5,0.000103164,0.000515818,3
285,290,287.5,6.87758e-05,0.000343879,2
290,295,292.5,6.87758e-05,0.000343879,2
295,300,297.5,3.43879e-05,0.000171939,1
300,305,302.5,0.000103164,0.000515818,3
305,310,307.5,6.87758e-05,0.000343879,2
310,315,312.5,0.000206327,0.00103164,6
315,320,317.5,3.43879e-05,0.000171939,1
320,325,322.5,6.87758e-05,0.000343879,2
325,330,327.5,3.43879e-05,0.000171939,1
330,335,332.5,0.000103164,0.000515818,3
335,340,337.5,6.87758e-05,0.000343879,2
340,345,342.5,0.00333563,0.0166781,97
345,350,347.5,0.0053989,0.0269945,157
350,355,352.5,0.00213205,0.0106602,62
355,360,357.5,0.00120358,0.00601788,35
360,365,362.5,0.00106602,0.00533012,31
365,370,367.5,0.000515818,0.00257909,15
370,375,372.5,0.00116919,0.00584594,34
375,380,377.5,0.000412655,0.00206327,12
380,385,382.5,0.000378267,0.00189133,11
385,390,387.5,0.000240715,0.00120358,7
390,395,392.5,0.000481431,0.00240715,14
395,400,397.5,0.000481431,0.00240715,14
400,405,402.5,0.000447043,0.00223521,13
405,410,407.5,0.000481431,0.00240715,14
410,415,412.5,0.000722146,0.00361073,21
415,420,417.5,0.000378267,0.00189133,11
420,425,422.5,0.00065337,0.00326685,19
425,430,427.5,0.000515818,0.00257909,15
430,435,432.5,0.00065337,0.00326685,19
435,440,437.5,0.000240715,0.00120358,7
440,445,442.5,0.000447043,0.00223521,13
445,450,447.5,0.000412655,0.00206327,12
450,455,452.5,0.0155433,0.0777166,452
455,460,457.5,0.000447043,0.00223521,13
460,465,462.5,0.000309491,0.00154746,9
465,470,467.5,0.000515818,0.00257909,15
470,475,472.5,0.000378267,0.00189133,11
475,480,477.5,0.000343879,0.00171939,10
480,485,482.5,0.000343879,0.00171939,10
485,490,487.5,0.000378267,0.00189133,11
490,495,492.5,0.000343879,0.00171939,10
495,500,497.5,0.000550206,0.00275103,16
500,505,502.5,0.000309491,0.00154746,9
505,510,507.5,0.000412655,0.00206327,12
510,515,512.5,0.000481431,0.00240715,14
515,520,517.5,0.00065337,0.00326685,19
520,525,522.5,0.000515818,0.00257909,15
525,530,527.5,0.000618982,0.00309491,18
530,535,532.5,0.000447043,0.00223521,13
535,540,537.5,0.000550206,0.00275103,16
540,545,542.5,0.000309491,0.00154746,9
545,550,547.5,0.000550206,0.00275103,16
550,555,552.5,0.000481431,0.00240715,14
555,560,557.5,0.000550206,0.00275103,16
560,565,562.5,0.000687758,0.00343879,20
565,570,567.5,0.000618982,0.00309491,18
570,575,572.5,0.000687758,0.00343879,20
575,580,577.5,0.000343879,0.00171939,10
580,585,582.5,0.000447043,0.00223521,13
585,590,587.5,0.000378267,0.00189133,11
590,595,592.5,0.000481431,0.00240715,14
595,600,597.5,0.000550206,0.00275103,16
600,605,602.5,0.000378267,0.00189133,11
605,610,607.5,0.000584594,0.00292297,17
610,615,612.5,0.000103164,0.000515818,3
615,620,617.5,0.00065337,0.00326685,19
620,625,622.5,0.000515818,0.00257909,15
625,630,627.5,0.000481431,0.00240715,14
630,635,632.5,0.000481431,0.00240715,14
635,640,637.5,0.000515818,0.00257909,15
640,645,642.5,0.000343879,0.00171939,10
645,650,647.5,0.000343879,0.00171939,10
650,655,652.5,0.000378267,0.00189133,11
655,660,657.5,0.000481431,0.00240715,14
660,665,662.5,0.000343879,0.00171939,10
665,670,667.5,0.000550206,0.00275103,16
670,675,672.5,0.0028542,0.014271,83
675,680,677.5,0.000481431,0.00240715,14
680,685,682.5,0.000515818,0.00257909,15
685,690,687.5,0.000206327,0.00103164,6
690,695,692.5,0.000309491,0.00154746,9
695,700,697.5,0.000412655,0.00206327,12
700,705,702.5,0.000515818,0.00257909,15
705,710,707.5,0.000275103,0.00137552,8
710,715,712.5,0.000309491,0.00154746,9
715,720,717.5,0.000412655,0.00206327,12
720,725,722.5,0.000206327,0.00103164,6
725,730,727.5,0.000412655,0.00206327,12
730,735,732.5,0.000447043,0.00223521,13
735,740,737.5,0.00065337,0.00326685,19
740,745,742.5,0.000447043,0.00223521,13
745,750,747.5,0.000447043,0.00223521,13
750,755,752.5,0.000481431,0.00240715,14
755,760,757.5,0.000309491,0.00154746,9
760,765,762.5,0.000412655,0.00206327,12
765,770,767.5,0.000515818,0.00257909,15
770,775,772.5,0.000412655,0.00206327,12
775,780,777.5,0.000550206,0.00275103,16
780,785,782.5,0.00110041,0.00550206,32
785,790,787.5,0.000618982,0.00309491,18
790,795,792.5,0.000481431,0.00240715,14
795,800,797.5,0.000206327,0.00103164,6
800,805,802.5,0.000206327,0.00103164,6
805,810,807.5,0.000240715,0.00120358,7
810,815,812.5,0.000171939,0.000859697,5
815,820,817.5,6.87758e-05,0.000343879,2
820,825,822.5,0.000171939,0.000859697,5
825,830,827.5,0.000103164,0.000515818,3
830,835,832.5,0.000309491,0.00154746,9
835,840,837.5,0.000378267,0.00189133,11
840,845,842.5,0.000240715,0.00120358,7
845,850,847.5,0.000343879,0.00171939,10
850,855,852.5,0.000206327,0.00103164,6
855,860,857.5,0.000412655,0.00206327,12
860,865,862.5,0.000343879,0.00171939,10
865,870,867.5,0.000171939,0.000859697,5
870,875,872.5,0.000275103,0.00137552,8
875,880,877.5,0.000378267,0.00189133,11
880,885,882.5,0.000378267,0.00189133,11
885,890,887.5,0.000206327,0.00103164,6
890,895,892.5,0.000859697,0.00429849,25
895,900,897.5,0.000240715,0.00120358,7
900,905,902.5,0.000240715,0.00120358,7
905,910,907.5,0.000412655,0.00206327,12
910,915,912.5,0.000412655,0.00206327,12
915,920,917.5,0.000275103,0.00137552,8
920,925,922.5,0.000171939,0.000859697,5
925,930,927.5,0.000171939,0.000859697,5
930,935,932.5,0.000206327,0.00103164,6
935,940,937.5,6.87758e-05,0.000343879,2
940,945,942.5,0.000343879,0.00171939,10
945,950,947.5,0.000343879,0.00171939,10
950,955,952.5,0.000481431,0.00240715,14
955,960,957.5,0.000171939,0.000859697,5
960,965,962.5,0.000343879,0.00171939,10
965,970,967.5,0.000240715,0.00120358,7
970,975,972.5,0.000343879,0.00171939,10
975,980,977.5,0.000447043,0.00223521,13
980,985,982.5,0.000343879,0.00171939,10
985,990,987.5,0.000343879,0.00171939,10
990,995,992.5,0.000378267,0.00189133,11
995,1000,997.5,0.000378267,0.00189133,11
1000,1005,1002.5,0.000309491,0.00154746,9
1005,1010,1007.5,0.000275103,0.00137552,8
1010,1015,1012.5,0.000412655,0.00206327,12
1015,1020,1017.5,0.000309491,0.00154746,9
1020,1025,1022.5,0.000378267,0.00189133,11
1025,1030,1027.5,0.000137552,0.000687758,4
1030,1035,1032.5,0.000137552,0.000687758,4
1035,1040,1037.5,0.000206327,0.00103164,6
1040,1045,1042.5,0.000309491,0.00154746,9
1045,1050,1047.5,0.000240715,0.00120358,7
1050,1055,1052.5,0.000378267,0.00189133,11
1055,1060,1057.5,0.000447043,0.00223521,13
1060,1065,1062.5,0.000378267,0.00189133,11
1065,1070,1067.5,0.000447043,0.00223521,13
1070,1075,1072.5,0.000240715,0.00120358,7
1075,1080,1077.5,0.000550206,0.00275103,16
1080,1085,1082.5,0.000515818,0.00257909,15
1085,1090,1087.5,0.000206327,0.00103164,6
1090,1095,1092.5,0.000378267,0.00189133,11
1095,1100,1097.5,0.000412655,0.00206327,12
1100,1105,1102.5,0.000722146,0.00361073,21
1105,1110,1107.5,0.000378267,0.00189133,11
1110,1115,1112.5,0.000309491,0.00154746,9
1115,1120,1117.5,0.000275103,0.00137552,8
1120,1125,1122.5,0.000378267,0.00189133,11
1125,1130,1127.5,0.000550206,0.00275103,16
1130,1135,1132.5,0.000412655,0.00206327,12
1135,1140,1137.5,0.000378267,0.00189133,11
1140,1145,1142.5,0.000240715,0.00120358,7
1145,1150,1147.5,0.000275103,0.00137552,8
1150,1155,1152.5,0.000309491,0.00154746,9
1155,1160,1157.5,0.000412655,0.00206327,12
1160,1165,1162.5,0.000275103,0.00137552,8
1165,1170,1167.5,0.000343879,0.00171939,10
1170,1175,1172.5,0.000206327,0.00103164,6
1175,1180,1177.5,0.000550206,0.00275103,16
1180,1185,1182.5,0.000309491,0.00154746,9
1185,1190,1187.5,0.000309491,0.00154746,9
1190,1195,1192.5,0.000275103,0.00137552,8
1195,1200,1197.5,0.000378267,0.00189133,11
1200,1205,1202.5,0.000275103,0.00137552,8
1205,1210,1207.5,0.000412655,0.00206327,12
1210,1215,1212.5,0.000343879,0.00171939,10
1215,1220,1217.5,0.000275103,0.00137552,8
1220,1225,1222.5,0.000412655,0.00206327,12
1225,1230,1227.5,0.000412655,0.00206327,12
1230,1235,1232.5,0.000447043,0.00223521,13
1235,1240,1237.5,0.000171939,0.000859697,5
1240,1245,1242.5,0.000171939,0.000859697,5
1245,1250,1247.5,0.000103164,0.000515818,3
1250,1255,1252.5,0.000137552,0.000687758,4
1255,1260,1257.5,0.000171939,0.000859697,5
1260,1265,1262.5,0.000206327,0.00103164,6
1265,1270,1267.5,0.000206327,0.00103164,6
1270,1275,1272.5,0.000309491,0.00154746,9
1275,1280,1277.5,0.000171939,0.000859697,5
1280,1285,1282.5,0.000481431,0.00240715,14
1285,1290,1287.5,0.000137552,0.000687758,4
1290,1295,1292.5,0.000206327,0.00103164,6
1295,1300,1297.5,0.000206327,0.00103164,6
1300,1305,1302.5,0.000206327,0.00103164,6
1305,1310,1307.5,6.87758e-05,0.000343879,2
1310,1315,1312.5,0.000343879,0.00171939,10
1315,1320,1317.5,0.000171939,0.000859697,5
1320,1325,1322.5,0.000378267,0.00189133,11
1325,1330,1327.5,0.000171939,0.000859697,5
1330,1335,1332.5,0.000137552,0.000687758,4
1335,1340,1337.5,0.000137552,0.000687758,4
1340,1345,1342.5,0.000309491,0.00154746,9
1345,1350,1347.5,0.000240715,0.00120358,7
1350,1355,1352.5,0.000275103,0.00137552,8
1355,1360,1357.5,0.000240715,0.00120358,7
1360,1365,1362.5,0.000309491,0.00154746,9
1365,1370,1367.5,0.000206327,0.00103164,6
1370,1375,1372.5,0.000481431,0.00240715,14
1375,1380,1377.5,0.000275103,0.00137552,8
1380,1385,1382.5,0.000240715,0.00120358,7
1385,1390,1387.5,0.000240715,0.00120358,7
1390,1395,1392.5,0.000240715,0.00120358,7
1395,1400,1397.5,0.000206327,0.00103164,6
1400,1405,1402.5,0.000309491,0.00154746,9
1405,1410,1407.5,0.000206327,0.00103164,6
1410,1415,1412.5,0.000275103,0.00137552,8
1415,1420,1417.5,0.000275103,0.00137552,8
1420,1425,1422.5,0.000206327,0.00103164,6
1425,1430,1427.5,0.000343879,0.00171939,10
1430,1435,1432.5,0.000275103,0.00137552,8
1435,1440,1437.5,0.000378267,0.00189133,11
1440,1445,1442.5,0.000447043,0.00223521,13
1445,1450,1447.5,0.000206327,0.00103164,6
1450,1455,1452.5,0.000171939,0.000859697,5
1455,1460,1457.5,0.000343879,0.00171939,10
1460,1465,1462.5,0.000275103,0.00137552,8
1465,1470,1467.5,0.000206327,0.00103164,6
1470,1475,1472.5,0.000275103,0.00137552,8
1475,1480,1477.5,0.000240715,0.00120358,7
1480,1485,1482.5,3.43879e-05,0.000171939,1
1485,1490,1487.5,0.000206327,0.00103164,6
1490,1495,1492.5,0.000240715,0.00120358,7
1495,1500,1497.5,0.000103164,0.000515818,3
1500,1505,1502.5,0.000275103,0.00137552,8
1505,1510,1507.5,0.000240715,0.00120358,7
1510,1515,1512.5,0.000309491,0.00154746,9
1515,1520,1517.5,6.87758e-05,0.000343879,2
1520,1525,1522.5,0.000343879,0.00171939,10
1525,1530,1527.5,0.000206327,0.00103164,6
1530,1535,1532.5,0.000309491,0.00154746,9
1535,1540,1537.5,0.000275103,0.00137552,8
1540,1545,1542.5,0.000240715,0.00120358,7
1545,1550,1547.5,0.000240715,0.00120358,7
1550,1555,1552.5,0.000137552,0.000687758,4
1555,1560,1557.5,0.000137552,0.000687758,4
1560,1565,1562.5,6.87758e-05,0.000343879,2
1565,1570,1567.5,0.000275103,0.00137552,8
1570,1575,1572.5,0.000275103,0.00137552,8
1575,1580,1577.5,0.000103164,0.000515818,3
1580,1585,1582.5,0.000275103,0.00137552,8
1585,1590,1587.5,0.000171939,0.000859697,5
1590,1595,1592.5,0.000275103,0.00137552,8
1595,1600,1597.5,0.000343879,0.00171939,10
1600,1605,1602.5,0.000378267,0.00189133,11
1605,1610,1607.5,6.87758e-05,0.000343879,2
1610,1615,1612.5,0.000171939,0.000859697,5
1615,1620,1617.5,0.000309491,0.00154746,9
1620,1625,1622.5,0.000137552,0.000687758,4
1625,1630,1627.5,0.000206327,0.00103164,6
1630,1635,1632.5,0.000171939,0.000859697,5
1635,1640,1637.5,6.87758e-05,0.000343879,2
1640,1645,1642.5,0.000343879,0.00171939,10
1645,1650,1647.5,0.000206327,0.00103164,6
1650,1655,1652.5,0.000206327,0.00103164,6
1655,1660,1657.5,0.000343879,0.00171939,10
1660,1665,1662.5,0.000137552,0.000687758,4
1665,1670,1667.5,0.000137552,0.000687758,4
1670,1675,1672.5,0.000171939,0.000859697,5
1675,1680,1677.5,0.000309491,0.00154746,9
1680,1685,1682.5,0.000378267,0.00189133,11
1685,1690,1687.5,0.000103164,0.000515818,3
1690,1695,1692.5,0.000275103,0.00137552,8
1695,1700,1697.5,0.000240715,0.00120358,7
1700,1705,1702.5,0.000206327,0.00103164,6
1705,1710,1707.5,0.000171939,0.000859697,5
1710,1715,1712.5,0.000137552,0.000687758,4
1715,1720,1717.5,0.000343879,0.00171939,10
1720,1725,1722.5,0.000171939,0.000859697,5
1725,1730,1727.5,0.000309491,0.00154746,9
1730,1735,1732.5,0.000137552,0.000687758,4
1735,1740,1737.5,0.000206327,0.00103164,6
1740,1745,1742.5,0.000171939,0.000859697,5
1745,1750,1747.5,0.000240715,0.00120358,7
1750,1755,1752.5,0.000137552,0.000687758,4
1755,1760,1757.5,0.000275103,0.00137552,8
1760,1765,1762.5,6.87758e-05,0.000343879,2
1765,1770,1767.5,6.87758e-05,0.000343879,2
1770,1775,1772.5,0.000240715,0.00120358,7
1775,1780,1777.5,0.000378267,0.00189133,11
1780,1785,1782.5,3.43879e-05,0.000171939,1
1785,1790,1787.5,0.000240715,0.00120358,7
1790,1795,1792.5,0.000103164,0.000515818,3
1795,1800,1797.5,6.87758e-05,0.000343879,2
1800,1805,1802.5,0.000240715,0.00120358,7
1805,1810,1807.5,0.000137552,0.000687758,4
1810,1815,1812.5,0.000171939,0.000859697,5
1815,1820,1817.5,0.000137552,0.000687758,4
1820,1825,1822.5,0.000103164,0.000515818,3
1825,1830,1827.5,0.000206327,0.00103164,6
1830,1835,1832.5,0.000171939,0.000859697,5
1835,1840,1837.5,6.87758e-05,0.000343879,2
1840,1845,1842.5,0.000171939,0.000859697,5
1845,1850,1847.5,0.000412655,0.00206327,12
1850,1855,1852.5,0.000275103,0.00137552,8
1855,1860,1857.5,0.000240715,0.00120358,7
1860,1865,1862.5,0.000171939,0.000859697,5
1865,1870,1867.5,0.000171939,0.000859697,5
1870,1875,1872.5,0.000103164,0.000515818,3
1875,1880,1877.5,0.000137552,0.000687758,4
1880,1885,1882.5,0.000171939,0.000859697,5
1885,1890,1887.5,0.000171939,0.000859697,5
1890,1895,1892.5,6.87758e-05,0.000343879,2
1895,1900,1897.5,0.000309491,0.00154746,9
1900,1905,1902.5,0.000137552,0.000687758,4
1905,1910,1907.5,0.000171939,0.000859697,5
1910,1915,1912.5,0.000240715,0.00120358,7
1915,1920,1917.5,0.000275103,0.00137552,8
1920,1925,1922.5,0.000206327,0.00103164,6
1925,1930,1927.5,0.000206327,0.00103164,6
1930,1935,1932.5,0.000137552,0.000687758,4
1935,1940,1937.5,0.000137552,0.000687758,4
1940,1945,1942.5,0.000240715,0.00120358,7
1945,1950,1947.5,0.000171939,0.000859697,5
1950,1955,1952.5,0.000240715,0.00120358,7
1955,1960,1957.5,0.000103164,0.000515818,3
1960,1965,1962.5,0.000103164,0.000515818,3
1965,1970,1967.5,0.000103164,0.000515818,3
1970,1975,1972.5,0.000481431,0.00240715,14
1975,1980,1977.5,0.000103164,0.000515818,3
1980,1985,1982.5,0.000137552,0.000687758,4
1985,1990,1987.5,0.000137552,0.000687758,4
1990,1995,1992.5,0.000103164,0.000515818,3
1995,2000,1997.5,0.000309491,0.00154746,9
2000,2005,2002.5,0.000103164,0.000515818,3
2005,2010,2007.5,0.000103164,0.000515818,3
2010,2015,2012.5,0.000206327,0.00103164,6
2015,2020,2017.5,6.87758e-05,0.000343879,2
2020,2025,2022.5,0.000137552,0.000687758,4
2025,2030,2027.5,6.87758e-05,0.000343879,2
2030,2035,2032.5,0.000171939,0.000859697,5
2035,2040,2037.5,0.000103164,0.000515818,3
2040,2045,2042.5,0.000103164,0.000515818,3
2045,2050,2047.5,0.000206327,0.00103164,6
2050,2055,2052.5,0.000343879,0.00171939,10
2055,2060,2057.5,0.000137552,0.000687758,4
2060,2065,2062.5,0.000275103,0.00137552,8
2065,2070,2067.5,0.000103164,0.000515818,3
2070,2075,2072.5,0.000378267,0.00189133,11
2075,2080,2077.5,0.000171939,0.000859697,5
2080,2085,2082.5,6.87758e-05,0.000343879,2
2085,2090,2087.5,0.000206327,0.00103164,6
2090,2095,2092.5,0.000103164,0.000515818,3
2095,2100,2097.5,0.000103164,0.000515818,3
2100,2105,2102.5,0.000103164,0.000515818,3
2105,2110,2107.5,0.000275103,0.00137552,8
2110,2115,2112.5,0.000171939,0.000859697,5
2115,2120,2117.5,0.000171939,0.000859697,5
2120,2125,2122.5,6.87758e-05,0.000343879,2
2125,2130,2127.5,3.43879e-05,0.000171939,1
2130,2135,2132.5,6.87758e-05,0.000343879,2
2135,2140,2137.5,0.000206327,0.00103164,6
2140,2145,2142.5,0.000343879,0.00171939,10
2145,2150,2147.5,0.000206327,0.00103164,6
2150,2155,2152.5,0.000171939,0.000859697,5
2155,2160,2157.5,6.87758e-05,0.000343879,2
2160,2165,2162.5,3.43879e-05,0.000171939,1
2165,2170,2167.5,0.000137552,0.000687758,4
2170,2175,2172.5,0.000137552,0.000687758,4
2175,2180,2177.5,0.000240715,0.00120358,7
2180,2185,2182.5,0.000171939,0.000859697,5
2185,2190,2187.5,0.000206327,0.00103164,6
2190,2195,2192.5,3.43879e-05,0.000171939,1
2195,2200,2197.5,6.87758e-05,0.000343879,2
2200,2205,2202.5,6.87758e-05,0.000343879,2
2205,2210,2207.5,0.000171939,0.000859697,5
2210,2215,2212.5,0.000206327,0.00103164,6
2215,2220,2217.5,0.000103164,0.000515818,3
2220,2225,2222.5,0.000171939,0.000859697,5
2230,2235,2232.5,0.000171939,0.000859697,5
2235,2240,2237.5,3.43879e-05,0.000171939,1
2240,2245,2242.5,0.000240715,0.00120358,7
2245,2250,2247.5,0.000171939,0.000859697,5
2250,2255,2252.5,0.000103164,0.000515818,3
2255,2260,2257.5,0.000206327,0.00103164,6
2260,2265,2262.5,0.000171939,0.000859697,5
2265,2270,2267.5,6.87758e-05,0.000343879,2
2270,2275,2272.5,6.87758e-05,0.000343879,2
2275,2280,2277.5,0.000275103,0.00137552,8
2280,2285,2282.5,0.000171939,0.000859697,5
2285,2290,2287.5,0.000171939,0.000859697,5
2290,2295,2292.5,0.000137552,0.000687758,4
2295,2300,2297.5,0.000171939,0.000859697,5
2300,2305,2302.5,0.000137552,0.000687758,4
2305,2310,2307.5,3.43879e-05,0.000171939,1
2310,2315,2312.5,6.87758e-05,0.000343879,2
2315,2320,2317.5,0.000103164,0.000515818,3
2320,2325,2322.5,0.000103164,0.000515818,3
2325,2330,2327.5,0.000103164,0.000515818,3
2330,2335,2332.5,6.87758e-05,0.000343879,2
2335,2340,2337.5,0.000137552,0.000687758,4
2340,2345,2342.5,0.000137552,0.000687758,4
2345,2350,2347.5,0.000171939,0.000859697,5
2350,2355,2352.5,3.43879e-05,0.000171939,1
2355,2360,2357.5,0.000171939,0.000859697,5
2360,2365,2362.5,0.000137552,0.000687758,4
2365,2370,2367.5,6.87758e-05,0.000343879,2
2370,2375,2372.5,6.87758e-05,0.000343879,2
2375,2380,2377.5,0.000103164,0.000515818,3
2380,2385,2382.5,0.000171939,0.000859697,5
2385,2390,2387.5,6.87758e-05,0.000343879,2
2390,2395,2392.5,0.000103164,0.000515818,3
2395,2400,2397.5,0.000103164,0.000515818,3
2400,2405,2402.5,6.87758e-05,0.000343879,2
2405,2410,2407.5,6.87758e-05,0.000343879,2
2410,2415,2412.5,0.000103164,0.000515818,3
2415,2420,2417.5,0.000309491,0.00154746,9
2420,2425,2422.5,0.000103164,0.000515818,3
2425,2430,2427.5,0.000137552,0.000687758,4
2430,2435,2432.5,0.000137552,0.000687758,4
2435,2440,2437.5,0.000103164,0.000515818,3
2440,2445,2442.5,0.000206327,0.00103164,6
2445,2450,2447.5,0.000171939,0.000859697,5
2450,2455,2452.5,6.87758e-05,0.000343879,2
2455,2460,2457.5,0.000171939,0.000859697,5
2460,2465,2462.5,0.000206327,0.00103164,6
2465,2470,2467.5,0.000171939,0.000859697,5
2470,2475,2472.5,0.000137552,0.000687758,4
2475,2480,2477.5,0.000103164,0.000515818,3
2480,2485,2482.5,0.000137552,0.000687758,4
2485,2490,2487.5,0.000240715,0.00120358,7
2490,2495,2492.5,6.87758e-05,0.000343879,2
2495,2500,2497.5,6.87758e-05,0.000343879,2
2500,2505,2502.5,3.43879e-05,0.000171939,1
2505,2510,2507.5,0.000137552,0.000687758,4
2510,2515,2512.5,6.87758e-05,0.000343879,2
2515,2520,2517.5,0.000137552,0.000687758,4
2520,2525,2522.5,0.000103164,0.000515818,3
2525,2530,2527.5,6.87758e-05,0.000343879,2
2530,2535,2532.5,6.87758e-05,0.000343879,2
2535,2540,2537.5,3.43879e-05,0.000171939,1
2540,2545,2542.5,0.000103164,0.000515818,3
2550,2555,2552.5,6.87758e-05,0.000343879,2
2555,2560,2557.5,0.000137552,0.000687758,4
2560,2565,2562.5,0.000103164,0.000515818,3
2565,2570,2567.5,0.000137552,0.000687758,4
2570,2575,2572.5,0.000275103,0.00137552,8
2575,2580,2577.5,3.43879e-05,0.000171939,1
2580,2585,2582.5,6.87758e-05,0.000343879,2
2585,2590,2587.5,0.000206327,0.00103164,6
2590,2595,2592.5,3.43879e-05,0.000171939,1
2595,2600,2597.5,0.000171939,0.000859697,5
2600,2605,2602.5,3.43879e-05,0.000171939,1
2605,2610,2607.5,0.000137552,0.000687758,4
2610,2615,2612.5,0.000206327,0.00103164,6
2615,2620,2617.5,3.43879e-05,0.000171939,1
2620,2625,2622.5,0.000103164,0.000515818,3
2625,2630,2627.5,0.000103164,0.000515818,3
2630,2635,2632.5,0.000171939,0.000859697,5
2635,2640,2637.5,6.87758e-05,0.000343879,2
2640,2645,2642.5,0.000103164,0.000515818,3
2645,2650,2647.5,0.000137552,0.000687758,4
2650,2655,2652.5,0.000171939,0.000859697,5
2655,2660,2657.5,0.000171939,0.000859697,5
2660,2665,2662.5,0.000171939,0.000859697,5
2665,2670,2667.5,0.000103164,0.000515818,3
2670,2675,2672.5,0.000137552,0.000687758,4
2675,2680,2677.5,6.87758e-05,0.000343879,2
2680,2685,2682.5,0.000137552,0.000687758,4
2685,2690,2687.5,0.000206327,0.00103164,6
2690,2695,2692.5,0.000171939,0.000859697,5
2695,2700,2697.5,0.000103164,0.000515818,3
2700,2705,2702.5,0.000206327,0.00103164,6
2705,2710,2707.5,0.000137552,0.000687758,4
2710,2715,2712.5,0.000171939,0.000859697,5
2715,2720,2717.5,6.87758e-05,0.000343879,2
2720,2725,2722.5,6.87758e-05,0.000343879,2
2725,2730,2727.5,0.000103164,0.000515818,3
2730,2735,2732.5,0.000137552,0.000687758,4
2735,2740,2737.5,0.000171939,0.000859697,5
2740,2745,2742.5,0.000137552,0.000687758,4
2745,2750,2747.5,6.87758e-05,0.000343879,2
2750,2755,2752.5,3.43879e-05,0.000171939,1
2755,2760,2757.5,0.000137552,0.000687758,4
2760,2765,2762.5,0.000103164,0.000515818,3
2765,2770,2767.5,0.000171939,0.000859697,5
2775,2780,2777.5,0.000103164,0.000515818,3
2780,2785,2782.5,0.000103164,0.000515818,3
2785,2790,2787.5,0.000206327,0.00103164,6
2790,2795,2792.5,0.000171939,0.000859697,5
2795,2800,2797.5,0.000137552,0.000687758,4
2800,2805,2802.5,0.000240715,0.00120358,7
2805,2810,2807.5,0.000171939,0.000859697,5
2810,2815,2812.5,0.000240715,0.00120358,7
2815,2820,2817.5,0.000171939,0.000859697,5
2820,2825,2822.5,0.000103164,0.000515818,3
2825,2830,2827.5,6.87758e-05,0.000343879,2
2830,2835,2832.5,0.000103164,0.000515818,3
2835,2840,2837.5,0.000171939,0.000859697,5
2840,2845,2842.5,0.000171939,0.000859697,5
2845,2850,2847.5,6.87758e-05,0.000343879,2
2850,2855,2852.5,3.43879e-05,0.000171939,1
2855,2860,2857.5,0.000171939,0.000859697,5
2860,2865,2862.5,0.000103164,0.000515818,3
2865,2870,2867.5,0.000137552,0.000687758,4
2870,2875,2872.5,0.000137552,0.000687758,4
2875,2880,2877.5,0.000137552,0.000687758,4
2880,2885,2882.5,0.000137552,0.000687758,4
2885,2890,2887.5,0.000103164,0.000515818,3
2890,2895,2892.5,0.000103164,0.000515818,3
2895,2900,2897.5,0.000137552,0.000687758,4
2900,2905,2902.5,0.000171939,0.000859697,5
2905,2910,2907.5,6.87758e-05,0.000343879,2
2910,2915,2912.5,0.000103164,0.000515818,3
2915,2920,2917.5,0.000103164,0.000515818,3
2920,2925,2922.5,6.87758e-05,0.000343879,2
2925,2930,2927.5,0.000103164,0.000515818,3
2930,2935,2932.5,6.87758e-05,0.000343879,2
2935,2940,2937.5,6.87758e-05,0.000343879,2
2940,2945,2942.5,6.87758e-05,0.000343879,2
2945,2950,2947.5,0.000137552,0.000687758,4
2950,2955,2952.5,0.000103164,0.000515818,3
2955,2960,2957.5,0.000137552,0.000687758,4
2960,2965,2962.5,0.000103164,0.000515818,3
2965,2970,2967.5,6.87758e-05,0.000343879,2
2970,2975,2972.5,0.000206327,0.00103164,6
2975,2980,2977.5,0.000103164,0.000515818,3
2980,2985,2982.5,0.000103164,0.000515818,3
2985,2990,2987.5,0.000171939,0.000859697,5
2990,2995,2992.5,6.87758e-05,0.000343879,2
2995,3000,2997.5,3.43879e-05,0.000171939,1
3000,3005,3002.5,0.000137552,0.000687758,4
3005,3010,3007.5,0.000171939,0.000859697,5
3010,3015,3012.5,0.000103164,0.000515818,3
3015,3020,3017.5,0.000137552,0.000687758,4
3020,3025,3022.5,6.87758e-05,0.000343879,2
3025,3030,3027.5,0.000103164,0.000515818,3
3030,3035,3032.5,3.43879e-05,0.000171939,1
3035,3040,3037.5,6.87758e-05,0.000343879,2
3040,3045,3042.5,3.43879e-05,0.000171939,1
3045,3050,3047.5,0.000171939,0.000859697,5
3050,3055,3052.5,0.000137552,0.000687758,4
3055,3060,3057.5,0.000103164,0.000515818,3
3060,3065,3062.5,0.000137552,0.000687758,4
3065,3070,3067.5,6.87758e-05,0.000343879,2
3070,3075,3072.5,0.000171939,0.000859697,5
3075,3080,3077.5,0.000206327,0.00103164,6
3080,3085,3082.5,0.000171939,0.000859697,5
3085,3090,3087.5,6.87758e-05,0.000343879,2
3090,3095,3092.5,0.000103164,0.000515818,3
3095,3100,3097.5,0.000275103,0.00137552,8
3100,3105,3102.5,0.000137552,0.000687758,4
3105,3110,3107.5,0.000171939,0.000859697,5
3110,3115,3112.5,3.43879e-05,0.000171939,1
3115,3120,3117.5,0.000103164,0.000515818,3
3120,3125,3122.5,3.43879e-05,0.000171939,1
3125,3130,3127.5,3.43879e-05,0.000171939,1
3130,3135,3132.5,6.87758e-05,0.000343879,2
3135,3140,3137.5,0.000103164,0.000515818,3
3140,3145,3142.5,0.000103164,0.000515818,3
3145,3150,3147.5,6.87758e-05,0.000343879,2
3150,3155,3152.5,0.000137552,0.000687758,4
3155,3160,3157.5,6.87758e-05,0.000343879,2
3160,3165,3162.5,6.87758e-05,0.000343879,2
3165,3170,3167.5,0.000103164,0.000515818,3
3170,3175,3172.5,0.000137552,0.000687758,4
3175,3180,3177.5,6.87758e-05,0.000343879,2
3180,3185,3182.5,6.87758e-05,0.000343879,2
3185,3190,3187.5,0.000103164,0.000515818,3
3190,3195,3192.5,0.000137552,0.000687758,4
3195,3200,3197.5,0.000103164,0.000515818,3
3200,3205,3202.5,0.000103164,0.000515818,3
3205,3210,3207.5,6.87758e-05,0.000343879,2
3210,3215,3212.5,0.000103164,0.000515818,3
3215,3220,3217.5,0.000103164,0.000515818,3
3220,3225,3222.5,0.000137552,0.000687758,4
3235,3240,3237.5,0.000275103,0.00137552,8
3240,3245,3242.5,6.87758e-05,0.000343879,2
3245,3250,3247.5,6.87758e-05,0.000343879,2
3250,3255,3252.5,0.000206327,0.00103164,6
3255,3260,3257.5,0.000137552,0.000687758,4
3260,3265,3262.5,0.000137552,0.000687758,4
3265,3270,3267.5,0.000103164,0.000515818,3
3270,3275,3272.5,6.87758e-05,0.000343879,2
3275,3280,3277.5,0.000171939,0.000859697,5
3280,3285,3282.5,0.000137552,0.000687758,4
3285,3290,3287.5,0.000137552,0.000687758,4
3290,3295,3292.5,0.000103164,0.000515818,3
3295,3300,3297.5,3.43879e-05,0.000171939,1
3300,3305,3302.5,0.000171939,0.000859697,5
3305,3310,3307.5,3.43879e-05,0.000171939,1
3310,3315,3312.5,3.43879e-05,0.000171939,1
3315,3320,3317.5,0.000103164,0.000515818,3
3320,3325,3322.5,0.000103164,0.000515818,3
3325,3330,3327.5,0.000103164,0.000515818,3
3330,3335,3332.5,3.43879e-05,0.000171939,1
3335,3340,3337.5,3.43879e-05,0.000171939,1
3340,3345,3342.5,3.43879e-05,0.000171939,1
3345,3350,3347.5,0.000103164,0.000515818,3
3350,3355,3352.5,0.000137552,0.000687758,4
3355,3360,3357.5,0.000103164,0.000515818,3
3360,3365,3362.5,6.87758e-05,0.000343879,2
3365,3370,3367.5,3.43879e-05,0.000171939,1
3370,3375,3372.5,6.87758e-05,0.000343879,2
3375,3380,3377.5,3.43879e-05,0.000171939,1
3380,3385,3382.5,0.000137552,0.000687758,4
3385,3390,3387.5,3.43879e-05,0.000171939,1
3390,3395,3392.5,0.000103164,0.000515818,3
3395,3400,3397.5,3.43879e-05,0.000171939,1
3400,3405,3402.5,6.87758e-05,0.000343879,2
3405,3410,3407.5,0.000171939,0.000859697,5
3410,3415,3412.5,3.43879e-05,0.000171939,1
3420,3425,3422.5,6.87758e-05,0.000343879,2
3425,3430,3427.5,6.87758e-05,0.000343879,2
3430,3435,3432.5,0.000206327,0.00103164,6
3435,3440,3437.5,6.87758e-05,0.000343879,2
3440,3445,3442.5,3.43879e-05,0.000171939,1
3445,3450,3447.5,3.43879e-05,0.000171939,1
3450,3455,3452.5,0.000137552,0.000687758,4
3455,3460,3457.5,0.000171939,0.000859697,5
3460,3465,3462.5,3.43879e-05,0.000171939,1
3465,3470,3467.5,0.000206327,0.00103164,6
3470,3475,3472.5,0.000103164,0.000515818,3
3475,3480,3477.5,0.000103164,0.000515818,3
3480,3485,3482.5,0.000103164,0.000515818,3
3485,3490,3487.5,0.000171939,0.000859697,5
3490,3495,3492.5,0.000137552,0.000687758,4
3495,3500,3497.5,6.87758e-05,0.000343879,2
3500,3505,3502.5,3.43879e-05,0.000171939,1
3505,3510,3507.5,6.87758e-05,0.000343879,2
3510,3515,3512.5,3.43879e-05,0.000171939,1
3515,3520,3517.5,6.87758e-05,0.000343879,2
3520,3525,3522.5,6.87758e-05,0.000343879,2
3525,3530,3527.5,6.87758e-05,0.000343879,2
3530,3535,3532.5,6.87758e-05,0.000343879,2
3535,3540,3537.5,3.43879e-05,0.000171939,1
3540,3545,3542.5,3.43879e-05,0.000171939,1
3550,3555,3552.5,0.000206327,0.00103164,6
3555,3560,3557.5,6.87758e-05,0.000343879,2
3560,3565,3562.5,6.87758e-05,0.000343879,2
3565,3570,3567.5,3.43879e-05,0.000171939,1
3570,3575,3572.5,6.87758e-05,0.000343879,2
3575,3580,3577.5,3.43879e-05,0.000171939,1
3585,3590,3587.5,0.000171939,0.000859697,5
3595,3600,3597.5,3.43879e-05,0.000171939,1
3605,3610,3607.5,0.000103164,0.000515818,3
3610,3615,3612.5,3.43879e-05,0.000171939,1
3615,3620,3617.5,0.000309491,0.00154746,9
3620,3625,3622.5,0.000137552,0.000687758,4
3625,3630,3627.5,6.87758e-05,0.000343879,2
3630,3635,3632.5,3.43879e-05,0.000171939,1
3635,3640,3637.5,3.43879e-05,0.000171939,1
3640,3645,3642.5,3.43879e-05,0.000171939,1
3645,3650,3647.5,0.000137552,0.000687758,4
3650,3655,3652.5,3.43879e-05,0.000171939,1
3655,3660,3657.5,0.000275103,0.00137552,8
3660,3665,3662.5,6.87758e-05,0.000343879,2
3665,3670,3667.5,0.000171939,0.000859697,5
3670,3675,3672.5,0.000171939,0.000859697,5
3675,3680,3677.5,0.000103164,0.000515818,3
3680,3685,3682.5,3.43879e-05,0.000171939,1
3685,3690,3687.5,0.000171939,0.000859697,5
3690,3695,3692.5,3.43879e-05,0.000171939,1
3695,3700,3697.5,0.000137552,0.000687758,4
3700,3705,3702.5,0.000171939,0.000859697,5
3705,3710,3707.5,3.43879e-05,0.000171939,1
3710,3715,3712.5,6.87758e-05,0.000343879,2
3715,3720,3717.5,6.87758e-05,0.000343879,2
3720,3725,3722.5,6.87758e-05,0.000343879,2
3725,3730,3727.5,6.87758e-05,0.000343879,2
3730,3735,3732.5,3.43879e-05,0.000171939,1
3735,3740,3737.5,0.000137552,0.000687758,4
3740,3745,3742.5,3.43879e-05,0.000171939,1
3745,3750,3747.5,3.43879e-05,0.000171939,1
3750,3755,3752.5,0.000137552,0.000687758,4
3755,3760,3757.5,0.000206327,0.00103164,6
3760,3765,3762.5,0.000206327,0.00103164,6
3765,3770,3767.5,3.43879e-05,0.000171939,1
3770,3775,3772.5,6.87758e-05,0.000343879,2
3775,3780,3777.5,6.87758e-05,0.000343879,2
3780,3785,3782.5,0.000103164,0.000515818,3
3785,3790,3787.5,6.87758e-05,0.000343879,2
3790,3795,3792.5,6.87758e-05,0.000343879,2
3795,3800,3797.5,0.000103164,0.000515818,3
3800,3805,3802.5,0.000103164,0.000515818,3
3805,3810,3807.5,3.43879e-05,0.000171939,1
3810,3815,3812.5,6.87758e-05,0.000343879,2
3815,3820,3817.5,3.43879e-05,0.000171939,1
3820,3825,3822.5,3.43879e-05,0.000171939,1
3825,3830,3827.5,3.43879e-05,0.000171939,1
3830,3835,3832.5,0.000103164,0.000515818,3
3835,3840,3837.5,0.000103164,0.000515818,3
3840,3845,3842.5,6.87758e-05,0.000343879,2
3845,3850,3847.5,0.000103164,0.000515818,3
3855,3860,3857.5,0.000206327,0.00103164,6
3860,3865,3862.5,0.000103164,0.000515818,3
3865,3870,3867.5,0.000103164,0.000515818,3
3870,3875,3872.5,0.000103164,0.000515818,3
3880,3885,3882.5,0.000240715,0.00120358,7
3890,3895,3892.5,0.000103164,0.000515818,3
3895,3900,3897.5,0.000103164,0.000515818,3
3900,3905,3902.5,0.000103164,0.000515818,3
3905,3910,3907.5,6.87758e-05,0.000343879,2
3915,3920,3917.5,3.43879e-05,0.000171939,1
3920,3925,3922.5,6.87758e-05,0.000343879,2
3930,3935,3932.5,0.000103164,0.000515818,3
3935,3940,3937.5,0.000103164,0.000515818,3
3940,3945,3942.5,3.43879e-05,0.000171939,1
3945,3950,3947.5,3.43879e-05,0.000171939,1
3950,3955,3952.5,3.43879e-05,0.000171939,1
3955,3960,3957.5,6.87758e-05,0.000343879,2
3960,3965,3962.5,6.87758e-05,0.000343879,2
3965,3970,3967.5,3.43879e-05,0.000171939,1
3970,3975,3972.5,6.87758e-05,0.000343879,2
3975,3980,3977.5,0.000137552,0.000687758,4
3980,3985,3982.5,6.87758e-05,0.000343879,2
3985,3990,3987.5,0.000103164,0.000515818,3
3990,3995,3992.5,0.000103164,0.000515818,3
3995,4000,3997.5,0.000103164,0.000515818,3
4000,4005,4002.5,6.87758e-05,0.000343879,2
4005,4010,4007.5,6.87758e-05,0.000343879,2
4010,4015,4012.5,0.000137552,0.000687758,4
4015,4020,4017.5,3.43879e-05,0.000171939,1
4020,4025,4022.5,0.000103164,0.000515818,3
4025,4030,4027.5,6.87758e-05,0.000343879,2
4030,4035,4032.5,0.000103164,0.000515818,3
4035,4040,4037.5,6.87758e-05,0.000343879,2
4040,4045,4042.5,0.000171939,0.000859697,5
4045,4050,4047.5,0.000103164,0.000515818,3
4050,4055,4052.5,3.43879e-05,0.000171939,1
4060,4065,4062.5,3.43879e-05,0.000171939,1
4065,4070,4067.5,0.000103164,0.000515818,3
4070,4075,4072.5,3.43879e-05,0.000171939,1
4075,4080,4077.5,3.43879e-05,0.000171939,1
4080,4085,4082.5,0.000103164,0.000515818,3
4085,4090,4087.5,3.43879e-05,0.000171939,1
4095,4100,4097.5,6.87758e-05,0.000343879,2
4100,4105,4102.5,6.87758e-05,0.000343879,2
4105,4110,4107.5,0.000137552,0.000687758,4
4110,4115,4112.5,6.87758e-05,0.000343879,2
4115,4120,4117.5,3.43879e-05,0.000171939,1
4120,4125,4122.5,3.43879e-05,0.000171939,1
4125,4130,4127.5,3.43879e-05,0.000171939,1
4130,4135,4132.5,3.43879e-05,0.000171939,1
4135,4140,4137.5,3.43879e-05,0.000171939,1
4140,4145,4142.5,6.87758e-05,0.000343879,2
4145,4150,4147.5,0.000103164,0.000515818,3
4150,4155,4152.5,6.87758e-05,0.000343879,2
4155,4160,4157.5,0.000103164,0.000515818,3
4160,4165,4162.5,6.87758e-05,0.000343879,2
4165,4170,4167.5,6.87758e-05,0.000343879,2
4170,4175,4172.5,3.43879e-05,0.000171939,1
4180,4185,4182.5,3.43879e-05,0.000171939,1
4185,4190,4187.5,6.87758e-05,0.000343879,2
4195,4200,4197.5,0.000206327,0.00103164,6
4200,4205,4202.5,6.87758e-05,0.000343879,2
4205,4210,4207.5,6.87758e-05,0.000343879,2
4210,4215,4212.5,3.43879e-05,0.000171939,1
4215,4220,4217.5,0.000103164,0.000515818,3
4220,4225,4222.5,3.43879e-05,0.000171939,1
4225,4230,4227.5,3.43879e-05,0.000171939,1
4230,4235,4232.5,3.43879e-05,0.000171939,1
4235,4240,4237.5,0.000171939,0.000859697,5
4240,4245,4242.5,3.43879e-05,0.000171939,1
4245,4250,4247.5,3.43879e-05,0.000171939,1
4250,4255,4252.5,6.87758e-05,0.000343879,2
4255,4260,4257.5,3.43879e-05,0.000171939,1
4260,4265,4262.5,0.000137552,0.000687758,4
4265,4270,4267.5,3.43879e-05,0.000171939,1
4270,4275,4272.5,3.43879e-05,0.000171939,1
4275,4280,4277.5,3.43879e-05,0.000171939,1
4280,4285,4282.5,0.000137552,0.000687758,4
4285,4290,4287.5,0.000171939,0.000859697,5
4290,4295,4292.5,0.000103164,0.000515818,3
4295,4300,4297.5,0.000137552,0.000687758,4
4300,4305,4302.5,6.87758e-05,0.000343879,2
4305,4310,4307.5,0.000103164,0.000515818,3
4310,4315,4312.5,6.87758e-05,0.000343879,2
4315,4320,4317.5,0.000103164,0.000515818,3
4320,4325,4322.5,0.000103164,0.000515818,3
4325,4330,4327.5,3.43879e-05,0.000171939,1
4330,4335,4332.5,6.87758e-05,0.000343879,2
4335,4340,4337.5,0.000137552,0.000687758,4
4340,4345,4342.5,0.000137552,0.000687758,4
4345,4350,4347.5,3.43879e-05,0.000171939,1
4350,4355,4352.5,3.43879e-05,0.000171939,1
4365,4370,4367.5,3.43879e-05,0.000171939,1
4375,4380,4377.5,3.43879e-05,0.000171939,1
4380,4385,4382.5,3.43879e-05,0.000171939,1
4385,4390,4387.5,3.43879e-05,0.000171939,1
4390,4395,4392.5,3.43879e-05,0.000171939,1
4395,4400,4397.5,3.43879e-05,0.000171939,1
4400,4405,4402.5,6.87758e-05,0.000343879,2
4415,4420,4417.5,3.43879e-05,0.000171939,1
4420,4425,4422.5,3.43879e-05,0.000171939,1
4425,4430,4427.5,6.87758e-05,0.000343879,2
4430,4435,4432.5,6.87758e-05,0.000343879,2
4435,4440,4437.5,3.43879e-05,0.000171939,1
4470,4475,4472.5,6.87758e-05,0.000343879,2
4475,4480,4477.5,3.43879e-05,0.000171939,1
4480,4485,4482.5,3.43879e-05,0.000171939,1
4485,4490,4487.5,0.000103164,0.000515818,3
4490,4495,4492.5,3.43879e-05,0.000171939,1
4495,4500,4497.5,6.87758e-05,0.000343879,2
4510,4515,4512.5,3.43879e-05,0.000171939,1
4515,4520,4517.5,6.87758e-05,0.000343879,2
4520,4525,4522.5,3.43879e-05,0.000171939,1
4525,4530,4527.5,3.43879e-05,0.000171939,1
4530,4535,4532.5,3.43879e-05,0.000171939,1
4535,4540,4537.5,6.87758e-05,0.000343879,2
4540,4545,4542.5,3.43879e-05,0.000171939,1
4545,4550,4547.5,3.43879e-05,0.000171939,1
4550,4555,4552.5,3.43879e-05,0.000171939,1
4565,4570,4567.5,3.43879e-05,0.000171939,1
4590,4595,4592.5,3.43879e-05,0.000171939,1
4595,4600,4597.5,3.43879e-05,0.000171939,1
4610,4615,4612.5,3.43879e-05,0.000171939,1
4615,4620,4617.5,3.43879e-05,0.000171939,1
4620,4625,4622.5,6.87758e-05,0.000343879,2
4625,4630,4627.5,3.43879e-05,0.000171939,1
4630,4635,4632.5,6.87758e-05,0.000343879,2
4640,4645,4642.5,3.43879e-05,0.000171939,1
4645,4650,4647.5,3.43879e-05,0.000171939,1
4660,4665,4662.5,3.43879e-05,0.000171939,1
4665,4670,4667.5,3.43879e-05,0.000171939,1
4695,4700,4697.5,3.43879e-05,0.000171939,1
4715,4720,4717.5,3.43879e-05,0.000171939,1
4725,4730,4727.5,3.43879e-05,0.000171939,1
4730,4735,4732.5,3.43879e-05,0.000171939,1
4755,4760,4757.5,0.000103164,0.000515818,3
4760,4765,4762.5,3.43879e-05,0.000171939,1
4765,4770,4767.5,3.43879e-05,0.000171939,1
4775,4780,4777.5,6.87758e-05,0.000343879,2
4785,4790,4787.5,3.43879e-05,0.000171939,1
4795,4800,4797.5,0.000103164,0.000515818,3
4820,4825,4822.5,6.87758e-05,0.000343879,2
4830,4835,4832.5,3.43879e-05,0.000171939,1
4835,4840,4837.5,3.43879e-05,0.000171939,1
4865,4870,4867.5,6.87758e-05,0.000343879,2
4880,4885,4882.5,3.43879e-05,0.000171939,1
4885,4890,4887.5,3.43879e-05,0.000171939,1
4900,4905,4902.5,3.43879e-05,0.000171939,1
4910,4915,4912.5,3.43879e-05,0.000171939,1
4920,4925,4922.5,0.000103164,0.000515818,3
4925,4930,4927.5,3.43879e-05,0.000171939,1
4930,4935,4932.5,3.43879e-05,0.000171939,1
4935,4940,4937.5,3.43879e-05,0.000171939,1
4940,4945,4942.5,3.43879e-05,0.000171939,1
4955,4960,4957.5,0.000103164,0.000515818,3
4960,4965,4962.5,6.87758e-05,0.000343879,2
4965,4970,4967.5,3.43879e-05,0.000171939,1
4975,4980,4977.5,3.43879e-05,0.000171939,1
4990,4995,4992.5,3.43879e-05,0.000171939,1
5010,5015,5012.5,3.43879e-05,0.000171939,1
5015,5020,5017.5,3.43879e-05,0.000171939,1
5020,5025,5022.5,3.43879e-05,0.000171939,1
5025,5030,5027.5,6.87758e-05,0.000343879,2
5035,5040,5037.5,6.87758e-05,0.000343879,2
5040,5045,5042.5,6.87758e-05,0.000343879,2
5045,5050,5047.5,3.43879e-05,0.000171939,1
5070,5075,5072.5,3.43879e-05,0.000171939,1
5075,5080,5077.5,3.43879e-05,0.000171939,1
5080,5085,5082.5,3.43879e-05,0.000171939,1
5095,5100,5097.5,3.43879e-05,0.000171939,1
5110,5115,5112.5,3.43879e-05,0.000171939,1
5135,5140,5137.5,3.43879e-05,0.000171939,1
5140,5145,5142.5,3.43879e-05,0.000171939,1
5145,5150,5147.5,3.43879e-05,0.000171939,1
5150,5155,5152.5,3.43879e-05,0.000171939,1
5155,5160,5157.5,3.43879e-05,0.000171939,1
5160,5165,5162.5,3.43879e-05,0.000171939,1
5165,5170,5167.5,3.43879e-05,0.000171939,1
5175,5180,5177.5,3.43879e-05,0.000171939,1
5180,5185,5182.5,3.43879e-05,0.000171939,1
5185,5190,5187.5,3.43879e-05,0.000171939,1
5195,5200,5197.5,3.43879e-05,0.000171939,1
5200,5205,5202.5,6.87758e-05,0.000343879,2
5205,5210,5207.5,3.43879e-05,0.000171939,1
5210,5215,5212.5,3.43879e-05,0.000171939,1
5215,5220,5217.5,6.87758e-05,0.000343879,2
5220,5225,5222.5,3.43879e-05,0.000171939,1
5225,5230,5227.5,3.43879e-05,0.000171939,1
5230,5235,5232.5,6.87758e-05,0.000343879,2
5255,5260,5257.5,3.43879e-05,0.000171939,1
5275,5280,5277.5,3.43879e-05,0.000171939,1
5290,5295,5292.5,3.43879e-05,0.000171939,1
5315,5320,5317.5,6.87758e-05,0.000343879,2
5330,5335,5332.5,3.43879e-05,0.000171939,1
5340,5345,5342.5,3.43879e-05,0.000171939,1
5365,5370,5367.5,3.43879e-05,0.000171939,1
5375,5380,5377.5,6.87758e-05,0.000343879,2
5380,5385,5382.5,3.43879e-05,0.000171939,1
5390,5395,5392.5,3.43879e-05,0.000171939,1
5395,5400,5397.5,6.87758e-05,0.000343879,2
5410,5415,5412.5,3.43879e-05,0.000171939,1
5425,5430,5427.5,6.87758e-05,0.000343879,2
5435,5440,5437.5,3.43879e-05,0.000171939,1
5455,5460,5457.5,3.43879e-05,0.000171939,1
5470,5475,5472.5,3.43879e-05,0.000171939,1
5475,5480,5477.5,3.43879e-05,0.000171939,1
5485,5490,5487.5,3.43879e-05,0.000171939,1
5495,5500,5497.5,3.43879e-05,0.000171939,1
5510,5515,5512.5,6.87758e-05,0.000343879,2
5525,5530,5527.5,3.43879e-05,0.000171939,1
5535,5540,5537.5,3.43879e-05,0.000171939,1
5540,5545,5542.5,3.43879e-05,0.000171939,1
5550,5555,5552.5,6.87758e-05,0.000343879,2
5555,5560,5557.5,6.87758e-05,0.000343879,2
5575,5580,5577.5,3.43879e-05,0.000171939,1
5590,5595,5592.5,3.43879e-05,0.000171939,1
5610,5615,5612.5,6.87758e-05,0.000343879,2
5615,5620,5617.5,6.87758e-05,0.000343879,2
5620,5625,5622.5,3.43879e-05,0.000171939,1
5625,5630,5627.5,3.43879e-05,0.000171939,1
5650,5655,5652.5,3.43879e-05,0.000171939,1
5680,5685,5682.5,0.000103164,0.000515818,3
5695,5700,5697.5,3.43879e-05,0.000171939,1
5710,5715,5712.5,3.43879e-05,0.000171939,1
5720,5725,5722.5,3.43879e-05,0.000171939,1
5760,5765,5762.5,3.43879e-05,0.000171939,1
5780,5785,5782.5,3.43879e-05,0.000171939,1
5785,5790,5787.5,3.43879e-05,0.000171939,1
5805,5810,5807.5,3.43879e-05,0.000171939,1
5815,5820,5817.5,3.43879e-05,0.000171939,1
5825,5830,5827.5,3.43879e-05,0.000171939,1
5835,5840,5837.5,3.43879e-05,0.000171939,1
5875,5880,5877.5,3.43879e-05,0.000171939,1
5880,5885,5882.5,3.43879e-05,0.000171939,1
5885,5890,5887.5,3.43879e-05,0.000171939,1
5910,5915,5912.5,3.43879e-05,0.000171939,1
5915,5920,5917.5,3.43879e-05,0.000171939,1
5920,5925,5922.5,3.43879e-05,0.000171939,1
5950,5955,5952.5,3.43879e-05,0.000171939,1
5965,5970,5967.5,3.43879e-05,0.000171939,1
5985,5990,5987.5,3.43879e-05,0.000171939,1
5990,5995,5992.5,3.43879e-05,0.000171939,1
6005,6010,6007.5,6.87758e-05,0.000343879,2
6040,6045,6042.5,3.43879e-05,0.000171939,1
6050,6055,6052.5,3.43879e-05,0.000171939,1
6055,6060,6057.5,3.43879e-05,0.000171939,1
6060,6065,6062.5,6.87758e-05,0.000343879,2
6075,6080,6077.5,3.43879e-05,0.000171939,1
6095,6100,6097.5,6.87758e-05,0.000343879,2
6105,6110,6107.5,3.43879e-05,0.000171939,1
6110,6115,6112.5,3.43879e-05,0.000171939,1
6125,6130,6127.5,3.43879e-05,0.000171939,1
6130,6135,6132.5,3.43879e-05,0.000171939,1
6135,6140,6137.5,3.43879e-05,0.000171939,1
6180,6185,6182.5,3.43879e-05,0.000171939,1
6185,6190,6187.5,3.43879e-05,0.000171939,1
6195,6200,6197.5,3.43879e-05,0.000171939,1
6205,6210,6207.5,3.43879e-05,0.000171939,1
6215,6220,6217.5,6.87758e-05,0.000343879,2
6230,6235,6232.5,3.43879e-05,0.000171939,1
6260,6265,6262.5,3.43879e-05,0.000171939,1
6290,6295,6292.5,3.43879e-05,0.000171939,1
6295,6300,6297.5,3.43879e-05,0.000171939,1
6300,6305,6302.5,3.43879e-05,0.000171939,1
6305,6310,6307.5,3.43879e-05,0.000171939,1
6310,6315,6312.5,3.43879e-05,0.000171939,1
6315,6320,6317.5,3.43879e-05,0.000171939,1
6320,6325,6322.5,3.43879e-05,0.000171939,1
6375,6380,6377.5,3.43879e-05,0.000171939,1
6395,6400,6397.5,3.43879e-05,0.000171939,1
6430,6435,6432.5,3.43879e-05,0.000171939,1
6440,6445,6442.5,3.43879e-05,0.000171939,1
6465,6470,6467.5,6.87758e-05,0.000343879,2
6470,6475,6472.5,3.43879e-05,0.000171939,1
6480,6485,6482.5,3.43879e-05,0.000171939,1
6485,6490,6487.5,6.87758e-05,0.000343879,2
6490,6495,6492.5,3.43879e-05,0.000171939,1
6500,6505,6502.5,3.43879e-05,0.000171939,1
6535,6540,6537.5,3.43879e-05,0.000171939,1
6555,6560,6557.5,6.87758e-05,0.000343879,2
6565,6570,6567.5,3.43879e-05,0.000171939,1
6575,6580,6577.5,0.000103164,0.000515818,3
6585,6590,6587.5,3.43879e-05,0.000171939,1
6590,6595,6592.5,3.43879e-05,0.000171939,1
6595,6600,6597.5,3.43879e-05,0.000171939,1
6610,6615,6612.5,3.43879e-05,0.000171939,1
6615,6620,6617.5,3.43879e-05,0.000171939,1
6620,6625,6622.5,3.43879e-05,0.000171939,1
6630,6635,6632.5,3.43879e-05,0.000171939,1
6645,6650,6647.5,3.43879e-05,0.000171939,1
6685,6690,6687.5,3.43879e-05,0.000171939,1
6695,6700,6697.5,3.43879e-05,0.000171939,1
6705,6710,6707.5,6.87758e-05,0.000343879,2
6725,6730,6727.5,3.43879e-05,0.000171939,1
6730,6735,6732.5,3.43879e-05,0.000171939,1
6740,6745,6742.5,3.43879e-05,0.000171939,1
6745,6750,6747.5,3.43879e-05,0.000171939,1
6780,6785,6782.5,3.43879e-05,0.000171939,1
6785,6790,6787.5,3.43879e-05,0.000171939,1
6790,6795,6792.5,3.43879e-05,0.000171939,1
6805,6810,6807.5,3.43879e-05,0.000171939,1
6830,6835,6832.5,3.43879e-05,0.000171939,1
6840,6845,6842.5,0.000103164,0.000515818,3
6850,6855,6852.5,6.87758e-05,0.000343879,2
6855,6860,6857.5,3.43879e-05,0.000171939,1
6890,6895,6892.5,6.87758e-05,0.000343879,2
6895,6900,6897.5,3.43879e-05,0.000171939,1
6940,6945,6942.5,3.43879e-05,0.000171939,1
6950,6955,6952.5,3.43879e-05,0.000171939,1
6960,6965,6962.5,3.43879e-05,0.000171939,1
6980,6985,6982.5,3.43879e-05,0.000171939,1
7025,7030,7027.5,3.43879e-05,0.000171939,1
7030,7035,7032.5,3.43879e-05,0.000171939,1
7035,7040,7037.5,3.43879e-05,0.000171939,1
7045,7050,7047.5,6.87758e-05,0.000343879,2
7050,7055,7052.5,6.87758e-05,0.000343879,2
7095,7100,7097.5,6.87758e-05,0.000343879,2
7165,7170,7167.5,3.43879e-05,0.000171939,1
7175,7180,7177.5,3.43879e-05,0.000171939,1
7180,7185,7182.5,3.43879e-05,0.000171939,1
7210,7215,7212.5,6.87758e-05,0.000343879,2
7235,7240,7237.5,3.43879e-05,0.000171939,1
7285,7290,7287.5,3.43879e-05,0.000171939,1
7305,7310,7307.5,3.43879e-05,0.000171939,1
7310,7315,7312.5,3.43879e-05,0.000171939,1
7340,7345,7342.5,6.87758e-05,0.000343879,2
7370,7375,7372.5,3.43879e-05,0.000171939,1
7485,7490,7487.5,3.43879e-05,0.000171939,1
7495,7500,7497.5,3.43879e-05,0.000171939,1
7540,7545,7542.5,3.43879e-05,0.000171939,1
7545,7550,7547.5,3.43879e-05,0.000171939,1
7580,7585,7582.5,3.43879e-05,0.000171939,1
7670,7675,7672.5,3.43879e-05,0.000171939,1
7675,7680,7677.5,3.43879e-05,0.000171939,1
7730,7735,7732.5,3.43879e-05,0.000171939,1
7745,7750,7747.5,3.43879e-05,0.000171939,1
7750,7755,7752.5,3.43879e-05,0.000171939,1
7755,7760,7757.5,3.43879e-05,0.000171939,1
7760,7765,7762.5,6.87758e-05,0.000343879,2
7765,7770,7767.5,3.43879e-05,0.000171939,1
7855,7860,7857.5,3.43879e-05,0.000171939,1
7870,7875,7872.5,3.43879e-05,0.000171939,1
7905,7910,7907.5,6.87758e-05,0.000343879,2
7910,7915,7912.5,3.43879e-05,0.000171939,1
7970,7975,7972.5,3.43879e-05,0.000171939,1
7975,7980,7977.5,3.43879e-05,0.000171939,1
8040,8045,8042.5,3.43879e-05,0.000171939,1
8060,8065,8062.5,3.43879e-05,0.000171939,1
8075,8080,8077.5,6.87758e-05,0.000343879,2
8125,8130,8127.5,6.87758e-05,0.000343879,2
8140,8145,8142.5,3.43879e-05,0.000171939,1
8180,8185,8182.5,3.43879e-05,0.000171939,1
8190,8195,8192.5,3.43879e-05,0.000171939,1
8240,8245,8242.5,3.43879e-05,0.000171939,1
8255,8260,8257.5,3.43879e-05,0.000171939,1
8280,8285,8282.5,3.43879e-05,0.000171939,1
8285,8290,8287.5,3.43879e-05,0.000171939,1
8290,8295,8292.5,3.43879e-05,0.000171939,1
8475,8480,8477.5,3.43879e-05,0.000171939,1
8530,8535,8532.5,3.43879e-05,0.000171939,1
8580,8585,8582.5,3.43879e-05,0.000171939,1
8585,8590,8587.5,3.43879e-05,0.000171939,1
8595,8600,8597.5,3.43879e-05,0.000171939,1
8600,8605,8602.5,3.43879e-05,0.000171939,1
8610,8615,8612.5,3.43879e-05,0.000171939,1
8625,8630,8627.5,3.43879e-05,0.000171939,1
8640,8645,8642.5,3.43879e-05,0.000171939,1
8645,8650,8647.5,3.43879e-05,0.000171939,1
8660,8665,8662.5,3.43879e-05,0.000171939,1
8695,8700,8697.5,3.43879e-05,0.000171939,1
8710,8715,8712.5,3.43879e-05,0.000171939,1
8715,8720,8717.5,3.43879e-05,0.000171939,1
8870,8875,8872.5,3.43879e-05,0.000171939,1
8880,8885,8882.5,3.43879e-05,0.000171939,1
8900,8905,8902.5,3.43879e-05,0.000171939,1
8915,8920,8917.5,3.43879e-05,0.000171939,1
9010,9015,9012.5,6.87758e-05,0.000343879,2
9015,9020,9017.5,3.43879e-05,0.000171939,1
9025,9030,9027.5,3.43879e-05,0.000171939,1
9065,9070,9067.5,3.43879e-05,0.000171939,1
9090,9095,9092.5,3.43879e-05,0.000171939,1
9110,9115,9112.5,3.43879e-05,0.000171939,1
9120,9125,9122.5,3.43879e-05,0.000171939,1
9125,9130,9127.5,6.87758e-05,0.000343879,2
9165,9170,9167.5,3.43879e-05,0.000171939,1
9180,9185,9182.5,3.43879e-05,0.000171939,1
9215,9220,9217.5,3.43879e-05,0.000171939,1
9230,9235,9232.5,3.43879e-05,0.000171939,1
9265,9270,9267.5,3.43879e-05,0.000171939,1
9280,9285,9282.5,3.43879e-05,0.000171939,1
9355,9360,9357.5,3.43879e-05,0.000171939,1
9395,9400,9397.5,3.43879e-05,0.000171939,1
9475,9480,9477.5,3.43879e-05,0.000171939,1
9495,9500,9497.5,3.43879e-05,0.000171939,1
9515,9520,9517.5,3.43879e-05,0.000171939,1
9580,9585,9582.5,3.43879e-05,0.000171939,1
9595,9600,9597.5,3.43879e-05,0.000171939,1
9675,9680,9677.5,3.43879e-05,0.000171939,1
9695,9700,9697.5,3.43879e-05,0.000171939,1
9700,9705,9702.5,3.43879e-05,0.000171939,1
9715,9720,9717.5,3.43879e-05,0.000171939,1
9730,9735,9732.5,3.43879e-05,0.000171939,1
9770,9775,9772.5,3.43879e-05,0.000171939,1
9780,9785,9782.5,3.43879e-05,0.000171939,1
9805,9810,9807.5,6.87758e-05,0.000343879,2
9825,9830,9827.5,3.43879e-05,0.000171939,1
9830,9835,9832.5,3.43879e-05,0.000171939,1
9890,9895,9892.5,3.43879e-05,0.000171939,1
9930,9935,9932.5,3.43879e-05,0.000171939,1
9935,9940,9937.5,3.43879e-05,0.000171939,1
10060,10065,10062.5,3.43879e-05,0.000171939,1
10080,10085,10082.5,3.43879e-05,0.000171939,1
10090,10095,10092.5,3.43879e-05,0.000171939,1
10180,10185,10182.5,3.43879e-05,0.000171939,1
10190,10195,10192.5,3.43879e-05,0.000171939,1
10245,10250,10247.5,3.43879e-05,0.000171939,1
10300,10305,10302.5,3.43879e-05,0.000171939,1
10310,10315,10312.5,3.43879e-05,0.000171939,1
10335,10340,10337.5,3.43879e-05,0.000171939,1
10350,10355,10352.5,3.43879e-05,0.000171939,1
10420,10425,10422.5,3.43879e-05,0.000171939,1
10435,10440,10437.5,3.43879e-05,0.000171939,1
10440,10445,10442.5,3.43879e-05,0.000171939,1
10460,10465,10462.5,3.43879e-05,0.000171939,1
10515,10520,10517.5,3.43879e-05,0.000171939,1
10545,10550,10547.5,3.43879e-05,0.000171939,1
10580,10585,10582.5,3.43879e-05,0.000171939,1
10610,10615,10612.5,3.43879e-05,0.000171939,1
10650,10655,10652.5,3.43879e-05,0.000171939,1
10700,10705,10702.5,3.43879e-05,0.000171939,1
10760,10765,10762.5,3.43879e-05,0.000171939,1
10765,10770,10767.5,3.43879e-05,0.000171939,1
10785,10790,10787.5,3.43879e-05,0.000171939,1
10900,10905,10902.5,3.43879e-05,0.000171939,1
10945,10950,10947.5,3.43879e-05,0.000171939,1
11000,11005,11002.5,3.43879e-05,0.000171939,1
11040,11045,11042.5,3.43879e-05,0.000171939,1
11215,11220,11217.5,3.43879e-05,0.000171939,1
11230,11235,11232.5,3.43879e-05,0.000171939,1
11235,11240,11237.5,3.43879e-05,0.000171939,1
11275,11280,11277.5,3.43879e-05,0.000171939,1
11345,11350,11347.5,3.43879e-05,0.000171939,1
11350,11355,11352.5,3.43879e-05,0.000171939,1
11380,11385,11382.5,3.43879e-05,0.000171939,1
11515,11520,11517.5,3.43879e-05,0.000171939,1
11580,11585,11582.5,3.43879e-05,0.000171939,1
11630,11635,11632.5,3.43879e-05,0.000171939,1
11745,11750,11747.5,3.43879e-05,0.000171939,1
11785,11790,11787.5,3.43879e-05,0.000171939,1
11825,11830,11827.5,3.43879e-05,0.000171939,1
11840,11845,11842.5,3.43879e-05,0.000171939,1
11900,11905,11902.5,3.43879e-05,0.000171939,1
11955,11960,11957.5,3.43879e-05,0.000171939,1
11965,11970,11967.5,6.87758e-05,0.000343879,2
11970,11975,11972.5,3.43879e-05,0.000171939,1
12055,12060,12057.5,3.43879e-05,0.000171939,1
12060,12065,12062.5,6.87758e-05,0.000343879,2
12095,12100,12097.5,6.87758e-05,0.000343879,2
12390,12395,12392.5,3.43879e-05,0.000171939,1
12455,12460,12457.5,3.43879e-05,0.000171939,1
12535,12540,12537.5,3.43879e-05,0.000171939,1
12550,12555,12552.5,3.43879e-05,0.000171939,1
12585,12590,12587.5,3.43879e-05,0.000171939,1
12740,12745,12742.5,6.87758e-05,0.000343879,2
12750,12755,12752.5,3.43879e-05,0.000171939,1
12775,12780,12777.5,3.43879e-05,0.000171939,1
12810,12815,12812.5,3.43879e-05,0.000171939,1
12835,12840,12837.5,3.43879e-05,0.000171939,1
12995,13000,12997.5,3.43879e-05,0.000171939,1
13155,13160,13157.5,3.43879e-05,0.000171939,1
13180,13185,13182.5,3.43879e-05,0.000171939,1
13185,13190,13187.5,3.43879e-05,0.000171939,1
13235,13240,13237.5,3.43879e-05,0.000171939,1
13240,13245,13242.5,3.43879e-05,0.000171939,1
13385,13390,13387.5,3.43879e-05,0.000171939,1
13450,13455,13452.5,3.43879e-05,0.000171939,1
13465,13470,13467.5,3.43879e-05,0.000171939,1
13510,13515,13512.5,3.43879e-05,0.000171939,1
13560,13565,13562.5,3.43879e-05,0.000171939,1
13585,13590,13587.5,3.43879e-05,0.000171939,1
13620,13625,13622.5,3.43879e-05,0.000171939,1
13695,13700,13697.5,3.43879e-05,0.000171939,1
13890,13895,13892.5,3.43879e-05,0.000171939,1
13920,13925,13922.5,3.43879e-05,0.000171939,1
13940,13945,13942.5,3.43879e-05,0.000171939,1
13990,13995,13992.5,3.43879e-05,0.000171939,1
14250,14255,14252.5,3.43879e-05,0.000171939,1
14405,14410,14407.5,3.43879e-05,0.000171939,1
14560,14565,14562.5,3.43879e-05,0.000171939,1
14740,14745,14742.5,3.43879e-05,0.000171939,1
14930,14935,14932.5,3.43879e-05,0.000171939,1
15120,15125,15122.5,3.43879e-05,0.000171939,1
15605,15610,15607.5,3.43879e-05,0.000171939,1
16010,16015,16012.5,3.43879e-05,0.000171939,1
16015,16020,16017.5,3.43879e-05,0.000171939,1
16185,16190,16187.5,3.43879e-05,0.000171939,1
16255,16260,16257.5,3.43879e-05,0.000171939,1
16300,16305,16302.5,3.43879e-05,0.000171939,1
16905,16910,16907.5,3.43879e-05,0.000171939,1
17150,17155,17152.5,3.43879e-05,0.000171939,1
17395,17400,17397.5,3.43879e-05,0.000171939,1
17685,17690,17687.5,3.43879e-05,0.000171939,1
17715,17720,17717.5,3.43879e-05,0.000171939,1
17960,17965,17962.5,3.43879e-05,0.000171939,1
18225,18230,18227.5,3.43879e-05,0.000171939,1
18320,18325,18322.5,3.43879e-05,0.000171939,1
18405,18410,18407.5,3.43879e-05,0.000171939,1
18545,18550,18547.5,3.43879e-05,0.000171939,1
18640,18645,18642.5,3.43879e-05,0.000171939,1
18750,18755,18752.5,3.43879e-05,0.000171939,1
18850,18855,18852.5,3.43879e-05,0.000171939,1
18945,18950,18947.5,3.43879e-05,0.000171939,1
20140,20145,20142.5,3.43879e-05,0.000171939,1
20375,20380,20377.5,3.43879e-05,0.000171939,1
21345,21350,21347.5,3.43879e-05,0.000171939,1
22095,22100,22097.5,3.43879e-05,0.000171939,1
23810,23815,23812.5,3.43879e-05,0.000171939,1
24940,24945,24942.5,3.43879e-05,0.000171939,1
27385,27390,27387.5,3.43879e-05,0.000171939,1
28300,28305,28302.5,3.43879e-05,0.000171939,1
30115,30120,30117.5,3.43879e-05,0.000171939,1
33020,33025,33022.5,3.43879e-05,0.000171939,1
38795,38800,38797.5,3.43879e-05,0.000171939,1
VO Delay PDF CSV saved: scratch/delay_pdf/pedca_vo_delay_pdf.csv

P-EDCA STA Delay PDF CSV saved: scratch/delay_pdf/11be/adaptive_compare_burst/pilot/adaptive2_k30.csv
--- EXTENDED_STATS_BEGIN ---
PEDCA_STA_SUCC_COUNT: 5816
PEDCA_STA_FAIL_COUNT: 42
PEDCA_STA_ZERO_RETX: 5811
LEGACY_STA_SUCC_COUNT: 0
LEGACY_STA_FAIL_COUNT: 0
LEGACY_STA_ZERO_RETX: 0
PEDCA_STA_AVG_MAC_DELAY: 2034.02
PEDCA_STA_AVG_QUEUE_DELAY: 1745.18
PEDCA_STA_AVG_ACCESS_DELAY: 288.843
--- EXTENDED_STATS_END ---
