[INFO] std::clog redirected to: /dev/null

--- Per-STA P-EDCA Detail ---
  STA0: DS-CTS=60 S2Entry=60 S2Tx=43 PedcaOK=40 EdcaOK=156 FailCTS=1 FailColl=2 FailExp=0 Defer=0
  STA1: DS-CTS=14 S2Entry=14 S2Tx=12 PedcaOK=11 EdcaOK=151 FailCTS=1 FailColl=0 FailExp=0 Defer=0
  STA2: DS-CTS=36 S2Entry=36 S2Tx=29 PedcaOK=27 EdcaOK=55 FailCTS=2 FailColl=0 FailExp=0 Defer=0
  STA3: DS-CTS=9 S2Entry=9 S2Tx=8 PedcaOK=8 EdcaOK=119 FailCTS=0 FailColl=0 FailExp=0 Defer=0
  STA4: DS-CTS=7 S2Entry=7 S2Tx=5 PedcaOK=4 EdcaOK=241 FailCTS=1 FailColl=0 FailExp=0 Defer=0
  STA5: DS-CTS=56 S2Entry=56 S2Tx=45 PedcaOK=41 EdcaOK=126 FailCTS=4 FailColl=0 FailExp=0 Defer=0
  STA6: DS-CTS=6 S2Entry=6 S2Tx=5 PedcaOK=4 EdcaOK=277 FailCTS=1 FailColl=0 FailExp=0 Defer=0
  STA7: DS-CTS=5 S2Entry=5 S2Tx=5 PedcaOK=4 EdcaOK=5 FailCTS=1 FailColl=0 FailExp=0 Defer=0
  STA8: DS-CTS=50 S2Entry=50 S2Tx=40 PedcaOK=38 EdcaOK=195 FailCTS=1 FailColl=1 FailExp=0 Defer=0
  STA9: DS-CTS=4 S2Entry=4 S2Tx=4 PedcaOK=3 EdcaOK=4 FailCTS=1 FailColl=0 FailExp=0 Defer=0
  STA10: DS-CTS=4 S2Entry=4 S2Tx=4 PedcaOK=4 EdcaOK=176 FailCTS=0 FailColl=0 FailExp=0 Defer=0
  STA11: DS-CTS=62 S2Entry=62 S2Tx=50 PedcaOK=46 EdcaOK=152 FailCTS=2 FailColl=2 FailExp=0 Defer=0
  STA12: DS-CTS=18 S2Entry=18 S2Tx=16 PedcaOK=16 EdcaOK=135 FailCTS=0 FailColl=0 FailExp=0 Defer=0
  STA13: DS-CTS=31 S2Entry=31 S2Tx=23 PedcaOK=22 EdcaOK=254 FailCTS=0 FailColl=1 FailExp=0 Defer=0
  STA14: DS-CTS=5 S2Entry=5 S2Tx=5 PedcaOK=5 EdcaOK=2 FailCTS=0 FailColl=0 FailExp=0 Defer=0

=== General Statistics ===
P-EDCA Ratio: 0.5
P-EDCA STAs: 15/30
P-EDCA Share (Avg Per-STA P-EDCA Tx/Total Tx): 20.8728 %
Avg P-EDCA Attempt Success Rate: 78.0801 %
Global P-EDCA Tx Success: 273
Global EDCA Tx Success: 2048
Global P-EDCA Attempt (DS-CTS Sent): 367

--- P-EDCA Detailed Trace ---
Stage 2 Entered: 367
Stage 2 TX Started: 294
P-EDCA Fail RTS No CTS: 15
P-EDCA Fail RTS Collision: 6
P-EDCA Fail Timing Expired: 0
P-EDCA Fail Deferral: 0
Total VO TX (P-EDCA+EDCA): 2321
Global P-EDCA Share: 11.7622 %
Global EDCA Share: 88.2378 %
Channel Idle Time (AP): 28.2837 % (565674 us / 2e+06 us)
Total Successes:       3841
Total Failures:        68
Total Retransmissions: 2

--- Per-AC Success Statistics ---
AC_BE:
  Successes:         37
  Throughput:        0.148 Mbps
  Packet Loss:       19.5652 %
  Avg Retx/MPDU:     0
  Avg Queue Delay:   -961769 us (Enqueue->TxStart)
  Avg Access Delay:  1.03148e+06 us (TxStart->Ack)
  Avg MAC Delay:     69706.9 us (Total: Enqueue->Ack)

AC_VO:
  Successes:         3804
  Throughput:        15.216 Mbps
  Packet Loss:       1.52731 %
  Avg Retx/MPDU:     0.000525762
  Avg Queue Delay:   1620.01 us (Enqueue->TxStart)
  Avg Access Delay:  267.881 us (TxStart->Ack)
  Avg MAC Delay:     1887.89 us (Total: Enqueue->Ack)

--- Per-AC Failure Statistics ---
AC_BE Failures: 9
AC_VO Failures: 59

--- Failure Reasons by AC ---
  AC_BE EXPIRED_LIFETIME: 9
  AC_VO RETRY_LIMIT: 59


=== Extended P-EDCA vs Legacy Statistics ===

--- [Stat 1] Delay by STA Type ---
P-EDCA STAs (15 STAs):
  Successes:         2243
  Failures:          2
  Throughput:        8.972 Mbps
  Packet Loss:       0.0890869 %
  Avg Queue Delay:   1442.49 us
  Avg Access Delay:  256.765 us
  Avg MAC Delay:     1699.26 us
  Median MAC Delay:  1111 us
  P95 MAC Delay:     4293 us
  P99 MAC Delay:     8886 us
Legacy EDCA STAs (15 STAs):
  Successes:         1563
  Failures:          57
  Throughput:        6.252 Mbps
  Packet Loss:       3.51852 %
  Avg Queue Delay:   1876.55 us
  Avg Access Delay:  283.642 us
  Avg MAC Delay:     2160.2 us
  Median MAC Delay:  1318 us
  P95 MAC Delay:     7050 us
  P99 MAC Delay:     12915 us

--- [Stat 2] Per-STA P-EDCA Attempt Count (DS-CTS Sent) ---
  STA0: 60 P-EDCA attempts
  STA1: 14 P-EDCA attempts
  STA2: 36 P-EDCA attempts
  STA3: 9 P-EDCA attempts
  STA4: 7 P-EDCA attempts
  STA5: 56 P-EDCA attempts
  STA6: 6 P-EDCA attempts
  STA7: 5 P-EDCA attempts
  STA8: 50 P-EDCA attempts
  STA9: 4 P-EDCA attempts
  STA10: 4 P-EDCA attempts
  STA11: 62 P-EDCA attempts
  STA12: 18 P-EDCA attempts
  STA13: 31 P-EDCA attempts
  STA14: 5 P-EDCA attempts
  Total: 367 P-EDCA attempts across 15 P-EDCA STAs
  Avg per P-EDCA STA: 24.4667

--- [Stat 3] P-EDCA One-Shot Success Probability ---
  P-EDCA Success / DS-CTS Sent:      273 / 367 = 74.3869 %
  P-EDCA Success / Stage2 TX Started: 273 / 294 = 92.8571 %  (given RTS was actually sent)

--- [Stat 4] EDCA One-Shot Success Ratio (0 retransmissions) ---
  Legacy STAs: 1563 / 1563 = 100 %
  P-EDCA STAs: 2241 / 2243 = 99.9108 %  (MAC-level, includes both P-EDCA and EDCA paths)

--- [Stat 5] P-EDCA Kickback-to-EDCA Probability ---
  Total P-EDCA Failures: 21 / 367 DS-CTS = 5.72207 %
    RTS No CTS:       15 (4.08719 %)
    RTS Collision:    6 (1.63488 %)
    Timing Expired:   0 (0 %)
    Deferral:         0 (0 %)

--- [Stat 6] P-EDCA RTS Collision Probability ---
  RTS Collision / Stage2 TX Started: 6 / 294 = 2.04082 %
  RTS Collision / DS-CTS Sent:       6 / 367 = 1.63488 %

--- [Stat 7] P-EDCA Attempts per Successful P-EDCA TX ---
  DS-CTS Sent / P-EDCA Success: 367 / 273 = 1.34432 attempts/success
  Stage2 TX / P-EDCA Success:   294 / 273 = 1.07692 RTS/success

--- VO Delay PDF (MAC Delay) ---
bin_start_us,bin_end_us,bin_mid_us,pdf_per_us,probability,count
220,225,222.5,5.25762e-05,0.000262881,1
225,230,227.5,0.000157729,0.000788644,3
230,235,232.5,5.25762e-05,0.000262881,1
235,240,237.5,0.000105152,0.000525762,2
240,245,242.5,5.25762e-05,0.000262881,1
245,250,247.5,0.000105152,0.000525762,2
255,260,257.5,5.25762e-05,0.000262881,1
260,265,262.5,5.25762e-05,0.000262881,1
265,270,267.5,0.000157729,0.000788644,3
275,280,277.5,0.000210305,0.00105152,4
280,285,282.5,0.000105152,0.000525762,2
285,290,287.5,0.000157729,0.000788644,3
290,295,292.5,0.000157729,0.000788644,3
295,300,297.5,5.25762e-05,0.000262881,1
300,305,302.5,0.000105152,0.000525762,2
305,310,307.5,0.000210305,0.00105152,4
315,320,317.5,5.25762e-05,0.000262881,1
320,325,322.5,5.25762e-05,0.000262881,1
325,330,327.5,0.000105152,0.000525762,2
330,335,332.5,0.000105152,0.000525762,2
335,340,337.5,0.000105152,0.000525762,2
340,345,342.5,0.00347003,0.0173502,66
345,350,347.5,0.00562566,0.0281283,107
350,355,352.5,0.00231335,0.0115668,44
355,360,357.5,0.0011041,0.0055205,21
360,365,362.5,0.00084122,0.0042061,16
365,370,367.5,0.000630915,0.00315457,12
370,375,372.5,0.00115668,0.00578339,22
375,380,377.5,0.000525762,0.00262881,10
380,385,382.5,0.000105152,0.000525762,2
385,390,387.5,0.000473186,0.00236593,9
390,395,392.5,0.000210305,0.00105152,4
395,400,397.5,0.00042061,0.00210305,8
400,405,402.5,0.000262881,0.00131441,5
405,410,407.5,0.000315457,0.00157729,6
410,415,412.5,0.000736067,0.00368034,14
415,420,417.5,0.000630915,0.00315457,12
420,425,422.5,0.000368034,0.00184017,7
425,430,427.5,0.000630915,0.00315457,12
430,435,432.5,0.000315457,0.00157729,6
435,440,437.5,0.00042061,0.00210305,8
440,445,442.5,0.00042061,0.00210305,8
445,450,447.5,0.000473186,0.00236593,9
450,455,452.5,0.0133544,0.0667718,254
455,460,457.5,0.000473186,0.00236593,9
460,465,462.5,0.000473186,0.00236593,9
465,470,467.5,0.000210305,0.00105152,4
470,475,472.5,0.00042061,0.00210305,8
475,480,477.5,0.000630915,0.00315457,12
480,485,482.5,0.00084122,0.0042061,16
485,490,487.5,0.000262881,0.00131441,5
490,495,492.5,0.00084122,0.0042061,16
495,500,497.5,0.000578339,0.00289169,11
500,505,502.5,0.000788644,0.00394322,15
505,510,507.5,0.000525762,0.00262881,10
510,515,512.5,0.000946372,0.00473186,18
515,520,517.5,0.000315457,0.00157729,6
520,525,522.5,0.000525762,0.00262881,10
525,530,527.5,0.000368034,0.00184017,7
530,535,532.5,0.000210305,0.00105152,4
535,540,537.5,0.000630915,0.00315457,12
540,545,542.5,0.000262881,0.00131441,5
545,550,547.5,0.00105152,0.00525762,20
550,555,552.5,0.000630915,0.00315457,12
555,560,557.5,0.000525762,0.00262881,10
560,565,562.5,0.00141956,0.00709779,27
565,570,567.5,0.000525762,0.00262881,10
570,575,572.5,0.000630915,0.00315457,12
575,580,577.5,0.00042061,0.00210305,8
580,585,582.5,0.000578339,0.00289169,11
585,590,587.5,0.000315457,0.00157729,6
590,595,592.5,0.000630915,0.00315457,12
595,600,597.5,0.000578339,0.00289169,11
600,605,602.5,0.00042061,0.00210305,8
605,610,607.5,0.000578339,0.00289169,11
610,615,612.5,0.000157729,0.000788644,3
615,620,617.5,0.000473186,0.00236593,9
620,625,622.5,0.000473186,0.00236593,9
625,630,627.5,0.00042061,0.00210305,8
630,635,632.5,0.000525762,0.00262881,10
635,640,637.5,0.000788644,0.00394322,15
640,645,642.5,0.000473186,0.00236593,9
645,650,647.5,0.000368034,0.00184017,7
650,655,652.5,0.000630915,0.00315457,12
655,660,657.5,0.000210305,0.00105152,4
660,665,662.5,0.000473186,0.00236593,9
665,670,667.5,0.000578339,0.00289169,11
670,675,672.5,0.00236593,0.0118297,45
675,680,677.5,0.000157729,0.000788644,3
680,685,682.5,0.000683491,0.00341746,13
685,690,687.5,0.000368034,0.00184017,7
690,695,692.5,0.000473186,0.00236593,9
695,700,697.5,0.00042061,0.00210305,8
700,705,702.5,0.000578339,0.00289169,11
705,710,707.5,0.000473186,0.00236593,9
710,715,712.5,0.000368034,0.00184017,7
715,720,717.5,0.000578339,0.00289169,11
720,725,722.5,0.000683491,0.00341746,13
725,730,727.5,0.000210305,0.00105152,4
730,735,732.5,0.000210305,0.00105152,4
735,740,737.5,0.00042061,0.00210305,8
740,745,742.5,0.00042061,0.00210305,8
745,750,747.5,0.000473186,0.00236593,9
750,755,752.5,0.000315457,0.00157729,6
755,760,757.5,0.000630915,0.00315457,12
760,765,762.5,0.000368034,0.00184017,7
765,770,767.5,0.000525762,0.00262881,10
770,775,772.5,0.00042061,0.00210305,8
775,780,777.5,0.000262881,0.00131441,5
780,785,782.5,0.00084122,0.0042061,16
785,790,787.5,0.000578339,0.00289169,11
790,795,792.5,0.000210305,0.00105152,4
795,800,797.5,0.000315457,0.00157729,6
800,805,802.5,0.000105152,0.000525762,2
805,810,807.5,0.000157729,0.000788644,3
810,815,812.5,0.000105152,0.000525762,2
815,820,817.5,0.000315457,0.00157729,6
820,825,822.5,0.000157729,0.000788644,3
825,830,827.5,0.000315457,0.00157729,6
830,835,832.5,0.000262881,0.00131441,5
835,840,837.5,0.000262881,0.00131441,5
840,845,842.5,0.000157729,0.000788644,3
845,850,847.5,0.000368034,0.00184017,7
850,855,852.5,0.00042061,0.00210305,8
855,860,857.5,0.000368034,0.00184017,7
860,865,862.5,0.000210305,0.00105152,4
865,870,867.5,0.000368034,0.00184017,7
870,875,872.5,0.000315457,0.00157729,6
875,880,877.5,0.000262881,0.00131441,5
880,885,882.5,0.000525762,0.00262881,10
885,890,887.5,0.00042061,0.00210305,8
890,895,892.5,0.0011041,0.0055205,21
895,900,897.5,0.000578339,0.00289169,11
900,905,902.5,0.000157729,0.000788644,3
905,910,907.5,0.000210305,0.00105152,4
910,915,912.5,0.000210305,0.00105152,4
915,920,917.5,0.000368034,0.00184017,7
920,925,922.5,0.000473186,0.00236593,9
925,930,927.5,0.000210305,0.00105152,4
930,935,932.5,0.000315457,0.00157729,6
935,940,937.5,0.000473186,0.00236593,9
940,945,942.5,0.000315457,0.00157729,6
945,950,947.5,0.00042061,0.00210305,8
950,955,952.5,0.000630915,0.00315457,12
955,960,957.5,0.000578339,0.00289169,11
960,965,962.5,0.000315457,0.00157729,6
965,970,967.5,0.000368034,0.00184017,7
970,975,972.5,0.000315457,0.00157729,6
975,980,977.5,0.000525762,0.00262881,10
980,985,982.5,0.000578339,0.00289169,11
985,990,987.5,0.00042061,0.00210305,8
990,995,992.5,0.00042061,0.00210305,8
995,1000,997.5,0.000473186,0.00236593,9
1000,1005,1002.5,0.000683491,0.00341746,13
1005,1010,1007.5,0.000315457,0.00157729,6
1010,1015,1012.5,0.000210305,0.00105152,4
1015,1020,1017.5,0.000315457,0.00157729,6
1020,1025,1022.5,0.000315457,0.00157729,6
1025,1030,1027.5,0.000525762,0.00262881,10
1030,1035,1032.5,0.000368034,0.00184017,7
1035,1040,1037.5,0.000315457,0.00157729,6
1040,1045,1042.5,0.000368034,0.00184017,7
1045,1050,1047.5,0.000157729,0.000788644,3
1050,1055,1052.5,0.000368034,0.00184017,7
1055,1060,1057.5,0.000210305,0.00105152,4
1060,1065,1062.5,0.000262881,0.00131441,5
1065,1070,1067.5,0.000368034,0.00184017,7
1070,1075,1072.5,0.000157729,0.000788644,3
1075,1080,1077.5,0.000315457,0.00157729,6
1080,1085,1082.5,0.000315457,0.00157729,6
1085,1090,1087.5,0.000262881,0.00131441,5
1090,1095,1092.5,0.00042061,0.00210305,8
1095,1100,1097.5,0.000157729,0.000788644,3
1100,1105,1102.5,0.000315457,0.00157729,6
1105,1110,1107.5,0.000210305,0.00105152,4
1110,1115,1112.5,0.000262881,0.00131441,5
1115,1120,1117.5,0.000210305,0.00105152,4
1120,1125,1122.5,0.000262881,0.00131441,5
1125,1130,1127.5,0.000262881,0.00131441,5
1130,1135,1132.5,0.000368034,0.00184017,7
1135,1140,1137.5,0.000368034,0.00184017,7
1140,1145,1142.5,0.000157729,0.000788644,3
1145,1150,1147.5,0.000368034,0.00184017,7
1150,1155,1152.5,0.000368034,0.00184017,7
1155,1160,1157.5,0.00042061,0.00210305,8
1160,1165,1162.5,0.000157729,0.000788644,3
1165,1170,1167.5,0.000262881,0.00131441,5
1170,1175,1172.5,0.000368034,0.00184017,7
1175,1180,1177.5,0.000210305,0.00105152,4
1180,1185,1182.5,0.000157729,0.000788644,3
1185,1190,1187.5,0.000683491,0.00341746,13
1190,1195,1192.5,0.000368034,0.00184017,7
1195,1200,1197.5,0.000210305,0.00105152,4
1200,1205,1202.5,0.000210305,0.00105152,4
1205,1210,1207.5,0.00042061,0.00210305,8
1210,1215,1212.5,0.000315457,0.00157729,6
1215,1220,1217.5,0.000210305,0.00105152,4
1220,1225,1222.5,0.000473186,0.00236593,9
1225,1230,1227.5,0.000262881,0.00131441,5
1230,1235,1232.5,0.000368034,0.00184017,7
1235,1240,1237.5,0.000210305,0.00105152,4
1240,1245,1242.5,0.000210305,0.00105152,4
1245,1250,1247.5,0.000262881,0.00131441,5
1250,1255,1252.5,0.000105152,0.000525762,2
1255,1260,1257.5,0.00042061,0.00210305,8
1260,1265,1262.5,0.000157729,0.000788644,3
1265,1270,1267.5,0.000315457,0.00157729,6
1270,1275,1272.5,0.000157729,0.000788644,3
1275,1280,1277.5,0.000262881,0.00131441,5
1280,1285,1282.5,0.000262881,0.00131441,5
1285,1290,1287.5,0.000210305,0.00105152,4
1290,1295,1292.5,0.000368034,0.00184017,7
1295,1300,1297.5,0.000368034,0.00184017,7
1300,1305,1302.5,0.000315457,0.00157729,6
1305,1310,1307.5,0.000473186,0.00236593,9
1310,1315,1312.5,0.000210305,0.00105152,4
1315,1320,1317.5,0.00042061,0.00210305,8
1320,1325,1322.5,0.000368034,0.00184017,7
1330,1335,1332.5,0.000368034,0.00184017,7
1335,1340,1337.5,0.000525762,0.00262881,10
1340,1345,1342.5,0.000105152,0.000525762,2
1345,1350,1347.5,0.000368034,0.00184017,7
1350,1355,1352.5,0.000105152,0.000525762,2
1355,1360,1357.5,0.000157729,0.000788644,3
1360,1365,1362.5,0.000262881,0.00131441,5
1365,1370,1367.5,0.000157729,0.000788644,3
1370,1375,1372.5,0.000210305,0.00105152,4
1375,1380,1377.5,0.000473186,0.00236593,9
1380,1385,1382.5,0.000157729,0.000788644,3
1385,1390,1387.5,0.000210305,0.00105152,4
1390,1395,1392.5,0.000368034,0.00184017,7
1395,1400,1397.5,0.000157729,0.000788644,3
1400,1405,1402.5,0.000262881,0.00131441,5
1405,1410,1407.5,0.000210305,0.00105152,4
1410,1415,1412.5,0.00042061,0.00210305,8
1415,1420,1417.5,0.000262881,0.00131441,5
1420,1425,1422.5,0.000262881,0.00131441,5
1425,1430,1427.5,0.000262881,0.00131441,5
1430,1435,1432.5,0.000210305,0.00105152,4
1435,1440,1437.5,0.000210305,0.00105152,4
1440,1445,1442.5,0.000368034,0.00184017,7
1445,1450,1447.5,0.000105152,0.000525762,2
1450,1455,1452.5,0.000315457,0.00157729,6
1455,1460,1457.5,0.000157729,0.000788644,3
1460,1465,1462.5,0.000262881,0.00131441,5
1465,1470,1467.5,0.000315457,0.00157729,6
1470,1475,1472.5,0.000315457,0.00157729,6
1475,1480,1477.5,0.000105152,0.000525762,2
1480,1485,1482.5,0.000368034,0.00184017,7
1485,1490,1487.5,0.000105152,0.000525762,2
1490,1495,1492.5,0.000105152,0.000525762,2
1495,1500,1497.5,0.00042061,0.00210305,8
1500,1505,1502.5,0.00042061,0.00210305,8
1505,1510,1507.5,0.000210305,0.00105152,4
1510,1515,1512.5,0.000210305,0.00105152,4
1515,1520,1517.5,0.000262881,0.00131441,5
1520,1525,1522.5,0.000315457,0.00157729,6
1525,1530,1527.5,0.000157729,0.000788644,3
1530,1535,1532.5,0.00042061,0.00210305,8
1535,1540,1537.5,0.000315457,0.00157729,6
1540,1545,1542.5,0.000157729,0.000788644,3
1545,1550,1547.5,0.000368034,0.00184017,7
1550,1555,1552.5,0.000315457,0.00157729,6
1555,1560,1557.5,0.000210305,0.00105152,4
1560,1565,1562.5,0.000315457,0.00157729,6
1565,1570,1567.5,0.000368034,0.00184017,7
1570,1575,1572.5,0.000105152,0.000525762,2
1575,1580,1577.5,0.000210305,0.00105152,4
1580,1585,1582.5,0.000157729,0.000788644,3
1585,1590,1587.5,0.000210305,0.00105152,4
1590,1595,1592.5,0.000262881,0.00131441,5
1595,1600,1597.5,0.000105152,0.000525762,2
1600,1605,1602.5,0.000315457,0.00157729,6
1605,1610,1607.5,0.000262881,0.00131441,5
1610,1615,1612.5,0.000105152,0.000525762,2
1615,1620,1617.5,0.000315457,0.00157729,6
1620,1625,1622.5,0.000210305,0.00105152,4
1625,1630,1627.5,0.000105152,0.000525762,2
1630,1635,1632.5,0.000157729,0.000788644,3
1635,1640,1637.5,0.000210305,0.00105152,4
1640,1645,1642.5,0.000105152,0.000525762,2
1645,1650,1647.5,0.000157729,0.000788644,3
1650,1655,1652.5,0.00042061,0.00210305,8
1655,1660,1657.5,0.000210305,0.00105152,4
1660,1665,1662.5,0.000262881,0.00131441,5
1665,1670,1667.5,0.000210305,0.00105152,4
1670,1675,1672.5,0.000315457,0.00157729,6
1675,1680,1677.5,0.000105152,0.000525762,2
1680,1685,1682.5,0.000210305,0.00105152,4
1685,1690,1687.5,0.000210305,0.00105152,4
1690,1695,1692.5,0.000262881,0.00131441,5
1695,1700,1697.5,0.000315457,0.00157729,6
1700,1705,1702.5,0.000210305,0.00105152,4
1705,1710,1707.5,0.00042061,0.00210305,8
1710,1715,1712.5,0.000262881,0.00131441,5
1715,1720,1717.5,0.000262881,0.00131441,5
1720,1725,1722.5,0.000262881,0.00131441,5
1725,1730,1727.5,0.000210305,0.00105152,4
1730,1735,1732.5,0.000315457,0.00157729,6
1735,1740,1737.5,0.000210305,0.00105152,4
1740,1745,1742.5,0.000210305,0.00105152,4
1745,1750,1747.5,0.000315457,0.00157729,6
1750,1755,1752.5,0.000157729,0.000788644,3
1755,1760,1757.5,0.000157729,0.000788644,3
1760,1765,1762.5,0.000157729,0.000788644,3
1765,1770,1767.5,0.000157729,0.000788644,3
1770,1775,1772.5,5.25762e-05,0.000262881,1
1775,1780,1777.5,0.000210305,0.00105152,4
1780,1785,1782.5,0.000105152,0.000525762,2
1785,1790,1787.5,0.000157729,0.000788644,3
1790,1795,1792.5,5.25762e-05,0.000262881,1
1795,1800,1797.5,0.000105152,0.000525762,2
1800,1805,1802.5,0.000315457,0.00157729,6
1805,1810,1807.5,5.25762e-05,0.000262881,1
1810,1815,1812.5,0.000157729,0.000788644,3
1815,1820,1817.5,0.000105152,0.000525762,2
1820,1825,1822.5,5.25762e-05,0.000262881,1
1825,1830,1827.5,0.000157729,0.000788644,3
1830,1835,1832.5,0.000105152,0.000525762,2
1835,1840,1837.5,0.000157729,0.000788644,3
1840,1845,1842.5,0.000210305,0.00105152,4
1845,1850,1847.5,0.000262881,0.00131441,5
1850,1855,1852.5,0.000210305,0.00105152,4
1855,1860,1857.5,5.25762e-05,0.000262881,1
1860,1865,1862.5,0.000157729,0.000788644,3
1865,1870,1867.5,0.000210305,0.00105152,4
1870,1875,1872.5,0.000157729,0.000788644,3
1875,1880,1877.5,0.000262881,0.00131441,5
1880,1885,1882.5,0.000157729,0.000788644,3
1885,1890,1887.5,0.000262881,0.00131441,5
1890,1895,1892.5,0.000157729,0.000788644,3
1895,1900,1897.5,0.000315457,0.00157729,6
1900,1905,1902.5,0.000262881,0.00131441,5
1905,1910,1907.5,0.000210305,0.00105152,4
1910,1915,1912.5,5.25762e-05,0.000262881,1
1915,1920,1917.5,0.00042061,0.00210305,8
1920,1925,1922.5,5.25762e-05,0.000262881,1
1925,1930,1927.5,5.25762e-05,0.000262881,1
1930,1935,1932.5,0.000315457,0.00157729,6
1935,1940,1937.5,5.25762e-05,0.000262881,1
1940,1945,1942.5,0.000105152,0.000525762,2
1945,1950,1947.5,0.000368034,0.00184017,7
1950,1955,1952.5,0.000368034,0.00184017,7
1955,1960,1957.5,0.000157729,0.000788644,3
1960,1965,1962.5,0.000210305,0.00105152,4
1965,1970,1967.5,0.000157729,0.000788644,3
1970,1975,1972.5,0.000157729,0.000788644,3
1975,1980,1977.5,0.000105152,0.000525762,2
1980,1985,1982.5,0.000210305,0.00105152,4
1985,1990,1987.5,0.000105152,0.000525762,2
1990,1995,1992.5,0.000157729,0.000788644,3
1995,2000,1997.5,0.000210305,0.00105152,4
2000,2005,2002.5,0.000210305,0.00105152,4
2005,2010,2007.5,0.000262881,0.00131441,5
2010,2015,2012.5,0.000210305,0.00105152,4
2015,2020,2017.5,0.000157729,0.000788644,3
2020,2025,2022.5,0.000157729,0.000788644,3
2025,2030,2027.5,5.25762e-05,0.000262881,1
2030,2035,2032.5,0.000105152,0.000525762,2
2035,2040,2037.5,0.000210305,0.00105152,4
2045,2050,2047.5,0.000157729,0.000788644,3
2050,2055,2052.5,0.000105152,0.000525762,2
2055,2060,2057.5,0.000105152,0.000525762,2
2060,2065,2062.5,0.000262881,0.00131441,5
2065,2070,2067.5,0.000105152,0.000525762,2
2070,2075,2072.5,0.000262881,0.00131441,5
2075,2080,2077.5,5.25762e-05,0.000262881,1
2080,2085,2082.5,0.000157729,0.000788644,3
2085,2090,2087.5,0.000105152,0.000525762,2
2090,2095,2092.5,0.000210305,0.00105152,4
2095,2100,2097.5,0.000105152,0.000525762,2
2100,2105,2102.5,0.000105152,0.000525762,2
2105,2110,2107.5,0.000105152,0.000525762,2
2110,2115,2112.5,0.000262881,0.00131441,5
2115,2120,2117.5,0.000368034,0.00184017,7
2120,2125,2122.5,0.000262881,0.00131441,5
2125,2130,2127.5,0.000210305,0.00105152,4
2130,2135,2132.5,0.000157729,0.000788644,3
2135,2140,2137.5,0.000105152,0.000525762,2
2140,2145,2142.5,0.000157729,0.000788644,3
2145,2150,2147.5,0.000105152,0.000525762,2
2150,2155,2152.5,0.000210305,0.00105152,4
2160,2165,2162.5,5.25762e-05,0.000262881,1
2165,2170,2167.5,0.000210305,0.00105152,4
2170,2175,2172.5,0.000315457,0.00157729,6
2175,2180,2177.5,0.000262881,0.00131441,5
2180,2185,2182.5,0.000105152,0.000525762,2
2185,2190,2187.5,0.000105152,0.000525762,2
2190,2195,2192.5,0.000210305,0.00105152,4
2195,2200,2197.5,0.000368034,0.00184017,7
2200,2205,2202.5,5.25762e-05,0.000262881,1
2205,2210,2207.5,0.000262881,0.00131441,5
2210,2215,2212.5,0.000315457,0.00157729,6
2215,2220,2217.5,0.000368034,0.00184017,7
2220,2225,2222.5,5.25762e-05,0.000262881,1
2225,2230,2227.5,0.000105152,0.000525762,2
2230,2235,2232.5,0.000105152,0.000525762,2
2235,2240,2237.5,0.000105152,0.000525762,2
2240,2245,2242.5,0.000262881,0.00131441,5
2245,2250,2247.5,0.000157729,0.000788644,3
2250,2255,2252.5,0.000105152,0.000525762,2
2255,2260,2257.5,0.000105152,0.000525762,2
2260,2265,2262.5,5.25762e-05,0.000262881,1
2265,2270,2267.5,5.25762e-05,0.000262881,1
2270,2275,2272.5,0.000210305,0.00105152,4
2275,2280,2277.5,5.25762e-05,0.000262881,1
2280,2285,2282.5,0.000105152,0.000525762,2
2285,2290,2287.5,0.000210305,0.00105152,4
2290,2295,2292.5,0.000210305,0.00105152,4
2295,2300,2297.5,0.000157729,0.000788644,3
2300,2305,2302.5,0.000210305,0.00105152,4
2305,2310,2307.5,5.25762e-05,0.000262881,1
2310,2315,2312.5,5.25762e-05,0.000262881,1
2315,2320,2317.5,0.000105152,0.000525762,2
2320,2325,2322.5,0.000157729,0.000788644,3
2325,2330,2327.5,0.000262881,0.00131441,5
2330,2335,2332.5,0.000105152,0.000525762,2
2335,2340,2337.5,5.25762e-05,0.000262881,1
2345,2350,2347.5,0.000105152,0.000525762,2
2350,2355,2352.5,5.25762e-05,0.000262881,1
2355,2360,2357.5,0.000105152,0.000525762,2
2360,2365,2362.5,0.000105152,0.000525762,2
2365,2370,2367.5,0.000262881,0.00131441,5
2370,2375,2372.5,0.000105152,0.000525762,2
2375,2380,2377.5,0.000105152,0.000525762,2
2380,2385,2382.5,5.25762e-05,0.000262881,1
2385,2390,2387.5,0.000210305,0.00105152,4
2390,2395,2392.5,0.000157729,0.000788644,3
2395,2400,2397.5,0.000157729,0.000788644,3
2400,2405,2402.5,0.000105152,0.000525762,2
2405,2410,2407.5,5.25762e-05,0.000262881,1
2410,2415,2412.5,5.25762e-05,0.000262881,1
2430,2435,2432.5,5.25762e-05,0.000262881,1
2435,2440,2437.5,0.000157729,0.000788644,3
2440,2445,2442.5,5.25762e-05,0.000262881,1
2445,2450,2447.5,0.000105152,0.000525762,2
2450,2455,2452.5,0.000105152,0.000525762,2
2460,2465,2462.5,5.25762e-05,0.000262881,1
2465,2470,2467.5,0.000105152,0.000525762,2
2470,2475,2472.5,0.000157729,0.000788644,3
2480,2485,2482.5,0.000105152,0.000525762,2
2485,2490,2487.5,0.000157729,0.000788644,3
2490,2495,2492.5,5.25762e-05,0.000262881,1
2495,2500,2497.5,0.000210305,0.00105152,4
2500,2505,2502.5,0.000210305,0.00105152,4
2505,2510,2507.5,0.000105152,0.000525762,2
2510,2515,2512.5,5.25762e-05,0.000262881,1
2520,2525,2522.5,0.000210305,0.00105152,4
2525,2530,2527.5,0.000210305,0.00105152,4
2530,2535,2532.5,0.000210305,0.00105152,4
2535,2540,2537.5,0.000157729,0.000788644,3
2540,2545,2542.5,0.000157729,0.000788644,3
2545,2550,2547.5,0.000105152,0.000525762,2
2550,2555,2552.5,5.25762e-05,0.000262881,1
2555,2560,2557.5,0.000105152,0.000525762,2
2560,2565,2562.5,0.000105152,0.000525762,2
2565,2570,2567.5,5.25762e-05,0.000262881,1
2570,2575,2572.5,5.25762e-05,0.000262881,1
2575,2580,2577.5,0.000105152,0.000525762,2
2580,2585,2582.5,0.000262881,0.00131441,5
2585,2590,2587.5,0.000105152,0.000525762,2
2590,2595,2592.5,0.000157729,0.000788644,3
2595,2600,2597.5,0.000105152,0.000525762,2
2600,2605,2602.5,0.000210305,0.00105152,4
2605,2610,2607.5,5.25762e-05,0.000262881,1
2610,2615,2612.5,0.000262881,0.00131441,5
2615,2620,2617.5,0.000157729,0.000788644,3
2620,2625,2622.5,0.000210305,0.00105152,4
2625,2630,2627.5,0.000105152,0.000525762,2
2630,2635,2632.5,0.000210305,0.00105152,4
2635,2640,2637.5,5.25762e-05,0.000262881,1
2640,2645,2642.5,0.000157729,0.000788644,3
2645,2650,2647.5,0.000105152,0.000525762,2
2650,2655,2652.5,0.000157729,0.000788644,3
2655,2660,2657.5,5.25762e-05,0.000262881,1
2660,2665,2662.5,0.000210305,0.00105152,4
2665,2670,2667.5,0.000262881,0.00131441,5
2670,2675,2672.5,0.000157729,0.000788644,3
2680,2685,2682.5,5.25762e-05,0.000262881,1
2685,2690,2687.5,0.000105152,0.000525762,2
2690,2695,2692.5,0.000157729,0.000788644,3
2700,2705,2702.5,0.000157729,0.000788644,3
2705,2710,2707.5,5.25762e-05,0.000262881,1
2715,2720,2717.5,5.25762e-05,0.000262881,1
2720,2725,2722.5,0.000210305,0.00105152,4
2725,2730,2727.5,5.25762e-05,0.000262881,1
2730,2735,2732.5,5.25762e-05,0.000262881,1
2735,2740,2737.5,0.000105152,0.000525762,2
2745,2750,2747.5,0.000105152,0.000525762,2
2750,2755,2752.5,0.000105152,0.000525762,2
2755,2760,2757.5,0.000105152,0.000525762,2
2760,2765,2762.5,0.000105152,0.000525762,2
2765,2770,2767.5,0.000105152,0.000525762,2
2770,2775,2772.5,5.25762e-05,0.000262881,1
2775,2780,2777.5,0.000210305,0.00105152,4
2780,2785,2782.5,5.25762e-05,0.000262881,1
2785,2790,2787.5,0.000157729,0.000788644,3
2790,2795,2792.5,5.25762e-05,0.000262881,1
2795,2800,2797.5,5.25762e-05,0.000262881,1
2800,2805,2802.5,0.000105152,0.000525762,2
2805,2810,2807.5,5.25762e-05,0.000262881,1
2810,2815,2812.5,5.25762e-05,0.000262881,1
2820,2825,2822.5,5.25762e-05,0.000262881,1
2825,2830,2827.5,0.000105152,0.000525762,2
2830,2835,2832.5,0.000157729,0.000788644,3
2835,2840,2837.5,0.000210305,0.00105152,4
2840,2845,2842.5,5.25762e-05,0.000262881,1
2845,2850,2847.5,0.000105152,0.000525762,2
2850,2855,2852.5,0.000157729,0.000788644,3
2855,2860,2857.5,0.000105152,0.000525762,2
2860,2865,2862.5,5.25762e-05,0.000262881,1
2865,2870,2867.5,0.000210305,0.00105152,4
2870,2875,2872.5,0.000105152,0.000525762,2
2875,2880,2877.5,0.000105152,0.000525762,2
2880,2885,2882.5,5.25762e-05,0.000262881,1
2890,2895,2892.5,0.000157729,0.000788644,3
2895,2900,2897.5,0.000105152,0.000525762,2
2900,2905,2902.5,0.000105152,0.000525762,2
2905,2910,2907.5,0.000105152,0.000525762,2
2910,2915,2912.5,5.25762e-05,0.000262881,1
2915,2920,2917.5,0.000105152,0.000525762,2
2920,2925,2922.5,0.000105152,0.000525762,2
2925,2930,2927.5,0.000157729,0.000788644,3
2930,2935,2932.5,5.25762e-05,0.000262881,1
2935,2940,2937.5,0.000262881,0.00131441,5
2940,2945,2942.5,5.25762e-05,0.000262881,1
2945,2950,2947.5,0.000157729,0.000788644,3
2950,2955,2952.5,0.000105152,0.000525762,2
2965,2970,2967.5,0.000210305,0.00105152,4
2980,2985,2982.5,0.000157729,0.000788644,3
2990,2995,2992.5,0.000105152,0.000525762,2
2995,3000,2997.5,0.000210305,0.00105152,4
3000,3005,3002.5,0.000210305,0.00105152,4
3005,3010,3007.5,0.000105152,0.000525762,2
3010,3015,3012.5,0.000262881,0.00131441,5
3025,3030,3027.5,0.000210305,0.00105152,4
3030,3035,3032.5,0.000105152,0.000525762,2
3035,3040,3037.5,0.000105152,0.000525762,2
3040,3045,3042.5,5.25762e-05,0.000262881,1
3045,3050,3047.5,0.000210305,0.00105152,4
3055,3060,3057.5,0.000157729,0.000788644,3
3060,3065,3062.5,5.25762e-05,0.000262881,1
3065,3070,3067.5,0.000105152,0.000525762,2
3070,3075,3072.5,5.25762e-05,0.000262881,1
3075,3080,3077.5,0.000105152,0.000525762,2
3080,3085,3082.5,0.000368034,0.00184017,7
3085,3090,3087.5,0.000157729,0.000788644,3
3090,3095,3092.5,0.000210305,0.00105152,4
3095,3100,3097.5,5.25762e-05,0.000262881,1
3100,3105,3102.5,0.000105152,0.000525762,2
3105,3110,3107.5,0.000157729,0.000788644,3
3110,3115,3112.5,0.000105152,0.000525762,2
3115,3120,3117.5,0.000210305,0.00105152,4
3120,3125,3122.5,0.000157729,0.000788644,3
3125,3130,3127.5,0.000105152,0.000525762,2
3130,3135,3132.5,0.000105152,0.000525762,2
3135,3140,3137.5,5.25762e-05,0.000262881,1
3140,3145,3142.5,5.25762e-05,0.000262881,1
3150,3155,3152.5,0.000105152,0.000525762,2
3155,3160,3157.5,5.25762e-05,0.000262881,1
3160,3165,3162.5,5.25762e-05,0.000262881,1
3165,3170,3167.5,0.000105152,0.000525762,2
3170,3175,3172.5,0.000105152,0.000525762,2
3175,3180,3177.5,5.25762e-05,0.000262881,1
3180,3185,3182.5,5.25762e-05,0.000262881,1
3185,3190,3187.5,0.000157729,0.000788644,3
3190,3195,3192.5,5.25762e-05,0.000262881,1
3195,3200,3197.5,0.000105152,0.000525762,2
3200,3205,3202.5,0.000157729,0.000788644,3
3205,3210,3207.5,0.000262881,0.00131441,5
3210,3215,3212.5,0.000105152,0.000525762,2
3215,3220,3217.5,5.25762e-05,0.000262881,1
3220,3225,3222.5,0.000105152,0.000525762,2
3230,3235,3232.5,0.000105152,0.000525762,2
3235,3240,3237.5,0.000157729,0.000788644,3
3240,3245,3242.5,0.000157729,0.000788644,3
3245,3250,3247.5,0.000157729,0.000788644,3
3250,3255,3252.5,0.000157729,0.000788644,3
3255,3260,3257.5,0.000210305,0.00105152,4
3260,3265,3262.5,5.25762e-05,0.000262881,1
3265,3270,3267.5,0.000210305,0.00105152,4
3270,3275,3272.5,5.25762e-05,0.000262881,1
3275,3280,3277.5,0.000210305,0.00105152,4
3285,3290,3287.5,5.25762e-05,0.000262881,1
3295,3300,3297.5,5.25762e-05,0.000262881,1
3300,3305,3302.5,5.25762e-05,0.000262881,1
3305,3310,3307.5,0.000105152,0.000525762,2
3310,3315,3312.5,5.25762e-05,0.000262881,1
3315,3320,3317.5,0.000210305,0.00105152,4
3320,3325,3322.5,0.000157729,0.000788644,3
3325,3330,3327.5,5.25762e-05,0.000262881,1
3330,3335,3332.5,0.000105152,0.000525762,2
3335,3340,3337.5,0.000157729,0.000788644,3
3340,3345,3342.5,0.000105152,0.000525762,2
3345,3350,3347.5,5.25762e-05,0.000262881,1
3350,3355,3352.5,5.25762e-05,0.000262881,1
3355,3360,3357.5,0.000157729,0.000788644,3
3360,3365,3362.5,0.000262881,0.00131441,5
3370,3375,3372.5,0.000157729,0.000788644,3
3375,3380,3377.5,0.000105152,0.000525762,2
3380,3385,3382.5,0.000105152,0.000525762,2
3390,3395,3392.5,0.000105152,0.000525762,2
3395,3400,3397.5,5.25762e-05,0.000262881,1
3400,3405,3402.5,0.000105152,0.000525762,2
3405,3410,3407.5,0.000105152,0.000525762,2
3410,3415,3412.5,0.000210305,0.00105152,4
3415,3420,3417.5,0.000105152,0.000525762,2
3420,3425,3422.5,5.25762e-05,0.000262881,1
3425,3430,3427.5,5.25762e-05,0.000262881,1
3435,3440,3437.5,0.00042061,0.00210305,8
3440,3445,3442.5,0.000105152,0.000525762,2
3445,3450,3447.5,5.25762e-05,0.000262881,1
3460,3465,3462.5,0.000105152,0.000525762,2
3470,3475,3472.5,0.000210305,0.00105152,4
3475,3480,3477.5,5.25762e-05,0.000262881,1
3480,3485,3482.5,0.000105152,0.000525762,2
3485,3490,3487.5,0.000157729,0.000788644,3
3490,3495,3492.5,0.000105152,0.000525762,2
3495,3500,3497.5,5.25762e-05,0.000262881,1
3500,3505,3502.5,5.25762e-05,0.000262881,1
3505,3510,3507.5,0.000210305,0.00105152,4
3510,3515,3512.5,0.000262881,0.00131441,5
3515,3520,3517.5,0.000157729,0.000788644,3
3520,3525,3522.5,0.000157729,0.000788644,3
3525,3530,3527.5,0.000105152,0.000525762,2
3530,3535,3532.5,0.000157729,0.000788644,3
3535,3540,3537.5,0.000105152,0.000525762,2
3540,3545,3542.5,0.000105152,0.000525762,2
3545,3550,3547.5,0.000105152,0.000525762,2
3550,3555,3552.5,0.000157729,0.000788644,3
3560,3565,3562.5,0.000262881,0.00131441,5
3565,3570,3567.5,0.000105152,0.000525762,2
3570,3575,3572.5,0.000157729,0.000788644,3
3575,3580,3577.5,5.25762e-05,0.000262881,1
3580,3585,3582.5,0.000157729,0.000788644,3
3585,3590,3587.5,0.000105152,0.000525762,2
3595,3600,3597.5,0.000105152,0.000525762,2
3600,3605,3602.5,0.000105152,0.000525762,2
3605,3610,3607.5,0.000105152,0.000525762,2
3620,3625,3622.5,5.25762e-05,0.000262881,1
3625,3630,3627.5,5.25762e-05,0.000262881,1
3630,3635,3632.5,5.25762e-05,0.000262881,1
3635,3640,3637.5,5.25762e-05,0.000262881,1
3645,3650,3647.5,5.25762e-05,0.000262881,1
3650,3655,3652.5,5.25762e-05,0.000262881,1
3655,3660,3657.5,0.000105152,0.000525762,2
3665,3670,3667.5,0.000105152,0.000525762,2
3670,3675,3672.5,5.25762e-05,0.000262881,1
3675,3680,3677.5,0.000105152,0.000525762,2
3680,3685,3682.5,0.000157729,0.000788644,3
3685,3690,3687.5,0.000105152,0.000525762,2
3690,3695,3692.5,5.25762e-05,0.000262881,1
3695,3700,3697.5,0.000105152,0.000525762,2
3700,3705,3702.5,5.25762e-05,0.000262881,1
3705,3710,3707.5,0.000157729,0.000788644,3
3715,3720,3717.5,5.25762e-05,0.000262881,1
3720,3725,3722.5,0.000157729,0.000788644,3
3725,3730,3727.5,0.000157729,0.000788644,3
3730,3735,3732.5,5.25762e-05,0.000262881,1
3735,3740,3737.5,5.25762e-05,0.000262881,1
3740,3745,3742.5,5.25762e-05,0.000262881,1
3745,3750,3747.5,5.25762e-05,0.000262881,1
3750,3755,3752.5,0.000105152,0.000525762,2
3755,3760,3757.5,0.000105152,0.000525762,2
3760,3765,3762.5,5.25762e-05,0.000262881,1
3765,3770,3767.5,0.000105152,0.000525762,2
3770,3775,3772.5,0.000105152,0.000525762,2
3775,3780,3777.5,5.25762e-05,0.000262881,1
3785,3790,3787.5,5.25762e-05,0.000262881,1
3795,3800,3797.5,0.000210305,0.00105152,4
3800,3805,3802.5,5.25762e-05,0.000262881,1
3805,3810,3807.5,0.000315457,0.00157729,6
3810,3815,3812.5,5.25762e-05,0.000262881,1
3815,3820,3817.5,5.25762e-05,0.000262881,1
3820,3825,3822.5,0.000157729,0.000788644,3
3835,3840,3837.5,5.25762e-05,0.000262881,1
3850,3855,3852.5,0.000105152,0.000525762,2
3855,3860,3857.5,0.000210305,0.00105152,4
3865,3870,3867.5,0.000105152,0.000525762,2
3870,3875,3872.5,5.25762e-05,0.000262881,1
3875,3880,3877.5,0.000105152,0.000525762,2
3885,3890,3887.5,0.000157729,0.000788644,3
3890,3895,3892.5,0.000105152,0.000525762,2
3895,3900,3897.5,0.000105152,0.000525762,2
3900,3905,3902.5,5.25762e-05,0.000262881,1
3905,3910,3907.5,0.000157729,0.000788644,3
3915,3920,3917.5,0.000105152,0.000525762,2
3920,3925,3922.5,5.25762e-05,0.000262881,1
3925,3930,3927.5,5.25762e-05,0.000262881,1
3930,3935,3932.5,5.25762e-05,0.000262881,1
3935,3940,3937.5,0.000105152,0.000525762,2
3940,3945,3942.5,5.25762e-05,0.000262881,1
3945,3950,3947.5,5.25762e-05,0.000262881,1
3950,3955,3952.5,0.000105152,0.000525762,2
3955,3960,3957.5,0.000105152,0.000525762,2
3960,3965,3962.5,0.000210305,0.00105152,4
3965,3970,3967.5,0.000157729,0.000788644,3
3970,3975,3972.5,0.000105152,0.000525762,2
3975,3980,3977.5,0.000105152,0.000525762,2
3990,3995,3992.5,5.25762e-05,0.000262881,1
3995,4000,3997.5,0.000105152,0.000525762,2
4000,4005,4002.5,5.25762e-05,0.000262881,1
4005,4010,4007.5,0.000105152,0.000525762,2
4030,4035,4032.5,5.25762e-05,0.000262881,1
4035,4040,4037.5,0.000210305,0.00105152,4
4040,4045,4042.5,5.25762e-05,0.000262881,1
4045,4050,4047.5,0.000157729,0.000788644,3
4050,4055,4052.5,0.000105152,0.000525762,2
4055,4060,4057.5,0.000105152,0.000525762,2
4060,4065,4062.5,0.000105152,0.000525762,2
4065,4070,4067.5,5.25762e-05,0.000262881,1
4070,4075,4072.5,0.000157729,0.000788644,3
4075,4080,4077.5,0.000157729,0.000788644,3
4085,4090,4087.5,0.000157729,0.000788644,3
4090,4095,4092.5,0.000105152,0.000525762,2
4100,4105,4102.5,5.25762e-05,0.000262881,1
4105,4110,4107.5,0.000105152,0.000525762,2
4120,4125,4122.5,0.000157729,0.000788644,3
4125,4130,4127.5,0.000105152,0.000525762,2
4130,4135,4132.5,0.000210305,0.00105152,4
4135,4140,4137.5,0.000157729,0.000788644,3
4140,4145,4142.5,5.25762e-05,0.000262881,1
4145,4150,4147.5,0.000105152,0.000525762,2
4155,4160,4157.5,0.000105152,0.000525762,2
4165,4170,4167.5,0.000105152,0.000525762,2
4170,4175,4172.5,0.000157729,0.000788644,3
4180,4185,4182.5,0.000105152,0.000525762,2
4185,4190,4187.5,5.25762e-05,0.000262881,1
4190,4195,4192.5,0.000105152,0.000525762,2
4195,4200,4197.5,0.000105152,0.000525762,2
4200,4205,4202.5,0.000157729,0.000788644,3
4210,4215,4212.5,5.25762e-05,0.000262881,1
4215,4220,4217.5,5.25762e-05,0.000262881,1
4220,4225,4222.5,0.000105152,0.000525762,2
4225,4230,4227.5,0.000105152,0.000525762,2
4230,4235,4232.5,0.000105152,0.000525762,2
4245,4250,4247.5,0.000105152,0.000525762,2
4250,4255,4252.5,0.000105152,0.000525762,2
4255,4260,4257.5,5.25762e-05,0.000262881,1
4265,4270,4267.5,5.25762e-05,0.000262881,1
4270,4275,4272.5,0.000157729,0.000788644,3
4275,4280,4277.5,5.25762e-05,0.000262881,1
4280,4285,4282.5,0.000157729,0.000788644,3
4290,4295,4292.5,0.000210305,0.00105152,4
4295,4300,4297.5,5.25762e-05,0.000262881,1
4310,4315,4312.5,5.25762e-05,0.000262881,1
4315,4320,4317.5,0.000157729,0.000788644,3
4320,4325,4322.5,5.25762e-05,0.000262881,1
4325,4330,4327.5,5.25762e-05,0.000262881,1
4330,4335,4332.5,0.000210305,0.00105152,4
4335,4340,4337.5,0.000157729,0.000788644,3
4340,4345,4342.5,0.000105152,0.000525762,2
4365,4370,4367.5,5.25762e-05,0.000262881,1
4395,4400,4397.5,0.000105152,0.000525762,2
4400,4405,4402.5,5.25762e-05,0.000262881,1
4405,4410,4407.5,0.000105152,0.000525762,2
4410,4415,4412.5,5.25762e-05,0.000262881,1
4430,4435,4432.5,5.25762e-05,0.000262881,1
4470,4475,4472.5,5.25762e-05,0.000262881,1
4475,4480,4477.5,5.25762e-05,0.000262881,1
4485,4490,4487.5,5.25762e-05,0.000262881,1
4490,4495,4492.5,5.25762e-05,0.000262881,1
4540,4545,4542.5,5.25762e-05,0.000262881,1
4560,4565,4562.5,5.25762e-05,0.000262881,1
4565,4570,4567.5,0.000105152,0.000525762,2
4575,4580,4577.5,5.25762e-05,0.000262881,1
4580,4585,4582.5,5.25762e-05,0.000262881,1
4595,4600,4597.5,5.25762e-05,0.000262881,1
4605,4610,4607.5,5.25762e-05,0.000262881,1
4610,4615,4612.5,5.25762e-05,0.000262881,1
4615,4620,4617.5,5.25762e-05,0.000262881,1
4635,4640,4637.5,5.25762e-05,0.000262881,1
4645,4650,4647.5,5.25762e-05,0.000262881,1
4655,4660,4657.5,5.25762e-05,0.000262881,1
4665,4670,4667.5,0.000105152,0.000525762,2
4670,4675,4672.5,0.000105152,0.000525762,2
4675,4680,4677.5,5.25762e-05,0.000262881,1
4690,4695,4692.5,5.25762e-05,0.000262881,1
4720,4725,4722.5,5.25762e-05,0.000262881,1
4730,4735,4732.5,5.25762e-05,0.000262881,1
4755,4760,4757.5,5.25762e-05,0.000262881,1
4760,4765,4762.5,5.25762e-05,0.000262881,1
4790,4795,4792.5,5.25762e-05,0.000262881,1
4855,4860,4857.5,5.25762e-05,0.000262881,1
4860,4865,4862.5,5.25762e-05,0.000262881,1
4870,4875,4872.5,5.25762e-05,0.000262881,1
4875,4880,4877.5,5.25762e-05,0.000262881,1
4900,4905,4902.5,5.25762e-05,0.000262881,1
4970,4975,4972.5,0.000157729,0.000788644,3
5010,5015,5012.5,5.25762e-05,0.000262881,1
5040,5045,5042.5,0.000105152,0.000525762,2
5080,5085,5082.5,5.25762e-05,0.000262881,1
5110,5115,5112.5,0.000105152,0.000525762,2
5130,5135,5132.5,5.25762e-05,0.000262881,1
5170,5175,5172.5,5.25762e-05,0.000262881,1
5200,5205,5202.5,5.25762e-05,0.000262881,1
5225,5230,5227.5,0.000105152,0.000525762,2
5275,5280,5277.5,5.25762e-05,0.000262881,1
5310,5315,5312.5,5.25762e-05,0.000262881,1
5365,5370,5367.5,5.25762e-05,0.000262881,1
5375,5380,5377.5,5.25762e-05,0.000262881,1
5395,5400,5397.5,5.25762e-05,0.000262881,1
5420,5425,5422.5,5.25762e-05,0.000262881,1
5470,5475,5472.5,5.25762e-05,0.000262881,1
5485,5490,5487.5,5.25762e-05,0.000262881,1
5490,5495,5492.5,5.25762e-05,0.000262881,1
5505,5510,5507.5,0.000105152,0.000525762,2
5510,5515,5512.5,5.25762e-05,0.000262881,1
5520,5525,5522.5,5.25762e-05,0.000262881,1
5545,5550,5547.5,5.25762e-05,0.000262881,1
5605,5610,5607.5,0.000105152,0.000525762,2
5610,5615,5612.5,5.25762e-05,0.000262881,1
5655,5660,5657.5,5.25762e-05,0.000262881,1
5675,5680,5677.5,5.25762e-05,0.000262881,1
5685,5690,5687.5,5.25762e-05,0.000262881,1
5690,5695,5692.5,5.25762e-05,0.000262881,1
5705,5710,5707.5,5.25762e-05,0.000262881,1
5730,5735,5732.5,5.25762e-05,0.000262881,1
5760,5765,5762.5,5.25762e-05,0.000262881,1
5765,5770,5767.5,5.25762e-05,0.000262881,1
5770,5775,5772.5,5.25762e-05,0.000262881,1
5810,5815,5812.5,5.25762e-05,0.000262881,1
5820,5825,5822.5,5.25762e-05,0.000262881,1
5935,5940,5937.5,5.25762e-05,0.000262881,1
5950,5955,5952.5,5.25762e-05,0.000262881,1
5970,5975,5972.5,5.25762e-05,0.000262881,1
6020,6025,6022.5,5.25762e-05,0.000262881,1
6025,6030,6027.5,5.25762e-05,0.000262881,1
6035,6040,6037.5,5.25762e-05,0.000262881,1
6060,6065,6062.5,5.25762e-05,0.000262881,1
6065,6070,6067.5,0.000105152,0.000525762,2
6095,6100,6097.5,5.25762e-05,0.000262881,1
6135,6140,6137.5,5.25762e-05,0.000262881,1
6140,6145,6142.5,5.25762e-05,0.000262881,1
6165,6170,6167.5,5.25762e-05,0.000262881,1
6170,6175,6172.5,5.25762e-05,0.000262881,1
6175,6180,6177.5,5.25762e-05,0.000262881,1
6180,6185,6182.5,5.25762e-05,0.000262881,1
6190,6195,6192.5,5.25762e-05,0.000262881,1
6195,6200,6197.5,5.25762e-05,0.000262881,1
6200,6205,6202.5,0.000105152,0.000525762,2
6210,6215,6212.5,5.25762e-05,0.000262881,1
6215,6220,6217.5,5.25762e-05,0.000262881,1
6230,6235,6232.5,5.25762e-05,0.000262881,1
6260,6265,6262.5,5.25762e-05,0.000262881,1
6275,6280,6277.5,5.25762e-05,0.000262881,1
6280,6285,6282.5,5.25762e-05,0.000262881,1
6295,6300,6297.5,5.25762e-05,0.000262881,1
6460,6465,6462.5,5.25762e-05,0.000262881,1
6540,6545,6542.5,5.25762e-05,0.000262881,1
6555,6560,6557.5,5.25762e-05,0.000262881,1
6590,6595,6592.5,5.25762e-05,0.000262881,1
6600,6605,6602.5,5.25762e-05,0.000262881,1
6630,6635,6632.5,5.25762e-05,0.000262881,1
6725,6730,6727.5,5.25762e-05,0.000262881,1
6730,6735,6732.5,5.25762e-05,0.000262881,1
6735,6740,6737.5,0.000105152,0.000525762,2
6775,6780,6777.5,5.25762e-05,0.000262881,1
6840,6845,6842.5,5.25762e-05,0.000262881,1
6885,6890,6887.5,5.25762e-05,0.000262881,1
6890,6895,6892.5,0.000105152,0.000525762,2
6915,6920,6917.5,5.25762e-05,0.000262881,1
6945,6950,6947.5,5.25762e-05,0.000262881,1
6970,6975,6972.5,5.25762e-05,0.000262881,1
7050,7055,7052.5,5.25762e-05,0.000262881,1
7060,7065,7062.5,5.25762e-05,0.000262881,1
7070,7075,7072.5,5.25762e-05,0.000262881,1
7140,7145,7142.5,5.25762e-05,0.000262881,1
7155,7160,7157.5,5.25762e-05,0.000262881,1
7180,7185,7182.5,5.25762e-05,0.000262881,1
7185,7190,7187.5,5.25762e-05,0.000262881,1
7190,7195,7192.5,5.25762e-05,0.000262881,1
7205,7210,7207.5,5.25762e-05,0.000262881,1
7210,7215,7212.5,5.25762e-05,0.000262881,1
7260,7265,7262.5,5.25762e-05,0.000262881,1
7350,7355,7352.5,5.25762e-05,0.000262881,1
7440,7445,7442.5,0.000105152,0.000525762,2
7515,7520,7517.5,5.25762e-05,0.000262881,1
7550,7555,7552.5,5.25762e-05,0.000262881,1
7595,7600,7597.5,5.25762e-05,0.000262881,1
7660,7665,7662.5,5.25762e-05,0.000262881,1
7755,7760,7757.5,5.25762e-05,0.000262881,1
7845,7850,7847.5,5.25762e-05,0.000262881,1
7970,7975,7972.5,5.25762e-05,0.000262881,1
7975,7980,7977.5,5.25762e-05,0.000262881,1
7990,7995,7992.5,5.25762e-05,0.000262881,1
8010,8015,8012.5,5.25762e-05,0.000262881,1
8120,8125,8122.5,5.25762e-05,0.000262881,1
8185,8190,8187.5,5.25762e-05,0.000262881,1
8205,8210,8207.5,5.25762e-05,0.000262881,1
8210,8215,8212.5,5.25762e-05,0.000262881,1
8220,8225,8222.5,5.25762e-05,0.000262881,1
8290,8295,8292.5,5.25762e-05,0.000262881,1
8315,8320,8317.5,0.000105152,0.000525762,2
8405,8410,8407.5,5.25762e-05,0.000262881,1
8425,8430,8427.5,5.25762e-05,0.000262881,1
8475,8480,8477.5,5.25762e-05,0.000262881,1
8485,8490,8487.5,5.25762e-05,0.000262881,1
8505,8510,8507.5,5.25762e-05,0.000262881,1
8520,8525,8522.5,5.25762e-05,0.000262881,1
8600,8605,8602.5,5.25762e-05,0.000262881,1
8640,8645,8642.5,5.25762e-05,0.000262881,1
8775,8780,8777.5,5.25762e-05,0.000262881,1
8885,8890,8887.5,5.25762e-05,0.000262881,1
8965,8970,8967.5,5.25762e-05,0.000262881,1
8985,8990,8987.5,5.25762e-05,0.000262881,1
9000,9005,9002.5,5.25762e-05,0.000262881,1
9020,9025,9022.5,5.25762e-05,0.000262881,1
9130,9135,9132.5,5.25762e-05,0.000262881,1
9185,9190,9187.5,5.25762e-05,0.000262881,1
9225,9230,9227.5,5.25762e-05,0.000262881,1
9245,9250,9247.5,5.25762e-05,0.000262881,1
9255,9260,9257.5,5.25762e-05,0.000262881,1
9310,9315,9312.5,0.000105152,0.000525762,2
9385,9390,9387.5,5.25762e-05,0.000262881,1
9485,9490,9487.5,5.25762e-05,0.000262881,1
9520,9525,9522.5,5.25762e-05,0.000262881,1
9570,9575,9572.5,5.25762e-05,0.000262881,1
9600,9605,9602.5,5.25762e-05,0.000262881,1
9685,9690,9687.5,5.25762e-05,0.000262881,1
9705,9710,9707.5,5.25762e-05,0.000262881,1
9865,9870,9867.5,5.25762e-05,0.000262881,1
10000,10005,10002.5,5.25762e-05,0.000262881,1
10045,10050,10047.5,5.25762e-05,0.000262881,1
10055,10060,10057.5,5.25762e-05,0.000262881,1
10060,10065,10062.5,5.25762e-05,0.000262881,1
10085,10090,10087.5,5.25762e-05,0.000262881,1
10220,10225,10222.5,5.25762e-05,0.000262881,1
10225,10230,10227.5,5.25762e-05,0.000262881,1
10390,10395,10392.5,5.25762e-05,0.000262881,1
10415,10420,10417.5,5.25762e-05,0.000262881,1
10435,10440,10437.5,5.25762e-05,0.000262881,1
10445,10450,10447.5,5.25762e-05,0.000262881,1
10535,10540,10537.5,5.25762e-05,0.000262881,1
10670,10675,10672.5,5.25762e-05,0.000262881,1
10940,10945,10942.5,5.25762e-05,0.000262881,1
11010,11015,11012.5,5.25762e-05,0.000262881,1
11145,11150,11147.5,5.25762e-05,0.000262881,1
11150,11155,11152.5,5.25762e-05,0.000262881,1
11310,11315,11312.5,5.25762e-05,0.000262881,1
11410,11415,11412.5,5.25762e-05,0.000262881,1
11655,11660,11657.5,5.25762e-05,0.000262881,1
11885,11890,11887.5,5.25762e-05,0.000262881,1
11895,11900,11897.5,5.25762e-05,0.000262881,1
11935,11940,11937.5,5.25762e-05,0.000262881,1
12020,12025,12022.5,5.25762e-05,0.000262881,1
12040,12045,12042.5,5.25762e-05,0.000262881,1
12215,12220,12217.5,5.25762e-05,0.000262881,1
12360,12365,12362.5,5.25762e-05,0.000262881,1
12435,12440,12437.5,5.25762e-05,0.000262881,1
12450,12455,12452.5,5.25762e-05,0.000262881,1
12475,12480,12477.5,5.25762e-05,0.000262881,1
12660,12665,12662.5,5.25762e-05,0.000262881,1
12735,12740,12737.5,5.25762e-05,0.000262881,1
12915,12920,12917.5,0.000105152,0.000525762,2
13055,13060,13057.5,5.25762e-05,0.000262881,1
13290,13295,13292.5,5.25762e-05,0.000262881,1
13530,13535,13532.5,5.25762e-05,0.000262881,1
13795,13800,13797.5,5.25762e-05,0.000262881,1
13930,13935,13932.5,5.25762e-05,0.000262881,1
13940,13945,13942.5,5.25762e-05,0.000262881,1
14000,14005,14002.5,5.25762e-05,0.000262881,1
14040,14045,14042.5,5.25762e-05,0.000262881,1
14140,14145,14142.5,5.25762e-05,0.000262881,1
14310,14315,14312.5,5.25762e-05,0.000262881,1
14345,14350,14347.5,5.25762e-05,0.000262881,1
14430,14435,14432.5,5.25762e-05,0.000262881,1
14615,14620,14617.5,5.25762e-05,0.000262881,1
14745,14750,14747.5,5.25762e-05,0.000262881,1
15120,15125,15122.5,5.25762e-05,0.000262881,1
15250,15255,15252.5,5.25762e-05,0.000262881,1
16115,16120,16117.5,5.25762e-05,0.000262881,1
16665,16670,16667.5,5.25762e-05,0.000262881,1
16990,16995,16992.5,5.25762e-05,0.000262881,1
17050,17055,17052.5,5.25762e-05,0.000262881,1
17085,17090,17087.5,5.25762e-05,0.000262881,1
17100,17105,17102.5,5.25762e-05,0.000262881,1
18010,18015,18012.5,5.25762e-05,0.000262881,1
19150,19155,19152.5,5.25762e-05,0.000262881,1
19345,19350,19347.5,5.25762e-05,0.000262881,1
24745,24750,24747.5,5.25762e-05,0.000262881,1
VO Delay PDF CSV saved: scratch/delay_pdf/pedca_vo_delay_pdf.csv

P-EDCA STA Delay PDF CSV saved: scratch/delay_pdf/11be/adaptive_compare_burst/pilot/adaptive_k15.csv
Legacy STA Delay PDF CSV saved: scratch/delay_pdf/11be/adaptive_compare_burst/pilot/adaptiveL_k15.csv
--- EXTENDED_STATS_BEGIN ---
PEDCA_STA_SUCC_COUNT: 2243
PEDCA_STA_FAIL_COUNT: 2
PEDCA_STA_ZERO_RETX: 2241
LEGACY_STA_SUCC_COUNT: 1563
LEGACY_STA_FAIL_COUNT: 57
LEGACY_STA_ZERO_RETX: 1563
PEDCA_STA_AVG_MAC_DELAY: 1699.26
PEDCA_STA_AVG_QUEUE_DELAY: 1442.49
PEDCA_STA_AVG_ACCESS_DELAY: 256.765
LEGACY_STA_AVG_MAC_DELAY: 2160.2
LEGACY_STA_AVG_QUEUE_DELAY: 1876.55
LEGACY_STA_AVG_ACCESS_DELAY: 283.642
--- EXTENDED_STATS_END ---
