[INFO] std::clog redirected to: /tmp/pedca_burstadaptive_k5.log

--- Per-STA P-EDCA Detail ---
  STA0: DS-CTS=84 S2Entry=84 S2Tx=65 PedcaOK=63 EdcaOK=143 FailCTS=2 FailColl=0 FailExp=0 Defer=0
  STA1: DS-CTS=24 S2Entry=24 S2Tx=21 PedcaOK=21 EdcaOK=144 FailCTS=0 FailColl=0 FailExp=0 Defer=0
  STA2: DS-CTS=58 S2Entry=58 S2Tx=46 PedcaOK=45 EdcaOK=121 FailCTS=1 FailColl=0 FailExp=0 Defer=0
  STA3: DS-CTS=5 S2Entry=5 S2Tx=5 PedcaOK=5 EdcaOK=4 FailCTS=0 FailColl=0 FailExp=0 Defer=0
  STA4: DS-CTS=16 S2Entry=16 S2Tx=16 PedcaOK=16 EdcaOK=208 FailCTS=0 FailColl=0 FailExp=0 Defer=0

=== General Statistics ===
P-EDCA Ratio: 0.1667
P-EDCA STAs: 5/30
P-EDCA Share (Avg Per-STA P-EDCA Tx/Total Tx): 26.6233 %
Avg P-EDCA Attempt Success Rate: 88.0172 %
Global P-EDCA Tx Success: 150
Global EDCA Tx Success: 620
Global P-EDCA Attempt (DS-CTS Sent): 187

--- P-EDCA Detailed Trace ---
Stage 2 Entered: 187
Stage 2 TX Started: 153
P-EDCA Fail RTS No CTS: 3
P-EDCA Fail RTS Collision: 0
P-EDCA Fail Timing Expired: 0
P-EDCA Fail Deferral: 0
Total VO TX (P-EDCA+EDCA): 770
Global P-EDCA Share: 19.4805 %
Global EDCA Share: 80.5195 %
Channel Idle Time (AP): 26.5921 % (531842 us / 2e+06 us)
Total Successes:       3947
Total Failures:        173
Total Retransmissions: 1

--- Per-AC Success Statistics ---
AC_BE:
  Successes:         30
  Throughput:        0.12 Mbps
  Packet Loss:       3.22581 %
  Avg Retx/MPDU:     0
  Avg Queue Delay:   -592104 us (Enqueue->TxStart)
  Avg Access Delay:  696946 us (TxStart->Ack)
  Avg MAC Delay:     104842 us (Total: Enqueue->Ack)

AC_VO:
  Successes:         3917
  Throughput:        15.668 Mbps
  Packet Loss:       4.20641 %
  Avg Retx/MPDU:     0.000255297
  Avg Queue Delay:   1893.58 us (Enqueue->TxStart)
  Avg Access Delay:  287.381 us (TxStart->Ack)
  Avg MAC Delay:     2180.96 us (Total: Enqueue->Ack)

--- Per-AC Failure Statistics ---
AC_BE Failures: 1
AC_VO Failures: 172

--- Failure Reasons by AC ---
  AC_BE EXPIRED_LIFETIME: 1
  AC_VO RETRY_LIMIT: 172


=== Extended P-EDCA vs Legacy Statistics ===

--- [Stat 1] Delay by STA Type ---
P-EDCA STAs (5 STAs):
  Successes:         702
  Failures:          2
  Throughput:        2.808 Mbps
  Packet Loss:       0.284091 %
  Avg Queue Delay:   1518.28 us
  Avg Access Delay:  255.001 us
  Avg MAC Delay:     1773.28 us
  Median MAC Delay:  1200 us
  P95 MAC Delay:     4069 us
  P99 MAC Delay:     8571 us
Legacy EDCA STAs (25 STAs):
  Successes:         3217
  Failures:          170
  Throughput:        12.868 Mbps
  Packet Loss:       5.01919 %
  Avg Queue Delay:   2004.37 us
  Avg Access Delay:  294.342 us
  Avg MAC Delay:     2298.71 us
  Median MAC Delay:  1449 us
  P95 MAC Delay:     7638 us
  P99 MAC Delay:     12560 us

--- [Stat 2] Per-STA P-EDCA Attempt Count (DS-CTS Sent) ---
  STA0: 84 P-EDCA attempts
  STA1: 24 P-EDCA attempts
  STA2: 58 P-EDCA attempts
  STA3: 5 P-EDCA attempts
  STA4: 16 P-EDCA attempts
  Total: 187 P-EDCA attempts across 5 P-EDCA STAs
  Avg per P-EDCA STA: 37.4

--- [Stat 3] P-EDCA One-Shot Success Probability ---
  P-EDCA Success / DS-CTS Sent:      150 / 187 = 80.2139 %
  P-EDCA Success / Stage2 TX Started: 150 / 153 = 98.0392 %  (given RTS was actually sent)

--- [Stat 4] EDCA One-Shot Success Ratio (0 retransmissions) ---
  Legacy STAs: 3217 / 3217 = 100 %
  P-EDCA STAs: 701 / 702 = 99.8575 %  (MAC-level, includes both P-EDCA and EDCA paths)

--- [Stat 5] P-EDCA Kickback-to-EDCA Probability ---
  Total P-EDCA Failures: 3 / 187 DS-CTS = 1.60428 %
    RTS No CTS:       3 (1.60428 %)
    RTS Collision:    0 (0 %)
    Timing Expired:   0 (0 %)
    Deferral:         0 (0 %)

--- [Stat 6] P-EDCA RTS Collision Probability ---
  RTS Collision / Stage2 TX Started: 0 / 153 = 0 %
  RTS Collision / DS-CTS Sent:       0 / 187 = 0 %

--- [Stat 7] P-EDCA Attempts per Successful P-EDCA TX ---
  DS-CTS Sent / P-EDCA Success: 187 / 150 = 1.24667 attempts/success
  Stage2 TX / P-EDCA Success:   153 / 150 = 1.02 RTS/success

--- VO Delay PDF (MAC Delay) ---
bin_start_us,bin_end_us,bin_mid_us,pdf_per_us,probability,count
220,225,222.5,5.10595e-05,0.000255297,1
225,230,227.5,0.000102119,0.000510595,2
230,235,232.5,5.10595e-05,0.000255297,1
245,250,247.5,0.000102119,0.000510595,2
250,255,252.5,0.000102119,0.000510595,2
260,265,262.5,0.000153178,0.000765892,3
265,270,267.5,5.10595e-05,0.000255297,1
275,280,277.5,0.000153178,0.000765892,3
280,285,282.5,5.10595e-05,0.000255297,1
285,290,287.5,0.000153178,0.000765892,3
295,300,297.5,0.000204238,0.00102119,4
300,305,302.5,0.000102119,0.000510595,2
305,310,307.5,0.000102119,0.000510595,2
310,315,312.5,0.000204238,0.00102119,4
315,320,317.5,5.10595e-05,0.000255297,1
320,325,322.5,0.000306357,0.00153178,6
325,330,327.5,0.000153178,0.000765892,3
330,335,332.5,0.000153178,0.000765892,3
335,340,337.5,5.10595e-05,0.000255297,1
340,345,342.5,0.00234874,0.0117437,46
345,350,347.5,0.00382946,0.0191473,75
350,355,352.5,0.00142967,0.00714833,28
355,360,357.5,0.00097013,0.00485065,19
360,365,362.5,0.00122543,0.00612714,24
365,370,367.5,0.000765892,0.00382946,15
370,375,372.5,0.00127649,0.00638244,25
375,380,377.5,0.000306357,0.00153178,6
380,385,382.5,0.000357416,0.00178708,7
385,390,387.5,0.000357416,0.00178708,7
390,395,392.5,0.000306357,0.00153178,6
395,400,397.5,0.000714833,0.00357416,14
400,405,402.5,0.000306357,0.00153178,6
405,410,407.5,0.000663773,0.00331887,13
410,415,412.5,0.000919071,0.00459535,18
415,420,417.5,0.000459535,0.00229768,9
420,425,422.5,0.000408476,0.00204238,8
425,430,427.5,0.000357416,0.00178708,7
430,435,432.5,0.000306357,0.00153178,6
435,440,437.5,0.000204238,0.00102119,4
440,445,442.5,0.000204238,0.00102119,4
445,450,447.5,0.000357416,0.00178708,7
450,455,452.5,0.0141945,0.0709727,278
455,460,457.5,0.000408476,0.00204238,8
460,465,462.5,0.000357416,0.00178708,7
465,470,467.5,0.000306357,0.00153178,6
470,475,472.5,0.000306357,0.00153178,6
475,480,477.5,0.000459535,0.00229768,9
480,485,482.5,0.000357416,0.00178708,7
485,490,487.5,0.000510595,0.00255297,10
490,495,492.5,0.000408476,0.00204238,8
495,500,497.5,0.000408476,0.00204238,8
500,505,502.5,0.000612714,0.00306357,12
505,510,507.5,0.000204238,0.00102119,4
510,515,512.5,0.000357416,0.00178708,7
515,520,517.5,0.000306357,0.00153178,6
520,525,522.5,0.000459535,0.00229768,9
525,530,527.5,0.000408476,0.00204238,8
530,535,532.5,0.000459535,0.00229768,9
535,540,537.5,0.000255297,0.00127649,5
540,545,542.5,0.000357416,0.00178708,7
545,550,547.5,0.000765892,0.00382946,15
550,555,552.5,0.000255297,0.00127649,5
555,560,557.5,0.000561654,0.00280827,11
560,565,562.5,0.000561654,0.00280827,11
565,570,567.5,0.000255297,0.00127649,5
570,575,572.5,0.000459535,0.00229768,9
575,580,577.5,0.000408476,0.00204238,8
580,585,582.5,0.000306357,0.00153178,6
585,590,587.5,0.000408476,0.00204238,8
590,595,592.5,0.000459535,0.00229768,9
595,600,597.5,0.000255297,0.00127649,5
600,605,602.5,0.000255297,0.00127649,5
605,610,607.5,0.000408476,0.00204238,8
610,615,612.5,0.000663773,0.00331887,13
615,620,617.5,0.000765892,0.00382946,15
620,625,622.5,0.000510595,0.00255297,10
625,630,627.5,0.000357416,0.00178708,7
630,635,632.5,0.000561654,0.00280827,11
635,640,637.5,0.000153178,0.000765892,3
640,645,642.5,0.000408476,0.00204238,8
645,650,647.5,0.000204238,0.00102119,4
650,655,652.5,0.000306357,0.00153178,6
655,660,657.5,0.000408476,0.00204238,8
660,665,662.5,0.000357416,0.00178708,7
665,670,667.5,0.000306357,0.00153178,6
670,675,672.5,0.00296145,0.0148073,58
675,680,677.5,0.000459535,0.00229768,9
680,685,682.5,0.000204238,0.00102119,4
685,690,687.5,0.000255297,0.00127649,5
690,695,692.5,0.000510595,0.00255297,10
695,700,697.5,0.000153178,0.000765892,3
700,705,702.5,0.000459535,0.00229768,9
705,710,707.5,0.000357416,0.00178708,7
710,715,712.5,0.000357416,0.00178708,7
715,720,717.5,0.000153178,0.000765892,3
720,725,722.5,0.000459535,0.00229768,9
725,730,727.5,0.000816952,0.00408476,16
730,735,732.5,0.000306357,0.00153178,6
735,740,737.5,0.000153178,0.000765892,3
740,745,742.5,0.000204238,0.00102119,4
745,750,747.5,0.000306357,0.00153178,6
750,755,752.5,0.000459535,0.00229768,9
755,760,757.5,0.000816952,0.00408476,16
760,765,762.5,0.000561654,0.00280827,11
765,770,767.5,0.000408476,0.00204238,8
770,775,772.5,0.000357416,0.00178708,7
775,780,777.5,0.000408476,0.00204238,8
780,785,782.5,0.000714833,0.00357416,14
785,790,787.5,0.000357416,0.00178708,7
790,795,792.5,0.000357416,0.00178708,7
795,800,797.5,0.000204238,0.00102119,4
800,805,802.5,0.000255297,0.00127649,5
805,810,807.5,0.000306357,0.00153178,6
810,815,812.5,0.000255297,0.00127649,5
815,820,817.5,0.000255297,0.00127649,5
820,825,822.5,0.000255297,0.00127649,5
825,830,827.5,0.000153178,0.000765892,3
830,835,832.5,0.000255297,0.00127649,5
835,840,837.5,0.000204238,0.00102119,4
840,845,842.5,0.000561654,0.00280827,11
845,850,847.5,0.000255297,0.00127649,5
850,855,852.5,0.000510595,0.00255297,10
855,860,857.5,0.000306357,0.00153178,6
860,865,862.5,0.000408476,0.00204238,8
865,870,867.5,0.000408476,0.00204238,8
870,875,872.5,0.000204238,0.00102119,4
875,880,877.5,0.000357416,0.00178708,7
880,885,882.5,0.000255297,0.00127649,5
885,890,887.5,0.000153178,0.000765892,3
890,895,892.5,0.000510595,0.00255297,10
895,900,897.5,0.000408476,0.00204238,8
900,905,902.5,0.000357416,0.00178708,7
905,910,907.5,0.000255297,0.00127649,5
910,915,912.5,0.000306357,0.00153178,6
915,920,917.5,0.000459535,0.00229768,9
920,925,922.5,0.000204238,0.00102119,4
925,930,927.5,0.000408476,0.00204238,8
930,935,932.5,0.000510595,0.00255297,10
935,940,937.5,0.000153178,0.000765892,3
940,945,942.5,0.000306357,0.00153178,6
945,950,947.5,5.10595e-05,0.000255297,1
950,955,952.5,0.000102119,0.000510595,2
955,960,957.5,0.000204238,0.00102119,4
960,965,962.5,0.000204238,0.00102119,4
965,970,967.5,0.000204238,0.00102119,4
970,975,972.5,0.000255297,0.00127649,5
975,980,977.5,0.000204238,0.00102119,4
980,985,982.5,0.000663773,0.00331887,13
985,990,987.5,0.000102119,0.000510595,2
990,995,992.5,0.000255297,0.00127649,5
995,1000,997.5,0.000255297,0.00127649,5
1000,1005,1002.5,0.000153178,0.000765892,3
1005,1010,1007.5,0.000357416,0.00178708,7
1010,1015,1012.5,0.000357416,0.00178708,7
1015,1020,1017.5,0.000357416,0.00178708,7
1020,1025,1022.5,0.000255297,0.00127649,5
1025,1030,1027.5,0.000357416,0.00178708,7
1030,1035,1032.5,0.000306357,0.00153178,6
1035,1040,1037.5,0.000255297,0.00127649,5
1040,1045,1042.5,0.000255297,0.00127649,5
1045,1050,1047.5,0.000357416,0.00178708,7
1050,1055,1052.5,0.000255297,0.00127649,5
1055,1060,1057.5,0.000204238,0.00102119,4
1060,1065,1062.5,0.000408476,0.00204238,8
1065,1070,1067.5,0.000153178,0.000765892,3
1070,1075,1072.5,0.000510595,0.00255297,10
1075,1080,1077.5,0.000357416,0.00178708,7
1080,1085,1082.5,0.000255297,0.00127649,5
1085,1090,1087.5,0.000306357,0.00153178,6
1090,1095,1092.5,0.000663773,0.00331887,13
1095,1100,1097.5,0.000357416,0.00178708,7
1100,1105,1102.5,0.000153178,0.000765892,3
1105,1110,1107.5,0.000204238,0.00102119,4
1110,1115,1112.5,0.000306357,0.00153178,6
1115,1120,1117.5,0.000357416,0.00178708,7
1120,1125,1122.5,0.000663773,0.00331887,13
1125,1130,1127.5,0.000408476,0.00204238,8
1130,1135,1132.5,0.000255297,0.00127649,5
1135,1140,1137.5,0.000510595,0.00255297,10
1140,1145,1142.5,0.000204238,0.00102119,4
1145,1150,1147.5,0.000612714,0.00306357,12
1150,1155,1152.5,0.000153178,0.000765892,3
1155,1160,1157.5,0.000255297,0.00127649,5
1160,1165,1162.5,0.000204238,0.00102119,4
1165,1170,1167.5,0.000306357,0.00153178,6
1170,1175,1172.5,0.000663773,0.00331887,13
1175,1180,1177.5,0.000255297,0.00127649,5
1180,1185,1182.5,0.000255297,0.00127649,5
1185,1190,1187.5,0.000510595,0.00255297,10
1190,1195,1192.5,0.000408476,0.00204238,8
1195,1200,1197.5,0.000612714,0.00306357,12
1200,1205,1202.5,0.000510595,0.00255297,10
1205,1210,1207.5,0.000255297,0.00127649,5
1210,1215,1212.5,0.000204238,0.00102119,4
1215,1220,1217.5,0.000153178,0.000765892,3
1220,1225,1222.5,0.000255297,0.00127649,5
1225,1230,1227.5,0.000306357,0.00153178,6
1230,1235,1232.5,0.000204238,0.00102119,4
1235,1240,1237.5,0.000306357,0.00153178,6
1240,1245,1242.5,0.000459535,0.00229768,9
1245,1250,1247.5,0.000153178,0.000765892,3
1250,1255,1252.5,0.000255297,0.00127649,5
1255,1260,1257.5,0.000255297,0.00127649,5
1260,1265,1262.5,0.000306357,0.00153178,6
1265,1270,1267.5,0.000153178,0.000765892,3
1270,1275,1272.5,0.000306357,0.00153178,6
1275,1280,1277.5,0.000153178,0.000765892,3
1280,1285,1282.5,0.000153178,0.000765892,3
1285,1290,1287.5,0.000153178,0.000765892,3
1290,1295,1292.5,0.000153178,0.000765892,3
1295,1300,1297.5,0.000357416,0.00178708,7
1300,1305,1302.5,5.10595e-05,0.000255297,1
1305,1310,1307.5,0.000204238,0.00102119,4
1310,1315,1312.5,0.000459535,0.00229768,9
1315,1320,1317.5,0.000153178,0.000765892,3
1320,1325,1322.5,0.000255297,0.00127649,5
1325,1330,1327.5,0.000255297,0.00127649,5
1330,1335,1332.5,5.10595e-05,0.000255297,1
1335,1340,1337.5,0.000357416,0.00178708,7
1340,1345,1342.5,0.000204238,0.00102119,4
1345,1350,1347.5,0.000204238,0.00102119,4
1350,1355,1352.5,0.000306357,0.00153178,6
1355,1360,1357.5,0.000102119,0.000510595,2
1360,1365,1362.5,0.000255297,0.00127649,5
1365,1370,1367.5,0.000102119,0.000510595,2
1370,1375,1372.5,0.000204238,0.00102119,4
1375,1380,1377.5,0.000153178,0.000765892,3
1380,1385,1382.5,0.000204238,0.00102119,4
1385,1390,1387.5,0.000255297,0.00127649,5
1390,1395,1392.5,0.000153178,0.000765892,3
1395,1400,1397.5,0.000408476,0.00204238,8
1400,1405,1402.5,0.000102119,0.000510595,2
1405,1410,1407.5,0.000561654,0.00280827,11
1410,1415,1412.5,0.000153178,0.000765892,3
1415,1420,1417.5,0.000153178,0.000765892,3
1420,1425,1422.5,0.000357416,0.00178708,7
1425,1430,1427.5,0.000255297,0.00127649,5
1430,1435,1432.5,0.000255297,0.00127649,5
1435,1440,1437.5,0.000306357,0.00153178,6
1440,1445,1442.5,0.000357416,0.00178708,7
1445,1450,1447.5,0.000255297,0.00127649,5
1450,1455,1452.5,0.000255297,0.00127649,5
1455,1460,1457.5,0.000357416,0.00178708,7
1460,1465,1462.5,0.000255297,0.00127649,5
1465,1470,1467.5,0.000306357,0.00153178,6
1470,1475,1472.5,0.000306357,0.00153178,6
1475,1480,1477.5,0.000102119,0.000510595,2
1480,1485,1482.5,0.000204238,0.00102119,4
1485,1490,1487.5,0.000255297,0.00127649,5
1490,1495,1492.5,0.000306357,0.00153178,6
1495,1500,1497.5,0.000255297,0.00127649,5
1500,1505,1502.5,0.000357416,0.00178708,7
1505,1510,1507.5,0.000153178,0.000765892,3
1510,1515,1512.5,0.000459535,0.00229768,9
1515,1520,1517.5,0.000204238,0.00102119,4
1520,1525,1522.5,0.000255297,0.00127649,5
1525,1530,1527.5,0.000255297,0.00127649,5
1530,1535,1532.5,5.10595e-05,0.000255297,1
1535,1540,1537.5,0.000357416,0.00178708,7
1540,1545,1542.5,0.000255297,0.00127649,5
1545,1550,1547.5,0.000102119,0.000510595,2
1550,1555,1552.5,0.000102119,0.000510595,2
1555,1560,1557.5,0.000255297,0.00127649,5
1560,1565,1562.5,0.000306357,0.00153178,6
1565,1570,1567.5,0.000306357,0.00153178,6
1570,1575,1572.5,0.000153178,0.000765892,3
1575,1580,1577.5,0.000255297,0.00127649,5
1580,1585,1582.5,0.000306357,0.00153178,6
1585,1590,1587.5,0.000255297,0.00127649,5
1590,1595,1592.5,0.000153178,0.000765892,3
1595,1600,1597.5,0.000306357,0.00153178,6
1600,1605,1602.5,0.000306357,0.00153178,6
1605,1610,1607.5,0.000204238,0.00102119,4
1610,1615,1612.5,0.000204238,0.00102119,4
1615,1620,1617.5,0.000255297,0.00127649,5
1620,1625,1622.5,0.000204238,0.00102119,4
1625,1630,1627.5,0.000459535,0.00229768,9
1630,1635,1632.5,5.10595e-05,0.000255297,1
1635,1640,1637.5,5.10595e-05,0.000255297,1
1640,1645,1642.5,0.000306357,0.00153178,6
1645,1650,1647.5,0.000153178,0.000765892,3
1650,1655,1652.5,0.000102119,0.000510595,2
1655,1660,1657.5,0.000255297,0.00127649,5
1660,1665,1662.5,0.000204238,0.00102119,4
1665,1670,1667.5,0.000306357,0.00153178,6
1670,1675,1672.5,0.000153178,0.000765892,3
1675,1680,1677.5,0.000102119,0.000510595,2
1680,1685,1682.5,0.000306357,0.00153178,6
1685,1690,1687.5,5.10595e-05,0.000255297,1
1690,1695,1692.5,0.000204238,0.00102119,4
1695,1700,1697.5,0.000204238,0.00102119,4
1705,1710,1707.5,0.000153178,0.000765892,3
1710,1715,1712.5,0.000306357,0.00153178,6
1715,1720,1717.5,0.000255297,0.00127649,5
1720,1725,1722.5,0.000204238,0.00102119,4
1725,1730,1727.5,0.000255297,0.00127649,5
1730,1735,1732.5,0.000102119,0.000510595,2
1735,1740,1737.5,0.000153178,0.000765892,3
1740,1745,1742.5,0.000357416,0.00178708,7
1745,1750,1747.5,0.000204238,0.00102119,4
1750,1755,1752.5,5.10595e-05,0.000255297,1
1755,1760,1757.5,0.000408476,0.00204238,8
1760,1765,1762.5,0.000255297,0.00127649,5
1765,1770,1767.5,0.000153178,0.000765892,3
1770,1775,1772.5,0.000102119,0.000510595,2
1775,1780,1777.5,0.000204238,0.00102119,4
1780,1785,1782.5,0.000357416,0.00178708,7
1785,1790,1787.5,0.000357416,0.00178708,7
1790,1795,1792.5,0.000306357,0.00153178,6
1795,1800,1797.5,0.000204238,0.00102119,4
1800,1805,1802.5,0.000153178,0.000765892,3
1805,1810,1807.5,0.000102119,0.000510595,2
1810,1815,1812.5,0.000204238,0.00102119,4
1815,1820,1817.5,0.000408476,0.00204238,8
1820,1825,1822.5,0.000153178,0.000765892,3
1825,1830,1827.5,0.000255297,0.00127649,5
1830,1835,1832.5,0.000306357,0.00153178,6
1835,1840,1837.5,0.000204238,0.00102119,4
1840,1845,1842.5,0.000408476,0.00204238,8
1845,1850,1847.5,0.000153178,0.000765892,3
1850,1855,1852.5,0.000255297,0.00127649,5
1855,1860,1857.5,0.000306357,0.00153178,6
1860,1865,1862.5,0.000255297,0.00127649,5
1865,1870,1867.5,0.000153178,0.000765892,3
1870,1875,1872.5,0.000153178,0.000765892,3
1875,1880,1877.5,0.000255297,0.00127649,5
1880,1885,1882.5,0.000102119,0.000510595,2
1885,1890,1887.5,0.000153178,0.000765892,3
1890,1895,1892.5,0.000204238,0.00102119,4
1895,1900,1897.5,0.000153178,0.000765892,3
1900,1905,1902.5,0.000102119,0.000510595,2
1905,1910,1907.5,0.000204238,0.00102119,4
1910,1915,1912.5,0.000102119,0.000510595,2
1915,1920,1917.5,0.000102119,0.000510595,2
1920,1925,1922.5,0.000153178,0.000765892,3
1925,1930,1927.5,0.000357416,0.00178708,7
1930,1935,1932.5,0.000255297,0.00127649,5
1935,1940,1937.5,5.10595e-05,0.000255297,1
1940,1945,1942.5,0.000255297,0.00127649,5
1945,1950,1947.5,0.000102119,0.000510595,2
1950,1955,1952.5,0.000102119,0.000510595,2
1955,1960,1957.5,0.000459535,0.00229768,9
1960,1965,1962.5,0.000153178,0.000765892,3
1965,1970,1967.5,0.000255297,0.00127649,5
1970,1975,1972.5,0.000255297,0.00127649,5
1975,1980,1977.5,0.000102119,0.000510595,2
1980,1985,1982.5,0.000102119,0.000510595,2
1985,1990,1987.5,0.000102119,0.000510595,2
1990,1995,1992.5,0.000204238,0.00102119,4
1995,2000,1997.5,0.000204238,0.00102119,4
2000,2005,2002.5,0.000153178,0.000765892,3
2005,2010,2007.5,0.000204238,0.00102119,4
2010,2015,2012.5,0.000357416,0.00178708,7
2015,2020,2017.5,0.000153178,0.000765892,3
2020,2025,2022.5,0.000153178,0.000765892,3
2025,2030,2027.5,0.000204238,0.00102119,4
2030,2035,2032.5,0.000153178,0.000765892,3
2035,2040,2037.5,5.10595e-05,0.000255297,1
2040,2045,2042.5,0.000306357,0.00153178,6
2045,2050,2047.5,0.000153178,0.000765892,3
2050,2055,2052.5,0.000102119,0.000510595,2
2055,2060,2057.5,0.000102119,0.000510595,2
2060,2065,2062.5,0.000102119,0.000510595,2
2065,2070,2067.5,0.000204238,0.00102119,4
2070,2075,2072.5,0.000153178,0.000765892,3
2075,2080,2077.5,5.10595e-05,0.000255297,1
2080,2085,2082.5,0.000255297,0.00127649,5
2085,2090,2087.5,5.10595e-05,0.000255297,1
2090,2095,2092.5,0.000204238,0.00102119,4
2095,2100,2097.5,5.10595e-05,0.000255297,1
2100,2105,2102.5,0.000153178,0.000765892,3
2105,2110,2107.5,0.000153178,0.000765892,3
2110,2115,2112.5,0.000357416,0.00178708,7
2115,2120,2117.5,0.000357416,0.00178708,7
2120,2125,2122.5,0.000153178,0.000765892,3
2125,2130,2127.5,0.000153178,0.000765892,3
2130,2135,2132.5,5.10595e-05,0.000255297,1
2140,2145,2142.5,0.000204238,0.00102119,4
2145,2150,2147.5,0.000102119,0.000510595,2
2150,2155,2152.5,0.000255297,0.00127649,5
2155,2160,2157.5,0.000153178,0.000765892,3
2160,2165,2162.5,0.000255297,0.00127649,5
2165,2170,2167.5,0.000102119,0.000510595,2
2170,2175,2172.5,0.000153178,0.000765892,3
2175,2180,2177.5,0.000255297,0.00127649,5
2180,2185,2182.5,0.000102119,0.000510595,2
2185,2190,2187.5,0.000102119,0.000510595,2
2190,2195,2192.5,0.000102119,0.000510595,2
2195,2200,2197.5,0.000306357,0.00153178,6
2200,2205,2202.5,5.10595e-05,0.000255297,1
2205,2210,2207.5,0.000204238,0.00102119,4
2210,2215,2212.5,0.000102119,0.000510595,2
2215,2220,2217.5,5.10595e-05,0.000255297,1
2220,2225,2222.5,0.000204238,0.00102119,4
2225,2230,2227.5,0.000306357,0.00153178,6
2230,2235,2232.5,0.000408476,0.00204238,8
2235,2240,2237.5,0.000204238,0.00102119,4
2240,2245,2242.5,0.000102119,0.000510595,2
2245,2250,2247.5,0.000306357,0.00153178,6
2250,2255,2252.5,0.000306357,0.00153178,6
2255,2260,2257.5,5.10595e-05,0.000255297,1
2260,2265,2262.5,5.10595e-05,0.000255297,1
2265,2270,2267.5,0.000153178,0.000765892,3
2270,2275,2272.5,5.10595e-05,0.000255297,1
2280,2285,2282.5,0.000102119,0.000510595,2
2285,2290,2287.5,0.000102119,0.000510595,2
2290,2295,2292.5,0.000255297,0.00127649,5
2295,2300,2297.5,0.000153178,0.000765892,3
2300,2305,2302.5,0.000204238,0.00102119,4
2305,2310,2307.5,0.000204238,0.00102119,4
2310,2315,2312.5,0.000408476,0.00204238,8
2315,2320,2317.5,0.000153178,0.000765892,3
2320,2325,2322.5,0.000153178,0.000765892,3
2325,2330,2327.5,0.000102119,0.000510595,2
2330,2335,2332.5,0.000204238,0.00102119,4
2335,2340,2337.5,5.10595e-05,0.000255297,1
2340,2345,2342.5,0.000102119,0.000510595,2
2345,2350,2347.5,0.000102119,0.000510595,2
2350,2355,2352.5,0.000153178,0.000765892,3
2355,2360,2357.5,5.10595e-05,0.000255297,1
2360,2365,2362.5,5.10595e-05,0.000255297,1
2365,2370,2367.5,0.000153178,0.000765892,3
2370,2375,2372.5,0.000153178,0.000765892,3
2380,2385,2382.5,0.000102119,0.000510595,2
2385,2390,2387.5,0.000102119,0.000510595,2
2390,2395,2392.5,0.000204238,0.00102119,4
2395,2400,2397.5,0.000357416,0.00178708,7
2400,2405,2402.5,0.000102119,0.000510595,2
2405,2410,2407.5,0.000204238,0.00102119,4
2410,2415,2412.5,0.000204238,0.00102119,4
2415,2420,2417.5,0.000153178,0.000765892,3
2420,2425,2422.5,0.000306357,0.00153178,6
2425,2430,2427.5,0.000102119,0.000510595,2
2430,2435,2432.5,0.000204238,0.00102119,4
2435,2440,2437.5,0.000153178,0.000765892,3
2440,2445,2442.5,5.10595e-05,0.000255297,1
2445,2450,2447.5,0.000102119,0.000510595,2
2450,2455,2452.5,0.000153178,0.000765892,3
2455,2460,2457.5,0.000102119,0.000510595,2
2460,2465,2462.5,0.000102119,0.000510595,2
2465,2470,2467.5,0.000153178,0.000765892,3
2475,2480,2477.5,0.000153178,0.000765892,3
2480,2485,2482.5,0.000204238,0.00102119,4
2485,2490,2487.5,5.10595e-05,0.000255297,1
2490,2495,2492.5,5.10595e-05,0.000255297,1
2495,2500,2497.5,5.10595e-05,0.000255297,1
2500,2505,2502.5,0.000153178,0.000765892,3
2505,2510,2507.5,0.000153178,0.000765892,3
2510,2515,2512.5,0.000153178,0.000765892,3
2515,2520,2517.5,0.000204238,0.00102119,4
2525,2530,2527.5,0.000102119,0.000510595,2
2530,2535,2532.5,0.000102119,0.000510595,2
2535,2540,2537.5,0.000255297,0.00127649,5
2540,2545,2542.5,0.000102119,0.000510595,2
2545,2550,2547.5,0.000102119,0.000510595,2
2550,2555,2552.5,0.000204238,0.00102119,4
2555,2560,2557.5,0.000306357,0.00153178,6
2560,2565,2562.5,0.000102119,0.000510595,2
2565,2570,2567.5,0.000102119,0.000510595,2
2570,2575,2572.5,0.000102119,0.000510595,2
2575,2580,2577.5,5.10595e-05,0.000255297,1
2580,2585,2582.5,0.000102119,0.000510595,2
2585,2590,2587.5,5.10595e-05,0.000255297,1
2595,2600,2597.5,0.000153178,0.000765892,3
2600,2605,2602.5,0.000102119,0.000510595,2
2605,2610,2607.5,0.000102119,0.000510595,2
2610,2615,2612.5,0.000102119,0.000510595,2
2615,2620,2617.5,0.000204238,0.00102119,4
2620,2625,2622.5,0.000153178,0.000765892,3
2625,2630,2627.5,0.000204238,0.00102119,4
2630,2635,2632.5,0.000102119,0.000510595,2
2635,2640,2637.5,5.10595e-05,0.000255297,1
2645,2650,2647.5,0.000204238,0.00102119,4
2650,2655,2652.5,0.000204238,0.00102119,4
2655,2660,2657.5,0.000255297,0.00127649,5
2660,2665,2662.5,0.000153178,0.000765892,3
2665,2670,2667.5,0.000153178,0.000765892,3
2670,2675,2672.5,0.000306357,0.00153178,6
2675,2680,2677.5,0.000204238,0.00102119,4
2680,2685,2682.5,0.000153178,0.000765892,3
2685,2690,2687.5,0.000102119,0.000510595,2
2690,2695,2692.5,0.000102119,0.000510595,2
2695,2700,2697.5,0.000102119,0.000510595,2
2705,2710,2707.5,5.10595e-05,0.000255297,1
2710,2715,2712.5,0.000204238,0.00102119,4
2715,2720,2717.5,0.000255297,0.00127649,5
2720,2725,2722.5,0.000153178,0.000765892,3
2725,2730,2727.5,0.000204238,0.00102119,4
2735,2740,2737.5,0.000153178,0.000765892,3
2740,2745,2742.5,0.000204238,0.00102119,4
2745,2750,2747.5,0.000204238,0.00102119,4
2750,2755,2752.5,0.000306357,0.00153178,6
2755,2760,2757.5,5.10595e-05,0.000255297,1
2760,2765,2762.5,0.000153178,0.000765892,3
2765,2770,2767.5,0.000255297,0.00127649,5
2770,2775,2772.5,0.000204238,0.00102119,4
2775,2780,2777.5,0.000102119,0.000510595,2
2780,2785,2782.5,0.000153178,0.000765892,3
2785,2790,2787.5,0.000153178,0.000765892,3
2805,2810,2807.5,0.000204238,0.00102119,4
2815,2820,2817.5,5.10595e-05,0.000255297,1
2820,2825,2822.5,0.000102119,0.000510595,2
2825,2830,2827.5,5.10595e-05,0.000255297,1
2830,2835,2832.5,0.000102119,0.000510595,2
2835,2840,2837.5,0.000102119,0.000510595,2
2850,2855,2852.5,0.000153178,0.000765892,3
2855,2860,2857.5,0.000255297,0.00127649,5
2860,2865,2862.5,5.10595e-05,0.000255297,1
2865,2870,2867.5,0.000153178,0.000765892,3
2870,2875,2872.5,5.10595e-05,0.000255297,1
2880,2885,2882.5,0.000153178,0.000765892,3
2885,2890,2887.5,0.000102119,0.000510595,2
2895,2900,2897.5,0.000102119,0.000510595,2
2900,2905,2902.5,0.000102119,0.000510595,2
2905,2910,2907.5,0.000102119,0.000510595,2
2910,2915,2912.5,0.000102119,0.000510595,2
2915,2920,2917.5,0.000102119,0.000510595,2
2920,2925,2922.5,0.000153178,0.000765892,3
2930,2935,2932.5,0.000102119,0.000510595,2
2935,2940,2937.5,0.000102119,0.000510595,2
2940,2945,2942.5,0.000102119,0.000510595,2
2945,2950,2947.5,0.000102119,0.000510595,2
2950,2955,2952.5,0.000102119,0.000510595,2
2955,2960,2957.5,0.000204238,0.00102119,4
2960,2965,2962.5,0.000102119,0.000510595,2
2970,2975,2972.5,0.000204238,0.00102119,4
2990,2995,2992.5,5.10595e-05,0.000255297,1
2995,3000,2997.5,5.10595e-05,0.000255297,1
3000,3005,3002.5,0.000102119,0.000510595,2
3005,3010,3007.5,0.000153178,0.000765892,3
3010,3015,3012.5,0.000255297,0.00127649,5
3015,3020,3017.5,0.000204238,0.00102119,4
3020,3025,3022.5,0.000153178,0.000765892,3
3025,3030,3027.5,0.000204238,0.00102119,4
3030,3035,3032.5,0.000102119,0.000510595,2
3035,3040,3037.5,5.10595e-05,0.000255297,1
3045,3050,3047.5,0.000306357,0.00153178,6
3050,3055,3052.5,5.10595e-05,0.000255297,1
3055,3060,3057.5,0.000153178,0.000765892,3
3060,3065,3062.5,5.10595e-05,0.000255297,1
3065,3070,3067.5,0.000102119,0.000510595,2
3075,3080,3077.5,5.10595e-05,0.000255297,1
3080,3085,3082.5,0.000102119,0.000510595,2
3085,3090,3087.5,0.000204238,0.00102119,4
3090,3095,3092.5,0.000102119,0.000510595,2
3095,3100,3097.5,0.000102119,0.000510595,2
3100,3105,3102.5,0.000102119,0.000510595,2
3105,3110,3107.5,0.000153178,0.000765892,3
3110,3115,3112.5,0.000102119,0.000510595,2
3115,3120,3117.5,5.10595e-05,0.000255297,1
3120,3125,3122.5,0.000153178,0.000765892,3
3125,3130,3127.5,5.10595e-05,0.000255297,1
3130,3135,3132.5,0.000102119,0.000510595,2
3135,3140,3137.5,0.000204238,0.00102119,4
3140,3145,3142.5,0.000102119,0.000510595,2
3145,3150,3147.5,0.000102119,0.000510595,2
3150,3155,3152.5,0.000102119,0.000510595,2
3155,3160,3157.5,0.000102119,0.000510595,2
3160,3165,3162.5,0.000204238,0.00102119,4
3165,3170,3167.5,0.000153178,0.000765892,3
3170,3175,3172.5,0.000102119,0.000510595,2
3175,3180,3177.5,0.000102119,0.000510595,2
3180,3185,3182.5,0.000102119,0.000510595,2
3185,3190,3187.5,0.000153178,0.000765892,3
3195,3200,3197.5,0.000153178,0.000765892,3
3205,3210,3207.5,0.000153178,0.000765892,3
3215,3220,3217.5,0.000102119,0.000510595,2
3220,3225,3222.5,0.000102119,0.000510595,2
3225,3230,3227.5,5.10595e-05,0.000255297,1
3230,3235,3232.5,0.000102119,0.000510595,2
3235,3240,3237.5,5.10595e-05,0.000255297,1
3240,3245,3242.5,5.10595e-05,0.000255297,1
3250,3255,3252.5,5.10595e-05,0.000255297,1
3255,3260,3257.5,0.000102119,0.000510595,2
3260,3265,3262.5,0.000102119,0.000510595,2
3265,3270,3267.5,0.000102119,0.000510595,2
3270,3275,3272.5,0.000306357,0.00153178,6
3280,3285,3282.5,0.000153178,0.000765892,3
3285,3290,3287.5,0.000153178,0.000765892,3
3290,3295,3292.5,0.000153178,0.000765892,3
3295,3300,3297.5,0.000102119,0.000510595,2
3300,3305,3302.5,0.000204238,0.00102119,4
3305,3310,3307.5,0.000102119,0.000510595,2
3310,3315,3312.5,5.10595e-05,0.000255297,1
3315,3320,3317.5,0.000102119,0.000510595,2
3320,3325,3322.5,0.000102119,0.000510595,2
3325,3330,3327.5,5.10595e-05,0.000255297,1
3330,3335,3332.5,0.000153178,0.000765892,3
3335,3340,3337.5,0.000153178,0.000765892,3
3340,3345,3342.5,0.000153178,0.000765892,3
3345,3350,3347.5,0.000153178,0.000765892,3
3350,3355,3352.5,0.000102119,0.000510595,2
3355,3360,3357.5,5.10595e-05,0.000255297,1
3360,3365,3362.5,0.000153178,0.000765892,3
3365,3370,3367.5,0.000102119,0.000510595,2
3370,3375,3372.5,0.000255297,0.00127649,5
3375,3380,3377.5,0.000255297,0.00127649,5
3380,3385,3382.5,5.10595e-05,0.000255297,1
3390,3395,3392.5,0.000204238,0.00102119,4
3395,3400,3397.5,0.000102119,0.000510595,2
3400,3405,3402.5,0.000102119,0.000510595,2
3405,3410,3407.5,0.000153178,0.000765892,3
3410,3415,3412.5,0.000102119,0.000510595,2
3415,3420,3417.5,0.000255297,0.00127649,5
3420,3425,3422.5,5.10595e-05,0.000255297,1
3425,3430,3427.5,5.10595e-05,0.000255297,1
3430,3435,3432.5,0.000153178,0.000765892,3
3440,3445,3442.5,0.000153178,0.000765892,3
3450,3455,3452.5,5.10595e-05,0.000255297,1
3455,3460,3457.5,5.10595e-05,0.000255297,1
3460,3465,3462.5,0.000102119,0.000510595,2
3465,3470,3467.5,5.10595e-05,0.000255297,1
3470,3475,3472.5,0.000255297,0.00127649,5
3475,3480,3477.5,0.000153178,0.000765892,3
3480,3485,3482.5,0.000102119,0.000510595,2
3485,3490,3487.5,0.000102119,0.000510595,2
3490,3495,3492.5,0.000102119,0.000510595,2
3495,3500,3497.5,0.000153178,0.000765892,3
3500,3505,3502.5,5.10595e-05,0.000255297,1
3505,3510,3507.5,5.10595e-05,0.000255297,1
3510,3515,3512.5,5.10595e-05,0.000255297,1
3515,3520,3517.5,5.10595e-05,0.000255297,1
3520,3525,3522.5,0.000102119,0.000510595,2
3525,3530,3527.5,0.000153178,0.000765892,3
3535,3540,3537.5,0.000102119,0.000510595,2
3540,3545,3542.5,0.000102119,0.000510595,2
3545,3550,3547.5,0.000306357,0.00153178,6
3550,3555,3552.5,0.000204238,0.00102119,4
3555,3560,3557.5,5.10595e-05,0.000255297,1
3560,3565,3562.5,5.10595e-05,0.000255297,1
3565,3570,3567.5,5.10595e-05,0.000255297,1
3575,3580,3577.5,0.000153178,0.000765892,3
3580,3585,3582.5,0.000102119,0.000510595,2
3585,3590,3587.5,0.000102119,0.000510595,2
3590,3595,3592.5,0.000153178,0.000765892,3
3595,3600,3597.5,5.10595e-05,0.000255297,1
3600,3605,3602.5,5.10595e-05,0.000255297,1
3605,3610,3607.5,0.000102119,0.000510595,2
3610,3615,3612.5,0.000102119,0.000510595,2
3615,3620,3617.5,0.000153178,0.000765892,3
3620,3625,3622.5,0.000204238,0.00102119,4
3630,3635,3632.5,0.000255297,0.00127649,5
3635,3640,3637.5,5.10595e-05,0.000255297,1
3640,3645,3642.5,0.000102119,0.000510595,2
3650,3655,3652.5,0.000102119,0.000510595,2
3655,3660,3657.5,0.000153178,0.000765892,3
3660,3665,3662.5,5.10595e-05,0.000255297,1
3665,3670,3667.5,0.000102119,0.000510595,2
3670,3675,3672.5,0.000102119,0.000510595,2
3675,3680,3677.5,0.000153178,0.000765892,3
3680,3685,3682.5,5.10595e-05,0.000255297,1
3685,3690,3687.5,5.10595e-05,0.000255297,1
3690,3695,3692.5,0.000102119,0.000510595,2
3695,3700,3697.5,0.000153178,0.000765892,3
3700,3705,3702.5,5.10595e-05,0.000255297,1
3705,3710,3707.5,0.000153178,0.000765892,3
3710,3715,3712.5,0.000153178,0.000765892,3
3715,3720,3717.5,0.000204238,0.00102119,4
3720,3725,3722.5,0.000102119,0.000510595,2
3735,3740,3737.5,5.10595e-05,0.000255297,1
3740,3745,3742.5,5.10595e-05,0.000255297,1
3745,3750,3747.5,5.10595e-05,0.000255297,1
3750,3755,3752.5,5.10595e-05,0.000255297,1
3755,3760,3757.5,0.000306357,0.00153178,6
3765,3770,3767.5,0.000102119,0.000510595,2
3770,3775,3772.5,0.000204238,0.00102119,4
3775,3780,3777.5,5.10595e-05,0.000255297,1
3780,3785,3782.5,5.10595e-05,0.000255297,1
3785,3790,3787.5,0.000102119,0.000510595,2
3790,3795,3792.5,0.000102119,0.000510595,2
3795,3800,3797.5,0.000255297,0.00127649,5
3800,3805,3802.5,5.10595e-05,0.000255297,1
3805,3810,3807.5,0.000102119,0.000510595,2
3810,3815,3812.5,5.10595e-05,0.000255297,1
3815,3820,3817.5,0.000204238,0.00102119,4
3820,3825,3822.5,0.000102119,0.000510595,2
3830,3835,3832.5,0.000153178,0.000765892,3
3835,3840,3837.5,5.10595e-05,0.000255297,1
3840,3845,3842.5,5.10595e-05,0.000255297,1
3845,3850,3847.5,5.10595e-05,0.000255297,1
3850,3855,3852.5,0.000102119,0.000510595,2
3855,3860,3857.5,5.10595e-05,0.000255297,1
3860,3865,3862.5,5.10595e-05,0.000255297,1
3865,3870,3867.5,0.000102119,0.000510595,2
3870,3875,3872.5,0.000255297,0.00127649,5
3875,3880,3877.5,5.10595e-05,0.000255297,1
3880,3885,3882.5,5.10595e-05,0.000255297,1
3885,3890,3887.5,5.10595e-05,0.000255297,1
3890,3895,3892.5,5.10595e-05,0.000255297,1
3900,3905,3902.5,0.000102119,0.000510595,2
3905,3910,3907.5,0.000102119,0.000510595,2
3910,3915,3912.5,0.000153178,0.000765892,3
3915,3920,3917.5,5.10595e-05,0.000255297,1
3920,3925,3922.5,5.10595e-05,0.000255297,1
3930,3935,3932.5,0.000153178,0.000765892,3
3935,3940,3937.5,0.000102119,0.000510595,2
3940,3945,3942.5,0.000102119,0.000510595,2
3950,3955,3952.5,0.000102119,0.000510595,2
3955,3960,3957.5,0.000204238,0.00102119,4
3965,3970,3967.5,0.000153178,0.000765892,3
3970,3975,3972.5,0.000153178,0.000765892,3
3975,3980,3977.5,0.000153178,0.000765892,3
3980,3985,3982.5,5.10595e-05,0.000255297,1
3985,3990,3987.5,5.10595e-05,0.000255297,1
3990,3995,3992.5,0.000102119,0.000510595,2
3995,4000,3997.5,0.000102119,0.000510595,2
4000,4005,4002.5,0.000102119,0.000510595,2
4015,4020,4017.5,0.000102119,0.000510595,2
4020,4025,4022.5,0.000102119,0.000510595,2
4030,4035,4032.5,0.000204238,0.00102119,4
4035,4040,4037.5,5.10595e-05,0.000255297,1
4040,4045,4042.5,0.000102119,0.000510595,2
4045,4050,4047.5,0.000102119,0.000510595,2
4050,4055,4052.5,0.000153178,0.000765892,3
4055,4060,4057.5,0.000102119,0.000510595,2
4065,4070,4067.5,0.000204238,0.00102119,4
4070,4075,4072.5,0.000102119,0.000510595,2
4075,4080,4077.5,0.000153178,0.000765892,3
4080,4085,4082.5,5.10595e-05,0.000255297,1
4085,4090,4087.5,0.000204238,0.00102119,4
4090,4095,4092.5,0.000102119,0.000510595,2
4095,4100,4097.5,0.000306357,0.00153178,6
4100,4105,4102.5,0.000102119,0.000510595,2
4105,4110,4107.5,5.10595e-05,0.000255297,1
4110,4115,4112.5,0.000153178,0.000765892,3
4115,4120,4117.5,0.000102119,0.000510595,2
4120,4125,4122.5,5.10595e-05,0.000255297,1
4125,4130,4127.5,0.000255297,0.00127649,5
4130,4135,4132.5,0.000102119,0.000510595,2
4140,4145,4142.5,5.10595e-05,0.000255297,1
4145,4150,4147.5,5.10595e-05,0.000255297,1
4150,4155,4152.5,0.000153178,0.000765892,3
4155,4160,4157.5,5.10595e-05,0.000255297,1
4165,4170,4167.5,0.000102119,0.000510595,2
4175,4180,4177.5,5.10595e-05,0.000255297,1
4180,4185,4182.5,0.000255297,0.00127649,5
4190,4195,4192.5,0.000102119,0.000510595,2
4195,4200,4197.5,5.10595e-05,0.000255297,1
4200,4205,4202.5,5.10595e-05,0.000255297,1
4205,4210,4207.5,0.000102119,0.000510595,2
4215,4220,4217.5,0.000204238,0.00102119,4
4220,4225,4222.5,0.000102119,0.000510595,2
4225,4230,4227.5,0.000102119,0.000510595,2
4230,4235,4232.5,5.10595e-05,0.000255297,1
4235,4240,4237.5,0.000102119,0.000510595,2
4240,4245,4242.5,0.000102119,0.000510595,2
4245,4250,4247.5,5.10595e-05,0.000255297,1
4250,4255,4252.5,5.10595e-05,0.000255297,1
4255,4260,4257.5,5.10595e-05,0.000255297,1
4260,4265,4262.5,5.10595e-05,0.000255297,1
4265,4270,4267.5,5.10595e-05,0.000255297,1
4270,4275,4272.5,0.000102119,0.000510595,2
4275,4280,4277.5,5.10595e-05,0.000255297,1
4285,4290,4287.5,0.000153178,0.000765892,3
4290,4295,4292.5,5.10595e-05,0.000255297,1
4295,4300,4297.5,0.000153178,0.000765892,3
4305,4310,4307.5,0.000102119,0.000510595,2
4310,4315,4312.5,0.000102119,0.000510595,2
4315,4320,4317.5,0.000204238,0.00102119,4
4320,4325,4322.5,0.000102119,0.000510595,2
4325,4330,4327.5,0.000153178,0.000765892,3
4340,4345,4342.5,5.10595e-05,0.000255297,1
4345,4350,4347.5,5.10595e-05,0.000255297,1
4350,4355,4352.5,5.10595e-05,0.000255297,1
4355,4360,4357.5,0.000102119,0.000510595,2
4365,4370,4367.5,5.10595e-05,0.000255297,1
4380,4385,4382.5,0.000153178,0.000765892,3
4390,4395,4392.5,0.000102119,0.000510595,2
4395,4400,4397.5,5.10595e-05,0.000255297,1
4400,4405,4402.5,5.10595e-05,0.000255297,1
4410,4415,4412.5,5.10595e-05,0.000255297,1
4445,4450,4447.5,5.10595e-05,0.000255297,1
4490,4495,4492.5,5.10595e-05,0.000255297,1
4500,4505,4502.5,5.10595e-05,0.000255297,1
4515,4520,4517.5,5.10595e-05,0.000255297,1
4520,4525,4522.5,5.10595e-05,0.000255297,1
4530,4535,4532.5,5.10595e-05,0.000255297,1
4535,4540,4537.5,5.10595e-05,0.000255297,1
4540,4545,4542.5,5.10595e-05,0.000255297,1
4545,4550,4547.5,5.10595e-05,0.000255297,1
4565,4570,4567.5,5.10595e-05,0.000255297,1
4575,4580,4577.5,5.10595e-05,0.000255297,1
4605,4610,4607.5,5.10595e-05,0.000255297,1
4610,4615,4612.5,5.10595e-05,0.000255297,1
4625,4630,4627.5,5.10595e-05,0.000255297,1
4630,4635,4632.5,5.10595e-05,0.000255297,1
4640,4645,4642.5,5.10595e-05,0.000255297,1
4665,4670,4667.5,5.10595e-05,0.000255297,1
4675,4680,4677.5,5.10595e-05,0.000255297,1
4695,4700,4697.5,5.10595e-05,0.000255297,1
4700,4705,4702.5,5.10595e-05,0.000255297,1
4715,4720,4717.5,5.10595e-05,0.000255297,1
4750,4755,4752.5,5.10595e-05,0.000255297,1
4755,4760,4757.5,5.10595e-05,0.000255297,1
4770,4775,4772.5,5.10595e-05,0.000255297,1
4785,4790,4787.5,5.10595e-05,0.000255297,1
4805,4810,4807.5,5.10595e-05,0.000255297,1
4810,4815,4812.5,5.10595e-05,0.000255297,1
4820,4825,4822.5,5.10595e-05,0.000255297,1
4835,4840,4837.5,5.10595e-05,0.000255297,1
4860,4865,4862.5,5.10595e-05,0.000255297,1
4865,4870,4867.5,5.10595e-05,0.000255297,1
4870,4875,4872.5,5.10595e-05,0.000255297,1
4885,4890,4887.5,5.10595e-05,0.000255297,1
4895,4900,4897.5,5.10595e-05,0.000255297,1
4900,4905,4902.5,0.000102119,0.000510595,2
4920,4925,4922.5,5.10595e-05,0.000255297,1
4925,4930,4927.5,0.000102119,0.000510595,2
4950,4955,4952.5,5.10595e-05,0.000255297,1
4955,4960,4957.5,5.10595e-05,0.000255297,1
5010,5015,5012.5,5.10595e-05,0.000255297,1
5025,5030,5027.5,5.10595e-05,0.000255297,1
5050,5055,5052.5,5.10595e-05,0.000255297,1
5055,5060,5057.5,5.10595e-05,0.000255297,1
5085,5090,5087.5,5.10595e-05,0.000255297,1
5090,5095,5092.5,5.10595e-05,0.000255297,1
5100,5105,5102.5,0.000102119,0.000510595,2
5105,5110,5107.5,0.000102119,0.000510595,2
5120,5125,5122.5,5.10595e-05,0.000255297,1
5135,5140,5137.5,5.10595e-05,0.000255297,1
5140,5145,5142.5,5.10595e-05,0.000255297,1
5160,5165,5162.5,5.10595e-05,0.000255297,1
5185,5190,5187.5,5.10595e-05,0.000255297,1
5195,5200,5197.5,5.10595e-05,0.000255297,1
5225,5230,5227.5,0.000102119,0.000510595,2
5240,5245,5242.5,0.000102119,0.000510595,2
5245,5250,5247.5,5.10595e-05,0.000255297,1
5275,5280,5277.5,5.10595e-05,0.000255297,1
5295,5300,5297.5,0.000102119,0.000510595,2
5305,5310,5307.5,0.000102119,0.000510595,2
5320,5325,5322.5,5.10595e-05,0.000255297,1
5350,5355,5352.5,0.000102119,0.000510595,2
5360,5365,5362.5,0.000102119,0.000510595,2
5365,5370,5367.5,5.10595e-05,0.000255297,1
5375,5380,5377.5,0.000102119,0.000510595,2
5380,5385,5382.5,5.10595e-05,0.000255297,1
5385,5390,5387.5,5.10595e-05,0.000255297,1
5395,5400,5397.5,5.10595e-05,0.000255297,1
5410,5415,5412.5,5.10595e-05,0.000255297,1
5435,5440,5437.5,0.000102119,0.000510595,2
5485,5490,5487.5,5.10595e-05,0.000255297,1
5495,5500,5497.5,5.10595e-05,0.000255297,1
5505,5510,5507.5,5.10595e-05,0.000255297,1
5575,5580,5577.5,5.10595e-05,0.000255297,1
5585,5590,5587.5,5.10595e-05,0.000255297,1
5620,5625,5622.5,5.10595e-05,0.000255297,1
5625,5630,5627.5,5.10595e-05,0.000255297,1
5635,5640,5637.5,5.10595e-05,0.000255297,1
5650,5655,5652.5,5.10595e-05,0.000255297,1
5695,5700,5697.5,5.10595e-05,0.000255297,1
5700,5705,5702.5,5.10595e-05,0.000255297,1
5705,5710,5707.5,5.10595e-05,0.000255297,1
5710,5715,5712.5,0.000102119,0.000510595,2
5715,5720,5717.5,5.10595e-05,0.000255297,1
5755,5760,5757.5,5.10595e-05,0.000255297,1
5765,5770,5767.5,5.10595e-05,0.000255297,1
5770,5775,5772.5,5.10595e-05,0.000255297,1
5780,5785,5782.5,0.000102119,0.000510595,2
5795,5800,5797.5,5.10595e-05,0.000255297,1
5810,5815,5812.5,5.10595e-05,0.000255297,1
5815,5820,5817.5,5.10595e-05,0.000255297,1
5820,5825,5822.5,5.10595e-05,0.000255297,1
5830,5835,5832.5,5.10595e-05,0.000255297,1
5840,5845,5842.5,5.10595e-05,0.000255297,1
5855,5860,5857.5,5.10595e-05,0.000255297,1
5875,5880,5877.5,5.10595e-05,0.000255297,1
5880,5885,5882.5,0.000102119,0.000510595,2
5890,5895,5892.5,5.10595e-05,0.000255297,1
5895,5900,5897.5,5.10595e-05,0.000255297,1
5900,5905,5902.5,5.10595e-05,0.000255297,1
5915,5920,5917.5,5.10595e-05,0.000255297,1
5920,5925,5922.5,0.000102119,0.000510595,2
5930,5935,5932.5,5.10595e-05,0.000255297,1
5950,5955,5952.5,5.10595e-05,0.000255297,1
5960,5965,5962.5,5.10595e-05,0.000255297,1
6000,6005,6002.5,5.10595e-05,0.000255297,1
6005,6010,6007.5,0.000102119,0.000510595,2
6045,6050,6047.5,5.10595e-05,0.000255297,1
6050,6055,6052.5,5.10595e-05,0.000255297,1
6055,6060,6057.5,5.10595e-05,0.000255297,1
6075,6080,6077.5,5.10595e-05,0.000255297,1
6110,6115,6112.5,0.000102119,0.000510595,2
6115,6120,6117.5,5.10595e-05,0.000255297,1
6150,6155,6152.5,5.10595e-05,0.000255297,1
6155,6160,6157.5,5.10595e-05,0.000255297,1
6165,6170,6167.5,5.10595e-05,0.000255297,1
6170,6175,6172.5,5.10595e-05,0.000255297,1
6190,6195,6192.5,5.10595e-05,0.000255297,1
6215,6220,6217.5,5.10595e-05,0.000255297,1
6225,6230,6227.5,5.10595e-05,0.000255297,1
6280,6285,6282.5,5.10595e-05,0.000255297,1
6285,6290,6287.5,5.10595e-05,0.000255297,1
6295,6300,6297.5,5.10595e-05,0.000255297,1
6320,6325,6322.5,5.10595e-05,0.000255297,1
6370,6375,6372.5,5.10595e-05,0.000255297,1
6405,6410,6407.5,5.10595e-05,0.000255297,1
6410,6415,6412.5,5.10595e-05,0.000255297,1
6415,6420,6417.5,5.10595e-05,0.000255297,1
6425,6430,6427.5,5.10595e-05,0.000255297,1
6445,6450,6447.5,5.10595e-05,0.000255297,1
6460,6465,6462.5,5.10595e-05,0.000255297,1
6485,6490,6487.5,5.10595e-05,0.000255297,1
6495,6500,6497.5,0.000102119,0.000510595,2
6505,6510,6507.5,5.10595e-05,0.000255297,1
6515,6520,6517.5,5.10595e-05,0.000255297,1
6525,6530,6527.5,5.10595e-05,0.000255297,1
6530,6535,6532.5,5.10595e-05,0.000255297,1
6535,6540,6537.5,5.10595e-05,0.000255297,1
6540,6545,6542.5,0.000102119,0.000510595,2
6625,6630,6627.5,5.10595e-05,0.000255297,1
6675,6680,6677.5,5.10595e-05,0.000255297,1
6705,6710,6707.5,5.10595e-05,0.000255297,1
6715,6720,6717.5,5.10595e-05,0.000255297,1
6725,6730,6727.5,5.10595e-05,0.000255297,1
6735,6740,6737.5,5.10595e-05,0.000255297,1
6740,6745,6742.5,5.10595e-05,0.000255297,1
6755,6760,6757.5,5.10595e-05,0.000255297,1
6765,6770,6767.5,5.10595e-05,0.000255297,1
6770,6775,6772.5,5.10595e-05,0.000255297,1
6795,6800,6797.5,5.10595e-05,0.000255297,1
6815,6820,6817.5,5.10595e-05,0.000255297,1
6820,6825,6822.5,5.10595e-05,0.000255297,1
6825,6830,6827.5,5.10595e-05,0.000255297,1
6830,6835,6832.5,5.10595e-05,0.000255297,1
6850,6855,6852.5,5.10595e-05,0.000255297,1
6865,6870,6867.5,5.10595e-05,0.000255297,1
6875,6880,6877.5,5.10595e-05,0.000255297,1
6890,6895,6892.5,5.10595e-05,0.000255297,1
6920,6925,6922.5,5.10595e-05,0.000255297,1
6940,6945,6942.5,5.10595e-05,0.000255297,1
6950,6955,6952.5,5.10595e-05,0.000255297,1
6955,6960,6957.5,5.10595e-05,0.000255297,1
6965,6970,6967.5,5.10595e-05,0.000255297,1
7005,7010,7007.5,0.000102119,0.000510595,2
7015,7020,7017.5,5.10595e-05,0.000255297,1
7025,7030,7027.5,5.10595e-05,0.000255297,1
7040,7045,7042.5,5.10595e-05,0.000255297,1
7085,7090,7087.5,5.10595e-05,0.000255297,1
7155,7160,7157.5,5.10595e-05,0.000255297,1
7180,7185,7182.5,5.10595e-05,0.000255297,1
7185,7190,7187.5,5.10595e-05,0.000255297,1
7195,7200,7197.5,0.000102119,0.000510595,2
7215,7220,7217.5,5.10595e-05,0.000255297,1
7280,7285,7282.5,5.10595e-05,0.000255297,1
7285,7290,7287.5,5.10595e-05,0.000255297,1
7325,7330,7327.5,5.10595e-05,0.000255297,1
7340,7345,7342.5,5.10595e-05,0.000255297,1
7355,7360,7357.5,5.10595e-05,0.000255297,1
7370,7375,7372.5,5.10595e-05,0.000255297,1
7380,7385,7382.5,0.000102119,0.000510595,2
7440,7445,7442.5,5.10595e-05,0.000255297,1
7480,7485,7482.5,5.10595e-05,0.000255297,1
7490,7495,7492.5,5.10595e-05,0.000255297,1
7500,7505,7502.5,5.10595e-05,0.000255297,1
7545,7550,7547.5,5.10595e-05,0.000255297,1
7555,7560,7557.5,5.10595e-05,0.000255297,1
7585,7590,7587.5,5.10595e-05,0.000255297,1
7620,7625,7622.5,5.10595e-05,0.000255297,1
7635,7640,7637.5,0.000102119,0.000510595,2
7650,7655,7652.5,0.000102119,0.000510595,2
7655,7660,7657.5,5.10595e-05,0.000255297,1
7670,7675,7672.5,5.10595e-05,0.000255297,1
7710,7715,7712.5,5.10595e-05,0.000255297,1
7775,7780,7777.5,5.10595e-05,0.000255297,1
7785,7790,7787.5,5.10595e-05,0.000255297,1
7810,7815,7812.5,5.10595e-05,0.000255297,1
7835,7840,7837.5,5.10595e-05,0.000255297,1
7850,7855,7852.5,5.10595e-05,0.000255297,1
7960,7965,7962.5,5.10595e-05,0.000255297,1
7965,7970,7967.5,5.10595e-05,0.000255297,1
7990,7995,7992.5,5.10595e-05,0.000255297,1
8005,8010,8007.5,5.10595e-05,0.000255297,1
8010,8015,8012.5,0.000102119,0.000510595,2
8065,8070,8067.5,0.000102119,0.000510595,2
8115,8120,8117.5,5.10595e-05,0.000255297,1
8135,8140,8137.5,5.10595e-05,0.000255297,1
8150,8155,8152.5,5.10595e-05,0.000255297,1
8190,8195,8192.5,5.10595e-05,0.000255297,1
8255,8260,8257.5,5.10595e-05,0.000255297,1
8265,8270,8267.5,5.10595e-05,0.000255297,1
8275,8280,8277.5,5.10595e-05,0.000255297,1
8355,8360,8357.5,5.10595e-05,0.000255297,1
8425,8430,8427.5,5.10595e-05,0.000255297,1
8455,8460,8457.5,5.10595e-05,0.000255297,1
8465,8470,8467.5,5.10595e-05,0.000255297,1
8480,8485,8482.5,5.10595e-05,0.000255297,1
8530,8535,8532.5,5.10595e-05,0.000255297,1
8555,8560,8557.5,5.10595e-05,0.000255297,1
8570,8575,8572.5,5.10595e-05,0.000255297,1
8595,8600,8597.5,5.10595e-05,0.000255297,1
8645,8650,8647.5,5.10595e-05,0.000255297,1
8715,8720,8717.5,0.000102119,0.000510595,2
8735,8740,8737.5,5.10595e-05,0.000255297,1
8760,8765,8762.5,5.10595e-05,0.000255297,1
8820,8825,8822.5,5.10595e-05,0.000255297,1
8850,8855,8852.5,5.10595e-05,0.000255297,1
8875,8880,8877.5,5.10595e-05,0.000255297,1
8890,8895,8892.5,5.10595e-05,0.000255297,1
8910,8915,8912.5,0.000102119,0.000510595,2
8945,8950,8947.5,5.10595e-05,0.000255297,1
8965,8970,8967.5,5.10595e-05,0.000255297,1
9015,9020,9017.5,5.10595e-05,0.000255297,1
9030,9035,9032.5,5.10595e-05,0.000255297,1
9040,9045,9042.5,5.10595e-05,0.000255297,1
9045,9050,9047.5,5.10595e-05,0.000255297,1
9050,9055,9052.5,5.10595e-05,0.000255297,1
9055,9060,9057.5,0.000102119,0.000510595,2
9070,9075,9072.5,5.10595e-05,0.000255297,1
9210,9215,9212.5,5.10595e-05,0.000255297,1
9220,9225,9222.5,5.10595e-05,0.000255297,1
9265,9270,9267.5,5.10595e-05,0.000255297,1
9285,9290,9287.5,5.10595e-05,0.000255297,1
9355,9360,9357.5,5.10595e-05,0.000255297,1
9480,9485,9482.5,5.10595e-05,0.000255297,1
9505,9510,9507.5,5.10595e-05,0.000255297,1
9680,9685,9682.5,5.10595e-05,0.000255297,1
9690,9695,9692.5,5.10595e-05,0.000255297,1
9715,9720,9717.5,5.10595e-05,0.000255297,1
9725,9730,9727.5,5.10595e-05,0.000255297,1
9785,9790,9787.5,5.10595e-05,0.000255297,1
9875,9880,9877.5,5.10595e-05,0.000255297,1
9905,9910,9907.5,5.10595e-05,0.000255297,1
9910,9915,9912.5,5.10595e-05,0.000255297,1
9955,9960,9957.5,5.10595e-05,0.000255297,1
9960,9965,9962.5,0.000102119,0.000510595,2
10025,10030,10027.5,5.10595e-05,0.000255297,1
10040,10045,10042.5,5.10595e-05,0.000255297,1
10065,10070,10067.5,5.10595e-05,0.000255297,1
10070,10075,10072.5,5.10595e-05,0.000255297,1
10080,10085,10082.5,5.10595e-05,0.000255297,1
10200,10205,10202.5,5.10595e-05,0.000255297,1
10210,10215,10212.5,5.10595e-05,0.000255297,1
10245,10250,10247.5,5.10595e-05,0.000255297,1
10270,10275,10272.5,5.10595e-05,0.000255297,1
10330,10335,10332.5,5.10595e-05,0.000255297,1
10415,10420,10417.5,5.10595e-05,0.000255297,1
10455,10460,10457.5,5.10595e-05,0.000255297,1
10470,10475,10472.5,5.10595e-05,0.000255297,1
10485,10490,10487.5,5.10595e-05,0.000255297,1
10495,10500,10497.5,5.10595e-05,0.000255297,1
10500,10505,10502.5,5.10595e-05,0.000255297,1
10505,10510,10507.5,5.10595e-05,0.000255297,1
10520,10525,10522.5,5.10595e-05,0.000255297,1
10540,10545,10542.5,5.10595e-05,0.000255297,1
10555,10560,10557.5,5.10595e-05,0.000255297,1
10600,10605,10602.5,5.10595e-05,0.000255297,1
10615,10620,10617.5,5.10595e-05,0.000255297,1
10635,10640,10637.5,5.10595e-05,0.000255297,1
10665,10670,10667.5,5.10595e-05,0.000255297,1
10710,10715,10712.5,0.000102119,0.000510595,2
10720,10725,10722.5,5.10595e-05,0.000255297,1
10740,10745,10742.5,5.10595e-05,0.000255297,1
10830,10835,10832.5,5.10595e-05,0.000255297,1
10845,10850,10847.5,5.10595e-05,0.000255297,1
10870,10875,10872.5,5.10595e-05,0.000255297,1
10915,10920,10917.5,5.10595e-05,0.000255297,1
10920,10925,10922.5,5.10595e-05,0.000255297,1
10985,10990,10987.5,5.10595e-05,0.000255297,1
11025,11030,11027.5,5.10595e-05,0.000255297,1
11120,11125,11122.5,5.10595e-05,0.000255297,1
11145,11150,11147.5,5.10595e-05,0.000255297,1
11205,11210,11207.5,5.10595e-05,0.000255297,1
11210,11215,11212.5,5.10595e-05,0.000255297,1
11260,11265,11262.5,0.000102119,0.000510595,2
11305,11310,11307.5,5.10595e-05,0.000255297,1
11385,11390,11387.5,5.10595e-05,0.000255297,1
11460,11465,11462.5,5.10595e-05,0.000255297,1
11520,11525,11522.5,5.10595e-05,0.000255297,1
11530,11535,11532.5,5.10595e-05,0.000255297,1
11545,11550,11547.5,5.10595e-05,0.000255297,1
11590,11595,11592.5,5.10595e-05,0.000255297,1
11600,11605,11602.5,5.10595e-05,0.000255297,1
11680,11685,11682.5,5.10595e-05,0.000255297,1
11710,11715,11712.5,5.10595e-05,0.000255297,1
11785,11790,11787.5,5.10595e-05,0.000255297,1
11975,11980,11977.5,5.10595e-05,0.000255297,1
11985,11990,11987.5,0.000102119,0.000510595,2
12085,12090,12087.5,5.10595e-05,0.000255297,1
12110,12115,12112.5,5.10595e-05,0.000255297,1
12210,12215,12212.5,5.10595e-05,0.000255297,1
12280,12285,12282.5,5.10595e-05,0.000255297,1
12510,12515,12512.5,5.10595e-05,0.000255297,1
12560,12565,12562.5,5.10595e-05,0.000255297,1
12735,12740,12737.5,5.10595e-05,0.000255297,1
12780,12785,12782.5,5.10595e-05,0.000255297,1
12945,12950,12947.5,5.10595e-05,0.000255297,1
13115,13120,13117.5,5.10595e-05,0.000255297,1
13205,13210,13207.5,5.10595e-05,0.000255297,1
13350,13355,13352.5,5.10595e-05,0.000255297,1
13445,13450,13447.5,5.10595e-05,0.000255297,1
13460,13465,13462.5,5.10595e-05,0.000255297,1
13475,13480,13477.5,5.10595e-05,0.000255297,1
13680,13685,13682.5,5.10595e-05,0.000255297,1
13765,13770,13767.5,5.10595e-05,0.000255297,1
13890,13895,13892.5,5.10595e-05,0.000255297,1
13915,13920,13917.5,5.10595e-05,0.000255297,1
13990,13995,13992.5,5.10595e-05,0.000255297,1
14060,14065,14062.5,5.10595e-05,0.000255297,1
14265,14270,14267.5,5.10595e-05,0.000255297,1
14290,14295,14292.5,5.10595e-05,0.000255297,1
14450,14455,14452.5,5.10595e-05,0.000255297,1
14565,14570,14567.5,5.10595e-05,0.000255297,1
14670,14675,14672.5,5.10595e-05,0.000255297,1
14695,14700,14697.5,5.10595e-05,0.000255297,1
15010,15015,15012.5,5.10595e-05,0.000255297,1
15365,15370,15367.5,5.10595e-05,0.000255297,1
15600,15605,15602.5,5.10595e-05,0.000255297,1
15675,15680,15677.5,5.10595e-05,0.000255297,1
15695,15700,15697.5,5.10595e-05,0.000255297,1
15770,15775,15772.5,5.10595e-05,0.000255297,1
16170,16175,16172.5,5.10595e-05,0.000255297,1
16435,16440,16437.5,5.10595e-05,0.000255297,1
16455,16460,16457.5,5.10595e-05,0.000255297,1
17065,17070,17067.5,5.10595e-05,0.000255297,1
17200,17205,17202.5,5.10595e-05,0.000255297,1
VO Delay PDF CSV saved: scratch/delay_pdf/pedca_vo_delay_pdf.csv

P-EDCA STA Delay PDF CSV saved: scratch/delay_pdf/11be/adaptive_compare_burst/pilot/adaptive_k5.csv
Legacy STA Delay PDF CSV saved: scratch/delay_pdf/11be/adaptive_compare_burst/pilot/adaptiveL_k5.csv
--- EXTENDED_STATS_BEGIN ---
PEDCA_STA_SUCC_COUNT: 702
PEDCA_STA_FAIL_COUNT: 2
PEDCA_STA_ZERO_RETX: 701
LEGACY_STA_SUCC_COUNT: 3217
LEGACY_STA_FAIL_COUNT: 170
LEGACY_STA_ZERO_RETX: 3217
PEDCA_STA_AVG_MAC_DELAY: 1773.28
PEDCA_STA_AVG_QUEUE_DELAY: 1518.28
PEDCA_STA_AVG_ACCESS_DELAY: 255.001
LEGACY_STA_AVG_MAC_DELAY: 2298.71
LEGACY_STA_AVG_QUEUE_DELAY: 2004.37
LEGACY_STA_AVG_ACCESS_DELAY: 294.342
--- EXTENDED_STATS_END ---
